{'type': 'start', 'physical': {'height': 1200, 'width': 1200, 'border': [{'x': 1200, 'y': 0}, {'x': 1200, 'y': 1200}, {'x': 0, 'y': 1200}, {'x': 0, 'y': 0}], 'obstacle_list': [[{'x': 800, 'y': 400}, {'x': 800, 'y': 800}, {'x': 400, 'y': 800}, {'x': 400, 'y': 400}]]}, 'virtual': {'height': 20000, 'width': 4000, 'border': [{'x': 4000, 'y': 0}, {'x': 4000, 'y': 20000}, {'x': 0, 'y': 20000}, {'x': 0, 'y': 0}], 'obstacle_list': []}}
{'type': 'running', 'physical': {'user_x': 200, 'user_y': 1180, 'user_direction': 4.71238898038469}, 'virtual': {'user_x': 2000, 'user_y': 10000, 'user_direction': 4.71}, 'user_v': 0, 'user_w': 0, 'delta_t': 0.02, 'need_reset': False}
Tangent angle: 5.316138313782126, User angle: 4.71238898038469, Offset angle: 0.28782406967912344
Target angle: 5.028314244103003, distance: 675.5738301621815, angle diff: 0.315925263718313, rotation direction: 1
Basic rotation angle: 0.0, rotation gain: 6.721090318333815e-06
Rotation gain: 1.24, direction: 1, curvature radius: 2500000
{'type': 'running', 'physical': {'user_x': 200, 'user_y': 1180, 'user_direction': 4.71238898038469}, 'virtual': {'user_x': 2000, 'user_y': 10000, 'user_direction': 4.71}, 'user_v': 0, 'user_w': 0.1, 'delta_t': 0.02, 'need_reset': False}
Tangent angle: 5.316138313782126, User angle: 4.71238898038469, Offset angle: 0.28782406967912344
Target angle: 5.028314244103003, distance: 675.5738301621815, angle diff: 0.315925263718313, rotation direction: 1
Basic rotation angle: 0.0, rotation gain: 1.2602044346875904e-05
Rotation gain: 1.24, direction: 1, curvature radius: 2500000
{'type': 'running', 'physical': {'user_x': 200, 'user_y': 1180, 'user_direction': 4.71238898038469}, 'virtual': {'user_x': 2000, 'user_y': 10000, 'user_direction': -1.4731853071795866}, 'user_v': 0, 'user_w': 0.1, 'delta_t': 0.02, 'need_reset': False}
Tangent angle: 5.316138313782126, User angle: 4.71238898038469, Offset angle: 0.28782406967912344
Target angle: 5.028314244103003, distance: 675.5738301621815, angle diff: 0.315925263718313, rotation direction: 1
Basic rotation angle: 0.0, rotation gain: 1.7747879121850232e-05
Rotation gain: 1.24, direction: 1, curvature radius: 2500000
{'type': 'running', 'physical': {'user_x': 200, 'user_y': 1180, 'user_direction': 4.793034141675013}, 'virtual': {'user_x': 2000, 'user_y': 10000, 'user_direction': -1.573185307179587}, 'user_v': 7.999999999999999, 'user_w': 0, 'delta_t': 0.02, 'need_reset': False}
Tangent angle: 5.316138313782126, User angle: 4.793034141675013, Offset angle: 0.28782406967912344
Target angle: 5.028314244103003, distance: 675.5738301621815, angle diff: 0.23528010242799002, rotation direction: 1
Basic rotation angle: 1.693121693121693, rotation gain: 0.00021716210378163337
Rotation gain: 1.24, direction: 1, curvature radius: 7.5
{'type': 'running', 'physical': {'user_x': 200, 'user_y': 1180, 'user_direction': 4.873679302965336}, 'virtual': {'user_x': 1999.9808881751017, 'user_y': 9992.0000228289, 'user_direction': -1.573185307179587}, 'user_v': 7.999999999999999, 'user_w': 0, 'delta_t': 0.02, 'need_reset': False}
Tangent angle: 5.316138313782126, User angle: 4.873679302965336, Offset angle: 0.28782406967912344
Target angle: 5.028314244103003, distance: 675.5738301621815, angle diff: 0.15463494113766707, rotation direction: 1
Basic rotation angle: 1.693121693121693, rotation gain: 0.00039164955035894363
Rotation gain: 1.24, direction: 1, curvature radius: 7.5
{'type': 'running', 'physical': {'user_x': 201.1520236342571, 'user_y': 1173.7561820325288, 'user_direction': 4.894843324129357}, 'virtual': {'user_x': 1999.9617763502033, 'user_y': 9984.000045657798, 'user_direction': -1.5731853071795863}, 'user_v': 7.999999999999999, 'user_w': 0, 'delta_t': 0.02, 'need_reset': False}
Tangent angle: 5.3198540948254145, User angle: 4.894843324129357, Offset angle: 0.29027765939856387
Target angle: 5.029576435426851, distance: 669.5340653555968, angle diff: 0.13473311129749366, rotation direction: 1
Basic rotation angle: 1.693121693121693, rotation gain: 0.000543883933551201
Rotation gain: 1.24, direction: 1, curvature radius: 7.5
{'type': 'running', 'physical': {'user_x': 202.43592370426455, 'user_y': 1167.5381419976757, 'user_direction': 4.916007345293378}, 'virtual': {'user_x': 1999.942664525305, 'user_y': 9976.000068486697, 'user_direction': -1.5731853071795854}, 'user_v': 7.999999999999999, 'user_w': 0, 'delta_t': 0.02, 'need_reset': False}
Tangent angle: 5.323454700834334, User angle: 4.916007345293378, Offset angle: 0.2927935569596911
Target angle: 5.030661143874642, distance: 663.4430927992659, angle diff: 0.1146537985812639, rotation direction: 1
Basic rotation angle: 1.693121693121693, rotation gain: 0.0006767089756614536
Rotation gain: 1.24, direction: 1, curvature radius: 7.5
{'type': 'running', 'physical': {'user_x': 203.85112515237114, 'user_y': 1161.3486649498082, 'user_direction': 4.9371713664574}, 'virtual': {'user_x': 1999.9235527004066, 'user_y': 9968.000091315596, 'user_direction': -1.5731853071795843}, 'user_v': 7.999999999999999, 'user_w': 0, 'delta_t': 0.02, 'need_reset': False}
Tangent angle: 5.3269363038482105, User angle: 4.9371713664574, Offset angle: 0.2953732872216911
Target angle: 5.031563016626519, distance: 657.3022551946511, angle diff: 0.09439165016911932, rotation direction: 1
Basic rotation angle: 1.693121693121693, rotation gain: 0.0007926148465123415
Rotation gain: 1.24, direction: 1, curvature radius: 7.5
{'type': 'running', 'physical': {'user_x': 205.39699411116013, 'user_y': 1155.1905231499586, 'user_direction': 4.958335387621421}, 'virtual': {'user_x': 1999.9044408755085, 'user_y': 9960.000114144495, 'user_direction': -1.5731853071795832}, 'user_v': 7.999999999999999, 'user_w': 0, 'delta_t': 0.02, 'need_reset': False}
Tangent angle: 5.3302949380826465, User angle: 4.958335387621421, Offset angle: 0.29801841563639636
Target angle: 5.032276522446249, distance: 651.1129312584973, angle diff: 0.07394113482482823, rotation direction: 1
Basic rotation angle: 1.693121693121693, rotation gain: 0.0008937824148980103
Rotation gain: 1.24, direction: 1, curvature radius: 7.5
{'type': 'running', 'physical': {'user_x': 207.0728381873578, 'user_y': 1149.0664748241306, 'user_direction': 4.9794994087854425}, 'virtual': {'user_x': 1999.8853290506102, 'user_y': 9952.000136973395, 'user_direction': -1.5731853071795843}, 'user_v': 7.999999999999999, 'user_w': 0, 'delta_t': 0.02, 'need_reset': False}
Tangent angle: 5.33352649450168, User angle: 4.9794994087854425, Offset angle: 0.3007305482276376
Target angle: 5.032795946274042, distance: 644.8765372270385, angle diff: 0.05329653748859986, rotation direction: 1
Basic rotation angle: 1.693121693121693, rotation gain: 0.0009821219699452577
Rotation gain: 1.24, direction: 1, curvature radius: 7.5
{'type': 'running', 'physical': {'user_x': 208.8779067719559, 'user_y': 1142.979262927893, 'user_direction': 5.000663429949464}, 'virtual': {'user_x': 1999.866217225712, 'user_y': 9944.000159802294, 'user_direction': -1.573185307179583}, 'user_v': 7.999999999999999, 'user_w': 0, 'delta_t': 0.02, 'need_reset': False}
Tangent angle: 5.336626715233383, User angle: 5.000663429949464, Offset angle: 0.30351133139890574
Target angle: 5.0331153838344775, distance: 638.5945284613741, angle diff: 0.03245195388501365, rotation direction: 1
Basic rotation angle: 1.693121693121693, rotation gain: 0.0010593071035829116
Rotation gain: 1.24, direction: 1, curvature radius: 7.5
{'type': 'running', 'physical': {'user_x': 210.81139137640864, 'user_y': 1136.9316139178109, 'user_direction': 5.021827451113485}, 'virtual': {'user_x': 1999.8471054008137, 'user_y': 9936.000182631193, 'user_direction': -1.5731853071795843}, 'user_v': 7.999999999999999, 'user_w': 0, 'delta_t': 0.02, 'need_reset': False}
Tangent angle: 5.339591187834731, User angle: 5.021827451113485, Offset angle: 0.30636245154262365
Target angle: 5.0332287362921075, distance: 632.2684011610512, angle diff: 0.011401285178622267, rotation direction: 1
Basic rotation angle: 1.693121693121693, rotation gain: 0.0011268043589014276
Rotation gain: 1.24, direction: 1, curvature radius: 7.5
{'type': 'running', 'physical': {'user_x': 212.87242599475394, 'user_y': 1130.9262365302702, 'user_direction': 5.042991472277507}, 'virtual': {'user_x': 1999.8279935759156, 'user_y': 9928.000205460092, 'user_direction': -1.5731853071795825}, 'user_v': 7.999999999999999, 'user_w': 0, 'delta_t': 0.02, 'need_reset': False}
Tangent angle: 5.342415339413668, User angle: 5.042991472277507, Offset angle: 0.30928563442100426
Target angle: 5.033129704992664, distance: 625.8996941933937, angle diff: 0.00986176728484267, rotation direction: -1
Basic rotation angle: 1.693121693121693, rotation gain: 0.0011858991735673946
Rotation gain: 1.24, direction: -1, curvature radius: 7.5
{'type': 'running', 'physical': {'user_x': 214.80591059920667, 'user_y': 1124.8785875201881, 'user_direction': 5.021827451113485}, 'virtual': {'user_x': 1999.8088817510172, 'user_y': 9920.000228288991, 'user_direction': -1.5731853071795845}, 'user_v': 7.999999999999999, 'user_w': 0, 'delta_t': 0.02, 'need_reset': False}
Tangent angle: 5.345488498134422, User angle: 5.021827451113485, Offset angle: 0.3122429713855637
Target angle: 5.033245526748859, distance: 619.5740618735538, angle diff: 0.011418075635373448, rotation direction: 1
Basic rotation angle: 1.693121693121693, rotation gain: 0.0012375665340392682
Rotation gain: 1.24, direction: 1, curvature radius: 7.5
{'type': 'running', 'physical': {'user_x': 216.86694521755197, 'user_y': 1118.8732101326475, 'user_direction': 5.042991472277507}, 'virtual': {'user_x': 1999.789769926119, 'user_y': 9912.00025111789, 'user_direction': -1.573185307179582}, 'user_v': 7.999999999999999, 'user_w': 0, 'delta_t': 0.02, 'need_reset': False}
Tangent angle: 5.3484210132189, User angle: 5.042991472277507, Offset angle: 0.31527639403550095
Target angle: 5.0331446191834, distance: 613.2049786656081, angle diff: 0.009846853094106933, rotation direction: -1
Basic rotation angle: 1.693121693121693, rotation gain: 0.0012828108485565819
Rotation gain: 1.24, direction: -1, curvature radius: 7.5
{'type': 'running', 'physical': {'user_x': 218.8004298220047, 'user_y': 1112.8255611225654, 'user_direction': 5.021827451113485}, 'virtual': {'user_x': 1999.7706581012208, 'user_y': 9904.00027394679, 'user_direction': -1.5731853071795845}, 'user_v': 7.999999999999999, 'user_w': 0, 'delta_t': 0.02, 'need_reset': False}
Tangent angle: 5.351608792425618, User angle: 5.021827451113485, Offset angle: 0.3183457727021546
Target angle: 5.033263019723464, distance: 606.8798632716054, angle diff: 0.011435568609978297, rotation direction: 1
Basic rotation angle: 1.693121693121693, rotation gain: 0.0013223581172610904
Rotation gain: 1.24, direction: 1, curvature radius: 7.5
{'type': 'running', 'physical': {'user_x': 220.86146444035, 'user_y': 1106.8201837350248, 'user_direction': 5.042991472277507}, 'virtual': {'user_x': 1999.7515462763226, 'user_y': 9896.000296775688, 'user_direction': -1.5731853071795807}, 'user_v': 7.999999999999999, 'user_w': 0, 'delta_t': 0.02, 'need_reset': False}
Tangent angle: 5.354655718938064, User angle: 5.042991472277507, Offset angle: 0.32149555492148213
Target angle: 5.033160164016582, distance: 600.5103894084766, angle diff: 0.009831308260924487, rotation direction: -1
Basic rotation angle: 1.693121693121693, rotation gain: 0.001356998034528894
Rotation gain: 1.24, direction: -1, curvature radius: 7.5
{'type': 'running', 'physical': {'user_x': 222.79494904480273, 'user_y': 1100.7725347249427, 'user_direction': 5.021827451113485}, 'virtual': {'user_x': 1999.7324344514243, 'user_y': 9888.000319604587, 'user_direction': -1.5731853071795845}, 'user_v': 7.999999999999999, 'user_w': 0, 'delta_t': 0.02, 'need_reset': False}
Tangent angle: 5.35796447567165, User angle: 5.021827451113485, Offset angle: 0.3246832154299163
Target angle: 5.033281260241733, distance: 594.1858143720337, angle diff: 0.01145380912824745, rotation direction: 1
Basic rotation angle: 1.693121693121693, rotation gain: 0.0013872655105112112
Rotation gain: 1.24, direction: 1, curvature radius: 7.5
{'type': 'running', 'physical': {'user_x': 224.85598366314804, 'user_y': 1094.767157337402, 'user_direction': 5.042991472277507}, 'virtual': {'user_x': 1999.7133226265262, 'user_y': 9880.000342433486, 'user_direction': -1.5731853071795772}, 'user_v': 7.999999999999999, 'user_w': 0, 'delta_t': 0.02, 'need_reset': False}
Tangent angle: 5.361132299098863, User angle: 5.042991472277507, Offset angle: 0.32795591874822083
Target angle: 5.033176380350643, distance: 587.8159346028974, angle diff: 0.009815091926864028, rotation direction: -1
Basic rotation angle: 1.693121693121693, rotation gain: 0.0014137863188604855
Rotation gain: 1.24, direction: -1, curvature radius: 7.5
{'type': 'running', 'physical': {'user_x': 226.78946826760077, 'user_y': 1088.71950832732, 'user_direction': 5.021827451113485}, 'virtual': {'user_x': 1999.695672254071, 'user_y': 9872.612111458455, 'user_direction': -1.5731853071795772}, 'user_v': 0, 'user_w': 0.1, 'delta_t': 0.02, 'need_reset': False}
Tangent angle: 5.364568849443595, User angle: 5.021827451113485, Offset angle: 0.3312685521829955
Target angle: 5.033300297260599, distance: 581.4919249789094, angle diff: 0.011472846147113636, rotation direction: 1
Basic rotation angle: 0.0, rotation gain: 0.0012437258808887786
Rotation gain: 1.24, direction: 1, curvature radius: 2500000
{'type': 'running', 'physical': {'user_x': 228.85050288594607, 'user_y': 1082.7141309397794, 'user_direction': 5.042991472277507}, 'virtual': {'user_x': 1999.695672254071, 'user_y': 9872.612111458455, 'user_direction': -1.6731853071795773}, 'user_v': 0, 'user_w': 0.1, 'delta_t': 0.02, 'need_reset': False}
Tangent angle: 5.36786453096905, User angle: 5.042991472277507, Offset angle: 0.3346712183180801
Target angle: 5.033193312650969, distance: 575.1216231519743, angle diff: 0.009798159626537739, rotation direction: -1
Basic rotation angle: 0.0, rotation gain: 0.0010949242478242014
Rotation gain: 1.24, direction: -1, curvature radius: 2500000
{'type': 'running', 'physical': {'user_x': 228.85050288594607, 'user_y': 1082.7141309397794, 'user_direction': 5.12363663356783}, 'virtual': {'user_x': 1999.695672254071, 'user_y': 9872.612111458455, 'user_direction': -1.7731853071795773}, 'user_v': 0, 'user_w': 0.1, 'delta_t': 0.02, 'need_reset': False}
Tangent angle: 5.36786453096905, User angle: 5.12363663356783, Offset angle: 0.3346712183180801
Target angle: 5.033193312650969, distance: 575.1216231519743, angle diff: 0.09044332091686069, rotation direction: -1
Basic rotation angle: 0.0, rotation gain: 0.0009647228188926965
Rotation gain: 1.24, direction: -1, curvature radius: 2500000
{'type': 'running', 'physical': {'user_x': 228.85050288594607, 'user_y': 1082.7141309397794, 'user_direction': 5.204281794858153}, 'virtual': {'user_x': 1999.695672254071, 'user_y': 9872.612111458455, 'user_direction': -1.8731853071795774}, 'user_v': 0, 'user_w': 0.1, 'delta_t': 0.02, 'need_reset': False}
Tangent angle: 5.36786453096905, User angle: 5.204281794858153, Offset angle: 0.3346712183180801
Target angle: 5.033193312650969, distance: 575.1216231519743, angle diff: 0.17108848220718365, rotation direction: -1
Basic rotation angle: 0.0, rotation gain: 0.0008507965685776297
Rotation gain: 1.24, direction: -1, curvature radius: 2500000
{'type': 'running', 'physical': {'user_x': 228.85050288594607, 'user_y': 1082.7141309397794, 'user_direction': 5.2849269561484755}, 'virtual': {'user_x': 1999.695672254071, 'user_y': 9872.612111458455, 'user_direction': -1.9731853071795775}, 'user_v': 0, 'user_w': 0.1, 'delta_t': 0.02, 'need_reset': False}
Tangent angle: 5.36786453096905, User angle: 5.2849269561484755, Offset angle: 0.3346712183180801
Target angle: 5.033193312650969, distance: 575.1216231519743, angle diff: 0.2517336434975066, rotation direction: -1
Basic rotation angle: 0.0, rotation gain: 0.0007511110995519462
Rotation gain: 1.24, direction: -1, curvature radius: 2500000
{'type': 'running', 'physical': {'user_x': 228.85050288594607, 'user_y': 1082.7141309397794, 'user_direction': 5.3655721174387985}, 'virtual': {'user_x': 1999.695672254071, 'user_y': 9872.612111458455, 'user_direction': -2.0731853071795774}, 'user_v': 0, 'user_w': 0.1, 'delta_t': 0.02, 'need_reset': False}
Tangent angle: 5.36786453096905, User angle: 5.3655721174387985, Offset angle: 0.3346712183180801
Target angle: 5.033193312650969, distance: 575.1216231519743, angle diff: 0.33237880478782955, rotation direction: -1
Basic rotation angle: 0.0, rotation gain: 0.0006638863141544731
Rotation gain: 1.24, direction: -1, curvature radius: 2500000
{'type': 'running', 'physical': {'user_x': 228.85050288594607, 'user_y': 1082.7141309397794, 'user_direction': 5.446217278729121}, 'virtual': {'user_x': 1999.695672254071, 'user_y': 9872.612111458455, 'user_direction': -2.1731853071795775}, 'user_v': 0, 'user_w': 0.1, 'delta_t': 0.02, 'need_reset': False}
Tangent angle: 5.36786453096905, User angle: 5.446217278729121, Offset angle: 0.3346712183180801
Target angle: 5.70253574928713, distance: 575.1216231519743, angle diff: 0.2563184705580088, rotation direction: 1
Basic rotation angle: 0.0, rotation gain: 0.0005794598512023655
Rotation gain: 1.24, direction: 1, curvature radius: 2500000
{'type': 'running', 'physical': {'user_x': 228.85050288594607, 'user_y': 1082.7141309397794, 'user_direction': 5.526862440019444}, 'virtual': {'user_x': 1999.695672254071, 'user_y': 9872.612111458455, 'user_direction': -2.2731853071795776}, 'user_v': 0, 'user_w': 0.1, 'delta_t': 0.02, 'need_reset': False}
Tangent angle: 5.36786453096905, User angle: 5.526862440019444, Offset angle: 0.3346712183180801
Target angle: 5.70253574928713, distance: 575.1216231519743, angle diff: 0.17567330926768587, rotation direction: 1
Basic rotation angle: 0.0, rotation gain: 0.0005055866961192713
Rotation gain: 1.24, direction: 1, curvature radius: 2500000
{'type': 'running', 'physical': {'user_x': 228.85050288594607, 'user_y': 1082.7141309397794, 'user_direction': 5.607507601309767}, 'virtual': {'user_x': 1999.695672254071, 'user_y': 9872.612111458455, 'user_direction': -2.3731853071795777}, 'user_v': 0, 'user_w': 0.1, 'delta_t': 0.02, 'need_reset': False}
Tangent angle: 5.36786453096905, User angle: 5.607507601309767, Offset angle: 0.3346712183180801
Target angle: 5.70253574928713, distance: 575.1216231519743, angle diff: 0.09502814797736292, rotation direction: 1
Basic rotation angle: 0.0, rotation gain: 0.000440947685421564
Rotation gain: 1.24, direction: 1, curvature radius: 2500000
{'type': 'running', 'physical': {'user_x': 228.85050288594607, 'user_y': 1082.7141309397794, 'user_direction': 5.68815276260009}, 'virtual': {'user_x': 1999.695672254071, 'user_y': 9872.612111458455, 'user_direction': -2.4731853071795777}, 'user_v': 0, 'user_w': 0.1, 'delta_t': 0.02, 'need_reset': False}
Tangent angle: 5.36786453096905, User angle: 5.68815276260009, Offset angle: 0.3346712183180801
Target angle: 5.70253574928713, distance: 575.1216231519743, angle diff: 0.014382986687039967, rotation direction: 1
Basic rotation angle: 0.0, rotation gain: 0.0003843885510610701
Rotation gain: 1.24, direction: 1, curvature radius: 2500000
{'type': 'running', 'physical': {'user_x': 228.85050288594607, 'user_y': 1082.7141309397794, 'user_direction': 5.768797923890413}, 'virtual': {'user_x': 1999.695672254071, 'user_y': 9872.612111458455, 'user_direction': -2.573185307179578}, 'user_v': 0, 'user_w': 0.1, 'delta_t': 0.02, 'need_reset': False}
Tangent angle: 5.36786453096905, User angle: 5.768797923890413, Offset angle: 0.3346712183180801
Target angle: 5.70253574928713, distance: 575.1216231519743, angle diff: 0.06626217460328299, rotation direction: -1
Basic rotation angle: 0.0, rotation gain: 0.0003348993084956379
Rotation gain: 1.24, direction: -1, curvature radius: 2500000
{'type': 'running', 'physical': {'user_x': 228.85050288594607, 'user_y': 1082.7141309397794, 'user_direction': 5.849443085180736}, 'virtual': {'user_x': 1999.695672254071, 'user_y': 9872.612111458455, 'user_direction': -2.673185307179578}, 'user_v': 0, 'user_w': 0.1, 'delta_t': 0.02, 'need_reset': False}
Tangent angle: 5.36786453096905, User angle: 5.849443085180736, Offset angle: 0.3346712183180801
Target angle: 5.70253574928713, distance: 575.1216231519743, angle diff: 0.14690733589360594, rotation direction: -1
Basic rotation angle: 0.0, rotation gain: 0.0002915962212508847
Rotation gain: 1.24, direction: -1, curvature radius: 2500000
{'type': 'running', 'physical': {'user_x': 228.85050288594607, 'user_y': 1082.7141309397794, 'user_direction': 5.930088246471059}, 'virtual': {'user_x': 1999.695672254071, 'user_y': 9872.612111458455, 'user_direction': -2.773185307179578}, 'user_v': 0, 'user_w': 0.1, 'delta_t': 0.02, 'need_reset': False}
Tangent angle: 5.36786453096905, User angle: 5.930088246471059, Offset angle: 0.3346712183180801
Target angle: 5.70253574928713, distance: 575.1216231519743, angle diff: 0.2275524971839289, rotation direction: -1
Basic rotation angle: 0.0, rotation gain: 0.0002537060199117257
Rotation gain: 1.24, direction: -1, curvature radius: 2500000
{'type': 'running', 'physical': {'user_x': 228.85050288594607, 'user_y': 1082.7141309397794, 'user_direction': 6.010733407761382}, 'virtual': {'user_x': 1999.695672254071, 'user_y': 9872.612111458455, 'user_direction': -2.873185307179578}, 'user_v': 0, 'user_w': 0.1, 'delta_t': 0.02, 'need_reset': False}
Tangent angle: 5.36786453096905, User angle: 6.010733407761382, Offset angle: 0.3346712183180801
Target angle: 5.70253574928713, distance: 575.1216231519743, angle diff: 0.30819765847425185, rotation direction: -1
Basic rotation angle: 0.0, rotation gain: 0.00022055209373996157
Rotation gain: 1.24, direction: -1, curvature radius: 2500000
{'type': 'running', 'physical': {'user_x': 228.85050288594607, 'user_y': 1082.7141309397794, 'user_direction': 6.091378569051705}, 'virtual': {'user_x': 1999.695672254071, 'user_y': 9872.612111458455, 'user_direction': -2.973185307179578}, 'user_v': 0, 'user_w': 0.1, 'delta_t': 0.02, 'need_reset': False}
Tangent angle: 5.36786453096905, User angle: 6.091378569051705, Offset angle: 0.3346712183180801
Target angle: 5.70253574928713, distance: 575.1216231519743, angle diff: 0.3888428197645748, rotation direction: -1
Basic rotation angle: 0.0, rotation gain: 0.00019154240833966794
Rotation gain: 1.24, direction: -1, curvature radius: 2500000
{'type': 'running', 'physical': {'user_x': 228.85050288594607, 'user_y': 1082.7141309397794, 'user_direction': 6.172023730342028}, 'virtual': {'user_x': 1999.695672254071, 'user_y': 9872.612111458455, 'user_direction': -3.0731853071795783}, 'user_v': 0, 'user_w': 0.1, 'delta_t': 0.02, 'need_reset': False}
Tangent angle: 5.36786453096905, User angle: 6.172023730342028, Offset angle: 0.3346712183180801
Target angle: 5.70253574928713, distance: 575.1216231519743, angle diff: 0.46948798105489775, rotation direction: -1
Basic rotation angle: 0.0, rotation gain: 0.000166158933614411
Rotation gain: 1.24, direction: -1, curvature radius: 2500000
{'type': 'running', 'physical': {'user_x': 228.85050288594607, 'user_y': 1082.7141309397794, 'user_direction': 6.252668891632351}, 'virtual': {'user_x': 1999.695672254071, 'user_y': 9872.612111458455, 'user_direction': 3.110000000000008}, 'user_v': 0, 'user_w': 0.1, 'delta_t': 0.02, 'need_reset': False}
Tangent angle: 5.36786453096905, User angle: 6.252668891632351, Offset angle: 0.3346712183180801
Target angle: 5.70253574928713, distance: 575.1216231519743, angle diff: 0.5501331423452207, rotation direction: -1
Basic rotation angle: 0.0, rotation gain: 0.00014394839322981118
Rotation gain: 1.24, direction: -1, curvature radius: 2500000
{'type': 'running', 'physical': {'user_x': 228.85050288594607, 'user_y': 1082.7141309397794, 'user_direction': 0.05012874574308768}, 'virtual': {'user_x': 1999.695672254071, 'user_y': 9872.612111458455, 'user_direction': 3.010000000000008}, 'user_v': 0, 'user_w': 0.1, 'delta_t': 0.02, 'need_reset': False}
Tangent angle: 5.36786453096905, User angle: 0.05012874574308768, Offset angle: 0.3346712183180801
Target angle: 5.70253574928713, distance: 575.1216231519743, angle diff: 0.6307783036355437, rotation direction: -1
Basic rotation angle: 0.0, rotation gain: 0.00012451417039328633
Rotation gain: 1.24, direction: -1, curvature radius: 2500000
{'type': 'running', 'physical': {'user_x': 228.85050288594607, 'user_y': 1082.7141309397794, 'user_direction': 0.13077390703341027}, 'virtual': {'user_x': 1999.695672254071, 'user_y': 9872.612111458455, 'user_direction': 2.9100000000000077}, 'user_v': 0, 'user_w': 0.1, 'delta_t': 0.02, 'need_reset': False}
Tangent angle: 5.36786453096905, User angle: 0.13077390703341027, Offset angle: 0.3346712183180801
Target angle: 5.70253574928713, distance: 575.1216231519743, angle diff: 0.7114234649258666, rotation direction: -1
Basic rotation angle: 0.0, rotation gain: 0.00010750922541132711
Rotation gain: 1.24, direction: -1, curvature radius: 2500000
{'type': 'running', 'physical': {'user_x': 228.85050288594607, 'user_y': 1082.7141309397794, 'user_direction': 0.21141906832373286}, 'virtual': {'user_x': 1999.695672254071, 'user_y': 9872.612111458455, 'user_direction': 2.8100000000000076}, 'user_v': 0, 'user_w': 0.1, 'delta_t': 0.02, 'need_reset': False}
Tangent angle: 5.36786453096905, User angle: 0.21141906832373286, Offset angle: 0.3346712183180801
Target angle: 5.70253574928713, distance: 575.1216231519743, angle diff: 0.7920686262161887, rotation direction: -1
Basic rotation angle: 0.0, rotation gain: 9.26298985521128e-05
Rotation gain: 1.24, direction: -1, curvature radius: 2500000
{'type': 'running', 'physical': {'user_x': 228.85050288594607, 'user_y': 1082.7141309397794, 'user_direction': 0.2920642296140554}, 'virtual': {'user_x': 1999.695672254071, 'user_y': 9872.612111458455, 'user_direction': 2.7100000000000075}, 'user_v': 0, 'user_w': 0.1, 'delta_t': 0.02, 'need_reset': False}
Tangent angle: 5.36786453096905, User angle: 0.2920642296140554, Offset angle: 0.3346712183180801
Target angle: 5.70253574928713, distance: 575.1216231519743, angle diff: 0.8727137875065116, rotation direction: -1
Basic rotation angle: 0.0, rotation gain: 7.961048755030027e-05
Rotation gain: 1.24, direction: -1, curvature radius: 2500000
{'type': 'running', 'physical': {'user_x': 228.85050288594607, 'user_y': 1082.7141309397794, 'user_direction': 0.37270939090437805}, 'virtual': {'user_x': 1999.695672254071, 'user_y': 9872.612111458455, 'user_direction': 2.6100000000000074}, 'user_v': 0, 'user_w': 0.1, 'delta_t': 0.02, 'need_reset': False}
Tangent angle: 5.36786453096905, User angle: 0.37270939090437805, Offset angle: 0.3346712183180801
Target angle: 5.70253574928713, distance: 575.1216231519743, angle diff: 0.9533589487968337, rotation direction: -1
Basic rotation angle: 0.0, rotation gain: 6.82185029237143e-05
Rotation gain: 1.24, direction: -1, curvature radius: 2500000
{'type': 'running', 'physical': {'user_x': 228.85050288594607, 'user_y': 1082.7141309397794, 'user_direction': 0.45335455219470067}, 'virtual': {'user_x': 1999.695672254071, 'user_y': 9872.612111458455, 'user_direction': 2.5100000000000073}, 'user_v': 0, 'user_w': 0.1, 'delta_t': 0.02, 'need_reset': False}
Tangent angle: 5.36786453096905, User angle: 0.45335455219470067, Offset angle: 0.3346712183180801
Target angle: 5.70253574928713, distance: 575.1216231519743, angle diff: 1.0340041100871566, rotation direction: -1
Basic rotation angle: 0.0, rotation gain: 5.825051637545159e-05
Rotation gain: 1.24, direction: -1, curvature radius: 2500000
{'type': 'running', 'physical': {'user_x': 228.85050288594607, 'user_y': 1082.7141309397794, 'user_direction': 0.5339997134850233}, 'virtual': {'user_x': 1999.695672254071, 'user_y': 9872.612111458455, 'user_direction': 2.4100000000000072}, 'user_v': 0, 'user_w': 0.1, 'delta_t': 0.02, 'need_reset': False}
Tangent angle: 5.36786453096905, User angle: 0.5339997134850233, Offset angle: 0.3346712183180801
Target angle: 5.70253574928713, distance: 575.1216231519743, angle diff: 1.1146492713774796, rotation direction: -1
Basic rotation angle: 0.0, rotation gain: 4.952852814572171e-05
Rotation gain: 1.24, direction: -1, curvature radius: 2500000
{'type': 'running', 'physical': {'user_x': 228.85050288594607, 'user_y': 1082.7141309397794, 'user_direction': 0.6146448747753459}, 'virtual': {'user_x': 1999.695672254071, 'user_y': 9872.612111458455, 'user_direction': 2.310000000000007}, 'user_v': 0, 'user_w': 0.1, 'delta_t': 0.02, 'need_reset': False}
Tangent angle: 5.36786453096905, User angle: 0.6146448747753459, Offset angle: 0.3346712183180801
Target angle: 5.70253574928713, distance: 575.1216231519743, angle diff: 1.1952944326678017, rotation direction: -1
Basic rotation angle: 0.0, rotation gain: 4.189678844470806e-05
Rotation gain: 1.24, direction: -1, curvature radius: 2500000
{'type': 'running', 'physical': {'user_x': 228.85050288594607, 'user_y': 1082.7141309397794, 'user_direction': 0.6952900360656685}, 'virtual': {'user_x': 1999.695672254071, 'user_y': 9872.612111458455, 'user_direction': 2.210000000000007}, 'user_v': 0, 'user_w': 0.1, 'delta_t': 0.02, 'need_reset': False}
Tangent angle: 5.36786453096905, User angle: 0.6952900360656685, Offset angle: 0.3346712183180801
Target angle: 5.70253574928713, distance: 575.1216231519743, angle diff: 1.2759395939581246, rotation direction: -1
Basic rotation angle: 0.0, rotation gain: 3.5219016206321125e-05
Rotation gain: 1.24, direction: -1, curvature radius: 2500000
{'type': 'running', 'physical': {'user_x': 228.85050288594607, 'user_y': 1082.7141309397794, 'user_direction': 0.7759351973559911}, 'virtual': {'user_x': 1999.695672254071, 'user_y': 9872.612111458455, 'user_direction': 2.105265108728404}, 'user_v': 7.999999999999999, 'user_w': 0, 'delta_t': 0.02, 'need_reset': False}
Tangent angle: 5.36786453096905, User angle: 0.7759351973559911, Offset angle: 0.3346712183180801
Target angle: 5.70253574928713, distance: 575.1216231519743, angle diff: 1.3565847552484467, rotation direction: -1
Basic rotation angle: 1.693121693121693, rotation gain: 1.2403571303421965e-05
Rotation gain: 1.24, direction: -1, curvature radius: 7.5
{'type': 'running', 'physical': {'user_x': 228.85050288594607, 'user_y': 1082.7141309397794, 'user_direction': 0.8565803586463138}, 'virtual': {'user_x': 1995.6206004358662, 'user_y': 9879.496426215675, 'user_direction': 2.105265108728404}, 'user_v': 7.999999999999999, 'user_w': 0, 'delta_t': 0.02, 'need_reset': False}
Tangent angle: 5.36786453096905, User angle: 0.8565803586463138, Offset angle: 0.3346712183180801
Target angle: 5.70253574928713, distance: 575.1216231519743, angle diff: 1.4372299165387696, rotation direction: -1
Basic rotation angle: 1.693121693121693, rotation gain: 3.236708559345873e-05
Rotation gain: 1.24, direction: -1, curvature radius: 7.5
{'type': 'running', 'physical': {'user_x': 233.10998856833024, 'user_y': 1087.4225492502492, 'user_direction': 0.8354163374822926}, 'virtual': {'user_x': 1991.5455286176614, 'user_y': 9886.380740972896, 'user_direction': 2.105265108728406}, 'user_v': 7.999999999999999, 'user_w': 0, 'delta_t': 0.02, 'need_reset': False}
Tangent angle: 5.357625094968818, User angle: 0.8354163374822926, Offset angle: 0.3340053391880291
Target angle: 5.691630434156847, distance: 576.3584145355583, angle diff: 1.4269712105050312, rotation direction: -1
Basic rotation angle: 1.693121693121693, rotation gain: 1.0892135365814396e-05
Rotation gain: 1.24, direction: -1, curvature radius: 7.5
{'type': 'running', 'physical': {'user_x': 237.4681619667435, 'user_y': 1092.0397719971138, 'user_direction': 0.8142523163182714}, 'virtual': {'user_x': 1987.4704567994565, 'user_y': 9893.265055730117, 'user_direction': 2.1052651087284078}, 'user_v': 7.999999999999999, 'user_w': 0, 'delta_t': 0.02, 'need_reset': False}
Tangent angle: 5.347384387501428, User angle: 0.8142523163182714, Offset angle: 0.33338082239529954
Target angle: 5.680765209896728, distance: 577.5227015579068, angle diff: 1.4166724136011304, rotation direction: -1
Basic rotation angle: 1.693121693121693, rotation gain: 2.568910433472407e-05
Rotation gain: 1.24, direction: -1, curvature radius: 7.5
{'type': 'running', 'physical': {'user_x': 241.92307105936064, 'user_y': 1096.5637311305852, 'user_direction': 0.7930882951542503}, 'virtual': {'user_x': 1983.3953849812517, 'user_y': 9900.149370487336, 'user_direction': 2.1052651087284104}, 'user_v': 7.999999999999999, 'user_w': 0, 'delta_t': 0.02, 'need_reset': False}
Tangent angle: 5.337142491580697, User angle: 0.7930882951542503, Offset angle: 0.3327972797250665
Target angle: 5.6699397713057635, distance: 578.614401924017, angle diff: 1.406333831028073, rotation direction: -1
Basic rotation angle: 1.693121693121693, rotation gain: 8.761459079847189e-06
Rotation gain: 1.24, direction: -1, curvature radius: 7.5
{'type': 'running', 'physical': {'user_x': 246.47272049652858, 'user_y': 1100.992400373561, 'user_direction': 0.7719242739902291}, 'virtual': {'user_x': 1979.3203131630469, 'user_y': 9907.033685244556, 'user_direction': 2.105265108728407}, 'user_v': 7.999999999999999, 'user_w': 0, 'delta_t': 0.02, 'need_reset': False}
Tangent angle: 5.32689948911378, User angle: 0.7719242739902291, Offset angle: 0.33225435013730553
Target angle: 5.659153839251085, distance: 579.6334381185991, angle diff: 1.3959557419187298, rotation direction: -1
Basic rotation angle: 1.693121693121693, rotation gain: 1.9606224844668324e-05
Rotation gain: 1.24, direction: -1, curvature radius: 7.5
{'type': 'running', 'physical': {'user_x': 251.11507249448178, 'user_y': 1105.3237961291925, 'user_direction': 0.750760252826208}, 'virtual': {'user_x': 1975.245241344842, 'user_y': 9913.918000001777, 'user_direction': 2.1052651087284096}, 'user_v': 7.999999999999999, 'user_w': 0, 'delta_t': 0.02, 'need_reset': False}
Tangent angle: 5.316655460982574, User angle: 0.750760252826208, Offset angle: 0.3317516991943843
Target angle: 5.6484071601769585, distance: 580.5797374822414, angle diff: 1.3855383998288353, rotation direction: -1
Basic rotation angle: 1.693121693121693, rotation gain: 6.163569108867588e-06
Rotation gain: 1.24, direction: -1, curvature radius: 7.5
{'type': 'running', 'physical': {'user_x': 255.84804774806366, 'user_y': 1109.5559783693357, 'user_direction': 0.7295962316621868}, 'virtual': {'user_x': 1971.1701695266372, 'user_y': 9920.802314758996, 'user_direction': 2.105265108728412}, 'user_v': 7.999999999999999, 'user_w': 0, 'delta_t': 0.02, 'need_reset': False}
Tangent angle: 5.306410487123074, User angle: 0.7295962316621868, Offset angle: 0.3312890185343262
Target angle: 5.6376995056574, distance: 581.4532322816256, angle diff: 1.3750820331843734, rotation direction: -1
Basic rotation angle: 1.693121693121693, rotation gain: 1.3985915868272944e-05
Rotation gain: 1.24, direction: -1, curvature radius: 7.5
{'type': 'running', 'physical': {'user_x': 260.6695263620455, 'user_y': 1113.6870515034884, 'user_direction': 0.7084322104981656}, 'virtual': {'user_x': 1967.0950977084324, 'user_y': 9927.686629516216, 'user_direction': 2.1052651087284087}, 'user_v': 7.999999999999999, 'user_w': 0, 'delta_t': 0.02, 'need_reset': False}
Tangent angle: 5.296164646602863, User angle: 0.7084322104981656, Offset angle: 0.3308660253881259
Target angle: 5.627030671990989, distance: 582.2538597739874, angle diff: 1.3645868456867634, rotation direction: -1
Basic rotation angle: 1.693121693121693, rotation gain: 3.2149705552548525e-06
Rotation gain: 1.24, direction: -1, curvature radius: 7.5
{'type': 'running', 'physical': {'user_x': 265.5773488006253, 'user_y': 1117.7151652278233, 'user_direction': 0.6872681893341445}, 'virtual': {'user_x': 1963.0200258902275, 'user_y': 9934.570944273435, 'user_direction': 2.1052651087284113}, 'user_v': 7.999999999999999, 'user_w': 0, 'delta_t': 0.02, 'need_reset': False}
Tangent angle: 5.285918017696888, User angle: 0.6872681893341445, Offset angle: 0.330482462139647
Target angle: 5.6164004798365355, distance: 582.981562265987, angle diff: 1.3540530166771951, rotation direction: -1
Basic rotation angle: 1.693121693121693, rotation gain: 8.72682315807781e-06
Rotation gain: 1.24, direction: -1, curvature radius: 7.5
{'type': 'running', 'physical': {'user_x': 270.56931685468237, 'user_y': 1121.638515353937, 'user_direction': 0.6661041681701233}, 'virtual': {'user_x': 1958.9449540720227, 'user_y': 9941.455259030656, 'user_direction': 2.1052651087284078}, 'user_v': 7.999999999999999, 'user_w': 0, 'delta_t': 0.02, 'need_reset': False}
Tangent angle: 5.275670677961683, User angle: 0.6661041681701233, Offset angle: 0.33013809592676957
Target angle: 5.605808773888453, distance: 583.6362871671452, angle diff: 1.3434807014612566, rotation direction: -1
Basic rotation angle: 1.693121693121693, rotation gain: 4.982925334846264e-09
Rotation gain: 1.24, direction: -1, curvature radius: 7.5
{'type': 'running', 'physical': {'user_x': 275.6431946263526, 'user_y': 1125.4553446169448, 'user_direction': 0.6449401470061021}, 'virtual': {'user_x': 1954.8698822538179, 'user_y': 9948.339573787875, 'user_direction': 2.1052651087284104}, 'user_v': 7.999999999999999, 'user_w': 0, 'delta_t': 0.02, 'need_reset': False}
Tangent angle: 5.2654227043082, User angle: 0.6449401470061021, Offset angle: 0.3298327182825913
Target angle: 5.595255422590792, distance: 584.2179870379808, angle diff: 1.3328700315948971, rotation direction: -1
Basic rotation angle: 1.693121693121693, rotation gain: 3.7514729424465527e-06
Rotation gain: 1.24, direction: -1, curvature radius: 7.5
{'type': 'running', 'physical': {'user_x': 280.79670953048543, 'user_y': 1129.1639434625579, 'user_direction': 0.623776125842081}, 'virtual': {'user_x': 1950.794810435613, 'user_y': 9955.223888545095, 'user_direction': 2.105265108728406}, 'user_v': 7.999999999999999, 'user_w': 0, 'delta_t': 0.02, 'need_reset': False}
Tangent angle: 5.255174173073378, User angle: 0.623776125842081, Offset angle: 0.32956614481560864
Target angle: 5.584740317888986, distance: 584.7266196329789, angle diff: 1.322221115132681, rotation direction: -1
Basic rotation angle: 1.693121693121693, rotation gain: 3.3978776710339276e-06
Rotation gain: 1.24, direction: -1, curvature radius: 7.5
{'type': 'running', 'physical': {'user_x': 286.02755331253235, 'user_y': 1132.7626508127912, 'user_direction': 0.6026121046780598}, 'virtual': {'user_x': 1946.7197386174082, 'user_y': 9962.108203302316, 'user_direction': 2.1052651087284096}, 'user_v': 7.999999999999999, 'user_w': 0, 'delta_t': 0.02, 'need_reset': False}
Tangent angle: 5.244925160090611, User angle: 0.6026121046780598, Offset angle: 0.329338214927934
Target angle: 5.574263375018545, distance: 585.1621479384896, angle diff: 1.3115340368391006, rotation direction: -1
Basic rotation angle: 1.693121693121693, rotation gain: 6.945600397852139e-06
Rotation gain: 1.24, direction: -1, curvature radius: 7.5
{'type': 'running', 'physical': {'user_x': 291.3333830824122, 'user_y': 1136.2498548099584, 'user_direction': 0.5814480835140386}, 'virtual': {'user_x': 1942.6446667992034, 'user_y': 9968.992518059535, 'user_direction': 2.105265108728413}, 'user_v': 7.999999999999999, 'user_w': 0, 'delta_t': 0.02, 'need_reset': False}
Tangent angle: 5.234675740759245, User angle: 0.5814480835140386, Offset angle: 0.32914879157071314
Target angle: 5.563824532329958, distance: 585.5245402056607, angle diff: 1.3008088583636663, rotation direction: -1
Basic rotation angle: 1.693121693121693, rotation gain: 1.3892812621672364e-05
Rotation gain: 1.24, direction: -1, curvature radius: 7.5
{'type': 'running', 'physical': {'user_x': 296.7118223638894, 'user_y': 1139.6239935386216, 'user_direction': 0.5602840623500175}, 'virtual': {'user_x': 1938.5695949809985, 'user_y': 9975.876832816755, 'user_direction': 2.1052651087284078}, 'user_v': 7.999999999999999, 'user_w': 0, 'delta_t': 0.02, 'need_reset': False}
Tangent angle: 5.224425990113238, User angle: 0.5602840623500175, Offset angle: 0.3289977610360269
Target angle: 5.553423751149265, distance: 585.8137699784833, angle diff: 1.290045618380339, rotation direction: -1
Basic rotation angle: 1.693121693121693, rotation gain: 2.3800298362770128e-05
Rotation gain: 1.24, direction: -1, curvature radius: 7.5
{'type': 'running', 'physical': {'user_x': 302.16046215899536, 'user_y': 1142.883555725172, 'user_direction': 0.5391200411859963}, 'virtual': {'user_x': 1934.4945231627937, 'user_y': 9982.761147573974, 'user_direction': 2.105265108728412}, 'user_v': 7.999999999999999, 'user_w': 0, 'delta_t': 0.02, 'need_reset': False}
Tangent angle: 5.214175982889127, User angle: 0.5391200411859963, Offset angle: 0.3288850327846673
Target angle: 5.5430610156737945, distance: 586.0298161170208, angle diff: 1.2792443326917882, rotation direction: -1
Basic rotation angle: 1.693121693121693, rotation gain: 3.6283622062411596e-05
Rotation gain: 1.24, direction: -1, curvature radius: 7.5
{'type': 'running', 'physical': {'user_x': 307.6768620270166, 'user_y': 1146.027081414728, 'user_direction': 0.5179560200219752}, 'virtual': {'user_x': 1930.4194513445889, 'user_y': 9989.645462331195, 'user_direction': 2.105265108728406}, 'user_v': 7.999999999999999, 'user_w': 0, 'delta_t': 0.02, 'need_reset': False}
Tangent angle: 5.203925793593421, User angle: 0.5179560200219752, Offset angle: 0.3288105393092878
Target angle: 5.532736332902709, distance: 586.1726628158787, angle diff: 1.2684049942988525, rotation direction: -1
Basic rotation angle: 1.693121693121693, rotation gain: 5.100627549989332e-05
Rotation gain: 1.24, direction: -1, curvature radius: 7.5
{'type': 'running', 'physical': {'user_x': 313.2585511775658, 'user_y': 1149.0531626250468, 'user_direction': 0.496791998857954}, 'virtual': {'user_x': 1926.344379526384, 'user_y': 9996.529777088414, 'user_direction': 2.1052651087284113}, 'user_v': 7.999999999999999, 'user_w': 0, 'delta_t': 0.02, 'need_reset': False}
Tangent angle: 5.193675496569561, User angle: 0.496791998857954, Offset angle: 0.3287742360325275
Target angle: 5.522449732602089, distance: 586.2422996179606, angle diff: 1.2575275734354507, rotation direction: -1
Basic rotation angle: 1.693121693121693, rotation gain: 6.767368134133187e-05
Rotation gain: 1.24, direction: -1, curvature radius: 7.5
{'type': 'running', 'physical': {'user_x': 318.90302957724634, 'user_y': 1151.9604439771592, 'user_direction': 0.47562797769393284}, 'virtual': {'user_x': 1922.2693077081794, 'user_y': 10003.414091845634, 'user_direction': 2.105265108728403}, 'user_v': 7.999999999999999, 'user_w': 0, 'delta_t': 0.02, 'need_reset': False}
Tangent angle: 5.18342516606457, User angle: 0.47562797769393284, Offset angle: 0.3287761012398162
Target angle: 5.512201267304386, distance: 586.2387214235453, angle diff: 1.2466120175691335, rotation direction: -1
Basic rotation angle: 1.693121693121693, rotation gain: 8.602794623259309e-05
Rotation gain: 1.24, direction: -1, curvature radius: 7.5
{'type': 'running', 'physical': {'user_x': 324.6077690694153, 'user_y': 1154.7476233024431, 'user_direction': 0.4544639565299117}, 'virtual': {'user_x': 1918.1942358899746, 'user_y': 10010.298406602853, 'user_direction': 2.105265108728413}, 'user_v': 7.999999999999999, 'user_w': 0, 'delta_t': 0.02, 'need_reset': False}
Tangent angle: 5.173174876295505, User angle: 0.4544639565299117, Offset angle: 0.32881613604666304
Target angle: 5.5019910123421685, distance: 586.1619284947069, angle diff: 1.2356582513673295, rotation direction: -1
Basic rotation angle: 1.693121693121693, rotation gain: 0.00010584326973462713
Rotation gain: 1.24, direction: -1, curvature radius: 7.5
{'type': 'running', 'physical': {'user_x': 330.3702145065423, 'user_y': 1157.413452225862, 'user_direction': 0.4332999353658905}, 'virtual': {'user_x': 1914.11916407177, 'user_y': 10017.182721360074, 'user_direction': 2.105265108728402}, 'user_v': 7.999999999999999, 'user_w': 0, 'delta_t': 0.02, 'need_reset': False}
Tangent angle: 5.162924701515882, User angle: 0.4332999353658905, Offset angle: 0.3288943644003374
Target angle: 5.49181906591622, distance: 586.0119264550864, angle diff: 1.224666176629257, rotation direction: -1
Basic rotation angle: 1.693121693121693, rotation gain: 0.00012692192711209803
Rotation gain: 1.24, direction: -1, curvature radius: 7.5
{'type': 'running', 'physical': {'user_x': 336.18778489465757, 'user_y': 1159.9567367251125, 'user_direction': 0.41213591420186935}, 'virtual': {'user_x': 1910.0440922535652, 'user_y': 10024.067036117292, 'user_direction': 2.105265108728416}, 'user_v': 7.999999999999999, 'user_w': 0, 'delta_t': 0.02, 'need_reset': False}
Tangent angle: 5.152674716082136, User angle: 0.41213591420186935, Offset angle: 0.3290108331159439
Target angle: 5.48168554919808, distance: 585.7887262850186, angle diff: 1.2136356721833756, rotation direction: -1
Basic rotation angle: 1.693121693121693, rotation gain: 0.00014909075423473117
Rotation gain: 1.24, direction: -1, curvature radius: 7.5
{'type': 'running', 'physical': {'user_x': 342.05787454937695, 'user_y': 1162.3763376654244, 'user_direction': 0.3909718930378482}, 'virtual': {'user_x': 1905.9690204353606, 'user_y': 10030.951350874513, 'user_direction': 2.1052651087284}, 'user_v': 7.999999999999999, 'user_w': 0, 'delta_t': 0.02, 'need_reset': False}
Tangent angle: 5.142424994520303, User angle: 0.3909718930378482, Offset angle: 0.3291656119469977
Target angle: 5.4715906064673, distance: 585.492344311999, angle diff: 1.2025665937501344, rotation direction: -1
Basic rotation angle: 1.693121693121693, rotation gain: 0.0001721980718182113
Rotation gain: 1.24, direction: -1, curvature radius: 7.5
{'type': 'running', 'physical': {'user_x': 347.9778542629855, 'user_y': 1164.6711713097798, 'user_direction': 0.369807871873827}, 'virtual': {'user_x': 1901.8939486171557, 'user_y': 10037.835665631732, 'user_direction': 2.1052651087284247}, 'user_v': 7.999999999999999, 'user_w': 0, 'delta_t': 0.02, 'need_reset': False}
Tangent angle: 5.13217561159301, User angle: 0.369807871873827, Offset angle: 0.3293587936907031
Target angle: 5.461534405283714, distance: 585.1228021964686, angle diff: 1.1914587737696998, rotation direction: -1
Basic rotation angle: 1.693121693121693, rotation gain: 0.00019611099407795666
Rotation gain: 1.24, direction: -1, curvature radius: 7.5
{'type': 'running', 'physical': {'user_x': 353.94507248205707, 'user_y': 1166.8402098043166, 'user_direction': 0.34864385070980586}, 'virtual': {'user_x': 1897.8188767989511, 'user_y': 10044.719980388953, 'user_direction': 2.1052651087283927}, 'user_v': 7.999999999999999, 'user_w': 0, 'delta_t': 0.02, 'need_reset': False}
Tangent angle: 5.121926642366924, User angle: 0.34864385070980586, Offset angle: 0.3295904943282428
Target angle: 5.451517136695167, distance: 584.6801269128803, angle diff: 1.1803120211942248, rotation direction: -1
Basic rotation angle: 1.693121693121693, rotation gain: 0.0002207130737347149
Rotation gain: 1.24, direction: -1, curvature radius: 7.5
{'type': 'running', 'physical': {'user_x': 359.9568564950828, 'user_y': 1168.8824816387037, 'user_direction': 0.3274798295457847}, 'virtual': {'user_x': 1895.2914422865474, 'user_y': 10048.989759054917, 'user_direction': 2.1052651087283927}, 'user_v': 0, 'user_w': 0.1, 'delta_t': 0.02, 'need_reset': False}
Tangent angle: 5.111678162280774, User angle: 0.3274798295457847, Offset angle: 0.32986085320048397
Target angle: 5.441539015481258, distance: 584.1643507260027, angle diff: 1.1691261212441129, rotation direction: -1
Basic rotation angle: 0.0, rotation gain: 0.0001948832162445577
Rotation gain: 1.24, direction: -1, curvature radius: 2500000
{'type': 'running', 'physical': {'user_x': 366.0105136295759, 'user_y': 1170.7970720812796, 'user_direction': 0.30631580838176353}, 'virtual': {'user_x': 1895.2914422865474, 'user_y': 10048.989759054917, 'user_direction': 2.0052651087283926}, 'user_v': 0, 'user_w': 0.1, 'delta_t': 0.02, 'need_reset': False}
Tangent angle: 5.101430247214094, User angle: 0.30631580838176353, Offset angle: 0.3301700332196141
Target angle: 5.431600280433709, distance: 583.5755111623998, angle diff: 1.1579008351276414, rotation direction: -1
Basic rotation angle: 0.0, rotation gain: 0.00017240363224128822
Rotation gain: 1.24, direction: -1, curvature radius: 2500000
{'type': 'running', 'physical': {'user_x': 366.0105136295759, 'user_y': 1170.7970720812796, 'user_direction': 0.38696096967208615}, 'virtual': {'user_x': 1895.2914422865474, 'user_y': 10048.989759054917, 'user_direction': 1.9052651087283925}, 'user_v': 0, 'user_w': 0.1, 'delta_t': 0.02, 'need_reset': False}
Tangent angle: 5.101430247214094, User angle: 0.38696096967208615, Offset angle: 0.3301700332196141
Target angle: 5.431600280433709, distance: 583.5755111623998, angle diff: 1.2385459964179635, rotation direction: -1
Basic rotation angle: 0.0, rotation gain: 0.00015273399623842742
Rotation gain: 1.24, direction: -1, curvature radius: 2500000
{'type': 'running', 'physical': {'user_x': 366.0105136295759, 'user_y': 1170.7970720812796, 'user_direction': 0.4676061309624088}, 'virtual': {'user_x': 1895.2914422865474, 'user_y': 10048.989759054917, 'user_direction': 1.8052651087283924}, 'user_v': 0, 'user_w': 0.1, 'delta_t': 0.02, 'need_reset': False}
Tangent angle: 5.101430247214094, User angle: 0.4676061309624088, Offset angle: 0.3301700332196141
Target angle: 5.431600280433709, distance: 583.5755111623998, angle diff: 1.3191911577082864, rotation direction: -1
Basic rotation angle: 0.0, rotation gain: 0.00013552306473592422
Rotation gain: 1.24, direction: -1, curvature radius: 2500000
{'type': 'running', 'physical': {'user_x': 366.0105136295759, 'user_y': 1170.7970720812796, 'user_direction': 0.5482512922527314}, 'virtual': {'user_x': 1895.2914422865474, 'user_y': 10048.989759054917, 'user_direction': 1.7052651087283923}, 'user_v': 0, 'user_w': 0.1, 'delta_t': 0.02, 'need_reset': False}
Tangent angle: 5.101430247214094, User angle: 0.5482512922527314, Offset angle: 0.3301700332196141
Target angle: 5.431600280433709, distance: 583.5755111623998, angle diff: 1.3998363189986094, rotation direction: -1
Basic rotation angle: 0.0, rotation gain: 0.00012046349967123393
Rotation gain: 1.24, direction: -1, curvature radius: 2500000
{'type': 'running', 'physical': {'user_x': 366.0105136295759, 'user_y': 1170.7970720812796, 'user_direction': 0.628896453543054}, 'virtual': {'user_x': 1895.2914422865474, 'user_y': 10048.989759054917, 'user_direction': 1.6052651087283922}, 'user_v': 0, 'user_w': 0.1, 'delta_t': 0.02, 'need_reset': False}
Tangent angle: 5.101430247214094, User angle: 0.628896453543054, Offset angle: 0.3301700332196141
Target angle: 5.431600280433709, distance: 583.5755111623998, angle diff: 1.4804814802889315, rotation direction: -1
Basic rotation angle: 0.0, rotation gain: 0.00010728638023962992
Rotation gain: 1.24, direction: -1, curvature radius: 2500000
{'type': 'running', 'physical': {'user_x': 366.0105136295759, 'user_y': 1170.7970720812796, 'user_direction': 0.7095416148333766}, 'virtual': {'user_x': 1895.2914422865474, 'user_y': 10048.989759054917, 'user_direction': 1.5052651087283921}, 'user_v': 0, 'user_w': 0.1, 'delta_t': 0.02, 'need_reset': False}
Tangent angle: 5.101430247214094, User angle: 0.7095416148333766, Offset angle: 0.3301700332196141
Target angle: 5.431600280433709, distance: 583.5755111623998, angle diff: 1.5611266415792544, rotation direction: -1
Basic rotation angle: 0.0, rotation gain: 9.575640073697642e-05
Rotation gain: 1.24, direction: -1, curvature radius: 2500000
{'type': 'running', 'physical': {'user_x': 366.0105136295759, 'user_y': 1170.7970720812796, 'user_direction': 0.7901867761236993}, 'virtual': {'user_x': 1895.2914422865474, 'user_y': 10048.989759054917, 'user_direction': 1.405265108728392}, 'user_v': 0, 'user_w': 0.1, 'delta_t': 0.02, 'need_reset': False}
Tangent angle: 5.101430247214094, User angle: 0.7901867761236993, Offset angle: 0.3301700332196141
Target angle: 5.431600280433709, distance: 583.5755111623998, angle diff: 1.6417718028695765, rotation direction: -1
Basic rotation angle: 0.0, rotation gain: 8.566766867215461e-05
Rotation gain: 1.24, direction: -1, curvature radius: 2500000
{'type': 'running', 'physical': {'user_x': 366.0105136295759, 'user_y': 1170.7970720812796, 'user_direction': 0.8708319374140219}, 'virtual': {'user_x': 1895.2914422865474, 'user_y': 10048.989759054917, 'user_direction': 1.305265108728392}, 'user_v': 0, 'user_w': 0.1, 'delta_t': 0.02, 'need_reset': False}
Tangent angle: 5.101430247214094, User angle: 0.8708319374140219, Offset angle: 0.3301700332196141
Target angle: 5.431600280433709, distance: 583.5755111623998, angle diff: 1.7224169641598994, rotation direction: -1
Basic rotation angle: 0.0, rotation gain: 7.684002811543552e-05
Rotation gain: 1.24, direction: -1, curvature radius: 2500000
{'type': 'running', 'physical': {'user_x': 366.0105136295759, 'user_y': 1170.7970720812796, 'user_direction': 0.9514770987043445}, 'virtual': {'user_x': 1895.2914422865474, 'user_y': 10048.989759054917, 'user_direction': 1.2052651087283919}, 'user_v': 0, 'user_w': 0.1, 'delta_t': 0.02, 'need_reset': False}
Tangent angle: 5.101430247214094, User angle: 0.9514770987043445, Offset angle: 0.3301700332196141
Target angle: 5.431600280433709, distance: 583.5755111623998, angle diff: 1.8030621254502224, rotation direction: -1
Basic rotation angle: 0.0, rotation gain: 6.911584262830631e-05
Rotation gain: 1.24, direction: -1, curvature radius: 2500000
{'type': 'running', 'physical': {'user_x': 366.0105136295759, 'user_y': 1170.7970720812796, 'user_direction': 1.0321222599946671}, 'virtual': {'user_x': 1895.2914422865474, 'user_y': 10048.989759054917, 'user_direction': 1.1052651087283918}, 'user_v': 0, 'user_w': 0.1, 'delta_t': 0.02, 'need_reset': False}
Tangent angle: 5.101430247214094, User angle: 1.0321222599946671, Offset angle: 0.3301700332196141
Target angle: 5.431600280433709, distance: 583.5755111623998, angle diff: 1.8837072867405444, rotation direction: -1
Basic rotation angle: 0.0, rotation gain: 6.235718032706826e-05
Rotation gain: 1.24, direction: -1, curvature radius: 2500000
{'type': 'running', 'physical': {'user_x': 366.0105136295759, 'user_y': 1170.7970720812796, 'user_direction': 1.1127674212849896}, 'virtual': {'user_x': 1895.2914422865474, 'user_y': 10048.989759054917, 'user_direction': 1.0052651087283917}, 'user_v': 0, 'user_w': 0.1, 'delta_t': 0.02, 'need_reset': False}
Tangent angle: 5.101430247214094, User angle: 1.1127674212849896, Offset angle: 0.3301700332196141
Target angle: 5.431600280433709, distance: 583.5755111623998, angle diff: 1.9643524480308674, rotation direction: -1
Basic rotation angle: 0.0, rotation gain: 5.644335081348496e-05
Rotation gain: 1.24, direction: -1, curvature radius: 2500000
{'type': 'running', 'physical': {'user_x': 366.0105136295759, 'user_y': 1170.7970720812796, 'user_direction': 1.1934125825753121}, 'virtual': {'user_x': 1895.2914422865474, 'user_y': 10048.989759054917, 'user_direction': 0.9052651087283917}, 'user_v': 0, 'user_w': 0.1, 'delta_t': 0.02, 'need_reset': False}
Tangent angle: 5.101430247214094, User angle: 1.1934125825753121, Offset angle: 0.3301700332196141
Target angle: 5.431600280433709, distance: 583.5755111623998, angle diff: 2.0449976093211895, rotation direction: -1
Basic rotation angle: 0.0, rotation gain: 5.126874998909957e-05
Rotation gain: 1.24, direction: -1, curvature radius: 2500000
{'type': 'running', 'physical': {'user_x': 366.0105136295759, 'user_y': 1170.7970720812796, 'user_direction': 1.2740577438656346}, 'virtual': {'user_x': 1895.2914422865474, 'user_y': 10048.989759054917, 'user_direction': 0.8052651087283917}, 'user_v': 0, 'user_w': 0.1, 'delta_t': 0.02, 'need_reset': False}
Tangent angle: 5.101430247214094, User angle: 1.2740577438656346, Offset angle: 0.3301700332196141
Target angle: 5.431600280433709, distance: 583.5755111623998, angle diff: 2.1256427706115124, rotation direction: -1
Basic rotation angle: 0.0, rotation gain: 4.6740974267762355e-05
Rotation gain: 1.24, direction: -1, curvature radius: 2500000
{'type': 'running', 'physical': {'user_x': 366.0105136295759, 'user_y': 1170.7970720812796, 'user_direction': 1.3547029051559571}, 'virtual': {'user_x': 1895.2914422865474, 'user_y': 10048.989759054917, 'user_direction': 0.6339030055673273}, 'user_v': 7.999999999999999, 'user_w': 0, 'delta_t': 0.02, 'need_reset': False}
Tangent angle: 5.101430247214094, User angle: 1.3547029051559571, Offset angle: 0.3301700332196141
Target angle: 5.431600280433709, distance: 583.5755111623998, angle diff: 2.2062879319018345, rotation direction: -1
Basic rotation angle: 1.693121693121693, rotation gain: 9.732289330329904e-05
Rotation gain: 1.24, direction: -1, curvature radius: 7.5
{'type': 'running', 'physical': {'user_x': 366.0105136295759, 'user_y': 1170.7970720812796, 'user_direction': 1.4353480664462797}, 'virtual': {'user_x': 1901.7372176814554, 'user_y': 10053.728111042517, 'user_direction': 0.6339030055673273}, 'user_v': 7.999999999999999, 'user_w': 0, 'delta_t': 0.02, 'need_reset': False}
Tangent angle: 5.101430247214094, User angle: 1.4353480664462797, Offset angle: 0.3301700332196141
Target angle: 5.431600280433709, distance: 583.5755111623998, angle diff: 2.2869330931921574, rotation direction: -1
Basic rotation angle: 1.693121693121693, rotation gain: 0.00014158207245939364
Rotation gain: 1.24, direction: -1, curvature radius: 7.5
{'type': 'running', 'physical': {'user_x': 367.0008174433828, 'user_y': 1177.068572668951, 'user_direction': 1.4141840452822585}, 'virtual': {'user_x': 1908.1829930763633, 'user_y': 10058.466463030118, 'user_direction': 0.6339030055673295}, 'user_v': 7.999999999999999, 'user_w': 0, 'delta_t': 0.02, 'need_reset': False}
Tangent angle: 5.096135472037844, User angle: 1.4141840452822585, Offset angle: 0.3271780127893646
Target angle: 5.423313484827208, distance: 589.3188921409462, angle diff: 2.2740558676346367, rotation direction: -1
Basic rotation angle: 1.693121693121693, rotation gain: 0.00018334770031762476
Rotation gain: 1.24, direction: -1, curvature radius: 7.5
{'type': 'running', 'physical': {'user_x': 368.12361974184256, 'user_y': 1183.3177115106935, 'user_direction': 1.3930200241182373}, 'virtual': {'user_x': 1914.6287684712713, 'user_y': 10063.204815017718, 'user_direction': 0.6339030055673318}, 'user_v': 7.999999999999999, 'user_w': 0, 'delta_t': 0.02, 'need_reset': False}
Tangent angle: 5.090749565130155, User angle: 1.3930200241182373, Offset angle: 0.3242689253775233
Target angle: 5.415018490507678, distance: 595.001015363586, angle diff: 2.2611868407901454, rotation direction: -1
Basic rotation angle: 1.693121693121693, rotation gain: 0.0002229331833819228
Rotation gain: 1.24, direction: -1, curvature radius: 7.5
{'type': 'running', 'physical': {'user_x': 369.3784176228464, 'user_y': 1189.5416896230129, 'user_direction': 1.3718560029542162}, 'virtual': {'user_x': 1921.0745438661793, 'user_y': 10067.943167005318, 'user_direction': 0.6339030055673345}, 'user_v': 7.999999999999999, 'user_w': 0, 'delta_t': 0.02, 'need_reset': False}
Tangent angle: 5.085275723191149, User angle: 1.3718560029542162, Offset angle: 0.3214402883524926
Target angle: 5.406716011543642, distance: 600.6211102364778, angle diff: 2.24832529859016, rotation direction: -1
Basic rotation angle: 1.693121693121693, rotation gain: 0.0002606124206441114
Rotation gain: 1.24, direction: -1, curvature radius: 7.5
{'type': 'running', 'physical': {'user_x': 370.7646490635867, 'user_y': 1195.7377192918818, 'user_direction': 1.350691981790195}, 'virtual': {'user_x': 1927.5203192610873, 'user_y': 10072.681518992918, 'user_direction': 0.6339030055673374}, 'user_v': 7.999999999999999, 'user_w': 0, 'delta_t': 0.02, 'need_reset': False}
Tangent angle: 5.079717015261921, User angle: 1.350691981790195, Offset angle: 0.31868972094780396
Target angle: 5.398406736209725, distance: 606.1784195317691, angle diff: 2.2354705527600567, rotation direction: -1
Basic rotation angle: 1.693121693121693, rotation gain: 0.00029662475160333263
Rotation gain: 1.24, direction: -1, curvature radius: 7.5
{'type': 'running', 'physical': {'user_x': 370.7646490635867, 'user_y': 1195.7377192918818, 'user_direction': 1.350691981790195}, 'virtual': {'user_x': 1933.966094655995, 'user_y': 10077.419870980519, 'user_direction': 0.6339030055673405}, 'user_v': 7.999999999999999, 'user_w': 0, 'delta_t': 0.02, 'need_reset': True}
{'type': 'running', 'physical': {'user_x': 370.7646490635867, 'user_y': 1195.7377192918818, 'user_direction': 4.492284635379988}, 'virtual': {'user_x': 1940.4118700509027, 'user_y': 10082.158222968119, 'user_direction': 0.633903005567343}, 'user_v': 7.999999999999999, 'user_w': 0, 'delta_t': 0.02, 'need_reset': False}
Tangent angle: 5.079717015261921, User angle: 4.492284635379988, Offset angle: 0.31868972094780396
Target angle: 4.761027294314118, distance: 606.1784195317691, angle diff: 0.26874265893412996, rotation direction: 1
Basic rotation angle: 1.693121693121693, rotation gain: 0.0005521695226280675
Rotation gain: 1.24, direction: 1, curvature radius: 7.5
{'type': 'running', 'physical': {'user_x': 369.50985118258285, 'user_y': 1189.5137411795624, 'user_direction': 4.51344865654401}, 'virtual': {'user_x': 1946.8576454458105, 'user_y': 10086.89657495572, 'user_direction': 0.633903005567346}, 'user_v': 7.999999999999999, 'user_w': 0, 'delta_t': 0.02, 'need_reset': False}
Tangent angle: 5.085098432855224, User angle: 4.51344865654401, Offset angle: 0.3214791652675194
Target angle: 4.763619267587703, distance: 600.5432205440331, angle diff: 0.25017061104369365, rotation direction: 1
Basic rotation angle: 1.693121693121693, rotation gain: 0.0007749173237019855
Rotation gain: 1.24, direction: 1, curvature radius: 7.5
{'type': 'running', 'physical': {'user_x': 368.3870488841231, 'user_y': 1183.26460233782, 'user_direction': 4.534612677708031}, 'virtual': {'user_x': 1953.3034208407182, 'user_y': 10091.63492694332, 'user_direction': 0.6339030055673491}, 'user_v': 7.999999999999999, 'user_w': 0, 'delta_t': 0.02, 'need_reset': False}
Tangent angle: 5.090390753595006, User angle: 4.534612677708031, Offset angle: 0.3243474593505525
Target angle: 4.766043294244454, distance: 594.8463292858928, angle diff: 0.23143061653642327, rotation direction: 1
Basic rotation angle: 1.693121693121693, rotation gain: 0.0009690225414350521
Rotation gain: 1.24, direction: 1, curvature radius: 7.5
{'type': 'running', 'physical': {'user_x': 367.3967450703162, 'user_y': 1176.9931017501485, 'user_direction': 4.5557766988720525}, 'virtual': {'user_x': 1959.749196235626, 'user_y': 10096.37327893092, 'user_direction': 0.6339030055673529}, 'user_v': 7.999999999999999, 'user_w': 0, 'delta_t': 0.02, 'need_reset': False}
Tangent angle: 5.095590756189899, User angle: 4.5557766988720525, Offset angle: 0.327297005811246
Target angle: 4.768293750378653, distance: 589.0885448480057, angle diff: 0.21251705150660083, rotation direction: 1
Basic rotation angle: 1.693121693121693, rotation gain: 0.0011381222339806145
Rotation gain: 1.24, direction: 1, curvature radius: 7.5
{'type': 'running', 'physical': {'user_x': 366.53938329732233, 'user_y': 1170.7020484158481, 'user_direction': 4.576940720036074}, 'virtual': {'user_x': 1966.1949716305337, 'user_y': 10101.11163091852, 'user_direction': 0.6339030055673571}, 'user_v': 7.999999999999999, 'user_w': 0, 'delta_t': 0.02, 'need_reset': False}
Tangent angle: 5.100695085236052, User angle: 4.576940720036074, Offset angle: 0.3303303086851081
Target angle: 4.770364776550945, distance: 583.2706812597729, angle diff: 0.19342405651487127, rotation direction: 1
Basic rotation angle: 1.693121693121693, rotation gain: 0.0012854008707832865
Rotation gain: 1.24, direction: 1, curvature radius: 7.5
{'type': 'running', 'physical': {'user_x': 365.81534757668487, 'user_y': 1164.3942600918756, 'user_direction': 4.598104741200095}, 'virtual': {'user_x': 1972.6407470254414, 'user_y': 10105.84998290612, 'user_direction': 0.633903005567362}, 'user_v': 7.999999999999999, 'user_w': 0, 'delta_t': 0.02, 'need_reset': False}
Tangent angle: 5.10570024431139, User angle: 4.598104741200095, Offset angle: 0.3334499780658378
Target angle: 4.772250266245553, distance: 577.3935679025916, angle diff: 0.174145525045458, rotation direction: 1
Basic rotation angle: 1.693121693121693, rotation gain: 0.0014136469830416357
Rotation gain: 1.24, direction: 1, curvature radius: 7.5
{'type': 'running', 'physical': {'user_x': 365.224962203332, 'user_y': 1158.0725620307742, 'user_direction': 4.619268762364117}, 'virtual': {'user_x': 1979.0865224203492, 'user_y': 10110.58833489372, 'user_direction': 0.6339030055673676}, 'user_v': 7.999999999999999, 'user_w': 0, 'delta_t': 0.02, 'need_reset': False}
Tangent angle: 5.110602588684233, User angle: 4.619268762364117, Offset angle: 0.3366587349584792
Target angle: 4.773943853725754, distance: 571.4580499599416, angle diff: 0.15467509136163748, rotation direction: 1
Basic rotation angle: 1.693121693121693, rotation gain: 0.001525302736168701
Rotation gain: 1.24, direction: 1, curvature radius: 7.5
{'type': 'running', 'physical': {'user_x': 364.7684916103251, 'user_y': 1151.7397857152455, 'user_direction': 4.640432783528138}, 'virtual': {'user_x': 1985.532297815257, 'user_y': 10115.32668688132, 'user_direction': 0.6339030055673742}, 'user_v': 7.999999999999999, 'user_w': 0, 'delta_t': 0.02, 'need_reset': False}
Tangent angle: 5.115398317614453, User angle: 4.640432783528138, Offset angle: 0.33995941635519333
Target angle: 4.77543890125926, distance: 565.4649889077012, angle diff: 0.13500611773112237, rotation direction: 1
Basic rotation angle: 1.693121693121693, rotation gain: 0.0016225073091231635
Rotation gain: 1.24, direction: 1, curvature radius: 7.5
{'type': 'running', 'physical': {'user_x': 364.4461402504197, 'user_y': 1145.398767589931, 'user_direction': 4.661596804692159}, 'virtual': {'user_x': 1991.9780732101647, 'user_y': 10120.065038868921, 'user_direction': 0.6339030055673822}, 'user_v': 7.999999999999999, 'user_w': 0, 'delta_t': 0.02, 'need_reset': False}
Tangent angle: 5.1200834662243615, User angle: 4.661596804692159, Offset angle: 0.34335498053954117
Target angle: 4.776728485684821, distance: 559.4152630484267, angle diff: 0.11513168099266124, rotation direction: 1
Basic rotation angle: 1.693121693121693, rotation gain: 0.0017071348548740634
Rotation gain: 1.24, direction: 1, curvature radius: 7.5
{'type': 'running', 'physical': {'user_x': 364.2580525044911, 'user_y': 1139.0523477909708, 'user_direction': 4.682760825856181}, 'virtual': {'user_x': 1998.4238486050722, 'user_y': 10124.803390856521, 'user_direction': 0.6339030055673918}, 'user_v': 7.999999999999999, 'user_w': 0, 'delta_t': 0.02, 'need_reset': False}
Tangent angle: 5.124653896915592, User angle: 4.682760825856181, Offset angle: 0.34684851262436434
Target angle: 4.777805384291227, distance: 553.3097680937261, angle diff: 0.09504455843504633, rotation direction: 1
Basic rotation angle: 1.693121693121693, rotation gain: 0.0017808277194770387
Rotation gain: 1.24, direction: 1, curvature radius: 7.5
{'type': 'running', 'physical': {'user_x': 364.20431261686633, 'user_y': 1132.7033688739102, 'user_direction': 4.703924847020202}, 'virtual': {'user_x': 2004.8696239999797, 'user_y': 10129.541742844123, 'user_direction': 0.6339030055674018}, 'user_v': 7.999999999999999, 'user_w': 0, 'delta_t': 0.02, 'need_reset': False}
Tangent angle: 5.1291052903073195, User angle: 4.703924847020202, Offset angle: 0.35044323032730484
Target angle: 4.7786620599800145, distance: 547.1494177992861, angle diff: 0.07473721295981228, rotation direction: 1
Basic rotation angle: 1.693121693121693, rotation gain: 0.001845025512551822
Rotation gain: 1.24, direction: 1, curvature radius: 7.5
{'type': 'running', 'physical': {'user_x': 364.2849446575912, 'user_y': 1126.3546745405208, 'user_direction': 4.725088868184224}, 'virtual': {'user_x': 2011.3153993948872, 'user_y': 10134.280094831724, 'user_direction': 0.633903005567389}, 'user_v': 7.999999999999999, 'user_w': 0, 'delta_t': 0.02, 'need_reset': False}
Tangent angle: 5.133433135670345, User angle: 4.725088868184224, Offset angle: 0.3541424899866666
Target angle: 4.779290645683679, distance: 540.9351446575943, angle diff: 0.054201777499454984, rotation direction: 1
Basic rotation angle: 1.693121693121693, rotation gain: 0.0019009905478467573
Rotation gain: 1.24, direction: 1, curvature radius: 7.5
{'type': 'running', 'physical': {'user_x': 364.4999125116495, 'user_y': 1120.0091083651096, 'user_direction': 4.746252889348245}, 'virtual': {'user_x': 2017.7611747897947, 'user_y': 10139.018446819326, 'user_direction': 0.6339030055674018}, 'user_v': 7.999999999999999, 'user_w': 0, 'delta_t': 0.02, 'need_reset': False}
Tangent angle: 5.13763272083081, User angle: 4.746252889348245, Offset angle: 0.35794979281863143
Target angle: 4.779682928012178, distance: 534.6679006539453, angle diff: 0.03343003866393346, rotation direction: 1
Basic rotation angle: 1.693121693121693, rotation gain: 0.001949830107733021
Rotation gain: 1.24, direction: 1, curvature radius: 7.5
{'type': 'running', 'physical': {'user_x': 364.84911989513853, 'user_y': 1113.6695125208842, 'user_direction': 4.767416910512266}, 'virtual': {'user_x': 2024.2069501847025, 'user_y': 10143.756798806926, 'user_direction': 0.633903005567384}, 'user_v': 7.999999999999999, 'user_w': 0, 'delta_t': 0.02, 'need_reset': False}
Tangent angle: 5.141699121516688, User angle: 4.767416910512266, Offset angle: 0.36186879141474143
Target angle: 4.779830330101948, distance: 528.348658091921, angle diff: 0.012413419589681673, rotation direction: 1
Basic rotation angle: 1.693121693121693, rotation gain: 0.0019925159287310728
Rotation gain: 1.24, direction: 1, curvature radius: 7.5
{'type': 'running', 'physical': {'user_x': 365.33241039839504, 'user_y': 1107.3387265069468, 'user_direction': 4.788580931676288}, 'virtual': {'user_x': 2030.65272557961, 'user_y': 10148.495150794528, 'user_direction': 0.6339030055674058}, 'user_v': 7.999999999999999, 'user_w': 0, 'delta_t': 0.02, 'need_reset': False}
Tangent angle: 5.145627190119738, User angle: 4.788580931676288, Offset angle: 0.36590329647595815
Target angle: 4.77972389364378, distance: 521.9784104952215, angle diff: 0.008857038032507702, rotation direction: -1
Basic rotation angle: 1.693121693121693, rotation gain: 0.002029901255521261
Rotation gain: 1.24, direction: -1, curvature radius: 7.5
{'type': 'running', 'physical': {'user_x': 365.6816177818841, 'user_y': 1100.9991306627214, 'user_direction': 4.767416910512266}, 'virtual': {'user_x': 2037.0985009745177, 'user_y': 10153.233502782128, 'user_direction': 0.6339030055673778}, 'user_v': 7.999999999999999, 'user_w': 0, 'delta_t': 0.02, 'need_reset': False}
Tangent angle: 5.149866127469801, User angle: 4.767416910512266, Offset angle: 0.36999070006379314
Target angle: 4.779875427406008, distance: 515.6599976439104, angle diff: 0.012458516893741667, rotation direction: 1
Basic rotation angle: 1.693121693121693, rotation gain: 0.0020625632542788847
Rotation gain: 1.24, direction: 1, curvature radius: 7.5
{'type': 'running', 'physical': {'user_x': 366.1649082851406, 'user_y': 1094.6683446487841, 'user_direction': 4.788580931676288}, 'virtual': {'user_x': 2043.5442763694252, 'user_y': 10157.97185476973, 'user_direction': 0.6339030055674171}, 'user_v': 7.999999999999999, 'user_w': 0, 'delta_t': 0.02, 'need_reset': False}
Tangent angle: 5.153967916319852, User angle: 4.788580931676288, Offset angle: 0.3742010149793521
Target angle: 4.7797669013404995, distance: 509.2893296691625, angle diff: 0.008814030335788203, rotation direction: -1
Basic rotation angle: 1.693121693121693, rotation gain: 0.0020911784287599004
Rotation gain: 1.24, direction: -1, curvature radius: 7.5
{'type': 'running', 'physical': {'user_x': 366.51411566862964, 'user_y': 1088.3287488045587, 'user_direction': 4.767416910512266}, 'virtual': {'user_x': 2049.990051764333, 'user_y': 10162.71020675733, 'user_direction': 0.6339030055673505}, 'user_v': 7.999999999999999, 'user_w': 0, 'delta_t': 0.02, 'need_reset': False}
Tangent angle: 5.158390115774219, User angle: 4.767416910512266, Offset angle: 0.37846731488088525
Target angle: 4.779922800893335, distance: 502.9717935342178, angle diff: 0.012505890381068419, rotation direction: 1
Basic rotation angle: 1.693121693121693, rotation gain: 0.00211616509840195
Rotation gain: 1.24, direction: 1, curvature radius: 7.5
{'type': 'running', 'physical': {'user_x': 366.99740617188615, 'user_y': 1081.9979627906214, 'user_direction': 4.788580931676288}, 'virtual': {'user_x': 2050.951513106854, 'user_y': 10163.416986312035, 'user_direction': 0.6339030055673505}, 'user_v': 0, 'user_w': 0.1, 'delta_t': 0.02, 'need_reset': False}
Tangent angle: 5.162676653380396, User angle: 4.788580931676288, Offset angle: 0.38286454574241774
Target angle: 4.779812107637978, distance: 496.60068955342604, angle diff: 0.008768824038309475, rotation direction: -1
Basic rotation angle: 0.0, rotation gain: 0.0018611918149909735
Rotation gain: 1.24, direction: -1, curvature radius: 2500000
{'type': 'running', 'physical': {'user_x': 367.3466135553752, 'user_y': 1075.658366946396, 'user_direction': 4.767416910512266}, 'virtual': {'user_x': 2050.951513106854, 'user_y': 10163.416986312035, 'user_direction': 0.7339030055673504}, 'user_v': 0, 'user_w': 0.1, 'delta_t': 0.02, 'need_reset': False}
Tangent angle: 5.167293691127045, User angle: 4.767416910512266, Offset angle: 0.38732106384531284
Target angle: 4.779972627281733, distance: 490.28408119198014, angle diff: 0.012555716769466763, rotation direction: 1
Basic rotation angle: 0.0, rotation gain: 0.001638088420735486
Rotation gain: 1.24, direction: 1, curvature radius: 2500000
{'type': 'running', 'physical': {'user_x': 367.3466135553752, 'user_y': 1075.658366946396, 'user_direction': 4.848062071802589}, 'virtual': {'user_x': 2050.951513106854, 'user_y': 10163.416986312035, 'user_direction': 0.8339030055673504}, 'user_v': 0, 'user_w': 0.1, 'delta_t': 0.02, 'need_reset': False}
Tangent angle: 5.167293691127045, User angle: 4.848062071802589, Offset angle: 0.38732106384531284
Target angle: 4.779972627281733, distance: 490.28408119198014, angle diff: 0.06808944452085619, rotation direction: -1
Basic rotation angle: 0.0, rotation gain: 0.0014428729507619345
Rotation gain: 1.24, direction: -1, curvature radius: 2500000
{'type': 'running', 'physical': {'user_x': 367.3466135553752, 'user_y': 1075.658366946396, 'user_direction': 4.928707233092912}, 'virtual': {'user_x': 2050.951513106854, 'user_y': 10163.416986312035, 'user_direction': 0.9339030055673504}, 'user_v': 0, 'user_w': 0.1, 'delta_t': 0.02, 'need_reset': False}
Tangent angle: 5.167293691127045, User angle: 4.928707233092912, Offset angle: 0.38732106384531284
Target angle: 4.779972627281733, distance: 490.28408119198014, angle diff: 0.14873460581117914, rotation direction: -1
Basic rotation angle: 0.0, rotation gain: 0.001272059414535077
Rotation gain: 1.24, direction: -1, curvature radius: 2500000
{'type': 'running', 'physical': {'user_x': 367.3466135553752, 'user_y': 1075.658366946396, 'user_direction': 5.009352394383235}, 'virtual': {'user_x': 2050.951513106854, 'user_y': 10163.416986312035, 'user_direction': 1.0339030055673504}, 'user_v': 0, 'user_w': 0.1, 'delta_t': 0.02, 'need_reset': False}
Tangent angle: 5.167293691127045, User angle: 5.009352394383235, Offset angle: 0.38732106384531284
Target angle: 4.779972627281733, distance: 490.28408119198014, angle diff: 0.2293797671015021, rotation direction: -1
Basic rotation angle: 0.0, rotation gain: 0.0011225975703365765
Rotation gain: 1.24, direction: -1, curvature radius: 2500000
{'type': 'running', 'physical': {'user_x': 367.3466135553752, 'user_y': 1075.658366946396, 'user_direction': 5.089997555673558}, 'virtual': {'user_x': 2050.951513106854, 'user_y': 10163.416986312035, 'user_direction': 1.1339030055673505}, 'user_v': 0, 'user_w': 0.1, 'delta_t': 0.02, 'need_reset': False}
Tangent angle: 5.167293691127045, User angle: 5.089997555673558, Offset angle: 0.38732106384531284
Target angle: 4.779972627281733, distance: 490.28408119198014, angle diff: 0.31002492839182505, rotation direction: -1
Basic rotation angle: 0.0, rotation gain: 0.0009918184566628887
Rotation gain: 1.24, direction: -1, curvature radius: 2500000
{'type': 'running', 'physical': {'user_x': 367.3466135553752, 'user_y': 1075.658366946396, 'user_direction': 5.170642716963881}, 'virtual': {'user_x': 2050.951513106854, 'user_y': 10163.416986312035, 'user_direction': 1.2339030055673506}, 'user_v': 0, 'user_w': 0.1, 'delta_t': 0.02, 'need_reset': False}
Tangent angle: 5.167293691127045, User angle: 5.170642716963881, Offset angle: 0.38732106384531284
Target angle: 5.554614754972358, distance: 490.28408119198014, angle diff: 0.38397203800847723, rotation direction: 1
Basic rotation angle: 0.0, rotation gain: 0.0008682146722353582
Rotation gain: 1.24, direction: 1, curvature radius: 2500000
{'type': 'running', 'physical': {'user_x': 367.3466135553752, 'user_y': 1075.658366946396, 'user_direction': 5.251287878254204}, 'virtual': {'user_x': 2050.951513106854, 'user_y': 10163.416986312035, 'user_direction': 1.3339030055673506}, 'user_v': 0, 'user_w': 0.1, 'delta_t': 0.02, 'need_reset': False}
Tangent angle: 5.167293691127045, User angle: 5.251287878254204, Offset angle: 0.38732106384531284
Target angle: 5.554614754972358, distance: 490.28408119198014, angle diff: 0.3033268767181543, rotation direction: 1
Basic rotation angle: 0.0, rotation gain: 0.0007600613608612688
Rotation gain: 1.24, direction: 1, curvature radius: 2500000
{'type': 'running', 'physical': {'user_x': 367.3466135553752, 'user_y': 1075.658366946396, 'user_direction': 5.331933039544527}, 'virtual': {'user_x': 2050.951513106854, 'user_y': 10163.416986312035, 'user_direction': 1.4339030055673507}, 'user_v': 0, 'user_w': 0.1, 'delta_t': 0.02, 'need_reset': False}
Tangent angle: 5.167293691127045, User angle: 5.331933039544527, Offset angle: 0.38732106384531284
Target angle: 5.554614754972358, distance: 490.28408119198014, angle diff: 0.22268171542783133, rotation direction: 1
Basic rotation angle: 0.0, rotation gain: 0.0006654272134089407
Rotation gain: 1.24, direction: 1, curvature radius: 2500000
{'type': 'running', 'physical': {'user_x': 367.3466135553752, 'user_y': 1075.658366946396, 'user_direction': 5.41257820083485}, 'virtual': {'user_x': 2050.951513106854, 'user_y': 10163.416986312035, 'user_direction': 1.5339030055673508}, 'user_v': 0, 'user_w': 0.1, 'delta_t': 0.02, 'need_reset': False}
Tangent angle: 5.167293691127045, User angle: 5.41257820083485, Offset angle: 0.38732106384531284
Target angle: 5.554614754972358, distance: 490.28408119198014, angle diff: 0.14203655413750838, rotation direction: 1
Basic rotation angle: 0.0, rotation gain: 0.0005826223343881536
Rotation gain: 1.24, direction: 1, curvature radius: 2500000
{'type': 'running', 'physical': {'user_x': 367.3466135553752, 'user_y': 1075.658366946396, 'user_direction': 5.493223362125173}, 'virtual': {'user_x': 2050.951513106854, 'user_y': 10163.416986312035, 'user_direction': 1.633903005567351}, 'user_v': 0, 'user_w': 0.1, 'delta_t': 0.02, 'need_reset': False}
Tangent angle: 5.167293691127045, User angle: 5.493223362125173, Offset angle: 0.38732106384531284
Target angle: 5.554614754972358, distance: 490.28408119198014, angle diff: 0.06139139284718542, rotation direction: 1
Basic rotation angle: 0.0, rotation gain: 0.0005101680652449649
Rotation gain: 1.24, direction: 1, curvature radius: 2500000
{'type': 'running', 'physical': {'user_x': 367.3466135553752, 'user_y': 1075.658366946396, 'user_direction': 5.573868523415496}, 'virtual': {'user_x': 2050.951513106854, 'user_y': 10163.416986312035, 'user_direction': 1.733903005567351}, 'user_v': 0, 'user_w': 0.1, 'delta_t': 0.02, 'need_reset': False}
Tangent angle: 5.167293691127045, User angle: 5.573868523415496, Offset angle: 0.38732106384531284
Target angle: 5.554614754972358, distance: 490.28408119198014, angle diff: 0.01925376844313753, rotation direction: -1
Basic rotation angle: 0.0, rotation gain: 0.0004467705797446748
Rotation gain: 1.24, direction: -1, curvature radius: 2500000
{'type': 'running', 'physical': {'user_x': 367.3466135553752, 'user_y': 1075.658366946396, 'user_direction': 5.654513684705819}, 'virtual': {'user_x': 2050.951513106854, 'user_y': 10163.416986312035, 'user_direction': 1.833903005567351}, 'user_v': 0, 'user_w': 0.1, 'delta_t': 0.02, 'need_reset': False}
Tangent angle: 5.167293691127045, User angle: 5.654513684705819, Offset angle: 0.38732106384531284
Target angle: 5.554614754972358, distance: 490.28408119198014, angle diff: 0.09989892973346048, rotation direction: -1
Basic rotation angle: 0.0, rotation gain: 0.000391297779931921
Rotation gain: 1.24, direction: -1, curvature radius: 2500000
{'type': 'running', 'physical': {'user_x': 367.3466135553752, 'user_y': 1075.658366946396, 'user_direction': 5.735158845996142}, 'virtual': {'user_x': 2050.951513106854, 'user_y': 10163.416986312035, 'user_direction': 1.9339030055673512}, 'user_v': 0, 'user_w': 0.1, 'delta_t': 0.02, 'need_reset': False}
Tangent angle: 5.167293691127045, User angle: 5.735158845996142, Offset angle: 0.38732106384531284
Target angle: 5.554614754972358, distance: 490.28408119198014, angle diff: 0.18054409102378344, rotation direction: -1
Basic rotation angle: 0.0, rotation gain: 0.00034275908009576145
Rotation gain: 1.24, direction: -1, curvature radius: 2500000
{'type': 'running', 'physical': {'user_x': 367.3466135553752, 'user_y': 1075.658366946396, 'user_direction': 5.815804007286465}, 'virtual': {'user_x': 2050.951513106854, 'user_y': 10163.416986312035, 'user_direction': 2.033903005567351}, 'user_v': 0, 'user_w': 0.1, 'delta_t': 0.02, 'need_reset': False}
Tangent angle: 5.167293691127045, User angle: 5.815804007286465, Offset angle: 0.38732106384531284
Target angle: 5.554614754972358, distance: 490.28408119198014, angle diff: 0.2611892523141064, rotation direction: -1
Basic rotation angle: 0.0, rotation gain: 0.0003002877177391218
Rotation gain: 1.24, direction: -1, curvature radius: 2500000
{'type': 'running', 'physical': {'user_x': 367.3466135553752, 'user_y': 1075.658366946396, 'user_direction': 5.896449168576788}, 'virtual': {'user_x': 2050.951513106854, 'user_y': 10163.416986312035, 'user_direction': 2.133903005567351}, 'user_v': 0, 'user_w': 0.1, 'delta_t': 0.02, 'need_reset': False}
Tangent angle: 5.167293691127045, User angle: 5.896449168576788, Offset angle: 0.38732106384531284
Target angle: 5.554614754972358, distance: 490.28408119198014, angle diff: 0.34183441360442934, rotation direction: -1
Basic rotation angle: 0.0, rotation gain: 0.00026312527567706214
Rotation gain: 1.24, direction: -1, curvature radius: 2500000
{'type': 'running', 'physical': {'user_x': 367.3466135553752, 'user_y': 1075.658366946396, 'user_direction': 5.977094329867111}, 'virtual': {'user_x': 2050.951513106854, 'user_y': 10163.416986312035, 'user_direction': 2.233903005567351}, 'user_v': 0, 'user_w': 0.1, 'delta_t': 0.02, 'need_reset': False}
Tangent angle: 5.167293691127045, User angle: 5.977094329867111, Offset angle: 0.38732106384531284
Target angle: 5.554614754972358, distance: 490.28408119198014, angle diff: 0.4224795748947523, rotation direction: -1
Basic rotation angle: 0.0, rotation gain: 0.00023060813887275987
Rotation gain: 1.24, direction: -1, curvature radius: 2500000
{'type': 'running', 'physical': {'user_x': 367.3466135553752, 'user_y': 1075.658366946396, 'user_direction': 6.057739491157434}, 'virtual': {'user_x': 2050.951513106854, 'user_y': 10163.416986312035, 'user_direction': 2.3339030055673513}, 'user_v': 0, 'user_w': 0.1, 'delta_t': 0.02, 'need_reset': False}
Tangent angle: 5.167293691127045, User angle: 6.057739491157434, Offset angle: 0.38732106384531284
Target angle: 5.554614754972358, distance: 490.28408119198014, angle diff: 0.5031247361850752, rotation direction: -1
Basic rotation angle: 0.0, rotation gain: 0.0002021556441689954
Rotation gain: 1.24, direction: -1, curvature radius: 2500000
{'type': 'running', 'physical': {'user_x': 367.3466135553752, 'user_y': 1075.658366946396, 'user_direction': 6.1383846524477566}, 'virtual': {'user_x': 2050.951513106854, 'user_y': 10163.416986312035, 'user_direction': 2.4339030055673514}, 'user_v': 0, 'user_w': 0.1, 'delta_t': 0.02, 'need_reset': False}
Tangent angle: 5.167293691127045, User angle: 6.1383846524477566, Offset angle: 0.38732106384531284
Target angle: 5.554614754972358, distance: 490.28408119198014, angle diff: 0.5837698974753982, rotation direction: -1
Basic rotation angle: 0.0, rotation gain: 0.0001772597113032015
Rotation gain: 1.24, direction: -1, curvature radius: 2500000
{'type': 'running', 'physical': {'user_x': 367.3466135553752, 'user_y': 1075.658366946396, 'user_direction': 6.2190298137380795}, 'virtual': {'user_x': 2050.951513106854, 'user_y': 10163.416986312035, 'user_direction': 2.5339030055673515}, 'user_v': 0, 'user_w': 0.1, 'delta_t': 0.02, 'need_reset': False}
Tangent angle: 5.167293691127045, User angle: 6.2190298137380795, Offset angle: 0.38732106384531284
Target angle: 5.554614754972358, distance: 490.28408119198014, angle diff: 0.6644150587657212, rotation direction: -1
Basic rotation angle: 0.0, rotation gain: 0.00015547577004563183
Rotation gain: 1.24, direction: -1, curvature radius: 2500000
{'type': 'running', 'physical': {'user_x': 367.3466135553752, 'user_y': 1075.658366946396, 'user_direction': 0.016489667848816225}, 'virtual': {'user_x': 2050.951513106854, 'user_y': 10163.416986312035, 'user_direction': 2.6339030055673516}, 'user_v': 0, 'user_w': 0.1, 'delta_t': 0.02, 'need_reset': False}
Tangent angle: 5.167293691127045, User angle: 0.016489667848816225, Offset angle: 0.38732106384531284
Target angle: 5.554614754972358, distance: 490.28408119198014, angle diff: 0.7450602200560441, rotation direction: -1
Basic rotation angle: 0.0, rotation gain: 0.00013641482144525837
Rotation gain: 1.24, direction: -1, curvature radius: 2500000
{'type': 'running', 'physical': {'user_x': 367.3466135553752, 'user_y': 1075.658366946396, 'user_direction': 0.09713482913913882}, 'virtual': {'user_x': 2050.951513106854, 'user_y': 10163.416986312035, 'user_direction': 2.7339030055673517}, 'user_v': 0, 'user_w': 0.1, 'delta_t': 0.02, 'need_reset': False}
Tangent angle: 5.167293691127045, User angle: 0.09713482913913882, Offset angle: 0.38732106384531284
Target angle: 5.554614754972358, distance: 490.28408119198014, angle diff: 0.8257053813463671, rotation direction: -1
Basic rotation angle: 0.0, rotation gain: 0.0001197364914199316
Rotation gain: 1.24, direction: -1, curvature radius: 2500000
{'type': 'running', 'physical': {'user_x': 367.3466135553752, 'user_y': 1075.658366946396, 'user_direction': 0.1777799904294614}, 'virtual': {'user_x': 2050.951513106854, 'user_y': 10163.416986312035, 'user_direction': 2.8339030055673518}, 'user_v': 0, 'user_w': 0.1, 'delta_t': 0.02, 'need_reset': False}
Tangent angle: 5.167293691127045, User angle: 0.1777799904294614, Offset angle: 0.38732106384531284
Target angle: 5.554614754972358, distance: 490.28408119198014, angle diff: 0.9063505426366891, rotation direction: -1
Basic rotation angle: 0.0, rotation gain: 0.00010514295264777066
Rotation gain: 1.24, direction: -1, curvature radius: 2500000
{'type': 'running', 'physical': {'user_x': 367.3466135553752, 'user_y': 1075.658366946396, 'user_direction': 0.258425151719784}, 'virtual': {'user_x': 2050.951513106854, 'user_y': 10163.416986312035, 'user_direction': 2.933903005567352}, 'user_v': 0, 'user_w': 0.1, 'delta_t': 0.02, 'need_reset': False}
Tangent angle: 5.167293691127045, User angle: 0.258425151719784, Offset angle: 0.38732106384531284
Target angle: 5.554614754972358, distance: 490.28408119198014, angle diff: 0.9869957039270121, rotation direction: -1
Basic rotation angle: 0.0, rotation gain: 9.237360622212985e-05
Rotation gain: 1.24, direction: -1, curvature radius: 2500000
{'type': 'running', 'physical': {'user_x': 367.3466135553752, 'user_y': 1075.658366946396, 'user_direction': 0.3390703130101066}, 'virtual': {'user_x': 2050.951513106854, 'user_y': 10163.416986312035, 'user_direction': 3.033903005567352}, 'user_v': 0, 'user_w': 0.1, 'delta_t': 0.02, 'need_reset': False}
Tangent angle: 5.167293691127045, User angle: 0.3390703130101066, Offset angle: 0.38732106384531284
Target angle: 5.554614754972358, distance: 490.28408119198014, angle diff: 1.0676408652173341, rotation direction: -1
Basic rotation angle: 0.0, rotation gain: 8.120042809969413e-05
Rotation gain: 1.24, direction: -1, curvature radius: 2500000
{'type': 'running', 'physical': {'user_x': 367.3466135553752, 'user_y': 1075.658366946396, 'user_direction': 0.4197154743004292}, 'virtual': {'user_x': 2050.951513106854, 'user_y': 10163.416986312035, 'user_direction': 3.133903005567352}, 'user_v': 0, 'user_w': 0.1, 'delta_t': 0.02, 'need_reset': False}
Tangent angle: 5.167293691127045, User angle: 0.4197154743004292, Offset angle: 0.38732106384531284
Target angle: 5.554614754972358, distance: 490.28408119198014, angle diff: 1.148286026507657, rotation direction: -1
Basic rotation angle: 0.0, rotation gain: 7.142389724256288e-05
Rotation gain: 1.24, direction: -1, curvature radius: 2500000
{'type': 'running', 'physical': {'user_x': 367.3466135553752, 'user_y': 1075.658366946396, 'user_direction': 0.5003606355907518}, 'virtual': {'user_x': 2050.951513106854, 'user_y': 10163.416986312035, 'user_direction': -3.049282301612234}, 'user_v': 0, 'user_w': 0.1, 'delta_t': 0.02, 'need_reset': False}
Tangent angle: 5.167293691127045, User angle: 0.5003606355907518, Offset angle: 0.38732106384531284
Target angle: 5.554614754972358, distance: 490.28408119198014, angle diff: 1.22893118779798, rotation direction: -1
Basic rotation angle: 0.0, rotation gain: 6.286943274257304e-05
Rotation gain: 1.24, direction: -1, curvature radius: 2500000
{'type': 'running', 'physical': {'user_x': 367.3466135553752, 'user_y': 1075.658366946396, 'user_direction': 0.5810057968810745}, 'virtual': {'user_x': 2050.951513106854, 'user_y': 10163.416986312035, 'user_direction': -2.949282301612234}, 'user_v': 0, 'user_w': 0.1, 'delta_t': 0.02, 'need_reset': False}
Tangent angle: 5.167293691127045, User angle: 0.5810057968810745, Offset angle: 0.38732106384531284
Target angle: 5.554614754972358, distance: 490.28408119198014, angle diff: 1.3095763490883021, rotation direction: -1
Basic rotation angle: 0.0, rotation gain: 5.5384276305081934e-05
Rotation gain: 1.24, direction: -1, curvature radius: 2500000
{'type': 'running', 'physical': {'user_x': 367.3466135553752, 'user_y': 1075.658366946396, 'user_direction': 0.6616509581713971}, 'virtual': {'user_x': 2050.951513106854, 'user_y': 10163.416986312035, 'user_direction': -2.7729054616629147}, 'user_v': 7.999999999999999, 'user_w': 0, 'delta_t': 0.02, 'need_reset': False}
Tangent angle: 5.167293691127045, User angle: 0.6616509581713971, Offset angle: 0.38732106384531284
Target angle: 5.554614754972358, distance: 490.28408119198014, angle diff: 1.390221510378625, rotation direction: -1
Basic rotation angle: 1.693121693121693, rotation gain: 5.9666921426862315e-05
Rotation gain: 1.24, direction: -1, curvature radius: 7.5
{'type': 'running', 'physical': {'user_x': 367.3466135553752, 'user_y': 1075.658366946396, 'user_direction': 0.7422961194617197}, 'virtual': {'user_x': 2043.4891029171622, 'user_y': 10160.533857081358, 'user_direction': -2.7729054616629147}, 'user_v': 7.999999999999999, 'user_w': 0, 'delta_t': 0.02, 'need_reset': False}
Tangent angle: 5.167293691127045, User angle: 0.7422961194617197, Offset angle: 0.38732106384531284
Target angle: 5.554614754972358, distance: 490.28408119198014, angle diff: 1.4708666716689471, rotation direction: -1
Basic rotation angle: 1.693121693121693, rotation gain: 6.341423590842014e-05
Rotation gain: 1.24, direction: -1, curvature radius: 7.5
{'type': 'running', 'physical': {'user_x': 372.115240598303, 'user_y': 1079.850337531963, 'user_direction': 0.7211320982976985}, 'virtual': {'user_x': 2036.0266927274706, 'user_y': 10157.650727850682, 'user_direction': -2.772905461662911}, 'user_v': 7.999999999999999, 'user_w': 0, 'delta_t': 0.02, 'need_reset': False}
Tangent angle: 5.155762242401501, User angle: 0.7211320982976985, Offset angle: 0.3860115392792296
Target angle: 5.54177378168073, distance: 492.12580708301425, angle diff: 1.462543623796555, rotation direction: -1
Basic rotation angle: 1.693121693121693, rotation gain: 7.141958325359161e-05
Rotation gain: 1.24, direction: -1, curvature radius: 7.5
{'type': 'running', 'physical': {'user_x': 376.9715120406515, 'user_y': 1083.9404535380236, 'user_direction': 0.6999680771336774}, 'virtual': {'user_x': 2028.564282537779, 'user_y': 10154.767598620005, 'user_direction': -2.772905461662907}, 'user_v': 7.999999999999999, 'user_w': 0, 'delta_t': 0.02, 'need_reset': False}
Tangent angle: 5.144236767084715, User angle: 0.6999680771336774, Offset angle: 0.38475592458406555
Target angle: 5.528992691668781, distance: 493.9028943142784, angle diff: 1.454160692644483, rotation direction: -1
Basic rotation angle: 1.693121693121693, rotation gain: 8.31278427607357e-05
Rotation gain: 1.24, direction: -1, curvature radius: 7.5
{'type': 'running', 'physical': {'user_x': 381.9132527629432, 'user_y': 1087.9268830054098, 'user_direction': 0.6788040559696562}, 'virtual': {'user_x': 2021.1018723480875, 'user_y': 10151.884469389326, 'user_direction': -2.7729054616629027}, 'user_v': 7.999999999999999, 'user_w': 0, 'delta_t': 0.02, 'need_reset': False}
Tangent angle: 5.1327170012936385, User angle: 0.6788040559696562, Offset angle: 0.3835533707713227
Target angle: 5.5162703720649615, distance: 495.61524641582076, angle diff: 1.4457189910842807, rotation direction: -1
Basic rotation angle: 1.693121693121693, rotation gain: 9.805346338152395e-05
Rotation gain: 1.24, direction: -1, curvature radius: 7.5
{'type': 'running', 'physical': {'user_x': 386.93824936408953, 'user_y': 1091.8078404160585, 'user_direction': 0.657640034805635}, 'virtual': {'user_x': 2013.6394621583959, 'user_y': 10149.00134015865, 'user_direction': -2.7729054616629067}, 'user_v': 7.999999999999999, 'user_w': 0, 'delta_t': 0.02, 'need_reset': False}
Tangent angle: 5.121202686832039, User angle: 0.657640034805635, Offset angle: 0.38240307152536335
Target angle: 5.503605758357402, distance: 497.2627690454476, angle diff: 1.4372195836278188, rotation direction: -1
Basic rotation angle: 1.693121693121693, rotation gain: 0.00011577175602197979
Rotation gain: 1.24, direction: -1, curvature radius: 7.5
{'type': 'running', 'physical': {'user_x': 392.04425115277076, 'user_y': 1095.5815874927432, 'user_direction': 0.6364760136416139}, 'virtual': {'user_x': 2006.1770519687043, 'user_y': 10146.11821092797, 'user_direction': -2.7729054616629023}, 'user_v': 7.999999999999999, 'user_w': 0, 'delta_t': 0.02, 'need_reset': False}
Tangent angle: 5.1096935708873, User angle: 0.6364760136416139, Offset angle: 0.3813042617593434
Target angle: 5.490997832646643, distance: 498.845370170396, angle diff: 1.428663488174557, rotation direction: -1
Basic rotation angle: 1.693121693121693, rotation gain: 0.0001359112747086307
Rotation gain: 1.24, direction: -1, curvature radius: 7.5
{'type': 'running', 'physical': {'user_x': 397.2289711555189, 'user_y': 1099.2464339776461, 'user_direction': 0.6153119924775927}, 'virtual': {'user_x': 1998.7146417790127, 'user_y': 10143.235081697294, 'user_direction': -2.7729054616629067}, 'user_v': 7.999999999999999, 'user_w': 0, 'delta_t': 0.02, 'need_reset': False}
Tangent angle: 5.098189405738857, User angle: 0.6153119924775927, Offset angle: 0.38025621626116857
Target angle: 5.4784456220000255, distance: 500.36296023791124, angle diff: 1.4200516776571535, rotation direction: -1
Basic rotation angle: 1.693121693121693, rotation gain: 0.00015814715049091875
Rotation gain: 1.24, direction: -1, curvature radius: 7.5
{'type': 'running', 'physical': {'user_x': 402.49008714105065, 'user_y': 1102.800738389424, 'user_direction': 0.5941479713135716}, 'virtual': {'user_x': 1991.2522315893211, 'user_y': 10140.351952466615, 'user_direction': -2.7729054616629014}, 'user_v': 7.999999999999999, 'user_w': 0, 'delta_t': 0.02, 'need_reset': False}
Tangent angle: 5.086689948477517, User angle: 0.5941479713135716, Offset angle: 0.37925824842460887
Target angle: 5.465948196902126, distance: 501.8154523353179, angle diff: 1.4113850815910318, rotation direction: -1
Basic rotation angle: 1.693121693121693, rotation gain: 0.00018219525896814268
Rotation gain: 1.24, direction: -1, curvature radius: 7.5
{'type': 'running', 'physical': {'user_x': 407.8252426603931, 'user_y': 1106.2429087584255, 'user_direction': 0.5729839501495504}, 'virtual': {'user_x': 1983.7898213996295, 'user_y': 10137.468823235939, 'user_direction': -2.7729054616629067}, 'user_v': 7.999999999999999, 'user_w': 0, 'delta_t': 0.02, 'need_reset': False}
Tangent angle: 5.075194960734971, User angle: 0.5729839501495504, Offset angle: 0.3783097090610788
Target angle: 5.45350466979605, distance: 503.2027623401212, angle diff: 1.4026645875330868, rotation direction: -1
Basic rotation angle: 1.693121693121693, rotation gain: 0.00020780711721911298
Rotation gain: 1.24, direction: -1, curvature radius: 7.5
{'type': 'running', 'physical': {'user_x': 413.23204810233455, 'user_y': 1109.5714033397333, 'user_direction': 0.5518199289855292}, 'virtual': {'user_x': 1976.327411209938, 'user_y': 10134.58569400526, 'user_direction': -2.772905461662901}, 'user_v': 7.999999999999999, 'user_w': 0, 'delta_t': 0.02, 'need_reset': False}
Tangent angle: 5.0637042084228305, User angle: 0.5518199289855292, Offset angle: 0.37740998528793535
Target angle: 5.441114193710765, distance: 504.5248090606385, angle diff: 1.3938910424543502, rotation direction: -1
Basic rotation angle: 1.693121693121693, rotation gain: 0.00023476541894131649
Rotation gain: 1.24, direction: -1, curvature radius: 7.5
{'type': 'running', 'physical': {'user_x': 418.7080817637295, 'user_y': 1112.7847313037093, 'user_direction': 0.5306559078215081}, 'virtual': {'user_x': 1968.8650010202464, 'user_y': 10131.702564774583, 'user_direction': -2.7729054616629063}, 'user_v': 7.999999999999999, 'user_w': 0, 'delta_t': 0.02, 'need_reset': False}
Tangent angle: 5.0522174614805495, User angle: 0.5306559078215081, Offset angle: 0.37655849948946496
Target angle: 5.428775960970015, distance: 505.78151436762096, angle diff: 1.3850652540310797, rotation direction: -1
Basic rotation angle: 1.693121693121693, rotation gain: 0.00026288012800635677
Rotation gain: 1.24, direction: -1, curvature radius: 7.5
{'type': 'running', 'physical': {'user_x': 424.25089093417716, 'user_y': 1115.8814534037376, 'user_direction': 0.5094918866574869}, 'virtual': {'user_x': 1961.4025908305548, 'user_y': 10128.819435543905, 'user_direction': -2.7729054616629}, 'user_v': 7.999999999999999, 'user_w': 0, 'delta_t': 0.02, 'need_reset': False}
Tangent angle: 5.040734493631643, User angle: 0.5094918866574869, Offset angle: 0.37575470834703145
Target angle: 5.416489201978674, distance: 506.97280331728166, angle diff: 1.3761879918583988, rotation direction: -1
Basic rotation angle: 1.693121693121693, rotation gain: 0.000291985060613368
Rotation gain: 1.24, direction: -1, curvature radius: 7.5
{'type': 'running', 'physical': {'user_x': 429.8579929945881, 'user_y': 1118.8601826208599, 'user_direction': 0.48832786549346574}, 'virtual': {'user_x': 1953.9401806408632, 'user_y': 10125.936306313228, 'user_direction': -2.772905461662906}, 'user_v': 7.999999999999999, 'user_w': 0, 'delta_t': 0.02, 'need_reset': False}
Tangent angle: 5.029255082147637, User angle: 0.48832786549346574, Offset angle: 0.3749981019351292
Target angle: 5.404253184082767, distance: 508.0986042661223, angle diff: 1.3672599885902859, rotation direction: -1
Basic rotation angle: 1.693121693121693, rotation gain: 0.000321934894950086
Rotation gain: 1.24, direction: -1, curvature radius: 7.5
{'type': 'running', 'physical': {'user_x': 435.52687652914693, 'user_y': 1121.7195847850212, 'user_direction': 0.4671638443294446}, 'virtual': {'user_x': 1946.4777704511716, 'user_y': 10123.05317708255, 'user_direction': -2.7729054616628988}, 'user_v': 7.999999999999999, 'user_w': 0, 'delta_t': 0.02, 'need_reset': False}
Tangent angle: 5.017779007619196, User angle: 0.4671638443294446, Offset angle: 0.3742882028803457
Target angle: 5.392067210499541, distance: 509.1588489779132, angle diff: 1.3582819410094897, rotation direction: -1
Basic rotation angle: 1.693121693121693, rotation gain: 0.000352602554908233
Rotation gain: 1.24, direction: -1, curvature radius: 7.5
{'type': 'running', 'physical': {'user_x': 441.25500245017344, 'user_y': 1124.4583791726425, 'user_direction': 0.4459998231654234}, 'virtual': {'user_x': 1939.01536026148, 'user_y': 10120.170047851872, 'user_direction': -2.772905461662906}, 'user_v': 7.999999999999999, 'user_w': 0, 'delta_t': 0.02, 'need_reset': False}
Tangent angle: 5.006306053733925, User angle: 0.4459998231654234, Offset angle: 0.37362456558047874
Target angle: 5.379930619314404, distance: 510.15347272314983, angle diff: 1.3492545110306056, rotation direction: -1
Basic rotation angle: 1.693121693121693, rotation gain: 0.00038387692108214145
Rotation gain: 1.24, direction: -1, curvature radius: 7.5
{'type': 'running', 'physical': {'user_x': 447.0398051353774, 'user_y': 1127.0753390802565, 'user_direction': 0.42483580200140225}, 'virtual': {'user_x': 1931.5529500717885, 'user_y': 10117.286918621194, 'user_direction': -2.7729054616628974}, 'user_v': 7.999999999999999, 'user_w': 0, 'delta_t': 0.02, 'need_reset': False}
Tangent angle: 4.994836007060348, User angle: 0.42483580200140225, Offset angle: 0.37300677548127487
Target angle: 5.367842782541623, distance: 511.0824143712937, angle diff: 1.3401783266393652, rotation direction: -1
Basic rotation angle: 1.693121693121693, rotation gain: 0.0004156608281265196
Rotation gain: 1.24, direction: -1, curvature radius: 7.5
{'type': 'running', 'physical': {'user_x': 452.8786935769984, 'user_y': 1129.5692923739464, 'user_direction': 0.4036717808373811}, 'virtual': {'user_x': 1924.090539882097, 'user_y': 10114.403789390515, 'user_direction': -2.772905461662905}, 'user_v': 7.999999999999999, 'user_w': 0, 'delta_t': 0.02, 'need_reset': False}
Tangent angle: 4.983368656837595, User angle: 0.4036717808373811, Offset angle: 0.37243444840847373
Target angle: 5.355803105246069, distance: 511.94561647605985, angle diff: 1.3310539827708983, rotation direction: -1
Basic rotation angle: 1.693121693121693, rotation gain: 0.0004478693126652832
Rotation gain: 1.24, direction: -1, curvature radius: 7.5
{'type': 'running', 'physical': {'user_x': 458.7690525423159, 'user_y': 1131.9391220143439, 'user_direction': 0.3825077596733599}, 'virtual': {'user_x': 1916.6281296924053, 'user_y': 10111.520660159838, 'user_direction': -2.7729054616629147}, 'user_v': 7.999999999999999, 'user_w': 0, 'delta_t': 0.02, 'need_reset': False}
Tangent angle: 4.97190379477034, User angle: 0.3825077596733599, Offset angle: 0.371907229953032
Target angle: 5.343811024723372, distance: 512.743025354013, angle diff: 1.321882042129574, rotation direction: -1
Basic rotation angle: 1.693121693121693, rotation gain: 0.00048042808041990313
Rotation gain: 1.24, direction: -1, curvature radius: 7.5
{'type': 'running', 'physical': {'user_x': 464.70824374500944, 'user_y': 1134.1837665569496, 'user_direction': 0.36134373850933876}, 'virtual': {'user_x': 1909.1657195027137, 'user_y': 10108.63753092916, 'user_direction': -2.7729054616629045}, 'user_v': 7.999999999999999, 'user_w': 0, 'delta_t': 0.02, 'need_reset': False}
Tangent angle: 4.960441214828577, User angle: 0.36134373850933876, Offset angle: 0.371424794907597
Target angle: 5.331866009736173, distance: 513.4745911566895, angle diff: 1.3126630359527516, rotation direction: -1
Basic rotation angle: 1.693121693121693, rotation gain: 0.0005132721651425972
Rotation gain: 1.24, direction: -1, curvature radius: 7.5
{'type': 'running', 'physical': {'user_x': 470.6936070268448, 'user_y': 1136.3022206275537, 'user_direction': 0.3401797173453176}, 'virtual': {'user_x': 1901.7033093130221, 'user_y': 10105.754401698483, 'user_direction': -2.772905461662916}, 'user_v': 7.999999999999999, 'user_w': 0, 'delta_t': 0.02, 'need_reset': False}
Tangent angle: 4.9489807130517764, User angle: 0.3401797173453176, Offset angle: 0.3709868467524691
Target angle: 5.319967559804246, distance: 514.1402679364585, angle diff: 1.3033974647206579, rotation direction: -1
Basic rotation angle: 1.693121693121693, rotation gain: 0.0005463447553669641
Rotation gain: 1.24, direction: -1, curvature radius: 7.5
{'type': 'running', 'physical': {'user_x': 476.7224615491563, 'user_y': 1138.2935353725416, 'user_direction': 0.31901569618129644}, 'virtual': {'user_x': 1894.2408991233306, 'user_y': 10102.871272467804, 'user_direction': -2.7729054616629036}, 'user_v': 7.999999999999999, 'user_w': 0, 'delta_t': 0.02, 'need_reset': False}
Tangent angle: 4.937522087357077, User angle: 0.31901569618129644, Offset angle: 0.370593117189463
Target angle: 5.30811520454654, distance: 514.7400137063069, angle diff: 1.2940857988143435, rotation direction: -1
Basic rotation angle: 1.693121693121693, rotation gain: 0.0005795961679874524
Rotation gain: 1.24, direction: -1, curvature radius: 7.5
{'type': 'running', 'physical': {'user_x': 482.7921069935919, 'user_y': 1140.1568188838849, 'user_direction': 0.2978516750172753}, 'virtual': {'user_x': 1886.778488933639, 'user_y': 10099.988143237128, 'user_direction': -2.7729054616629183}, 'user_v': 7.999999999999999, 'user_w': 0, 'delta_t': 0.02, 'need_reset': False}
Tangent angle: 4.926065137351065, User angle: 0.2978516750172753, Offset angle: 0.3702433657222367
Target angle: 5.296308503073302, distance: 515.2737904937137, angle diff: 1.2847284791235598, rotation direction: -1
Basic rotation angle: 1.693121693121693, rotation gain: 0.0006129829503030014
Rotation gain: 1.24, direction: -1, curvature radius: 7.5
{'type': 'running', 'physical': {'user_x': 488.89982477158344, 'user_y': 1141.8912365986262, 'user_direction': 0.2766876538532541}, 'virtual': {'user_x': 1879.3160787439474, 'user_y': 10097.105014006449, 'user_direction': -2.772905461662902}, 'user_v': 7.999999999999999, 'user_w': 0, 'delta_t': 0.02, 'need_reset': False}
Tangent angle: 4.914609664144809, User angle: 0.2766876538532541, Offset angle: 0.3699373792818075
Target angle: 5.284547043426617, distance: 515.7415643887674, angle diff: 1.2753259176062235, rotation direction: -1
Basic rotation angle: 1.693121693121693, rotation gain: 0.0006464670944560794
Rotation gain: 1.24, direction: -1, curvature radius: 7.5
{'type': 'running', 'physical': {'user_x': 495.04287924199974, 'user_y': 1143.4960116726788, 'user_direction': 0.25552363268923295}, 'virtual': {'user_x': 1871.8536685542558, 'user_y': 10094.221884775772, 'user_direction': -2.7729054616629223}, 'user_v': 7.999999999999999, 'user_w': 0, 'delta_t': 0.02, 'need_reset': False}
Tangent angle: 4.903155470171765, User angle: 0.25552363268923295, Offset angle: 0.3696749718961193
Target angle: 5.2728304420678835, distance: 516.143305586654, angle diff: 1.2658784978009354, rotation direction: -1
Basic rotation angle: 1.693121693121693, rotation gain: 0.0006800153502072424
Rotation gain: 1.24, direction: -1, curvature radius: 7.5
{'type': 'running', 'physical': {'user_x': 501.21851893643793, 'user_y': 1144.9704253287746, 'user_direction': 0.2343596115252118}, 'virtual': {'user_x': 1864.3912583645642, 'user_y': 10091.338755545094, 'user_direction': -2.7729054616628983}, 'user_v': 7.999999999999999, 'user_w': 0, 'delta_t': 0.02, 'need_reset': False}
Tangent angle: 4.891702359008186, User angle: 0.2343596115252118, Offset angle: 0.3694559844026655
Target angle: 5.261158343410852, distance: 516.4789884246369, angle diff: 1.2563865752939467, rotation direction: -1
Basic rotation angle: 1.693121693121693, rotation gain: 0.0007135986237430767
Rotation gain: 1.24, direction: -1, curvature radius: 7.5
{'type': 'running', 'physical': {'user_x': 507.4239777916035, 'user_y': 1146.3138171784037, 'user_direction': 0.21319559036119062}, 'virtual': {'user_x': 1856.9288481748727, 'user_y': 10088.455626314417, 'user_direction': -2.772905461662932}, 'user_v': 7.999999999999999, 'user_w': 0, 'delta_t': 0.02, 'need_reset': False}
Tangent angle: 4.8802501351957215, User angle: 0.21319559036119062, Offset angle: 0.3692802842033047
Target angle: 5.249530419399026, distance: 516.7485914136272, angle diff: 1.2468504781417513, rotation direction: -1
Basic rotation angle: 1.693121693121693, rotation gain: 0.0007471914517533924
Rotation gain: 1.24, direction: -1, curvature radius: 7.5
{'type': 'running', 'physical': {'user_x': 513.6564763882274, 'user_y': 1147.525585517602, 'user_direction': 0.19203156919716946}, 'virtual': {'user_x': 1849.466437985181, 'user_y': 10085.572497083738, 'user_direction': -2.7729054616628876}, 'user_v': 7.999999999999999, 'user_w': 0, 'delta_t': 0.02, 'need_reset': False}
Tangent angle: 4.868798604065817, User angle: 0.19203156919716946, Offset angle: 0.3691477650605374
Target angle: 5.237946369126354, distance: 516.9520972644269, angle diff: 1.2372705072504013, rotation direction: -1
Basic rotation angle: 1.693121693121693, rotation gain: 0.000780771541359251
Rotation gain: 1.24, direction: -1, curvature radius: 7.5
{'type': 'running', 'physical': {'user_x': 519.9132231959655, 'user_y': 1148.6051875964533, 'user_direction': 0.1708675480331483}, 'virtual': {'user_x': 1843.1163850971532, 'user_y': 10083.11913112925, 'user_direction': -2.7729054616628876}, 'user_v': 0, 'user_w': 0.1, 'delta_t': 0.02, 'need_reset': False}
Tangent angle: 4.857347571565619, User angle: 0.1708675480331483, Offset angle: 0.369058346934637
Target angle: 5.226405918500256, distance: 517.0894929087217, angle diff: 1.2276469367124783, rotation direction: -1
Basic rotation angle: 0.0, rotation gain: 0.0006875465743213966
Rotation gain: 1.24, direction: -1, curvature radius: 2500000
{'type': 'running', 'physical': {'user_x': 526.1914158237225, 'user_y': 1149.5521398621877, 'user_direction': 0.14970352686912713}, 'virtual': {'user_x': 1843.1163850971532, 'user_y': 10083.11913112925, 'user_direction': -2.8729054616628877}, 'user_v': 0, 'user_w': 0.1, 'delta_t': 0.02, 'need_reset': False}
Tangent angle: 4.845896844085044, User angle: 0.14970352686912713, Offset angle: 0.3690119758611511
Target angle: 5.214908819946196, distance: 517.1607695148736, angle diff: 1.2179800141025172, rotation direction: -1
Basic rotation angle: 0.0, rotation gain: 0.0006061128650289025
Rotation gain: 1.24, direction: -1, curvature radius: 2500000
{'type': 'running', 'physical': {'user_x': 526.1914158237225, 'user_y': 1149.5521398621877, 'user_direction': 0.23034868815944973}, 'virtual': {'user_x': 1843.1163850971532, 'user_y': 10083.11913112925, 'user_direction': -2.972905461662888}, 'user_v': 0, 'user_w': 0.1, 'delta_t': 0.02, 'need_reset': False}
Tangent angle: 4.845896844085044, User angle: 0.23034868815944973, Offset angle: 0.3690119758611511
Target angle: 5.214908819946196, distance: 517.1607695148736, angle diff: 1.2986251753928402, rotation direction: -1
Basic rotation angle: 0.0, rotation gain: 0.0005348583693979701
Rotation gain: 1.24, direction: -1, curvature radius: 2500000
{'type': 'running', 'physical': {'user_x': 526.1914158237225, 'user_y': 1149.5521398621877, 'user_direction': 0.3109938494497723}, 'virtual': {'user_x': 1843.1163850971532, 'user_y': 10083.11913112925, 'user_direction': -3.072905461662888}, 'user_v': 0, 'user_w': 0.1, 'delta_t': 0.02, 'need_reset': False}
Tangent angle: 4.845896844085044, User angle: 0.3109938494497723, Offset angle: 0.3690119758611511
Target angle: 5.214908819946196, distance: 517.1607695148736, angle diff: 1.3792703366831631, rotation direction: -1
Basic rotation angle: 0.0, rotation gain: 0.0004725106857209044
Rotation gain: 1.24, direction: -1, curvature radius: 2500000
{'type': 'running', 'physical': {'user_x': 526.1914158237225, 'user_y': 1149.5521398621877, 'user_direction': 0.3916390107400949}, 'virtual': {'user_x': 1843.1163850971532, 'user_y': 10083.11913112925, 'user_direction': 3.1102798455166982}, 'user_v': 0, 'user_w': 0.1, 'delta_t': 0.02, 'need_reset': False}
Tangent angle: 4.845896844085044, User angle: 0.3916390107400949, Offset angle: 0.3690119758611511
Target angle: 5.214908819946196, distance: 517.1607695148736, angle diff: 1.4599154979734852, rotation direction: -1
Basic rotation angle: 0.0, rotation gain: 0.0004179564625034719
Rotation gain: 1.24, direction: -1, curvature radius: 2500000
{'type': 'running', 'physical': {'user_x': 526.1914158237225, 'user_y': 1149.5521398621877, 'user_direction': 0.4722841720304175}, 'virtual': {'user_x': 1843.1163850971532, 'user_y': 10083.11913112925, 'user_direction': 3.010279845516698}, 'user_v': 0, 'user_w': 0.1, 'delta_t': 0.02, 'need_reset': False}
Tangent angle: 4.845896844085044, User angle: 0.4722841720304175, Offset angle: 0.3690119758611511
Target angle: 5.214908819946196, distance: 517.1607695148736, angle diff: 1.5405606592638081, rotation direction: -1
Basic rotation angle: 0.0, rotation gain: 0.00037022151718821847
Rotation gain: 1.24, direction: -1, curvature radius: 2500000
{'type': 'running', 'physical': {'user_x': 526.1914158237225, 'user_y': 1149.5521398621877, 'user_direction': 0.5529293333207401}, 'virtual': {'user_x': 1843.1163850971532, 'user_y': 10083.11913112925, 'user_direction': 2.910279845516698}, 'user_v': 0, 'user_w': 0.1, 'delta_t': 0.02, 'need_reset': False}
Tangent angle: 4.845896844085044, User angle: 0.5529293333207401, Offset angle: 0.3690119758611511
Target angle: 5.214908819946196, distance: 517.1607695148736, angle diff: 1.621205820554131, rotation direction: -1
Basic rotation angle: 0.0, rotation gain: 0.0003284534400373717
Rotation gain: 1.24, direction: -1, curvature radius: 2500000
{'type': 'running', 'physical': {'user_x': 526.1914158237225, 'user_y': 1149.5521398621877, 'user_direction': 0.6335744946110627}, 'virtual': {'user_x': 1843.1163850971532, 'user_y': 10083.11913112925, 'user_direction': 2.810279845516698}, 'user_v': 0, 'user_w': 0.1, 'delta_t': 0.02, 'need_reset': False}
Tangent angle: 4.845896844085044, User angle: 0.6335744946110627, Offset angle: 0.3690119758611511
Target angle: 5.214908819946196, distance: 517.1607695148736, angle diff: 1.7018509818444532, rotation direction: -1
Basic rotation angle: 0.0, rotation gain: 0.00029190637253038076
Rotation gain: 1.24, direction: -1, curvature radius: 2500000
{'type': 'running', 'physical': {'user_x': 526.1914158237225, 'user_y': 1149.5521398621877, 'user_direction': 0.7142196559013854}, 'virtual': {'user_x': 1843.1163850971532, 'user_y': 10083.11913112925, 'user_direction': 2.710279845516698}, 'user_v': 0, 'user_w': 0.1, 'delta_t': 0.02, 'need_reset': False}
Tangent angle: 4.845896844085044, User angle: 0.7142196559013854, Offset angle: 0.3690119758611511
Target angle: 5.214908819946196, distance: 517.1607695148736, angle diff: 1.7824961431347761, rotation direction: -1
Basic rotation angle: 0.0, rotation gain: 0.0002599276884617637
Rotation gain: 1.24, direction: -1, curvature radius: 2500000
{'type': 'running', 'physical': {'user_x': 526.1914158237225, 'user_y': 1149.5521398621877, 'user_direction': 0.794864817191708}, 'virtual': {'user_x': 1843.1163850971532, 'user_y': 10083.11913112925, 'user_direction': 2.610279845516698}, 'user_v': 0, 'user_w': 0.1, 'delta_t': 0.02, 'need_reset': False}
Tangent angle: 4.845896844085044, User angle: 0.794864817191708, Offset angle: 0.3690119758611511
Target angle: 5.214908819946196, distance: 517.1607695148736, angle diff: 1.8631413044250982, rotation direction: -1
Basic rotation angle: 0.0, rotation gain: 0.00023194633990172373
Rotation gain: 1.24, direction: -1, curvature radius: 2500000
{'type': 'running', 'physical': {'user_x': 526.1914158237225, 'user_y': 1149.5521398621877, 'user_direction': 0.8755099784820306}, 'virtual': {'user_x': 1843.1163850971532, 'user_y': 10083.11913112925, 'user_direction': 2.5102798455166977}, 'user_v': 0, 'user_w': 0.1, 'delta_t': 0.02, 'need_reset': False}
Tangent angle: 4.845896844085044, User angle: 0.8755099784820306, Offset angle: 0.3690119758611511
Target angle: 5.214908819946196, distance: 517.1607695148736, angle diff: 1.9437864657154211, rotation direction: -1
Basic rotation angle: 0.0, rotation gain: 0.00020746265991168877
Rotation gain: 1.24, direction: -1, curvature radius: 2500000
{'type': 'running', 'physical': {'user_x': 526.1914158237225, 'user_y': 1149.5521398621877, 'user_direction': 0.9561551397723532}, 'virtual': {'user_x': 1843.1163850971532, 'user_y': 10083.11913112925, 'user_direction': 2.4102798455166976}, 'user_v': 0, 'user_w': 0.1, 'delta_t': 0.02, 'need_reset': False}
Tangent angle: 4.845896844085044, User angle: 0.9561551397723532, Offset angle: 0.3690119758611511
Target angle: 5.214908819946196, distance: 517.1607695148736, angle diff: 2.024431627005744, rotation direction: -1
Basic rotation angle: 0.0, rotation gain: 0.0001860394399204082
Rotation gain: 1.24, direction: -1, curvature radius: 2500000
{'type': 'running', 'physical': {'user_x': 526.1914158237225, 'user_y': 1149.5521398621877, 'user_direction': 1.0368003010626758}, 'virtual': {'user_x': 1843.1163850971532, 'user_y': 10083.11913112925, 'user_direction': 2.2155139885181434}, 'user_v': 7.999999999999999, 'user_w': 0, 'delta_t': 0.02, 'need_reset': False}
Tangent angle: 4.845896844085044, User angle: 1.0368003010626758, Offset angle: 0.3690119758611511
Target angle: 5.214908819946196, distance: 517.1607695148736, angle diff: 2.105076788296066, rotation direction: -1
Basic rotation angle: 1.693121693121693, rotation gain: 0.0002980728848607727
Rotation gain: 1.24, direction: -1, curvature radius: 7.5
{'type': 'running', 'physical': {'user_x': 526.1914158237225, 'user_y': 1149.5521398621877, 'user_direction': 1.1174454623529984}, 'virtual': {'user_x': 1838.308602712324, 'user_y': 10089.513286940624, 'user_direction': 2.2155139885181434}, 'user_v': 7.999999999999999, 'user_w': 0, 'delta_t': 0.02, 'need_reset': False}
Tangent angle: 4.845896844085044, User angle: 1.1174454623529984, Offset angle: 0.3690119758611511
Target angle: 5.214908819946196, distance: 517.1607695148736, angle diff: 2.185721949586389, rotation direction: -1
Basic rotation angle: 1.693121693121693, rotation gain: 0.00039610214918359165
Rotation gain: 1.24, direction: -1, curvature radius: 7.5
{'type': 'running', 'physical': {'user_x': 529.092412551862, 'user_y': 1155.1998508363902, 'user_direction': 1.0962814411889772}, 'virtual': {'user_x': 1833.500820327495, 'user_y': 10095.907442751999, 'user_direction': 2.2155139885181487}, 'user_v': 7.999999999999999, 'user_w': 0, 'delta_t': 0.02, 'need_reset': False}
Tangent angle: 4.839416729045443, User angle: 1.0962814411889772, Offset angle: 0.36540565884480974
Target angle: 5.204822387890252, distance: 522.756884532825, angle diff: 2.174644360478311, rotation direction: -1
Basic rotation angle: 1.693121693121693, rotation gain: 0.00048550873593074966
Rotation gain: 1.24, direction: -1, curvature radius: 7.5
{'type': 'running', 'physical': {'user_x': 532.1122789548147, 'user_y': 1160.784904835513, 'user_direction': 1.075117420024956}, 'virtual': {'user_x': 1828.6930379426656, 'user_y': 10102.301598563372, 'user_direction': 2.215513988518155}, 'user_v': 7.999999999999999, 'user_w': 0, 'delta_t': 0.02, 'need_reset': False}
Tangent angle: 4.832861146795249, User angle: 1.075117420024956, Offset angle: 0.3619066641402675
Target angle: 5.194767810935517, distance: 528.2882282997458, angle diff: 2.1635349162690254, rotation direction: -1
Basic rotation angle: 1.693121693121693, rotation gain: 0.000567354561879795
Rotation gain: 1.24, direction: -1, curvature radius: 7.5
{'type': 'running', 'physical': {'user_x': 535.2496624372178, 'user_y': 1166.3048003190477, 'user_direction': 1.0539533988609349}, 'virtual': {'user_x': 1823.8852555578364, 'user_y': 10108.695754374747, 'user_direction': 2.2155139885181483}, 'user_v': 7.999999999999999, 'user_w': 0, 'delta_t': 0.02, 'need_reset': False}
Tangent angle: 4.826232911362475, User angle: 1.0539533988609349, Offset angle: 0.35851130341467946
Target angle: 5.1847442147771545, distance: 533.7543752316141, angle diff: 2.152394491263367, rotation direction: -1
Basic rotation angle: 1.693121693121693, rotation gain: 0.0006425690451132785
Rotation gain: 1.24, direction: -1, curvature radius: 7.5
{'type': 'running', 'physical': {'user_x': 538.5031577679181, 'user_y': 1171.7570649309234, 'user_direction': 1.0327893776969137}, 'virtual': {'user_x': 1819.077473173007, 'user_y': 10115.08991018612, 'user_direction': 2.215513988518156}, 'user_v': 7.999999999999999, 'user_w': 0, 'delta_t': 0.02, 'need_reset': False}
Tangent angle: 4.819534713249383, User angle: 1.0327893776969137, Offset angle: 0.3552160667467123
Target angle: 5.174750779996096, distance: 539.1548969479381, angle diff: 2.1412239048804045, rotation direction: -1
Basic rotation angle: 1.693121693121693, rotation gain: 0.0007119656482467598
Rotation gain: 1.24, direction: -1, curvature radius: 7.5
{'type': 'running', 'physical': {'user_x': 541.8713077093727, 'user_y': 1177.139256606875, 'user_direction': 1.0116253565328925}, 'virtual': {'user_x': 1814.269690788178, 'user_y': 10121.484065997494, 'user_direction': 2.215513988518148}, 'user_v': 7.999999999999999, 'user_w': 0, 'delta_t': 0.02, 'need_reset': False}
Tangent angle: 4.812769126224224, User angle: 1.0116253565328925, Offset angle: 0.3520176124009069
Target angle: 5.164786738625131, distance: 544.4893629669498, angle diff: 2.1300239250873476, rotation direction: -1
Basic rotation angle: 1.693121693121693, rotation gain: 0.0007762563550090728
Rotation gain: 1.24, direction: -1, curvature radius: 7.5
{'type': 'running', 'physical': {'user_x': 545.3526036703449, 'user_y': 1182.4489646682398, 'user_direction': 0.9904613353688714}, 'virtual': {'user_x': 1809.4619084033486, 'user_y': 10127.878221808867, 'user_direction': 2.2155139885181567}, 'user_v': 7.999999999999999, 'user_w': 0, 'delta_t': 0.02, 'need_reset': False}
Tangent angle: 4.805938613688065, User angle: 0.9904613353688714, Offset angle: 0.34891275730173515
Target angle: 5.1548513709898005, distance: 549.7573413504497, angle diff: 2.118795271558657, rotation direction: -1
Basic rotation angle: 1.693121693121693, rotation gain: 0.0008360643384072851
Rotation gain: 1.24, direction: -1, curvature radius: 7.5
{'type': 'running', 'physical': {'user_x': 548.945486381601, 'user_y': 1187.6838109016987, 'user_direction': 0.9692973142048502}, 'virtual': {'user_x': 1804.6541260185195, 'user_y': 10134.272377620242, 'user_direction': 2.2155139885181465}, 'user_v': 7.999999999999999, 'user_w': 0, 'delta_t': 0.02, 'need_reset': False}
Tangent angle: 4.799045534646626, User angle: 0.9692973142048502, Offset angle: 0.34589846815255676
Target angle: 5.144944002799183, distance: 554.958399302826, angle diff: 2.107538618585254, rotation direction: -1
Basic rotation angle: 1.693121693121693, rotation gain: 0.0008919350464386646
Rotation gain: 1.24, direction: -1, curvature radius: 7.5
{'type': 'running', 'physical': {'user_x': 552.6483465943049, 'user_y': 1192.8414506244767, 'user_direction': 0.948133293040829}, 'virtual': {'user_x': 1799.8463436336901, 'user_y': 10140.666533431615, 'user_direction': 2.2155139885181585}, 'user_v': 7.999999999999999, 'user_w': 0, 'delta_t': 0.02, 'need_reset': False}
Tangent angle: 4.792092149314746, User angle: 0.948133293040829, Offset angle: 0.34297185314954826
Target angle: 5.1350640024642935, distance: 560.0921037282948, angle diff: 2.096254597756122, rotation direction: -1
Basic rotation angle: 1.693121693121693, rotation gain: 0.000944345903074686
Rotation gain: 1.24, direction: -1, curvature radius: 7.5
{'type': 'running', 'physical': {'user_x': 556.4595258008, 'user_y': 1197.9195737345226, 'user_direction': 0.9269692718768079}, 'virtual': {'user_x': 1795.038561248861, 'user_y': 10147.06068924299, 'user_direction': 2.215513988518145}, 'user_v': 7.999999999999999, 'user_w': 0, 'delta_t': 0.02, 'need_reset': False}
Tangent angle: 4.785080624378991, User angle: 0.9269692718768079, Offset angle: 0.340130154245062
Target angle: 5.125210778624053, distance: 565.158021749992, angle diff: 2.084943800432341, rotation direction: -1
Basic rotation angle: 1.693121693121693, rotation gain: 0.000993714797533677
Rotation gain: 1.24, direction: -1, curvature radius: 7.5
{'type': 'running', 'physical': {'user_x': 556.4595258008, 'user_y': 1197.9195737345226, 'user_direction': 0.9269692718768079}, 'virtual': {'user_x': 1790.2307788640317, 'user_y': 10153.454845054363, 'user_direction': 2.215513988518161}, 'user_v': 7.999999999999999, 'user_w': 0, 'delta_t': 0.02, 'need_reset': True}
{'type': 'running', 'physical': {'user_x': 556.4595258008, 'user_y': 1197.9195737345226, 'user_direction': 4.068561925466601}, 'virtual': {'user_x': 1785.4229964792025, 'user_y': 10159.849000865737, 'user_direction': 2.215513988518141}, 'user_v': 7.999999999999999, 'user_w': 0, 'delta_t': 0.02, 'need_reset': False}
Tangent angle: 4.785080624378991, User angle: 4.068561925466601, Offset angle: 0.340130154245062
Target angle: 4.444950470133929, distance: 565.158021749992, angle diff: 0.37638854466732763, rotation direction: 1
Basic rotation angle: 1.693121693121693, rotation gain: 0.001261050284410697
Rotation gain: 1.24, direction: 1, curvature radius: 7.5
{'type': 'running', 'physical': {'user_x': 552.756665588096, 'user_y': 1192.7619340117446, 'user_direction': 4.089725946630622}, 'virtual': {'user_x': 1780.6152140943732, 'user_y': 10166.24315667711, 'user_direction': 2.2155139885181696}, 'user_v': 7.999999999999999, 'user_w': 0, 'delta_t': 0.02, 'need_reset': False}
Tangent angle: 4.791921215926429, User angle: 4.089725946630622, Offset angle: 0.3430246256907687
Target angle: 4.448896590235661, distance: 559.9987884448492, angle diff: 0.35917064360503836, rotation direction: 1
Basic rotation angle: 1.693121693121693, rotation gain: 0.0014938037346283743
Rotation gain: 1.24, direction: 1, curvature radius: 7.5
{'type': 'running', 'physical': {'user_x': 549.16378287684, 'user_y': 1187.5270877782857, 'user_direction': 4.110889967794644}, 'virtual': {'user_x': 1775.807431709544, 'user_y': 10172.637312488485, 'user_direction': 2.2155139885181265}, 'user_v': 7.999999999999999, 'user_w': 0, 'delta_t': 0.02, 'need_reset': False}
Tangent angle: 4.798699756164912, User angle: 4.110889967794644, Offset angle: 0.34600541079896874
Target angle: 4.452694345365943, distance: 554.7723856183061, angle diff: 0.34180437757129933, rotation direction: 1
Basic rotation angle: 1.693121693121693, rotation gain: 0.001696339891468566
Rotation gain: 1.24, direction: 1, curvature radius: 7.5
{'type': 'running', 'physical': {'user_x': 545.6824869158677, 'user_y': 1182.217379716921, 'user_direction': 4.132053988958665}, 'virtual': {'user_x': 1773.6880258294618, 'user_y': 10175.456036453103, 'user_direction': 2.2155139885181265}, 'user_v': 0, 'user_w': 0.1, 'delta_t': 0.02, 'need_reset': False}
Tangent angle: 4.805413927918851, User angle: 4.132053988958665, Offset angle: 0.34907533327216694
Target angle: 4.4563385946466845, distance: 549.4792711941755, angle diff: 0.3242846056880193, rotation direction: 1
Basic rotation angle: 0.0, rotation gain: 0.0014972368129590628
Rotation gain: 1.24, direction: 1, curvature radius: 2500000
{'type': 'running', 'physical': {'user_x': 542.3143369744131, 'user_y': 1176.8351880409693, 'user_direction': 4.1532180101226865}, 'virtual': {'user_x': 1773.6880258294618, 'user_y': 10175.456036453103, 'user_direction': 2.3155139885181266}, 'user_v': 0, 'user_w': 0.1, 'delta_t': 0.02, 'need_reset': False}
Tangent angle: 4.812061313287236, User angle: 4.1532180101226865, Offset angle: 0.35223735353274194
Target angle: 4.459823959754495, distance: 544.1199039558854, angle diff: 0.3066059496318081, rotation direction: 1
Basic rotation angle: 0.0, rotation gain: 0.0013229871575190196
Rotation gain: 1.24, direction: 1, curvature radius: 2500000
{'type': 'running', 'physical': {'user_x': 542.3143369744131, 'user_y': 1176.8351880409693, 'user_direction': 4.2338631714130095}, 'virtual': {'user_x': 1773.6880258294618, 'user_y': 10175.456036453103, 'user_direction': 2.4155139885181267}, 'user_v': 0, 'user_w': 0.1, 'delta_t': 0.02, 'need_reset': False}
Tangent angle: 4.812061313287236, User angle: 4.2338631714130095, Offset angle: 0.35223735353274194
Target angle: 4.459823959754495, distance: 544.1199039558854, angle diff: 0.22596078834148514, rotation direction: 1
Basic rotation angle: 0.0, rotation gain: 0.001170518709008982
Rotation gain: 1.24, direction: 1, curvature radius: 2500000
{'type': 'running', 'physical': {'user_x': 542.3143369744131, 'user_y': 1176.8351880409693, 'user_direction': 4.3145083327033324}, 'virtual': {'user_x': 1773.6880258294618, 'user_y': 10175.456036453103, 'user_direction': 2.5916063787495}, 'user_v': 7.999999999999999, 'user_w': 0, 'delta_t': 0.02, 'need_reset': False}
Tangent angle: 4.812061313287236, User angle: 4.3145083327033324, Offset angle: 0.35223735353274194
Target angle: 4.459823959754495, distance: 544.1199039558854, angle diff: 0.1453156270511622, rotation direction: 1
Basic rotation angle: 1.693121693121693, rotation gain: 0.0014113522557780503
Rotation gain: 1.24, direction: 1, curvature radius: 7.5
{'type': 'running', 'physical': {'user_x': 542.3143369744131, 'user_y': 1176.8351880409693, 'user_direction': 4.395153493993655}, 'virtual': {'user_x': 1766.8677722619027, 'user_y': 10179.637440675871, 'user_direction': 2.5916063787495}, 'user_v': 7.999999999999999, 'user_w': 0, 'delta_t': 0.02, 'need_reset': False}
Tangent angle: 4.812061313287236, User angle: 4.395153493993655, Offset angle: 0.35223735353274194
Target angle: 4.459823959754495, distance: 544.1199039558854, angle diff: 0.06467046576083924, rotation direction: 1
Basic rotation angle: 1.693121693121693, rotation gain: 0.001622081609200985
Rotation gain: 1.24, direction: 1, curvature radius: 7.5
{'type': 'running', 'physical': {'user_x': 540.4618616521149, 'user_y': 1170.7622351805333, 'user_direction': 4.416317515157677}, 'virtual': {'user_x': 1760.0475186943436, 'user_y': 10183.81884489864, 'user_direction': 2.591606378749491}, 'user_v': 7.999999999999999, 'user_w': 0, 'delta_t': 0.02, 'need_reset': False}
Tangent angle: 4.816326457854167, User angle: 4.416317515157677, Offset angle: 0.3559890547491492
Target angle: 4.460337403105019, distance: 537.8794651464306, angle diff: 0.04401988794734191, rotation direction: 1
Basic rotation angle: 1.693121693121693, rotation gain: 0.0018063173665950989
Rotation gain: 1.24, direction: 1, curvature radius: 7.5
{'type': 'running', 'physical': {'user_x': 538.7383196989266, 'user_y': 1164.6514394549013, 'user_direction': 4.437481536321698}, 'virtual': {'user_x': 1753.2272651267845, 'user_y': 10188.00024912141, 'user_direction': 2.5916063787494803}, 'user_v': 7.999999999999999, 'user_w': 0, 'delta_t': 0.02, 'need_reset': False}
Tangent angle: 4.820460946861167, User angle: 4.437481536321698, Offset angle: 0.3598505657462505
Target angle: 4.4606103811149165, distance: 531.5865325154531, angle diff: 0.023128844793218306, rotation direction: 1
Basic rotation angle: 1.693121693121693, rotation gain: 0.00196744260169806
Rotation gain: 1.24, direction: 1, curvature radius: 7.5
{'type': 'running', 'physical': {'user_x': 537.1444830876915, 'user_y': 1158.5055378838144, 'user_direction': 4.45864555748572}, 'virtual': {'user_x': 1746.4070115592253, 'user_y': 10192.18165334418, 'user_direction': 2.591606378749492}, 'user_v': 7.999999999999999, 'user_w': 0, 'delta_t': 0.02, 'need_reset': False}
Tangent angle: 4.824459747745133, User angle: 4.45864555748572, Offset angle: 0.36382561545087794
Target angle: 4.460634132294256, distance: 525.2420888059165, angle diff: 0.0019885748085366473, rotation direction: 1
Basic rotation angle: 1.693121693121693, rotation gain: 0.00210842012978276
Rotation gain: 1.24, direction: 1, curvature radius: 7.5
{'type': 'running', 'physical': {'user_x': 535.6810656963502, 'user_y': 1152.3272832108892, 'user_direction': 4.479809578649741}, 'virtual': {'user_x': 1739.5867579916662, 'user_y': 10196.36305756695, 'user_direction': 2.591606378749478}, 'user_v': 7.999999999999999, 'user_w': 0, 'delta_t': 0.02, 'need_reset': False}
Tangent angle: 4.828317598871122, User angle: 4.479809578649741, Offset angle: 0.36791809425780253
Target angle: 4.460399504613319, distance: 518.8471384609142, angle diff: 0.01941007403642203, rotation direction: -1
Basic rotation angle: 1.693121693121693, rotation gain: 0.002231845133729154
Rotation gain: 1.24, direction: -1, curvature radius: 7.5
{'type': 'running', 'physical': {'user_x': 534.087229085115, 'user_y': 1146.1813816398023, 'user_direction': 4.45864555748572}, 'virtual': {'user_x': 1732.766504424107, 'user_y': 10200.54446178972, 'user_direction': 2.5916063787494936}, 'user_v': 7.999999999999999, 'user_w': 0, 'delta_t': 0.02, 'need_reset': False}
Tangent angle: 4.83248748075119, User angle: 4.45864555748572, Offset angle: 0.3720662470373198
Target angle: 4.46042123371387, distance: 512.5022878189341, angle diff: 0.0017756762281502247, rotation direction: 1
Basic rotation angle: 1.693121693121693, rotation gain: 0.0023398355605478076
Rotation gain: 1.24, direction: 1, curvature radius: 7.5
{'type': 'running', 'physical': {'user_x': 532.6238116937737, 'user_y': 1140.003126966877, 'user_direction': 4.479809578649741}, 'virtual': {'user_x': 1725.946250856548, 'user_y': 10204.72586601249, 'user_direction': 2.591606378749474}, 'user_v': 7.999999999999999, 'user_w': 0, 'delta_t': 0.02, 'need_reset': False}
Tangent angle: 4.8365175036210175, User angle: 4.479809578649741, Offset angle: 0.37633947402301654
Target angle: 4.460178029598001, distance: 506.1056489357545, angle diff: 0.019631549051739583, rotation direction: -1
Basic rotation angle: 1.693121693121693, rotation gain: 0.002434399390978671
Rotation gain: 1.24, direction: -1, curvature radius: 7.5
{'type': 'running', 'physical': {'user_x': 531.0299750825386, 'user_y': 1133.8572253957902, 'user_direction': 4.45864555748572}, 'virtual': {'user_x': 1719.1259972889889, 'user_y': 10208.907270235259, 'user_direction': 2.5916063787494976}, 'user_v': 7.999999999999999, 'user_w': 0, 'delta_t': 0.02, 'need_reset': False}
Tangent angle: 4.840869224387713, User angle: 4.45864555748572, Offset angle: 0.3806717254262875
Target angle: 4.460197498961426, distance: 499.7603440094131, angle diff: 0.0015519414757063643, rotation direction: 1
Basic rotation angle: 1.693121693121693, rotation gain: 0.0025171369624453956
Rotation gain: 1.24, direction: 1, curvature radius: 7.5
{'type': 'running', 'physical': {'user_x': 529.5665576911973, 'user_y': 1127.678970722865, 'user_direction': 4.479809578649741}, 'virtual': {'user_x': 1712.3057437214297, 'user_y': 10213.08867445803, 'user_direction': 2.5916063787494648}, 'user_v': 7.999999999999999, 'user_w': 0, 'delta_t': 0.02, 'need_reset': False}
Tangent angle: 4.8450824796469885, User angle: 4.479809578649741, Offset angle: 0.385137344702097
Target angle: 4.459945134944892, distance: 493.36190158808324, angle diff: 0.019864443704848966, rotation direction: -1
Basic rotation angle: 1.693121693121693, rotation gain: 0.0025896072569490352
Rotation gain: 1.24, direction: -1, curvature radius: 7.5
{'type': 'running', 'physical': {'user_x': 527.9727210799622, 'user_y': 1121.5330691517781, 'user_direction': 4.45864555748572}, 'virtual': {'user_x': 1705.4854901538704, 'user_y': 10217.270078680798, 'user_direction': 2.591606378749511}, 'user_v': 7.999999999999999, 'user_w': 0, 'delta_t': 0.02, 'need_reset': False}
Tangent angle: 4.849627664040933, User angle: 4.45864555748572, Offset angle: 0.38966558651032224
Target angle: 4.459962077530612, distance: 487.0160891875117, angle diff: 0.0013165200448925773, rotation direction: 1
Basic rotation angle: 1.693121693121693, rotation gain: 0.0026530137351274997
Rotation gain: 1.24, direction: 1, curvature radius: 7.5
{'type': 'running', 'physical': {'user_x': 526.5093036886209, 'user_y': 1115.3548144788529, 'user_direction': 4.479809578649741}, 'virtual': {'user_x': 1701.2482643212688, 'user_y': 10219.867863911768, 'user_direction': 2.591606378749511}, 'user_v': 0, 'user_w': 0.1, 'delta_t': 0.02, 'need_reset': False}
Tangent angle: 4.854036117390777, User angle: 4.479809578649741, Offset angle: 0.3943362051011806
Target angle: 4.459699912289597, distance: 480.615716816319, angle diff: 0.020109666360143663, rotation direction: -1
Basic rotation angle: 0.0, rotation gain: 0.0023342931917947705
Rotation gain: 1.24, direction: -1, curvature radius: 2500000
{'type': 'running', 'physical': {'user_x': 524.9154670773858, 'user_y': 1109.208912907766, 'user_direction': 4.45864555748572}, 'virtual': {'user_x': 1701.2482643212688, 'user_y': 10219.867863911768, 'user_direction': 2.691606378749511}, 'user_v': 0, 'user_w': 0.1, 'delta_t': 0.02, 'need_reset': False}
Tangent angle: 4.858787338927949, User angle: 4.45864555748572, Offset angle: 0.3990733115894231
Target angle: 4.459714027338526, distance: 474.26933705323603, angle diff: 0.0010684698528065084, rotation direction: 1
Basic rotation angle: 0.0, rotation gain: 0.0020554125767215043
Rotation gain: 1.24, direction: 1, curvature radius: 2500000
{'type': 'running', 'physical': {'user_x': 524.9154670773858, 'user_y': 1109.208912907766, 'user_direction': 4.5392907187760425}, 'virtual': {'user_x': 1701.2482643212688, 'user_y': 10219.867863911768, 'user_direction': 2.791606378749511}, 'user_v': 0, 'user_w': 0.1, 'delta_t': 0.02, 'need_reset': False}
Tangent angle: 4.858787338927949, User angle: 4.5392907187760425, Offset angle: 0.3990733115894231
Target angle: 4.459714027338526, distance: 474.26933705323603, angle diff: 0.07957669143751644, rotation direction: -1
Basic rotation angle: 0.0, rotation gain: 0.0018113920385323962
Rotation gain: 1.24, direction: -1, curvature radius: 2500000
{'type': 'running', 'physical': {'user_x': 524.9154670773858, 'user_y': 1109.208912907766, 'user_direction': 4.6199358800663655}, 'virtual': {'user_x': 1701.2482643212688, 'user_y': 10219.867863911768, 'user_direction': 2.891606378749511}, 'user_v': 0, 'user_w': 0.1, 'delta_t': 0.02, 'need_reset': False}
Tangent angle: 4.858787338927949, User angle: 4.6199358800663655, Offset angle: 0.3990733115894231
Target angle: 4.459714027338526, distance: 474.26933705323603, angle diff: 0.1602218527278394, rotation direction: -1
Basic rotation angle: 0.0, rotation gain: 0.0015978740676169266
Rotation gain: 1.24, direction: -1, curvature radius: 2500000
{'type': 'running', 'physical': {'user_x': 524.9154670773858, 'user_y': 1109.208912907766, 'user_direction': 4.700581041356688}, 'virtual': {'user_x': 1701.2482643212688, 'user_y': 10219.867863911768, 'user_direction': 2.9916063787495113}, 'user_v': 0, 'user_w': 0.1, 'delta_t': 0.02, 'need_reset': False}
Tangent angle: 4.858787338927949, User angle: 4.700581041356688, Offset angle: 0.3990733115894231
Target angle: 4.459714027338526, distance: 474.26933705323603, angle diff: 0.24086701401816235, rotation direction: -1
Basic rotation angle: 0.0, rotation gain: 0.0014110458430658906
Rotation gain: 1.24, direction: -1, curvature radius: 2500000
{'type': 'running', 'physical': {'user_x': 524.9154670773858, 'user_y': 1109.208912907766, 'user_direction': 4.781226202647011}, 'virtual': {'user_x': 1701.2482643212688, 'user_y': 10219.867863911768, 'user_direction': 3.0916063787495114}, 'user_v': 0, 'user_w': 0.1, 'delta_t': 0.02, 'need_reset': False}
Tangent angle: 4.858787338927949, User angle: 4.781226202647011, Offset angle: 0.3990733115894231
Target angle: 4.459714027338526, distance: 474.26933705323603, angle diff: 0.3215121753084853, rotation direction: -1
Basic rotation angle: 0.0, rotation gain: 0.0012475711465837341
Rotation gain: 1.24, direction: -1, curvature radius: 2500000
{'type': 'running', 'physical': {'user_x': 524.9154670773858, 'user_y': 1109.208912907766, 'user_direction': 4.861871363937334}, 'virtual': {'user_x': 1701.2482643212688, 'user_y': 10219.867863911768, 'user_direction': -3.0915789284300748}, 'user_v': 0, 'user_w': 0.1, 'delta_t': 0.02, 'need_reset': False}
Tangent angle: 4.858787338927949, User angle: 4.861871363937334, Offset angle: 0.3990733115894231
Target angle: 5.257860650517372, distance: 474.26933705323603, angle diff: 0.39598928658003807, rotation direction: 1
Basic rotation angle: 0.0, rotation gain: 0.0010956173851651943
Rotation gain: 1.24, direction: 1, curvature radius: 2500000
{'type': 'running', 'physical': {'user_x': 524.9154670773858, 'user_y': 1109.208912907766, 'user_direction': 4.942516525227657}, 'virtual': {'user_x': 1701.2482643212688, 'user_y': 10219.867863911768, 'user_direction': -2.9915789284300747}, 'user_v': 0, 'user_w': 0.1, 'delta_t': 0.02, 'need_reset': False}
Tangent angle: 4.858787338927949, User angle: 4.942516525227657, Offset angle: 0.3990733115894231
Target angle: 5.257860650517372, distance: 474.26933705323603, angle diff: 0.3153441252897151, rotation direction: 1
Basic rotation angle: 0.0, rotation gain: 0.000962657843923972
Rotation gain: 1.24, direction: 1, curvature radius: 2500000
{'type': 'running', 'physical': {'user_x': 524.9154670773858, 'user_y': 1109.208912907766, 'user_direction': 5.02316168651798}, 'virtual': {'user_x': 1701.2482643212688, 'user_y': 10219.867863911768, 'user_direction': -2.8915789284300746}, 'user_v': 0, 'user_w': 0.1, 'delta_t': 0.02, 'need_reset': False}
Tangent angle: 4.858787338927949, User angle: 5.02316168651798, Offset angle: 0.3990733115894231
Target angle: 5.257860650517372, distance: 474.26933705323603, angle diff: 0.23469896399939216, rotation direction: 1
Basic rotation angle: 0.0, rotation gain: 0.0008463182453379023
Rotation gain: 1.24, direction: 1, curvature radius: 2500000
{'type': 'running', 'physical': {'user_x': 524.9154670773858, 'user_y': 1109.208912907766, 'user_direction': 5.103806847808303}, 'virtual': {'user_x': 1701.2482643212688, 'user_y': 10219.867863911768, 'user_direction': -2.7915789284300745}, 'user_v': 0, 'user_w': 0.1, 'delta_t': 0.02, 'need_reset': False}
Tangent angle: 4.858787338927949, User angle: 5.103806847808303, Offset angle: 0.3990733115894231
Target angle: 5.257860650517372, distance: 474.26933705323603, angle diff: 0.1540538027090692, rotation direction: 1
Basic rotation angle: 0.0, rotation gain: 0.0007445210965750914
Rotation gain: 1.24, direction: 1, curvature radius: 2500000
{'type': 'running', 'physical': {'user_x': 524.9154670773858, 'user_y': 1109.208912907766, 'user_direction': 5.184452009098626}, 'virtual': {'user_x': 1701.2482643212688, 'user_y': 10219.867863911768, 'user_direction': -2.6915789284300744}, 'user_v': 0, 'user_w': 0.1, 'delta_t': 0.02, 'need_reset': False}
Tangent angle: 4.858787338927949, User angle: 5.184452009098626, Offset angle: 0.3990733115894231
Target angle: 5.257860650517372, distance: 474.26933705323603, angle diff: 0.07340864141874626, rotation direction: 1
Basic rotation angle: 0.0, rotation gain: 0.0006554485914076318
Rotation gain: 1.24, direction: 1, curvature radius: 2500000
{'type': 'running', 'physical': {'user_x': 524.9154670773858, 'user_y': 1109.208912907766, 'user_direction': 5.265097170388949}, 'virtual': {'user_x': 1701.2482643212688, 'user_y': 10219.867863911768, 'user_direction': -2.5915789284300743}, 'user_v': 0, 'user_w': 0.1, 'delta_t': 0.02, 'need_reset': False}
Tangent angle: 4.858787338927949, User angle: 5.265097170388949, Offset angle: 0.3990733115894231
Target angle: 5.257860650517372, distance: 474.26933705323603, angle diff: 0.0072365198715766965, rotation direction: -1
Basic rotation angle: 0.0, rotation gain: 0.0005775101493861048
Rotation gain: 1.24, direction: -1, curvature radius: 2500000
{'type': 'running', 'physical': {'user_x': 524.9154670773858, 'user_y': 1109.208912907766, 'user_direction': 5.345742331679272}, 'virtual': {'user_x': 1701.2482643212688, 'user_y': 10219.867863911768, 'user_direction': -2.4915789284300742}, 'user_v': 0, 'user_w': 0.1, 'delta_t': 0.02, 'need_reset': False}
Tangent angle: 4.858787338927949, User angle: 5.345742331679272, Offset angle: 0.3990733115894231
Target angle: 5.257860650517372, distance: 474.26933705323603, angle diff: 0.08788168116189965, rotation direction: -1
Basic rotation angle: 0.0, rotation gain: 0.0005093140126172685
Rotation gain: 1.24, direction: -1, curvature radius: 2500000
{'type': 'running', 'physical': {'user_x': 524.9154670773858, 'user_y': 1109.208912907766, 'user_direction': 5.426387492969595}, 'virtual': {'user_x': 1701.2482643212688, 'user_y': 10219.867863911768, 'user_direction': -2.391578928430074}, 'user_v': 0, 'user_w': 0.1, 'delta_t': 0.02, 'need_reset': False}
Tangent angle: 4.858787338927949, User angle: 5.426387492969595, Offset angle: 0.3990733115894231
Target angle: 5.257860650517372, distance: 474.26933705323603, angle diff: 0.1685268424522226, rotation direction: -1
Basic rotation angle: 0.0, rotation gain: 0.00044964239294453687
Rotation gain: 1.24, direction: -1, curvature radius: 2500000
{'type': 'running', 'physical': {'user_x': 524.9154670773858, 'user_y': 1109.208912907766, 'user_direction': 5.507032654259918}, 'virtual': {'user_x': 1701.2482643212688, 'user_y': 10219.867863911768, 'user_direction': -2.2405080841114313}, 'user_v': 7.999999999999999, 'user_w': 0, 'delta_t': 0.02, 'need_reset': False}
Tangent angle: 4.858787338927949, User angle: 5.507032654259918, Offset angle: 0.3990733115894231
Target angle: 5.257860650517372, distance: 474.26933705323603, angle diff: 0.24917200374254556, rotation direction: -1
Basic rotation angle: 1.693121693121693, rotation gain: 0.0005132160509592769
Rotation gain: 1.24, direction: -1, curvature radius: 7.5
{'type': 'running', 'physical': {'user_x': 524.9154670773858, 'user_y': 1109.208912907766, 'user_direction': 5.587677815550241}, 'virtual': {'user_x': 1696.2821840782096, 'user_y': 10213.595858887895, 'user_direction': -2.2405080841114313}, 'user_v': 7.999999999999999, 'user_w': 0, 'delta_t': 0.02, 'need_reset': False}
Tangent angle: 4.858787338927949, User angle: 5.587677815550241, Offset angle: 0.3990733115894231
Target angle: 5.257860650517372, distance: 474.26933705323603, angle diff: 0.3298171650328685, rotation direction: -1
Basic rotation angle: 1.693121693121693, rotation gain: 0.0005688430017221744
Rotation gain: 1.24, direction: -1, curvature radius: 7.5
{'type': 'running', 'physical': {'user_x': 529.7027452613494, 'user_y': 1105.0382548237044, 'user_direction': 5.5665137943862195}, 'virtual': {'user_x': 1691.3161038351504, 'user_y': 10207.323853864022, 'user_direction': -2.240508084111428}, 'user_v': 7.999999999999999, 'user_w': 0, 'delta_t': 0.02, 'need_reset': False}
Tangent angle: 4.850692308143446, User angle: 5.5665137943862195, Offset angle: 0.4030526933784921
Target angle: 5.2537450015219385, distance: 469.047271454769, angle diff: 0.31276879286428105, rotation direction: -1
Basic rotation angle: 1.693121693121693, rotation gain: 0.0006190058699321198
Rotation gain: 1.24, direction: -1, curvature radius: 7.5
{'type': 'running', 'physical': {'user_x': 534.4006900299066, 'user_y': 1100.7672202632743, 'user_direction': 5.545349773222198}, 'virtual': {'user_x': 1686.3500235920912, 'user_y': 10201.051848840149, 'user_direction': -2.2405080841114247}, 'user_v': 7.999999999999999, 'user_w': 0, 'delta_t': 0.02, 'need_reset': False}
Tangent angle: 4.842644891466232, User angle: 5.545349773222198, Offset angle: 0.4071607943476163
Target angle: 5.249805685813849, distance: 463.7575642065142, angle diff: 0.2955440874083495, rotation direction: -1
Basic rotation angle: 1.693121693121693, rotation gain: 0.0006643232493963303
Rotation gain: 1.24, direction: -1, curvature radius: 7.5
{'type': 'running', 'physical': {'user_x': 539.0071971779506, 'user_y': 1096.3977222188964, 'user_direction': 5.524185752058177}, 'virtual': {'user_x': 1681.383943349032, 'user_y': 10194.779843816275, 'user_direction': -2.24050808411142}, 'user_v': 7.999999999999999, 'user_w': 0, 'delta_t': 0.02, 'need_reset': False}
Tangent angle: 4.834647020278256, User angle: 5.524185752058177, Offset angle: 0.4114027041068403
Target angle: 5.246049724385096, distance: 458.4002842715066, angle diff: 0.27813602767308065, rotation direction: -1
Basic rotation angle: 1.693121693121693, rotation gain: 0.0007053339451457159
Rotation gain: 1.24, direction: -1, curvature radius: 7.5
{'type': 'running', 'physical': {'user_x': 543.5202034551999, 'user_y': 1091.9317177846945, 'user_direction': 5.503021730894155}, 'virtual': {'user_x': 1676.4178631059729, 'user_y': 10188.507838792402, 'user_direction': -2.2405080841114144}, 'user_v': 7.999999999999999, 'user_w': 0, 'delta_t': 0.02, 'need_reset': False}
Tangent angle: 4.826700722207802, User angle: 5.503021730894155, Offset angle: 0.4157838084948845
Target angle: 5.242484530702686, distance: 452.97547657720094, angle diff: 0.260537200191469, rotation direction: -1
Basic rotation angle: 1.693121693121693, rotation gain: 0.0007425068073555436
Rotation gain: 1.24, direction: -1, curvature radius: 7.5
{'type': 'running', 'physical': {'user_x': 547.9376874903261, 'user_y': 1087.3712072799146, 'user_direction': 5.481857709730134}, 'virtual': {'user_x': 1671.4517828629137, 'user_y': 10182.23583376853, 'user_direction': -2.240508084111408}, 'user_v': 7.999999999999999, 'user_w': 0, 'delta_t': 0.02, 'need_reset': False}
Tangent angle: 4.81880812734165, User angle: 5.481857709730134, Offset angle: 0.4203098113691122
Target angle: 5.239117938710762, distance: 447.4831595371344, angle diff: 0.24273977101937216, rotation direction: -1
Basic rotation angle: 1.693121693121693, rotation gain: 0.000776249325549978
Rotation gain: 1.24, direction: -1, curvature radius: 7.5
{'type': 'running', 'physical': {'user_x': 552.2576706963248, 'user_y': 1082.7182333529845, 'user_direction': 5.460693688566113}, 'virtual': {'user_x': 1666.4857026198547, 'user_y': 10175.963828744656, 'user_direction': -2.240508084111399}, 'user_v': 7.999999999999999, 'user_w': 0, 'delta_t': 0.02, 'need_reset': False}
Tangent angle: 4.8109714749144, User angle: 5.460693688566113, Offset angle: 0.42498675841122135
Target angle: 5.235958233325621, distance: 441.9233223295269, angle diff: 0.22473545524049143, rotation direction: -1
Basic rotation angle: 1.693121693121693, rotation gain: 0.0008069151370940833
Rotation gain: 1.24, direction: -1, curvature radius: 7.5
{'type': 'running', 'physical': {'user_x': 556.4782181567226, 'user_y': 1077.974880066613, 'user_direction': 5.439529667402091}, 'virtual': {'user_x': 1661.5196223767957, 'user_y': 10169.691823720783, 'user_direction': -2.240508084111391}, 'user_v': 7.999999999999999, 'user_w': 0, 'delta_t': 0.02, 'need_reset': False}
Tangent angle: 4.803193120517983, User angle: 5.439529667402091, Offset angle: 0.42982106317519586
Target angle: 5.23301418369318, distance: 436.2959219033647, angle diff: 0.2065154837089116, rotation direction: -1
Basic rotation angle: 1.693121693121693, rotation gain: 0.0008348105846210684
Rotation gain: 1.24, direction: -1, curvature radius: 7.5
{'type': 'running', 'physical': {'user_x': 560.5974394922242, 'user_y': 1073.1432719643399, 'user_direction': 5.41836564623807}, 'virtual': {'user_x': 1656.5535421337368, 'user_y': 10163.41981869691, 'user_direction': -2.2405080841113794}, 'user_v': 7.999999999999999, 'user_w': 0, 'delta_t': 0.02, 'need_reset': False}
Tangent angle: 4.795475543878729, User angle: 5.41836564623807, Offset angle: 0.43481953563451164
Target angle: 5.230295079513241, distance: 430.6008796782587, angle diff: 0.18807056672482858, rotation direction: -1
Basic rotation angle: 1.693121693121693, rotation gain: 0.0008602004400926099
Rotation gain: 1.24, direction: -1, curvature radius: 7.5
{'type': 'running', 'physical': {'user_x': 564.6134897074119, 'user_y': 1068.2255731189557, 'user_direction': 5.397201625074048}, 'virtual': {'user_x': 1651.587461890678, 'user_y': 10157.147813673037, 'user_direction': -2.2405080841113625}, 'user_v': 7.999999999999999, 'user_w': 0, 'delta_t': 0.02, 'need_reset': False}
Tangent angle: 4.787821357254321, User angle: 5.397201625074048, Offset angle: 0.43998941352086435
Target angle: 5.227810770775186, distance: 424.8380778994063, angle diff: 0.1693908542988627, rotation direction: -1
Basic rotation angle: 1.693121693121693, rotation gain: 0.0008833128983431823
Rotation gain: 1.24, direction: -1, curvature radius: 7.5
{'type': 'running', 'physical': {'user_x': 568.5245700171168, 'user_y': 1063.2239861632145, 'user_direction': 5.376037603910027}, 'virtual': {'user_x': 1646.6213816476193, 'user_y': 10150.875808649162, 'user_direction': -2.240508084111342}, 'user_v': 7.999999999999999, 'user_w': 0, 'delta_t': 0.02, 'need_reset': False}
Tangent angle: 4.780233314508463, User angle: 5.376037603910027, Offset angle: 0.44533839678768156
Target angle: 5.225571711296144, distance: 419.0073556031508, angle diff: 0.15046589261388288, rotation direction: -1
Basic rotation angle: 1.693121693121693, rotation gain: 0.0009043439299501782
Rotation gain: 1.24, direction: -1, curvature radius: 7.5
{'type': 'running', 'physical': {'user_x': 572.328928652094, 'user_y': 1058.1407513032777, 'user_direction': 5.354873582746006}, 'virtual': {'user_x': 1641.6553014045603, 'user_y': 10144.603803625288, 'user_direction': -2.2405080841113714}, 'user_v': 7.999999999999999, 'user_w': 0, 'delta_t': 0.02, 'need_reset': False}
Tangent angle: 4.772714320927235, User angle: 5.354873582746006, Offset angle: 0.450874685579451
Target angle: 5.2235890065066855, distance: 413.10850414179646, angle diff: 0.13128457623932022, rotation direction: -1
Basic rotation angle: 1.693121693121693, rotation gain: 0.0009234610718676064
Rotation gain: 1.24, direction: -1, curvature radius: 7.5
{'type': 'running', 'physical': {'user_x': 576.0248616436371, 'user_y': 1052.978145315327, 'user_direction': 5.333709561581984}, 'virtual': {'user_x': 1636.8272967025114, 'user_y': 10138.506183718951, 'user_direction': -2.2405080841113714}, 'user_v': 0, 'user_w': 0.1, 'delta_t': 0.02, 'need_reset': False}
Tangent angle: 4.765267443848019, User angle: 5.333709561581984, Offset angle: 0.45660702214377663
Target angle: 5.221874465991796, distance: 407.1412622082418, angle diff: 0.11183509559018834, rotation direction: -1
Basic rotation angle: 0.0, rotation gain: 0.0008124543807632937
Rotation gain: 1.24, direction: -1, curvature radius: 2500000
{'type': 'running', 'physical': {'user_x': 579.6107135867853, 'user_y': 1047.7384805257989, 'user_direction': 5.312545540417963}, 'virtual': {'user_x': 1636.8272967025114, 'user_y': 10138.506183718951, 'user_direction': -2.1405080841113713}, 'user_v': 0, 'user_w': 0.1, 'delta_t': 0.02, 'need_reset': False}
Tangent angle: 4.757895924179554, User angle: 5.312545540417963, Offset angle: 0.4625447371886351
Target angle: 5.220440661368189, distance: 401.1053102914386, angle diff: 0.09210487904977427, rotation direction: -1
Basic rotation angle: 0.0, rotation gain: 0.0007153407541496378
Rotation gain: 1.24, direction: -1, curvature radius: 2500000
{'type': 'running', 'physical': {'user_x': 579.6107135867853, 'user_y': 1047.7384805257989, 'user_direction': 5.393190701708286}, 'virtual': {'user_x': 1636.8272967025114, 'user_y': 10138.506183718951, 'user_direction': -2.040508084111371}, 'user_v': 0, 'user_w': 0.1, 'delta_t': 0.02, 'need_reset': False}
Tangent angle: 4.757895924179554, User angle: 5.393190701708286, Offset angle: 0.4625447371886351
Target angle: 5.220440661368189, distance: 401.1053102914386, angle diff: 0.17275004034009722, rotation direction: -1
Basic rotation angle: 0.0, rotation gain: 0.0006303663308626889
Rotation gain: 1.24, direction: -1, curvature radius: 2500000
{'type': 'running', 'physical': {'user_x': 579.6107135867853, 'user_y': 1047.7384805257989, 'user_direction': 5.473835862998609}, 'virtual': {'user_x': 1636.8272967025114, 'user_y': 10138.506183718951, 'user_direction': -1.940508084111371}, 'user_v': 0, 'user_w': 0.1, 'delta_t': 0.02, 'need_reset': False}
Tangent angle: 4.757895924179554, User angle: 5.473835862998609, Offset angle: 0.4625447371886351
Target angle: 5.220440661368189, distance: 401.1053102914386, angle diff: 0.2533952016304202, rotation direction: -1
Basic rotation angle: 0.0, rotation gain: 0.0005560137104866085
Rotation gain: 1.24, direction: -1, curvature radius: 2500000
{'type': 'running', 'physical': {'user_x': 579.6107135867853, 'user_y': 1047.7384805257989, 'user_direction': 5.554481024288932}, 'virtual': {'user_x': 1636.8272967025114, 'user_y': 10138.506183718951, 'user_direction': -1.840508084111371}, 'user_v': 0, 'user_w': 0.1, 'delta_t': 0.02, 'need_reset': False}
Tangent angle: 4.757895924179554, User angle: 5.554481024288932, Offset angle: 0.4625447371886351
Target angle: 5.220440661368189, distance: 401.1053102914386, angle diff: 0.33404036292074313, rotation direction: -1
Basic rotation angle: 0.0, rotation gain: 0.0004909551676575382
Rotation gain: 1.24, direction: -1, curvature radius: 2500000
{'type': 'running', 'physical': {'user_x': 579.6107135867853, 'user_y': 1047.7384805257989, 'user_direction': 5.635126185579255}, 'virtual': {'user_x': 1636.8272967025114, 'user_y': 10138.506183718951, 'user_direction': -1.740508084111371}, 'user_v': 0, 'user_w': 0.1, 'delta_t': 0.02, 'need_reset': False}
Tangent angle: 4.757895924179554, User angle: 5.635126185579255, Offset angle: 0.4625447371886351
Target angle: 5.220440661368189, distance: 401.1053102914386, angle diff: 0.4146855242110661, rotation direction: -1
Basic rotation angle: 0.0, rotation gain: 0.0004340289426821017
Rotation gain: 1.24, direction: -1, curvature radius: 2500000
{'type': 'running', 'physical': {'user_x': 579.6107135867853, 'user_y': 1047.7384805257989, 'user_direction': 5.715771346869578}, 'virtual': {'user_x': 1636.8272967025114, 'user_y': 10138.506183718951, 'user_direction': -1.6405080841113708}, 'user_v': 0, 'user_w': 0.1, 'delta_t': 0.02, 'need_reset': False}
Tangent angle: 4.757895924179554, User angle: 5.715771346869578, Offset angle: 0.4625447371886351
Target angle: 5.220440661368189, distance: 401.1053102914386, angle diff: 0.49533068550138903, rotation direction: -1
Basic rotation angle: 0.0, rotation gain: 0.0003842184958285948
Rotation gain: 1.24, direction: -1, curvature radius: 2500000
{'type': 'running', 'physical': {'user_x': 579.6107135867853, 'user_y': 1047.7384805257989, 'user_direction': 5.796416508159901}, 'virtual': {'user_x': 1636.8272967025114, 'user_y': 10138.506183718951, 'user_direction': -1.5405080841113707}, 'user_v': 0, 'user_w': 0.1, 'delta_t': 0.02, 'need_reset': False}
Tangent angle: 4.757895924179554, User angle: 5.796416508159901, Offset angle: 0.4625447371886351
Target angle: 5.220440661368189, distance: 401.1053102914386, angle diff: 0.575975846791712, rotation direction: -1
Basic rotation angle: 0.0, rotation gain: 0.00034063435483177624
Rotation gain: 1.24, direction: -1, curvature radius: 2500000
{'type': 'running', 'physical': {'user_x': 579.6107135867853, 'user_y': 1047.7384805257989, 'user_direction': 5.877061669450224}, 'virtual': {'user_x': 1636.8272967025114, 'user_y': 10138.506183718951, 'user_direction': -1.4405080841113707}, 'user_v': 0, 'user_w': 0.1, 'delta_t': 0.02, 'need_reset': False}
Tangent angle: 4.757895924179554, User angle: 5.877061669450224, Offset angle: 0.4625447371886351
Target angle: 5.220440661368189, distance: 401.1053102914386, angle diff: 0.6566210080820349, rotation direction: -1
Basic rotation angle: 0.0, rotation gain: 0.00030249823145956
Rotation gain: 1.24, direction: -1, curvature radius: 2500000
{'type': 'running', 'physical': {'user_x': 579.6107135867853, 'user_y': 1047.7384805257989, 'user_direction': 5.9577068307405465}, 'virtual': {'user_x': 1636.8272967025114, 'user_y': 10138.506183718951, 'user_direction': -1.3405080841113706}, 'user_v': 0, 'user_w': 0.1, 'delta_t': 0.02, 'need_reset': False}
Tangent angle: 4.757895924179554, User angle: 5.9577068307405465, Offset angle: 0.4625447371886351
Target angle: 5.220440661368189, distance: 401.1053102914386, angle diff: 0.7372661693723579, rotation direction: -1
Basic rotation angle: 0.0, rotation gain: 0.00026912912350887083
Rotation gain: 1.24, direction: -1, curvature radius: 2500000
{'type': 'running', 'physical': {'user_x': 579.6107135867853, 'user_y': 1047.7384805257989, 'user_direction': 6.0383519920308695}, 'virtual': {'user_x': 1636.8272967025114, 'user_y': 10138.506183718951, 'user_direction': -1.2405080841113705}, 'user_v': 0, 'user_w': 0.1, 'delta_t': 0.02, 'need_reset': False}
Tangent angle: 4.757895924179554, User angle: 6.0383519920308695, Offset angle: 0.4625447371886351
Target angle: 5.220440661368189, distance: 401.1053102914386, angle diff: 0.8179113306626808, rotation direction: -1
Basic rotation angle: 0.0, rotation gain: 0.00023993115405201776
Rotation gain: 1.24, direction: -1, curvature radius: 2500000
{'type': 'running', 'physical': {'user_x': 579.6107135867853, 'user_y': 1047.7384805257989, 'user_direction': 6.118997153321192}, 'virtual': {'user_x': 1636.8272967025114, 'user_y': 10138.506183718951, 'user_direction': -1.1405080841113704}, 'user_v': 0, 'user_w': 0.1, 'delta_t': 0.02, 'need_reset': False}
Tangent angle: 4.757895924179554, User angle: 6.118997153321192, Offset angle: 0.4625447371886351
Target angle: 5.220440661368189, distance: 401.1053102914386, angle diff: 0.8985564919530038, rotation direction: -1
Basic rotation angle: 0.0, rotation gain: 0.0002143829307772713
Rotation gain: 1.24, direction: -1, curvature radius: 2500000
{'type': 'running', 'physical': {'user_x': 579.6107135867853, 'user_y': 1047.7384805257989, 'user_direction': 6.199642314611515}, 'virtual': {'user_x': 1636.8272967025114, 'user_y': 10138.506183718951, 'user_direction': -1.0405080841113703}, 'user_v': 0, 'user_w': 0.1, 'delta_t': 0.02, 'need_reset': False}
Tangent angle: 4.757895924179554, User angle: 6.199642314611515, Offset angle: 0.4625447371886351
Target angle: 5.220440661368189, distance: 401.1053102914386, angle diff: 0.9792016532433268, rotation direction: -1
Basic rotation angle: 0.0, rotation gain: 0.00019202823541186815
Rotation gain: 1.24, direction: -1, curvature radius: 2500000
{'type': 'running', 'physical': {'user_x': 579.6107135867853, 'user_y': 1047.7384805257989, 'user_direction': 6.280287475901838}, 'virtual': {'user_x': 1636.8272967025114, 'user_y': 10138.506183718951, 'user_direction': -0.9405080841113703}, 'user_v': 0, 'user_w': 0.1, 'delta_t': 0.02, 'need_reset': False}
Tangent angle: 4.757895924179554, User angle: 6.280287475901838, Offset angle: 0.4625447371886351
Target angle: 5.220440661368189, distance: 401.1053102914386, angle diff: 1.0598468145336497, rotation direction: -1
Basic rotation angle: 0.0, rotation gain: 0.0001724678769671404
Rotation gain: 1.24, direction: -1, curvature radius: 2500000
{'type': 'running', 'physical': {'user_x': 579.6107135867853, 'user_y': 1047.7384805257989, 'user_direction': 0.07774733001257506}, 'virtual': {'user_x': 1636.8272967025114, 'user_y': 10138.506183718951, 'user_direction': -0.8405080841113703}, 'user_v': 0, 'user_w': 0.1, 'delta_t': 0.02, 'need_reset': False}
Tangent angle: 4.757895924179554, User angle: 0.07774733001257506, Offset angle: 0.4625447371886351
Target angle: 5.220440661368189, distance: 401.1053102914386, angle diff: 1.1404919758239727, rotation direction: -1
Basic rotation angle: 0.0, rotation gain: 0.00015535256332800364
Rotation gain: 1.24, direction: -1, curvature radius: 2500000
{'type': 'running', 'physical': {'user_x': 579.6107135867853, 'user_y': 1047.7384805257989, 'user_direction': 0.15839249130289765}, 'virtual': {'user_x': 1636.8272967025114, 'user_y': 10138.506183718951, 'user_direction': -0.7405080841113704}, 'user_v': 0, 'user_w': 0.1, 'delta_t': 0.02, 'need_reset': False}
Tangent angle: 4.757895924179554, User angle: 0.15839249130289765, Offset angle: 0.4625447371886351
Target angle: 5.220440661368189, distance: 401.1053102914386, angle diff: 1.2211371371142956, rotation direction: -1
Basic rotation angle: 0.0, rotation gain: 0.00014037666389375895
Rotation gain: 1.24, direction: -1, curvature radius: 2500000
{'type': 'running', 'physical': {'user_x': 579.6107135867853, 'user_y': 1047.7384805257989, 'user_direction': 0.23903765259322024}, 'virtual': {'user_x': 1636.8272967025114, 'user_y': 10138.506183718951, 'user_direction': -0.6405080841113704}, 'user_v': 0, 'user_w': 0.1, 'delta_t': 0.02, 'need_reset': False}
Tangent angle: 4.757895924179554, User angle: 0.23903765259322024, Offset angle: 0.4625447371886351
Target angle: 5.220440661368189, distance: 401.1053102914386, angle diff: 1.3017822984046177, rotation direction: -1
Basic rotation angle: 0.0, rotation gain: 0.00012727275188879485
Rotation gain: 1.24, direction: -1, curvature radius: 2500000
{'type': 'running', 'physical': {'user_x': 579.6107135867853, 'user_y': 1047.7384805257989, 'user_direction': 0.3196828138835428}, 'virtual': {'user_x': 1636.8272967025114, 'user_y': 10138.506183718951, 'user_direction': -0.525859865832391}, 'user_v': 7.999999999999999, 'user_w': 0, 'delta_t': 0.02, 'need_reset': False}
Tangent angle: 4.757895924179554, User angle: 0.3196828138835428, Offset angle: 0.4625447371886351
Target angle: 5.220440661368189, distance: 401.1053102914386, angle diff: 1.3824274596949406, rotation direction: -1
Basic rotation angle: 1.693121693121693, rotation gain: 0.00024465878735536865
Rotation gain: 1.24, direction: -1, curvature radius: 7.5
{'type': 'running', 'physical': {'user_x': 579.6107135867853, 'user_y': 1047.7384805257989, 'user_direction': 0.4003279751738654}, 'virtual': {'user_x': 1643.7464378692446, 'user_y': 10134.49052866469, 'user_direction': -0.525859865832391}, 'user_v': 7.999999999999999, 'user_w': 0, 'delta_t': 0.02, 'need_reset': False}
Tangent angle: 4.757895924179554, User angle: 0.4003279751738654, Offset angle: 0.4625447371886351
Target angle: 5.220440661368189, distance: 401.1053102914386, angle diff: 1.4630726209852627, rotation direction: -1
Basic rotation angle: 1.693121693121693, rotation gain: 0.00034737156838862075
Rotation gain: 1.24, direction: -1, curvature radius: 7.5
{'type': 'running', 'physical': {'user_x': 585.508963856981, 'user_y': 1050.0886007386687, 'user_direction': 0.37916395400984426}, 'virtual': {'user_x': 1650.6655790359778, 'user_y': 10130.474873610428, 'user_direction': -0.5258598658323926}, 'user_v': 7.999999999999999, 'user_w': 0, 'delta_t': 0.02, 'need_reset': False}
Tangent angle: 4.744573826193581, User angle: 0.37916395400984426, Offset angle: 0.460199463478587
Target angle: 5.204773289672168, distance: 403.4721039221807, angle diff: 1.4575759715172625, rotation direction: -1
Basic rotation angle: 1.693121693121693, rotation gain: 0.00044288714159414677
Rotation gain: 1.24, direction: -1, curvature radius: 7.5
{'type': 'running', 'physical': {'user_x': 591.4556274976966, 'user_y': 1052.313373268388, 'user_direction': 0.3579999328458231}, 'virtual': {'user_x': 1657.584720202711, 'user_y': 10126.459218556167, 'user_direction': -0.5258598658323945}, 'user_v': 7.999999999999999, 'user_w': 0, 'delta_t': 0.02, 'need_reset': False}
Tangent angle: 4.731277116092166, User angle: 0.3579999328458231, Offset angle: 0.45793012940464184
Target angle: 5.1892072454968075, distance: 405.7836787487715, angle diff: 1.451977994528602, rotation direction: -1
Basic rotation angle: 1.693121693121693, rotation gain: 0.0005320579840816245
Rotation gain: 1.24, direction: -1, curvature radius: 7.5
{'type': 'running', 'physical': {'user_x': 597.4480410037997, 'user_y': 1054.4118016414031, 'user_direction': 0.33683591168180194}, 'virtual': {'user_x': 1664.5038613694442, 'user_y': 10122.443563501905, 'user_direction': -0.5258598658323966}, 'user_v': 7.999999999999999, 'user_w': 0, 'delta_t': 0.02, 'need_reset': False}
Tangent angle: 4.718004882433732, User angle: 0.33683591168180194, Offset angle: 0.4557350631501571
Target angle: 5.173739945583889, distance: 408.03994653183673, angle diff: 1.4462812732774992, rotation direction: -1
Basic rotation angle: 1.693121693121693, rotation gain: 0.0006156307222707271
Rotation gain: 1.24, direction: -1, curvature radius: 7.5
{'type': 'running', 'physical': {'user_x': 603.4835203788358, 'user_y': 1056.382945973591, 'user_direction': 0.3156718905177808}, 'virtual': {'user_x': 1671.4230025361774, 'user_y': 10118.427908447644, 'user_direction': -0.525859865832399}, 'user_v': 7.999999999999999, 'user_w': 0, 'delta_t': 0.02, 'need_reset': False}
Tangent angle: 4.7047562395892415, User angle: 0.3156718905177808, Offset angle: 0.45361266732962396
Target angle: 5.158368906918866, distance: 410.24081743503217, angle diff: 1.440488290778501, rotation direction: -1
Basic rotation angle: 1.693121693121693, rotation gain: 0.0006942593357587215
Rotation gain: 1.24, direction: -1, curvature radius: 7.5
{'type': 'running', 'physical': {'user_x': 609.5593623371874, 'user_y': 1058.2259233912323, 'user_direction': 0.2945078693537596}, 'virtual': {'user_x': 1678.3421437029106, 'user_y': 10114.412253393382, 'user_direction': -0.5258598658324015}, 'user_v': 7.999999999999999, 'user_w': 0, 'delta_t': 0.02, 'need_reset': False}
Tangent angle: 4.691530326529365, User angle: 0.2945078693537596, Offset angle: 0.4515614157444179
Target angle: 5.143091742273782, distance: 412.38620039477695, angle diff: 1.434601434259564, rotation direction: -1
Basic rotation angle: 1.693121693121693, rotation gain: 0.0007685167118228729
Rotation gain: 1.24, direction: -1, curvature radius: 7.5
{'type': 'running', 'physical': {'user_x': 615.6728455148735, 'user_y': 1059.93990842645, 'user_direction': 0.27334384818973845}, 'virtual': {'user_x': 1685.2612848696438, 'user_y': 10110.39659833912, 'user_direction': -0.5258598658324045}, 'user_v': 7.999999999999999, 'user_w': 0, 'delta_t': 0.02, 'need_reset': False}
Tangent angle: 4.678326305667116, User angle: 0.27334384818973845, Offset angle: 0.44957985033550496
Target angle: 5.127906156002621, distance: 414.4760034668646, angle diff: 1.428622999366704, rotation direction: -1
Basic rotation angle: 1.693121693121693, rotation gain: 0.0008389047566755237
Rotation gain: 1.24, direction: -1, curvature radius: 7.5
{'type': 'running', 'physical': {'user_x': 621.8212316884459, 'user_y': 1061.524133386936, 'user_direction': 0.2521798270257173}, 'virtual': {'user_x': 1692.1804260363767, 'user_y': 10106.38094328486, 'user_direction': -0.5258598658324077}, 'user_v': 7.999999999999999, 'user_w': 0, 'delta_t': 0.02, 'need_reset': False}
Tangent angle: 4.665143361752692, User angle: 0.2521798270257173, Offset angle: 0.4476665783201103
Target angle: 5.112809940072802, distance: 416.51013415157513, angle diff: 1.4225551941325012, rotation direction: -1
Basic rotation angle: 1.693121693121693, rotation gain: 0.0009058632438278398
Rotation gain: 1.24, direction: -1, curvature radius: 7.5
{'type': 'running', 'physical': {'user_x': 628.0017670014366, 'user_y': 1062.9778886997985, 'user_direction': 0.23101580586169612}, 'virtual': {'user_x': 1699.0995672031097, 'user_y': 10102.365288230598, 'user_direction': -0.5258598658324104}, 'user_v': 7.999999999999999, 'user_w': 0, 'delta_t': 0.02, 'need_reset': False}
Tangent angle: 4.6519807008174565, User angle: 0.23101580586169612, Offset angle: 0.4458202695003931
Target angle: 5.0978009703178495, distance: 418.48849969876807, angle diff: 1.4164001427234325, rotation direction: -1
Basic rotation angle: 1.693121693121693, rotation gain: 0.0009697775573763729
Rotation gain: 1.24, direction: -1, curvature radius: 7.5
{'type': 'running', 'physical': {'user_x': 634.2116831978083, 'user_y': 1064.3005232293808, 'user_direction': 0.20985178469767496}, 'virtual': {'user_x': 1706.0187083698427, 'user_y': 10098.349633176336, 'user_direction': -0.5258598658324136}, 'user_v': 7.999999999999999, 'user_w': 0, 'delta_t': 0.02, 'need_reset': False}
Tangent angle: 4.638837549164173, User angle: 0.20985178469767496, Offset angle: 0.4440396537331163
Target angle: 5.08287720289729, distance: 420.41100739431647, angle diff: 1.4101598889799716, rotation direction: -1
Basic rotation angle: 1.693121693121693, rotation gain: 0.0010309854683023386
Rotation gain: 1.24, direction: -1, curvature radius: 7.5
{'type': 'running', 'physical': {'user_x': 640.4481988618528, 'user_y': 1065.491444568903, 'user_direction': 0.1886877635336538}, 'virtual': {'user_x': 1712.9378495365756, 'user_y': 10094.333978122075, 'user_direction': -0.5258598658324173}, 'user_v': 7.999999999999999, 'user_w': 0, 'delta_t': 0.02, 'need_reset': False}
Tangent angle: 4.625713152400811, User angle: 0.1886877635336538, Offset angle: 0.4423235185501699
Target angle: 5.068036670950981, distance: 422.2775648291206, angle diff: 1.403836399762259, rotation direction: -1
Basic rotation angle: 1.693121693121693, rotation gain: 0.001089783064614614
Rotation gain: 1.24, direction: -1, curvature radius: 7.5
{'type': 'running', 'physical': {'user_x': 646.7085206639853, 'user_y': 1066.5501193058012, 'user_direction': 0.16752374236963263}, 'virtual': {'user_x': 1719.8569907033086, 'user_y': 10090.318323067813, 'user_direction': -0.5258598658324215}, 'user_v': 7.999999999999999, 'user_w': 0, 'delta_t': 0.02, 'need_reset': False}
Tangent angle: 4.612606774515333, User angle: 0.16752374236963263, Offset angle: 0.4406707069205865
Target angle: 5.05327748143592, distance: 424.0880801518421, angle diff: 1.3974315681132987, rotation direction: -1
Basic rotation angle: 1.693121693121693, rotation gain: 0.0011464299410658047
Rotation gain: 1.24, direction: -1, curvature radius: 7.5
{'type': 'running', 'physical': {'user_x': 652.9898446118738, 'user_y': 1067.4760732606421, 'user_direction': 0.14635972120561147}, 'virtual': {'user_x': 1726.7761318700416, 'user_y': 10086.302668013552, 'user_direction': -0.5258598658324265}, 'user_v': 7.999999999999999, 'user_w': 0, 'delta_t': 0.02, 'need_reset': False}
Tangent angle: 4.599517696989104, User angle: 0.14635972120561147, Offset angle: 0.4390801151454204
Target angle: 5.038597812134524, distance: 425.8424623064024, angle diff: 1.390947216250673, rotation direction: -1
Basic rotation angle: 1.693121693121693, rotation gain: 0.001201153740956635
Rotation gain: 1.24, direction: -1, curvature radius: 7.5
{'type': 'running', 'physical': {'user_x': 659.2893573063444, 'user_y': 1068.2688916995075, 'user_direction': 0.1251957000415903}, 'virtual': {'user_x': 1733.6952730367746, 'user_y': 10082.28701295929, 'user_direction': -0.5258598658324325}, 'user_v': 7.999999999999999, 'user_w': 0, 'delta_t': 0.02, 'need_reset': False}
Tangent angle: 4.586445217946627, User angle: 0.1251957000415903, Offset angle: 0.4375506908775137
Target angle: 5.023995908824141, distance: 427.5406212552025, angle diff: 1.3843850983970363, rotation direction: -1
Basic rotation angle: 1.693121693121693, rotation gain: 0.001254154130981464
Rotation gain: 1.24, direction: -1, curvature radius: 7.5
{'type': 'running', 'physical': {'user_x': 665.604237201501, 'user_y': 1068.9282195197536, 'user_direction': 0.10403167887756914}, 'virtual': {'user_x': 1740.6144142035075, 'user_y': 10078.271357905029, 'user_direction': -0.52585986583244}, 'user_v': 7.999999999999999, 'user_w': 0, 'delta_t': 0.02, 'need_reset': False}
Tangent angle: 4.573388651339492, User angle: 0.10403167887756914, Offset angle: 0.43608143125878723
Target angle: 5.00947008259828, distance: 429.1824681889476, angle diff: 1.3777469034588758, rotation direction: -1
Basic rotation angle: 1.693121693121693, rotation gain: 0.0013056062799504738
Rotation gain: 1.24, direction: -1, curvature radius: 7.5
{'type': 'running', 'physical': {'user_x': 671.9316558684919, 'user_y': 1069.453761409061, 'user_direction': 0.08286765771354798}, 'virtual': {'user_x': 1747.5335553702405, 'user_y': 10074.255702850767, 'user_direction': -0.5258598658324494}, 'user_v': 7.999999999999999, 'user_w': 0, 'delta_t': 0.02, 'need_reset': False}
Tangent angle: 4.560347326162514, User angle: 0.08286765771354798, Offset angle: 0.43467138116824716
Target angle: 4.995018707330761, distance: 430.76791572388333, angle diff: 1.371034257562373, rotation direction: -1
Basic rotation angle: 1.693121693121693, rotation gain: 0.00135566390337136
Rotation gain: 1.24, direction: -1, curvature radius: 7.5
{'type': 'running', 'physical': {'user_x': 678.2687792623617, 'user_y': 1069.8452819777044, 'user_direction': 0.06170363654952682}, 'virtual': {'user_x': 1754.4526965369735, 'user_y': 10070.240047796506, 'user_direction': -0.5258598658324615}, 'user_v': 7.999999999999999, 'user_w': 0, 'delta_t': 0.02, 'need_reset': False}
Tangent angle: 4.547320585700157, User angle: 0.06170363654952682, Offset angle: 0.4333196315744149
Target angle: 4.980640217274572, distance: 432.2968780871878, angle diff: 1.3642487264545409, rotation direction: -1
Basic rotation angle: 1.693121693121693, rotation gain: 0.0014044619281271317
Rotation gain: 1.24, direction: -1, curvature radius: 7.5
{'type': 'running', 'physical': {'user_x': 684.6127689914165, 'user_y': 1070.1026058639843, 'user_direction': 0.040539615385505656}, 'virtual': {'user_x': 1761.3718377037062, 'user_y': 10066.224392742242, 'user_direction': -0.5258598658324778}, 'user_v': 7.999999999999999, 'user_w': 0, 'delta_t': 0.02, 'need_reset': False}
Tangent angle: 4.5343077868014445, User angle: 0.040539615385505656, Offset angle: 0.43202531798635496
Target angle: 4.966333104787799, distance: 433.7692712912054, angle diff: 1.3573918177772928, rotation direction: -1
Basic rotation angle: 1.693121693121693, rotation gain: 0.0014521188247085949
Rotation gain: 1.24, direction: -1, curvature radius: 7.5
{'type': 'running', 'physical': {'user_x': 690.9607835885372, 'user_y': 1070.2256178127705, 'user_direction': 0.019375594221484493}, 'virtual': {'user_x': 1768.2909788704392, 'user_y': 10062.20873768798, 'user_direction': -0.5258598658324567}, 'user_v': 7.999999999999999, 'user_w': 0, 'delta_t': 0.02, 'need_reset': False}
Tangent angle: 4.521308299181652, User angle: 0.019375594221484493, Offset angle: 0.4307876189979177
Target angle: 4.95209591817957, distance: 435.185013297152, angle diff: 1.3504649832215012, rotation direction: -1
Basic rotation angle: 1.693121693121693, rotation gain: 0.0014987386485292116
Rotation gain: 1.24, direction: -1, curvature radius: 7.5
{'type': 'running', 'physical': {'user_x': 697.3099797838703, 'user_y': 1070.214262727125, 'user_direction': -0.0017884269425366695}, 'virtual': {'user_x': 1775.210120037172, 'user_y': 10058.193082633717, 'user_direction': -0.5258598658324805}, 'user_v': 7.999999999999999, 'user_w': 0, 'delta_t': 0.02, 'need_reset': False}
Tangent angle: 4.508321504749169, User angle: -0.0017884269425366695, Offset angle: 0.42960575492020986
Target angle: 4.937927259669379, distance: 436.54402416887007, angle diff: 1.3434696205676708, rotation direction: -1
Basic rotation angle: 1.693121693121693, rotation gain: 0.0015444128266604358
Rotation gain: 1.24, direction: -1, curvature radius: 7.5
{'type': 'running', 'physical': {'user_x': 703.6575137783253, 'user_y': 1070.0685456929803, 'user_direction': -0.022952448106557832}, 'virtual': {'user_x': 1782.129261203905, 'user_y': 10054.177427579456, 'user_direction': -0.525859865832445}, 'user_v': 7.999999999999999, 'user_w': 0, 'delta_t': 0.02, 'need_reset': False}
Tangent angle: 4.495346796955998, User angle: -0.022952448106557832, Offset angle: 0.428478986497683
Target angle: 4.9238257834536805, distance: 437.84622621717, angle diff: 1.3364070756193476, rotation direction: -1
Basic rotation angle: 1.693121693121693, rotation gain: 0.001589221721784651
Rotation gain: 1.24, direction: -1, curvature radius: 7.5
{'type': 'running', 'physical': {'user_x': 710.0005425173101, 'user_y': 1069.7885319768607, 'user_direction': -0.044116469270578995}, 'virtual': {'user_x': 1789.0484023706376, 'user_y': 10050.161772525193, 'user_direction': -0.5258598658324891}, 'user_v': 7.999999999999999, 'user_w': 0, 'delta_t': 0.02, 'need_reset': False}
Tangent angle: 4.482383580170434, User angle: -0.044116469270578995, Offset angle: 0.4274066137035699
Target angle: 4.909790193874004, distance: 439.0915441352479, angle diff: 1.3292786440350035, rotation direction: -1
Basic rotation angle: 1.693121693121693, rotation gain: 0.0016332360011894044
Rotation gain: 1.24, direction: -1, curvature radius: 7.5
{'type': 'running', 'physical': {'user_x': 716.3362249641323, 'user_y': 1069.3743469966503, 'user_direction': -0.06528049043460016}, 'virtual': {'user_x': 1794.3039093227085, 'user_y': 10047.111639199939, 'user_direction': -0.5258598658324891}, 'user_v': 0, 'user_w': 0.1, 'delta_t': 0.02, 'need_reset': False}
Tangent angle: 4.469431269070553, User angle: -0.06528049043460016, Offset angle: 0.4263879746107217
Target angle: 4.895819243681275, distance: 440.2799051256338, angle diff: 1.3220855730637115, rotation direction: -1
Basic rotation angle: 0.0, rotation gain: 0.0014373293788443654
Rotation gain: 1.24, direction: -1, curvature radius: 2500000
{'type': 'running', 'physical': {'user_x': 722.6617233724968, 'user_y': 1068.8261762654179, 'user_direction': -0.08644451159862132}, 'virtual': {'user_x': 1794.3039093227085, 'user_y': 10047.111639199939, 'user_direction': -0.6258598658324891}, 'user_v': 0, 'user_w': 0.1, 'delta_t': 0.02, 'need_reset': False}
Tangent angle: 4.456489288057177, User angle: -0.08644451159862132, Offset angle: 0.4254224443341959
Target angle: 4.881911732391373, distance: 441.41123901908475, angle diff: 1.3148290631895918, rotation direction: -1
Basic rotation angle: 0.0, rotation gain: 0.0012660688344970773
Rotation gain: 1.24, direction: -1, curvature radius: 2500000
{'type': 'running', 'physical': {'user_x': 722.6617233724968, 'user_y': 1068.8261762654179, 'user_direction': -0.0057993503082987286}, 'virtual': {'user_x': 1794.3039093227085, 'user_y': 10047.111639199939, 'user_direction': -0.7258598658324891}, 'user_v': 0, 'user_w': 0.1, 'delta_t': 0.02, 'need_reset': False}
Tangent angle: 4.456489288057177, User angle: -0.0057993503082987286, Offset angle: 0.4254224443341959
Target angle: 4.881911732391373, distance: 441.41123901908475, angle diff: 1.3954742244799148, rotation direction: -1
Basic rotation angle: 0.0, rotation gain: 0.0011162158581932001
Rotation gain: 1.24, direction: -1, curvature radius: 2500000
{'type': 'running', 'physical': {'user_x': 722.6617233724968, 'user_y': 1068.8261762654179, 'user_direction': 0.07484581098202386}, 'virtual': {'user_x': 1794.3039093227085, 'user_y': 10047.111639199939, 'user_direction': -0.825859865832489}, 'user_v': 0, 'user_w': 0.1, 'delta_t': 0.02, 'need_reset': False}
Tangent angle: 4.456489288057177, User angle: 0.07484581098202386, Offset angle: 0.4254224443341959
Target angle: 4.881911732391373, distance: 441.41123901908475, angle diff: 1.4761193857702368, rotation direction: -1
Basic rotation angle: 0.0, rotation gain: 0.0009850945039273076
Rotation gain: 1.24, direction: -1, curvature radius: 2500000
{'type': 'running', 'physical': {'user_x': 722.6617233724968, 'user_y': 1068.8261762654179, 'user_direction': 0.15549097227234646}, 'virtual': {'user_x': 1794.3039093227085, 'user_y': 10047.111639199939, 'user_direction': -0.925859865832489}, 'user_v': 0, 'user_w': 0.1, 'delta_t': 0.02, 'need_reset': False}
Tangent angle: 4.456489288057177, User angle: 0.15549097227234646, Offset angle: 0.4254224443341959
Target angle: 4.881911732391373, distance: 441.41123901908475, angle diff: 1.5567645470605598, rotation direction: -1
Basic rotation angle: 0.0, rotation gain: 0.0008703633189446518
Rotation gain: 1.24, direction: -1, curvature radius: 2500000
{'type': 'running', 'physical': {'user_x': 722.6617233724968, 'user_y': 1068.8261762654179, 'user_direction': 0.23613613356266905}, 'virtual': {'user_x': 1794.3039093227085, 'user_y': 10047.111639199939, 'user_direction': -1.0258598658324891}, 'user_v': 0, 'user_w': 0.1, 'delta_t': 0.02, 'need_reset': False}
Tangent angle: 4.456489288057177, User angle: 0.23613613356266905, Offset angle: 0.4254224443341959
Target angle: 4.881911732391373, distance: 441.41123901908475, angle diff: 1.6374097083508818, rotation direction: -1
Basic rotation angle: 0.0, rotation gain: 0.000769973532084828
Rotation gain: 1.24, direction: -1, curvature radius: 2500000
{'type': 'running', 'physical': {'user_x': 722.6617233724968, 'user_y': 1068.8261762654179, 'user_direction': 0.31678129485299167}, 'virtual': {'user_x': 1794.3039093227085, 'user_y': 10047.111639199939, 'user_direction': -1.1258598658324892}, 'user_v': 0, 'user_w': 0.1, 'delta_t': 0.02, 'need_reset': False}
Tangent angle: 4.456489288057177, User angle: 0.31678129485299167, Offset angle: 0.4254224443341959
Target angle: 4.881911732391373, distance: 441.41123901908475, angle diff: 1.7180548696412048, rotation direction: -1
Basic rotation angle: 0.0, rotation gain: 0.0006821324685824822
Rotation gain: 1.24, direction: -1, curvature radius: 2500000
{'type': 'running', 'physical': {'user_x': 722.6617233724968, 'user_y': 1068.8261762654179, 'user_direction': 0.3974264561433143}, 'virtual': {'user_x': 1794.3039093227085, 'user_y': 10047.111639199939, 'user_direction': -1.2258598658324893}, 'user_v': 0, 'user_w': 0.1, 'delta_t': 0.02, 'need_reset': False}
Tangent angle: 4.456489288057177, User angle: 0.3974264561433143, Offset angle: 0.4254224443341959
Target angle: 4.881911732391373, distance: 441.41123901908475, angle diff: 1.7987000309315277, rotation direction: -1
Basic rotation angle: 0.0, rotation gain: 0.0006052715380179296
Rotation gain: 1.24, direction: -1, curvature radius: 2500000
{'type': 'running', 'physical': {'user_x': 722.6617233724968, 'user_y': 1068.8261762654179, 'user_direction': 0.4780716174336369}, 'virtual': {'user_x': 1794.3039093227085, 'user_y': 10047.111639199939, 'user_direction': -1.3258598658324894}, 'user_v': 0, 'user_w': 0.1, 'delta_t': 0.02, 'need_reset': False}
Tangent angle: 4.456489288057177, User angle: 0.4780716174336369, Offset angle: 0.4254224443341959
Target angle: 4.881911732391373, distance: 441.41123901908475, angle diff: 1.8793451922218498, rotation direction: -1
Basic rotation angle: 0.0, rotation gain: 0.000538018223773946
Rotation gain: 1.24, direction: -1, curvature radius: 2500000
{'type': 'running', 'physical': {'user_x': 722.6617233724968, 'user_y': 1068.8261762654179, 'user_direction': 0.5587167787239595}, 'virtual': {'user_x': 1794.3039093227085, 'user_y': 10047.111639199939, 'user_direction': -1.4258598658324895}, 'user_v': 0, 'user_w': 0.1, 'delta_t': 0.02, 'need_reset': False}
Tangent angle: 4.456489288057177, User angle: 0.5587167787239595, Offset angle: 0.4254224443341959
Target angle: 4.881911732391373, distance: 441.41123901908475, angle diff: 1.9599903535121728, rotation direction: -1
Basic rotation angle: 0.0, rotation gain: 0.00047917157381046043
Rotation gain: 1.24, direction: -1, curvature radius: 2500000
{'type': 'running', 'physical': {'user_x': 722.6617233724968, 'user_y': 1068.8261762654179, 'user_direction': 0.6393619400142821}, 'virtual': {'user_x': 1794.3039093227085, 'user_y': 10047.111639199939, 'user_direction': -1.6017917267363284}, 'user_v': 7.999999999999999, 'user_w': 0, 'delta_t': 0.02, 'need_reset': False}
Tangent angle: 4.456489288057177, User angle: 0.6393619400142821, Offset angle: 0.4254224443341959
Target angle: 4.881911732391373, distance: 441.41123901908475, angle diff: 2.0406355148024957, rotation direction: -1
Basic rotation angle: 1.693121693121693, rotation gain: 0.0006714439673318824
Rotation gain: 1.24, direction: -1, curvature radius: 7.5
{'type': 'running', 'physical': {'user_x': 722.6617233724968, 'user_y': 1068.8261762654179, 'user_direction': 0.7200071013046048}, 'virtual': {'user_x': 1794.0559858249233, 'user_y': 10039.115481751562, 'user_direction': -1.6017917267363284}, 'user_v': 7.999999999999999, 'user_w': 0, 'delta_t': 0.02, 'need_reset': False}
Tangent angle: 4.456489288057177, User angle: 0.7200071013046048, Offset angle: 0.4254224443341959
Target angle: 4.881911732391373, distance: 441.41123901908475, angle diff: 2.121280676092818, rotation direction: -1
Basic rotation angle: 1.693121693121693, rotation gain: 0.0008396823116631267
Rotation gain: 1.24, direction: -1, curvature radius: 7.5
{'type': 'running', 'physical': {'user_x': 727.5225931089903, 'user_y': 1072.9108263935982, 'user_direction': 0.6988430801405836}, 'virtual': {'user_x': 1793.808062327138, 'user_y': 10031.119324303185, 'user_direction': -1.6017917267363286}, 'user_v': 7.999999999999999, 'user_w': 0, 'delta_t': 0.02, 'need_reset': False}
Tangent angle: 4.448999078731633, User angle: 0.6988430801405836, Offset angle: 0.4206213253875803
Target angle: 4.869620404119214, distance: 447.1092276765456, angle diff: 2.1124079832009564, rotation direction: -1
Basic rotation angle: 1.693121693121693, rotation gain: 0.000991060570379178
Rotation gain: 1.24, direction: -1, curvature radius: 7.5
{'type': 'running', 'physical': {'user_x': 732.4688154243219, 'user_y': 1076.8916938960554, 'user_direction': 0.6776790589765624}, 'virtual': {'user_x': 1793.5601388293528, 'user_y': 10023.123166854808, 'user_direction': -1.6017917267363289}, 'user_v': 7.999999999999999, 'user_w': 0, 'delta_t': 0.02, 'need_reset': False}
Tangent angle: 4.44144427053923, User angle: 0.6776790589765624, Offset angle: 0.41597582070682354
Target angle: 4.857420091246054, distance: 452.74018461693015, angle diff: 2.1034442749100952, rotation direction: -1
Basic rotation angle: 1.693121693121693, rotation gain: 0.0011276432610382112
Rotation gain: 1.24, direction: -1, curvature radius: 7.5
{'type': 'running', 'physical': {'user_x': 737.4981749101012, 'user_y': 1080.766995745925, 'user_direction': 0.6565150378125413}, 'virtual': {'user_x': 1793.3122153315676, 'user_y': 10015.127009406431, 'user_direction': -1.601791726736329}, 'user_v': 7.999999999999999, 'user_w': 0, 'delta_t': 0.02, 'need_reset': False}
Tangent angle: 4.43382747050109, User angle: 0.6565150378125413, Offset angle: 0.41147962115144493
Target angle: 4.8453070916525345, distance: 458.30410460977873, angle diff: 2.094393253339593, rotation direction: -1
Basic rotation angle: 1.693121693121693, rotation gain: 0.0012512381611485374
Rotation gain: 1.24, direction: -1, curvature radius: 7.5
{'type': 'running', 'physical': {'user_x': 742.6084189208767, 'user_y': 1084.534996199101, 'user_direction': 0.6353510166485201}, 'virtual': {'user_x': 1793.0642918337824, 'user_y': 10007.130851958054, 'user_direction': -1.6017917267363295}, 'user_v': 7.999999999999999, 'user_w': 0, 'delta_t': 0.02, 'need_reset': False}
Tangent angle: 4.426151157091928, User angle: 0.6353510166485201, Offset angle: 0.4071267763540973
Target angle: 4.833277933446025, distance: 463.80095266048676, angle diff: 2.085258390382081, rotation direction: -1
Basic rotation angle: 1.693121693121693, rotation gain: 0.0013634283155068965
Rotation gain: 1.24, direction: -1, curvature radius: 7.5
{'type': 'running', 'physical': {'user_x': 747.797258583093, 'user_y': 1088.1940075716732, 'user_direction': 0.614186995484499}, 'virtual': {'user_x': 1792.8163683359971, 'user_y': 9999.134694509678, 'user_direction': -1.60179172673633}, 'user_v': 7.999999999999999, 'user_w': 0, 'delta_t': 0.02, 'need_reset': False}
Tangent angle: 4.418417688168862, User angle: 0.614186995484499, Offset angle: 0.402911669586121
Target angle: 4.821329357754983, distance: 469.2306668085203, angle diff: 2.0760429449091014, rotation direction: -1
Basic rotation angle: 1.693121693121693, rotation gain: 0.0014656000490660523
Rotation gain: 1.24, direction: -1, curvature radius: 7.5
{'type': 'running', 'physical': {'user_x': 753.0623698202753, 'user_y': 1091.7423909958395, 'user_direction': 0.5930229743204778}, 'virtual': {'user_x': 1792.568444838212, 'user_y': 9991.1385370613, 'user_direction': -1.6017917267363306}, 'user_v': 7.999999999999999, 'user_w': 0, 'delta_t': 0.02, 'need_reset': False}
Tangent angle: 4.410629308331943, User angle: 0.5930229743204778, Offset angle: 0.3988289947605154
Target angle: 4.809458303092459, distance: 474.59316067270055, angle diff: 2.0667499784076053, rotation direction: -1
Basic rotation angle: 1.693121693121693, rotation gain: 0.0015589674840565443
Rotation gain: 1.24, direction: -1, curvature radius: 7.5
{'type': 'running', 'physical': {'user_x': 758.401394393981, 'user_y': 1095.1785571539535, 'user_direction': 0.5718589531564566}, 'virtual': {'user_x': 1792.3205213404267, 'user_y': 9983.142379612924, 'user_direction': -1.6017917267363313}, 'user_v': 7.999999999999999, 'user_w': 0, 'delta_t': 0.02, 'need_reset': False}
Tangent angle: 4.402788155762924, User angle: 0.5718589531564566, Offset angle: 0.39487373535916825
Target angle: 4.797661891122091, distance: 479.8883257707243, angle diff: 2.0573823692139515, rotation direction: -1
Basic rotation angle: 1.693121693121693, rotation gain: 0.0016445939978087128
Rotation gain: 1.24, direction: -1, curvature radius: 7.5
{'type': 'running', 'physical': {'user_x': 763.8119409600528, 'user_y': 1098.5009669903782, 'user_direction': 0.5506949319924355}, 'virtual': {'user_x': 1792.0725978426415, 'user_y': 9975.146222164547, 'user_direction': -1.6017917267363324}, 'user_v': 7.999999999999999, 'user_w': 0, 'delta_t': 0.02, 'need_reset': False}
Tangent angle: 4.394896268584546, User angle: 0.5506949319924355, Offset angle: 0.39104114509567384
Target angle: 4.7859374136802195, distance: 485.1160336367393, angle diff: 2.047942825491802, rotation direction: -1
Basic rotation angle: 1.693121693121693, rotation gain: 0.0017234110032197025
Rotation gain: 1.24, direction: -1, curvature radius: 7.5
{'type': 'running', 'physical': {'user_x': 769.2915861396989, 'user_y': 1101.7081324008277, 'user_direction': 0.5295309108284143}, 'virtual': {'user_x': 1791.8246743448562, 'user_y': 9967.15006471617, 'user_direction': -1.6017917267363337}, 'user_v': 7.999999999999999, 'user_w': 0, 'delta_t': 0.02, 'need_reset': False}
Tangent angle: 4.38695559077881, User angle: 0.5295309108284143, Offset angle: 0.3873267301463727
Target angle: 4.774282320925183, distance: 490.27613775791855, angle diff: 2.038433897082818, rotation direction: -1
Basic rotation angle: 1.693121693121693, rotation gain: 0.001796234386114964
Rotation gain: 1.24, direction: -1, curvature radius: 7.5
{'type': 'running', 'physical': {'user_x': 774.8378756049228, 'user_y': 1104.7986168988875, 'user_direction': 0.5083668896643931}, 'virtual': {'user_x': 1791.576750847071, 'user_y': 9959.153907267793, 'user_direction': -1.601791726736336}, 'user_v': 7.999999999999999, 'user_w': 0, 'delta_t': 0.02, 'need_reset': False}
Tangent angle: 4.378967977699254, User angle: 0.5083668896643931, Offset angle: 0.3837262328008277
Target angle: 4.762694210500082, distance: 495.36847534847453, angle diff: 2.0288579863438976, rotation direction: -1
Basic rotation angle: 1.693121693121693, rotation gain: 0.0018637788920148651
Rotation gain: 1.24, direction: -1, curvature radius: 7.5
{'type': 'running', 'physical': {'user_x': 780.4483251778145, 'user_y': 1107.7710362594157, 'user_direction': 0.487202868500372}, 'virtual': {'user_x': 1791.3288273492856, 'user_y': 9951.157749819416, 'user_direction': -1.6017917267363397}, 'user_v': 7.999999999999999, 'user_w': 0, 'delta_t': 0.02, 'need_reset': False}
Tangent angle: 4.370935201209159, User angle: 0.487202868500372, Offset angle: 0.3802356163991967
Target angle: 4.751170817608355, distance: 500.3928689774057, angle diff: 2.019217358071603, rotation direction: -1
Basic rotation angle: 1.693121693121693, rotation gain: 0.0019266707182906276
Rotation gain: 1.24, direction: -1, curvature radius: 7.5
{'type': 'running', 'physical': {'user_x': 786.1204219432107, 'user_y': 1110.624059138536, 'user_direction': 0.4660388473363508}, 'virtual': {'user_x': 1791.0809038515004, 'user_y': 9943.16159237104, 'user_direction': -1.6017917267363317}, 'user_v': 7.999999999999999, 'user_w': 0, 'delta_t': 0.02, 'need_reset': False}
Tangent angle: 4.362858954474822, User angle: 0.4660388473363508, Offset angle: 0.3768510514382019
Target angle: 4.7397100059130235, distance: 505.34912806438473, angle diff: 2.0095141486029133, rotation direction: -1
Basic rotation angle: 1.693121693121693, rotation gain: 0.001985458535728958
Rotation gain: 1.24, direction: -1, curvature radius: 7.5
{'type': 'running', 'physical': {'user_x': 791.8516253742281, 'user_y': 1113.3564076699456, 'user_direction': 0.44487482617232965}, 'virtual': {'user_x': 1790.894298313935, 'user_y': 9937.14309363074, 'user_direction': -1.6017917267363317}, 'user_v': 0, 'user_w': 0.1, 'delta_t': 0.02, 'need_reset': False}
Tangent angle: 4.354740856440488, User angle: 0.44487482617232965, Offset angle: 0.37356890273990506
Target angle: 4.728309759180393, distance: 510.23705025656903, angle diff: 1.9997503741715228, rotation direction: -1
Basic rotation angle: 0.0, rotation gain: 0.0017473877826558036
Rotation gain: 1.24, direction: -1, curvature radius: 2500000
{'type': 'running', 'physical': {'user_x': 797.6393684701626, 'user_y': 1115.96685803727, 'user_direction': 0.4237108050083085}, 'virtual': {'user_x': 1790.894298313935, 'user_y': 9937.14309363074, 'user_direction': -1.7017917267363318}, 'user_v': 0, 'user_w': 0.1, 'delta_t': 0.02, 'need_reset': False}
Tangent angle: 4.3465824560092425, User angle: 0.4237108050083085, Offset angle: 0.3703857175885122
Target angle: 4.716968173597754, distance: 515.0564226976855, angle diff: 1.9899279385901405, rotation direction: -1
Basic rotation angle: 0.0, rotation gain: 0.0015391989974855036
Rotation gain: 1.24, direction: -1, curvature radius: 2500000
{'type': 'running', 'physical': {'user_x': 797.6393684701626, 'user_y': 1115.96685803727, 'user_direction': 0.5043559662986311}, 'virtual': {'user_x': 1790.894298313935, 'user_y': 9937.14309363074, 'user_direction': -1.801791726736332}, 'user_v': 0, 'user_w': 0.1, 'delta_t': 0.02, 'need_reset': False}
Tangent angle: 4.3465824560092425, User angle: 0.5043559662986311, Offset angle: 0.3703857175885122
Target angle: 4.716968173597754, distance: 515.0564226976855, angle diff: 2.0705730998804626, rotation direction: -1
Basic rotation angle: 0.0, rotation gain: 0.001357033810461491
Rotation gain: 1.24, direction: -1, curvature radius: 2500000
{'type': 'running', 'physical': {'user_x': 797.6393684701626, 'user_y': 1115.96685803727, 'user_direction': 0.5850011275889537}, 'virtual': {'user_x': 1790.894298313935, 'user_y': 9937.14309363074, 'user_direction': -1.901791726736332}, 'user_v': 0, 'user_w': 0.1, 'delta_t': 0.02, 'need_reset': False}
Tangent angle: 4.3465824560092425, User angle: 0.5850011275889537, Offset angle: 0.3703857175885122
Target angle: 4.716968173597754, distance: 515.0564226976855, angle diff: 2.1512182611707855, rotation direction: -1
Basic rotation angle: 0.0, rotation gain: 0.0011976392718154802
Rotation gain: 1.24, direction: -1, curvature radius: 2500000
{'type': 'running', 'physical': {'user_x': 797.6393684701626, 'user_y': 1115.96685803727, 'user_direction': 0.6656462888792763}, 'virtual': {'user_x': 1790.894298313935, 'user_y': 9937.14309363074, 'user_direction': -2.001791726736332}, 'user_v': 0, 'user_w': 0.1, 'delta_t': 0.02, 'need_reset': False}
Tangent angle: 4.3465824560092425, User angle: 0.6656462888792763, Offset angle: 0.3703857175885122
Target angle: 4.716968173597754, distance: 515.0564226976855, angle diff: 2.2318634224611085, rotation direction: -1
Basic rotation angle: 0.0, rotation gain: 0.0010581690505002206
Rotation gain: 1.24, direction: -1, curvature radius: 2500000
{'type': 'running', 'physical': {'user_x': 797.6393684701626, 'user_y': 1115.96685803727, 'user_direction': 0.746291450169599}, 'virtual': {'user_x': 1790.894298313935, 'user_y': 9937.14309363074, 'user_direction': -2.101791726736332}, 'user_v': 0, 'user_w': 0.1, 'delta_t': 0.02, 'need_reset': False}
Tangent angle: 4.3465824560092425, User angle: 0.746291450169599, Offset angle: 0.3703857175885122
Target angle: 4.716968173597754, distance: 515.0564226976855, angle diff: 2.3125085837514305, rotation direction: -1
Basic rotation angle: 0.0, rotation gain: 0.0009361326068493685
Rotation gain: 1.24, direction: -1, curvature radius: 2500000
{'type': 'running', 'physical': {'user_x': 797.6393684701626, 'user_y': 1115.96685803727, 'user_direction': 0.8269366114599216}, 'virtual': {'user_x': 1790.894298313935, 'user_y': 9937.14309363074, 'user_direction': -2.201791726736332}, 'user_v': 0, 'user_w': 0.1, 'delta_t': 0.02, 'need_reset': False}
Tangent angle: 4.3465824560092425, User angle: 0.8269366114599216, Offset angle: 0.3703857175885122
Target angle: 4.716968173597754, distance: 515.0564226976855, angle diff: 2.3931537450417535, rotation direction: -1
Basic rotation angle: 0.0, rotation gain: 0.0008293507186548729
Rotation gain: 1.24, direction: -1, curvature radius: 2500000
{'type': 'running', 'physical': {'user_x': 797.6393684701626, 'user_y': 1115.96685803727, 'user_direction': 0.9075817727502442}, 'virtual': {'user_x': 1790.894298313935, 'user_y': 9937.14309363074, 'user_direction': -2.301791726736332}, 'user_v': 0, 'user_w': 0.1, 'delta_t': 0.02, 'need_reset': False}
Tangent angle: 4.3465824560092425, User angle: 0.9075817727502442, Offset angle: 0.3703857175885122
Target angle: 4.716968173597754, distance: 515.0564226976855, angle diff: 2.473798906332076, rotation direction: -1
Basic rotation angle: 0.0, rotation gain: 0.0007359165664846892
Rotation gain: 1.24, direction: -1, curvature radius: 2500000
{'type': 'running', 'physical': {'user_x': 797.6393684701626, 'user_y': 1115.96685803727, 'user_direction': 0.9882269340405668}, 'virtual': {'user_x': 1790.894298313935, 'user_y': 9937.14309363074, 'user_direction': -2.4017917267363322}, 'user_v': 0, 'user_w': 0.1, 'delta_t': 0.02, 'need_reset': False}
Tangent angle: 4.3465824560092425, User angle: 0.9882269340405668, Offset angle: 0.3703857175885122
Target angle: 4.716968173597754, distance: 515.0564226976855, angle diff: 2.5544440676223985, rotation direction: -1
Basic rotation angle: 0.0, rotation gain: 0.0006541616833357785
Rotation gain: 1.24, direction: -1, curvature radius: 2500000
{'type': 'running', 'physical': {'user_x': 797.6393684701626, 'user_y': 1115.96685803727, 'user_direction': 1.0688720953308894}, 'virtual': {'user_x': 1790.894298313935, 'user_y': 9937.14309363074, 'user_direction': -2.525836921355243}, 'user_v': 7.999999999999999, 'user_w': 0, 'delta_t': 0.02, 'need_reset': False}
Tangent angle: 4.3465824560092425, User angle: 1.0688720953308894, Offset angle: 0.3703857175885122
Target angle: 4.716968173597754, distance: 515.0564226976855, angle diff: 2.6350892289127215, rotation direction: -1
Basic rotation angle: 1.693121693121693, rotation gain: 0.0008794321027690692
Rotation gain: 1.24, direction: -1, curvature radius: 7.5
{'type': 'running', 'physical': {'user_x': 797.6393684701626, 'user_y': 1115.96685803727, 'user_direction': 1.149517256621212}, 'virtual': {'user_x': 1784.3636008135618, 'user_y': 9932.522488674826, 'user_direction': -2.525836921355243}, 'user_v': 7.999999999999999, 'user_w': 0, 'delta_t': 0.02, 'need_reset': False}
Tangent angle: 4.3465824560092425, User angle: 1.149517256621212, Offset angle: 0.3703857175885122
Target angle: 4.716968173597754, distance: 515.0564226976855, angle diff: 2.7157343902030435, rotation direction: -1
Basic rotation angle: 1.693121693121693, rotation gain: 0.0010765437197731986
Rotation gain: 1.24, direction: -1, curvature radius: 7.5
{'type': 'running', 'physical': {'user_x': 800.3577721696389, 'user_y': 1121.7046888635907, 'user_direction': 1.1283532354571908}, 'virtual': {'user_x': 1777.8329033131886, 'user_y': 9927.90188371891, 'user_direction': -2.525836921355248}, 'user_v': 7.999999999999999, 'user_w': 0, 'delta_t': 0.02, 'need_reset': False}
Tangent angle: 4.345712632532424, User angle: 1.1283532354571908, Offset angle: 0.36599066281855586
Target angle: 4.711703295350979, distance: 521.8419485352217, angle diff: 2.699835247285798, rotation direction: -1
Basic rotation angle: 1.693121693121693, rotation gain: 0.0012507268056310512
Rotation gain: 1.24, direction: -1, curvature radius: 7.5
{'type': 'running', 'physical': {'user_x': 803.1969935916284, 'user_y': 1127.3837066467745, 'user_direction': 1.1071892142931696}, 'virtual': {'user_x': 1771.3022058128154, 'user_y': 9923.281278762995, 'user_direction': -2.525836921355253}, 'user_v': 7.999999999999999, 'user_w': 0, 'delta_t': 0.02, 'need_reset': False}
Tangent angle: 4.344625410952785, User angle: 1.1071892142931696, Offset angle: 0.36170860752518924
Target angle: 4.706334018477975, distance: 528.6043815947494, angle diff: 2.6840405029947814, rotation direction: -1
Basic rotation angle: 1.693121693121693, rotation gain: 0.0014048785540538582
Rotation gain: 1.24, direction: -1, curvature radius: 7.5
{'type': 'running', 'physical': {'user_x': 806.155761051488, 'user_y': 1133.0013677600207, 'user_direction': 1.0860251931291485}, 'virtual': {'user_x': 1764.7715083124422, 'user_y': 9918.66067380708, 'user_direction': -2.525836921355259}, 'user_v': 7.999999999999999, 'user_w': 0, 'delta_t': 0.02, 'need_reset': False}
Tangent angle: 4.343328410280383, User angle: 1.0860251931291485, Offset angle: 0.35753675618298886
Target angle: 4.700865166463371, distance: 535.3416253653091, angle diff: 2.6683453338453633, rotation direction: -1
Basic rotation angle: 1.693121693121693, rotation gain: 0.0015415322682524797
Rotation gain: 1.24, direction: -1, curvature radius: 7.5
{'type': 'running', 'physical': {'user_x': 809.232749320015, 'user_y': 1138.5551560581239, 'user_direction': 1.0648611719651273}, 'virtual': {'user_x': 1758.240810812069, 'user_y': 9914.040068851165, 'user_direction': -2.525836921355266}, 'user_v': 7.999999999999999, 'user_w': 0, 'delta_t': 0.02, 'need_reset': False}
Tangent angle: 4.3418289694388985, User angle: 1.0648611719651273, Offset angle: 0.3534723440023044
Target angle: 4.6953013134412025, distance: 542.0516575980581, angle diff: 2.652745165703511, rotation direction: -1
Basic rotation angle: 1.693121693121693, rotation gain: 0.0016629029333671424
Rotation gain: 1.24, direction: -1, curvature radius: 7.5
{'type': 'running', 'physical': {'user_x': 812.4265802170164, 'user_y': 1144.0425840044538, 'user_direction': 1.0436971508011061}, 'virtual': {'user_x': 1751.7101133116957, 'user_y': 9909.419463895252, 'user_direction': -2.525836921355274}, 'user_v': 7.999999999999999, 'user_w': 0, 'delta_t': 0.02, 'need_reset': False}
Tangent angle: 4.340134155781425, User angle: 1.0436971508011061, Offset angle: 0.349512643700838
Target angle: 4.689646799482263, distance: 548.7325260934873, angle diff: 2.637235658498429, rotation direction: -1
Basic rotation angle: 1.693121693121693, rotation gain: 0.0017709270872469343
Rotation gain: 1.24, direction: -1, curvature radius: 7.5
{'type': 'running', 'physical': {'user_x': 815.7358232285939, 'user_y': 1149.4611937851198, 'user_direction': 1.022533129637085}, 'virtual': {'user_x': 1745.1794158113225, 'user_y': 9904.798858939337, 'user_direction': -2.5258369213552667}, 'user_v': 7.999999999999999, 'user_w': 0, 'delta_t': 0.02, 'need_reset': False}
Tangent angle: 4.338250773754827, User angle: 1.022533129637085, Offset angle: 0.3456549711326061
Target angle: 4.683905744887433, distance: 555.3823447859033, angle diff: 2.6218126919292386, rotation direction: -1
Basic rotation angle: 1.693121693121693, rotation gain: 0.0018672977026046853
Rotation gain: 1.24, direction: -1, curvature radius: 7.5
{'type': 'running', 'physical': {'user_x': 819.1589961478701, 'user_y': 1154.808558409824, 'user_direction': 1.0013691084730638}, 'virtual': {'user_x': 1738.6487183109493, 'user_y': 9900.178253983424, 'user_direction': -2.5258369213552765}, 'user_v': 7.999999999999999, 'user_w': 0, 'delta_t': 0.02, 'need_reset': False}
Tangent angle: 4.336185373635889, User angle: 1.0013691084730638, Offset angle: 0.341896689914527
Target angle: 4.6780820635504154, distance: 561.999290103937, angle diff: 2.6064723521022346, rotation direction: -1
Basic rotation angle: 1.693121693121693, rotation gain: 0.0019534947044259426
Rotation gain: 1.24, direction: -1, curvature radius: 7.5
{'type': 'running', 'physical': {'user_x': 822.6945657388677, 'user_y': 1160.0822827989075, 'user_direction': 0.9802050873090427}, 'virtual': {'user_x': 1732.1180208105761, 'user_y': 9895.55764902751, 'user_direction': -2.5258369213552676}, 'user_v': 7.999999999999999, 'user_w': 0, 'delta_t': 0.02, 'need_reset': False}
Tangent angle: 4.333944260274598, User angle: 0.9802050873090427, Offset angle: 0.338235215175625
Target angle: 4.672179475450223, distance: 568.5815975872401, angle diff: 2.5912109190384056, rotation direction: -1
Basic rotation angle: 1.693121693121693, rotation gain: 0.0020308116685078532
Rotation gain: 1.24, direction: -1, curvature radius: 7.5
{'type': 'running', 'physical': {'user_x': 826.3409484232442, 'user_y': 1165.2800048561053, 'user_direction': 0.9590410661450215}, 'virtual': {'user_x': 1725.587323310203, 'user_y': 9890.937044071596, 'user_direction': -2.5258369213552565}, 'user_v': 7.999999999999999, 'user_w': 0, 'delta_t': 0.02, 'need_reset': False}
Tangent angle: 4.331533501790556, User angle: 0.9590410661450215, Offset angle: 0.33466801654004735
Target angle: 4.666201518330603, distance: 575.1275587408867, angle diff: 2.5760248549940044, rotation direction: -1
Basic rotation angle: 1.693121693121693, rotation gain: 0.0021003791787519554
Rotation gain: 1.24, direction: -1, curvature radius: 7.5
{'type': 'running', 'physical': {'user_x': 830.0965109895753, 'user_y': 1170.399396526526, 'user_direction': 0.9378770449810003}, 'virtual': {'user_x': 1719.0566258098297, 'user_y': 9886.316439115682, 'user_direction': -2.525836921355269}, 'user_v': 7.999999999999999, 'user_w': 0, 'delta_t': 0.02, 'need_reset': False}
Tangent angle: 4.328958938177735, User angle: 0.9378770449810003, Offset angle: 0.33119262044265574
Target angle: 4.660151558620391, distance: 581.6355181102689, angle diff: 2.560910793540196, rotation direction: -1
Basic rotation angle: 1.693121693121693, rotation gain: 0.0021631852611153344
Rotation gain: 1.24, direction: -1, curvature radius: 7.5
{'type': 'running', 'physical': {'user_x': 833.959571324869, 'user_y': 1175.4381648393862, 'user_direction': 0.9167130238169792}, 'virtual': {'user_x': 1712.5259283094565, 'user_y': 9881.695834159767, 'user_direction': -2.5258369213552543}, 'user_v': 7.999999999999999, 'user_w': 0, 'delta_t': 0.02, 'need_reset': False}
Tangent angle: 4.32622618978084, User angle: 0.9167130238169792, Offset angle: 0.3278066118647763
Target angle: 4.6540328016456165, distance: 588.1038705604965, angle diff: 2.545865529350949, rotation direction: -1
Basic rotation angle: 1.693121693121693, rotation gain: 0.0022200932598708083
Rotation gain: 1.24, direction: -1, curvature radius: 7.5
{'type': 'running', 'physical': {'user_x': 837.9283991679819, 'user_y': 1180.394052935029, 'user_direction': 0.895549002652958}, 'virtual': {'user_x': 1705.9952308090833, 'user_y': 9877.075229203854, 'user_direction': -2.5258369213552716}, 'user_v': 7.999999999999999, 'user_w': 0, 'delta_t': 0.02, 'need_reset': False}
Tangent angle: 4.323340665613468, User angle: 0.895549002652958, Offset angle: 0.32450763556766055
Target angle: 4.647848301181129, distance: 594.5310587454519, angle diff: 2.5308860086514153, rotation direction: -1
Basic rotation angle: 1.693121693121693, rotation gain: 0.0022718574761055794
Rotation gain: 1.24, direction: -1, curvature radius: 7.5
{'type': 'running', 'physical': {'user_x': 842.0012168846021, 'user_y': 1185.2648410757704, 'user_direction': 0.8743849814889368}, 'virtual': {'user_x': 1699.46453330871, 'user_y': 9872.45462424794, 'user_direction': -2.5258369213552503}, 'user_v': 7.999999999999999, 'user_w': 0, 'delta_t': 0.02, 'need_reset': False}
Tangent angle: 4.3203075714942685, User angle: 0.8743849814889368, Offset angle: 0.32129339689223096
Target angle: 4.641600968386499, distance: 600.9155707527264, angle diff: 2.5159693202820237, rotation direction: -1
Basic rotation angle: 1.693121693121693, rotation gain: 0.0023191368483825242
Rotation gain: 1.24, direction: -1, curvature radius: 7.5
{'type': 'running', 'physical': {'user_x': 846.1762002634496, 'user_y': 1190.0483476401173, 'user_direction': 0.8532209603249157}, 'virtual': {'user_x': 1692.9338358083367, 'user_y': 9867.834019292026, 'user_direction': -2.5258369213552774}, 'user_v': 7.999999999999999, 'user_w': 0, 'delta_t': 0.02, 'need_reset': False}
Tangent angle: 4.317131917982442, User angle: 0.8532209603249157, Offset angle: 0.31816166218566033
Target angle: 4.635293580168102, distance: 607.2559379116706, angle diff: 2.5011126873364002, rotation direction: -1
Basic rotation angle: 1.693121693121693, rotation gain: 0.0023625069204845054
Rotation gain: 1.24, direction: -1, curvature radius: 7.5
{'type': 'running', 'physical': {'user_x': 850.4514793333391, 'user_y': 1194.7424300999135, 'user_direction': 0.8320569391608945}, 'virtual': {'user_x': 1686.4031383079634, 'user_y': 9863.21341433611, 'user_direction': -2.5258369213552294}, 'user_v': 7.999999999999999, 'user_w': 0, 'delta_t': 0.02, 'need_reset': False}
Tangent angle: 4.313818528098366, User angle: 0.8320569391608945, Offset angle: 0.31511025890817673
Target angle: 4.628928787006543, distance: 613.5507327527272, angle diff: 2.486313459333938, rotation direction: -1
Basic rotation angle: 1.693121693121693, rotation gain: 0.002402470310534565
Rotation gain: 1.24, direction: -1, curvature radius: 7.5
{'type': 'running', 'physical': {'user_x': 854.8251392007382, 'user_y': 1199.3449859799766, 'user_direction': 0.8108929179968734}, 'virtual': {'user_x': 1680.176834040218, 'user_y': 9858.808173953299, 'user_direction': -2.5258369213552294}, 'user_v': 0, 'user_w': 0.1, 'delta_t': 0.02, 'need_reset': False}
Tangent angle: 4.310372044818865, User angle: 0.8108929179968734, Offset angle: 0.31213707546710345
Target angle: 4.622509120285969, distance: 619.7985671070996, angle diff: 2.4715691048904906, rotation direction: -1
Basic rotation angle: 0.0, rotation gain: 0.0021134049999600377
Rotation gain: 1.24, direction: -1, curvature radius: 2500000
{'type': 'running', 'physical': {'user_x': 854.8251392007382, 'user_y': 1199.3449859799766, 'user_direction': 0.8108929179968734}, 'virtual': {'user_x': 1680.176834040218, 'user_y': 9858.808173953299, 'user_direction': -2.4258369213552293}, 'user_v': 0, 'user_w': 0.1, 'delta_t': 0.02, 'need_reset': True}
{'type': 'running', 'physical': {'user_x': 854.8251392007382, 'user_y': 1199.3449859799766, 'user_direction': 3.9524855715866662}, 'virtual': {'user_x': 1680.176834040218, 'user_y': 9858.808173953299, 'user_direction': -2.3258369213552292}, 'user_v': 0, 'user_w': 0.1, 'delta_t': 0.02, 'need_reset': False}
Tangent angle: 4.310372044818865, User angle: 3.9524855715866662, Offset angle: 0.31213707546710345
Target angle: 3.9982349693517616, distance: 619.7985671070996, angle diff: 0.045749397765095345, rotation direction: 1
Basic rotation angle: 0.0, rotation gain: 0.001866217896837407
Rotation gain: 1.24, direction: 1, curvature radius: 2500000
{'type': 'running', 'physical': {'user_x': 854.8251392007382, 'user_y': 1199.3449859799766, 'user_direction': 4.033130732876989}, 'virtual': {'user_x': 1680.176834040218, 'user_y': 9858.808173953299, 'user_direction': -2.225836921355229}, 'user_v': 0, 'user_w': 0.1, 'delta_t': 0.02, 'need_reset': False}
Tangent angle: 4.310372044818865, User angle: 4.033130732876989, Offset angle: 0.31213707546710345
Target angle: 3.9982349693517616, distance: 619.7985671070996, angle diff: 0.03489576352522761, rotation direction: -1
Basic rotation angle: 0.0, rotation gain: 0.0016499291816051052
Rotation gain: 1.24, direction: -1, curvature radius: 2500000
{'type': 'running', 'physical': {'user_x': 854.8251392007382, 'user_y': 1199.3449859799766, 'user_direction': 4.113775894167312}, 'virtual': {'user_x': 1680.176834040218, 'user_y': 9858.808173953299, 'user_direction': -2.125836921355229}, 'user_v': 0, 'user_w': 0.1, 'delta_t': 0.02, 'need_reset': False}
Tangent angle: 4.310372044818865, User angle: 4.113775894167312, Offset angle: 0.31213707546710345
Target angle: 3.9982349693517616, distance: 619.7985671070996, angle diff: 0.11554092481555056, rotation direction: -1
Basic rotation angle: 0.0, rotation gain: 0.001460676555776841
Rotation gain: 1.24, direction: -1, curvature radius: 2500000
{'type': 'running', 'physical': {'user_x': 854.8251392007382, 'user_y': 1199.3449859799766, 'user_direction': 4.194421055457635}, 'virtual': {'user_x': 1680.176834040218, 'user_y': 9858.808173953299, 'user_direction': -2.025836921355229}, 'user_v': 0, 'user_w': 0.1, 'delta_t': 0.02, 'need_reset': False}
Tangent angle: 4.310372044818865, User angle: 4.194421055457635, Offset angle: 0.31213707546710345
Target angle: 3.9982349693517616, distance: 619.7985671070996, angle diff: 0.19618608610587351, rotation direction: -1
Basic rotation angle: 0.0, rotation gain: 0.0012950805081771099
Rotation gain: 1.24, direction: -1, curvature radius: 2500000
{'type': 'running', 'physical': {'user_x': 854.8251392007382, 'user_y': 1199.3449859799766, 'user_direction': 4.275066216747958}, 'virtual': {'user_x': 1680.176834040218, 'user_y': 9858.808173953299, 'user_direction': -1.9258369213552289}, 'user_v': 0, 'user_w': 0.1, 'delta_t': 0.02, 'need_reset': False}
Tangent angle: 4.310372044818865, User angle: 4.275066216747958, Offset angle: 0.31213707546710345
Target angle: 3.9982349693517616, distance: 619.7985671070996, angle diff: 0.27683124739619647, rotation direction: -1
Basic rotation angle: 0.0, rotation gain: 0.001150183966527345
Rotation gain: 1.24, direction: -1, curvature radius: 2500000
{'type': 'running', 'physical': {'user_x': 854.8251392007382, 'user_y': 1199.3449859799766, 'user_direction': 4.355711378038281}, 'virtual': {'user_x': 1680.176834040218, 'user_y': 9858.808173953299, 'user_direction': -1.8258369213552288}, 'user_v': 0, 'user_w': 0.1, 'delta_t': 0.02, 'need_reset': False}
Tangent angle: 4.310372044818865, User angle: 4.355711378038281, Offset angle: 0.31213707546710345
Target angle: 4.622509120285969, distance: 619.7985671070996, angle diff: 0.2667977422476877, rotation direction: 1
Basic rotation angle: 0.0, rotation gain: 0.0010176544489537203
Rotation gain: 1.24, direction: 1, curvature radius: 2500000
{'type': 'running', 'physical': {'user_x': 854.8251392007382, 'user_y': 1199.3449859799766, 'user_direction': 4.436356539328604}, 'virtual': {'user_x': 1680.176834040218, 'user_y': 9858.808173953299, 'user_direction': -1.7258369213552287}, 'user_v': 0, 'user_w': 0.1, 'delta_t': 0.02, 'need_reset': False}
Tangent angle: 4.310372044818865, User angle: 4.436356539328604, Offset angle: 0.31213707546710345
Target angle: 4.622509120285969, distance: 619.7985671070996, angle diff: 0.18615258095736475, rotation direction: 1
Basic rotation angle: 0.0, rotation gain: 0.0009016911210767987
Rotation gain: 1.24, direction: 1, curvature radius: 2500000
{'type': 'running', 'physical': {'user_x': 854.8251392007382, 'user_y': 1199.3449859799766, 'user_direction': 4.517001700618927}, 'virtual': {'user_x': 1680.176834040218, 'user_y': 9858.808173953299, 'user_direction': -1.6258369213552286}, 'user_v': 0, 'user_w': 0.1, 'delta_t': 0.02, 'need_reset': False}
Tangent angle: 4.310372044818865, User angle: 4.517001700618927, Offset angle: 0.31213707546710345
Target angle: 4.622509120285969, distance: 619.7985671070996, angle diff: 0.1055074196670418, rotation direction: 1
Basic rotation angle: 0.0, rotation gain: 0.0008002232091844923
Rotation gain: 1.24, direction: 1, curvature radius: 2500000
{'type': 'running', 'physical': {'user_x': 854.8251392007382, 'user_y': 1199.3449859799766, 'user_direction': 4.59764686190925}, 'virtual': {'user_x': 1680.176834040218, 'user_y': 9858.808173953299, 'user_direction': -1.5258369213552285}, 'user_v': 0, 'user_w': 0.1, 'delta_t': 0.02, 'need_reset': False}
Tangent angle: 4.310372044818865, User angle: 4.59764686190925, Offset angle: 0.31213707546710345
Target angle: 4.622509120285969, distance: 619.7985671070996, angle diff: 0.02486225837671885, rotation direction: 1
Basic rotation angle: 0.0, rotation gain: 0.0007114387862787242
Rotation gain: 1.24, direction: 1, curvature radius: 2500000
{'type': 'running', 'physical': {'user_x': 854.8251392007382, 'user_y': 1199.3449859799766, 'user_direction': 4.678292023199573}, 'virtual': {'user_x': 1680.176834040218, 'user_y': 9858.808173953299, 'user_direction': -1.4258369213552284}, 'user_v': 0, 'user_w': 0.1, 'delta_t': 0.02, 'need_reset': False}
Tangent angle: 4.310372044818865, User angle: 4.678292023199573, Offset angle: 0.31213707546710345
Target angle: 4.622509120285969, distance: 619.7985671070996, angle diff: 0.055782902913604104, rotation direction: -1
Basic rotation angle: 0.0, rotation gain: 0.000633752416236177
Rotation gain: 1.24, direction: -1, curvature radius: 2500000
{'type': 'running', 'physical': {'user_x': 854.8251392007382, 'user_y': 1199.3449859799766, 'user_direction': 4.758937184489896}, 'virtual': {'user_x': 1680.176834040218, 'user_y': 9858.808173953299, 'user_direction': -1.3258369213552283}, 'user_v': 0, 'user_w': 0.1, 'delta_t': 0.02, 'need_reset': False}
Tangent angle: 4.310372044818865, User angle: 4.758937184489896, Offset angle: 0.31213707546710345
Target angle: 4.622509120285969, distance: 619.7985671070996, angle diff: 0.13642806420392706, rotation direction: -1
Basic rotation angle: 0.0, rotation gain: 0.0005657768424489483
Rotation gain: 1.24, direction: -1, curvature radius: 2500000
{'type': 'running', 'physical': {'user_x': 854.8251392007382, 'user_y': 1199.3449859799766, 'user_direction': 4.839582345780219}, 'virtual': {'user_x': 1680.176834040218, 'user_y': 9858.808173953299, 'user_direction': -1.2258369213552283}, 'user_v': 0, 'user_w': 0.1, 'delta_t': 0.02, 'need_reset': False}
Tangent angle: 4.310372044818865, User angle: 4.839582345780219, Offset angle: 0.31213707546710345
Target angle: 4.622509120285969, distance: 619.7985671070996, angle diff: 0.21707322549425, rotation direction: -1
Basic rotation angle: 0.0, rotation gain: 0.0005062982153851232
Rotation gain: 1.24, direction: -1, curvature radius: 2500000
{'type': 'running', 'physical': {'user_x': 854.8251392007382, 'user_y': 1199.3449859799766, 'user_direction': 4.920227507070542}, 'virtual': {'user_x': 1680.176834040218, 'user_y': 9858.808173953299, 'user_direction': -1.1258369213552282}, 'user_v': 0, 'user_w': 0.1, 'delta_t': 0.02, 'need_reset': False}
Tangent angle: 4.310372044818865, User angle: 4.920227507070542, Offset angle: 0.31213707546710345
Target angle: 4.622509120285969, distance: 619.7985671070996, angle diff: 0.29771838678457296, rotation direction: -1
Basic rotation angle: 0.0, rotation gain: 0.0004542544167042762
Rotation gain: 1.24, direction: -1, curvature radius: 2500000
{'type': 'running', 'physical': {'user_x': 854.8251392007382, 'user_y': 1199.3449859799766, 'user_direction': 5.000872668360865}, 'virtual': {'user_x': 1680.176834040218, 'user_y': 9858.808173953299, 'user_direction': -1.025836921355228}, 'user_v': 0, 'user_w': 0.1, 'delta_t': 0.02, 'need_reset': False}
Tangent angle: 4.310372044818865, User angle: 5.000872668360865, Offset angle: 0.31213707546710345
Target angle: 4.622509120285969, distance: 619.7985671070996, angle diff: 0.3783635480748959, rotation direction: -1
Basic rotation angle: 0.0, rotation gain: 0.00040871609285853504
Rotation gain: 1.24, direction: -1, curvature radius: 2500000
{'type': 'running', 'physical': {'user_x': 854.8251392007382, 'user_y': 1199.3449859799766, 'user_direction': 5.081517829651188}, 'virtual': {'user_x': 1680.176834040218, 'user_y': 9858.808173953299, 'user_direction': -0.9258369213552281}, 'user_v': 0, 'user_w': 0.1, 'delta_t': 0.02, 'need_reset': False}
Tangent angle: 4.310372044818865, User angle: 5.081517829651188, Offset angle: 0.31213707546710345
Target angle: 4.622509120285969, distance: 619.7985671070996, angle diff: 0.45900870936521887, rotation direction: -1
Basic rotation angle: 0.0, rotation gain: 0.00036887005949351155
Rotation gain: 1.24, direction: -1, curvature radius: 2500000
{'type': 'running', 'physical': {'user_x': 854.8251392007382, 'user_y': 1199.3449859799766, 'user_direction': 5.1621629909415105}, 'virtual': {'user_x': 1680.176834040218, 'user_y': 9858.808173953299, 'user_direction': -0.8258369213552281}, 'user_v': 0, 'user_w': 0.1, 'delta_t': 0.02, 'need_reset': False}
Tangent angle: 4.310372044818865, User angle: 5.1621629909415105, Offset angle: 0.31213707546710345
Target angle: 4.622509120285969, distance: 619.7985671070996, angle diff: 0.5396538706555418, rotation direction: -1
Basic rotation angle: 0.0, rotation gain: 0.000334004780299116
Rotation gain: 1.24, direction: -1, curvature radius: 2500000
{'type': 'running', 'physical': {'user_x': 854.8251392007382, 'user_y': 1199.3449859799766, 'user_direction': 5.2428081522318335}, 'virtual': {'user_x': 1680.176834040218, 'user_y': 9858.808173953299, 'user_direction': -0.7258369213552281}, 'user_v': 0, 'user_w': 0.1, 'delta_t': 0.02, 'need_reset': False}
Tangent angle: 4.310372044818865, User angle: 5.2428081522318335, Offset angle: 0.31213707546710345
Target angle: 4.622509120285969, distance: 619.7985671070996, angle diff: 0.6202990319458648, rotation direction: -1
Basic rotation angle: 0.0, rotation gain: 0.0003034976610040199
Rotation gain: 1.24, direction: -1, curvature radius: 2500000
{'type': 'running', 'physical': {'user_x': 854.8251392007382, 'user_y': 1199.3449859799766, 'user_direction': 5.3234533135221564}, 'virtual': {'user_x': 1680.176834040218, 'user_y': 9858.808173953299, 'user_direction': -0.6258369213552282}, 'user_v': 0, 'user_w': 0.1, 'delta_t': 0.02, 'need_reset': False}
Tangent angle: 4.310372044818865, User angle: 5.3234533135221564, Offset angle: 0.31213707546710345
Target angle: 4.622509120285969, distance: 619.7985671070996, angle diff: 0.7009441932361877, rotation direction: -1
Basic rotation angle: 0.0, rotation gain: 0.0002768039316208108
Rotation gain: 1.24, direction: -1, curvature radius: 2500000
{'type': 'running', 'physical': {'user_x': 854.8251392007382, 'user_y': 1199.3449859799766, 'user_direction': 5.404098474812479}, 'virtual': {'user_x': 1680.176834040218, 'user_y': 9858.808173953299, 'user_direction': -0.5258369213552282}, 'user_v': 0, 'user_w': 0.1, 'delta_t': 0.02, 'need_reset': False}
Tangent angle: 4.310372044818865, User angle: 5.404098474812479, Offset angle: 0.31213707546710345
Target angle: 4.622509120285969, distance: 619.7985671070996, angle diff: 0.7815893545265107, rotation direction: -1
Basic rotation angle: 0.0, rotation gain: 0.00025344691841050287
Rotation gain: 1.24, direction: -1, curvature radius: 2500000
{'type': 'running', 'physical': {'user_x': 854.8251392007382, 'user_y': 1199.3449859799766, 'user_direction': 5.484743636102802}, 'virtual': {'user_x': 1680.176834040218, 'user_y': 9858.808173953299, 'user_direction': -0.4258369213552282}, 'user_v': 0, 'user_w': 0.1, 'delta_t': 0.02, 'need_reset': False}
Tangent angle: 4.310372044818865, User angle: 5.484743636102802, Offset angle: 0.31213707546710345
Target angle: 4.622509120285969, distance: 619.7985671070996, angle diff: 0.8622345158168336, rotation direction: -1
Basic rotation angle: 0.0, rotation gain: 0.0002330095318514834
Rotation gain: 1.24, direction: -1, curvature radius: 2500000
{'type': 'running', 'physical': {'user_x': 854.8251392007382, 'user_y': 1199.3449859799766, 'user_direction': 5.565388797393125}, 'virtual': {'user_x': 1680.176834040218, 'user_y': 9858.808173953299, 'user_direction': -0.32583692135522824}, 'user_v': 0, 'user_w': 0.1, 'delta_t': 0.02, 'need_reset': False}
Tangent angle: 4.310372044818865, User angle: 5.565388797393125, Offset angle: 0.31213707546710345
Target angle: 4.622509120285969, distance: 619.7985671070996, angle diff: 0.9428796771071566, rotation direction: -1
Basic rotation angle: 0.0, rotation gain: 0.00021512681861234138
Rotation gain: 1.24, direction: -1, curvature radius: 2500000
{'type': 'running', 'physical': {'user_x': 854.8251392007382, 'user_y': 1199.3449859799766, 'user_direction': 5.646033958683448}, 'virtual': {'user_x': 1680.176834040218, 'user_y': 9858.808173953299, 'user_direction': -0.22583692135522823}, 'user_v': 0, 'user_w': 0.1, 'delta_t': 0.02, 'need_reset': False}
Tangent angle: 4.310372044818865, User angle: 5.646033958683448, Offset angle: 0.31213707546710345
Target angle: 4.622509120285969, distance: 619.7985671070996, angle diff: 1.0235248383974795, rotation direction: -1
Basic rotation angle: 0.0, rotation gain: 0.0001994794445280921
Rotation gain: 1.24, direction: -1, curvature radius: 2500000
{'type': 'running', 'physical': {'user_x': 854.8251392007382, 'user_y': 1199.3449859799766, 'user_direction': 5.726679119973771}, 'virtual': {'user_x': 1680.176834040218, 'user_y': 9858.808173953299, 'user_direction': -0.12583692135522823}, 'user_v': 0, 'user_w': 0.1, 'delta_t': 0.02, 'need_reset': False}
Tangent angle: 4.310372044818865, User angle: 5.726679119973771, Offset angle: 0.31213707546710345
Target angle: 4.622509120285969, distance: 619.7985671070996, angle diff: 1.1041699996878025, rotation direction: -1
Basic rotation angle: 0.0, rotation gain: 0.00018578799220437398
Rotation gain: 1.24, direction: -1, curvature radius: 2500000
{'type': 'running', 'physical': {'user_x': 854.8251392007382, 'user_y': 1199.3449859799766, 'user_direction': 5.807324281264094}, 'virtual': {'user_x': 1680.176834040218, 'user_y': 9858.808173953299, 'user_direction': -0.02583692135522822}, 'user_v': 0, 'user_w': 0.1, 'delta_t': 0.02, 'need_reset': False}
Tangent angle: 4.310372044818865, User angle: 5.807324281264094, Offset angle: 0.31213707546710345
Target angle: 4.622509120285969, distance: 619.7985671070996, angle diff: 1.1848151609781254, rotation direction: -1
Basic rotation angle: 0.0, rotation gain: 0.00017380797142112062
Rotation gain: 1.24, direction: -1, curvature radius: 2500000
{'type': 'running', 'physical': {'user_x': 854.8251392007382, 'user_y': 1199.3449859799766, 'user_direction': 5.887969442554417}, 'virtual': {'user_x': 1680.176834040218, 'user_y': 9858.808173953299, 'user_direction': 0.16949613737892535}, 'user_v': 7.999999999999999, 'user_w': 0, 'delta_t': 0.02, 'need_reset': False}
Tangent angle: 4.310372044818865, User angle: 5.887969442554417, Offset angle: 0.31213707546710345
Target angle: 4.622509120285969, distance: 619.7985671070996, angle diff: 1.2654603222684484, rotation direction: -1
Basic rotation angle: 1.693121693121693, rotation gain: 0.0004893863222622823
Rotation gain: 1.24, direction: -1, curvature radius: 7.5
{'type': 'running', 'physical': {'user_x': 854.8251392007382, 'user_y': 1199.3449859799766, 'user_direction': 5.96861460384474}, 'virtual': {'user_x': 1688.062193131889, 'user_y': 9860.157659779605, 'user_direction': 0.16949613737892535}, 'user_v': 7.999999999999999, 'user_w': 0, 'delta_t': 0.02, 'need_reset': False}
Tangent angle: 4.310372044818865, User angle: 5.96861460384474, Offset angle: 0.31213707546710345
Target angle: 4.622509120285969, distance: 619.7985671070996, angle diff: 1.3461054835587714, rotation direction: -1
Basic rotation angle: 1.693121693121693, rotation gain: 0.0007655173792482986
Rotation gain: 1.24, direction: -1, curvature radius: 7.5
{'type': 'running', 'physical': {'user_x': 860.8198598355635, 'user_y': 1197.2531576468664, 'user_direction': 5.947450582680719}, 'virtual': {'user_x': 1695.94755222356, 'user_y': 9861.50714560591, 'user_direction': 0.1694961373789287}, 'user_v': 7.999999999999999, 'user_w': 0, 'delta_t': 0.02, 'need_reset': False}
Tangent angle: 4.300651046829856, User angle: 5.947450582680719, Offset angle: 0.31191361967744113
Target angle: 4.612564666507297, distance: 620.2727896690259, angle diff: 1.3348859161734214, rotation direction: -1
Basic rotation angle: 1.693121693121693, rotation gain: 0.0010102642242094378
Rotation gain: 1.24, direction: -1, curvature radius: 7.5
{'type': 'running', 'physical': {'user_x': 866.7689697612775, 'user_y': 1195.0349348545, 'user_direction': 5.926286561516697}, 'virtual': {'user_x': 1703.832911315231, 'user_y': 9862.856631432216, 'user_direction': 0.16949613737893254}, 'user_v': 7.999999999999999, 'user_w': 0, 'delta_t': 0.02, 'need_reset': False}
Tangent angle: 4.2909289527300745, User angle: 5.926286561516697, Offset angle: 0.31172630851628086
Target angle: 4.602655261246356, distance: 620.6708120451553, angle diff: 1.3236313002703417, rotation direction: -1
Basic rotation angle: 1.693121693121693, rotation gain: 0.0012275282486374508
Rotation gain: 1.24, direction: -1, curvature radius: 7.5
{'type': 'running', 'physical': {'user_x': 872.6698043770592, 'user_y': 1192.6913111428103, 'user_direction': 5.905122540352676}, 'virtual': {'user_x': 1711.718270406902, 'user_y': 9864.206117258522, 'user_direction': 0.1694961373789369}, 'user_v': 7.999999999999999, 'user_w': 0, 'delta_t': 0.02, 'need_reset': False}
Tangent angle: 4.281205955595029, User angle: 5.905122540352676, Offset angle: 0.3115750314158661
Target angle: 4.592780987010895, distance: 620.9926026316314, angle diff: 1.3123415533417813, rotation direction: -1
Basic rotation angle: 1.693121693121693, rotation gain: 0.0014207231604208895
Rotation gain: 1.24, direction: -1, curvature radius: 7.5
{'type': 'running', 'physical': {'user_x': 878.519720704554, 'user_y': 1190.2233362186848, 'user_direction': 5.8839585191886545}, 'virtual': {'user_x': 1719.6036294985731, 'user_y': 9865.555603084827, 'user_direction': 0.16949613737894195}, 'user_v': 7.999999999999999, 'user_w': 0, 'delta_t': 0.02, 'need_reset': False}
Tangent angle: 4.271482247696083, User angle: 5.8839585191886545, Offset angle: 0.31145969920274813
Target angle: 4.582941946898831, distance: 621.2381358532792, angle diff: 1.3010165722898233, rotation direction: -1
Basic rotation angle: 1.693121693121693, rotation gain: 0.0015928359402145173
Rotation gain: 1.24, direction: -1, curvature radius: 7.5
{'type': 'running', 'physical': {'user_x': 884.3160985716614, 'user_y': 1187.6321154858044, 'user_direction': 5.862794498024633}, 'virtual': {'user_x': 1727.4889885902442, 'user_y': 9866.905088911133, 'user_direction': 0.16949613737894786}, 'user_v': 7.999999999999999, 'user_w': 0, 'delta_t': 0.02, 'need_reset': False}
Tangent angle: 4.26175802067255, User angle: 5.862794498024633, Offset angle: 0.3113802439662096
Target angle: 4.57313826463876, distance: 621.4073921811137, angle diff: 1.2896562333858732, rotation direction: -1
Basic rotation angle: 1.693121693121693, rotation gain: 0.0017464801783400432
Rotation gain: 1.24, direction: -1, curvature radius: 7.5
{'type': 'running', 'physical': {'user_x': 890.056341786108, 'user_y': 1184.9188095495335, 'user_direction': 5.841630476860612}, 'virtual': {'user_x': 1735.3743476819152, 'user_y': 9868.254574737439, 'user_direction': 0.16949613737895491}, 'user_v': 7.999999999999999, 'user_w': 0, 'delta_t': 0.02, 'need_reset': False}
Tangent angle: 4.2520334657026, User angle: 5.841630476860612, Offset angle: 0.3113366189582272
Target angle: 4.563370084660827, distance: 621.5003581456593, angle diff: 1.278260392199785, rotation direction: -1
Basic rotation angle: 1.693121693121693, rotation gain: 0.0018839427446441875
Rotation gain: 1.24, direction: -1, curvature radius: 7.5
{'type': 'running', 'physical': {'user_x': 895.7378792982788, 'user_y': 1182.0846336970858, 'user_direction': 5.82046645569659}, 'virtual': {'user_x': 1743.2597067735862, 'user_y': 9869.604060563744, 'user_direction': 0.16949613737896344}, 'user_v': 7.999999999999999, 'user_w': 0, 'delta_t': 0.02, 'need_reset': False}
Tangent angle: 4.2423087736733, User angle: 5.82046645569659, Offset angle: 0.3113287985246916
Target angle: 4.553637572197991, distance: 621.5170263461122, angle diff: 1.266828883498599, rotation direction: -1
Basic rotation angle: 1.693121693121693, rotation gain: 0.0020072246246869503
Rotation gain: 1.24, direction: -1, curvature radius: 7.5
{'type': 'running', 'physical': {'user_x': 901.3581663527889, 'user_y': 1179.1308573531983, 'user_direction': 5.799302434532569}, 'virtual': {'user_x': 1751.1450658652573, 'user_y': 9870.95354639005, 'user_direction': 0.16949613737897387}, 'user_v': 7.999999999999999, 'user_w': 0, 'delta_t': 0.02, 'need_reset': False}
Tangent angle: 4.232584135350105, User angle: 5.799302434532569, Offset angle: 0.3113567780676918
Target angle: 4.543940913417797, distance: 621.4573954553648, angle diff: 1.2553615211147724, rotation direction: -1
Basic rotation angle: 1.693121693121693, rotation gain: 0.002118076651461468
Rotation gain: 1.24, direction: -1, curvature radius: 7.5
{'type': 'running', 'physical': {'user_x': 906.9146856282762, 'user_y': 1176.0588035115575, 'user_direction': 5.778138413368548}, 'virtual': {'user_x': 1759.0304249569283, 'user_y': 9872.303032216358, 'user_direction': 0.16949613737898706}, 'user_v': 7.999999999999999, 'user_w': 0, 'delta_t': 0.02, 'need_reset': False}
Tangent angle: 4.2228597415461175, User angle: 5.778138413368548, Offset angle: 0.31142057403875745
Target angle: 4.5342803155848745, distance: 621.321470220908, angle diff: 1.243858097783673, rotation direction: -1
Basic rotation angle: 1.693121693121693, rotation gain: 0.0022180307706967228
Rotation gain: 1.24, direction: -1, curvature radius: 7.5
{'type': 'running', 'physical': {'user_x': 912.404948364908, 'user_y': 1172.8698481422314, 'user_direction': 5.756974392204526}, 'virtual': {'user_x': 1766.9157840485993, 'user_y': 9873.652518042663, 'user_direction': 0.1694961373789706}, 'user_v': 7.999999999999999, 'user_w': 0, 'delta_t': 0.02, 'need_reset': False}
Tangent angle: 4.2131357832914444, User angle: 5.756974392204526, Offset angle: 0.31152022396304035
Target angle: 4.524656007254485, distance: 621.1092614616081, angle diff: 1.232318384950041, rotation direction: -1
Basic rotation angle: 1.693121693121693, rotation gain: 0.0023084273980380266
Rotation gain: 1.24, direction: -1, curvature radius: 7.5
{'type': 'running', 'physical': {'user_x': 917.826495479094, 'user_y': 1169.5654195753739, 'user_direction': 5.735810371040505}, 'virtual': {'user_x': 1774.8011431402704, 'user_y': 9875.00200386897, 'user_direction': 0.16949613737898786}, 'user_v': 7.999999999999999, 'user_w': 0, 'delta_t': 0.02, 'need_reset': False}
Tangent angle: 4.203412452002955, User angle: 5.735810371040505, Offset angle: 0.31165578649450404
Target angle: 4.515068238497459, distance: 620.8207860603528, angle diff: 1.2207421325430454, rotation direction: -1
Basic rotation angle: 1.693121693121693, rotation gain: 0.002390439356613372
Rotation gain: 1.24, direction: -1, curvature radius: 7.5
{'type': 'running', 'physical': {'user_x': 923.1768986649071, 'user_y': 1166.1469978614768, 'user_direction': 5.7146463498764835}, 'virtual': {'user_x': 1782.6865022319414, 'user_y': 9876.351489695277, 'user_direction': 0.16949613737896452}, 'user_v': 7.999999999999999, 'user_w': 0, 'delta_t': 0.02, 'need_reset': False}
Tangent angle: 4.193689939654767, User angle: 5.7146463498764835, Offset angle: 0.3118273415022748
Target angle: 4.505517281157042, distance: 620.4560669525528, angle diff: 1.2091290687194416, rotation direction: -1
Basic rotation angle: 1.693121693121693, rotation gain: 0.0024650928224302314
Rotation gain: 1.24, direction: -1, curvature radius: 7.5
{'type': 'running', 'physical': {'user_x': 928.4537614817201, 'user_y': 1162.6161141084572, 'user_direction': 5.693482328712462}, 'virtual': {'user_x': 1790.5718613236124, 'user_y': 9877.700975521584, 'user_direction': 0.1694961373789895}, 'user_v': 7.999999999999999, 'user_w': 0, 'delta_t': 0.02, 'need_reset': False}
Tangent angle: 4.183968438949789, User angle: 5.693482328712462, Offset angle: 0.3120349901883976
Target angle: 4.496003429138186, distance: 620.0151331104679, angle diff: 1.1974788995742758, rotation direction: -1
Basic rotation angle: 1.693121693121693, rotation gain: 0.002533285651616807
Rotation gain: 1.24, direction: -1, curvature radius: 7.5
{'type': 'running', 'physical': {'user_x': 933.6547204275689, 'user_y': 1158.974349795875, 'user_direction': 5.672318307548441}, 'virtual': {'user_x': 1798.4572204152835, 'user_y': 9879.05046134789, 'user_direction': 0.16949613737894934}, 'user_v': 7.999999999999999, 'user_w': 0, 'delta_t': 0.02, 'need_reset': False}
Tangent angle: 4.174248143492624, User angle: 5.672318307548441, Offset angle: 0.31227885523732873
Target angle: 4.486526998729953, distance: 619.4980195233237, angle diff: 1.1857913088184873, rotation direction: -1
Basic rotation angle: 1.693121693121693, rotation gain: 0.002595803416769942
Rotation gain: 1.24, direction: -1, curvature radius: 7.5
{'type': 'running', 'physical': {'user_x': 938.7774459977627, 'user_y': 1155.22333606659, 'user_direction': 5.651154286384419}, 'virtual': {'user_x': 1806.3425795069545, 'user_y': 9880.399947174197, 'user_direction': 0.16949613737899513}, 'user_v': 7.999999999999999, 'user_w': 0, 'delta_t': 0.02, 'need_reset': False}
Tangent angle: 4.1645292479642, User angle: 5.651154286384419, Offset angle: 0.31255908099758734
Target angle: 4.477088328961788, distance: 618.9047671731739, angle diff: 1.1740659574226315, rotation direction: -1
Basic rotation angle: 1.693121693121693, rotation gain: 0.0026533334387640745
Rotation gain: 1.24, direction: -1, curvature radius: 7.5
{'type': 'running', 'physical': {'user_x': 943.8196437282672, 'user_y': 1151.3647529961745, 'user_direction': 5.629990265220398}, 'virtual': {'user_x': 1811.634700358276, 'user_y': 9881.305630986048, 'user_direction': 0.16949613737899513}, 'user_v': 0, 'user_w': 0.1, 'delta_t': 0.02, 'need_reset': False}
Tangent angle: 4.154811948298416, User angle: 5.629990265220398, Offset angle: 0.3128758336960801
Target angle: 4.4676877819944965, distance: 618.2354230064508, angle diff: 1.1623024832259015, rotation direction: -1
Basic rotation angle: 0.0, rotation gain: 0.0023344937691073204
Rotation gain: 1.24, direction: -1, curvature radius: 2500000
{'type': 'running', 'physical': {'user_x': 948.7790552233929, 'user_y': 1147.400328840409, 'user_direction': 5.6088262440563765}, 'virtual': {'user_x': 1811.634700358276, 'user_y': 9881.305630986048, 'user_direction': 0.06949613737899513}, 'user_v': 0, 'user_w': 0.1, 'delta_t': 0.02, 'need_reset': False}
Tangent angle: 4.14509644186119, User angle: 5.6088262440563765, Offset angle: 0.31322930168570773
Target angle: 4.458325743546897, distance: 617.4900399011392, angle diff: 1.1505005005094793, rotation direction: -1
Basic rotation angle: 0.0, rotation gain: 0.0020556018139320166
Rotation gain: 1.24, direction: -1, curvature radius: 2500000
{'type': 'running', 'physical': {'user_x': 948.7790552233929, 'user_y': 1147.400328840409, 'user_direction': 5.6894714053466995}, 'virtual': {'user_x': 1811.634700358276, 'user_y': 9881.305630986048, 'user_direction': -0.03050386262100488}, 'user_v': 0, 'user_w': 0.1, 'delta_t': 0.02, 'need_reset': False}
Tangent angle: 4.14509644186119, User angle: 5.6894714053466995, Offset angle: 0.31322930168570773
Target angle: 4.458325743546897, distance: 617.4900399011392, angle diff: 1.2311456617998022, rotation direction: -1
Basic rotation angle: 0.0, rotation gain: 0.0018115713531536258
Rotation gain: 1.24, direction: -1, curvature radius: 2500000
{'type': 'running', 'physical': {'user_x': 948.7790552233929, 'user_y': 1147.400328840409, 'user_direction': 5.770116566637022}, 'virtual': {'user_x': 1811.634700358276, 'user_y': 9881.305630986048, 'user_direction': -0.13050386262100488}, 'user_v': 0, 'user_w': 0.1, 'delta_t': 0.02, 'need_reset': False}
Tangent angle: 4.14509644186119, User angle: 5.770116566637022, Offset angle: 0.31322930168570773
Target angle: 4.458325743546897, distance: 617.4900399011392, angle diff: 1.3117908230901252, rotation direction: -1
Basic rotation angle: 0.0, rotation gain: 0.0015980446999725338
Rotation gain: 1.24, direction: -1, curvature radius: 2500000
{'type': 'running', 'physical': {'user_x': 948.7790552233929, 'user_y': 1147.400328840409, 'user_direction': 5.850761727927345}, 'virtual': {'user_x': 1811.634700358276, 'user_y': 9881.305630986048, 'user_direction': -0.2305038626210049}, 'user_v': 0, 'user_w': 0.1, 'delta_t': 0.02, 'need_reset': False}
Tangent angle: 4.14509644186119, User angle: 5.850761727927345, Offset angle: 0.31322930168570773
Target angle: 4.458325743546897, distance: 617.4900399011392, angle diff: 1.3924359843804481, rotation direction: -1
Basic rotation angle: 0.0, rotation gain: 0.0014112088784390782
Rotation gain: 1.24, direction: -1, curvature radius: 2500000
{'type': 'running', 'physical': {'user_x': 948.7790552233929, 'user_y': 1147.400328840409, 'user_direction': 5.931406889217668}, 'virtual': {'user_x': 1811.634700358276, 'user_y': 9881.305630986048, 'user_direction': -0.3305038626210049}, 'user_v': 0, 'user_w': 0.1, 'delta_t': 0.02, 'need_reset': False}
Tangent angle: 4.14509644186119, User angle: 5.931406889217668, Offset angle: 0.31322930168570773
Target angle: 4.458325743546897, distance: 617.4900399011392, angle diff: 1.473081145670771, rotation direction: -1
Basic rotation angle: 0.0, rotation gain: 0.0012477275345973045
Rotation gain: 1.24, direction: -1, curvature radius: 2500000
{'type': 'running', 'physical': {'user_x': 948.7790552233929, 'user_y': 1147.400328840409, 'user_direction': 6.012052050507991}, 'virtual': {'user_x': 1811.634700358276, 'user_y': 9881.305630986048, 'user_direction': -0.43050386262100493}, 'user_v': 0, 'user_w': 0.1, 'delta_t': 0.02, 'need_reset': False}
Tangent angle: 4.14509644186119, User angle: 6.012052050507991, Offset angle: 0.31322930168570773
Target angle: 4.458325743546897, distance: 617.4900399011392, angle diff: 1.553726306961094, rotation direction: -1
Basic rotation angle: 0.0, rotation gain: 0.0011046813587357526
Rotation gain: 1.24, direction: -1, curvature radius: 2500000
{'type': 'running', 'physical': {'user_x': 948.7790552233929, 'user_y': 1147.400328840409, 'user_direction': 6.092697211798314}, 'virtual': {'user_x': 1811.634700358276, 'user_y': 9881.305630986048, 'user_direction': -0.5305038626210049}, 'user_v': 0, 'user_w': 0.1, 'delta_t': 0.02, 'need_reset': False}
Tangent angle: 4.14509644186119, User angle: 6.092697211798314, Offset angle: 0.31322930168570773
Target angle: 4.458325743546897, distance: 617.4900399011392, angle diff: 1.634371468251417, rotation direction: -1
Basic rotation angle: 0.0, rotation gain: 0.0009795159548568948
Rotation gain: 1.24, direction: -1, curvature radius: 2500000
{'type': 'running', 'physical': {'user_x': 948.7790552233929, 'user_y': 1147.400328840409, 'user_direction': 6.173342373088637}, 'virtual': {'user_x': 1811.634700358276, 'user_y': 9881.305630986048, 'user_direction': -0.71042042750922}, 'user_v': 7.999999999999999, 'user_w': 0, 'delta_t': 0.02, 'need_reset': False}
Tangent angle: 4.14509644186119, User angle: 6.173342373088637, Offset angle: 0.31322930168570773
Target angle: 4.458325743546897, distance: 617.4900399011392, angle diff: 1.71501662954174, rotation direction: -1
Basic rotation angle: 1.693121693121693, rotation gain: 0.0012446694393931181
Rotation gain: 1.24, direction: -1, curvature radius: 7.5
{'type': 'running', 'physical': {'user_x': 948.7790552233929, 'user_y': 1147.400328840409, 'user_direction': 6.25398753437896}, 'virtual': {'user_x': 1817.6994024392843, 'user_y': 9876.088410589264, 'user_direction': -0.71042042750922}, 'user_v': 7.999999999999999, 'user_w': 0, 'delta_t': 0.02, 'need_reset': False}
Tangent angle: 4.14509644186119, User angle: 6.25398753437896, Offset angle: 0.31322930168570773
Target angle: 4.458325743546897, distance: 617.4900399011392, angle diff: 1.795661790832063, rotation direction: -1
Basic rotation angle: 1.693121693121693, rotation gain: 0.0014766787383623135
Rotation gain: 1.24, direction: -1, curvature radius: 7.5
{'type': 'running', 'physical': {'user_x': 955.1202114955702, 'user_y': 1147.080706568611, 'user_direction': 6.232823513214939}, 'virtual': {'user_x': 1823.7641045202927, 'user_y': 9870.87119019248, 'user_direction': -0.7104204275092165}, 'user_v': 7.999999999999999, 'user_w': 0, 'delta_t': 0.02, 'need_reset': False}
Tangent angle: 4.136633688099944, User angle: 6.232823513214939, Offset angle: 0.3116598698540854
Target angle: 4.448293557954029, distance: 620.8121004879571, angle diff: 1.7845299552609095, rotation direction: -1
Basic rotation angle: 1.693121693121693, rotation gain: 0.0016826568031185958
Rotation gain: 1.24, direction: -1, curvature radius: 7.5
{'type': 'running', 'physical': {'user_x': 961.4531836811904, 'user_y': 1146.6269615290087, 'user_direction': 6.211659492050917}, 'virtual': {'user_x': 1829.828806601301, 'user_y': 9865.653969795696, 'user_direction': -0.7104204275092127}, 'user_v': 7.999999999999999, 'user_w': 0, 'delta_t': 0.02, 'need_reset': False}
Tangent angle: 4.1281507149066075, User angle: 6.211659492050917, Offset angle: 0.31014065469275287
Target angle: 4.43829136959936, distance: 624.0588426292064, angle diff: 1.773368122451557, rotation direction: -1
Basic rotation angle: 1.693121693121693, rotation gain: 0.0018658362760802913
Rotation gain: 1.24, direction: -1, curvature radius: 7.5
{'type': 'running', 'physical': {'user_x': 967.775135247882, 'user_y': 1146.0392969535847, 'user_direction': 6.190495470886896}, 'virtual': {'user_x': 1835.8935086823096, 'user_y': 9860.436749398912, 'user_direction': -0.7104204275092084}, 'user_v': 7.999999999999999, 'user_w': 0, 'delta_t': 0.02, 'need_reset': False}
Tangent angle: 4.119648255537531, User angle: 6.190495470886896, Offset angle: 0.30867058561093896
Target angle: 4.42831884114847, distance: 627.2299928448599, angle diff: 1.762176629738426, rotation direction: -1
Basic rotation angle: 1.693121693121693, rotation gain: 0.002029045836492897
Rotation gain: 1.24, direction: -1, curvature radius: 7.5
{'type': 'running', 'physical': {'user_x': 974.0832345993985, 'user_y': 1145.3179760567575, 'user_direction': 6.169331449722875}, 'virtual': {'user_x': 1841.9582107633182, 'user_y': 9855.219529002128, 'user_direction': -0.7104204275092048}, 'user_v': 7.999999999999999, 'user_w': 0, 'delta_t': 0.02, 'need_reset': False}
Tangent angle: 4.111127021721763, User angle: 6.169331449722875, Offset angle: 0.3072486382745148
Target angle: 4.418375659996277, distance: 630.3252822305218, angle diff: 1.7509557897265973, rotation direction: -1
Basic rotation angle: 1.693121693121693, rotation gain: 0.002174760688650377
Rotation gain: 1.24, direction: -1, curvature radius: 7.5
{'type': 'running', 'physical': {'user_x': 980.3746563438876, 'user_y': 1144.4633219174882, 'user_direction': 6.148167428558853}, 'virtual': {'user_x': 1848.0229128443268, 'user_y': 9850.002308605344, 'user_direction': -0.7104204275092006}, 'user_v': 7.999999999999999, 'user_w': 0, 'delta_t': 0.02, 'need_reset': False}
Tangent angle: 4.102587704696472, User angle: 6.148167428558853, Offset angle: 0.3058738327019602
Target angle: 4.4084615373984315, distance: 633.3444466498124, angle diff: 1.7397058911604217, rotation direction: -1
Basic rotation angle: 1.693121693121693, rotation gain: 0.0023051467394570374
Rotation gain: 1.24, direction: -1, curvature radius: 7.5
{'type': 'running', 'physical': {'user_x': 986.6465825593822, 'user_y': 1143.4757173345736, 'user_direction': 6.127003407394832}, 'virtual': {'user_x': 1854.0876149253354, 'user_y': 9844.78508820856, 'user_direction': -0.7104204275091957}, 'user_v': 7.999999999999999, 'user_w': 0, 'delta_t': 0.02, 'need_reset': False}
Tangent angle: 4.094030976192903, User angle: 6.127003407394832, Offset angle: 0.30454523146933493
Target angle: 4.398576207662238, distance: 636.2872269165698, angle diff: 1.728427199732594, rotation direction: -1
Basic rotation angle: 1.693121693121693, rotation gain: 0.002422099254141306
Rotation gain: 1.24, direction: -1, curvature radius: 7.5
{'type': 'running', 'physical': {'user_x': 992.896204055944, 'user_y': 1142.3556046551907, 'user_direction': 6.1058393862308105}, 'virtual': {'user_x': 1860.152317006344, 'user_y': 9839.567867811777, 'user_direction': -0.7104204275091899}, 'user_v': 7.999999999999999, 'user_w': 0, 'delta_t': 0.02, 'need_reset': False}
Tangent angle: 4.085457489375852, User angle: 6.1058393862308105, Offset angle: 0.3032619380176579
Target angle: 4.38871942739351, distance: 639.1533689674706, angle diff: 1.7171199588373005, rotation direction: -1
Basic rotation angle: 1.693121693121693, rotation gain: 0.0025272766803327382
Rotation gain: 1.24, direction: -1, curvature radius: 7.5
{'type': 'running', 'physical': {'user_x': 999.120721633898, 'user_y': 1141.1034855767705, 'user_direction': 6.084675365066789}, 'virtual': {'user_x': 1866.2170190873526, 'user_y': 9834.350647414993, 'user_direction': -0.7104204275091829}, 'user_v': 7.999999999999999, 'user_w': 0, 'delta_t': 0.02, 'need_reset': False}
Tangent angle: 4.076867879739522, User angle: 6.084675365066789, Offset angle: 0.3020230950565781
Target angle: 4.3788909747961, distance: 641.9426240256163, angle diff: 1.705784390270689, rotation direction: -1
Basic rotation angle: 1.693121693121693, rotation gain: 0.00262213024443839
Rotation gain: 1.24, direction: -1, curvature radius: 7.5
{'type': 'running', 'physical': {'user_x': 1005.317347337591, 'user_y': 1139.7199209222874, 'user_direction': 6.063511343902768}, 'virtual': {'user_x': 1872.2817211683612, 'user_y': 9829.133427018209, 'user_direction': -0.7104204275091742}, 'user_v': 7.999999999999999, 'user_w': 0, 'delta_t': 0.02, 'need_reset': False}
Tangent angle: 4.068262765962389, User angle: 6.063511343902768, Offset angle: 0.3008278830586624
Target angle: 4.369090649021052, distance: 644.6547487555968, angle diff: 1.6944206948817158, rotation direction: -1
Basic rotation angle: 1.693121693121693, rotation gain: 0.002707929848763897
Rotation gain: 1.24, direction: -1, curvature radius: 7.5
{'type': 'running', 'physical': {'user_x': 1011.4833057041142, 'user_y': 1138.205530389068, 'user_direction': 6.042347322738746}, 'virtual': {'user_x': 1878.34642324937, 'user_y': 9823.916206621425, 'user_direction': -0.7104204275091635}, 'user_v': 7.999999999999999, 'user_w': 0, 'delta_t': 0.02, 'need_reset': False}
Tangent angle: 4.059642750723566, User angle: 6.042347322738746, Offset angle: 0.29967551883903754
Target angle: 4.359318269562603, distance: 647.2895054104952, angle diff: 1.683029053176143, rotation direction: -1
Basic rotation angle: 1.693121693121693, rotation gain: 0.002785786731769992
Rotation gain: 1.24, direction: -1, curvature radius: 7.5
{'type': 'running', 'physical': {'user_x': 1017.6158350064309, 'user_y': 1136.5609922712279, 'user_direction': 6.021183301574725}, 'virtual': {'user_x': 1884.4111253303788, 'user_y': 9818.698986224643, 'user_direction': -0.7104204275091521}, 'user_v': 7.999999999999999, 'user_w': 0, 'delta_t': 0.02, 'need_reset': False}
Tangent angle: 4.051008421483001, User angle: 6.021183301574725, Offset angle: 0.29856525421549535
Target angle: 4.349573675698497, distance: 649.8466619712708, angle diff: 1.6716096258762283, rotation direction: -1
Basic rotation angle: 1.693121693121693, rotation gain: 0.0028566732960573727
Rotation gain: 1.24, direction: -1, curvature radius: 7.5
{'type': 'running', 'physical': {'user_x': 1023.7121884903513, 'user_y': 1134.7870431558658, 'user_direction': 6.0000192804107035}, 'virtual': {'user_x': 1890.4758274113874, 'user_y': 9813.481765827859, 'user_direction': -0.7104204275091669}, 'user_v': 7.999999999999999, 'user_w': 0, 'delta_t': 0.02, 'need_reset': False}
Tangent angle: 4.042360351227684, User angle: 6.0000192804107035, Offset angle: 0.29749637474452223
Target angle: 4.339856725972206, distance: 652.3259922789194, angle diff: 1.6601625544384975, rotation direction: -1
Basic rotation angle: 1.693121693121693, rotation gain: 0.0029214404580996437
Rotation gain: 1.24, direction: -1, curvature radius: 7.5
{'type': 'running', 'physical': {'user_x': 1029.7696356048011, 'user_y': 1132.8844775931461, 'user_direction': 5.978855259246682}, 'virtual': {'user_x': 1896.5405294923962, 'user_y': 9808.264545431077, 'user_direction': -0.7104204275091477}, 'user_v': 7.999999999999999, 'user_w': 0, 'delta_t': 0.02, 'need_reset': False}
Tangent angle: 4.0336990991859265, User angle: 5.978855259246682, Offset angle: 0.29646819852903467
Target angle: 4.3301672977149614, distance: 654.7272761597792, angle diff: 1.6486879615317207, rotation direction: -1
Basic rotation angle: 1.693121693121693, rotation gain: 0.002980832829492462
Rotation gain: 1.24, direction: -1, curvature radius: 7.5
{'type': 'running', 'physical': {'user_x': 1035.7854632248327, 'user_y': 1130.8541477404208, 'user_direction': 5.957691238082661}, 'virtual': {'user_x': 1902.6052315734048, 'user_y': 9803.047325034293, 'user_direction': -0.7104204275091689}, 'user_v': 7.999999999999999, 'user_w': 0, 'delta_t': 0.02, 'need_reset': False}
Tangent angle: 4.025025211511639, User angle: 5.957691238082661, Offset angle: 0.2954800750938988
Target angle: 4.320505286605537, distance: 657.0502995443275, angle diff: 1.6371859514771234, rotation direction: -1
Basic rotation angle: 1.693121693121693, rotation gain: 0.0030355020007667892
Rotation gain: 1.24, direction: -1, curvature radius: 7.5
{'type': 'running', 'physical': {'user_x': 1041.7569768668316, 'user_y': 1128.6969629805487, 'user_direction': 5.936527216918639}, 'virtual': {'user_x': 1908.6699336544136, 'user_y': 9797.83010463751, 'user_direction': -0.7104204275091367}, 'user_v': 7.999999999999999, 'user_w': 0, 'delta_t': 0.02, 'need_reset': False}
Tangent angle: 4.016339221940421, User angle: 5.936527216918639, Offset angle: 0.2945313843255907
Target angle: 4.310870606266012, distance: 659.2948545797836, angle diff: 1.6256566106526273, rotation direction: -1
Basic rotation angle: 1.693121693121693, rotation gain: 0.003086018164933925
Rotation gain: 1.24, direction: -1, curvature radius: 7.5
{'type': 'running', 'physical': {'user_x': 1047.6815018953728, 'user_y': 1126.4138895145843, 'user_direction': 5.915363195754618}, 'virtual': {'user_x': 1914.7346357354222, 'user_y': 9792.612884240727, 'user_direction': -0.7104204275091756}, 'user_v': 7.999999999999999, 'user_w': 0, 'delta_t': 0.02, 'need_reset': False}
Tangent angle: 4.007641652419182, User angle: 5.915363195754618, Offset angle: 0.2936215354726083
Target angle: 4.301263187891791, distance: 661.4607397368113, angle diff: 1.6141000078628274, rotation direction: -1
Basic rotation angle: 1.693121693121693, rotation gain: 0.0031328802882847014
Rotation gain: 1.24, direction: -1, curvature radius: 7.5
{'type': 'running', 'physical': {'user_x': 1053.556384721188, 'user_y': 1124.0059499290167, 'user_direction': 5.894199174590597}, 'virtual': {'user_x': 1919.4566792745902, 'user_y': 9788.550699233456, 'user_direction': -0.7104204275091756}, 'user_v': 0, 'user_w': 0.1, 'delta_t': 0.02, 'need_reset': False}
Tangent angle: 3.9989330137109027, User angle: 5.894199174590597, Offset angle: 0.29274996620348365
Target angle: 4.291682979914387, distance: 663.5477599105925, angle diff: 1.6025161946762099, rotation direction: -1
Basic rotation angle: 0.0, rotation gain: 0.002755778744174996
Rotation gain: 1.24, direction: -1, curvature radius: 2500000
{'type': 'running', 'physical': {'user_x': 1059.3789939897051, 'user_y': 1121.474222737754, 'user_direction': 5.873035153426575}, 'virtual': {'user_x': 1919.4566792745902, 'user_y': 9788.550699233456, 'user_direction': -0.8104204275091755}, 'user_v': 0, 'user_w': 0.1, 'delta_t': 0.02, 'need_reset': False}
Tangent angle: 3.9902138059760537, User angle: 5.873035153426575, Offset angle: 0.2919161417194664
Target angle: 4.28212994769552, distance: 665.5557265165241, angle diff: 1.5909052057310555, rotation direction: -1
Basic rotation angle: 0.0, rotation gain: 0.0024259022360152804
Rotation gain: 1.24, direction: -1, curvature radius: 2500000
{'type': 'running', 'physical': {'user_x': 1059.3789939897051, 'user_y': 1121.474222737754, 'user_direction': 5.953680314716898}, 'virtual': {'user_x': 1919.4566792745902, 'user_y': 9788.550699233456, 'user_direction': -0.9104204275091755}, 'user_v': 0, 'user_w': 0.1, 'delta_t': 0.02, 'need_reset': False}
Tangent angle: 3.9902138059760537, User angle: 5.953680314716898, Offset angle: 0.2919161417194664
Target angle: 4.28212994769552, distance: 665.5557265165241, angle diff: 1.6715503670213785, rotation direction: -1
Basic rotation angle: 0.0, rotation gain: 0.0021372602913755294
Rotation gain: 1.24, direction: -1, curvature radius: 2500000
{'type': 'running', 'physical': {'user_x': 1059.3789939897051, 'user_y': 1121.474222737754, 'user_direction': 6.034325476007221}, 'virtual': {'user_x': 1919.4566792745902, 'user_y': 9788.550699233456, 'user_direction': -1.0104204275091755}, 'user_v': 0, 'user_w': 0.1, 'delta_t': 0.02, 'need_reset': False}
Tangent angle: 3.9902138059760537, User angle: 6.034325476007221, Offset angle: 0.2919161417194664
Target angle: 4.28212994769552, distance: 665.5557265165241, angle diff: 1.7521955283117014, rotation direction: -1
Basic rotation angle: 0.0, rotation gain: 0.0018846985898157472
Rotation gain: 1.24, direction: -1, curvature radius: 2500000
{'type': 'running', 'physical': {'user_x': 1059.3789939897051, 'user_y': 1121.474222737754, 'user_direction': 6.114970637297544}, 'virtual': {'user_x': 1919.4566792745902, 'user_y': 9788.550699233456, 'user_direction': -1.1104204275091756}, 'user_v': 0, 'user_w': 0.1, 'delta_t': 0.02, 'need_reset': False}
Tangent angle: 3.9902138059760537, User angle: 6.114970637297544, Offset angle: 0.2919161417194664
Target angle: 4.28212994769552, distance: 665.5557265165241, angle diff: 1.8328406896020244, rotation direction: -1
Basic rotation angle: 0.0, rotation gain: 0.0016637071009509379
Rotation gain: 1.24, direction: -1, curvature radius: 2500000
{'type': 'running', 'physical': {'user_x': 1059.3789939897051, 'user_y': 1121.474222737754, 'user_direction': 6.195615798587867}, 'virtual': {'user_x': 1919.4566792745902, 'user_y': 9788.550699233456, 'user_direction': -1.2104204275091757}, 'user_v': 0, 'user_w': 0.1, 'delta_t': 0.02, 'need_reset': False}
Tangent angle: 3.9902138059760537, User angle: 6.195615798587867, Offset angle: 0.2919161417194664
Target angle: 4.28212994769552, distance: 665.5557265165241, angle diff: 1.9134858508923474, rotation direction: -1
Basic rotation angle: 0.0, rotation gain: 0.0014703395481942298
Rotation gain: 1.24, direction: -1, curvature radius: 2500000
{'type': 'running', 'physical': {'user_x': 1059.3789939897051, 'user_y': 1121.474222737754, 'user_direction': 6.27626095987819}, 'virtual': {'user_x': 1919.4566792745902, 'user_y': 9788.550699233456, 'user_direction': -1.3104204275091758}, 'user_v': 0, 'user_w': 0.1, 'delta_t': 0.02, 'need_reset': False}
Tangent angle: 3.9902138059760537, User angle: 6.27626095987819, Offset angle: 0.2919161417194664
Target angle: 4.28212994769552, distance: 665.5557265165241, angle diff: 1.9941310121826703, rotation direction: -1
Basic rotation angle: 0.0, rotation gain: 0.00130114293953211
Rotation gain: 1.24, direction: -1, curvature radius: 2500000
{'type': 'running', 'physical': {'user_x': 1059.3789939897051, 'user_y': 1121.474222737754, 'user_direction': 0.07372081398892671}, 'virtual': {'user_x': 1919.4566792745902, 'user_y': 9788.550699233456, 'user_direction': -1.4104204275091758}, 'user_v': 0, 'user_w': 0.1, 'delta_t': 0.02, 'need_reset': False}
Tangent angle: 3.9902138059760537, User angle: 0.07372081398892671, Offset angle: 0.2919161417194664
Target angle: 4.28212994769552, distance: 665.5557265165241, angle diff: 2.0747761734729933, rotation direction: -1
Basic rotation angle: 0.0, rotation gain: 0.0011530959069527553
Rotation gain: 1.24, direction: -1, curvature radius: 2500000
{'type': 'running', 'physical': {'user_x': 1059.3789939897051, 'user_y': 1121.474222737754, 'user_direction': 0.1543659752792493}, 'virtual': {'user_x': 1919.4566792745902, 'user_y': 9788.550699233456, 'user_direction': -1.510420427509176}, 'user_v': 0, 'user_w': 0.1, 'delta_t': 0.02, 'need_reset': False}
Tangent angle: 3.9902138059760537, User angle: 0.1543659752792493, Offset angle: 0.2919161417194664
Target angle: 4.28212994769552, distance: 665.5557265165241, angle diff: 2.155421334763316, rotation direction: -1
Basic rotation angle: 0.0, rotation gain: 0.00102355475344582
Rotation gain: 1.24, direction: -1, curvature radius: 2500000
{'type': 'running', 'physical': {'user_x': 1059.3789939897051, 'user_y': 1121.474222737754, 'user_direction': 0.2350111365695719}, 'virtual': {'user_x': 1919.4566792745902, 'user_y': 9788.550699233456, 'user_direction': -1.610420427509176}, 'user_v': 0, 'user_w': 0.1, 'delta_t': 0.02, 'need_reset': False}
Tangent angle: 3.9902138059760537, User angle: 0.2350111365695719, Offset angle: 0.2919161417194664
Target angle: 4.28212994769552, distance: 665.5557265165241, angle diff: 2.2360664960536383, rotation direction: -1
Basic rotation angle: 0.0, rotation gain: 0.0009102062441272515
Rotation gain: 1.24, direction: -1, curvature radius: 2500000
{'type': 'running', 'physical': {'user_x': 1059.3789939897051, 'user_y': 1121.474222737754, 'user_direction': 0.31565629785989446}, 'virtual': {'user_x': 1919.4566792745902, 'user_y': 9788.550699233456, 'user_direction': -1.7104204275091761}, 'user_v': 0, 'user_w': 0.1, 'delta_t': 0.02, 'need_reset': False}
Tangent angle: 3.9902138059760537, User angle: 0.31565629785989446, Offset angle: 0.2919161417194664
Target angle: 4.28212994769552, distance: 665.5557265165241, angle diff: 2.3167116573439612, rotation direction: -1
Basic rotation angle: 0.0, rotation gain: 0.0008110262984735041
Rotation gain: 1.24, direction: -1, curvature radius: 2500000
{'type': 'running', 'physical': {'user_x': 1059.3789939897051, 'user_y': 1121.474222737754, 'user_direction': 0.3963014591502171}, 'virtual': {'user_x': 1919.4566792745902, 'user_y': 9788.550699233456, 'user_direction': -1.8104204275091762}, 'user_v': 0, 'user_w': 0.1, 'delta_t': 0.02, 'need_reset': False}
Tangent angle: 3.9902138059760537, User angle: 0.3963014591502171, Offset angle: 0.2919161417194664
Target angle: 4.28212994769552, distance: 665.5557265165241, angle diff: 2.3973568186342837, rotation direction: -1
Basic rotation angle: 0.0, rotation gain: 0.0007242438460264752
Rotation gain: 1.24, direction: -1, curvature radius: 2500000
{'type': 'running', 'physical': {'user_x': 1059.3789939897051, 'user_y': 1121.474222737754, 'user_direction': 0.4769466204405397}, 'virtual': {'user_x': 1919.4566792745902, 'user_y': 9788.550699233456, 'user_direction': -1.9104204275091763}, 'user_v': 0, 'user_w': 0.1, 'delta_t': 0.02, 'need_reset': False}
Tangent angle: 3.9902138059760537, User angle: 0.4769466204405397, Offset angle: 0.2919161417194664
Target angle: 4.28212994769552, distance: 665.5557265165241, angle diff: 2.4780019799246062, rotation direction: -1
Basic rotation angle: 0.0, rotation gain: 0.0006483092001353249
Rotation gain: 1.24, direction: -1, curvature radius: 2500000
{'type': 'running', 'physical': {'user_x': 1059.3789939897051, 'user_y': 1121.474222737754, 'user_direction': 0.5575917817308623}, 'virtual': {'user_x': 1919.4566792745902, 'user_y': 9788.550699233456, 'user_direction': -2.0104204275091764}, 'user_v': 0, 'user_w': 0.1, 'delta_t': 0.02, 'need_reset': False}
Tangent angle: 3.9902138059760537, User angle: 0.5575917817308623, Offset angle: 0.2919161417194664
Target angle: 4.28212994769552, distance: 665.5557265165241, angle diff: 2.5586471412149288, rotation direction: -1
Basic rotation angle: 0.0, rotation gain: 0.0005818663849805684
Rotation gain: 1.24, direction: -1, curvature radius: 2500000
{'type': 'running', 'physical': {'user_x': 1059.3789939897051, 'user_y': 1121.474222737754, 'user_direction': 0.6382369430211849}, 'virtual': {'user_x': 1919.4566792745902, 'user_y': 9788.550699233456, 'user_direction': -2.1104204275091765}, 'user_v': 0, 'user_w': 0.1, 'delta_t': 0.02, 'need_reset': False}
Tangent angle: 3.9902138059760537, User angle: 0.6382369430211849, Offset angle: 0.2919161417194664
Target angle: 4.28212994769552, distance: 665.5557265165241, angle diff: 2.6392923025052513, rotation direction: -1
Basic rotation angle: 0.0, rotation gain: 0.0005237289217201564
Rotation gain: 1.24, direction: -1, curvature radius: 2500000
{'type': 'running', 'physical': {'user_x': 1059.3789939897051, 'user_y': 1121.474222737754, 'user_direction': 0.7188821043115076}, 'virtual': {'user_x': 1919.4566792745902, 'user_y': 9788.550699233456, 'user_direction': -2.2104204275091766}, 'user_v': 0, 'user_w': 0.1, 'delta_t': 0.02, 'need_reset': False}
Tangent angle: 3.9902138059760537, User angle: 0.7188821043115076, Offset angle: 0.2919161417194664
Target angle: 4.28212994769552, distance: 665.5557265165241, angle diff: 2.719937463795574, rotation direction: -1
Basic rotation angle: 0.0, rotation gain: 0.00047285864136729585
Rotation gain: 1.24, direction: -1, curvature radius: 2500000
{'type': 'running', 'physical': {'user_x': 1059.3789939897051, 'user_y': 1121.474222737754, 'user_direction': 0.7995272656018302}, 'virtual': {'user_x': 1919.4566792745902, 'user_y': 9788.550699233456, 'user_direction': -2.3104204275091766}, 'user_v': 0, 'user_w': 0.1, 'delta_t': 0.02, 'need_reset': False}
Tangent angle: 3.9902138059760537, User angle: 0.7995272656018302, Offset angle: 0.2919161417194664
Target angle: 4.28212994769552, distance: 665.5557265165241, angle diff: 2.8005826250858967, rotation direction: -1
Basic rotation angle: 0.0, rotation gain: 0.000435567926846313
Rotation gain: 1.24, direction: -1, curvature radius: 2500000
{'type': 'running', 'physical': {'user_x': 1059.3789939897051, 'user_y': 1121.474222737754, 'user_direction': 0.8801724268921528}, 'virtual': {'user_x': 1919.4566792745902, 'user_y': 9788.550699233456, 'user_direction': -2.4104204275091767}, 'user_v': 0, 'user_w': 0.1, 'delta_t': 0.02, 'need_reset': False}
Tangent angle: 3.9902138059760537, User angle: 0.8801724268921528, Offset angle: 0.2919161417194664
Target angle: 3.6982976642565877, distance: 665.5557265165241, angle diff: 2.818125237364435, rotation direction: 1
Basic rotation angle: 0.0, rotation gain: 0.000402938551640453
Rotation gain: 1.24, direction: 1, curvature radius: 2500000
{'type': 'running', 'physical': {'user_x': 1059.3789939897051, 'user_y': 1121.474222737754, 'user_direction': 0.9608175881824754}, 'virtual': {'user_x': 1919.4566792745902, 'user_y': 9788.550699233456, 'user_direction': -2.510420427509177}, 'user_v': 0, 'user_w': 0.1, 'delta_t': 0.02, 'need_reset': False}
Tangent angle: 3.9902138059760537, User angle: 0.9608175881824754, Offset angle: 0.2919161417194664
Target angle: 3.6982976642565877, distance: 665.5557265165241, angle diff: 2.737480076074112, rotation direction: 1
Basic rotation angle: 0.0, rotation gain: 0.00037161692837640924
Rotation gain: 1.24, direction: 1, curvature radius: 2500000
{'type': 'running', 'physical': {'user_x': 1059.3789939897051, 'user_y': 1121.474222737754, 'user_direction': 1.041462749472798}, 'virtual': {'user_x': 1919.4566792745902, 'user_y': 9788.550699233456, 'user_direction': -2.610420427509177}, 'user_v': 0, 'user_w': 0.1, 'delta_t': 0.02, 'need_reset': False}
Tangent angle: 3.9902138059760537, User angle: 1.041462749472798, Offset angle: 0.2919161417194664
Target angle: 3.6982976642565877, distance: 665.5557265165241, angle diff: 2.65683491478379, rotation direction: 1
Basic rotation angle: 0.0, rotation gain: 0.00034421050802037096
Rotation gain: 1.24, direction: 1, curvature radius: 2500000
{'type': 'running', 'physical': {'user_x': 1059.3789939897051, 'user_y': 1121.474222737754, 'user_direction': 1.1221079107631204}, 'virtual': {'user_x': 1919.4566792745902, 'user_y': 9788.550699233456, 'user_direction': -2.736050356533077}, 'user_v': 7.999999999999999, 'user_w': 0, 'delta_t': 0.02, 'need_reset': False}
Tangent angle: 3.9902138059760537, User angle: 1.1221079107631204, Offset angle: 0.2919161417194664
Target angle: 3.6982976642565877, distance: 665.5557265165241, angle diff: 2.576189753493467, rotation direction: 1
Basic rotation angle: 1.693121693121693, rotation gain: 0.0008725550652482095
Rotation gain: 1.24, direction: 1, curvature radius: 7.5
{'type': 'running', 'physical': {'user_x': 1059.3789939897051, 'user_y': 1121.474222737754, 'user_direction': 1.202753072053443}, 'virtual': {'user_x': 1912.1055705800734, 'user_y': 9785.39456220199, 'user_direction': -2.736050356533077}, 'user_v': 7.999999999999999, 'user_w': 0, 'delta_t': 0.02, 'need_reset': False}
Tangent angle: 3.9902138059760537, User angle: 1.202753072053443, Offset angle: 0.2919161417194664
Target angle: 3.6982976642565877, distance: 665.5557265165241, angle diff: 2.495544592203145, rotation direction: 1
Basic rotation angle: 1.693121693121693, rotation gain: 0.0013348565528225683
Rotation gain: 1.24, direction: 1, curvature radius: 7.5
{'type': 'running', 'physical': {'user_x': 1061.5374992571496, 'user_y': 1127.445259186748, 'user_direction': 1.2239170932174641}, 'virtual': {'user_x': 1904.7544618855566, 'user_y': 9782.238425170523, 'user_direction': -2.7360503565330703}, 'user_v': 7.999999999999999, 'user_w': 0, 'delta_t': 0.02, 'need_reset': False}
Tangent angle: 3.9935343939483237, User angle: 1.2239170932174641, Offset angle: 0.2893826614671053
Target angle: 3.7041517324812183, distance: 671.7256617542009, angle diff: 2.480234639263754, rotation direction: 1
Basic rotation angle: 1.693121693121693, rotation gain: 0.0017383160836049421
Rotation gain: 1.24, direction: 1, curvature radius: 7.5
{'type': 'running', 'physical': {'user_x': 1063.5691594202895, 'user_y': 1133.460637665806, 'user_direction': 1.2450811143814853}, 'virtual': {'user_x': 1897.40335319104, 'user_y': 9779.082288139054, 'user_direction': -2.7360503565330627}, 'user_v': 7.999999999999999, 'user_w': 0, 'delta_t': 0.02, 'need_reset': False}
Tangent angle: 3.996976020385362, User angle: 1.2450811143814853, Offset angle: 0.28691101407960445
Target angle: 3.710065006305758, distance: 677.8470458034334, angle diff: 2.4649838919242724, rotation direction: 1
Basic rotation angle: 1.693121693121693, rotation gain: 0.0020902719615513697
Rotation gain: 1.24, direction: 1, curvature radius: 7.5
{'type': 'running', 'physical': {'user_x': 1065.4730645004206, 'user_y': 1139.517663892483, 'user_direction': 1.2662451355455064}, 'virtual': {'user_x': 1890.0522444965231, 'user_y': 9775.926151107587, 'user_direction': -2.7360503565330703}, 'user_v': 7.999999999999999, 'user_w': 0, 'delta_t': 0.02, 'need_reset': False}
Tangent angle: 4.00053483443879, User angle: 1.2662451355455064, Offset angle: 0.28449976919457304
Target angle: 3.716035065244217, distance: 683.9184771794186, angle diff: 2.4497899296987105, rotation direction: 1
Basic rotation angle: 1.693121693121693, rotation gain: 0.0023971454674979295
Rotation gain: 1.24, direction: 1, curvature radius: 7.5
{'type': 'running', 'physical': {'user_x': 1067.2483617402227, 'user_y': 1145.6136249303468, 'user_direction': 1.2874091567095276}, 'virtual': {'user_x': 1882.7011358020065, 'user_y': 9772.770014076119, 'user_direction': -2.7360503565330614}, 'user_v': 7.999999999999999, 'user_w': 0, 'delta_t': 0.02, 'need_reset': False}
Tangent angle: 4.004207116004603, User angle: 1.2874091567095276, Offset angle: 0.28214753144873445
Target angle: 3.7220595845558684, distance: 689.9385909329577, angle diff: 2.434650427846341, rotation direction: 1
Basic rotation angle: 1.693121693121693, rotation gain: 0.002664555478828695
Rotation gain: 1.24, direction: 1, curvature radius: 7.5
{'type': 'running', 'physical': {'user_x': 1068.8942559857076, 'user_y': 1151.7457904040994, 'user_direction': 1.3085731778735488}, 'virtual': {'user_x': 1875.3500271074897, 'user_y': 9769.613877044652, 'user_direction': -2.736050356533071}, 'user_v': 7.999999999999999, 'user_w': 0, 'delta_t': 0.02, 'need_reset': False}
Tangent angle: 4.007989270872624, User angle: 1.3085731778735488, Offset angle: 0.27985294055681764
Target angle: 3.728136330315806, distance: 695.9060572556, angle diff: 2.419563152442257, rotation direction: 1
Basic rotation angle: 1.693121693121693, rotation gain: 0.0028974187622902523
Rotation gain: 1.24, direction: 1, curvature radius: 7.5
{'type': 'running', 'physical': {'user_x': 1070.4100100423684, 'user_y': 1157.9114137225092, 'user_direction': 1.32973719903757}, 'virtual': {'user_x': 1867.9989184129731, 'user_y': 9766.457740013184, 'user_direction': -2.7360503565330605}, 'user_v': 7.999999999999999, 'user_w': 0, 'delta_t': 0.02, 'need_reset': False}
Tangent angle: 4.011877826015338, User angle: 1.32973719903757, Offset angle: 0.2776146712617335
Target angle: 3.734263154753604, distance: 701.8195801699394, angle diff: 2.404525955716034, rotation direction: 1
Basic rotation angle: 1.693121693121693, rotation gain: 0.00310003773076885
Rotation gain: 1.24, direction: 1, curvature radius: 7.5
{'type': 'running', 'physical': {'user_x': 1071.7949450053682, 'user_y': 1164.1077333086073, 'user_direction': 1.350901220201591}, 'virtual': {'user_x': 1860.6478097184563, 'user_y': 9763.301602981717, 'user_direction': -2.7360503565330716}, 'user_v': 7.999999999999999, 'user_w': 0, 'delta_t': 0.02, 'need_reset': False}
Tangent angle: 4.015869425018297, User angle: 1.350901220201591, Offset angle: 0.2754314331736662
Target angle: 3.7404379918446313, distance: 707.6778962997171, angle diff: 2.3895367716430402, rotation direction: 1
Basic rotation angle: 1.693121693121693, rotation gain: 0.003276177230997328
Rotation gain: 1.24, direction: 1, curvature radius: 7.5
{'type': 'running', 'physical': {'user_x': 1073.0484405636207, 'user_y': 1170.331973836595, 'user_direction': 1.3720652413656123}, 'virtual': {'user_x': 1853.2967010239397, 'user_y': 9760.145465950249, 'user_direction': -2.7360503565330583}, 'user_v': 7.999999999999999, 'user_w': 0, 'delta_t': 0.02, 'need_reset': False}
Tangent angle: 4.019960823653183, User angle: 1.3720652413656123, Offset angle: 0.2733019705137636
Target angle: 3.7466588531394187, distance: 713.4797737147281, angle diff: 2.3745936117738067, rotation direction: 1
Basic rotation angle: 1.693121693121693, rotation gain: 0.003429131733290924
Rotation gain: 1.24, direction: 1, curvature radius: 7.5
{'type': 'running', 'physical': {'user_x': 1074.1699352776277, 'user_y': 1176.581347474909, 'user_direction': 1.3932292625296334}, 'virtual': {'user_x': 1845.9455923294229, 'user_y': 9756.989328918782, 'user_direction': -2.7360503565330725}, 'user_v': 7.999999999999999, 'user_w': 0, 'delta_t': 0.02, 'need_reset': False}
Tangent angle: 4.024148885593646, User angle: 1.3932292625296334, Offset angle: 0.27122506177636935
Target angle: 3.7529238238172766, distance: 719.2240108458362, angle diff: 2.359694561287643, rotation direction: 1
Basic rotation angle: 1.693121693121693, rotation gain: 0.0035617841230262746
Rotation gain: 1.24, direction: 1, curvature radius: 7.5
{'type': 'running', 'physical': {'user_x': 1075.158926830946, 'user_y': 1182.8530551348904, 'user_direction': 1.4143932836936546}, 'virtual': {'user_x': 1838.5944836349063, 'user_y': 9753.833191887314, 'user_direction': -2.736050356533055}, 'user_v': 7.999999999999999, 'user_w': 0, 'delta_t': 0.02, 'need_reset': False}
Tangent angle: 4.0284305782732535, User angle: 1.4143932836936546, Offset angle: 0.269199519322172
Target angle: 3.759231058951082, distance: 724.9094354657083, angle diff: 2.344837775257427, rotation direction: 1
Basic rotation angle: 1.693121693121693, rotation gain: 0.0036766571436160746
Rotation gain: 1.24, direction: 1, curvature radius: 7.5
{'type': 'running', 'physical': {'user_x': 1076.014972255176, 'user_y': 1189.1442877244913, 'user_direction': 1.4355573048576757}, 'virtual': {'user_x': 1831.2433749403895, 'user_y': 9750.677054855847, 'user_direction': -2.7360503565330743}, 'user_v': 7.999999999999999, 'user_w': 0, 'delta_t': 0.02, 'need_reset': False}
Tangent angle: 4.032802968884201, User angle: 1.4355573048576757, Offset angle: 0.26722418891324323
Target angle: 3.765578779970957, distance: 730.5349037311593, angle diff: 2.330021475113281, rotation direction: 1
Basic rotation angle: 1.693121693121693, rotation gain: 0.003775958409515004
Rotation gain: 1.24, direction: 1, curvature radius: 7.5
{'type': 'running', 'physical': {'user_x': 1076.7376881283653, 'user_y': 1195.4522274064668, 'user_direction': 1.456721326021697}, 'virtual': {'user_x': 1823.8922662458729, 'user_y': 9747.520917824379, 'user_direction': -2.736050356533049}, 'user_v': 7.999999999999999, 'user_w': 0, 'delta_t': 0.02, 'need_reset': False}
Tangent angle: 4.037263220514874, User angle: 1.456721326021697, Offset angle: 0.2652979491996791
Target angle: 3.771965271315196, distance: 736.0992992832564, angle diff: 2.315243945293499, rotation direction: 1
Basic rotation angle: 1.693121693121693, rotation gain: 0.0038616197929776394
Rotation gain: 1.24, direction: 1, curvature radius: 7.5
{'type': 'running', 'physical': {'user_x': 1076.7376881283653, 'user_y': 1195.4522274064668, 'user_direction': 1.456721326021697}, 'virtual': {'user_x': 1816.541157551356, 'user_y': 9744.364780792912, 'user_direction': -2.7360503565330783}, 'user_v': 7.999999999999999, 'user_w': 0, 'delta_t': 0.02, 'need_reset': True}
{'type': 'running', 'physical': {'user_x': 1076.7376881283653, 'user_y': 1195.4522274064668, 'user_direction': 4.59831397961149}, 'virtual': {'user_x': 1809.1900488568394, 'user_y': 9741.208643761443, 'user_direction': -2.736050356533031}, 'user_v': 7.999999999999999, 'user_w': 0, 'delta_t': 0.02, 'need_reset': False}
Tangent angle: 4.037263220514874, User angle: 4.59831397961149, Offset angle: 0.2652979491996791
Target angle: 4.302561169714553, distance: 736.0992992832564, angle diff: 0.2957528098969364, rotation direction: -1
Basic rotation angle: 1.693121693121693, rotation gain: 0.003811173013041204
Rotation gain: 1.24, direction: -1, curvature radius: 7.5
{'type': 'running', 'physical': {'user_x': 1075.8816427041354, 'user_y': 1189.160994816866, 'user_direction': 4.577149958447468}, 'virtual': {'user_x': 1801.8389401623226, 'user_y': 9738.052506729977, 'user_direction': -2.736050356533096}, 'user_v': 7.999999999999999, 'user_w': 0, 'delta_t': 0.02, 'need_reset': False}
Tangent angle: 4.0329537690995, User angle: 4.577149958447468, Offset angle: 0.2672497786995261
Target angle: 4.3002035477990255, distance: 730.4615086891201, angle diff: 0.27694641064844294, rotation direction: -1
Basic rotation angle: 1.693121693121693, rotation gain: 0.0037676834429906485
Rotation gain: 1.24, direction: -1, curvature radius: 7.5
{'type': 'running', 'physical': {'user_x': 1074.892651150817, 'user_y': 1182.8892871568846, 'user_direction': 4.555985937283447}, 'virtual': {'user_x': 1800.9561744119133, 'user_y': 9737.673498638713, 'user_direction': -2.736050356533096}, 'user_v': 0, 'user_w': 0.1, 'delta_t': 0.02, 'need_reset': False}
Tangent angle: 4.028735528980229, User angle: 4.555985937283447, Offset angle: 0.2692509422388651
Target angle: 4.297986471219094, distance: 724.7640658857975, angle diff: 0.2579994660643532, rotation direction: -1
Basic rotation angle: 0.0, rotation gain: 0.0033111736424362437
Rotation gain: 1.24, direction: -1, curvature radius: 2500000
{'type': 'running', 'physical': {'user_x': 1073.77115643681, 'user_y': 1176.6399135185704, 'user_direction': 4.534821916119426}, 'virtual': {'user_x': 1800.9561744119133, 'user_y': 9737.673498638713, 'user_direction': -2.636050356533096}, 'user_v': 0, 'user_w': 0.1, 'delta_t': 0.02, 'need_reset': False}
Tangent angle: 4.024611434139608, User angle: 4.534821916119426, Offset angle: 0.2713025576636165
Target angle: 4.295913991803224, distance: 719.0081352350451, angle diff: 0.23890792431620156, rotation direction: -1
Basic rotation angle: 0.0, rotation gain: 0.0029117466110975244
Rotation gain: 1.24, direction: -1, curvature radius: 2500000
{'type': 'running', 'physical': {'user_x': 1073.77115643681, 'user_y': 1176.6399135185704, 'user_direction': 4.615467077409749}, 'virtual': {'user_x': 1800.9561744119133, 'user_y': 9737.673498638713, 'user_direction': -2.536050356533096}, 'user_v': 0, 'user_w': 0.1, 'delta_t': 0.02, 'need_reset': False}
Tangent angle: 4.024611434139608, User angle: 4.615467077409749, Offset angle: 0.2713025576636165
Target angle: 4.295913991803224, distance: 719.0081352350451, angle diff: 0.3195530856065245, rotation direction: -1
Basic rotation angle: 0.0, rotation gain: 0.002562247958676145
Rotation gain: 1.24, direction: -1, curvature radius: 2500000
{'type': 'running', 'physical': {'user_x': 1073.77115643681, 'user_y': 1176.6399135185704, 'user_direction': 4.6961122387000716}, 'virtual': {'user_x': 1800.9561744119133, 'user_y': 9737.673498638713, 'user_direction': -2.4360503565330958}, 'user_v': 0, 'user_w': 0.1, 'delta_t': 0.02, 'need_reset': False}
Tangent angle: 4.024611434139608, User angle: 4.6961122387000716, Offset angle: 0.2713025576636165
Target angle: 4.295913991803224, distance: 719.0081352350451, angle diff: 0.40019824689684746, rotation direction: -1
Basic rotation angle: 0.0, rotation gain: 0.002256436637807438
Rotation gain: 1.24, direction: -1, curvature radius: 2500000
{'type': 'running', 'physical': {'user_x': 1073.77115643681, 'user_y': 1176.6399135185704, 'user_direction': 4.7767573999903945}, 'virtual': {'user_x': 1800.9561744119133, 'user_y': 9737.673498638713, 'user_direction': -2.3360503565330957}, 'user_v': 0, 'user_w': 0.1, 'delta_t': 0.02, 'need_reset': False}
Tangent angle: 4.024611434139608, User angle: 4.7767573999903945, Offset angle: 0.2713025576636165
Target angle: 4.295913991803224, distance: 719.0081352350451, angle diff: 0.4808434081871704, rotation direction: -1
Basic rotation angle: 0.0, rotation gain: 0.0019888517320473193
Rotation gain: 1.24, direction: -1, curvature radius: 2500000
{'type': 'running', 'physical': {'user_x': 1073.77115643681, 'user_y': 1176.6399135185704, 'user_direction': 4.8574025612807175}, 'virtual': {'user_x': 1800.9561744119133, 'user_y': 9737.673498638713, 'user_direction': -2.2360503565330956}, 'user_v': 0, 'user_w': 0.1, 'delta_t': 0.02, 'need_reset': False}
Tangent angle: 4.024611434139608, User angle: 4.8574025612807175, Offset angle: 0.2713025576636165
Target angle: 4.295913991803224, distance: 719.0081352350451, angle diff: 0.5614885694774934, rotation direction: -1
Basic rotation angle: 0.0, rotation gain: 0.0017547149395072154
Rotation gain: 1.24, direction: -1, curvature radius: 2500000
{'type': 'running', 'physical': {'user_x': 1073.77115643681, 'user_y': 1176.6399135185704, 'user_direction': 4.93804772257104}, 'virtual': {'user_x': 1800.9561744119133, 'user_y': 9737.673498638713, 'user_direction': -2.1360503565330955}, 'user_v': 0, 'user_w': 0.1, 'delta_t': 0.02, 'need_reset': False}
Tangent angle: 4.024611434139608, User angle: 4.93804772257104, Offset angle: 0.2713025576636165
Target angle: 4.295913991803224, distance: 719.0081352350451, angle diff: 0.6421337307678163, rotation direction: -1
Basic rotation angle: 0.0, rotation gain: 0.0015498452460346243
Rotation gain: 1.24, direction: -1, curvature radius: 2500000
{'type': 'running', 'physical': {'user_x': 1073.77115643681, 'user_y': 1176.6399135185704, 'user_direction': 5.018692883861363}, 'virtual': {'user_x': 1800.9561744119133, 'user_y': 9737.673498638713, 'user_direction': -2.0360503565330954}, 'user_v': 0, 'user_w': 0.1, 'delta_t': 0.02, 'need_reset': False}
Tangent angle: 4.024611434139608, User angle: 5.018692883861363, Offset angle: 0.2713025576636165
Target angle: 4.295913991803224, distance: 719.0081352350451, angle diff: 0.7227788920581393, rotation direction: -1
Basic rotation angle: 0.0, rotation gain: 0.0013705842642461072
Rotation gain: 1.24, direction: -1, curvature radius: 2500000
{'type': 'running', 'physical': {'user_x': 1073.77115643681, 'user_y': 1176.6399135185704, 'user_direction': 5.099338045151686}, 'virtual': {'user_x': 1800.9561744119133, 'user_y': 9737.673498638713, 'user_direction': -1.9360503565330953}, 'user_v': 0, 'user_w': 0.1, 'delta_t': 0.02, 'need_reset': False}
Tangent angle: 4.024611434139608, User angle: 5.099338045151686, Offset angle: 0.2713025576636165
Target angle: 4.295913991803224, distance: 719.0081352350451, angle diff: 0.8034240533484622, rotation direction: -1
Basic rotation angle: 0.0, rotation gain: 0.0012137309051811547
Rotation gain: 1.24, direction: -1, curvature radius: 2500000
{'type': 'running', 'physical': {'user_x': 1073.77115643681, 'user_y': 1176.6399135185704, 'user_direction': 5.179983206442009}, 'virtual': {'user_x': 1800.9561744119133, 'user_y': 9737.673498638713, 'user_direction': -1.8360503565330952}, 'user_v': 0, 'user_w': 0.1, 'delta_t': 0.02, 'need_reset': False}
Tangent angle: 4.024611434139608, User angle: 5.179983206442009, Offset angle: 0.2713025576636165
Target angle: 4.295913991803224, distance: 719.0081352350451, angle diff: 0.8840692146387852, rotation direction: -1
Basic rotation angle: 0.0, rotation gain: 0.0010764842159993212
Rotation gain: 1.24, direction: -1, curvature radius: 2500000
{'type': 'running', 'physical': {'user_x': 1073.77115643681, 'user_y': 1176.6399135185704, 'user_direction': 5.260628367732332}, 'virtual': {'user_x': 1800.9561744119133, 'user_y': 9737.673498638713, 'user_direction': -1.7360503565330951}, 'user_v': 0, 'user_w': 0.1, 'delta_t': 0.02, 'need_reset': False}
Tangent angle: 4.024611434139608, User angle: 5.260628367732332, Offset angle: 0.2713025576636165
Target angle: 4.295913991803224, distance: 719.0081352350451, angle diff: 0.9647143759291081, rotation direction: -1
Basic rotation angle: 0.0, rotation gain: 0.000956393362965217
Rotation gain: 1.24, direction: -1, curvature radius: 2500000
{'type': 'running', 'physical': {'user_x': 1073.77115643681, 'user_y': 1176.6399135185704, 'user_direction': 5.341273529022655}, 'virtual': {'user_x': 1800.9561744119133, 'user_y': 9737.673498638713, 'user_direction': -1.636050356533095}, 'user_v': 0, 'user_w': 0.1, 'delta_t': 0.02, 'need_reset': False}
Tangent angle: 4.024611434139608, User angle: 5.341273529022655, Offset angle: 0.2713025576636165
Target angle: 4.295913991803224, distance: 719.0081352350451, angle diff: 1.045359537219431, rotation direction: -1
Basic rotation angle: 0.0, rotation gain: 0.0008513138665603758
Rotation gain: 1.24, direction: -1, curvature radius: 2500000
{'type': 'running', 'physical': {'user_x': 1073.77115643681, 'user_y': 1176.6399135185704, 'user_direction': 5.421918690312978}, 'virtual': {'user_x': 1800.9561744119133, 'user_y': 9737.673498638713, 'user_direction': -1.536050356533095}, 'user_v': 0, 'user_w': 0.1, 'delta_t': 0.02, 'need_reset': False}
Tangent angle: 4.024611434139608, User angle: 5.421918690312978, Offset angle: 0.2713025576636165
Target angle: 4.295913991803224, distance: 719.0081352350451, angle diff: 1.126004698509754, rotation direction: -1
Basic rotation angle: 0.0, rotation gain: 0.0007593693072061397
Rotation gain: 1.24, direction: -1, curvature radius: 2500000
{'type': 'running', 'physical': {'user_x': 1073.77115643681, 'user_y': 1176.6399135185704, 'user_direction': 5.502563851603301}, 'virtual': {'user_x': 1800.9561744119133, 'user_y': 9737.673498638713, 'user_direction': -1.4360503565330949}, 'user_v': 0, 'user_w': 0.1, 'delta_t': 0.02, 'need_reset': False}
Tangent angle: 4.024611434139608, User angle: 5.502563851603301, Offset angle: 0.2713025576636165
Target angle: 4.295913991803224, distance: 719.0081352350451, angle diff: 1.206649859800077, rotation direction: -1
Basic rotation angle: 0.0, rotation gain: 0.0006789178177711831
Rotation gain: 1.24, direction: -1, curvature radius: 2500000
{'type': 'running', 'physical': {'user_x': 1073.77115643681, 'user_y': 1176.6399135185704, 'user_direction': 5.583209012893624}, 'virtual': {'user_x': 1800.9561744119133, 'user_y': 9737.673498638713, 'user_direction': -1.3360503565330948}, 'user_v': 0, 'user_w': 0.1, 'delta_t': 0.02, 'need_reset': False}
Tangent angle: 4.024611434139608, User angle: 5.583209012893624, Offset angle: 0.2713025576636165
Target angle: 4.295913991803224, distance: 719.0081352350451, angle diff: 1.2872950210904, rotation direction: -1
Basic rotation angle: 0.0, rotation gain: 0.0006085227645155961
Rotation gain: 1.24, direction: -1, curvature radius: 2500000
{'type': 'running', 'physical': {'user_x': 1073.77115643681, 'user_y': 1176.6399135185704, 'user_direction': 5.663854174183947}, 'virtual': {'user_x': 1800.9561744119133, 'user_y': 9737.673498638713, 'user_direction': -1.2360503565330947}, 'user_v': 0, 'user_w': 0.1, 'delta_t': 0.02, 'need_reset': False}
Tangent angle: 4.024611434139608, User angle: 5.663854174183947, Offset angle: 0.2713025576636165
Target angle: 4.295913991803224, distance: 719.0081352350451, angle diff: 1.367940182380723, rotation direction: -1
Basic rotation angle: 0.0, rotation gain: 0.0005469270929169576
Rotation gain: 1.24, direction: -1, curvature radius: 2500000
{'type': 'running', 'physical': {'user_x': 1073.77115643681, 'user_y': 1176.6399135185704, 'user_direction': 5.74449933547427}, 'virtual': {'user_x': 1800.9561744119133, 'user_y': 9737.673498638713, 'user_direction': -1.1360503565330946}, 'user_v': 0, 'user_w': 0.1, 'delta_t': 0.02, 'need_reset': False}
Tangent angle: 4.024611434139608, User angle: 5.74449933547427, Offset angle: 0.2713025576636165
Target angle: 4.295913991803224, distance: 719.0081352350451, angle diff: 1.4485853436710459, rotation direction: -1
Basic rotation angle: 0.0, rotation gain: 0.0004930308802681488
Rotation gain: 1.24, direction: -1, curvature radius: 2500000
{'type': 'running', 'physical': {'user_x': 1073.77115643681, 'user_y': 1176.6399135185704, 'user_direction': 5.825144496764593}, 'virtual': {'user_x': 1800.9561744119133, 'user_y': 9737.673498638713, 'user_direction': -1.0360503565330945}, 'user_v': 0, 'user_w': 0.1, 'delta_t': 0.02, 'need_reset': False}
Tangent angle: 4.024611434139608, User angle: 5.825144496764593, Offset angle: 0.2713025576636165
Target angle: 4.295913991803224, distance: 719.0081352350451, angle diff: 1.5292305049613688, rotation direction: -1
Basic rotation angle: 0.0, rotation gain: 0.0004458716942004412
Rotation gain: 1.24, direction: -1, curvature radius: 2500000
{'type': 'running', 'physical': {'user_x': 1073.77115643681, 'user_y': 1176.6399135185704, 'user_direction': 5.905789658054916}, 'virtual': {'user_x': 1800.9561744119133, 'user_y': 9737.673498638713, 'user_direction': -0.9360503565330945}, 'user_v': 0, 'user_w': 0.1, 'delta_t': 0.02, 'need_reset': False}
Tangent angle: 4.024611434139608, User angle: 5.905789658054916, Offset angle: 0.2713025576636165
Target angle: 4.295913991803224, distance: 719.0081352350451, angle diff: 1.6098756662516918, rotation direction: -1
Basic rotation angle: 0.0, rotation gain: 0.00040460740639119703
Rotation gain: 1.24, direction: -1, curvature radius: 2500000
{'type': 'running', 'physical': {'user_x': 1073.77115643681, 'user_y': 1176.6399135185704, 'user_direction': 5.986434819345239}, 'virtual': {'user_x': 1800.9561744119133, 'user_y': 9737.673498638713, 'user_direction': -0.8133171635623605}, 'user_v': 7.999999999999999, 'user_w': 0, 'delta_t': 0.02, 'need_reset': False}
Tangent angle: 4.024611434139608, User angle: 5.986434819345239, Offset angle: 0.2713025576636165
Target angle: 4.295913991803224, distance: 719.0081352350451, angle diff: 1.6905208275420147, rotation direction: -1
Basic rotation angle: 1.693121693121693, rotation gain: 0.0007881216995666263
Rotation gain: 1.24, direction: -1, curvature radius: 7.5
{'type': 'running', 'physical': {'user_x': 1073.77115643681, 'user_y': 1176.6399135185704, 'user_direction': 6.067079980635562}, 'virtual': {'user_x': 1806.4529109308278, 'user_y': 9731.860935723644, 'user_direction': -0.8133171635623605}, 'user_v': 7.999999999999999, 'user_w': 0, 'delta_t': 0.02, 'need_reset': False}
Tangent angle: 4.024611434139608, User angle: 6.067079980635562, Offset angle: 0.2713025576636165
Target angle: 4.295913991803224, distance: 719.0081352350451, angle diff: 1.7711659888323377, rotation direction: -1
Basic rotation angle: 1.693121693121693, rotation gain: 0.001123696706095127
Rotation gain: 1.24, direction: -1, curvature radius: 7.5
{'type': 'running', 'physical': {'user_x': 1079.9424798393306, 'user_y': 1175.1475366471652, 'user_direction': 6.04591595947154}, 'virtual': {'user_x': 1811.9496474497423, 'user_y': 9726.048372808575, 'user_direction': -0.8133171635623585}, 'user_v': 7.999999999999999, 'user_w': 0, 'delta_t': 0.02, 'need_reset': False}
Tangent angle: 4.016981166566385, User angle: 6.04591595947154, Offset angle: 0.27026803162826707
Target angle: 4.287249198194652, distance: 721.8999050184372, angle diff: 1.7586667612768885, rotation direction: -1
Basic rotation angle: 1.693121693121693, rotation gain: 0.0014197070790345698
Rotation gain: 1.24, direction: -1, curvature radius: 7.5
{'type': 'running', 'physical': {'user_x': 1086.080838838972, 'user_y': 1173.524893723931, 'user_direction': 6.024751938307519}, 'virtual': {'user_x': 1817.4463839686568, 'user_y': 9720.235809893506, 'user_direction': -0.8133171635623565}, 'user_v': 7.999999999999999, 'user_w': 0, 'delta_t': 0.02, 'need_reset': False}
Tangent angle: 4.009329322776933, User angle: 6.024751938307519, Offset angle: 0.26926987667611535
Target angle: 4.278599199453049, distance: 724.7105529847382, angle diff: 1.7461527388544704, rotation direction: -1
Basic rotation angle: 1.693121693121693, rotation gain: 0.0016810839880144325
Rotation gain: 1.24, direction: -1, curvature radius: 7.5
{'type': 'running', 'physical': {'user_x': 1092.1834840704287, 'user_y': 1171.7727115291289, 'user_direction': 6.003587917143498}, 'virtual': {'user_x': 1822.9431204875716, 'user_y': 9714.423246978437, 'user_direction': -0.8133171635623542}, 'user_v': 7.999999999999999, 'user_w': 0, 'delta_t': 0.02, 'need_reset': False}
Tangent angle: 4.001656737896141, User angle: 6.003587917143498, Offset angle: 0.2683075020810658
Target angle: 4.269964239977207, distance: 727.4397677066318, angle diff: 1.7336236771662907, rotation direction: -1
Basic rotation angle: 1.693121693121693, rotation gain: 0.0019121421371074924
Rotation gain: 1.24, direction: -1, curvature radius: 7.5
{'type': 'running', 'physical': {'user_x': 1098.2476821645582, 'user_y': 1169.89177486354, 'user_direction': 5.982423895979476}, 'virtual': {'user_x': 1828.4398570064864, 'user_y': 9708.610684063367, 'user_direction': -0.8133171635623526}, 'user_v': 7.999999999999999, 'user_w': 0, 'delta_t': 0.02, 'need_reset': False}
Tangent angle: 3.993964227445416, User angle: 5.982423895979476, Offset angle: 0.26738034264281696
Target angle: 4.261344570088233, distance: 730.0872467311494, angle diff: 1.7210793258912434, rotation direction: -1
Basic rotation angle: 1.693121693121693, rotation gain: 0.0021166568233275244
Rotation gain: 1.24, direction: -1, curvature radius: 7.5
{'type': 'running', 'physical': {'user_x': 1104.2707169726557, 'user_y': 1167.882926196953, 'user_direction': 5.961259874815455}, 'virtual': {'user_x': 1833.9365935254011, 'user_y': 9702.798121148298, 'user_direction': -0.813317163562351}, 'user_v': 7.999999999999999, 'user_w': 0, 'delta_t': 0.02, 'need_reset': False}
Tangent angle: 3.9862525882786306, User angle: 5.961259874815455, Offset angle: 0.2664878578749197
Target angle: 4.252740446153551, distance: 732.6526966183433, angle diff: 1.708519428661904, rotation direction: -1
Basic rotation angle: 1.693121693121693, rotation gain: 0.0022979313628222124
Rotation gain: 1.24, direction: -1, curvature radius: 7.5
{'type': 'running', 'physical': {'user_x': 1110.2498907830136, 'user_y': 1165.7470652908235, 'user_direction': 5.940095853651433}, 'virtual': {'user_x': 1839.4333300443159, 'user_y': 9696.98555823323, 'user_direction': -0.8133171635623491}, 'user_v': 7.999999999999999, 'user_w': 0, 'delta_t': 0.02, 'need_reset': False}
Tangent angle: 3.9785225994812796, User angle: 5.940095853651433, Offset angle: 0.26562953123561994
Target angle: 4.244152130716899, distance: 735.1358329786793, angle diff: 1.6959437229345342, rotation direction: -1
Basic rotation angle: 1.693121693121693, rotation gain: 0.002458856088798639
Rotation gain: 1.24, direction: -1, curvature radius: 7.5
{'type': 'running', 'physical': {'user_x': 1116.182525529225, 'user_y': 1163.4851487952717, 'user_direction': 5.918931832487412}, 'virtual': {'user_x': 1844.9300665632306, 'user_y': 9691.17299531816, 'user_direction': -0.813317163562347}, 'user_v': 7.999999999999999, 'user_w': 0, 'delta_t': 0.02, 'need_reset': False}
Tangent angle: 3.970775023234972, User angle: 5.918931832487412, Offset angle: 0.26480486939948455
Target angle: 4.2355798926344566, distance: 737.536380509164, angle diff: 1.6833519398529555, rotation direction: -1
Basic rotation angle: 1.693121693121693, rotation gain: 0.002601959974714057
Rotation gain: 1.24, direction: -1, curvature radius: 7.5
{'type': 'running', 'physical': {'user_x': 1122.065963989686, 'user_y': 1161.0981898205991, 'user_direction': 5.897767811323391}, 'virtual': {'user_x': 1850.4268030821454, 'user_y': 9685.360432403091, 'user_direction': -0.8133171635623446}, 'user_v': 7.999999999999999, 'user_w': 0, 'delta_t': 0.02, 'need_reset': False}
Tangent angle: 3.9630106056492505, User angle: 5.897767811323391, Offset angle: 0.26401340156793407
Target angle: 4.227024007217184, distance: 739.8540730282109, angle diff: 1.6707438041062064, rotation direction: -1
Basic rotation angle: 1.693121693121693, rotation gain: 0.0027294558045730627
Rotation gain: 1.24, direction: -1, curvature radius: 7.5
{'type': 'running', 'physical': {'user_x': 1127.8975709777642, 'user_y': 1158.587257483518, 'user_direction': 5.876603790159369}, 'virtual': {'user_x': 1855.9235396010602, 'user_y': 9679.547869488022, 'user_direction': -0.8133171635623421}, 'user_v': 7.999999999999999, 'user_w': 0, 'delta_t': 0.02, 'need_reset': False}
Tangent angle: 3.955230077562634, User angle: 5.876603790159369, Offset angle: 0.26325467881692205
Target angle: 4.2184847563795556, distance: 742.0886535092566, angle diff: 1.6581190337798137, rotation direction: -1
Basic rotation angle: 1.693121693121693, rotation gain: 0.0028432796969421704
Rotation gain: 1.24, direction: -1, curvature radius: 7.5
{'type': 'running', 'physical': {'user_x': 1133.6747345220952, 'user_y': 1155.9534764282944, 'user_direction': 5.855439768995348}, 'virtual': {'user_x': 1861.420276119975, 'user_y': 9673.735306572953, 'user_direction': -0.8133171635623393}, 'user_v': 7.999999999999999, 'user_w': 0, 'delta_t': 0.02, 'need_reset': False}
Tangent angle: 3.947434155314678, User angle: 5.855439768995348, Offset angle: 0.2625282734801139
Target angle: 4.209962428794792, distance: 744.2398741131349, angle diff: 1.6454773402005562, rotation direction: -1
Basic rotation angle: 1.693121693121693, rotation gain: 0.0029451256884663966
Rotation gain: 1.24, direction: -1, curvature radius: 7.5
{'type': 'running', 'physical': {'user_x': 1139.3948670364828, 'user_y': 1153.1980263230216, 'user_direction': 5.8342757478313265}, 'virtual': {'user_x': 1866.9170126388897, 'user_y': 9667.922743657884, 'user_direction': -0.813317163562336}, 'user_v': 7.999999999999999, 'user_w': 0, 'delta_t': 0.02, 'need_reset': False}
Tangent angle: 3.9396235414907643, User angle: 5.8342757478313265, Offset angle: 0.26183377856601936
Target angle: 4.201457320056783, distance: 746.3074962192135, angle diff: 1.6328184277745432, rotation direction: -1
Basic rotation angle: 1.693121693121693, rotation gain: 0.003036475994449401
Rotation gain: 1.24, direction: -1, curvature radius: 7.5
{'type': 'running', 'physical': {'user_x': 1145.0554064788762, 'user_y': 1150.3221413312476, 'user_direction': 5.813111726667305}, 'virtual': {'user_x': 1872.4137491578044, 'user_y': 9662.110180742815, 'user_direction': -0.8133171635623324}, 'user_v': 7.999999999999999, 'user_w': 0, 'delta_t': 0.02, 'need_reset': False}
Tangent angle: 3.9317989256412296, User angle: 5.813111726667305, Offset angle: 0.2611708072076331
Target angle: 4.192969732848862, distance: 748.291290455303, angle diff: 1.620141993818443, rotation direction: -1
Basic rotation angle: 1.693121693121693, rotation gain: 0.0031186274868635322
Rotation gain: 1.24, direction: -1, curvature radius: 7.5
{'type': 'running', 'physical': {'user_x': 1150.6538174989062, 'user_y': 1147.3271095591945, 'user_direction': 5.791947705503284}, 'virtual': {'user_x': 1877.9104856767192, 'user_y': 9656.297617827746, 'user_direction': -0.8133171635623284}, 'user_v': 7.999999999999999, 'user_w': 0, 'delta_t': 0.02, 'need_reset': False}
Tangent angle: 3.9239609849763855, User angle: 5.791947705503284, Offset angle: 0.2605389921432294
Target angle: 4.184499977119615, distance: 750.1910367263403, angle diff: 1.6074477283836686, rotation direction: -1
Basic rotation angle: 1.693121693121693, rotation gain: 0.0031927148626103266
Rotation gain: 1.24, direction: -1, curvature radius: 7.5
{'type': 'running', 'physical': {'user_x': 1156.1875925734664, 'user_y': 1144.2142724788164, 'user_direction': 5.770783684339262}, 'virtual': {'user_x': 1883.407222195634, 'user_y': 9650.485054912677, 'user_direction': -0.8133171635623235}, 'user_v': 7.999999999999999, 'user_w': 0, 'delta_t': 0.02, 'need_reset': False}
Tangent angle: 3.9161103850388845, User angle: 5.770783684339262, Offset angle: 0.25993798522704425
Target angle: 4.176048370265929, distance: 752.006524241855, angle diff: 1.5947353140733336, rotation direction: -1
Basic rotation angle: 1.693121693121693, rotation gain: 0.0032597309157494357
Rotation gain: 1.24, direction: -1, curvature radius: 7.5
{'type': 'running', 'physical': {'user_x': 1161.6542531298307, 'user_y': 1140.9850243269561, 'user_direction': 5.749619663175241}, 'virtual': {'user_x': 1888.9039587145487, 'user_y': 9644.672491997608, 'user_direction': -0.8133171635623181}, 'user_v': 7.999999999999999, 'user_w': 0, 'delta_t': 0.02, 'need_reset': False}
Tangent angle: 3.9082477803548414, User angle: 5.749619663175241, Offset angle: 0.2593674569686617
Target angle: 4.167615237323503, distance: 753.7375515422231, angle diff: 1.5820044258517383, rotation direction: -1
Basic rotation angle: 1.693121693121693, rotation gain: 0.0033205442756992017
Rotation gain: 1.24, direction: -1, curvature radius: 7.5
{'type': 'running', 'physical': {'user_x': 1167.0513506558034, 'user_y': 1137.6408114808678, 'user_direction': 5.72845564201122}, 'virtual': {'user_x': 1894.4006952334637, 'user_y': 9638.859929082539, 'user_direction': -0.8133171635623115}, 'user_v': 7.999999999999999, 'user_w': 0, 'delta_t': 0.02, 'need_reset': False}
Tangent angle: 3.9003738150650333, User angle: 5.72845564201122, Offset angle: 0.2588270960999988
Target angle: 4.1592009111650325, distance: 755.3839265237094, angle diff: 1.569254730846187, rotation direction: -1
Basic rotation angle: 1.693121693121693, rotation gain: 0.003375914928161686
Rotation gain: 1.24, direction: -1, curvature radius: 7.5
{'type': 'running', 'physical': {'user_x': 1172.3764677964052, 'user_y': 1134.183131810385, 'user_direction': 5.707291620847198}, 'virtual': {'user_x': 1899.8974317523787, 'user_y': 9633.04736616747, 'user_direction': -0.8133171635623059}, 'user_v': 7.999999999999999, 'user_w': 0, 'delta_t': 0.02, 'need_reset': False}
Tangent angle: 3.8924891235374597, User angle: 5.707291620847198, Offset angle: 0.25831660916885857
Target angle: 4.150805732706318, distance: 756.9454664623076, angle diff: 1.5564858881408803, rotation direction: -1
Basic rotation angle: 1.693121693121693, rotation gain: 0.0034265077959308413
Rotation gain: 1.24, direction: -1, curvature radius: 7.5
{'type': 'running', 'physical': {'user_x': 1177.6272194366054, 'user_y': 1130.613534007027, 'user_direction': 5.686127599683177}, 'virtual': {'user_x': 1905.3941682712937, 'user_y': 9627.2348032524, 'user_direction': -0.8133171635622988}, 'user_v': 7.999999999999999, 'user_w': 0, 'delta_t': 0.02, 'need_reset': False}
Tangent angle: 3.8845943309624773, User angle: 5.686127599683177, Offset angle: 0.25783572015808853
Target angle: 4.142430051120566, distance: 758.4219980363774, angle diff: 1.5436975485626112, rotation direction: -1
Basic rotation angle: 1.693121693121693, rotation gain: 0.0034729046220976683
Rotation gain: 1.24, direction: -1, curvature radius: 7.5
{'type': 'running', 'physical': {'user_x': 1182.8012537696113, 'user_y': 1126.933616890341, 'user_direction': 5.664963578519155}, 'virtual': {'user_x': 1910.8909047902087, 'user_y': 9621.422240337331, 'user_direction': -0.8133171635622901}, 'user_v': 7.999999999999999, 'user_w': 0, 'delta_t': 0.02, 'need_reset': False}
Tangent angle: 3.876690053931675, User angle: 5.664963578519155, Offset angle: 0.2573841701294534
Target angle: 4.134074224061129, distance: 759.8133573480842, angle diff: 1.5308893544580267, rotation direction: -1
Basic rotation angle: 1.693121693121693, rotation gain: 0.003515614367851942
Rotation gain: 1.24, direction: -1, curvature radius: 7.5
{'type': 'running', 'physical': {'user_x': 1187.8962533502415, 'user_y': 1123.1450286917925, 'user_direction': 5.643799557355134}, 'virtual': {'user_x': 1916.3876413091236, 'user_y': 9615.609677422264, 'user_direction': -0.813317163562279}, 'user_v': 7.999999999999999, 'user_w': 0, 'delta_t': 0.02, 'need_reset': False}
Tangent angle: 3.868776901001616, User angle: 5.643799557355134, Offset angle: 0.2569617168913892
Target angle: 4.125738617893005, distance: 761.119389943646, angle diff: 1.5180609394621287, rotation direction: -1
Basic rotation angle: 1.693121693121693, rotation gain: 0.003555082310555133
Rotation gain: 1.24, direction: -1, curvature radius: 7.5
{'type': 'running', 'physical': {'user_x': 1192.9099361329065, 'user_y': 1119.2494663165237, 'user_direction': 5.622635536191113}, 'virtual': {'user_x': 1921.8843778280386, 'user_y': 9609.797114507195, 'user_direction': -0.8133171635622894}, 'user_v': 7.999999999999999, 'user_w': 0, 'delta_t': 0.02, 'need_reset': False}
Tangent angle: 3.8608554732435105, User angle: 5.622635536191113, Offset angle: 0.25656813468987105
Target angle: 4.1174236079333815, distance: 762.3399508323841, angle diff: 1.5052119282577312, rotation direction: -1
Basic rotation angle: 1.693121693121693, rotation gain: 0.003591698004549793
Rotation gain: 1.24, direction: -1, curvature radius: 7.5
{'type': 'running', 'physical': {'user_x': 1197.8400564937358, 'user_y': 1115.2486745833114, 'user_direction': 5.601471515027091}, 'virtual': {'user_x': 1927.3811143469538, 'user_y': 9603.984551592128, 'user_direction': -0.813317163562274}, 'user_v': 7.999999999999999, 'user_w': 0, 'delta_t': 0.02, 'need_reset': False}
Tangent angle: 3.8529263647798664, User angle: 5.601471515027091, Offset angle: 0.25620321392168166
Target angle: 4.109129578701548, distance: 763.4749045045897, angle diff: 1.492341936325543, rotation direction: -1
Basic rotation angle: 1.693121693121693, rotation gain: 0.0036258022468624784
Rotation gain: 1.24, direction: -1, curvature radius: 7.5
{'type': 'running', 'physical': {'user_x': 1197.8400564937358, 'user_y': 1115.2486745833114, 'user_direction': 5.601471515027091}, 'virtual': {'user_x': 1932.8778508658688, 'user_y': 9598.171988677059, 'user_direction': -0.8133171635622931}, 'user_v': 7.999999999999999, 'user_w': 0, 'delta_t': 0.02, 'need_reset': True}
{'type': 'running', 'physical': {'user_x': 1197.8400564937358, 'user_y': 1115.2486745833114, 'user_direction': 2.459878861437298}, 'virtual': {'user_x': 1938.374587384784, 'user_y': 9592.359425761992, 'user_direction': -0.813317163562269}, 'user_v': 7.999999999999999, 'user_w': 0, 'delta_t': 0.02, 'need_reset': False}
Tangent angle: 3.8529263647798664, User angle: 2.459878861437298, Offset angle: 0.25620321392168166
Target angle: 3.5967231508581854, distance: 763.4749045045897, angle diff: 1.1368442894208872, rotation direction: 1
Basic rotation angle: 1.693121693121693, rotation gain: 0.003761244593428843
Rotation gain: 1.24, direction: 1, curvature radius: 7.5
{'type': 'running', 'physical': {'user_x': 1192.8263737110708, 'user_y': 1119.1442369585802, 'user_direction': 2.4810428826013196}, 'virtual': {'user_x': 1943.871323903699, 'user_y': 9586.546862846923, 'user_direction': -0.8133171635623033}, 'user_v': 7.999999999999999, 'user_w': 0, 'delta_t': 0.02, 'need_reset': False}
Tangent angle: 3.860824877407889, User angle: 2.4810428826013196, Offset angle: 0.2566121452398396
Target angle: 3.6042127321680493, distance: 762.203285308273, angle diff: 1.1231698495667297, rotation direction: 1
Basic rotation angle: 1.693121693121693, rotation gain: 0.003878546225649499
Rotation gain: 1.24, direction: 1, curvature radius: 7.5
{'type': 'running', 'physical': {'user_x': 1187.7313741304406, 'user_y': 1122.9328251571287, 'user_direction': 2.502206903765341}, 'virtual': {'user_x': 1949.3680604226142, 'user_y': 9580.734299931855, 'user_direction': -0.8133171635622479}, 'user_v': 7.999999999999999, 'user_w': 0, 'delta_t': 0.02, 'need_reset': False}
Tangent angle: 3.8687147167933866, User angle: 2.502206903765341, Offset angle: 0.25704997838932103
Target angle: 3.611664738404066, distance: 760.8461787799635, angle diff: 1.1094578346387252, rotation direction: 1
Basic rotation angle: 1.693121693121693, rotation gain: 0.003979970457339202
Rotation gain: 1.24, direction: 1, curvature radius: 7.5
{'type': 'running', 'physical': {'user_x': 1182.5573397974347, 'user_y': 1126.6127422738148, 'user_direction': 2.5233709249293623}, 'virtual': {'user_x': 1950.5137874738139, 'user_y': 9579.522742756852, 'user_direction': -0.8133171635622479}, 'user_v': 0, 'user_w': 0.1, 'delta_t': 0.02, 'need_reset': False}
Tangent angle: 3.8765952740723275, User angle: 2.5233709249293623, Offset angle: 0.2575169473772109
Target angle: 3.619078326695117, distance: 759.4037361489678, angle diff: 1.0957074017657549, rotation direction: 1
Basic rotation angle: 0.0, rotation gain: 0.0035019749453173857
Rotation gain: 1.24, direction: 1, curvature radius: 2500000
{'type': 'running', 'physical': {'user_x': 1177.3065881572345, 'user_y': 1130.1823400771727, 'user_direction': 2.5445349460933837}, 'virtual': {'user_x': 1950.5137874738139, 'user_y': 9579.522742756852, 'user_direction': -0.9133171635622479}, 'user_v': 0, 'user_w': 0.1, 'delta_t': 0.02, 'need_reset': False}
Tangent angle: 3.8844659325439106, User angle: 2.5445349460933837, Offset angle: 0.258013302732175
Target angle: 3.6264526298117357, distance: 757.8761181482457, angle diff: 1.081917683718352, rotation direction: 1
Basic rotation angle: 0.0, rotation gain: 0.003083688129274981
Rotation gain: 1.24, direction: 1, curvature radius: 2500000
{'type': 'running', 'physical': {'user_x': 1177.3065881572345, 'user_y': 1130.1823400771727, 'user_direction': 2.625180107383706}, 'virtual': {'user_x': 1950.5137874738139, 'user_y': 9579.522742756852, 'user_direction': -1.013317163562248}, 'user_v': 0, 'user_w': 0.1, 'delta_t': 0.02, 'need_reset': False}
Tangent angle: 3.8844659325439106, User angle: 2.625180107383706, Offset angle: 0.258013302732175
Target angle: 3.6264526298117357, distance: 757.8761181482457, angle diff: 1.0012725224280294, rotation direction: 1
Basic rotation angle: 0.0, rotation gain: 0.002717687165237877
Rotation gain: 1.24, direction: 1, curvature radius: 2500000
{'type': 'running', 'physical': {'user_x': 1177.3065881572345, 'user_y': 1130.1823400771727, 'user_direction': 2.7058252686740287}, 'virtual': {'user_x': 1950.5137874738139, 'user_y': 9579.522742756852, 'user_direction': -1.113317163562248}, 'user_v': 0, 'user_w': 0.1, 'delta_t': 0.02, 'need_reset': False}
Tangent angle: 3.8844659325439106, User angle: 2.7058252686740287, Offset angle: 0.258013302732175
Target angle: 3.6264526298117357, distance: 757.8761181482457, angle diff: 0.9206273611377069, rotation direction: 1
Basic rotation angle: 0.0, rotation gain: 0.002397436321705411
Rotation gain: 1.24, direction: 1, curvature radius: 2500000
{'type': 'running', 'physical': {'user_x': 1177.3065881572345, 'user_y': 1130.1823400771727, 'user_direction': 2.7864704299643512}, 'virtual': {'user_x': 1950.5137874738139, 'user_y': 9579.522742756852, 'user_direction': -1.2133171635622482}, 'user_v': 0, 'user_w': 0.1, 'delta_t': 0.02, 'need_reset': False}
Tangent angle: 3.8844659325439106, User angle: 2.7864704299643512, Offset angle: 0.258013302732175
Target angle: 3.6264526298117357, distance: 757.8761181482457, angle diff: 0.8399821998473844, rotation direction: 1
Basic rotation angle: 0.0, rotation gain: 0.0021172168336145033
Rotation gain: 1.24, direction: 1, curvature radius: 2500000
{'type': 'running', 'physical': {'user_x': 1177.3065881572345, 'user_y': 1130.1823400771727, 'user_direction': 2.8671155912546737}, 'virtual': {'user_x': 1950.5137874738139, 'user_y': 9579.522742756852, 'user_direction': -1.3133171635622483}, 'user_v': 0, 'user_w': 0.1, 'delta_t': 0.02, 'need_reset': False}
Tangent angle: 3.8844659325439106, User angle: 2.8671155912546737, Offset angle: 0.258013302732175
Target angle: 3.6264526298117357, distance: 757.8761181482457, angle diff: 0.7593370385570619, rotation direction: 1
Basic rotation angle: 0.0, rotation gain: 0.0018720247815349588
Rotation gain: 1.24, direction: 1, curvature radius: 2500000
{'type': 'running', 'physical': {'user_x': 1177.3065881572345, 'user_y': 1130.1823400771727, 'user_direction': 2.9477607525449963}, 'virtual': {'user_x': 1950.5137874738139, 'user_y': 9579.522742756852, 'user_direction': -1.4133171635622483}, 'user_v': 0, 'user_w': 0.1, 'delta_t': 0.02, 'need_reset': False}
Tangent angle: 3.8844659325439106, User angle: 2.9477607525449963, Offset angle: 0.258013302732175
Target angle: 3.6264526298117357, distance: 757.8761181482457, angle diff: 0.6786918772667394, rotation direction: 1
Basic rotation angle: 0.0, rotation gain: 0.0016574817359653576
Rotation gain: 1.24, direction: 1, curvature radius: 2500000
{'type': 'running', 'physical': {'user_x': 1177.3065881572345, 'user_y': 1130.1823400771727, 'user_direction': 3.0284059138353188}, 'virtual': {'user_x': 1950.5137874738139, 'user_y': 9579.522742756852, 'user_direction': -1.5133171635622484}, 'user_v': 0, 'user_w': 0.1, 'delta_t': 0.02, 'need_reset': False}
Tangent angle: 3.8844659325439106, User angle: 3.0284059138353188, Offset angle: 0.258013302732175
Target angle: 3.6264526298117357, distance: 757.8761181482457, angle diff: 0.5980467159764169, rotation direction: 1
Basic rotation angle: 0.0, rotation gain: 0.0014697565710919565
Rotation gain: 1.24, direction: 1, curvature radius: 2500000
{'type': 'running', 'physical': {'user_x': 1177.3065881572345, 'user_y': 1130.1823400771727, 'user_direction': 3.1090510751256413}, 'virtual': {'user_x': 1950.5137874738139, 'user_y': 9579.522742756852, 'user_direction': -1.6133171635622485}, 'user_v': 0, 'user_w': 0.1, 'delta_t': 0.02, 'need_reset': False}
Tangent angle: 3.8844659325439106, User angle: 3.1090510751256413, Offset angle: 0.258013302732175
Target angle: 3.6264526298117357, distance: 757.8761181482457, angle diff: 0.5174015546860944, rotation direction: 1
Basic rotation angle: 0.0, rotation gain: 0.0013054970518277306
Rotation gain: 1.24, direction: 1, curvature radius: 2500000
{'type': 'running', 'physical': {'user_x': 1177.3065881572345, 'user_y': 1130.1823400771727, 'user_direction': 3.189696236415964}, 'virtual': {'user_x': 1950.5137874738139, 'user_y': 9579.522742756852, 'user_direction': -1.7133171635622486}, 'user_v': 0, 'user_w': 0.1, 'delta_t': 0.02, 'need_reset': False}
Tangent angle: 3.8844659325439106, User angle: 3.189696236415964, Offset angle: 0.258013302732175
Target angle: 3.6264526298117357, distance: 757.8761181482457, angle diff: 0.4367563933957719, rotation direction: 1
Basic rotation angle: 0.0, rotation gain: 0.0011617699724715328
Rotation gain: 1.24, direction: 1, curvature radius: 2500000
{'type': 'running', 'physical': {'user_x': 1177.3065881572345, 'user_y': 1130.1823400771727, 'user_direction': 3.2703413977062863}, 'virtual': {'user_x': 1950.5137874738139, 'user_y': 9579.522742756852, 'user_direction': -1.8133171635622487}, 'user_v': 0, 'user_w': 0.1, 'delta_t': 0.02, 'need_reset': False}
Tangent angle: 3.8844659325439106, User angle: 3.2703413977062863, Offset angle: 0.258013302732175
Target angle: 3.6264526298117357, distance: 757.8761181482457, angle diff: 0.35611123210544937, rotation direction: 1
Basic rotation angle: 0.0, rotation gain: 0.0010360087780348598
Rotation gain: 1.24, direction: 1, curvature radius: 2500000
{'type': 'running', 'physical': {'user_x': 1177.3065881572345, 'user_y': 1130.1823400771727, 'user_direction': 3.350986558996609}, 'virtual': {'user_x': 1950.5137874738139, 'user_y': 9579.522742756852, 'user_direction': -1.9133171635622488}, 'user_v': 0, 'user_w': 0.1, 'delta_t': 0.02, 'need_reset': False}
Tangent angle: 3.8844659325439106, User angle: 3.350986558996609, Offset angle: 0.258013302732175
Target angle: 3.6264526298117357, distance: 757.8761181482457, angle diff: 0.27546607081512686, rotation direction: 1
Basic rotation angle: 0.0, rotation gain: 0.0009259677329027708
Rotation gain: 1.24, direction: 1, curvature radius: 2500000
{'type': 'running', 'physical': {'user_x': 1177.3065881572345, 'user_y': 1130.1823400771727, 'user_direction': 3.4316317202869313}, 'virtual': {'user_x': 1950.5137874738139, 'user_y': 9579.522742756852, 'user_direction': -2.013317163562249}, 'user_v': 0, 'user_w': 0.1, 'delta_t': 0.02, 'need_reset': False}
Tangent angle: 3.8844659325439106, User angle: 3.4316317202869313, Offset angle: 0.258013302732175
Target angle: 3.6264526298117357, distance: 757.8761181482457, angle diff: 0.19482090952480435, rotation direction: 1
Basic rotation angle: 0.0, rotation gain: 0.0008296818184121929
Rotation gain: 1.24, direction: 1, curvature radius: 2500000
{'type': 'running', 'physical': {'user_x': 1177.3065881572345, 'user_y': 1130.1823400771727, 'user_direction': 3.512276881577254}, 'virtual': {'user_x': 1950.5137874738139, 'user_y': 9579.522742756852, 'user_direction': -2.113317163562249}, 'user_v': 0, 'user_w': 0.1, 'delta_t': 0.02, 'need_reset': False}
Tangent angle: 3.8844659325439106, User angle: 3.512276881577254, Offset angle: 0.258013302732175
Target angle: 3.6264526298117357, distance: 757.8761181482457, angle diff: 0.11417574823448184, rotation direction: 1
Basic rotation angle: 0.0, rotation gain: 0.0007454316432329374
Rotation gain: 1.24, direction: 1, curvature radius: 2500000
{'type': 'running', 'physical': {'user_x': 1177.3065881572345, 'user_y': 1130.1823400771727, 'user_direction': 3.5929220428675763}, 'virtual': {'user_x': 1950.5137874738139, 'user_y': 9579.522742756852, 'user_direction': -2.213317163562249}, 'user_v': 0, 'user_w': 0.1, 'delta_t': 0.02, 'need_reset': False}
Tangent angle: 3.8844659325439106, User angle: 3.5929220428675763, Offset angle: 0.258013302732175
Target angle: 3.6264526298117357, distance: 757.8761181482457, angle diff: 0.033530586944159335, rotation direction: 1
Basic rotation angle: 0.0, rotation gain: 0.0006717127399510888
Rotation gain: 1.24, direction: 1, curvature radius: 2500000
{'type': 'running', 'physical': {'user_x': 1177.3065881572345, 'user_y': 1130.1823400771727, 'user_direction': 3.673567204157899}, 'virtual': {'user_x': 1950.5137874738139, 'user_y': 9579.522742756852, 'user_direction': -2.313317163562249}, 'user_v': 0, 'user_w': 0.1, 'delta_t': 0.02, 'need_reset': False}
Tangent angle: 3.8844659325439106, User angle: 3.673567204157899, Offset angle: 0.258013302732175
Target angle: 3.6264526298117357, distance: 757.8761181482457, angle diff: 0.047114574346163174, rotation direction: -1
Basic rotation angle: 0.0, rotation gain: 0.0006072086995794712
Rotation gain: 1.24, direction: -1, curvature radius: 2500000
{'type': 'running', 'physical': {'user_x': 1177.3065881572345, 'user_y': 1130.1823400771727, 'user_direction': 3.7542123654482213}, 'virtual': {'user_x': 1950.5137874738139, 'user_y': 9579.522742756852, 'user_direction': -2.491279154087634}, 'user_v': 7.999999999999999, 'user_w': 0, 'delta_t': 0.02, 'need_reset': False}
Tangent angle: 3.8844659325439106, User angle: 3.7542123654482213, Offset angle: 0.258013302732175
Target angle: 3.6264526298117357, distance: 757.8761181482457, angle diff: 0.12775973563648568, rotation direction: -1
Basic rotation angle: 1.693121693121693, rotation gain: 0.0011151091758000945
Rotation gain: 1.24, direction: -1, curvature radius: 7.5
{'type': 'running', 'physical': {'user_x': 1177.3065881572345, 'user_y': 1130.1823400771727, 'user_direction': 3.834857526738544}, 'virtual': {'user_x': 1944.1466352034545, 'user_y': 9574.679255173914, 'user_direction': -2.491279154087634}, 'user_v': 7.999999999999999, 'user_w': 0, 'delta_t': 0.02, 'need_reset': False}
Tangent angle: 3.8844659325439106, User angle: 3.834857526738544, Offset angle: 0.258013302732175
Target angle: 3.6264526298117357, distance: 757.8761181482457, angle diff: 0.2084048969268082, rotation direction: -1
Basic rotation angle: 1.693121693121693, rotation gain: 0.0015595220924931401
Rotation gain: 1.24, direction: -1, curvature radius: 7.5
{'type': 'running', 'physical': {'user_x': 1172.338236808229, 'user_y': 1126.2291254184881, 'user_direction': 3.8136935055745225}, 'virtual': {'user_x': 1937.779482933095, 'user_y': 9569.835767590977, 'user_direction': -2.4912791540876373}, 'user_v': 7.999999999999999, 'user_w': 0, 'delta_t': 0.02, 'need_reset': False}
Tangent angle: 3.885043399388618, User angle: 3.8136935055745225, Offset angle: 0.2601635255032559
Target angle: 3.6248798738853623, distance: 751.3242640507889, angle diff: 0.1888136316891602, rotation direction: -1
Basic rotation angle: 1.693121693121693, rotation gain: 0.0019486449223245538
Rotation gain: 1.24, direction: -1, curvature radius: 7.5
{'type': 'running', 'physical': {'user_x': 1167.2873384462443, 'user_y': 1122.3819385239244, 'user_direction': 3.792529484410501}, 'virtual': {'user_x': 1931.4123306627357, 'user_y': 9564.992280008042, 'user_direction': -2.491279154087641}, 'user_v': 7.999999999999999, 'user_w': 0, 'delta_t': 0.02, 'need_reset': False}
Tangent angle: 3.885804003532458, User angle: 3.792529484410501, Offset angle: 0.2623463754678735
Target angle: 3.6234576280645854, distance: 744.7803797479072, angle diff: 0.1690718563459157, rotation direction: -1
Basic rotation angle: 1.693121693121693, rotation gain: 0.0022893635048005455
Rotation gain: 1.24, direction: -1, curvature radius: 7.5
{'type': 'running', 'physical': {'user_x': 1162.1561553639747, 'user_y': 1118.6425025449255, 'user_direction': 3.7713654632464797}, 'virtual': {'user_x': 1925.0451783923763, 'user_y': 9560.148792425105, 'user_direction': -2.491279154087637}, 'user_v': 7.999999999999999, 'user_w': 0, 'delta_t': 0.02, 'need_reset': False}
Tangent angle: 3.886751902340285, User angle: 3.7713654632464797, Offset angle: 0.2645614868676328
Target angle: 3.6221904154726516, distance: 738.2476471074378, angle diff: 0.14917504777382806, rotation direction: -1
Basic rotation angle: 1.693121693121693, rotation gain: 0.0025877023188110334
Rotation gain: 1.24, direction: -1, curvature radius: 7.5
{'type': 'running', 'physical': {'user_x': 1156.9469858135662, 'user_y': 1115.0124923714, 'user_direction': 3.7502014420824583}, 'virtual': {'user_x': 1918.678026122017, 'user_y': 9555.30530484217, 'user_direction': -2.491279154087641}, 'user_v': 7.999999999999999, 'user_w': 0, 'delta_t': 0.02, 'need_reset': False}
Tangent angle: 3.8878912776270806, User angle: 3.7502014420824583, Offset angle: 0.26680841370992453
Target angle: 3.621082863917156, distance: 731.7293299475006, angle diff: 0.12911857816530237, rotation direction: -1
Basic rotation angle: 1.693121693121693, rotation gain: 0.0028489321266399158
Rotation gain: 1.24, direction: -1, curvature radius: 7.5
{'type': 'running', 'physical': {'user_x': 1151.662162977232, 'user_y': 1111.4935338815396, 'user_direction': 3.729037420918437}, 'virtual': {'user_x': 1912.3108738516576, 'user_y': 9550.461817259233, 'user_direction': -2.491279154087637}, 'user_v': 7.999999999999999, 'user_w': 0, 'delta_t': 0.02, 'need_reset': False}
Tangent angle: 3.889226327916743, User angle: 3.729037420918437, Offset angle: 0.26908662339561124
Target angle: 3.620139704521131, distance: 725.2287758103257, angle diff: 0.10889771639730572, rotation direction: -1
Basic rotation angle: 1.693121693121693, rotation gain: 0.0030776641614551413
Rotation gain: 1.24, direction: -1, curvature radius: 7.5
{'type': 'running', 'physical': {'user_x': 1146.304053922221, 'user_y': 1108.08720321359, 'user_direction': 3.7078733997544155}, 'virtual': {'user_x': 1905.9437215812982, 'user_y': 9545.618329676297, 'user_direction': -2.4912791540876413}, 'user_v': 7.999999999999999, 'user_w': 0, 'delta_t': 0.02, 'need_reset': False}
Tangent angle: 3.8907612598042833, User angle: 3.7078733997544155, Offset angle: 0.2713954900465501
Target angle: 3.6193657697577333, distance: 718.7494176702066, angle diff: 0.08850762999668227, rotation direction: -1
Basic rotation angle: 1.693121693121693, rotation gain: 0.0032779325403546437
Rotation gain: 1.24, direction: -1, curvature radius: 7.5
{'type': 'running', 'physical': {'user_x': 1140.8750585406128, 'user_y': 1104.7950260599002, 'user_direction': 3.686709378590394}, 'virtual': {'user_x': 1899.5765693109388, 'user_y': 9540.77484209336, 'user_direction': -2.491279154087637}, 'user_v': 7.999999999999999, 'user_w': 0, 'delta_t': 0.02, 'need_reset': False}
Tangent angle: 3.8925002783608043, User angle: 3.686709378590394, Offset angle: 0.2737342875418973
Target angle: 3.6187659908189076, distance: 712.2947755572314, angle diff: 0.06794338777148656, rotation direction: -1
Basic rotation angle: 1.693121693121693, rotation gain: 0.0034532663747939077
Rotation gain: 1.24, direction: -1, curvature radius: 7.5
{'type': 'running', 'physical': {'user_x': 1135.377608474406, 'user_y': 1101.6184769835652, 'user_direction': 3.6655453574263728}, 'virtual': {'user_x': 1893.2094170405794, 'user_y': 9535.931354510425, 'user_direction': -2.491279154087642}, 'user_v': 7.999999999999999, 'user_w': 0, 'delta_t': 0.02, 'need_reset': False}
Tangent angle: 3.894447576520059, User angle: 3.6655453574263728, Offset angle: 0.276102182276777
Target angle: 3.6183453942432813, distance: 705.8684580763514, angle diff: 0.0471999631830915, rotation direction: -1
Basic rotation angle: 1.693121693121693, rotation gain: 0.003606752866253371
Rotation gain: 1.24, direction: -1, curvature radius: 7.5
{'type': 'running', 'physical': {'user_x': 1129.8141660263896, 'user_y': 1098.5589787579718, 'user_direction': 3.6443813362623514}, 'virtual': {'user_x': 1886.84226477022, 'user_y': 9531.087866927488, 'user_direction': -2.4912791540876364}, 'user_v': 7.999999999999999, 'user_w': 0, 'delta_t': 0.02, 'need_reset': False}
Tangent angle: 3.8966073233854828, User angle: 3.6443813362623514, Offset angle: 0.27849822566223636
Target angle: 3.618109097723247, distance: 699.4741637990858, angle diff: 0.026272238539104542, rotation direction: -1
Basic rotation angle: 1.693121693121693, rotation gain: 0.003741092514033848
Rotation gain: 1.24, direction: -1, curvature radius: 7.5
{'type': 'running', 'physical': {'user_x': 1124.1872230572785, 'user_y': 1095.6179017295392, 'user_direction': 3.62321731509833}, 'virtual': {'user_x': 1880.4751124998606, 'user_y': 9526.244379344553, 'user_direction': -2.4912791540876422}, 'user_v': 7.999999999999999, 'user_w': 0, 'delta_t': 0.02, 'need_reset': False}
Tangent angle: 3.89898365139742, User angle: 3.62321731509833, Offset angle: 0.2809213463914862
Target angle: 3.6180623050059335, distance: 693.1156825027783, angle diff: 0.005155010092396495, rotation direction: -1
Basic rotation angle: 1.693121693121693, rotation gain: 0.0038586474212211445
Rotation gain: 1.24, direction: -1, curvature radius: 7.5
{'type': 'running', 'physical': {'user_x': 1118.4992998696127, 'user_y': 1092.7965632039422, 'user_direction': 3.6020532939343086}, 'virtual': {'user_x': 1874.1079602295013, 'user_y': 9521.400891761616, 'user_direction': -2.4912791540876364}, 'user_v': 7.999999999999999, 'user_w': 0, 'delta_t': 0.02, 'need_reset': False}
Tangent angle: 3.9015806423020667, User angle: 3.6020532939343086, Offset angle: 0.2833703425042927
Target angle: 3.6182102997977736, distance: 686.7968962298065, angle diff: 0.016157005863465024, rotation direction: 1
Basic rotation angle: 1.693121693121693, rotation gain: 0.003961483561621811
Rotation gain: 1.24, direction: 1, curvature radius: 7.5
{'type': 'running', 'physical': {'user_x': 1112.8723569005017, 'user_y': 1089.8554861755097, 'user_direction': 3.62321731509833}, 'virtual': {'user_x': 1867.7408079591419, 'user_y': 9516.55740417868, 'user_direction': -2.4912791540876427}, 'user_v': 7.999999999999999, 'user_w': 0, 'delta_t': 0.02, 'need_reset': False}
Tangent angle: 3.904040592109825, User angle: 3.62321731509833, Offset angle: 0.285877012516283
Target angle: 3.618163579593542, distance: 680.4384261701573, angle diff: 0.005053735504787937, rotation direction: -1
Basic rotation angle: 1.693121693121693, rotation gain: 0.004051472888771269
Rotation gain: 1.24, direction: -1, curvature radius: 7.5
{'type': 'running', 'physical': {'user_x': 1107.184433712836, 'user_y': 1087.0341476499127, 'user_direction': 3.6020532939343086}, 'virtual': {'user_x': 1861.3736556887825, 'user_y': 9511.713916595743, 'user_direction': -2.491279154087636}, 'user_v': 7.999999999999999, 'user_w': 0, 'delta_t': 0.02, 'need_reset': False}
Tangent angle: 3.906726130653368, User angle: 3.6020532939343086, Offset angle: 0.2884108194012334
Target angle: 3.6183153112521342, distance: 674.1203978353474, angle diff: 0.016262017317825617, rotation direction: 1
Basic rotation angle: 1.693121693121693, rotation gain: 0.004130188527555926
Rotation gain: 1.24, direction: 1, curvature radius: 7.5
{'type': 'running', 'physical': {'user_x': 1101.5574907437249, 'user_y': 1084.0930706214801, 'user_direction': 3.62321731509833}, 'virtual': {'user_x': 1855.006503418423, 'user_y': 9506.870429012808, 'user_direction': -2.491279154087643}, 'user_v': 7.999999999999999, 'user_w': 0, 'delta_t': 0.02, 'need_reset': False}
Tangent angle: 3.9092739977702236, User angle: 3.62321731509833, Offset angle: 0.2910052951818807
Target angle: 3.6182687025883418, distance: 667.7619467631223, angle diff: 0.004948612509988237, rotation direction: -1
Basic rotation angle: 1.693121693121693, rotation gain: 0.004199072398304713
Rotation gain: 1.24, direction: -1, curvature radius: 7.5
{'type': 'running', 'physical': {'user_x': 1095.869567556059, 'user_y': 1081.2717320958832, 'user_direction': 3.6020532939343086}, 'virtual': {'user_x': 1848.6393511480637, 'user_y': 9502.026941429871, 'user_direction': -2.4912791540876356}, 'user_v': 7.999999999999999, 'user_w': 0, 'delta_t': 0.02, 'need_reset': False}
Tangent angle: 3.9120525991349773, User angle: 3.6020532939343086, Offset angle: 0.29362824803228
Target angle: 3.6184243511026963, distance: 661.4447128391039, angle diff: 0.016371057168387715, rotation direction: 1
Basic rotation angle: 1.693121693121693, rotation gain: 0.004259320113713845
Rotation gain: 1.24, direction: 1, curvature radius: 7.5
{'type': 'running', 'physical': {'user_x': 1090.242624586948, 'user_y': 1078.3306550674506, 'user_direction': 3.62321731509833}, 'virtual': {'user_x': 1842.2721988777043, 'user_y': 9497.183453846936, 'user_direction': -2.4912791540876444}, 'user_v': 7.999999999999999, 'user_w': 0, 'delta_t': 0.02, 'need_reset': False}
Tangent angle: 3.9146929668885373, User angle: 3.62321731509833, Offset angle: 0.2963150694906841
Target angle: 3.6183778973978526, distance: 655.0862893841968, angle diff: 0.004839417700477355, rotation direction: -1
Basic rotation angle: 1.693121693121693, rotation gain: 0.0043120445268913215
Rotation gain: 1.24, direction: -1, curvature radius: 7.5
{'type': 'running', 'physical': {'user_x': 1084.5547013992823, 'user_y': 1075.5093165418537, 'user_direction': 3.6020532939343086}, 'virtual': {'user_x': 1835.905046607345, 'user_y': 9492.339966263999, 'user_direction': -2.491279154087635}, 'user_v': 7.999999999999999, 'user_w': 0, 'delta_t': 0.02, 'need_reset': False}
Tangent angle: 3.9175694481436825, User angle: 3.6020532939343086, Offset angle: 0.299031792676117
Target angle: 3.6185376554675663, distance: 648.769888917672, angle diff: 0.01648436153325772, rotation direction: 1
Basic rotation angle: 1.693121693121693, rotation gain: 0.004358152035835879
Rotation gain: 1.24, direction: 1, curvature radius: 7.5
{'type': 'running', 'physical': {'user_x': 1078.9277584301713, 'user_y': 1072.568239513421, 'user_direction': 3.62321731509833}, 'virtual': {'user_x': 1829.5378943369856, 'user_y': 9487.496478681063, 'user_direction': -2.4912791540876458}, 'user_v': 7.999999999999999, 'user_w': 0, 'delta_t': 0.02, 'need_reset': False}
Tangent angle: 3.9203072111331645, User angle: 3.62321731509833, Offset angle: 0.30181580608635
Target angle: 3.6184914050468144, distance: 642.4115026925986, angle diff: 0.004725910051515569, rotation direction: -1
Basic rotation angle: 1.693121693121693, rotation gain: 0.004398503735797709
Rotation gain: 1.24, direction: -1, curvature radius: 7.5
{'type': 'running', 'physical': {'user_x': 1073.2398352425055, 'user_y': 1069.7469009878241, 'user_direction': 3.6020532939343086}, 'virtual': {'user_x': 1823.1707420666262, 'user_y': 9482.652991098126, 'user_direction': -2.4912791540876342}, 'user_v': 7.999999999999999, 'user_w': 0, 'delta_t': 0.02, 'need_reset': False}
Tangent angle: 3.9232867158098994, User angle: 3.6020532939343086, Offset angle: 0.3046312365425061
Target angle: 3.6186554792673924, distance: 636.0959775442841, angle diff: 0.016602185333083774, rotation direction: 1
Basic rotation angle: 1.693121693121693, rotation gain: 0.004433784405202755
Rotation gain: 1.24, direction: 1, curvature radius: 7.5
{'type': 'running', 'physical': {'user_x': 1067.6128922733944, 'user_y': 1066.8058239593915, 'user_direction': 3.62321731509833}, 'virtual': {'user_x': 1816.8035897962668, 'user_y': 9477.809503515191, 'user_direction': -2.491279154087648}, 'user_v': 7.999999999999999, 'user_w': 0, 'delta_t': 0.02, 'need_reset': False}
Tangent angle: 3.9261271055704086, User angle: 3.62321731509833, Offset angle: 0.3075176196234539
Target angle: 3.618609485946955, distance: 629.7376392615386, angle diff: 0.004607829151375142, rotation direction: -1
Basic rotation angle: 1.693121693121693, rotation gain: 0.004464662579159663
Rotation gain: 1.24, direction: -1, curvature radius: 7.5
{'type': 'running', 'physical': {'user_x': 1061.9249690857287, 'user_y': 1063.9844854337946, 'user_direction': 3.6020532939343086}, 'virtual': {'user_x': 1810.4364375259074, 'user_y': 9472.966015932254, 'user_direction': -2.491279154087633}, 'user_v': 7.999999999999999, 'user_w': 0, 'delta_t': 0.02, 'need_reset': False}
Tangent angle: 3.9292151305434726, User angle: 3.6020532939343086, Offset angle: 0.3104370324103823
Target angle: 3.61877809813309, distance: 623.4230343740232, angle diff: 0.016724804198781307, rotation direction: 1
Basic rotation angle: 1.693121693121693, rotation gain: 0.004491653160905121
Rotation gain: 1.24, direction: 1, curvature radius: 7.5
{'type': 'running', 'physical': {'user_x': 1056.2980261166176, 'user_y': 1061.043408405362, 'user_direction': 3.62321731509833}, 'virtual': {'user_x': 1804.069285255548, 'user_y': 9468.122528349319, 'user_direction': -2.491279154087653}, 'user_v': 7.999999999999999, 'user_w': 0, 'delta_t': 0.02, 'need_reset': False}
Tangent angle: 3.9321637436452903, User angle: 3.62321731509833, Offset angle: 0.31343132176104144
Target angle: 3.61873242188425, distance: 617.0647559794311, angle diff: 0.004484893214080188, rotation direction: -1
Basic rotation angle: 1.693121693121693, rotation gain: 0.004515277456885883
Rotation gain: 1.24, direction: -1, curvature radius: 7.5
{'type': 'running', 'physical': {'user_x': 1050.6101029289518, 'user_y': 1058.222069879765, 'user_direction': 3.6020532939343086}, 'virtual': {'user_x': 1797.7021329851887, 'user_y': 9463.279040766382, 'user_direction': -2.491279154087629}, 'user_v': 7.999999999999999, 'user_w': 0, 'delta_t': 0.02, 'need_reset': False}
Tangent angle: 3.935366168557534, User angle: 3.6020532939343086, Offset angle: 0.3164603580071767
Target angle: 3.6189058105503573, distance: 610.7511196768589, angle diff: 0.016852516616048696, rotation direction: 1
Basic rotation angle: 1.693121693121693, rotation gain: 0.004535920103275762
Rotation gain: 1.24, direction: 1, curvature radius: 7.5
{'type': 'running', 'physical': {'user_x': 1044.9831599598408, 'user_y': 1055.2809928513325, 'user_direction': 3.62321731509833}, 'virtual': {'user_x': 1791.334980714829, 'user_y': 9458.435553183446, 'user_direction': -2.4912791540876658}, 'user_v': 7.999999999999999, 'user_w': 0, 'delta_t': 0.02, 'need_reset': False}
Tangent angle: 3.9384289973925832, User angle: 3.62321731509833, Offset angle: 0.31956847913711034
Target angle: 3.618860518255474, distance: 604.3929145014362, angle diff: 0.00435679684285617, rotation direction: -1
Basic rotation angle: 1.693121693121693, rotation gain: 0.004553989893537266
Rotation gain: 1.24, direction: -1, curvature radius: 7.5
{'type': 'running', 'physical': {'user_x': 1039.295236772175, 'user_y': 1052.4596543257355, 'user_direction': 3.6020532939343086}, 'virtual': {'user_x': 1784.96782844447, 'user_y': 9453.59206560051, 'user_direction': -2.4912791540875996}, 'user_v': 7.999999999999999, 'user_w': 0, 'delta_t': 0.02, 'need_reset': False}
Tangent angle: 3.9417521168838974, User angle: 3.6020532939343086, Offset angle: 0.32271317660786114
Target angle: 3.6190389402760363, distance: 598.080298825572, angle diff: 0.016985646341727723, rotation direction: 1
Basic rotation angle: 1.693121693121693, rotation gain: 0.004569771512504798
Rotation gain: 1.24, direction: 1, curvature radius: 7.5
{'type': 'running', 'physical': {'user_x': 1033.668293803064, 'user_y': 1049.518577297303, 'user_direction': 3.62321731509833}, 'virtual': {'user_x': 1783.6819363592508, 'user_y': 9452.613888531187, 'user_direction': -2.4912791540875996}, 'user_v': 0, 'user_w': 0.1, 'delta_t': 0.02, 'need_reset': False}
Tangent angle: 3.9449355834179802, User angle: 3.62321731509833, Offset angle: 0.3259414768266977
Target angle: 3.6189941065912823, distance: 591.7221817588487, angle diff: 0.0042232085070477154, rotation direction: -1
Basic rotation angle: 0.0, rotation gain: 0.004018051331966751
Rotation gain: 1.24, direction: -1, curvature radius: 2500000
{'type': 'running', 'physical': {'user_x': 1027.9803706153982, 'user_y': 1046.697238771706, 'user_direction': 3.6020532939343086}, 'virtual': {'user_x': 1783.6819363592508, 'user_y': 9452.613888531187, 'user_direction': -2.5912791540875997}, 'user_v': 0, 'user_w': 0.1, 'delta_t': 0.02, 'need_reset': False}
Tangent angle: 3.9483861424466884, User angle: 3.6020532939343086, Offset angle: 0.3292083033793924
Target angle: 3.619177839067296, distance: 585.4106428468483, angle diff: 0.017124545132987556, rotation direction: 1
Basic rotation angle: 0.0, rotation gain: 0.0035352951630424722
Rotation gain: 1.24, direction: 1, curvature radius: 2500000
{'type': 'running', 'physical': {'user_x': 1027.9803706153982, 'user_y': 1046.697238771706, 'user_direction': 3.682698455224631}, 'virtual': {'user_x': 1783.6819363592508, 'user_y': 9452.613888531187, 'user_direction': -2.6912791540875998}, 'user_v': 0, 'user_w': 0.1, 'delta_t': 0.02, 'need_reset': False}
Tangent angle: 3.9483861424466884, User angle: 3.682698455224631, Offset angle: 0.3292083033793924
Target angle: 3.619177839067296, distance: 585.4106428468483, angle diff: 0.06352061615733495, rotation direction: -1
Basic rotation angle: 0.0, rotation gain: 0.0031128835152337284
Rotation gain: 1.24, direction: -1, curvature radius: 2500000
{'type': 'running', 'physical': {'user_x': 1027.9803706153982, 'user_y': 1046.697238771706, 'user_direction': 3.7633436165149536}, 'virtual': {'user_x': 1783.6819363592508, 'user_y': 9452.613888531187, 'user_direction': -2.7912791540876}, 'user_v': 0, 'user_w': 0.1, 'delta_t': 0.02, 'need_reset': False}
Tangent angle: 3.9483861424466884, User angle: 3.7633436165149536, Offset angle: 0.3292083033793924
Target angle: 3.619177839067296, distance: 585.4106428468483, angle diff: 0.14416577744765746, rotation direction: -1
Basic rotation angle: 0.0, rotation gain: 0.0027432733234010777
Rotation gain: 1.24, direction: -1, curvature radius: 2500000
{'type': 'running', 'physical': {'user_x': 1027.9803706153982, 'user_y': 1046.697238771706, 'user_direction': 3.843988777805276}, 'virtual': {'user_x': 1783.6819363592508, 'user_y': 9452.613888531187, 'user_direction': -2.8912791540876}, 'user_v': 0, 'user_w': 0.1, 'delta_t': 0.02, 'need_reset': False}
Tangent angle: 3.9483861424466884, User angle: 3.843988777805276, Offset angle: 0.3292083033793924
Target angle: 3.619177839067296, distance: 585.4106428468483, angle diff: 0.22481093873797997, rotation direction: -1
Basic rotation angle: 0.0, rotation gain: 0.002419864405547508
Rotation gain: 1.24, direction: -1, curvature radius: 2500000
{'type': 'running', 'physical': {'user_x': 1027.9803706153982, 'user_y': 1046.697238771706, 'user_direction': 3.9246339390955987}, 'virtual': {'user_x': 1783.6819363592508, 'user_y': 9452.613888531187, 'user_direction': -2.9912791540876}, 'user_v': 0, 'user_w': 0.1, 'delta_t': 0.02, 'need_reset': False}
Tangent angle: 3.9483861424466884, User angle: 3.9246339390955987, Offset angle: 0.3292083033793924
Target angle: 3.619177839067296, distance: 585.4106428468483, angle diff: 0.3054561000283025, rotation direction: -1
Basic rotation angle: 0.0, rotation gain: 0.0021368816024256347
Rotation gain: 1.24, direction: -1, curvature radius: 2500000
{'type': 'running', 'physical': {'user_x': 1027.9803706153982, 'user_y': 1046.697238771706, 'user_direction': 4.005279100385922}, 'virtual': {'user_x': 1783.6819363592508, 'user_y': 9452.613888531187, 'user_direction': -3.0912791540876}, 'user_v': 0, 'user_w': 0.1, 'delta_t': 0.02, 'need_reset': False}
Tangent angle: 3.9483861424466884, User angle: 4.005279100385922, Offset angle: 0.3292083033793924
Target angle: 4.277594445826081, distance: 585.4106428468483, angle diff: 0.272315345440159, rotation direction: 1
Basic rotation angle: 0.0, rotation gain: 0.0018844085574764198
Rotation gain: 1.24, direction: 1, curvature radius: 2500000
{'type': 'running', 'physical': {'user_x': 1027.9803706153982, 'user_y': 1046.697238771706, 'user_direction': 4.085924261676245}, 'virtual': {'user_x': 1783.6819363592508, 'user_y': 9452.613888531187, 'user_direction': 3.091906153091986}, 'user_v': 0, 'user_w': 0.1, 'delta_t': 0.02, 'need_reset': False}
Tangent angle: 3.9483861424466884, User angle: 4.085924261676245, Offset angle: 0.3292083033793924
Target angle: 4.277594445826081, distance: 585.4106428468483, angle diff: 0.19167018414983605, rotation direction: 1
Basic rotation angle: 0.0, rotation gain: 0.0016634946431458566
Rotation gain: 1.24, direction: 1, curvature radius: 2500000
{'type': 'running', 'physical': {'user_x': 1027.9803706153982, 'user_y': 1046.697238771706, 'user_direction': 4.1665694229665675}, 'virtual': {'user_x': 1783.6819363592508, 'user_y': 9452.613888531187, 'user_direction': 2.991906153091986}, 'user_v': 0, 'user_w': 0.1, 'delta_t': 0.02, 'need_reset': False}
Tangent angle: 3.9483861424466884, User angle: 4.1665694229665675, Offset angle: 0.3292083033793924
Target angle: 4.277594445826081, distance: 585.4106428468483, angle diff: 0.1110250228595131, rotation direction: 1
Basic rotation angle: 0.0, rotation gain: 0.0014701949681066137
Rotation gain: 1.24, direction: 1, curvature radius: 2500000
{'type': 'running', 'physical': {'user_x': 1027.9803706153982, 'user_y': 1046.697238771706, 'user_direction': 4.2472145842568905}, 'virtual': {'user_x': 1783.6819363592508, 'user_y': 9452.613888531187, 'user_direction': 2.813382652850591}, 'user_v': 7.999999999999999, 'user_w': 0, 'delta_t': 0.02, 'need_reset': False}
Tangent angle: 3.9483861424466884, User angle: 4.2472145842568905, Offset angle: 0.3292083033793924
Target angle: 4.277594445826081, distance: 585.4106428468483, angle diff: 0.030379861569190147, rotation direction: 1
Basic rotation angle: 1.693121693121693, rotation gain: 0.0017255352577129634
Rotation gain: 1.24, direction: 1, curvature radius: 7.5
{'type': 'running', 'physical': {'user_x': 1027.9803706153982, 'user_y': 1046.697238771706, 'user_direction': 4.327859745547213}, 'virtual': {'user_x': 1776.1089694440952, 'user_y': 9455.192681291755, 'user_direction': 2.813382652850591}, 'user_v': 7.999999999999999, 'user_w': 0, 'delta_t': 0.02, 'need_reset': False}
Tangent angle: 3.9483861424466884, User angle: 4.327859745547213, Offset angle: 0.3292083033793924
Target angle: 4.277594445826081, distance: 585.4106428468483, angle diff: 0.050265299721132806, rotation direction: -1
Basic rotation angle: 1.693121693121693, rotation gain: 0.0019489580111185193
Rotation gain: 1.24, direction: -1, curvature radius: 7.5
{'type': 'running', 'physical': {'user_x': 1025.4746192573723, 'user_y': 1040.8634037211966, 'user_direction': 4.306695724383192}, 'virtual': {'user_x': 1768.5360025289397, 'user_y': 9457.771474052324, 'user_direction': 2.8133826528505996}, 'user_v': 7.999999999999999, 'user_w': 0, 'delta_t': 0.02, 'need_reset': False}
Tangent angle: 3.944751974695011, User angle: 4.306695724383192, Offset angle: 0.33252344988241017
Target angle: 4.277275424577422, distance: 579.1279585487517, angle diff: 0.029420299805770433, rotation direction: -1
Basic rotation angle: 1.693121693121693, rotation gain: 0.002144540005730466
Rotation gain: 1.24, direction: -1, curvature radius: 7.5
{'type': 'running', 'physical': {'user_x': 1022.8459708696857, 'user_y': 1035.0839029712429, 'user_direction': 4.285531703219171}, 'virtual': {'user_x': 1760.963035613784, 'user_y': 9460.350266812893, 'user_direction': 2.81338265285061}, 'user_v': 7.999999999999999, 'user_w': 0, 'delta_t': 0.02, 'need_reset': False}
Tangent angle: 3.9412543396077973, User angle: 4.285531703219171, Offset angle: 0.3359295673225028
Target angle: 4.2771839069303, distance: 572.7972745268756, angle diff: 0.008347796288870946, rotation direction: -1
Basic rotation angle: 1.693121693121693, rotation gain: 0.002315699230594888
Rotation gain: 1.24, direction: -1, curvature radius: 7.5
{'type': 'running', 'physical': {'user_x': 1020.0956028215148, 'user_y': 1029.3613251548736, 'user_direction': 4.264367682055149}, 'virtual': {'user_x': 1753.3900686986283, 'user_y': 9462.92905957346, 'user_direction': 2.8133826528506223}, 'user_v': 7.999999999999999, 'user_w': 0, 'delta_t': 0.02, 'need_reset': False}
Tangent angle: 3.937898203311737, User angle: 4.264367682055149, Offset angle: 0.33942935777057903
Target angle: 4.277327561082316, distance: 566.4198646311064, angle diff: 0.012959879027166998, rotation direction: 1
Basic rotation angle: 1.693121693121693, rotation gain: 0.002465424341685624
Rotation gain: 1.24, direction: 1, curvature radius: 7.5
{'type': 'running', 'physical': {'user_x': 1017.4669544338283, 'user_y': 1023.58182440492, 'user_direction': 4.285531703219171}, 'virtual': {'user_x': 1745.8171017834727, 'user_y': 9465.507852334029, 'user_direction': 2.8133826528506076}, 'user_v': 7.999999999999999, 'user_w': 0, 'delta_t': 0.02, 'need_reset': False}
Tangent angle: 3.9342612183992984, User angle: 4.285531703219171, Offset angle: 0.3429733395569775
Target angle: 4.277234557956276, distance: 560.0894750041787, angle diff: 0.008297145262894823, rotation direction: -1
Basic rotation angle: 1.693121693121693, rotation gain: 0.0025964591995920505
Rotation gain: 1.24, direction: -1, curvature radius: 7.5
{'type': 'running', 'physical': {'user_x': 1014.7165863856574, 'user_y': 1017.8592465885506, 'user_direction': 4.264367682055149}, 'virtual': {'user_x': 1738.244134868317, 'user_y': 9468.086645094596, 'user_direction': 2.813382652850624}, 'user_v': 7.999999999999999, 'user_w': 0, 'delta_t': 0.02, 'need_reset': False}
Tangent angle: 3.9307654224384736, User angle: 4.264367682055149, Offset angle: 0.34661666731035307
Target angle: 4.277382089748826, distance: 553.7112938914318, angle diff: 0.013014407693677121, rotation direction: 1
Basic rotation angle: 1.693121693121693, rotation gain: 0.0027110744301072198
Rotation gain: 1.24, direction: 1, curvature radius: 7.5
{'type': 'running', 'physical': {'user_x': 1012.0879379979708, 'user_y': 1012.079745838597, 'user_direction': 4.285531703219171}, 'virtual': {'user_x': 1730.6711679531613, 'user_y': 9470.665437855165, 'user_direction': 2.8133826528506045}, 'user_v': 7.999999999999999, 'user_w': 0, 'delta_t': 0.02, 'need_reset': False}
Tangent angle: 3.9269808770690253, User angle: 4.285531703219171, Offset angle: 0.3503066827656462
Target angle: 4.277287559834671, distance: 547.3812068146129, angle diff: 0.008244143384499303, rotation direction: -1
Basic rotation angle: 1.693121693121693, rotation gain: 0.0028113885599613006
Rotation gain: 1.24, direction: -1, curvature radius: 7.5
{'type': 'running', 'physical': {'user_x': 1009.3375699497999, 'user_y': 1006.3571680222276, 'user_direction': 4.264367682055149}, 'virtual': {'user_x': 1723.0982010380055, 'user_y': 9473.244230615732, 'user_direction': 2.8133826528506276}, 'user_v': 7.999999999999999, 'user_w': 0, 'delta_t': 0.02, 'need_reset': False}
Tangent angle: 3.923337013026338, User angle: 4.264367682055149, Offset angle: 0.35410216613159073
Target angle: 4.277439179157929, distance: 541.0022127269465, angle diff: 0.013071497102779439, rotation direction: 1
Basic rotation angle: 1.693121693121693, rotation gain: 0.002899122036541988
Rotation gain: 1.24, direction: 1, curvature radius: 7.5
{'type': 'running', 'physical': {'user_x': 1006.7089215621133, 'user_y': 1000.577667272274, 'user_direction': 4.285531703219171}, 'virtual': {'user_x': 1715.52523412285, 'user_y': 9475.8230233763, 'user_direction': 2.8133826528505974}, 'user_v': 7.999999999999999, 'user_w': 0, 'delta_t': 0.02, 'need_reset': False}
Tangent angle: 3.9193960712175606, User angle: 4.285531703219171, Offset angle: 0.35794700897508436
Target angle: 4.277343080192645, distance: 534.6724365399004, angle diff: 0.00818862302652601, rotation direction: -1
Basic rotation angle: 1.693121693121693, rotation gain: 0.002975915060747923
Rotation gain: 1.24, direction: -1, curvature radius: 7.5
{'type': 'running', 'physical': {'user_x': 1003.9585535139424, 'user_y': 994.8550894559046, 'user_direction': 4.264367682055149}, 'virtual': {'user_x': 1707.9522672076941, 'user_y': 9478.401816136868, 'user_direction': 2.813382652850637}, 'user_v': 7.999999999999999, 'user_w': 0, 'delta_t': 0.02, 'need_reset': False}
Tangent angle: 3.9155950802373996, User angle: 4.264367682055149, Offset angle: 0.36190393388240455
Target angle: 4.277499014119804, distance: 528.292584299938, angle diff: 0.013131332064654444, rotation direction: 1
Basic rotation angle: 1.693121693121693, rotation gain: 0.0030430663908931014
Rotation gain: 1.24, direction: 1, curvature radius: 7.5
{'type': 'running', 'physical': {'user_x': 1001.3299051262559, 'user_y': 989.075588705951, 'user_direction': 4.285531703219171}, 'virtual': {'user_x': 1700.3793002925386, 'user_y': 9480.980608897436, 'user_direction': 2.8133826528505685}, 'user_v': 7.999999999999999, 'user_w': 0, 'delta_t': 0.02, 'need_reset': False}
Tangent angle: 3.911488223944421, User angle: 4.285531703219171, Offset angle: 0.36591307904541015
Target angle: 4.277401302989832, distance: 521.9631275057002, angle diff: 0.008130400229338974, rotation direction: -1
Basic rotation angle: 1.693121693121693, rotation gain: 0.003101850477843077
Rotation gain: 1.24, direction: -1, curvature radius: 7.5
{'type': 'running', 'physical': {'user_x': 998.579537078085, 'user_y': 983.3530108895816, 'user_direction': 4.264367682055149}, 'virtual': {'user_x': 1697.8091978671755, 'user_y': 9481.855795809342, 'user_direction': 2.8133826528505685}, 'user_v': 0, 'user_w': 0.1, 'delta_t': 0.02, 'need_reset': False}
Tangent angle: 3.9075203370127696, User angle: 4.264367682055149, Offset angle: 0.37004146066321375
Target angle: 4.277561797675983, distance: 515.5823681386789, angle diff: 0.013194115620834168, rotation direction: 1
Basic rotation angle: 0.0, rotation gain: 0.0027287566205611916
Rotation gain: 1.24, direction: 1, curvature radius: 2500000
{'type': 'running', 'physical': {'user_x': 995.9508886903984, 'user_y': 977.573510139628, 'user_direction': 4.285531703219171}, 'virtual': {'user_x': 1697.8091978671755, 'user_y': 9481.855795809342, 'user_direction': 2.9133826528505686}, 'user_v': 0, 'user_w': 0.1, 'delta_t': 0.02, 'need_reset': False}
Tangent angle: 3.9032373037222885, User angle: 4.285531703219171, Offset angle: 0.3742251268358747
Target angle: 4.277462430558163, distance: 509.25323937494596, angle diff: 0.008069272661007432, rotation direction: -1
Basic rotation angle: 0.0, rotation gain: 0.00240230039963881
Rotation gain: 1.24, direction: -1, curvature radius: 2500000
{'type': 'running', 'physical': {'user_x': 995.9508886903984, 'user_y': 977.573510139628, 'user_direction': 4.366176864509494}, 'virtual': {'user_x': 1697.8091978671755, 'user_y': 9481.855795809342, 'user_direction': 3.0133826528505687}, 'user_v': 0, 'user_w': 0.1, 'delta_t': 0.02, 'need_reset': False}
Tangent angle: 3.9032373037222885, User angle: 4.366176864509494, Offset angle: 0.3742251268358747
Target angle: 4.277462430558163, distance: 509.25323937494596, angle diff: 0.08871443395133038, rotation direction: -1
Basic rotation angle: 0.0, rotation gain: 0.002116651206331726
Rotation gain: 1.24, direction: -1, curvature radius: 2500000
{'type': 'running', 'physical': {'user_x': 995.9508886903984, 'user_y': 977.573510139628, 'user_direction': 4.446822025799817}, 'virtual': {'user_x': 1697.8091978671755, 'user_y': 9481.855795809342, 'user_direction': 3.113382652850569}, 'user_v': 0, 'user_w': 0.1, 'delta_t': 0.02, 'need_reset': False}
Tangent angle: 3.9032373037222885, User angle: 4.446822025799817, Offset angle: 0.3742251268358747
Target angle: 4.277462430558163, distance: 509.25323937494596, angle diff: 0.16935959524165334, rotation direction: -1
Basic rotation angle: 0.0, rotation gain: 0.001866708162188027
Rotation gain: 1.24, direction: -1, curvature radius: 2500000
{'type': 'running', 'physical': {'user_x': 995.9508886903984, 'user_y': 977.573510139628, 'user_direction': 4.5274671870901395}, 'virtual': {'user_x': 1697.8091978671755, 'user_y': 9481.855795809342, 'user_direction': -3.0698026543290173}, 'user_v': 0, 'user_w': 0.1, 'delta_t': 0.02, 'need_reset': False}
Tangent angle: 3.9032373037222885, User angle: 4.5274671870901395, Offset angle: 0.3742251268358747
Target angle: 4.277462430558163, distance: 509.25323937494596, angle diff: 0.2500047565319763, rotation direction: -1
Basic rotation angle: 0.0, rotation gain: 0.0016480079985622907
Rotation gain: 1.24, direction: -1, curvature radius: 2500000
{'type': 'running', 'physical': {'user_x': 995.9508886903984, 'user_y': 977.573510139628, 'user_direction': 4.6081123483804625}, 'virtual': {'user_x': 1697.8091978671755, 'user_y': 9481.855795809342, 'user_direction': -2.9698026543290172}, 'user_v': 0, 'user_w': 0.1, 'delta_t': 0.02, 'need_reset': False}
Tangent angle: 3.9032373037222885, User angle: 4.6081123483804625, Offset angle: 0.3742251268358747
Target angle: 4.277462430558163, distance: 509.25323937494596, angle diff: 0.33064991782229924, rotation direction: -1
Basic rotation angle: 0.0, rotation gain: 0.0014566453553897715
Rotation gain: 1.24, direction: -1, curvature radius: 2500000
{'type': 'running', 'physical': {'user_x': 995.9508886903984, 'user_y': 977.573510139628, 'user_direction': 4.688757509670785}, 'virtual': {'user_x': 1697.8091978671755, 'user_y': 9481.855795809342, 'user_direction': -2.869802654329017}, 'user_v': 0, 'user_w': 0.1, 'delta_t': 0.02, 'need_reset': False}
Tangent angle: 3.9032373037222885, User angle: 4.688757509670785, Offset angle: 0.3742251268358747
Target angle: 4.277462430558163, distance: 509.25323937494596, angle diff: 0.4112950791126222, rotation direction: -1
Basic rotation angle: 0.0, rotation gain: 0.0012892030426138173
Rotation gain: 1.24, direction: -1, curvature radius: 2500000
{'type': 'running', 'physical': {'user_x': 995.9508886903984, 'user_y': 977.573510139628, 'user_direction': 4.769402670961108}, 'virtual': {'user_x': 1697.8091978671755, 'user_y': 9481.855795809342, 'user_direction': -2.769802654329017}, 'user_v': 0, 'user_w': 0.1, 'delta_t': 0.02, 'need_reset': False}
Tangent angle: 3.9032373037222885, User angle: 4.769402670961108, Offset angle: 0.3742251268358747
Target angle: 4.277462430558163, distance: 509.25323937494596, angle diff: 0.49194024040294515, rotation direction: -1
Basic rotation angle: 0.0, rotation gain: 0.001142691018934857
Rotation gain: 1.24, direction: -1, curvature radius: 2500000
{'type': 'running', 'physical': {'user_x': 995.9508886903984, 'user_y': 977.573510139628, 'user_direction': 4.850047832251431}, 'virtual': {'user_x': 1697.8091978671755, 'user_y': 9481.855795809342, 'user_direction': -2.669802654329017}, 'user_v': 0, 'user_w': 0.1, 'delta_t': 0.02, 'need_reset': False}
Tangent angle: 3.9032373037222885, User angle: 4.850047832251431, Offset angle: 0.3742251268358747
Target angle: 4.277462430558163, distance: 509.25323937494596, angle diff: 0.5725854016932681, rotation direction: -1
Basic rotation angle: 0.0, rotation gain: 0.001014492998215767
Rotation gain: 1.24, direction: -1, curvature radius: 2500000
{'type': 'running', 'physical': {'user_x': 995.9508886903984, 'user_y': 977.573510139628, 'user_direction': 4.930692993541754}, 'virtual': {'user_x': 1697.8091978671755, 'user_y': 9481.855795809342, 'user_direction': -2.569802654329017}, 'user_v': 0, 'user_w': 0.1, 'delta_t': 0.02, 'need_reset': False}
Tangent angle: 3.9032373037222885, User angle: 4.930692993541754, Offset angle: 0.3742251268358747
Target angle: 4.277462430558163, distance: 509.25323937494596, angle diff: 0.6532305629835911, rotation direction: -1
Basic rotation angle: 0.0, rotation gain: 0.0009023197300865632
Rotation gain: 1.24, direction: -1, curvature radius: 2500000
{'type': 'running', 'physical': {'user_x': 995.9508886903984, 'user_y': 977.573510139628, 'user_direction': 5.011338154832077}, 'virtual': {'user_x': 1697.8091978671755, 'user_y': 9481.855795809342, 'user_direction': -2.469802654329017}, 'user_v': 0, 'user_w': 0.1, 'delta_t': 0.02, 'need_reset': False}
Tangent angle: 3.9032373037222885, User angle: 5.011338154832077, Offset angle: 0.3742251268358747
Target angle: 4.277462430558163, distance: 509.25323937494596, angle diff: 0.733875724273914, rotation direction: -1
Basic rotation angle: 0.0, rotation gain: 0.0008041681204735099
Rotation gain: 1.24, direction: -1, curvature radius: 2500000
{'type': 'running', 'physical': {'user_x': 995.9508886903984, 'user_y': 977.573510139628, 'user_direction': 5.0919833161224}, 'virtual': {'user_x': 1697.8091978671755, 'user_y': 9481.855795809342, 'user_direction': -2.3698026543290167}, 'user_v': 0, 'user_w': 0.1, 'delta_t': 0.02, 'need_reset': False}
Tangent angle: 3.9032373037222885, User angle: 5.0919833161224, Offset angle: 0.3742251268358747
Target angle: 4.277462430558163, distance: 509.25323937494596, angle diff: 0.814520885564237, rotation direction: -1
Basic rotation angle: 0.0, rotation gain: 0.0007182854620620883
Rotation gain: 1.24, direction: -1, curvature radius: 2500000
{'type': 'running', 'physical': {'user_x': 995.9508886903984, 'user_y': 977.573510139628, 'user_direction': 5.172628477412723}, 'virtual': {'user_x': 1697.8091978671755, 'user_y': 9481.855795809342, 'user_direction': -2.2698026543290166}, 'user_v': 0, 'user_w': 0.1, 'delta_t': 0.02, 'need_reset': False}
Tangent angle: 3.9032373037222885, User angle: 5.172628477412723, Offset angle: 0.3742251268358747
Target angle: 4.277462430558163, distance: 509.25323937494596, angle diff: 0.8951660468545599, rotation direction: -1
Basic rotation angle: 0.0, rotation gain: 0.0006431381359520943
Rotation gain: 1.24, direction: -1, curvature radius: 2500000
{'type': 'running', 'physical': {'user_x': 995.9508886903984, 'user_y': 977.573510139628, 'user_direction': 5.253273638703046}, 'virtual': {'user_x': 1697.8091978671755, 'user_y': 9481.855795809342, 'user_direction': -2.1698026543290165}, 'user_v': 0, 'user_w': 0.1, 'delta_t': 0.02, 'need_reset': False}
Tangent angle: 3.9032373037222885, User angle: 5.253273638703046, Offset angle: 0.3742251268358747
Target angle: 4.277462430558163, distance: 509.25323937494596, angle diff: 0.9758112081448829, rotation direction: -1
Basic rotation angle: 0.0, rotation gain: 0.0005773842256058496
Rotation gain: 1.24, direction: -1, curvature radius: 2500000
{'type': 'running', 'physical': {'user_x': 995.9508886903984, 'user_y': 977.573510139628, 'user_direction': 5.333918799993369}, 'virtual': {'user_x': 1697.8091978671755, 'user_y': 9481.855795809342, 'user_direction': -2.0698026543290164}, 'user_v': 0, 'user_w': 0.1, 'delta_t': 0.02, 'need_reset': False}
Tangent angle: 3.9032373037222885, User angle: 5.333918799993369, Offset angle: 0.3742251268358747
Target angle: 4.277462430558163, distance: 509.25323937494596, angle diff: 1.0564563694352058, rotation direction: -1
Basic rotation angle: 0.0, rotation gain: 0.0005198495540528855
Rotation gain: 1.24, direction: -1, curvature radius: 2500000
{'type': 'running', 'physical': {'user_x': 995.9508886903984, 'user_y': 977.573510139628, 'user_direction': 5.414563961283692}, 'virtual': {'user_x': 1697.8091978671755, 'user_y': 9481.855795809342, 'user_direction': -1.9698026543290164}, 'user_v': 0, 'user_w': 0.1, 'delta_t': 0.02, 'need_reset': False}
Tangent angle: 3.9032373037222885, User angle: 5.414563961283692, Offset angle: 0.3742251268358747
Target angle: 4.277462430558163, distance: 509.25323937494596, angle diff: 1.1371015307255288, rotation direction: -1
Basic rotation angle: 0.0, rotation gain: 0.0004695067164440419
Rotation gain: 1.24, direction: -1, curvature radius: 2500000
{'type': 'running', 'physical': {'user_x': 995.9508886903984, 'user_y': 977.573510139628, 'user_direction': 5.495209122574015}, 'virtual': {'user_x': 1697.8091978671755, 'user_y': 9481.855795809342, 'user_direction': -1.8698026543290163}, 'user_v': 0, 'user_w': 0.1, 'delta_t': 0.02, 'need_reset': False}
Tangent angle: 3.9032373037222885, User angle: 5.495209122574015, Offset angle: 0.3742251268358747
Target angle: 4.277462430558163, distance: 509.25323937494596, angle diff: 1.2177466920158517, rotation direction: -1
Basic rotation angle: 0.0, rotation gain: 0.0004254567335363038
Rotation gain: 1.24, direction: -1, curvature radius: 2500000
{'type': 'running', 'physical': {'user_x': 995.9508886903984, 'user_y': 977.573510139628, 'user_direction': 5.575854283864338}, 'virtual': {'user_x': 1697.8091978671755, 'user_y': 9481.855795809342, 'user_direction': -1.7698026543290162}, 'user_v': 0, 'user_w': 0.1, 'delta_t': 0.02, 'need_reset': False}
Tangent angle: 3.9032373037222885, User angle: 5.575854283864338, Offset angle: 0.3742251268358747
Target angle: 4.277462430558163, distance: 509.25323937494596, angle diff: 1.2983918533061747, rotation direction: -1
Basic rotation angle: 0.0, rotation gain: 0.0003869129984920329
Rotation gain: 1.24, direction: -1, curvature radius: 2500000
{'type': 'running', 'physical': {'user_x': 995.9508886903984, 'user_y': 977.573510139628, 'user_direction': 5.656499445154661}, 'virtual': {'user_x': 1697.8091978671755, 'user_y': 9481.855795809342, 'user_direction': -1.669802654329016}, 'user_v': 0, 'user_w': 0.1, 'delta_t': 0.02, 'need_reset': False}
Tangent angle: 3.9032373037222885, User angle: 5.656499445154661, Offset angle: 0.3742251268358747
Target angle: 4.277462430558163, distance: 509.25323937494596, angle diff: 1.3790370145964976, rotation direction: -1
Basic rotation angle: 0.0, rotation gain: 0.0003531872303282959
Rotation gain: 1.24, direction: -1, curvature radius: 2500000
{'type': 'running', 'physical': {'user_x': 995.9508886903984, 'user_y': 977.573510139628, 'user_direction': 5.737144606444984}, 'virtual': {'user_x': 1697.8091978671755, 'user_y': 9481.855795809342, 'user_direction': -1.569802654329016}, 'user_v': 0, 'user_w': 0.1, 'delta_t': 0.02, 'need_reset': False}
Tangent angle: 3.9032373037222885, User angle: 5.737144606444984, Offset angle: 0.3742251268358747
Target angle: 4.277462430558163, distance: 509.25323937494596, angle diff: 1.4596821758868206, rotation direction: -1
Basic rotation angle: 0.0, rotation gain: 0.00032367718318502604
Rotation gain: 1.24, direction: -1, curvature radius: 2500000
{'type': 'running', 'physical': {'user_x': 995.9508886903984, 'user_y': 977.573510139628, 'user_direction': 5.817789767735307}, 'virtual': {'user_x': 1697.8091978671755, 'user_y': 9481.855795809342, 'user_direction': -1.469802654329016}, 'user_v': 0, 'user_w': 0.1, 'delta_t': 0.02, 'need_reset': False}
Tangent angle: 3.9032373037222885, User angle: 5.817789767735307, Offset angle: 0.3742251268358747
Target angle: 4.277462430558163, distance: 509.25323937494596, angle diff: 1.5403273371771435, rotation direction: -1
Basic rotation angle: 0.0, rotation gain: 0.00029785589193466493
Rotation gain: 1.24, direction: -1, curvature radius: 2500000
{'type': 'running', 'physical': {'user_x': 995.9508886903984, 'user_y': 977.573510139628, 'user_direction': 5.89843492902563}, 'virtual': {'user_x': 1697.8091978671755, 'user_y': 9481.855795809342, 'user_direction': -1.2710782519058188}, 'user_v': 7.999999999999999, 'user_w': 0, 'delta_t': 0.02, 'need_reset': False}
Tangent angle: 3.9032373037222885, User angle: 5.89843492902563, Offset angle: 0.3742251268358747
Target angle: 4.277462430558163, distance: 509.25323937494596, angle diff: 1.6209724984674665, rotation direction: -1
Basic rotation angle: 1.693121693121693, rotation gain: 0.0006997746048758453
Rotation gain: 1.24, direction: -1, curvature radius: 7.5
{'type': 'running', 'physical': {'user_x': 995.9508886903984, 'user_y': 977.573510139628, 'user_direction': 5.979080090315953}, 'virtual': {'user_x': 1700.1712047597755, 'user_y': 9474.212437683538, 'user_direction': -1.2710782519058188}, 'user_v': 7.999999999999999, 'user_w': 0, 'delta_t': 0.02, 'need_reset': False}
Tangent angle: 3.9032373037222885, User angle: 5.979080090315953, Offset angle: 0.3742251268358747
Target angle: 4.277462430558163, distance: 509.25323937494596, angle diff: 1.7016176597577894, rotation direction: -1
Basic rotation angle: 1.693121693121693, rotation gain: 0.0010514534786993783
Rotation gain: 1.24, direction: -1, curvature radius: 7.5
{'type': 'running', 'physical': {'user_x': 1001.9671726396108, 'user_y': 975.5445328831632, 'user_direction': 5.957916069151931}, 'virtual': {'user_x': 1702.5332116523755, 'user_y': 9466.569079557734, 'user_direction': -1.27107825190582}, 'user_v': 7.999999999999999, 'user_w': 0, 'delta_t': 0.02, 'need_reset': False}
Tangent angle: 3.8930202993568535, User angle: 5.957916069151931, Offset angle: 0.37209673881919464
Target angle: 4.265117038176048, distance: 512.4561484247369, angle diff: 1.6927990309758831, rotation direction: -1
Basic rotation angle: 1.693121693121693, rotation gain: 0.0013625319298545928
Rotation gain: 1.24, direction: -1, curvature radius: 7.5
{'type': 'running', 'physical': {'user_x': 1007.9391711328346, 'user_y': 973.3886907595991, 'user_direction': 5.93675204798791}, 'virtual': {'user_x': 1704.8952185449755, 'user_y': 9458.92572143193, 'user_direction': -1.2710782519058212}, 'user_v': 7.999999999999999, 'user_w': 0, 'delta_t': 0.02, 'need_reset': False}
Tangent angle: 3.8827993985942024, User angle: 5.93675204798791, Offset angle: 0.3700361947320156
Target angle: 4.252835593326218, distance: 515.5904205197297, angle diff: 1.6839164546616923, rotation direction: -1
Basic rotation angle: 1.693121693121693, rotation gain: 0.0016380464364085794
Rotation gain: 1.24, direction: -1, curvature radius: 7.5
{'type': 'running', 'physical': {'user_x': 1013.8642093174807, 'user_y': 971.1069493686241, 'user_direction': 5.9155880268238885}, 'virtual': {'user_x': 1707.2572254375755, 'user_y': 9451.282363306125, 'user_direction': -1.2710782519058228}, 'user_v': 7.999999999999999, 'user_w': 0, 'delta_t': 0.02, 'need_reset': False}
Tangent angle: 3.872574743005347, User angle: 5.9155880268238885, Offset angle: 0.36804182627110504
Target angle: 4.240616569276452, distance: 518.6559086944542, angle diff: 1.6749714575474366, rotation direction: -1
Basic rotation angle: 1.693121693121693, rotation gain: 0.0018824044981588324
Rotation gain: 1.24, direction: -1, curvature radius: 7.5
{'type': 'running', 'physical': {'user_x': 1019.7396333744383, 'user_y': 968.7003307000924, 'user_direction': 5.894424005659867}, 'virtual': {'user_x': 1709.6192323301755, 'user_y': 9443.639005180321, 'user_direction': -1.2710782519058246}, 'user_v': 7.999999999999999, 'user_w': 0, 'delta_t': 0.02, 'need_reset': False}
Tangent angle: 3.862346469571169, User angle: 5.894424005659867, Offset angle: 0.36611204132347036
Target angle: 4.228458510894639, distance: 521.6524644662052, angle diff: 1.6659654947652278, rotation direction: -1
Basic rotation angle: 1.693121693121693, rotation gain: 0.0020994632334636575
Rotation gain: 1.24, direction: -1, curvature radius: 7.5
{'type': 'running', 'physical': {'user_x': 1025.5628117067188, 'user_y': 966.1699126762747, 'user_direction': 5.873259984495846}, 'virtual': {'user_x': 1711.9812392227755, 'user_y': 9435.995647054517, 'user_direction': -1.2710782519058266}, 'user_v': 7.999999999999999, 'user_w': 0, 'delta_t': 0.02, 'need_reset': False}
Tangent angle: 3.852114710911794, User angle: 5.873259984495846, Offset angle: 0.3642453203329307
Target angle: 4.216360031244725, distance: 524.5799382907039, angle diff: 1.6568999532511208, rotation direction: -1
Basic rotation angle: 1.693121693121693, rotation gain: 0.0022925981528278583
Rotation gain: 1.24, direction: -1, curvature radius: 7.5
{'type': 'running', 'physical': {'user_x': 1031.331136118145, 'user_y': 963.5168286690583, 'user_direction': 5.852095963331824}, 'virtual': {'user_x': 1714.3432461153755, 'user_y': 9428.352288928712, 'user_direction': -1.2710782519058292}, 'user_v': 7.999999999999999, 'user_w': 0, 'delta_t': 0.02, 'need_reset': False}
Tangent angle: 3.841879595503924, User angle: 5.852095963331824, Offset angle: 0.36244021289701633
Target angle: 4.204319808400941, distance: 527.438179989446, angle diff: 1.6477761549308836, rotation direction: -1
Basic rotation angle: 1.693121693121693, rotation gain: 0.0024647633370662517
Rotation gain: 1.24, direction: -1, curvature radius: 7.5
{'type': 'running', 'physical': {'user_x': 1037.04202298156, 'user_y': 960.7422669923106, 'user_direction': 5.830931942167803}, 'virtual': {'user_x': 1716.7052530079754, 'user_y': 9420.708930802908, 'user_direction': -1.2710782519058323}, 'user_v': 7.999999999999999, 'user_w': 0, 'delta_t': 0.02, 'need_reset': False}
Tangent angle: 3.831641247886898, User angle: 5.830931942167803, Offset angle: 0.3606953345779722
Target angle: 4.19233658246487, distance: 530.2270391507452, angle diff: 1.6385953597029328, rotation direction: -1
Basic rotation angle: 1.693121693121693, rotation gain: 0.0026185440943957386
Rotation gain: 1.24, direction: -1, curvature radius: 7.5
{'type': 'running', 'physical': {'user_x': 1042.6929143960315, 'user_y': 957.8474703696348, 'user_direction': 5.809767921003782}, 'virtual': {'user_x': 1719.0672599005754, 'user_y': 9413.065572677104, 'user_direction': -1.2710782519058361}, 'user_v': 7.999999999999999, 'user_w': 0, 'delta_t': 0.02, 'need_reset': False}
Tangent angle: 3.821399788858219, User angle: 5.809767921003782, Offset angle: 0.3590093639129831
Target angle: 4.180409152771202, distance: 532.9463655063225, angle diff: 1.6293587682325796, rotation direction: -1
Basic rotation angle: 1.693121693121693, rotation gain: 0.0027562030365183158
Rotation gain: 1.24, direction: -1, curvature radius: 7.5
{'type': 'running', 'physical': {'user_x': 1048.2812793325331, 'user_y': 954.8337353777548, 'user_direction': 5.78860389983976}, 'virtual': {'user_x': 1721.4292667931754, 'user_y': 9405.4222145513, 'user_direction': -1.271078251905841}, 'user_v': 7.999999999999999, 'user_w': 0, 'delta_t': 0.02, 'need_reset': False}
Tangent angle: 3.811155335659227, User angle: 5.78860389983976, Offset angle: 0.35738103960996886
Target angle: 4.168536375269196, distance: 535.596009285117, angle diff: 1.6200675245705645, rotation direction: -1
Basic rotation angle: 1.693121693121693, rotation gain: 0.002879720396254666
Rotation gain: 1.24, direction: -1, curvature radius: 7.5
{'type': 'running', 'physical': {'user_x': 1053.80461476759, 'user_y': 951.7024118657797, 'user_direction': 5.767439878675739}, 'virtual': {'user_x': 1723.7912736857752, 'user_y': 9397.778856425495, 'user_direction': -1.2710782519058474}, 'user_v': 7.999999999999999, 'user_w': 0, 'delta_t': 0.02, 'need_reset': False}
Tangent angle: 3.8009080021515445, User angle: 5.767439878675739, Offset angle: 0.3558091579164085
Target angle: 4.156717160067953, distance: 538.1758215458656, angle diff: 1.6107227186077857, rotation direction: -1
Basic rotation angle: 1.693121693121693, rotation gain: 0.0029908293064726523
Rotation gain: 1.24, direction: -1, curvature radius: 7.5
{'type': 'running', 'physical': {'user_x': 1059.2604468043808, 'user_y': 948.4549023506081, 'user_direction': 5.746275857511717}, 'virtual': {'user_x': 1726.153280578375, 'user_y': 9390.13549829969, 'user_direction': -1.271078251905851}, 'user_v': 7.999999999999999, 'user_w': 0, 'delta_t': 0.02, 'need_reset': False}
Tangent angle: 3.7906578989848896, User angle: 5.746275857511717, Offset angle: 0.35429257014966486
Target angle: 4.144950469134555, distance: 540.6856544898627, angle diff: 1.6013253883771625, rotation direction: -1
Basic rotation angle: 1.693121693121693, rotation gain: 0.0030910466700912903
Rotation gain: 1.24, direction: -1, curvature radius: 7.5
{'type': 'running', 'physical': {'user_x': 1064.6463317807934, 'user_y': 945.0926613887414, 'user_direction': 5.725111836347696}, 'virtual': {'user_x': 1728.5152874709747, 'user_y': 9382.492140173887, 'user_direction': -1.2710782519058565}, 'user_v': 7.999999999999999, 'user_w': 0, 'delta_t': 0.02, 'need_reset': False}
Tangent angle: 3.7804051337568, User angle: 5.725111836347696, Offset angle: 0.3528301803782077
Target angle: 4.133235314135008, distance: 543.1253617551952, angle diff: 1.5918765222126883, rotation direction: -1
Basic rotation angle: 1.693121693121693, rotation gain: 0.003181700172222109
Rotation gain: 1.24, direction: -1, curvature radius: 7.5
{'type': 'running', 'physical': {'user_x': 1069.9598573639396, 'user_y': 941.6171949247897, 'user_direction': 5.703947815183675}, 'virtual': {'user_x': 1730.8772943635745, 'user_y': 9374.848782048082, 'user_direction': -1.2710782519058652}, 'user_v': 7.999999999999999, 'user_w': 0, 'delta_t': 0.02, 'need_reset': False}
Tangent angle: 3.7701498111647807, User angle: 5.703947815183675, Offset angle: 0.35142094324397055
Target angle: 4.121570754408751, distance: 545.4947986936413, angle diff: 1.582377060774924, rotation direction: -1
Basic rotation angle: 1.693121693121693, rotation gain: 0.0032639519166307394
Rotation gain: 1.24, direction: -1, curvature radius: 7.5
{'type': 'running', 'physical': {'user_x': 1075.198643630636, 'user_y': 938.0300596169607, 'user_direction': 5.682783794019653}, 'virtual': {'user_x': 1733.239301256174, 'user_y': 9367.205423922278, 'user_direction': -1.2710782519058816}, 'user_v': 7.999999999999999, 'user_w': 0, 'delta_t': 0.02, 'need_reset': False}
Tangent angle: 3.759892033151358, User angle: 5.682783794019653, Offset angle: 0.3500638619168489
Target angle: 4.1099558950682065, distance: 547.7938226313274, angle diff: 1.5728278989514468, rotation direction: -1
Basic rotation angle: 1.693121693121693, rotation gain: 0.0033388191084320353
Rotation gain: 1.24, direction: -1, curvature radius: 7.5
{'type': 'running', 'physical': {'user_x': 1080.3603441333703, 'user_y': 934.3328621398334, 'user_direction': 5.661619772855632}, 'virtual': {'user_x': 1735.6013081487736, 'user_y': 9359.562065796472, 'user_direction': -1.271078251905902}, 'user_v': 7.999999999999999, 'user_w': 0, 'delta_t': 0.02, 'need_reset': False}
Tangent angle: 3.7496318990424817, User angle: 5.661619772855632, Offset angle: 0.348757986173047
Target angle: 4.0983898852155285, distance: 550.0222931141452, angle diff: 1.5632298876401034, rotation direction: -1
Basic rotation angle: 1.693121693121693, rotation gain: 0.003407192152195983
Rotation gain: 1.24, direction: -1, curvature radius: 7.5
{'type': 'running', 'physical': {'user_x': 1085.4426469512716, 'user_y': 930.5272584647308, 'user_direction': 5.6404557516916105}, 'virtual': {'user_x': 1736.266518848055, 'user_y': 9357.409471060337, 'user_direction': -1.271078251905902}, 'user_v': 0, 'user_w': 0.1, 'delta_t': 0.02, 'need_reset': False}
Tangent angle: 3.7393695056796945, User angle: 5.6404557516916105, Offset angle: 0.34750241058962866
Target angle: 4.086871916269323, distance: 552.1800721388522, angle diff: 1.5535838354222875, rotation direction: -1
Basic rotation angle: 0.0, rotation gain: 0.0029975783783490143
Rotation gain: 1.24, direction: -1, curvature radius: 2500000
{'type': 'running', 'physical': {'user_x': 1090.443275725619, 'user_y': 926.6149531180114, 'user_direction': 5.619291730527589}, 'virtual': {'user_x': 1736.266518848055, 'user_y': 9357.409471060337, 'user_direction': -1.171078251905902}, 'user_v': 0, 'user_w': 0.1, 'delta_t': 0.02, 'need_reset': False}
Tangent angle: 3.7291049475464626, User angle: 5.619291730527589, Offset angle: 0.34629627284821246
Target angle: 4.075401220394675, distance: 554.2670243707056, angle diff: 1.543890510132914, rotation direction: -1
Basic rotation angle: 0.0, rotation gain: 0.0026392596568597343
Rotation gain: 1.24, direction: -1, curvature radius: 2500000
{'type': 'running', 'physical': {'user_x': 1090.443275725619, 'user_y': 926.6149531180114, 'user_direction': 5.699936891817912}, 'virtual': {'user_x': 1736.266518848055, 'user_y': 9357.409471060337, 'user_direction': -1.071078251905902}, 'user_v': 0, 'user_w': 0.1, 'delta_t': 0.02, 'need_reset': False}
Tangent angle: 3.7291049475464626, User angle: 5.699936891817912, Offset angle: 0.34629627284821246
Target angle: 4.075401220394675, distance: 554.2670243707056, angle diff: 1.6245356714232368, rotation direction: -1
Basic rotation angle: 0.0, rotation gain: 0.002325730775556614
Rotation gain: 1.24, direction: -1, curvature radius: 2500000
{'type': 'running', 'physical': {'user_x': 1090.443275725619, 'user_y': 926.6149531180114, 'user_direction': 5.780582053108235}, 'virtual': {'user_x': 1736.266518848055, 'user_y': 9357.409471060337, 'user_direction': -0.9710782519059019}, 'user_v': 0, 'user_w': 0.1, 'delta_t': 0.02, 'need_reset': False}
Tangent angle: 3.7291049475464626, User angle: 5.780582053108235, Offset angle: 0.34629627284821246
Target angle: 4.075401220394675, distance: 554.2670243707056, angle diff: 1.7051808327135598, rotation direction: -1
Basic rotation angle: 0.0, rotation gain: 0.002051393004416384
Rotation gain: 1.24, direction: -1, curvature radius: 2500000
{'type': 'running', 'physical': {'user_x': 1090.443275725619, 'user_y': 926.6149531180114, 'user_direction': 5.861227214398558}, 'virtual': {'user_x': 1736.266518848055, 'user_y': 9357.409471060337, 'user_direction': -0.8710782519059019}, 'user_v': 0, 'user_w': 0.1, 'delta_t': 0.02, 'need_reset': False}
Tangent angle: 3.7291049475464626, User angle: 5.861227214398558, Offset angle: 0.34629627284821246
Target angle: 4.075401220394675, distance: 554.2670243707056, angle diff: 1.7858259940038828, rotation direction: -1
Basic rotation angle: 0.0, rotation gain: 0.001811347454668682
Rotation gain: 1.24, direction: -1, curvature radius: 2500000
{'type': 'running', 'physical': {'user_x': 1090.443275725619, 'user_y': 926.6149531180114, 'user_direction': 5.941872375688881}, 'virtual': {'user_x': 1736.266518848055, 'user_y': 9357.409471060337, 'user_direction': -0.771078251905902}, 'user_v': 0, 'user_w': 0.1, 'delta_t': 0.02, 'need_reset': False}
Tangent angle: 3.7291049475464626, User angle: 5.941872375688881, Offset angle: 0.34629627284821246
Target angle: 4.075401220394675, distance: 554.2670243707056, angle diff: 1.8664711552942057, rotation direction: -1
Basic rotation angle: 0.0, rotation gain: 0.001601307598639443
Rotation gain: 1.24, direction: -1, curvature radius: 2500000
{'type': 'running', 'physical': {'user_x': 1090.443275725619, 'user_y': 926.6149531180114, 'user_direction': 6.022517536979204}, 'virtual': {'user_x': 1736.266518848055, 'user_y': 9357.409471060337, 'user_direction': -0.671078251905902}, 'user_v': 0, 'user_w': 0.1, 'delta_t': 0.02, 'need_reset': False}
Tangent angle: 3.7291049475464626, User angle: 6.022517536979204, Offset angle: 0.34629627284821246
Target angle: 4.075401220394675, distance: 554.2670243707056, angle diff: 1.9471163165845287, rotation direction: -1
Basic rotation angle: 0.0, rotation gain: 0.001417522724613859
Rotation gain: 1.24, direction: -1, curvature radius: 2500000
{'type': 'running', 'physical': {'user_x': 1090.443275725619, 'user_y': 926.6149531180114, 'user_direction': 6.103162698269527}, 'virtual': {'user_x': 1736.266518848055, 'user_y': 9357.409471060337, 'user_direction': -0.571078251905902}, 'user_v': 0, 'user_w': 0.1, 'delta_t': 0.02, 'need_reset': False}
Tangent angle: 3.7291049475464626, User angle: 6.103162698269527, Offset angle: 0.34629627284821246
Target angle: 4.075401220394675, distance: 554.2670243707056, angle diff: 2.0277614778748516, rotation direction: -1
Basic rotation angle: 0.0, rotation gain: 0.0012567109598414729
Rotation gain: 1.24, direction: -1, curvature radius: 2500000
{'type': 'running', 'physical': {'user_x': 1090.443275725619, 'user_y': 926.6149531180114, 'user_direction': 6.18380785955985}, 'virtual': {'user_x': 1736.266518848055, 'user_y': 9357.409471060337, 'user_direction': -0.471078251905902}, 'user_v': 0, 'user_w': 0.1, 'delta_t': 0.02, 'need_reset': False}
Tangent angle: 3.7291049475464626, User angle: 6.18380785955985, Offset angle: 0.34629627284821246
Target angle: 4.075401220394675, distance: 554.2670243707056, angle diff: 2.1084066391651746, rotation direction: -1
Basic rotation angle: 0.0, rotation gain: 0.001116000665665635
Rotation gain: 1.24, direction: -1, curvature radius: 2500000
{'type': 'running', 'physical': {'user_x': 1090.443275725619, 'user_y': 926.6149531180114, 'user_direction': 6.264453020850173}, 'virtual': {'user_x': 1736.266518848055, 'user_y': 9357.409471060337, 'user_direction': -0.3621519982335632}, 'user_v': 7.999999999999999, 'user_w': 0, 'delta_t': 0.02, 'need_reset': False}
Tangent angle: 3.7291049475464626, User angle: 6.264453020850173, Offset angle: 0.34629627284821246
Target angle: 4.075401220394675, distance: 554.2670243707056, angle diff: 2.1890518004554975, rotation direction: -1
Basic rotation angle: 1.693121693121693, rotation gain: 0.0014678578565878227
Rotation gain: 1.24, direction: -1, curvature radius: 7.5
{'type': 'running', 'physical': {'user_x': 1090.443275725619, 'user_y': 926.6149531180114, 'user_direction': 0.06191287496090947}, 'virtual': {'user_x': 1743.7476113570308, 'user_y': 9354.575171345743, 'user_direction': -0.3621519982335632}, 'user_v': 7.999999999999999, 'user_w': 0, 'delta_t': 0.02, 'need_reset': False}
Tangent angle: 3.7291049475464626, User angle: 0.06191287496090947, Offset angle: 0.34629627284821246
Target angle: 4.075401220394675, distance: 554.2670243707056, angle diff: 2.2696969617458205, rotation direction: -1
Basic rotation angle: 1.693121693121693, rotation gain: 0.001775732898644737
Rotation gain: 1.24, direction: -1, curvature radius: 7.5
{'type': 'running', 'physical': {'user_x': 1096.7872114737609, 'user_y': 926.8736044049814, 'user_direction': 0.04074885379688831}, 'virtual': {'user_x': 1751.2287038660065, 'user_y': 9351.74087163115, 'user_direction': -0.36215199823356653}, 'user_v': 7.999999999999999, 'user_w': 0, 'delta_t': 0.02, 'need_reset': False}
Tangent angle: 3.723553841760315, User angle: 0.04074885379688831, Offset angle: 0.34300177934173715
Target angle: 4.066555621102053, distance: 560.0391832189775, angle diff: 2.2573785398744217, rotation direction: -1
Basic rotation angle: 1.693121693121693, rotation gain: 0.0020472687475193733
Rotation gain: 1.24, direction: -1, curvature radius: 7.5
{'type': 'running', 'physical': {'user_x': 1103.1352001930968, 'user_y': 926.9979445995548, 'user_direction': 0.019584832632867144}, 'virtual': {'user_x': 1758.7097963749823, 'user_y': 9348.906571916556, 'user_direction': -0.3621519982335705}, 'user_v': 7.999999999999999, 'user_w': 0, 'delta_t': 0.02, 'need_reset': False}
Tangent angle: 3.717912073669165, User angle: 0.019584832632867144, Offset angle: 0.33980122315841266
Target angle: 4.057713296827577, distance: 565.7496667658596, angle diff: 2.2450568429848765, rotation direction: -1
Basic rotation angle: 1.693121693121693, rotation gain: 0.0022869947972515674
Rotation gain: 1.24, direction: -1, curvature radius: 7.5
{'type': 'running', 'physical': {'user_x': 1109.4843986253638, 'user_y': 926.9879180098736, 'user_direction': -0.0015791885311540188}, 'virtual': {'user_x': 1766.190888883958, 'user_y': 9346.072272201962, 'user_direction': -0.3621519982335756}, 'user_v': 7.999999999999999, 'user_w': 0, 'delta_t': 0.02, 'need_reset': False}
Tangent angle: 3.712182914433057, User angle: -0.0015791885311540188, Offset angle: 0.3366916083921667
Target angle: 4.048874522825224, distance: 571.3978044822019, angle diff: 2.232731595823209, rotation direction: -1
Basic rotation angle: 1.693121693121693, rotation gain: 0.0024988741626733833
Rotation gain: 1.24, direction: -1, curvature radius: 7.5
{'type': 'running', 'physical': {'user_x': 1115.8319629704697, 'user_y': 926.8435291268382, 'user_direction': -0.02274320969517518}, 'virtual': {'user_x': 1773.6719813929337, 'user_y': 9343.237972487368, 'user_direction': -0.36215199823358213}, 'user_v': 7.999999999999999, 'user_w': 0, 'delta_t': 0.02, 'need_reset': False}
Tangent angle: 3.7063694985015143, User angle: -0.02274320969517518, Offset angle: 0.33367007061266296
Target angle: 4.040039569114177, distance: 576.9829343698601, angle diff: 2.2204025283702338, rotation direction: -1
Basic rotation angle: 1.693121693121693, rotation gain: 0.002686374467504384
Rotation gain: 1.24, direction: -1, curvature radius: 7.5
{'type': 'running', 'physical': {'user_x': 1122.175050160228, 'user_y': 926.5648426220954, 'user_direction': -0.043907230859196344}, 'virtual': {'user_x': 1781.1530739019095, 'user_y': 9340.403672772774, 'user_direction': -0.3621519982335909}, 'user_v': 7.999999999999999, 'user_w': 0, 'delta_t': 0.02, 'need_reset': False}
Tangent angle: 3.700474830654006, User angle: -0.043907230859196344, Offset angle: 0.3307338703222995
Target angle: 4.031208700976306, distance: 582.5044029418409, angle diff: 2.208069375344084, rotation direction: -1
Basic rotation angle: 1.693121693121693, rotation gain: 0.002852529783795432
Rotation gain: 1.24, direction: -1, curvature radius: 7.5
{'type': 'running', 'physical': {'user_x': 1128.5108191317665, 'user_y': 926.1519833190722, 'user_direction': -0.06507125202321751}, 'virtual': {'user_x': 1788.634166410885, 'user_y': 9337.56937305818, 'user_direction': -0.3621519982336032}, 'user_v': 7.999999999999999, 'user_w': 0, 'delta_t': 0.02, 'need_reset': False}
Tangent angle: 3.6945017926386527, User angle: -0.06507125202321751, Offset angle: 0.32788038678307463
Target angle: 4.022382179421728, distance: 587.9615652083861, angle diff: 2.1957318757346407, rotation direction: -1
Basic rotation angle: 1.693121693121693, rotation gain: 0.002999994828813383
Rotation gain: 1.24, direction: -1, curvature radius: 7.5
{'type': 'running', 'physical': {'user_x': 1134.8364321000358, 'user_y': 925.6051361370679, 'user_direction': -0.08623527318723867}, 'virtual': {'user_x': 1796.1152589198605, 'user_y': 9334.735073343587, 'user_direction': -0.3621519982336192}, 'user_v': 7.999999999999999, 'user_w': 0, 'delta_t': 0.02, 'need_reset': False}
Tangent angle: 3.6884531494340282, User angle: -0.08623527318723867, Offset angle: 0.3251071121913297
Target angle: 4.013560261625358, distance: 593.3537846684176, angle diff: 2.18338977236699, rotation direction: -1
Basic rotation angle: 1.693121693121693, rotation gain: 0.0031310923871965407
Rotation gain: 1.24, direction: -1, curvature radius: 7.5
{'type': 'running', 'physical': {'user_x': 1141.149055828851, 'user_y': 924.9245460084284, 'user_direction': -0.10739929435125983}, 'virtual': {'user_x': 1803.596351428836, 'user_y': 9331.900773628993, 'user_direction': -0.3621519982336464}, 'user_v': 7.999999999999999, 'user_w': 0, 'delta_t': 0.02, 'need_reset': False}
Tangent angle: 3.6823315551573326, User angle: -0.10739929435125983, Offset angle: 0.32241164617966417
Target angle: 4.004743201336996, distance: 598.6804333058165, angle diff: 2.17104281149133, rotation direction: -1
Basic rotation angle: 1.693121693121693, rotation gain: 0.003247854805231217
Rotation gain: 1.24, direction: -1, curvature radius: 7.5
{'type': 'running', 'physical': {'user_x': 1147.4458628998957, 'user_y': 924.1105177688413, 'user_direction': -0.128563315515281}, 'virtual': {'user_x': 1811.0774439378113, 'user_y': 9329.066473914398, 'user_direction': -0.3621519982337022}, 'user_v': 7.999999999999999, 'user_w': 0, 'delta_t': 0.02, 'need_reset': False}
Tangent angle: 3.6761395586407786, User angle: -0.128563315515281, Offset angle: 0.3197916906265458
Target angle: 3.9959312492673242, distance: 603.9408915900609, angle diff: 2.158690742396981, rotation direction: -1
Basic rotation angle: 1.693121693121693, rotation gain: 0.003352060298242662
Rotation gain: 1.24, direction: -1, curvature radius: 7.5
{'type': 'running', 'physical': {'user_x': 1153.7240329791196, 'user_y': 923.1634160208006, 'user_direction': -0.14972733667930216}, 'virtual': {'user_x': 1817.7676005517894, 'user_y': 9326.531829548105, 'user_direction': -0.3621519982337022}, 'user_v': 0, 'user_w': 0.1, 'delta_t': 0.02, 'need_reset': False}
Tangent angle: 3.6698796086966254, User angle: -0.14972733667930216, Offset angle: 0.3172450447553034
Target angle: 3.9871246534519287, distance: 609.1345484807885, angle diff: 2.146333317048356, rotation direction: -1
Basic rotation angle: 0.0, rotation gain: 0.0029501264929125454
Rotation gain: 1.24, direction: -1, curvature radius: 2500000
{'type': 'running', 'physical': {'user_x': 1159.9807540799636, 'user_y': 922.0836649703014, 'user_direction': -0.17089135784332332}, 'virtual': {'user_x': 1817.7676005517894, 'user_y': 9326.531829548105, 'user_direction': -0.26215199823370217}, 'user_v': 0, 'user_w': 0.1, 'delta_t': 0.02, 'need_reset': False}
Tangent angle: 3.663554059090014, User angle: -0.17089135784332332, Offset angle: 0.31476960050529895
Target angle: 3.978323659595313, distance: 614.2608014358934, angle diff: 2.13397028974095, rotation direction: -1
Basic rotation angle: 0.0, rotation gain: 0.002598501438905259
Rotation gain: 1.24, direction: -1, curvature radius: 2500000
{'type': 'running', 'physical': {'user_x': 1159.9807540799636, 'user_y': 922.0836649703014, 'user_direction': -0.09024619655300073}, 'virtual': {'user_x': 1817.7676005517894, 'user_y': 9326.531829548105, 'user_direction': -0.16215199823370216}, 'user_v': 0, 'user_w': 0.1, 'delta_t': 0.02, 'need_reset': False}
Tangent angle: 3.663554059090014, User angle: -0.09024619655300073, Offset angle: 0.31476960050529895
Target angle: 3.978323659595313, distance: 614.2608014358934, angle diff: 2.214615451031272, rotation direction: -1
Basic rotation angle: 0.0, rotation gain: 0.0022908295166488833
Rotation gain: 1.24, direction: -1, curvature radius: 2500000
{'type': 'running', 'physical': {'user_x': 1159.9807540799636, 'user_y': 922.0836649703014, 'user_direction': -0.009601035262678137}, 'virtual': {'user_x': 1817.7676005517894, 'user_y': 9326.531829548105, 'user_direction': -0.062151998233702155}, 'user_v': 0, 'user_w': 0.1, 'delta_t': 0.02, 'need_reset': False}
Tangent angle: 3.663554059090014, User angle: -0.009601035262678137, Offset angle: 0.31476960050529895
Target angle: 3.978323659595313, distance: 614.2608014358934, angle diff: 2.295260612321595, rotation direction: -1
Basic rotation angle: 0.0, rotation gain: 0.0020216165846745544
Rotation gain: 1.24, direction: -1, curvature radius: 2500000
{'type': 'running', 'physical': {'user_x': 1159.9807540799636, 'user_y': 922.0836649703014, 'user_direction': 0.07104412602764446}, 'virtual': {'user_x': 1817.7676005517894, 'user_y': 9326.531829548105, 'user_direction': 0.03784800176629785}, 'user_v': 0, 'user_w': 0.1, 'delta_t': 0.02, 'need_reset': False}
Tangent angle: 3.663554059090014, User angle: 0.07104412602764446, Offset angle: 0.31476960050529895
Target angle: 3.978323659595313, distance: 614.2608014358934, angle diff: 2.3759057736119176, rotation direction: -1
Basic rotation angle: 0.0, rotation gain: 0.001786055269197017
Rotation gain: 1.24, direction: -1, curvature radius: 2500000
{'type': 'running', 'physical': {'user_x': 1159.9807540799636, 'user_y': 922.0836649703014, 'user_direction': 0.15168928731796705}, 'virtual': {'user_x': 1817.7676005517894, 'user_y': 9326.531829548105, 'user_direction': 0.13784800176629786}, 'user_v': 0, 'user_w': 0.1, 'delta_t': 0.02, 'need_reset': False}
Tangent angle: 3.663554059090014, User angle: 0.15168928731796705, Offset angle: 0.31476960050529895
Target angle: 3.978323659595313, distance: 614.2608014358934, angle diff: 2.45655093490224, rotation direction: -1
Basic rotation angle: 0.0, rotation gain: 0.0015799391181541718
Rotation gain: 1.24, direction: -1, curvature radius: 2500000
{'type': 'running', 'physical': {'user_x': 1159.9807540799636, 'user_y': 922.0836649703014, 'user_direction': 0.23233444860828964}, 'virtual': {'user_x': 1817.7676005517894, 'user_y': 9326.531829548105, 'user_direction': 0.23784800176629786}, 'user_v': 0, 'user_w': 0.1, 'delta_t': 0.02, 'need_reset': False}
Tangent angle: 3.663554059090014, User angle: 0.23233444860828964, Offset angle: 0.31476960050529895
Target angle: 3.978323659595313, distance: 614.2608014358934, angle diff: 2.5371960961925626, rotation direction: -1
Basic rotation angle: 0.0, rotation gain: 0.0013995874859916823
Rotation gain: 1.24, direction: -1, curvature radius: 2500000
{'type': 'running', 'physical': {'user_x': 1159.9807540799636, 'user_y': 922.0836649703014, 'user_direction': 0.31297960989861223}, 'virtual': {'user_x': 1817.7676005517894, 'user_y': 9326.531829548105, 'user_direction': 0.33784800176629787}, 'user_v': 0, 'user_w': 0.1, 'delta_t': 0.02, 'need_reset': False}
Tangent angle: 3.663554059090014, User angle: 0.31297960989861223, Offset angle: 0.31476960050529895
Target angle: 3.978323659595313, distance: 614.2608014358934, angle diff: 2.6178412574828855, rotation direction: -1
Basic rotation angle: 0.0, rotation gain: 0.001241779807849504
Rotation gain: 1.24, direction: -1, curvature radius: 2500000
{'type': 'running', 'physical': {'user_x': 1159.9807540799636, 'user_y': 922.0836649703014, 'user_direction': 0.3936247711889348}, 'virtual': {'user_x': 1817.7676005517894, 'user_y': 9326.531829548105, 'user_direction': 0.4378480017662979}, 'user_v': 0, 'user_w': 0.1, 'delta_t': 0.02, 'need_reset': False}
Tangent angle: 3.663554059090014, User angle: 0.3936247711889348, Offset angle: 0.31476960050529895
Target angle: 3.978323659595313, distance: 614.2608014358934, angle diff: 2.698486418773208, rotation direction: -1
Basic rotation angle: 0.0, rotation gain: 0.0011036980894750979
Rotation gain: 1.24, direction: -1, curvature radius: 2500000
{'type': 'running', 'physical': {'user_x': 1159.9807540799636, 'user_y': 922.0836649703014, 'user_direction': 0.4742699324792574}, 'virtual': {'user_x': 1817.7676005517894, 'user_y': 9326.531829548105, 'user_direction': 0.5499148978664821}, 'user_v': 7.999999999999999, 'user_w': 0, 'delta_t': 0.02, 'need_reset': False}
Tangent angle: 3.663554059090014, User angle: 0.4742699324792574, Offset angle: 0.31476960050529895
Target angle: 3.978323659595313, distance: 614.2608014358934, angle diff: 2.7791315800635306, rotation direction: -1
Basic rotation angle: 1.693121693121693, rotation gain: 0.0014799585564941654
Rotation gain: 1.24, direction: -1, curvature radius: 7.5
{'type': 'running', 'physical': {'user_x': 1159.9807540799636, 'user_y': 922.0836649703014, 'user_direction': 0.55491509376958}, 'virtual': {'user_x': 1824.5881525579546, 'user_y': 9330.712746951163, 'user_direction': 0.5499148978664821}, 'user_v': 7.999999999999999, 'user_w': 0, 'delta_t': 0.02, 'need_reset': False}
Tangent angle: 3.663554059090014, User angle: 0.55491509376958, Offset angle: 0.31476960050529895
Target angle: 3.3487844585847153, distance: 614.2608014358934, angle diff: 2.7938693648151354, rotation direction: 1
Basic rotation angle: 1.693121693121693, rotation gain: 0.0019494622064302682
Rotation gain: 1.24, direction: 1, curvature radius: 7.5
{'type': 'running', 'physical': {'user_x': 1165.3052299763156, 'user_y': 925.5423320103572, 'user_direction': 0.5760791149336012}, 'virtual': {'user_x': 1831.4087045641197, 'user_y': 9334.893664354222, 'user_direction': 0.5499148978664803}, 'user_v': 7.999999999999999, 'user_w': 0, 'delta_t': 0.02, 'need_reset': False}
Tangent angle: 3.664080527937586, User angle: 0.5760791149336012, Offset angle: 0.3116068164720147
Target angle: 3.3524737114655707, distance: 620.9249656515001, angle diff: 2.7763945965319694, rotation direction: 1
Basic rotation angle: 1.693121693121693, rotation gain: 0.002328080260826586
Rotation gain: 1.24, direction: 1, curvature radius: 7.5
{'type': 'running', 'physical': {'user_x': 1170.5553196207215, 'user_y': 929.1129033918735, 'user_direction': 0.5972431360976224}, 'virtual': {'user_x': 1838.2292565702849, 'user_y': 9339.07458175728, 'user_direction': 0.5499148978664785}, 'user_v': 7.999999999999999, 'user_w': 0, 'delta_t': 0.02, 'need_reset': False}
Tangent angle: 3.6648004534001535, User angle: 0.5972431360976224, Offset angle: 0.3085120879970442
Target angle: 3.3562883654031097, distance: 627.5736418353883, angle diff: 2.7590452293054875, rotation direction: 1
Basic rotation angle: 1.693121693121693, rotation gain: 0.002658934564302142
Rotation gain: 1.24, direction: 1, curvature radius: 7.5
{'type': 'running', 'physical': {'user_x': 1175.7286715028965, 'user_y': 932.7937798592383, 'user_direction': 0.6184071572616435}, 'virtual': {'user_x': 1845.04980857645, 'user_y': 9343.25549916034, 'user_direction': 0.5499148978664764}, 'user_v': 7.999999999999999, 'user_w': 0, 'delta_t': 0.02, 'need_reset': False}
Tangent angle: 3.665708024148517, User angle: 0.6184071572616435, Offset angle: 0.3054844290509815
Target angle: 3.360223595097535, distance: 634.2043859068535, angle diff: 2.7418164378358916, rotation direction: 1
Basic rotation angle: 1.693121693121693, rotation gain: 0.0029479787884123657
Rotation gain: 1.24, direction: 1, curvature radius: 7.5
{'type': 'running', 'physical': {'user_x': 1180.8229684833277, 'user_y': 936.5833127512939, 'user_direction': 0.6395711784256647}, 'virtual': {'user_x': 1851.8703605826151, 'user_y': 9347.436416563398, 'user_direction': 0.549914897866474}, 'user_v': 7.999999999999999, 'user_w': 0, 'delta_t': 0.02, 'need_reset': False}
Tangent angle: 3.666797589780585, User angle: 0.6395711784256647, Offset angle: 0.3025228191958242
Target angle: 3.3642747705847604, distance: 640.8148306183464, angle diff: 2.724703592159096, rotation direction: 1
Basic rotation angle: 1.693121693121693, rotation gain: 0.0032004226568052695
Rotation gain: 1.24, direction: 1, curvature radius: 7.5
{'type': 'running', 'physical': {'user_x': 1185.83592883112, 'user_y': 940.4798047397707, 'user_direction': 0.6607351995896859}, 'virtual': {'user_x': 1858.6909125887803, 'user_y': 9351.617333966456, 'user_direction': 0.5499148978664713}, 'user_v': 7.999999999999999, 'user_w': 0, 'delta_t': 0.02, 'need_reset': False}
Tangent angle: 3.668063659222522, User angle: 0.6607351995896859, Offset angle: 0.2996262104445127
Target angle: 3.3684374487780087, distance: 647.4026822195391, angle diff: 2.7077022491883227, rotation direction: 1
Basic rotation angle: 1.693121693121693, rotation gain: 0.0034208249238377292
Rotation gain: 1.24, direction: 1, curvature radius: 7.5
{'type': 'running', 'physical': {'user_x': 1190.7653072459807, 'user_y': 944.4815105895188, 'user_direction': 0.681899220753707}, 'virtual': {'user_x': 1865.5114645949454, 'user_y': 9355.798251369515, 'user_direction': 0.5499148978664681}, 'user_v': 7.999999999999999, 'user_w': 0, 'delta_t': 0.02, 'need_reset': False}
Tangent angle: 3.6695008986989874, User angle: 0.681899220753707, Offset angle: 0.2967935334122872
Target angle: 3.3727073652867006, distance: 653.9657172845338, angle diff: 2.6908081445329937, rotation direction: 1
Basic rotation angle: 1.693121693121693, rotation gain: 0.003613174732087066
Rotation gain: 1.24, direction: 1, curvature radius: 7.5
{'type': 'running', 'physical': {'user_x': 1195.6088958638868, 'user_y': 948.5866379401979, 'user_direction': 0.7030632419177282}, 'virtual': {'user_x': 1872.3320166011106, 'user_y': 9359.979168772574, 'user_direction': 0.5499148978664645}, 'user_v': 7.999999999999999, 'user_w': 0, 'delta_t': 0.02, 'need_reset': False}
Tangent angle: 3.6711041293394975, User angle: 0.7030632419177282, Offset angle: 0.29402370282010476
Target angle: 3.3770804265193917, distance: 660.5017796968067, angle diff: 2.6740171846016634, rotation direction: 1
Basic rotation angle: 1.693121693121693, rotation gain: 0.003780962801304015
Rotation gain: 1.24, direction: 1, curvature radius: 7.5
{'type': 'running', 'physical': {'user_x': 1195.6088958638868, 'user_y': 948.5866379401979, 'user_direction': 0.7030632419177282}, 'virtual': {'user_x': 1879.152568607276, 'user_y': 9364.160086175632, 'user_direction': 0.5499148978664601}, 'user_v': 7.999999999999999, 'user_w': 0, 'delta_t': 0.02, 'need_reset': True}
{'type': 'running', 'physical': {'user_x': 1195.6088958638868, 'user_y': 948.5866379401979, 'user_direction': 3.8446558955075214}, 'virtual': {'user_x': 1885.9731206134413, 'user_y': 9368.341003578691, 'user_direction': 0.5499148978664565}, 'user_v': 7.999999999999999, 'user_w': 0, 'delta_t': 0.02, 'need_reset': False}
Tangent angle: 3.6711041293394975, User angle: 3.8446558955075214, Offset angle: 0.29402370282010476
Target angle: 3.9651278321596024, distance: 660.5017796968067, angle diff: 0.120471936652081, rotation direction: 1
Basic rotation angle: 1.693121693121693, rotation gain: 0.0038255564111062635
Rotation gain: 1.24, direction: 1, curvature radius: 7.5
{'type': 'running', 'physical': {'user_x': 1190.8532664817874, 'user_y': 944.3799277713231, 'user_direction': 3.8658199166715423}, 'virtual': {'user_x': 1892.7936726196067, 'user_y': 9372.52192098175, 'user_direction': 0.549914897866452}, 'user_v': 7.999999999999999, 'user_w': 0, 'delta_t': 0.02, 'need_reset': False}
Tangent angle: 3.6693077957988853, User angle: 3.8658199166715423, Offset angle: 0.29678243094916745
Target angle: 3.9660902267480527, distance: 653.9916797360497, angle diff: 0.10027031007651033, rotation direction: 1
Basic rotation angle: 1.693121693121693, rotation gain: 0.003864358625329458
Rotation gain: 1.24, direction: 1, curvature radius: 7.5
{'type': 'running', 'physical': {'user_x': 1186.1877263774866, 'user_y': 940.0735189658377, 'user_direction': 3.8869839378355637}, 'virtual': {'user_x': 1899.614224625772, 'user_y': 9376.702838384808, 'user_direction': 0.5499148978664463}, 'user_v': 7.999999999999999, 'user_w': 0, 'delta_t': 0.02, 'need_reset': False}
Tangent angle: 3.667284481843772, User angle: 3.8869839378355637, Offset angle: 0.29958052889079856
Target angle: 3.9668650107345704, distance: 647.507566641051, angle diff: 0.0798810728990067, rotation direction: 1
Basic rotation angle: 1.693121693121693, rotation gain: 0.0038981355985164903
Rotation gain: 1.24, direction: 1, curvature radius: 7.5
{'type': 'running', 'physical': {'user_x': 1181.6143652420722, 'user_y': 935.6693403602537, 'user_direction': 3.908147958999585}, 'virtual': {'user_x': 1906.4347766319374, 'user_y': 9380.883755787867, 'user_direction': 0.5499148978664392}, 'user_v': 7.999999999999999, 'user_w': 0, 'delta_t': 0.02, 'need_reset': False}
Tangent angle: 3.6650291028517064, User angle: 3.908147958999585, Offset angle: 0.30241707455195893
Target angle: 3.9674461774036653, distance: 641.05317713418, angle diff: 0.05929821840408023, rotation direction: 1
Basic rotation angle: 1.693121693121693, rotation gain: 0.003927559144660203
Rotation gain: 1.24, direction: 1, curvature radius: 7.5
{'type': 'running', 'physical': {'user_x': 1177.1352314797575, 'user_y': 931.1693645820862, 'user_direction': 3.9293119801636065}, 'virtual': {'user_x': 1913.2553286381028, 'user_y': 9385.064673190926, 'user_direction': 0.5499148978664297}, 'user_v': 7.999999999999999, 'user_w': 0, 'delta_t': 0.02, 'need_reset': False}
Tangent angle: 3.662536585469603, User angle: 3.9293119801636065, Offset angle: 0.3052909917582165
Target angle: 3.967827577227819, distance: 634.6323529831237, angle diff: 0.03851559706421259, rotation direction: 1
Basic rotation angle: 1.693121693121693, rotation gain: 0.003953218546282243
Rotation gain: 1.24, direction: 1, curvature radius: 7.5
{'type': 'running', 'physical': {'user_x': 1172.7523312904027, 'user_y': 926.5756071663149, 'user_direction': 3.950476001327628}, 'virtual': {'user_x': 1920.0758806442682, 'user_y': 9389.245590593984, 'user_direction': 0.5499148978664163}, 'user_v': 7.999999999999999, 'user_w': 0, 'delta_t': 0.02, 'need_reset': False}
Tangent angle: 3.6598018834168506, User angle: 3.950476001327628, Offset angle: 0.30820103850100017
Target angle: 3.9680029219178508, distance: 628.2490431306986, angle diff: 0.017526920590222872, rotation direction: 1
Basic rotation angle: 1.693121693121693, rotation gain: 0.0039756308845731204
Rotation gain: 1.24, direction: 1, curvature radius: 7.5
{'type': 'running', 'physical': {'user_x': 1168.4676277709395, 'user_y': 921.8901256526278, 'user_direction': 3.9716400224916493}, 'virtual': {'user_x': 1926.8964326504338, 'user_y': 9393.426507997043, 'user_direction': 0.5499148978663967}, 'user_v': 7.999999999999999, 'user_w': 0, 'delta_t': 0.02, 'need_reset': False}
Tangent angle: 3.656819994951867, User angle: 3.9716400224916493, Offset angle: 0.3111457947618468
Target angle: 3.967965789713714, distance: 621.9073056462546, angle diff: 0.0036742327779353268, rotation direction: -1
Basic rotation angle: 1.693121693121693, rotation gain: 0.003995250075041245
Rotation gain: 1.24, direction: -1, curvature radius: 7.5
{'type': 'running', 'physical': {'user_x': 1164.0847275815847, 'user_y': 917.2963682368564, 'user_direction': 3.950476001327628}, 'virtual': {'user_x': 1933.7169846565994, 'user_y': 9397.6074254001, 'user_direction': 0.5499148978663692}, 'user_v': 7.999999999999999, 'user_w': 0, 'delta_t': 0.02, 'need_reset': False}
Tangent angle: 3.6539803752922784, User angle: 3.950476001327628, Offset angle: 0.31416580956556184
Target angle: 3.96814618485784, distance: 615.5230013468948, angle diff: 0.017670183530212213, rotation direction: 1
Basic rotation angle: 1.693121693121693, rotation gain: 0.004012376082725591
Rotation gain: 1.24, direction: 1, curvature radius: 7.5
{'type': 'running', 'physical': {'user_x': 1159.8000240621216, 'user_y': 912.6108867231694, 'user_direction': 3.9716400224916493}, 'virtual': {'user_x': 1940.5375366627648, 'user_y': 9401.788342803158, 'user_direction': 0.5499148978664071}, 'user_v': 7.999999999999999, 'user_w': 0, 'delta_t': 0.02, 'need_reset': False}
Tangent angle: 3.6508873824358945, User angle: 3.9716400224916493, Offset angle: 0.3172223876629485
Target angle: 3.968109770098843, distance: 609.1811171054125, angle diff: 0.0035302523928062435, rotation direction: -1
Basic rotation angle: 1.693121693121693, rotation gain: 0.004027369572575229
Rotation gain: 1.24, direction: -1, curvature radius: 7.5
{'type': 'running', 'physical': {'user_x': 1155.4171238727668, 'user_y': 908.017129307398, 'user_direction': 3.950476001327628}, 'virtual': {'user_x': 1947.3580886689306, 'user_y': 9405.969260206215, 'user_direction': 0.5499148978663261}, 'user_v': 7.999999999999999, 'user_w': 0, 'delta_t': 0.02, 'need_reset': False}
Tangent angle: 3.6479369791304954, User angle: 3.950476001327628, Offset angle: 0.32035851089618184
Target angle: 3.9682954900266774, distance: 602.7957642832824, angle diff: 0.01781948869904948, rotation direction: 1
Basic rotation angle: 1.693121693121693, rotation gain: 0.004040446883933109
Rotation gain: 1.24, direction: 1, curvature radius: 7.5
{'type': 'running', 'physical': {'user_x': 1151.1324203533036, 'user_y': 903.331647793711, 'user_direction': 3.9716400224916493}, 'virtual': {'user_x': 1948.1460417002966, 'user_y': 9406.452266059503, 'user_direction': 0.5499148978663261}, 'user_v': 0, 'user_w': 0.1, 'delta_t': 0.02, 'need_reset': False}
Tangent angle: 3.6447267096757425, User angle: 3.9716400224916493, Offset angle: 0.3235331779002816
Target angle: 3.968259887576024, distance: 596.4537143129703, angle diff: 0.003380134915625277, rotation direction: -1
Basic rotation angle: 0.0, rotation gain: 0.0035526079087171165
Rotation gain: 1.24, direction: -1, curvature radius: 2500000
{'type': 'running', 'physical': {'user_x': 1146.7495201639488, 'user_y': 898.7378903779396, 'user_direction': 3.950476001327628}, 'virtual': {'user_x': 1948.1460417002966, 'user_y': 9406.452266059503, 'user_direction': 0.4499148978663261}, 'user_v': 0, 'user_w': 0.1, 'delta_t': 0.02, 'need_reset': False}
Tangent angle: 3.6416592303063373, User angle: 3.950476001327628, Offset angle: 0.3267919980879683
Target angle: 3.9684512283943056, distance: 590.0672545964317, angle diff: 0.017975227066677757, rotation direction: 1
Basic rotation angle: 0.0, rotation gain: 0.0031257473631379333
Rotation gain: 1.24, direction: 1, curvature radius: 2500000
{'type': 'running', 'physical': {'user_x': 1146.7495201639488, 'user_y': 898.7378903779396, 'user_direction': 4.031121162617951}, 'virtual': {'user_x': 1948.1460417002966, 'user_y': 9406.452266059503, 'user_direction': 0.3499148978663261}, 'user_v': 0, 'user_w': 0.1, 'delta_t': 0.02, 'need_reset': False}
Tangent angle: 3.6416592303063373, User angle: 4.031121162617951, Offset angle: 0.3267919980879683
Target angle: 3.9684512283943056, distance: 590.0672545964317, angle diff: 0.0626699342236452, rotation direction: -1
Basic rotation angle: 0.0, rotation gain: 0.0027522443857561476
Rotation gain: 1.24, direction: -1, curvature radius: 2500000
{'type': 'running', 'physical': {'user_x': 1146.7495201639488, 'user_y': 898.7378903779396, 'user_direction': 4.111766323908274}, 'virtual': {'user_x': 1948.1460417002966, 'user_y': 9406.452266059503, 'user_direction': 0.24991489786632612}, 'user_v': 0, 'user_w': 0.1, 'delta_t': 0.02, 'need_reset': False}
Tangent angle: 3.6416592303063373, User angle: 4.111766323908274, Offset angle: 0.3267919980879683
Target angle: 3.9684512283943056, distance: 590.0672545964317, angle diff: 0.14331509551396815, rotation direction: -1
Basic rotation angle: 0.0, rotation gain: 0.0024254292805470853
Rotation gain: 1.24, direction: -1, curvature radius: 2500000
{'type': 'running', 'physical': {'user_x': 1146.7495201639488, 'user_y': 898.7378903779396, 'user_direction': 4.192411485198597}, 'virtual': {'user_x': 1948.1460417002966, 'user_y': 9406.452266059503, 'user_direction': 0.1499148978663261}, 'user_v': 0, 'user_w': 0.1, 'delta_t': 0.02, 'need_reset': False}
Tangent angle: 3.6416592303063373, User angle: 4.192411485198597, Offset angle: 0.3267919980879683
Target angle: 3.9684512283943056, distance: 590.0672545964317, angle diff: 0.2239602568042911, rotation direction: -1
Basic rotation angle: 0.0, rotation gain: 0.002139466063489156
Rotation gain: 1.24, direction: -1, curvature radius: 2500000
{'type': 'running', 'physical': {'user_x': 1146.7495201639488, 'user_y': 898.7378903779396, 'user_direction': 4.27305664648892}, 'virtual': {'user_x': 1948.1460417002966, 'user_y': 9406.452266059503, 'user_direction': 0.04991489786632611}, 'user_v': 0, 'user_w': 0.1, 'delta_t': 0.02, 'need_reset': False}
Tangent angle: 3.6416592303063373, User angle: 4.27305664648892, Offset angle: 0.3267919980879683
Target angle: 3.9684512283943056, distance: 590.0672545964317, angle diff: 0.30460541809461406, rotation direction: -1
Basic rotation angle: 0.0, rotation gain: 0.0018892482485634676
Rotation gain: 1.24, direction: -1, curvature radius: 2500000
{'type': 'running', 'physical': {'user_x': 1146.7495201639488, 'user_y': 898.7378903779396, 'user_direction': 4.353701807779243}, 'virtual': {'user_x': 1948.1460417002966, 'user_y': 9406.452266059503, 'user_direction': -0.0500851021336739}, 'user_v': 0, 'user_w': 0.1, 'delta_t': 0.02, 'need_reset': False}
Tangent angle: 3.6416592303063373, User angle: 4.353701807779243, Offset angle: 0.3267919980879683
Target angle: 3.9684512283943056, distance: 590.0672545964317, angle diff: 0.385250579384937, rotation direction: -1
Basic rotation angle: 0.0, rotation gain: 0.0016703076605034904
Rotation gain: 1.24, direction: -1, curvature radius: 2500000
{'type': 'running', 'physical': {'user_x': 1146.7495201639488, 'user_y': 898.7378903779396, 'user_direction': 4.434346969069566}, 'virtual': {'user_x': 1948.1460417002966, 'user_y': 9406.452266059503, 'user_direction': -0.1500851021336739}, 'user_v': 0, 'user_w': 0.1, 'delta_t': 0.02, 'need_reset': False}
Tangent angle: 3.6416592303063373, User angle: 4.434346969069566, Offset angle: 0.3267919980879683
Target angle: 3.9684512283943056, distance: 590.0672545964317, angle diff: 0.46589574067525996, rotation direction: -1
Basic rotation angle: 0.0, rotation gain: 0.0014787346459510106
Rotation gain: 1.24, direction: -1, curvature radius: 2500000
{'type': 'running', 'physical': {'user_x': 1146.7495201639488, 'user_y': 898.7378903779396, 'user_direction': 4.5149921303598886}, 'virtual': {'user_x': 1948.1460417002966, 'user_y': 9406.452266059503, 'user_direction': -0.2500851021336739}, 'user_v': 0, 'user_w': 0.1, 'delta_t': 0.02, 'need_reset': False}
Tangent angle: 3.6416592303063373, User angle: 4.5149921303598886, Offset angle: 0.3267919980879683
Target angle: 3.9684512283943056, distance: 590.0672545964317, angle diff: 0.5465409019655829, rotation direction: -1
Basic rotation angle: 0.0, rotation gain: 0.0013111082582175906
Rotation gain: 1.24, direction: -1, curvature radius: 2500000
{'type': 'running', 'physical': {'user_x': 1146.7495201639488, 'user_y': 898.7378903779396, 'user_direction': 4.5956372916502115}, 'virtual': {'user_x': 1948.1460417002966, 'user_y': 9406.452266059503, 'user_direction': -0.35008510213367394}, 'user_v': 0, 'user_w': 0.1, 'delta_t': 0.02, 'need_reset': False}
Tangent angle: 3.6416592303063373, User angle: 4.5956372916502115, Offset angle: 0.3267919980879683
Target angle: 3.9684512283943056, distance: 590.0672545964317, angle diff: 0.6271860632559059, rotation direction: -1
Basic rotation angle: 0.0, rotation gain: 0.001164435168950848
Rotation gain: 1.24, direction: -1, curvature radius: 2500000
{'type': 'running', 'physical': {'user_x': 1146.7495201639488, 'user_y': 898.7378903779396, 'user_direction': 4.6762824529405345}, 'virtual': {'user_x': 1948.1460417002966, 'user_y': 9406.452266059503, 'user_direction': -0.4500851021336739}, 'user_v': 0, 'user_w': 0.1, 'delta_t': 0.02, 'need_reset': False}
Tangent angle: 3.6416592303063373, User angle: 4.6762824529405345, Offset angle: 0.3267919980879683
Target angle: 3.9684512283943056, distance: 590.0672545964317, angle diff: 0.7078312245462288, rotation direction: -1
Basic rotation angle: 0.0, rotation gain: 0.0010360962158424483
Rotation gain: 1.24, direction: -1, curvature radius: 2500000
{'type': 'running', 'physical': {'user_x': 1146.7495201639488, 'user_y': 898.7378903779396, 'user_direction': 4.756927614230857}, 'virtual': {'user_x': 1948.1460417002966, 'user_y': 9406.452266059503, 'user_direction': -0.5500851021336739}, 'user_v': 0, 'user_w': 0.1, 'delta_t': 0.02, 'need_reset': False}
Tangent angle: 3.6416592303063373, User angle: 4.756927614230857, Offset angle: 0.3267919980879683
Target angle: 3.9684512283943056, distance: 590.0672545964317, angle diff: 0.7884763858365518, rotation direction: -1
Basic rotation angle: 0.0, rotation gain: 0.0009237996318725986
Rotation gain: 1.24, direction: -1, curvature radius: 2500000
{'type': 'running', 'physical': {'user_x': 1146.7495201639488, 'user_y': 898.7378903779396, 'user_direction': 4.83757277552118}, 'virtual': {'user_x': 1948.1460417002966, 'user_y': 9406.452266059503, 'user_direction': -0.6500851021336739}, 'user_v': 0, 'user_w': 0.1, 'delta_t': 0.02, 'need_reset': False}
Tangent angle: 3.6416592303063373, User angle: 4.83757277552118, Offset angle: 0.3267919980879683
Target angle: 3.9684512283943056, distance: 590.0672545964317, angle diff: 0.8691215471268747, rotation direction: -1
Basic rotation angle: 0.0, rotation gain: 0.0008255401208989801
Rotation gain: 1.24, direction: -1, curvature radius: 2500000
{'type': 'running', 'physical': {'user_x': 1146.7495201639488, 'user_y': 898.7378903779396, 'user_direction': 4.918217936811503}, 'virtual': {'user_x': 1948.1460417002966, 'user_y': 9406.452266059503, 'user_direction': -0.7500851021336739}, 'user_v': 0, 'user_w': 0.1, 'delta_t': 0.02, 'need_reset': False}
Tangent angle: 3.6416592303063373, User angle: 4.918217936811503, Offset angle: 0.3267919980879683
Target angle: 3.9684512283943056, distance: 590.0672545964317, angle diff: 0.9497667084171977, rotation direction: -1
Basic rotation angle: 0.0, rotation gain: 0.000739563048797064
Rotation gain: 1.24, direction: -1, curvature radius: 2500000
{'type': 'running', 'physical': {'user_x': 1146.7495201639488, 'user_y': 898.7378903779396, 'user_direction': 4.998863098101826}, 'virtual': {'user_x': 1948.1460417002966, 'user_y': 9406.452266059503, 'user_direction': -0.8500851021336738}, 'user_v': 0, 'user_w': 0.1, 'delta_t': 0.02, 'need_reset': False}
Tangent angle: 3.6416592303063373, User angle: 4.998863098101826, Offset angle: 0.3267919980879683
Target angle: 3.9684512283943056, distance: 590.0672545964317, angle diff: 1.0304118697075206, rotation direction: -1
Basic rotation angle: 0.0, rotation gain: 0.0006643331107078873
Rotation gain: 1.24, direction: -1, curvature radius: 2500000
{'type': 'running', 'physical': {'user_x': 1146.7495201639488, 'user_y': 898.7378903779396, 'user_direction': 5.079508259392149}, 'virtual': {'user_x': 1948.1460417002966, 'user_y': 9406.452266059503, 'user_direction': -0.9500851021336738}, 'user_v': 0, 'user_w': 0.1, 'delta_t': 0.02, 'need_reset': False}
Tangent angle: 3.6416592303063373, User angle: 5.079508259392149, Offset angle: 0.3267919980879683
Target angle: 3.9684512283943056, distance: 590.0672545964317, angle diff: 1.1110570309978436, rotation direction: -1
Basic rotation angle: 0.0, rotation gain: 0.0005985069148798578
Rotation gain: 1.24, direction: -1, curvature radius: 2500000
{'type': 'running', 'physical': {'user_x': 1146.7495201639488, 'user_y': 898.7378903779396, 'user_direction': 5.160153420682472}, 'virtual': {'user_x': 1948.1460417002966, 'user_y': 9406.452266059503, 'user_direction': -1.050085102133674}, 'user_v': 0, 'user_w': 0.1, 'delta_t': 0.02, 'need_reset': False}
Tangent angle: 3.6416592303063373, User angle: 5.160153420682472, Offset angle: 0.3267919980879683
Target angle: 3.9684512283943056, distance: 590.0672545964317, angle diff: 1.1917021922881665, rotation direction: -1
Basic rotation angle: 0.0, rotation gain: 0.0005409089935303319
Rotation gain: 1.24, direction: -1, curvature radius: 2500000
{'type': 'running', 'physical': {'user_x': 1146.7495201639488, 'user_y': 898.7378903779396, 'user_direction': 5.240798581972795}, 'virtual': {'user_x': 1948.1460417002966, 'user_y': 9406.452266059503, 'user_direction': -1.1936343253385893}, 'user_v': 7.999999999999999, 'user_w': 0, 'delta_t': 0.02, 'need_reset': False}
Tangent angle: 3.6416592303063373, User angle: 5.240798581972795, Offset angle: 0.3267919980879683
Target angle: 3.9684512283943056, distance: 590.0672545964317, angle diff: 1.2723473535784895, rotation direction: -1
Basic rotation angle: 1.693121693121693, rotation gain: 0.0009897586596527294
Rotation gain: 1.24, direction: -1, curvature radius: 7.5
{'type': 'running', 'physical': {'user_x': 1146.7495201639488, 'user_y': 898.7378903779396, 'user_direction': 5.321443743263118}, 'virtual': {'user_x': 1951.0923091429213, 'user_y': 9399.014557530894, 'user_direction': -1.1936343253385893}, 'user_v': 7.999999999999999, 'user_w': 0, 'delta_t': 0.02, 'need_reset': False}
Tangent angle: 3.6416592303063373, User angle: 5.321443743263118, Offset angle: 0.3267919980879683
Target angle: 3.9684512283943056, distance: 590.0672545964317, angle diff: 1.3529925148688124, rotation direction: -1
Basic rotation angle: 1.693121693121693, rotation gain: 0.0013825021175098273
Rotation gain: 1.24, direction: -1, curvature radius: 7.5
{'type': 'running', 'physical': {'user_x': 1150.2708351994008, 'user_y': 893.4546374324617, 'user_direction': 5.300279722099097}, 'virtual': {'user_x': 1954.038576585546, 'user_y': 9391.576849002286, 'user_direction': -1.193634325338588}, 'user_v': 7.999999999999999, 'user_w': 0, 'delta_t': 0.02, 'need_reset': False}
Tangent angle: 3.63151723791342, User angle: 5.300279722099097, Offset angle: 0.326471908409617
Target angle: 3.957989146323037, distance: 590.6891029142688, angle diff: 1.3422905757760595, rotation direction: -1
Basic rotation angle: 1.693121693121693, rotation gain: 0.0017285096436215792
Rotation gain: 1.24, direction: -1, curvature radius: 7.5
{'type': 'running', 'physical': {'user_x': 1153.6795551079178, 'user_y': 888.0980480464734, 'user_direction': 5.279115700935075}, 'virtual': {'user_x': 1956.9848440281708, 'user_y': 9384.139140473677, 'user_direction': -1.1936343253385866}, 'user_v': 7.999999999999999, 'user_w': 0, 'delta_t': 0.02, 'need_reset': False}
Tangent angle: 3.62137446423131, User angle: 5.279115700935075, Offset angle: 0.3261902352295633
Target angle: 3.9475646994608735, distance: 591.2372916458246, angle diff: 1.3315510014742018, rotation direction: -1
Basic rotation angle: 1.693121693121693, rotation gain: 0.00203359687967468
Rotation gain: 1.24, direction: -1, curvature radius: 7.5
{'type': 'running', 'physical': {'user_x': 1156.9741531270124, 'user_y': 882.6705214313954, 'user_direction': 5.257951679771054}, 'virtual': {'user_x': 1959.9311114707955, 'user_y': 9376.701431945068, 'user_direction': -1.1936343253385846}, 'user_v': 7.999999999999999, 'user_w': 0, 'delta_t': 0.02, 'need_reset': False}
Tangent angle: 3.611231009297182, User angle: 5.257951679771054, Offset angle: 0.32594680914803076
Target angle: 3.937177818445213, distance: 591.7117802932858, angle diff: 1.3207738613258408, rotation direction: -1
Basic rotation angle: 1.693121693121693, rotation gain: 0.0023028526409794785
Rotation gain: 1.24, direction: -1, curvature radius: 7.5
{'type': 'running', 'physical': {'user_x': 1160.1531536092857, 'user_y': 877.1744885713674, 'user_direction': 5.2367876586070325}, 'virtual': {'user_x': 1962.8773789134202, 'user_y': 9369.26372341646, 'user_direction': -1.1936343253385824}, 'user_v': 7.999999999999999, 'user_w': 0, 'delta_t': 0.02, 'need_reset': False}
Tangent angle: 3.6010869725344246, User angle: 5.2367876586070325, Offset angle: 0.3257414840728855
Target angle: 3.92682845660731, distance: 592.112533741034, angle diff: 1.3099592019997224, rotation direction: -1
Basic rotation angle: 1.693121693121693, rotation gain: 0.0025407297659480674
Rotation gain: 1.24, direction: -1, curvature radius: 7.5
{'type': 'running', 'physical': {'user_x': 1163.2151326833687, 'user_y': 871.6124111344128, 'user_direction': 5.215623637443011}, 'virtual': {'user_x': 1965.823646356045, 'user_y': 9361.82601488785, 'user_direction': -1.1936343253385795}, 'user_v': 7.999999999999999, 'user_w': 0, 'delta_t': 0.02, 'need_reset': False}
Tangent angle: 3.590942452843342, User angle: 5.215623637443011, Offset angle: 0.32557413699839066
Target angle: 3.9165165898417325, distance: 592.4395222854346, angle diff: 1.2991070476012787, rotation direction: -1
Basic rotation angle: 1.693121693121693, rotation gain: 0.002751124609575403
Rotation gain: 1.24, direction: -1, curvature radius: 7.5
{'type': 'running', 'physical': {'user_x': 1166.1587188916724, 'user_y': 865.9867803698597, 'user_direction': 5.19445961627899}, 'virtual': {'user_x': 1968.7699137986697, 'user_y': 9354.388306359242, 'user_direction': -1.1936343253385757}, 'user_v': 7.999999999999999, 'user_w': 0, 'delta_t': 0.02, 'need_reset': False}
Tangent angle: 3.5807975486908585, User angle: 5.19445961627899, Offset angle: 0.32544466781942877
Target angle: 3.9062422165102872, distance: 592.6927216598696, angle diff: 1.2882173997687025, rotation direction: -1
Basic rotation angle: 1.693121693121693, rotation gain: 0.0029374466004150764
Rotation gain: 1.24, direction: -1, curvature radius: 7.5
{'type': 'running', 'physical': {'user_x': 1168.9825938046627, 'user_y': 860.3001159925128, 'user_direction': 5.173295595114968}, 'virtual': {'user_x': 1971.7161812412944, 'user_y': 9346.950597830633, 'user_direction': -1.1936343253385706}, 'user_v': 7.999999999999999, 'user_w': 0, 'delta_t': 0.02, 'need_reset': False}
Tangent angle: 3.5706523581993936, User angle: 5.173295595114968, Offset angle: 0.3253529991806524
Target angle: 3.896005357380046, distance: 592.8721130550815, angle diff: 1.2772902377349222, rotation direction: -1
Basic rotation angle: 1.693121693121693, rotation gain: 0.003102679103105301
Rotation gain: 1.24, direction: -1, curvature radius: 7.5
{'type': 'running', 'physical': {'user_x': 1171.6854926113836, 'user_y': 854.5549650540754, 'user_direction': 5.152131573950947}, 'virtual': {'user_x': 1974.6624486839191, 'user_y': 9339.512889302025, 'user_direction': -1.193634325338563}, 'user_v': 7.999999999999999, 'user_w': 0, 'delta_t': 0.02, 'need_reset': False}
Tangent angle: 3.56050697923508, User angle: 5.152131573950947, Offset angle: 0.32529907636012717
Target angle: 3.885806055595207, distance: 592.9776831348729, angle diff: 1.2663255183557398, rotation direction: -1
Basic rotation angle: 1.693121693121693, rotation gain: 0.003249432673244069
Rotation gain: 1.24, direction: -1, curvature radius: 7.5
{'type': 'running', 'physical': {'user_x': 1174.2662046859652, 'user_y': 848.7539008023273, 'user_direction': 5.130967552786926}, 'virtual': {'user_x': 1977.608716126544, 'user_y': 9332.075180773416, 'user_direction': -1.1936343253385506}, 'user_v': 7.999999999999999, 'user_w': 0, 'delta_t': 0.02, 'need_reset': False}
Tangent angle: 3.550361509495494, User angle: 5.130967552786926, Offset angle: 0.3252828671871294
Target angle: 3.875644376682623, distance: 593.0094240472043, angle diff: 1.2553231761043024, rotation direction: -1
Basic rotation angle: 1.693121693121693, rotation gain: 0.003379991655562924
Rotation gain: 1.24, direction: -1, curvature radius: 7.5
{'type': 'running', 'physical': {'user_x': 1176.7235741298616, 'user_y': 842.8995215285693, 'user_direction': 5.109803531622904}, 'virtual': {'user_x': 1980.554983569169, 'user_y': 9324.637472244807, 'user_direction': -1.1936343253385393}, 'user_v': 7.999999999999999, 'user_w': 0, 'delta_t': 0.02, 'need_reset': False}
Tangent angle: 3.540216046597071, User angle: 5.109803531622904, Offset angle: 0.3253043619938636
Target angle: 3.8655204085909345, distance: 592.9673334307125, angle diff: 1.2442831230319698, rotation direction: -1
Basic rotation angle: 1.693121693121693, rotation gain: 0.0034963549574804063
Rotation gain: 1.24, direction: -1, curvature radius: 7.5
{'type': 'running', 'physical': {'user_x': 1179.0565002895767, 'user_y': 836.9944494038514, 'user_direction': 5.088639510458883}, 'virtual': {'user_x': 1983.5012510117942, 'user_y': 9317.199763716199, 'user_direction': -1.1936343253385102}, 'user_v': 7.999999999999999, 'user_w': 0, 'delta_t': 0.02, 'need_reset': False}
Tangent angle: 3.5300706881623602, User angle: 5.088639510458883, Offset angle: 0.32536357360095813
Target angle: 3.8554342617633184, distance: 592.8514144166709, angle diff: 1.2332052486955645, rotation direction: -1
Basic rotation angle: 1.693121693121693, rotation gain: 0.0036002717261063946
Rotation gain: 1.24, direction: -1, curvature radius: 7.5
{'type': 'running', 'physical': {'user_x': 1181.263938249646, 'user_y': 831.0413293045045, 'user_direction': 5.0674754892948615}, 'virtual': {'user_x': 1984.3638081836098, 'user_y': 9315.022280185543, 'user_direction': -1.1936343253385102}, 'user_v': 0, 'user_w': 0.1, 'delta_t': 0.02, 'need_reset': False}
Tangent angle: 3.519925531907294, User angle: 5.0674754892948615, Offset angle: 0.32546053733670005
Target angle: 3.845386069243994, distance: 592.6616756263903, angle diff: 1.2220894200508674, rotation direction: -1
Basic rotation angle: 0.0, rotation gain: 0.0031683389205236566
Rotation gain: 1.24, direction: -1, curvature radius: 2500000
{'type': 'running', 'physical': {'user_x': 1183.3448993006534, 'user_y': 825.0428276275028, 'user_direction': 5.04631146813084}, 'virtual': {'user_x': 1984.3638081836098, 'user_y': 9315.022280185543, 'user_direction': -1.0936343253385101}, 'user_v': 0, 'user_w': 0.1, 'delta_t': 0.02, 'need_reset': False}
Tangent angle: 3.5097806757286345, User angle: 5.04631146813084, Offset angle: 0.3255953110900617
Target angle: 3.835375986818696, distance: 592.3981311640606, angle diff: 1.210935481312144, rotation direction: -1
Basic rotation angle: 0.0, rotation gain: 0.0027904660007378877
Rotation gain: 1.24, direction: -1, curvature radius: 2500000
{'type': 'running', 'physical': {'user_x': 1183.3448993006534, 'user_y': 825.0428276275028, 'user_direction': 5.126956629421163}, 'virtual': {'user_x': 1984.3638081836098, 'user_y': 9315.022280185543, 'user_direction': -0.9936343253385101}, 'user_v': 0, 'user_w': 0.1, 'delta_t': 0.02, 'need_reset': False}
Tangent angle: 3.5097806757286345, User angle: 5.126956629421163, Offset angle: 0.3255953110900617
Target angle: 3.835375986818696, distance: 592.3981311640606, angle diff: 1.291580642602467, rotation direction: -1
Basic rotation angle: 0.0, rotation gain: 0.00245982719592534
Rotation gain: 1.24, direction: -1, curvature radius: 2500000
{'type': 'running', 'physical': {'user_x': 1183.3448993006534, 'user_y': 825.0428276275028, 'user_direction': 5.207601790711486}, 'virtual': {'user_x': 1984.3638081836098, 'user_y': 9315.022280185543, 'user_direction': -0.8936343253385102}, 'user_v': 0, 'user_w': 0.1, 'delta_t': 0.02, 'need_reset': False}
Tangent angle: 3.5097806757286345, User angle: 5.207601790711486, Offset angle: 0.3255953110900617
Target angle: 3.835375986818696, distance: 592.3981311640606, angle diff: 1.37222580389279, rotation direction: -1
Basic rotation angle: 0.0, rotation gain: 0.002170518241714361
Rotation gain: 1.24, direction: -1, curvature radius: 2500000
{'type': 'running', 'physical': {'user_x': 1183.3448993006534, 'user_y': 825.0428276275028, 'user_direction': 5.288246952001809}, 'virtual': {'user_x': 1984.3638081836098, 'user_y': 9315.022280185543, 'user_direction': -0.7936343253385102}, 'user_v': 0, 'user_w': 0.1, 'delta_t': 0.02, 'need_reset': False}
Tangent angle: 3.5097806757286345, User angle: 5.288246952001809, Offset angle: 0.3255953110900617
Target angle: 3.835375986818696, distance: 592.3981311640606, angle diff: 1.4528709651831129, rotation direction: -1
Basic rotation angle: 0.0, rotation gain: 0.0019173729067797542
Rotation gain: 1.24, direction: -1, curvature radius: 2500000
{'type': 'running', 'physical': {'user_x': 1183.3448993006534, 'user_y': 825.0428276275028, 'user_direction': 5.368892113292132}, 'virtual': {'user_x': 1984.3638081836098, 'user_y': 9315.022280185543, 'user_direction': -0.6486038390594909}, 'user_v': 7.999999999999999, 'user_w': 0, 'delta_t': 0.02, 'need_reset': False}
Tangent angle: 3.5097806757286345, User angle: 5.368892113292132, Offset angle: 0.3255953110900617
Target angle: 3.835375986818696, distance: 592.3981311640606, angle diff: 1.5335161264734358, rotation direction: -1
Basic rotation angle: 1.693121693121693, rotation gain: 0.002222784651822932
Rotation gain: 1.24, direction: -1, curvature radius: 7.5
{'type': 'running', 'physical': {'user_x': 1183.3448993006534, 'user_y': 825.0428276275028, 'user_direction': 5.449537274582455}, 'virtual': {'user_x': 1990.7392318636641, 'user_y': 9310.189685344281, 'user_direction': -0.6486038390594909}, 'user_v': 7.999999999999999, 'user_w': 0, 'delta_t': 0.02, 'need_reset': False}
Tangent angle: 3.5097806757286345, User angle: 5.449537274582455, Offset angle: 0.3255953110900617
Target angle: 3.835375986818696, distance: 592.3981311640606, angle diff: 1.6141612877637588, rotation direction: -1
Basic rotation angle: 1.693121693121693, rotation gain: 0.002490019928735712
Rotation gain: 1.24, direction: -1, curvature radius: 7.5
{'type': 'running', 'physical': {'user_x': 1187.512266392168, 'user_y': 820.2526843322178, 'user_direction': 5.4283732534184335}, 'virtual': {'user_x': 1997.1146555437185, 'user_y': 9305.35709050302, 'user_direction': -0.6486038390594937}, 'user_v': 7.999999999999999, 'user_w': 0, 'delta_t': 0.02, 'need_reset': False}
Tangent angle: 3.5002671965815364, User angle: 5.4283732534184335, Offset angle: 0.3244158822409522
Target angle: 3.8246830788224884, distance: 594.7116176070627, angle diff: 1.603690174595945, rotation direction: -1
Basic rotation angle: 1.693121693121693, rotation gain: 0.0027260199969395254
Rotation gain: 1.24, direction: -1, curvature radius: 7.5
{'type': 'running', 'physical': {'user_x': 1191.5773290776906, 'user_y': 815.3754221260642, 'user_direction': 5.407209232254412}, 'virtual': {'user_x': 2003.490079223773, 'user_y': 9300.524495661757, 'user_direction': -0.6486038390594968}, 'user_v': 7.999999999999999, 'user_w': 0, 'delta_t': 0.02, 'need_reset': False}
Tangent angle: 3.4907463934289824, User angle: 5.407209232254412, Offset angle: 0.3232821368517273
Target angle: 3.8140285302807095, distance: 596.950842812601, angle diff: 1.5931807019737025, rotation direction: -1
Basic rotation angle: 1.693121693121693, rotation gain: 0.0029346617842032517
Rotation gain: 1.24, direction: -1, curvature radius: 7.5
{'type': 'running', 'physical': {'user_x': 1195.5382666194125, 'user_y': 810.4132255302632, 'user_direction': 5.386045211090391}, 'virtual': {'user_x': 2009.8655029038273, 'user_y': 9295.691900820495, 'user_direction': -0.6486038390595}, 'user_v': 7.999999999999999, 'user_w': 0, 'delta_t': 0.02, 'need_reset': False}
Tangent angle: 3.481218574227981, User angle: 5.386045211090391, Offset angle: 0.32219332071489076
Target angle: 3.8034118949428715, distance: 599.1156419975227, angle diff: 1.5826333161475192, rotation direction: -1
Basic rotation angle: 1.693121693121693, rotation gain: 0.0031193378265808314
Rotation gain: 1.24, direction: -1, curvature radius: 7.5
{'type': 'running', 'physical': {'user_x': 1199.3933049170807, 'user_y': 805.3683171080702, 'user_direction': 5.364881189926369}, 'virtual': {'user_x': 2016.2409265838817, 'user_y': 9290.859305979233, 'user_direction': -0.6486038390595036}, 'user_v': 7.999999999999999, 'user_w': 0, 'delta_t': 0.02, 'need_reset': False}
Tangent angle: 3.471684039816406, User angle: 5.364881189926369, Offset angle: 0.3211487157452426
Target angle: 3.7928327555616486, distance: 601.2058546381776, angle diff: 1.5720484343647207, rotation direction: -1
Basic rotation angle: 1.693121693121693, rotation gain: 0.0032830168099629202
Rotation gain: 1.24, direction: -1, curvature radius: 7.5
{'type': 'running', 'physical': {'user_x': 1199.3933049170807, 'user_y': 805.3683171080702, 'user_direction': 5.364881189926369}, 'virtual': {'user_x': 2022.616350263936, 'user_y': 9286.026711137969, 'user_direction': -0.6486038390595075}, 'user_v': 7.999999999999999, 'user_w': 0, 'delta_t': 0.02, 'need_reset': True}
{'type': 'running', 'physical': {'user_x': 1199.3933049170807, 'user_y': 805.3683171080702, 'user_direction': 2.2232885363365753}, 'virtual': {'user_x': 2028.9917739439904, 'user_y': 9281.194116296707, 'user_direction': -0.6486038390595035}, 'user_v': 7.999999999999999, 'user_w': 0, 'delta_t': 0.02, 'need_reset': False}
Tangent angle: 3.471684039816406, User angle: 2.2232885363365753, Offset angle: 0.3211487157452426
Target angle: 3.150535324071164, distance: 601.2058546381776, angle diff: 0.9272467877345889, rotation direction: 1
Basic rotation angle: 1.693121693121693, rotation gain: 0.0035139117605801832
Rotation gain: 1.24, direction: 1, curvature radius: 7.5
{'type': 'running', 'physical': {'user_x': 1195.4323673753588, 'user_y': 810.3305137038712, 'user_direction': 2.2444525575005967}, 'virtual': {'user_x': 2035.3671976240448, 'user_y': 9276.361521455443, 'user_direction': -0.6486038390595077}, 'user_v': 7.999999999999999, 'user_w': 0, 'delta_t': 0.02, 'need_reset': False}
Tangent angle: 3.4811509426824365, User angle: 2.2444525575005967, Offset angle: 0.32226067072534903
Target angle: 3.1588902719570875, distance: 598.9813261806737, angle diff: 0.9144377144564908, rotation direction: 1
Basic rotation angle: 1.693121693121693, rotation gain: 0.0037153225130928365
Rotation gain: 1.24, direction: 1, curvature radius: 7.5
{'type': 'running', 'physical': {'user_x': 1191.3673046898361, 'user_y': 815.2077759100248, 'user_direction': 2.265616578664618}, 'virtual': {'user_x': 2041.7426213040992, 'user_y': 9271.52892661418, 'user_direction': -0.6486038390595034}, 'user_v': 7.999999999999999, 'user_w': 0, 'delta_t': 0.02, 'need_reset': False}
Tangent angle: 3.4906102425540118, User angle: 2.265616578664618, Offset angle: 0.3234177381125926
Target angle: 3.16719250444142, distance: 596.6822235229242, angle diff: 0.9015759257768021, rotation direction: 1
Basic rotation angle: 1.693121693121693, rotation gain: 0.0038909245025787412
Rotation gain: 1.24, direction: 1, curvature radius: 7.5
{'type': 'running', 'physical': {'user_x': 1187.1999375983216, 'user_y': 819.9979192053098, 'user_direction': 2.2867805998286395}, 'virtual': {'user_x': 2048.1180449841536, 'user_y': 9266.696331772917, 'user_direction': -0.6486038390595079}, 'user_v': 7.999999999999999, 'user_w': 0, 'delta_t': 0.02, 'need_reset': False}
Tangent angle: 3.5000616101942708, User angle: 2.2867805998286395, Offset angle: 0.3246206901865225
Target angle: 3.1754409200077482, distance: 594.3087170571696, angle diff: 0.8886603201791088, rotation direction: 1
Basic rotation angle: 1.693121693121693, rotation gain: 0.004043934101209983
Rotation gain: 1.24, direction: 1, curvature radius: 7.5
{'type': 'running', 'physical': {'user_x': 1182.9321326606726, 'user_y': 824.6987980889846, 'user_direction': 2.307944620992661}, 'virtual': {'user_x': 2054.493468664208, 'user_y': 9261.863736931655, 'user_direction': -0.6486038390595033}, 'user_v': 7.999999999999999, 'user_w': 0, 'delta_t': 0.02, 'need_reset': False}
Tangent angle: 3.5095047081993895, User angle: 2.307944620992661, Offset angle: 0.32587033722213105
Target angle: 3.183634370977259, distance: 591.8609812709012, angle diff: 0.8756897499845984, rotation direction: 1
Basic rotation angle: 1.693121693121693, rotation gain: 0.004177166010210485
Rotation gain: 1.24, direction: 1, curvature radius: 7.5
{'type': 'running', 'physical': {'user_x': 1178.5658014227643, 'user_y': 829.3083070417548, 'user_direction': 2.3291086421566822}, 'virtual': {'user_x': 2060.8688923442623, 'user_y': 9257.03114209039, 'user_direction': -0.6486038390595094}, 'user_v': 7.999999999999999, 'user_w': 0, 'delta_t': 0.02, 'need_reset': False}
Tangent angle: 3.5189391905651366, User angle: 2.3291086421566822, Offset angle: 0.3271675289421584
Target angle: 3.191771661622978, distance: 589.3391945682225, angle diff: 0.8626630194662956, rotation direction: 1
Basic rotation angle: 1.693121693121693, rotation gain: 0.004293083478202415
Rotation gain: 1.24, direction: 1, curvature radius: 7.5
{'type': 'running', 'physical': {'user_x': 1174.1028995603108, 'user_y': 833.8243814688333, 'user_direction': 2.3502726633207036}, 'virtual': {'user_x': 2067.244316024317, 'user_y': 9252.198547249129, 'user_direction': -0.648603839059503}, 'user_v': 7.999999999999999, 'user_w': 0, 'delta_t': 0.02, 'need_reset': False}
Tangent angle: 3.528364702233617, User angle: 2.3502726633207036, Offset angle: 0.32851315606056486
Target angle: 3.1998515461730523, distance: 586.7435390806096, angle diff: 0.8495788828523487, rotation direction: 1
Basic rotation angle: 1.693121693121693, rotation gain: 0.004393842242659381
Rotation gain: 1.24, direction: 1, curvature radius: 7.5
{'type': 'running', 'physical': {'user_x': 1169.5454260029194, 'user_y': 838.2449986246704, 'user_direction': 2.371436684484725}, 'virtual': {'user_x': 2073.619739704371, 'user_y': 9247.365952407865, 'user_direction': -0.64860383905951}, 'user_v': 7.999999999999999, 'user_w': 0, 'delta_t': 0.02, 'need_reset': False}
Tangent angle: 3.537780878618895, User angle: 2.371436684484725, Offset angle: 0.32990815192285583
Target angle: 3.2078727266960385, distance: 584.0742004664443, angle diff: 0.8364360422113135, rotation direction: 1
Basic rotation angle: 1.693121693121693, rotation gain: 0.004481328979095642
Rotation gain: 1.24, direction: 1, curvature radius: 7.5
{'type': 'running', 'physical': {'user_x': 1164.8954220387718, 'user_y': 842.5681785189398, 'user_direction': 2.3926007056487464}, 'virtual': {'user_x': 2079.9951633844257, 'user_y': 9242.533357566603, 'user_direction': -0.6486038390595028}, 'user_v': 7.999999999999999, 'user_w': 0, 'delta_t': 0.02, 'need_reset': False}
Tangent angle: 3.5471873451100984, User angle: 2.3926007056487464, Offset angle: 0.33135349424940413
Target angle: 3.215833850860694, distance: 581.3313676986288, angle diff: 0.8232331452119475, rotation direction: 1
Basic rotation angle: 1.693121693121693, rotation gain: 0.004557194944542969
Rotation gain: 1.24, direction: 1, curvature radius: 7.5
{'type': 'running', 'physical': {'user_x': 1160.1549704003332, 'user_y': 846.7919848033742, 'user_direction': 2.4137647268127678}, 'virtual': {'user_x': 2086.37058706448, 'user_y': 9237.700762725339, 'user_direction': -0.6486038390595108}, 'user_v': 7.999999999999999, 'user_w': 0, 'delta_t': 0.02, 'need_reset': False}
Tangent angle: 3.5565837165505068, User angle: 2.4137647268127678, Offset angle: 0.33285020698841566
Target angle: 3.2237335095620914, distance: 578.51523283954, angle diff: 0.8099687827493236, rotation direction: 1
Basic rotation angle: 1.693121693121693, rotation gain: 0.004622885416048918
Rotation gain: 1.24, direction: 1, curvature radius: 7.5
{'type': 'running', 'physical': {'user_x': 1155.3261943314983, 'user_y': 850.9145256390543, 'user_direction': 2.434928747976789}, 'virtual': {'user_x': 2092.7460107445345, 'user_y': 9232.868167884077, 'user_direction': -0.6486038390595025}, 'user_v': 7.999999999999999, 'user_w': 0, 'delta_t': 0.02, 'need_reset': False}
Tangent angle: 3.565969596691033, User angle: 2.434928747976789, Offset angle: 0.33439936228572575
Target angle: 3.231570234405307, distance: 575.6259908025146, angle diff: 0.7966414864285181, rotation direction: 1
Basic rotation angle: 1.693121693121693, rotation gain: 0.004679665449839756
Rotation gain: 1.24, direction: 1, curvature radius: 7.5
{'type': 'running', 'physical': {'user_x': 1150.411256636592, 'user_y': 854.9339545437612, 'user_direction': 2.4560927691408105}, 'virtual': {'user_x': 2099.1214344245886, 'user_y': 9228.035573042813, 'user_direction': -0.6486038390595119}, 'user_v': 7.999999999999999, 'user_w': 0, 'delta_t': 0.02, 'need_reset': False}
Tangent angle: 3.5753445776163852, User angle: 2.4560927691408105, Offset angle: 0.3360020825792079
Target angle: 3.239342495037178, distance: 572.6638390989891, angle diff: 0.7832497258963675, rotation direction: 1
Basic rotation angle: 1.693121693121693, rotation gain: 0.004728642421087089
Rotation gain: 1.24, direction: 1, curvature radius: 7.5
{'type': 'running', 'physical': {'user_x': 1145.4123587116521, 'user_y': 858.8484712190142, 'user_direction': 2.477256790304832}, 'virtual': {'user_x': 2105.4968581046433, 'user_y': 9223.20297820155, 'user_direction': -0.648603839059502}, 'user_v': 7.999999999999999, 'user_w': 0, 'delta_t': 0.02, 'need_reset': False}
Tangent angle: 3.584708239142084, User angle: 2.477256790304832, Offset angle: 0.3376595428262238
Target angle: 3.2470486963158596, distance: 569.6289775703381, angle diff: 0.7697919060110276, rotation direction: 1
Basic rotation angle: 1.693121693121693, rotation gain: 0.004770785746726213
Rotation gain: 1.24, direction: 1, curvature radius: 7.5
{'type': 'running', 'physical': {'user_x': 1140.3317395584254, 'user_y': 862.6563223564232, 'user_direction': 2.4984208114688533}, 'virtual': {'user_x': 2111.8722817846974, 'user_y': 9218.370383360287, 'user_direction': -0.6486038390595135}, 'user_v': 7.999999999999999, 'user_w': 0, 'delta_t': 0.02, 'need_reset': False}
Tangent angle: 3.594060148180378, User angle: 2.4984208114688533, Offset angle: 0.3393729728732486
Target angle: 3.2546871753071294, distance: 566.5216081033761, angle diff: 0.7562663638382761, rotation direction: 1
Basic rotation angle: 1.693121693121693, rotation gain: 0.004806944143469584
Rotation gain: 1.24, direction: 1, curvature radius: 7.5
{'type': 'running', 'physical': {'user_x': 1135.1716747815208, 'user_y': 866.3558024229935, 'user_direction': 2.5195848326328747}, 'virtual': {'user_x': 2118.247705464752, 'user_y': 9213.537788519025, 'user_direction': -0.6486038390595015}, 'user_v': 7.999999999999999, 'user_w': 0, 'delta_t': 0.02, 'need_reset': False}
Tangent angle: 3.603399858072959, User angle: 2.5195848326328747, Offset angle: 0.34114365997757856
Target angle: 3.262256198095381, distance: 563.3419343283923, angle diff: 0.7426713654625061, rotation direction: 1
Basic rotation angle: 1.693121693121693, rotation gain: 0.004837860729142374
Rotation gain: 1.24, direction: 1, curvature radius: 7.5
{'type': 'running', 'physical': {'user_x': 1129.9344755691689, 'user_y': 869.9452544250327, 'user_direction': 2.540748853796896}, 'virtual': {'user_x': 2124.623129144806, 'user_y': 9208.70519367776, 'user_direction': -0.6486038390595159}, 'user_v': 7.999999999999999, 'user_w': 0, 'delta_t': 0.02, 'need_reset': False}
Tangent angle: 3.612726907888216, User angle: 2.540748853796896, Offset angle: 0.34297295149187373
Target angle: 3.269753956396343, distance: 560.0901612984874, angle diff: 0.7290051025994471, rotation direction: 1
Basic rotation angle: 1.693121693121693, rotation gain: 0.00486418623695279
Rotation gain: 1.24, direction: 1, curvature radius: 7.5
{'type': 'running', 'physical': {'user_x': 1124.622487658042, 'user_y': 873.423070650316, 'user_direction': 2.5619128749609175}, 'virtual': {'user_x': 2130.998552824861, 'user_y': 9203.872598836499, 'user_direction': -0.6486038390595004}, 'user_v': 7.999999999999999, 'user_w': 0, 'delta_t': 0.02, 'need_reset': False}
Tangent angle: 3.622040821680624, User angle: 2.5619128749609175, Offset angle: 0.3448622577232164
Target angle: 3.277178563957408, distance: 556.7664951488731, angle diff: 0.7152656889964906, rotation direction: 1
Basic rotation angle: 1.693121693121693, rotation gain: 0.004886490578609924
Rotation gain: 1.24, direction: 1, curvature radius: 7.5
{'type': 'running', 'physical': {'user_x': 1119.2380902826017, 'user_y': 876.7876933881804, 'user_direction': 2.583076896124939}, 'virtual': {'user_x': 2137.373976504915, 'user_y': 9199.040003995235, 'user_direction': -0.6486038390595201}, 'user_v': 7.999999999999999, 'user_w': 0, 'delta_t': 0.02, 'need_reset': False}
Tangent angle: 3.6313411077096527, User angle: 2.583076896124939, Offset angle: 0.3468130549793801
Target angle: 3.2845280527302734, distance: 553.3711427346683, angle diff: 0.7014511566053345, rotation direction: 1
Basic rotation angle: 1.693121693121693, rotation gain: 0.004905272962714615
Rotation gain: 1.24, direction: 1, curvature radius: 7.5
{'type': 'running', 'physical': {'user_x': 1113.7836951094412, 'user_y': 880.0376156272201, 'user_direction': 2.6042409172889602}, 'virtual': {'user_x': 2143.7494001849695, 'user_y': 9194.207409153973, 'user_direction': -0.6486038390594984}, 'user_v': 7.999999999999999, 'user_w': 0, 'delta_t': 0.02, 'need_reset': False}
Tangent angle: 3.6406272576154053, User angle: 2.6042409172889602, Offset angle: 0.3488268888161261
Target angle: 3.2918003687992794, distance: 549.9043112455929, angle diff: 0.6875594515103192, rotation direction: 1
Basic rotation angle: 1.693121693121693, rotation gain: 0.004920970749047487
Rotation gain: 1.24, direction: 1, curvature radius: 7.5
{'type': 'running', 'physical': {'user_x': 1108.2617451571025, 'user_y': 883.1713817302771, 'user_direction': 2.6254049384529816}, 'virtual': {'user_x': 2150.1248238650237, 'user_y': 9189.374814312709, 'user_direction': -0.6486038390595297}, 'user_v': 7.999999999999999, 'user_w': 0, 'delta_t': 0.02, 'need_reset': False}
Tangent angle: 3.64989874554798, User angle: 2.6254049384529816, Offset angle: 0.3509053775005677
Target angle: 3.2989933680474124, distance: 546.3662077958131, angle diff: 0.6735884295944308, rotation direction: 1
Basic rotation angle: 1.693121693121693, rotation gain: 0.004933967196802361
Rotation gain: 1.24, direction: 1, curvature radius: 7.5
{'type': 'running', 'physical': {'user_x': 1102.6747137018506, 'user_y': 886.1875880864185, 'user_direction': 2.646568959617003}, 'virtual': {'user_x': 2156.5002475450783, 'user_y': 9184.542219471447, 'user_direction': -0.6486038390594927}, 'user_v': 7.999999999999999, 'user_w': 0, 'delta_t': 0.02, 'need_reset': False}
Tangent angle: 3.6591550272473032, User angle: 2.646568959617003, Offset angle: 0.35305021570700085
Target angle: 3.306104811540303, distance: 542.7570389870214, angle diff: 0.6595358519232999, rotation direction: 1
Basic rotation angle: 1.693121693121693, rotation gain: 0.004944598245059349
Rotation gain: 1.24, direction: 1, curvature radius: 7.5
{'type': 'running', 'physical': {'user_x': 1097.0251031698954, 'user_y': 889.0848837396134, 'user_direction': 2.6677329807810244}, 'virtual': {'user_x': 2162.8756712251325, 'user_y': 9179.709624630183, 'user_direction': -0.6486038390595702}, 'user_v': 7.999999999999999, 'user_w': 0, 'delta_t': 0.02, 'need_reset': False}
Tangent angle: 3.6683955390699405, User angle: 2.6677329807810244, Offset angle: 0.3552631784630897
Target angle: 3.3131323606068506, distance: 539.0770104426555, angle diff: 0.6453993798258262, rotation direction: 1
Basic rotation angle: 1.693121693121693, rotation gain: 0.00495315844650746
Rotation gain: 1.24, direction: 1, curvature radius: 7.5
{'type': 'running', 'physical': {'user_x': 1091.315444016557, 'user_y': 891.8619709938245, 'user_direction': 2.6888970019450458}, 'virtual': {'user_x': 2164.3833725837885, 'user_y': 9178.566781397536, 'user_direction': -0.6486038390595702}, 'user_v': 0, 'user_w': 0.1, 'delta_t': 0.02, 'need_reset': False}
Tangent angle: 3.6776196969591215, User angle: 2.6888970019450458, Offset angle: 0.35754612536594305
Target angle: 3.320073571593179, distance: 535.3263263109583, angle diff: 0.6311765696481331, rotation direction: 1
Basic rotation angle: 0.0, rotation gain: 0.004354876724680985
Rotation gain: 1.24, direction: 1, curvature radius: 2500000
{'type': 'running', 'physical': {'user_x': 1085.5482935928776, 'user_y': 894.5176059942447, 'user_direction': 2.710061023109067}, 'virtual': {'user_x': 2164.3833725837885, 'user_y': 9178.566781397536, 'user_direction': -0.7486038390595702}, 'user_v': 0, 'user_w': 0.1, 'delta_t': 0.02, 'need_reset': False}
Tangent angle: 3.6868268953538887, User angle: 2.710061023109067, Offset angle: 0.35990100508944134
Target angle: 3.326925890264448, distance: 531.5051887343495, angle diff: 0.6168648671553809, rotation direction: 1
Basic rotation angle: 0.0, rotation gain: 0.0038313554743108613
Rotation gain: 1.24, direction: 1, curvature radius: 2500000
{'type': 'running', 'physical': {'user_x': 1085.5482935928776, 'user_y': 894.5176059942447, 'user_direction': 2.7907061843993897}, 'virtual': {'user_x': 2164.3833725837885, 'user_y': 9178.566781397536, 'user_direction': -0.8486038390595702}, 'user_v': 0, 'user_w': 0.1, 'delta_t': 0.02, 'need_reset': False}
Tangent angle: 3.6868268953538887, User angle: 2.7907061843993897, Offset angle: 0.35990100508944134
Target angle: 3.326925890264448, distance: 531.5051887343495, angle diff: 0.5362197058650584, rotation direction: 1
Basic rotation angle: 0.0, rotation gain: 0.003373274380237003
Rotation gain: 1.24, direction: 1, curvature radius: 2500000
{'type': 'running', 'physical': {'user_x': 1085.5482935928776, 'user_y': 894.5176059942447, 'user_direction': 2.871351345689712}, 'virtual': {'user_x': 2164.3833725837885, 'user_y': 9178.566781397536, 'user_direction': -0.9486038390595701}, 'user_v': 0, 'user_w': 0.1, 'delta_t': 0.02, 'need_reset': False}
Tangent angle: 3.6868268953538887, User angle: 2.871351345689712, Offset angle: 0.35990100508944134
Target angle: 3.326925890264448, distance: 531.5051887343495, angle diff: 0.4555745445747359, rotation direction: 1
Basic rotation angle: 0.0, rotation gain: 0.0029724534229223767
Rotation gain: 1.24, direction: 1, curvature radius: 2500000
{'type': 'running', 'physical': {'user_x': 1085.5482935928776, 'user_y': 894.5176059942447, 'user_direction': 2.9519965069800347}, 'virtual': {'user_x': 2164.3833725837885, 'user_y': 9178.566781397536, 'user_direction': -1.0486038390595702}, 'user_v': 0, 'user_w': 0.1, 'delta_t': 0.02, 'need_reset': False}
Tangent angle: 3.6868268953538887, User angle: 2.9519965069800347, Offset angle: 0.35990100508944134
Target angle: 3.326925890264448, distance: 531.5051887343495, angle diff: 0.3749293832844134, rotation direction: 1
Basic rotation angle: 0.0, rotation gain: 0.002621735085272079
Rotation gain: 1.24, direction: 1, curvature radius: 2500000
{'type': 'running', 'physical': {'user_x': 1085.5482935928776, 'user_y': 894.5176059942447, 'user_direction': 3.032641668270357}, 'virtual': {'user_x': 2164.3833725837885, 'user_y': 9178.566781397536, 'user_direction': -1.1486038390595703}, 'user_v': 0, 'user_w': 0.1, 'delta_t': 0.02, 'need_reset': False}
Tangent angle: 3.6868268953538887, User angle: 3.032641668270357, Offset angle: 0.35990100508944134
Target angle: 3.326925890264448, distance: 531.5051887343495, angle diff: 0.2942842219940909, rotation direction: 1
Basic rotation angle: 0.0, rotation gain: 0.0023148565398280686
Rotation gain: 1.24, direction: 1, curvature radius: 2500000
{'type': 'running', 'physical': {'user_x': 1085.5482935928776, 'user_y': 894.5176059942447, 'user_direction': 3.1132868295606797}, 'virtual': {'user_x': 2164.3833725837885, 'user_y': 9178.566781397536, 'user_direction': -1.2486038390595704}, 'user_v': 0, 'user_w': 0.1, 'delta_t': 0.02, 'need_reset': False}
Tangent angle: 3.6868268953538887, User angle: 3.1132868295606797, Offset angle: 0.35990100508944134
Target angle: 3.326925890264448, distance: 531.5051887343495, angle diff: 0.21363906070376837, rotation direction: 1
Basic rotation angle: 0.0, rotation gain: 0.0020463378125645595
Rotation gain: 1.24, direction: 1, curvature radius: 2500000
{'type': 'running', 'physical': {'user_x': 1085.5482935928776, 'user_y': 894.5176059942447, 'user_direction': 3.193931990851002}, 'virtual': {'user_x': 2164.3833725837885, 'user_y': 9178.566781397536, 'user_direction': -1.3486038390595705}, 'user_v': 0, 'user_w': 0.1, 'delta_t': 0.02, 'need_reset': False}
Tangent angle: 3.6868268953538887, User angle: 3.193931990851002, Offset angle: 0.35990100508944134
Target angle: 3.326925890264448, distance: 531.5051887343495, angle diff: 0.13299389941344586, rotation direction: 1
Basic rotation angle: 0.0, rotation gain: 0.001811383926208989
Rotation gain: 1.24, direction: 1, curvature radius: 2500000
{'type': 'running', 'physical': {'user_x': 1085.5482935928776, 'user_y': 894.5176059942447, 'user_direction': 3.2745771521413247}, 'virtual': {'user_x': 2164.3833725837885, 'user_y': 9178.566781397536, 'user_direction': -1.4486038390595706}, 'user_v': 0, 'user_w': 0.1, 'delta_t': 0.02, 'need_reset': False}
Tangent angle: 3.6868268953538887, User angle: 3.2745771521413247, Offset angle: 0.35990100508944134
Target angle: 3.326925890264448, distance: 531.5051887343495, angle diff: 0.05234873812312335, rotation direction: 1
Basic rotation angle: 0.0, rotation gain: 0.0016057992756478648
Rotation gain: 1.24, direction: 1, curvature radius: 2500000
{'type': 'running', 'physical': {'user_x': 1085.5482935928776, 'user_y': 894.5176059942447, 'user_direction': 3.3552223134316472}, 'virtual': {'user_x': 2164.3833725837885, 'user_y': 9178.566781397536, 'user_direction': -1.5486038390595707}, 'user_v': 0, 'user_w': 0.1, 'delta_t': 0.02, 'need_reset': False}
Tangent angle: 3.6868268953538887, User angle: 3.3552223134316472, Offset angle: 0.35990100508944134
Target angle: 3.326925890264448, distance: 531.5051887343495, angle diff: 0.02829642316719916, rotation direction: -1
Basic rotation angle: 0.0, rotation gain: 0.001425912706406881
Rotation gain: 1.24, direction: -1, curvature radius: 2500000
{'type': 'running', 'physical': {'user_x': 1085.5482935928776, 'user_y': 894.5176059942447, 'user_direction': 3.4358674747219697}, 'virtual': {'user_x': 2164.3833725837885, 'user_y': 9178.566781397536, 'user_direction': -1.6486038390595708}, 'user_v': 0, 'user_w': 0.1, 'delta_t': 0.02, 'need_reset': False}
Tangent angle: 3.6868268953538887, User angle: 3.4358674747219697, Offset angle: 0.35990100508944134
Target angle: 3.326925890264448, distance: 531.5051887343495, angle diff: 0.10894158445752167, rotation direction: -1
Basic rotation angle: 0.0, rotation gain: 0.0012685119583210204
Rotation gain: 1.24, direction: -1, curvature radius: 2500000
{'type': 'running', 'physical': {'user_x': 1085.5482935928776, 'user_y': 894.5176059942447, 'user_direction': 3.5165126360122922}, 'virtual': {'user_x': 2164.3833725837885, 'user_y': 9178.566781397536, 'user_direction': -1.7486038390595708}, 'user_v': 0, 'user_w': 0.1, 'delta_t': 0.02, 'need_reset': False}
Tangent angle: 3.6868268953538887, User angle: 3.5165126360122922, Offset angle: 0.35990100508944134
Target angle: 3.326925890264448, distance: 531.5051887343495, angle diff: 0.18958674574784418, rotation direction: -1
Basic rotation angle: 0.0, rotation gain: 0.0011307863037458923
Rotation gain: 1.24, direction: -1, curvature radius: 2500000
{'type': 'running', 'physical': {'user_x': 1085.5482935928776, 'user_y': 894.5176059942447, 'user_direction': 3.5971577973026148}, 'virtual': {'user_x': 2164.3833725837885, 'user_y': 9178.566781397536, 'user_direction': -1.848603839059571}, 'user_v': 0, 'user_w': 0.1, 'delta_t': 0.02, 'need_reset': False}
Tangent angle: 3.6868268953538887, User angle: 3.5971577973026148, Offset angle: 0.35990100508944134
Target angle: 3.326925890264448, distance: 531.5051887343495, angle diff: 0.2702319070381667, rotation direction: -1
Basic rotation angle: 0.0, rotation gain: 0.0010102763559926551
Rotation gain: 1.24, direction: -1, curvature radius: 2500000
{'type': 'running', 'physical': {'user_x': 1085.5482935928776, 'user_y': 894.5176059942447, 'user_direction': 3.6778029585929373}, 'virtual': {'user_x': 2164.3833725837885, 'user_y': 9178.566781397536, 'user_direction': -1.948603839059571}, 'user_v': 0, 'user_w': 0.1, 'delta_t': 0.02, 'need_reset': False}
Tangent angle: 3.6868268953538887, User angle: 3.6778029585929373, Offset angle: 0.35990100508944134
Target angle: 3.326925890264448, distance: 531.5051887343495, angle diff: 0.3508770683284892, rotation direction: -1
Basic rotation angle: 0.0, rotation gain: 0.0009048301517085726
Rotation gain: 1.24, direction: -1, curvature radius: 2500000
{'type': 'running', 'physical': {'user_x': 1085.5482935928776, 'user_y': 894.5176059942447, 'user_direction': 3.7584481198832598}, 'virtual': {'user_x': 2164.3833725837885, 'user_y': 9178.566781397536, 'user_direction': -2.0970706172605103}, 'user_v': 7.999999999999999, 'user_w': 0, 'delta_t': 0.02, 'need_reset': False}
Tangent angle: 3.6868268953538887, User angle: 3.7584481198832598, Offset angle: 0.35990100508944134
Target angle: 4.04672790044333, distance: 531.5051887343495, angle diff: 0.28827978056007053, rotation direction: 1
Basic rotation angle: 1.693121693121693, rotation gain: 0.0012899928897108469
Rotation gain: 1.24, direction: 1, curvature radius: 7.5
{'type': 'running', 'physical': {'user_x': 1085.5482935928776, 'user_y': 894.5176059942447, 'user_direction': 3.8390932811735823}, 'virtual': {'user_x': 2160.3648504119083, 'user_y': 9171.649305011302, 'user_direction': -2.0970706172605103}, 'user_v': 7.999999999999999, 'user_w': 0, 'delta_t': 0.02, 'need_reset': False}
Tangent angle: 3.6868268953538887, User angle: 3.8390932811735823, Offset angle: 0.35990100508944134
Target angle: 4.04672790044333, distance: 531.5051887343495, angle diff: 0.20763461926974802, rotation direction: 1
Basic rotation angle: 1.693121693121693, rotation gain: 0.0016270102854628369
Rotation gain: 1.24, direction: 1, curvature radius: 7.5
{'type': 'running', 'physical': {'user_x': 1080.769337600937, 'user_y': 890.3374145043847, 'user_direction': 3.8602573023376037}, 'virtual': {'user_x': 2156.346328240028, 'user_y': 9164.731828625068, 'user_direction': -2.0970706172605063}, 'user_v': 7.999999999999999, 'user_w': 0, 'delta_t': 0.02, 'need_reset': False}
Tangent angle: 3.684876104421978, User angle: 3.8602573023376037, Offset angle: 0.36409369168386024
Target angle: 4.048969796105839, distance: 524.8189880695388, angle diff: 0.18871249376823496, rotation direction: 1
Basic rotation angle: 1.693121693121693, rotation gain: 0.0019213649388530032
Rotation gain: 1.24, direction: 1, curvature radius: 7.5
{'type': 'running', 'physical': {'user_x': 1076.0799149107918, 'user_y': 886.057024791058, 'user_direction': 3.881421323501625}, 'virtual': {'user_x': 2152.3278060681478, 'user_y': 9157.814352238835, 'user_direction': -2.0970706172605023}, 'user_v': 7.999999999999999, 'user_w': 0, 'delta_t': 0.02, 'need_reset': False}
Tangent angle: 3.682643722281353, User angle: 3.881421323501625, Offset angle: 0.36836874584909535
Target angle: 4.051012468130448, distance: 518.1512393247542, angle diff: 0.1695911446288232, rotation direction: 1
Basic rotation angle: 1.693121693121693, rotation gain: 0.0021784365961648074
Rotation gain: 1.24, direction: 1, curvature radius: 7.5
{'type': 'running', 'physical': {'user_x': 1071.4821259105179, 'user_y': 881.6783540368492, 'user_direction': 3.9025853446656464}, 'virtual': {'user_x': 2148.309283896268, 'user_y': 9150.8968758526, 'user_direction': -2.097070617260497}, 'user_v': 7.999999999999999, 'user_w': 0, 'delta_t': 0.02, 'need_reset': False}
Tangent angle: 3.6801215362148905, User angle: 3.9025853446656464, Offset angle: 0.37272591007158623
Target angle: 4.052847446286477, distance: 511.505708849872, angle diff: 0.15026210162083053, rotation direction: 1
Basic rotation angle: 1.693121693121693, rotation gain: 0.0024029347583492777
Rotation gain: 1.24, direction: 1, curvature radius: 7.5
{'type': 'running', 'physical': {'user_x': 1066.9780299455465, 'user_y': 877.2033634443304, 'user_direction': 3.923749365829668}, 'virtual': {'user_x': 2144.290761724388, 'user_y': 9143.979399466367, 'user_direction': -2.0970706172604965}, 'user_v': 7.999999999999999, 'user_w': 0, 'delta_t': 0.02, 'need_reset': False}
Tangent angle: 3.6773012234540694, User angle: 3.923749365829668, Offset angle: 0.37716467403273507
Target angle: 4.054465897486804, distance: 504.8863091396649, angle diff: 0.1307165316571366, rotation direction: 1
Basic rotation angle: 1.693121693121693, rotation gain: 0.0025989825383620716
Rotation gain: 1.24, direction: 1, curvature radius: 7.5
{'type': 'running', 'physical': {'user_x': 1062.5696443962854, 'user_y': 872.6340573576399, 'user_direction': 3.944913386993689}, 'virtual': {'user_x': 2140.2722395525084, 'user_y': 9137.061923080133, 'user_direction': -2.0970706172604956}, 'user_v': 7.999999999999999, 'user_w': 0, 'delta_t': 0.02, 'need_reset': False}
Tangent angle: 3.674174370315398, User angle: 3.944913386993689, Offset angle: 0.38168424495853254
Target angle: 4.055858615273931, distance: 498.2971052978281, angle diff: 0.11094522828024189, rotation direction: 1
Basic rotation angle: 1.693121693121693, rotation gain: 0.0027701900365032944
Rotation gain: 1.24, direction: 1, curvature radius: 7.5
{'type': 'running', 'physical': {'user_x': 1058.2589437745355, 'user_y': 867.9724823647382, 'user_direction': 3.9660774081577106}, 'virtual': {'user_x': 2136.2537173806286, 'user_y': 9130.1444466939, 'user_direction': -2.097070617260494}, 'user_v': 7.999999999999999, 'user_w': 0, 'delta_t': 0.02, 'need_reset': False}
Tangent angle: 3.6707324945393163, User angle: 3.9660774081577106, Offset angle: 0.3862835156719482
Target angle: 4.057016010211265, distance: 491.74232160154037, angle diff: 0.09093860205355409, rotation direction: 1
Basic rotation angle: 1.693121693121693, rotation gain: 0.0029197185434931897
Rotation gain: 1.24, direction: 1, curvature radius: 7.5
{'type': 'running', 'physical': {'user_x': 1054.0478588391093, 'user_y': 863.2207263807435, 'user_direction': 3.987241429321732}, 'virtual': {'user_x': 2132.235195208749, 'user_y': 9123.226970307665, 'user_direction': -2.097070617260492}, 'user_v': 7.999999999999999, 'user_w': 0, 'delta_t': 0.02, 'need_reset': False}
Tangent angle: 3.6669670711414635, User angle: 3.987241429321732, Offset angle: 0.3909610303109393
Target angle: 4.0579281014524025, distance: 485.2263481230032, angle diff: 0.07068667213067048, rotation direction: 1
Basic rotation angle: 1.693121693121693, rotation gain: 0.003050336717204941
Rotation gain: 1.24, direction: 1, curvature radius: 7.5
{'type': 'running', 'physical': {'user_x': 1049.938275731046, 'user_y': 858.3809177127564, 'user_direction': 4.008405450485753}, 'virtual': {'user_x': 2128.216673036869, 'user_y': 9116.309493921432, 'user_direction': -2.09707061726049}, 'user_v': 7.999999999999999, 'user_w': 0, 'delta_t': 0.02, 'need_reset': False}
Tangent angle: 3.6628695620970424, User angle: 4.008405450485753, Offset angle: 0.3957149477074994
Target angle: 4.058584509804541, distance: 478.75374735443376, angle diff: 0.05017905931878808, rotation direction: 1
Basic rotation angle: 1.693121693121693, rotation gain: 0.003164469735628502
Rotation gain: 1.24, direction: 1, curvature radius: 7.5
{'type': 'running', 'physical': {'user_x': 1045.9320351288102, 'user_y': 853.4552241065929, 'user_direction': 4.029569471649775}, 'virtual': {'user_x': 2124.198150864989, 'user_y': 9109.392017535198, 'user_direction': -2.0970706172604863}, 'user_v': 7.999999999999999, 'user_w': 0, 'delta_t': 0.02, 'need_reset': False}
Tangent angle: 3.658431450186039, User angle: 4.029569471649775, Offset angle: 0.40054300246420277
Target angle: 4.058974452650242, distance: 472.3292607715995, angle diff: 0.029404981000467068, rotation direction: 1
Basic rotation angle: 1.693121693121693, rotation gain: 0.0032642423031977747
Rotation gain: 1.24, direction: 1, curvature radius: 7.5
{'type': 'running', 'physical': {'user_x': 1042.030931423854, 'user_y': 848.4458517758533, 'user_direction': 4.050733492813796}, 'virtual': {'user_x': 2120.1796286931094, 'user_y': 9102.474541148964, 'user_direction': -2.0970706172604796}, 'user_v': 7.999999999999999, 'user_w': 0, 'delta_t': 0.02, 'need_reset': False}
Tangent angle: 3.6536442773291835, User angle: 4.050733492813796, Offset angle: 0.40544246381542387
Target angle: 4.059086741144608, distance: 465.9578152580652, angle diff: 0.008353248330811525, rotation direction: 1
Basic rotation angle: 1.693121693121693, rotation gain: 0.0033515162778386407
Rotation gain: 1.24, direction: 1, curvature radius: 7.5
{'type': 'running', 'physical': {'user_x': 1038.236711916911, 'user_y': 843.3550444137609, 'user_direction': 4.0718975139778175}, 'virtual': {'user_x': 2116.1611065212296, 'user_y': 9095.55706476273, 'user_direction': -2.097070617260466}, 'user_v': 7.999999999999999, 'user_w': 0, 'delta_t': 0.02, 'need_reset': False}
Tangent angle: 3.6484996877403537, User angle: 4.0718975139778175, Offset angle: 0.41041009242207777
Target angle: 4.058909780162431, distance: 459.64452929777065, angle diff: 0.012987733815386093, rotation direction: -1
Basic rotation angle: 1.693121693121693, rotation gain: 0.003427923590028533
Rotation gain: 1.24, direction: -1, curvature radius: 7.5
{'type': 'running', 'physical': {'user_x': 1034.3356082119549, 'user_y': 838.3456720830212, 'user_direction': 4.050733492813796}, 'virtual': {'user_x': 2113.2906631624414, 'user_y': 9090.615889051074, 'user_direction': -2.097070617260466}, 'user_v': 0, 'user_w': 0.1, 'delta_t': 0.02, 'need_reset': False}
Tangent angle: 3.643482755658582, User angle: 4.050733492813796, Offset angle: 0.41554154949798633
Target angle: 4.059024305156568, distance: 453.27263314869987, angle diff: 0.008290812342772291, rotation direction: 1
Basic rotation angle: 0.0, rotation gain: 0.003015943784203946
Rotation gain: 1.24, direction: 1, curvature radius: 2500000
{'type': 'running', 'physical': {'user_x': 1030.5413887050117, 'user_y': 833.2548647209288, 'user_direction': 4.0718975139778175}, 'virtual': {'user_x': 2113.2906631624414, 'user_y': 9090.615889051074, 'user_direction': -1.9970706172604658}, 'user_v': 0, 'user_w': 0.1, 'delta_t': 0.02, 'need_reset': False}
Tangent angle: 3.6380961159652565, User angle: 4.0718975139778175, Offset angle: 0.4207453190271411
Target angle: 4.058841434992398, distance: 446.960534392041, angle diff: 0.013056078985419717, rotation direction: -1
Basic rotation angle: 0.0, rotation gain: 0.0026554629209243276
Rotation gain: 1.24, direction: -1, curvature radius: 2500000
{'type': 'running', 'physical': {'user_x': 1030.5413887050117, 'user_y': 833.2548647209288, 'user_direction': 4.1525426752681405}, 'virtual': {'user_x': 2113.2906631624414, 'user_y': 9090.615889051074, 'user_direction': -1.8970706172604657}, 'user_v': 0, 'user_w': 0.1, 'delta_t': 0.02, 'need_reset': False}
Tangent angle: 3.6380961159652565, User angle: 4.1525426752681405, Offset angle: 0.4207453190271411
Target angle: 4.058841434992398, distance: 446.960534392041, angle diff: 0.09370124027574267, rotation direction: -1
Basic rotation angle: 0.0, rotation gain: 0.0023400421655546616
Rotation gain: 1.24, direction: -1, curvature radius: 2500000
{'type': 'running', 'physical': {'user_x': 1030.5413887050117, 'user_y': 833.2548647209288, 'user_direction': 4.233187836558463}, 'virtual': {'user_x': 2113.2906631624414, 'user_y': 9090.615889051074, 'user_direction': -1.7970706172604656}, 'user_v': 0, 'user_w': 0.1, 'delta_t': 0.02, 'need_reset': False}
Tangent angle: 3.6380961159652565, User angle: 4.233187836558463, Offset angle: 0.4207453190271411
Target angle: 4.058841434992398, distance: 446.960534392041, angle diff: 0.17434640156606562, rotation direction: -1
Basic rotation angle: 0.0, rotation gain: 0.002064049004606204
Rotation gain: 1.24, direction: -1, curvature radius: 2500000
{'type': 'running', 'physical': {'user_x': 1030.5413887050117, 'user_y': 833.2548647209288, 'user_direction': 4.313832997848786}, 'virtual': {'user_x': 2113.2906631624414, 'user_y': 9090.615889051074, 'user_direction': -1.6970706172604655}, 'user_v': 0, 'user_w': 0.1, 'delta_t': 0.02, 'need_reset': False}
Tangent angle: 3.6380961159652565, User angle: 4.313832997848786, Offset angle: 0.4207453190271411
Target angle: 4.058841434992398, distance: 446.960534392041, angle diff: 0.2549915628563886, rotation direction: -1
Basic rotation angle: 0.0, rotation gain: 0.0018225549887763033
Rotation gain: 1.24, direction: -1, curvature radius: 2500000
{'type': 'running', 'physical': {'user_x': 1030.5413887050117, 'user_y': 833.2548647209288, 'user_direction': 4.394478159139109}, 'virtual': {'user_x': 2113.2906631624414, 'user_y': 9090.615889051074, 'user_direction': -1.5970706172604654}, 'user_v': 0, 'user_w': 0.1, 'delta_t': 0.02, 'need_reset': False}
Tangent angle: 3.6380961159652565, User angle: 4.394478159139109, Offset angle: 0.4207453190271411
Target angle: 4.058841434992398, distance: 446.960534392041, angle diff: 0.33563672414671153, rotation direction: -1
Basic rotation angle: 0.0, rotation gain: 0.0016112477249251404
Rotation gain: 1.24, direction: -1, curvature radius: 2500000
{'type': 'running', 'physical': {'user_x': 1030.5413887050117, 'user_y': 833.2548647209288, 'user_direction': 4.475123320429432}, 'virtual': {'user_x': 2113.2906631624414, 'user_y': 9090.615889051074, 'user_direction': -1.4970706172604653}, 'user_v': 0, 'user_w': 0.1, 'delta_t': 0.02, 'need_reset': False}
Tangent angle: 3.6380961159652565, User angle: 4.475123320429432, Offset angle: 0.4207453190271411
Target angle: 4.058841434992398, distance: 446.960534392041, angle diff: 0.4162818854370345, rotation direction: -1
Basic rotation angle: 0.0, rotation gain: 0.0014263538690553728
Rotation gain: 1.24, direction: -1, curvature radius: 2500000
{'type': 'running', 'physical': {'user_x': 1030.5413887050117, 'user_y': 833.2548647209288, 'user_direction': 4.555768481719755}, 'virtual': {'user_x': 2113.2906631624414, 'user_y': 9090.615889051074, 'user_direction': -1.3970706172604652}, 'user_v': 0, 'user_w': 0.1, 'delta_t': 0.02, 'need_reset': False}
Tangent angle: 3.6380961159652565, User angle: 4.555768481719755, Offset angle: 0.4207453190271411
Target angle: 4.058841434992398, distance: 446.960534392041, angle diff: 0.49692704672735744, rotation direction: -1
Basic rotation angle: 0.0, rotation gain: 0.0012645717451693261
Rotation gain: 1.24, direction: -1, curvature radius: 2500000
{'type': 'running', 'physical': {'user_x': 1030.5413887050117, 'user_y': 833.2548647209288, 'user_direction': 4.636413643010078}, 'virtual': {'user_x': 2113.2906631624414, 'user_y': 9090.615889051074, 'user_direction': -1.2970706172604651}, 'user_v': 0, 'user_w': 0.1, 'delta_t': 0.02, 'need_reset': False}
Tangent angle: 3.6380961159652565, User angle: 4.636413643010078, Offset angle: 0.4207453190271411
Target angle: 4.058841434992398, distance: 446.960534392041, angle diff: 0.5775722080176804, rotation direction: -1
Basic rotation angle: 0.0, rotation gain: 0.0011230123867690353
Rotation gain: 1.24, direction: -1, curvature radius: 2500000
{'type': 'running', 'physical': {'user_x': 1030.5413887050117, 'user_y': 833.2548647209288, 'user_direction': 4.717058804300401}, 'virtual': {'user_x': 2113.2906631624414, 'user_y': 9090.615889051074, 'user_direction': -1.197070617260465}, 'user_v': 0, 'user_w': 0.1, 'delta_t': 0.02, 'need_reset': False}
Tangent angle: 3.6380961159652565, User angle: 4.717058804300401, Offset angle: 0.4207453190271411
Target angle: 4.058841434992398, distance: 446.960534392041, angle diff: 0.6582173693080033, rotation direction: -1
Basic rotation angle: 0.0, rotation gain: 0.0009991479481687808
Rotation gain: 1.24, direction: -1, curvature radius: 2500000
{'type': 'running', 'physical': {'user_x': 1030.5413887050117, 'user_y': 833.2548647209288, 'user_direction': 4.797703965590724}, 'virtual': {'user_x': 2113.2906631624414, 'user_y': 9090.615889051074, 'user_direction': -1.097070617260465}, 'user_v': 0, 'user_w': 0.1, 'delta_t': 0.02, 'need_reset': False}
Tangent angle: 3.6380961159652565, User angle: 4.797703965590724, Offset angle: 0.4207453190271411
Target angle: 4.058841434992398, distance: 446.960534392041, angle diff: 0.7388625305983263, rotation direction: -1
Basic rotation angle: 0.0, rotation gain: 0.0008907665643935581
Rotation gain: 1.24, direction: -1, curvature radius: 2500000
{'type': 'running', 'physical': {'user_x': 1030.5413887050117, 'user_y': 833.2548647209288, 'user_direction': 4.878349126881047}, 'virtual': {'user_x': 2113.2906631624414, 'user_y': 9090.615889051074, 'user_direction': -0.997070617260465}, 'user_v': 0, 'user_w': 0.1, 'delta_t': 0.02, 'need_reset': False}
Tangent angle: 3.6380961159652565, User angle: 4.878349126881047, Offset angle: 0.4207453190271411
Target angle: 4.058841434992398, distance: 446.960534392041, angle diff: 0.8195076918886492, rotation direction: -1
Basic rotation angle: 0.0, rotation gain: 0.0007959328535902383
Rotation gain: 1.24, direction: -1, curvature radius: 2500000
{'type': 'running', 'physical': {'user_x': 1030.5413887050117, 'user_y': 833.2548647209288, 'user_direction': 4.95899428817137}, 'virtual': {'user_x': 2113.2906631624414, 'user_y': 9090.615889051074, 'user_direction': -0.897070617260465}, 'user_v': 0, 'user_w': 0.1, 'delta_t': 0.02, 'need_reset': False}
Tangent angle: 3.6380961159652565, User angle: 4.95899428817137, Offset angle: 0.4207453190271411
Target angle: 4.058841434992398, distance: 446.960534392041, angle diff: 0.9001528531789722, rotation direction: -1
Basic rotation angle: 0.0, rotation gain: 0.0007129533566373334
Rotation gain: 1.24, direction: -1, curvature radius: 2500000
{'type': 'running', 'physical': {'user_x': 1030.5413887050117, 'user_y': 833.2548647209288, 'user_direction': 5.039639449461693}, 'virtual': {'user_x': 2113.2906631624414, 'user_y': 9090.615889051074, 'user_direction': -0.797070617260465}, 'user_v': 0, 'user_w': 0.1, 'delta_t': 0.02, 'need_reset': False}
Tangent angle: 3.6380961159652565, User angle: 5.039639449461693, Offset angle: 0.4207453190271411
Target angle: 4.058841434992398, distance: 446.960534392041, angle diff: 0.9807980144692952, rotation direction: -1
Basic rotation angle: 0.0, rotation gain: 0.0006403462968035417
Rotation gain: 1.24, direction: -1, curvature radius: 2500000
{'type': 'running', 'physical': {'user_x': 1030.5413887050117, 'user_y': 833.2548647209288, 'user_direction': 5.120284610752016}, 'virtual': {'user_x': 2113.2906631624414, 'user_y': 9090.615889051074, 'user_direction': -0.697070617260465}, 'user_v': 0, 'user_w': 0.1, 'delta_t': 0.02, 'need_reset': False}
Tangent angle: 3.6380961159652565, User angle: 5.120284610752016, Offset angle: 0.4207453190271411
Target angle: 4.058841434992398, distance: 446.960534392041, angle diff: 1.061443175759618, rotation direction: -1
Basic rotation angle: 0.0, rotation gain: 0.0005768151194489739
Rotation gain: 1.24, direction: -1, curvature radius: 2500000
{'type': 'running', 'physical': {'user_x': 1030.5413887050117, 'user_y': 833.2548647209288, 'user_direction': 5.200929772042339}, 'virtual': {'user_x': 2113.2906631624414, 'user_y': 9090.615889051074, 'user_direction': -0.5970706172604651}, 'user_v': 0, 'user_w': 0.1, 'delta_t': 0.02, 'need_reset': False}
Tangent angle: 3.6380961159652565, User angle: 5.200929772042339, Offset angle: 0.4207453190271411
Target angle: 4.058841434992398, distance: 446.960534392041, angle diff: 1.142088337049941, rotation direction: -1
Basic rotation angle: 0.0, rotation gain: 0.0005212253392637271
Rotation gain: 1.24, direction: -1, curvature radius: 2500000
{'type': 'running', 'physical': {'user_x': 1030.5413887050117, 'user_y': 833.2548647209288, 'user_direction': 5.281574933332662}, 'virtual': {'user_x': 2113.2906631624414, 'user_y': 9090.615889051074, 'user_direction': -0.4970706172604651}, 'user_v': 0, 'user_w': 0.1, 'delta_t': 0.02, 'need_reset': False}
Tangent angle: 3.6380961159652565, User angle: 5.281574933332662, Offset angle: 0.4207453190271411
Target angle: 4.058841434992398, distance: 446.960534392041, angle diff: 1.222733498340264, rotation direction: -1
Basic rotation angle: 0.0, rotation gain: 0.0004725842816016362
Rotation gain: 1.24, direction: -1, curvature radius: 2500000
{'type': 'running', 'physical': {'user_x': 1030.5413887050117, 'user_y': 833.2548647209288, 'user_direction': 5.362220094622985}, 'virtual': {'user_x': 2113.2906631624414, 'user_y': 9090.615889051074, 'user_direction': -0.3970706172604651}, 'user_v': 0, 'user_w': 0.1, 'delta_t': 0.02, 'need_reset': False}
Tangent angle: 3.6380961159652565, User angle: 5.362220094622985, Offset angle: 0.4207453190271411
Target angle: 4.058841434992398, distance: 446.960534392041, angle diff: 1.303378659630587, rotation direction: -1
Basic rotation angle: 0.0, rotation gain: 0.00043002335614730666
Rotation gain: 1.24, direction: -1, curvature radius: 2500000
{'type': 'running', 'physical': {'user_x': 1030.5413887050117, 'user_y': 833.2548647209288, 'user_direction': 5.442865255913308}, 'virtual': {'user_x': 2113.2906631624414, 'user_y': 9090.615889051074, 'user_direction': -0.29707061726046513}, 'user_v': 0, 'user_w': 0.1, 'delta_t': 0.02, 'need_reset': False}
Tangent angle: 3.6380961159652565, User angle: 5.442865255913308, Offset angle: 0.4207453190271411
Target angle: 4.058841434992398, distance: 446.960534392041, angle diff: 1.38402382092091, rotation direction: -1
Basic rotation angle: 0.0, rotation gain: 0.0003927825463747683
Rotation gain: 1.24, direction: -1, curvature radius: 2500000
{'type': 'running', 'physical': {'user_x': 1030.5413887050117, 'user_y': 833.2548647209288, 'user_direction': 5.523510417203631}, 'virtual': {'user_x': 2113.2906631624414, 'user_y': 9090.615889051074, 'user_direction': -0.19707061726046513}, 'user_v': 0, 'user_w': 0.1, 'delta_t': 0.02, 'need_reset': False}
Tangent angle: 3.6380961159652565, User angle: 5.523510417203631, Offset angle: 0.4207453190271411
Target angle: 4.058841434992398, distance: 446.960534392041, angle diff: 1.4646689822112329, rotation direction: -1
Basic rotation angle: 0.0, rotation gain: 0.00036019683782379723
Rotation gain: 1.24, direction: -1, curvature radius: 2500000
{'type': 'running', 'physical': {'user_x': 1030.5413887050117, 'user_y': 833.2548647209288, 'user_direction': 5.604155578493954}, 'virtual': {'user_x': 2113.2906631624414, 'user_y': 9090.615889051074, 'user_direction': -0.09707061726046512}, 'user_v': 0, 'user_w': 0.1, 'delta_t': 0.02, 'need_reset': False}
Tangent angle: 3.6380961159652565, User angle: 5.604155578493954, Offset angle: 0.4207453190271411
Target angle: 4.058841434992398, distance: 446.960534392041, angle diff: 1.5453141435015558, rotation direction: -1
Basic rotation angle: 0.0, rotation gain: 0.00033168434284169753
Rotation gain: 1.24, direction: -1, curvature radius: 2500000
{'type': 'running', 'physical': {'user_x': 1030.5413887050117, 'user_y': 833.2548647209288, 'user_direction': 5.684800739784277}, 'virtual': {'user_x': 2113.2906631624414, 'user_y': 9090.615889051074, 'user_direction': 0.049847802589580006}, 'user_v': 7.999999999999999, 'user_w': 0, 'delta_t': 0.02, 'need_reset': False}
Tangent angle: 3.6380961159652565, User angle: 5.684800739784277, Offset angle: 0.4207453190271411
Target angle: 4.058841434992398, distance: 446.960534392041, angle diff: 1.6259593047918788, rotation direction: -1
Basic rotation angle: 1.693121693121693, rotation gain: 0.0007855870923627341
Rotation gain: 1.24, direction: -1, curvature radius: 7.5
{'type': 'running', 'physical': {'user_x': 1030.5413887050117, 'user_y': 833.2548647209288, 'user_direction': 5.7654459010745995}, 'virtual': {'user_x': 2121.2807260066616, 'user_y': 9091.014506342986, 'user_direction': 0.049847802589580006}, 'user_v': 7.999999999999999, 'user_w': 0, 'delta_t': 0.02, 'need_reset': False}
Tangent angle: 3.6380961159652565, User angle: 5.7654459010745995, Offset angle: 0.4207453190271411
Target angle: 4.058841434992398, distance: 446.960534392041, angle diff: 1.7066044660822017, rotation direction: -1
Basic rotation angle: 1.693121693121693, rotation gain: 0.0011827519981936411
Rotation gain: 1.24, direction: -1, curvature radius: 7.5
{'type': 'running', 'physical': {'user_x': 1035.9907344388157, 'user_y': 829.9964828620493, 'user_direction': 5.744281879910578}, 'virtual': {'user_x': 2129.2707888508817, 'user_y': 9091.413123634899, 'user_direction': 0.04984780258958694}, 'user_v': 7.999999999999999, 'user_w': 0, 'delta_t': 0.02, 'need_reset': False}
Tangent angle: 3.6270178640963837, User angle: 5.744281879910578, Offset angle: 0.41777940452675427
Target angle: 4.044797268623138, distance: 450.540012257969, angle diff: 1.6994846112874402, rotation direction: -1
Basic rotation angle: 1.693121693121693, rotation gain: 0.0015336350802883257
Rotation gain: 1.24, direction: -1, curvature radius: 7.5
{'type': 'running', 'physical': {'user_x': 1041.3699044795112, 'user_y': 826.623509257337, 'user_direction': 5.723117858746557}, 'virtual': {'user_x': 2137.260851695102, 'user_y': 9091.81174092681, 'user_direction': 0.04984780258959495}, 'user_v': 7.999999999999999, 'user_w': 0, 'delta_t': 0.02, 'need_reset': False}
Tangent angle: 3.615946097254451, User angle: 5.723117858746557, Offset angle: 0.4149052893058041
Target angle: 4.030851386560255, distance: 454.0546305549181, angle diff: 1.6922664721863017, rotation direction: -1
Basic rotation angle: 1.693121693121693, rotation gain: 0.0018439672283186472
Rotation gain: 1.24, direction: -1, curvature radius: 7.5
{'type': 'running', 'physical': {'user_x': 1046.6764895018234, 'user_y': 823.1374546585427, 'user_direction': 5.701953837582535}, 'virtual': {'user_x': 2145.250914539322, 'user_y': 9092.210358218725, 'user_direction': 0.04984780258960433}, 'user_v': 7.999999999999999, 'user_w': 0, 'delta_t': 0.02, 'need_reset': False}
Tangent angle: 3.604880581795034, User angle: 5.701953837582535, Offset angle: 0.4121202725199193
Target angle: 4.017000854314953, distance: 457.50432778845465, angle diff: 1.684952983267582, rotation direction: -1
Basic rotation angle: 1.693121693121693, rotation gain: 0.0021187641047488944
Rotation gain: 1.24, direction: -1, curvature radius: 7.5
{'type': 'running', 'physical': {'user_x': 1051.9081126912397, 'user_y': 819.5398804662898, 'user_direction': 5.680789816418514}, 'virtual': {'user_x': 2153.240977383542, 'user_y': 9092.608975510637, 'user_direction': 0.04984780258959452}, 'user_v': 7.999999999999999, 'user_w': 0, 'delta_t': 0.02, 'need_reset': False}
Tangent angle: 3.5938210927545313, User angle: 5.680789816418514, Offset angle: 0.40942178339099067
Target angle: 4.003242876145522, distance: 460.889033750328, angle diff: 1.6775469402729923, rotation direction: -1
Basic rotation angle: 1.693121693121693, rotation gain: 0.0023624154959671706
Rotation gain: 1.24, direction: -1, curvature radius: 7.5
{'type': 'running', 'physical': {'user_x': 1057.062430808583, 'user_y': 815.8323980307242, 'user_direction': 5.659625795254493}, 'virtual': {'user_x': 2161.231040227762, 'user_y': 9093.00759280255, 'user_direction': 0.04984780258960574}, 'user_v': 7.999999999999999, 'user_w': 0, 'delta_t': 0.02, 'need_reset': False}
Tangent angle: 3.5827674133985155, User angle: 5.659625795254493, Offset angle: 0.40680737402532136
Target angle: 3.989574787423837, distance: 464.20867042348937, angle diff: 1.6700510078306556, rotation direction: -1
Basic rotation angle: 1.693121693121693, rotation gain: 0.0025787634975782472
Rotation gain: 1.24, direction: -1, curvature radius: 7.5
{'type': 'running', 'physical': {'user_x': 1062.1371352395468, 'user_y': 812.0166679297921, 'user_direction': 5.638461774090471}, 'virtual': {'user_x': 2169.2211030719823, 'user_y': 9093.406210094463, 'user_direction': 0.04984780258959388}, 'user_v': 7.999999999999999, 'user_w': 0, 'delta_t': 0.02, 'need_reset': False}
Tangent angle: 3.5717193347963527, User angle: 5.638461774090471, Offset angle: 0.4042747127335184
Target angle: 3.975994047529871, distance: 467.4631528232647, angle diff: 1.6624677265606, rotation direction: -1
Basic rotation angle: 1.693121693121693, rotation gain: 0.0027711709293793906
Rotation gain: 1.24, direction: -1, curvature radius: 7.5
{'type': 'running', 'physical': {'user_x': 1067.1299530287201, 'user_y': 808.0943992254686, 'user_direction': 5.61729775292645}, 'virtual': {'user_x': 2177.2111659162024, 'user_y': 9093.804827386377, 'user_direction': 0.049847802589607866}, 'user_v': 7.999999999999999, 'user_w': 0, 'delta_t': 0.02, 'need_reset': False}
Tangent angle: 3.560676655420268, User angle: 5.61729775292645, Offset angle: 0.40182157781171257
Target angle: 3.9624982332319805, distance: 470.6523897799978, angle diff: 1.6547995196944694, rotation direction: -1
Basic rotation angle: 1.693121693121693, rotation gain: 0.00294258120111723
Rotation gain: 1.24, direction: -1, curvature radius: 7.5
{'type': 'running', 'physical': {'user_x': 1072.0386478976436, 'user_y': 804.0673486982705, 'user_direction': 5.5961337317624285}, 'virtual': {'user_x': 2185.2012287604225, 'user_y': 9094.203444678289, 'user_direction': 0.049847802589592864}, 'user_v': 7.999999999999999, 'user_w': 0, 'delta_t': 0.02, 'need_reset': False}
Tangent angle: 3.5496391807671714, User angle: 5.5961337317624285, Offset angle: 0.3994458517474758
Target angle: 3.949085032514647, distance: 473.7762846679613, angle diff: 1.6470486992477813, rotation direction: -1
Basic rotation angle: 1.693121693121693, rotation gain: 0.0030955706975017106
Rotation gain: 1.24, direction: -1, curvature radius: 7.5
{'type': 'running', 'physical': {'user_x': 1076.8610212464357, 'user_y': 799.9373200603961, 'user_direction': 5.574969710598407}, 'virtual': {'user_x': 2193.1912916046426, 'user_y': 9094.602061970203, 'user_direction': 0.049847802589611453}, 'user_v': 7.999999999999999, 'user_w': 0, 'delta_t': 0.02, 'need_reset': False}
Tangent angle: 3.538606723001705, User angle: 5.574969710598407, Offset angle: 0.39714551581718655
Target angle: 3.9357522388188912, distance: 476.83473608486923, angle diff: 1.6392174717795158, rotation direction: -1
Basic rotation angle: 1.693121693121693, rotation gain: 0.003232394617407503
Rotation gain: 1.24, direction: -1, curvature radius: 7.5
{'type': 'running', 'physical': {'user_x': 1081.5949131385435, 'user_y': 795.7061631478439, 'user_direction': 5.553805689434386}, 'virtual': {'user_x': 2201.1813544488627, 'user_y': 9095.000679262115, 'user_direction': 0.04984780258959102}, 'user_v': 7.999999999999999, 'user_w': 0, 'delta_t': 0.02, 'need_reset': False}
Tangent angle: 3.5275791006190604, User angle: 5.553805689434386, Offset angle: 0.39491864504462576
Target angle: 3.9224977456636863, distance: 479.82763848591685, angle diff: 1.6313079437706994, rotation direction: -1
Basic rotation angle: 1.693121693121693, rotation gain: 0.0033550270853395453
Rotation gain: 1.24, direction: -1, curvature radius: 7.5
{'type': 'running', 'physical': {'user_x': 1086.2382032681767, 'user_y': 791.3757730918728, 'user_direction': 5.532641668270364}, 'virtual': {'user_x': 2209.171417293083, 'user_y': 9095.39929655403, 'user_direction': 0.04984780258961874}, 'user_v': 7.999999999999999, 'user_w': 0, 'delta_t': 0.02, 'need_reset': False}
Tangent angle: 3.51655613812626, User angle: 5.532641668270364, Offset angle: 0.39276340349330435
Target angle: 3.9093195416195643, distance: 482.7548827759039, angle diff: 1.6233221266508, rotation direction: -1
Basic rotation angle: 1.693121693121693, rotation gain: 0.0034651962509912775
Rotation gain: 1.24, direction: -1, curvature radius: 7.5
{'type': 'running', 'physical': {'user_x': 1090.7888119099905, 'user_y': 786.9480894701749, 'user_direction': 5.511477647106343}, 'virtual': {'user_x': 2217.161480137303, 'user_y': 9095.797913845941, 'user_direction': 0.049847802589586584}, 'user_v': 7.999999999999999, 'user_w': 0, 'delta_t': 0.02, 'need_reset': False}
Tangent angle: 3.5055376657406514, User angle: 5.511477647106343, Offset angle: 0.3906780398674725
Target angle: 3.8962157056081237, distance: 485.61635686266646, angle diff: 1.6152619414982192, rotation direction: -1
Basic rotation angle: 1.693121693121693, rotation gain: 0.0035644150032560556
Rotation gain: 1.24, direction: -1, curvature radius: 7.5
{'type': 'running', 'physical': {'user_x': 1095.2447008505924, 'user_y': 782.4250954381399, 'user_direction': 5.4903136259423215}, 'virtual': {'user_x': 2225.151542981523, 'user_y': 9096.196531137855, 'user_direction': 0.04984780258964166}, 'user_v': 7.999999999999999, 'user_w': 0, 'delta_t': 0.02, 'need_reset': False}
Tangent angle: 3.4945235191044977, User angle: 5.4903136259423215, Offset angle: 0.38866088339895727
Target angle: 3.883184402503455, distance: 488.4119461747503, angle diff: 1.6071292234388665, rotation direction: -1
Basic rotation angle: 1.693121693121693, rotation gain: 0.0036540078467667218
Rotation gain: 1.24, direction: -1, curvature radius: 7.5
{'type': 'running', 'physical': {'user_x': 1099.6038743014565, 'user_y': 777.8088168406023, 'user_direction': 5.4691496047783}, 'virtual': {'user_x': 2232.0752530266627, 'user_y': 9096.541949015285, 'user_direction': 0.04984780258964166}, 'user_v': 0, 'user_w': 0.1, 'delta_t': 0.02, 'need_reset': False}
Tangent angle: 3.4835135390145893, User angle: 5.4691496047783, Offset angle: 0.3867103399989632
Target angle: 3.8702238790135524, distance: 491.1415341459938, angle diff: 1.5989257257647478, rotation direction: -1
Basic rotation angle: 0.0, rotation gain: 0.0032151861177414425
Rotation gain: 1.24, direction: -1, curvature radius: 2500000
{'type': 'running', 'physical': {'user_x': 1103.8643797928348, 'user_y': 773.1013213044665, 'user_direction': 5.447985583614279}, 'virtual': {'user_x': 2232.0752530266627, 'user_y': 9096.541949015285, 'user_direction': 0.16021878749029103}, 'user_v': 7.999999999999999, 'user_w': 0, 'delta_t': 0.02, 'need_reset': False}
Tangent angle: 3.4725075711659077, User angle: 5.447985583614279, Offset angle: 0.3848248886557637
Target angle: 3.8573324598216714, distance: 493.80500266944466, angle diff: 1.5906531237926074, rotation direction: -1
Basic rotation angle: 1.693121693121693, rotation gain: 0.0033538553133985187
Rotation gain: 1.24, direction: -1, curvature radius: 7.5
{'type': 'running', 'physical': {'user_x': 1103.8643797928348, 'user_y': 773.1013213044665, 'user_direction': 5.528630744904602}, 'virtual': {'user_x': 2239.972792249999, 'user_y': 9097.818222581518, 'user_direction': 0.16021878749029103}, 'user_v': 7.999999999999999, 'user_w': 0, 'delta_t': 0.02, 'need_reset': False}
Tangent angle: 3.4725075711659077, User angle: 5.528630744904602, Offset angle: 0.3848248886557637
Target angle: 3.8573324598216714, distance: 493.80500266944466, angle diff: 1.6712982850829303, rotation direction: -1
Basic rotation angle: 1.693121693121693, rotation gain: 0.0034751908595984605
Rotation gain: 1.24, direction: -1, curvature radius: 7.5
{'type': 'running', 'physical': {'user_x': 1108.3971927786474, 'user_y': 768.6554212043235, 'user_direction': 5.50746672374058}, 'virtual': {'user_x': 2247.8703314733357, 'user_y': 9099.09449614775, 'user_direction': 0.16021878749029078}, 'user_v': 7.999999999999999, 'user_w': 0, 'delta_t': 0.02, 'need_reset': False}
Tangent angle: 3.461908056229887, User angle: 5.50746672374058, Offset angle: 0.3826538664833892
Target angle: 3.8445619227132766, distance: 496.90276385507957, angle diff: 1.6629048010273038, rotation direction: -1
Basic rotation angle: 1.693121693121693, rotation gain: 0.003583996119569315
Rotation gain: 1.24, direction: -1, curvature radius: 7.5
{'type': 'running', 'physical': {'user_x': 1112.834904543422, 'user_y': 764.1145913729399, 'user_direction': 5.486302702576559}, 'virtual': {'user_x': 2255.767870696672, 'user_y': 9100.370769713983, 'user_direction': 0.16021878749029053}, 'user_v': 7.999999999999999, 'user_w': 0, 'delta_t': 0.02, 'need_reset': False}
Tangent angle: 3.4513087261032123, User angle: 5.486302702576559, Offset angle: 0.38055242795696487
Target angle: 3.831861154060177, distance: 499.9332339618639, angle diff: 1.654441548516382, rotation direction: -1
Basic rotation angle: 1.693121693121693, rotation gain: 0.0036817951738438415
Rotation gain: 1.24, direction: -1, curvature radius: 7.5
{'type': 'running', 'physical': {'user_x': 1117.175527440173, 'user_y': 759.4808656437882, 'user_direction': 5.465138681412538}, 'virtual': {'user_x': 2263.6654099200086, 'user_y': 9101.647043280216, 'user_direction': 0.16021878749029025}, 'user_v': 7.999999999999999, 'user_w': 0, 'delta_t': 0.02, 'need_reset': False}
Tangent angle: 3.440709574055797, User angle: 5.465138681412538, Offset angle: 0.37851886716115807
Target angle: 3.8192284412169553, distance: 502.89628422718846, angle diff: 1.6459102401955823, rotation direction: -1
Basic rotation angle: 1.693121693121693, rotation gain: 0.00376992226267702
Rotation gain: 1.24, direction: -1, curvature radius: 7.5
{'type': 'running', 'physical': {'user_x': 1121.4171173079285, 'user_y': 754.756319458327, 'user_direction': 5.443974660248516}, 'virtual': {'user_x': 2271.562949143345, 'user_y': 9102.923316846449, 'user_direction': 0.1602187874902899}, 'user_v': 7.999999999999999, 'user_w': 0, 'delta_t': 0.02, 'need_reset': False}
Tangent angle: 3.4301105935742244, User angle: 5.443974660248516, Offset angle: 0.37655155641511373
Target angle: 3.806662149989338, distance: 505.79178387355984, angle diff: 1.6373125102591781, rotation direction: -1
Basic rotation angle: 1.693121693121693, rotation gain: 0.0038495454887185403
Rotation gain: 1.24, direction: -1, curvature radius: 7.5
{'type': 'running', 'physical': {'user_x': 1125.5577743425185, 'user_y': 749.9430689364133, 'user_direction': 5.422810639084495}, 'virtual': {'user_x': 2279.4604883666816, 'user_y': 9104.199590412682, 'user_direction': 0.16021878749028956}, 'user_v': 7.999999999999999, 'user_w': 0, 'delta_t': 0.02, 'need_reset': False}
Tangent angle: 3.4195117783509206, User angle: 5.422810639084495, Offset angle: 0.3746489425363604
Target angle: 3.794160720887281, distance: 508.6196005797767, angle diff: 1.6286499181972136, rotation direction: -1
Basic rotation angle: 1.693121693121693, rotation gain: 0.003921687558346584
Rotation gain: 1.24, direction: -1, curvature radius: 7.5
{'type': 'running', 'physical': {'user_x': 1129.5956439474955, 'user_y': 745.0432699284943, 'user_direction': 5.401646617920473}, 'virtual': {'user_x': 2287.358027590018, 'user_y': 9105.475863978914, 'user_direction': 0.16021878749028912}, 'user_v': 7.999999999999999, 'user_w': 0, 'delta_t': 0.02, 'need_reset': False}
Tangent angle: 3.4089131222738978, User angle: 5.401646617920473, Offset angle: 0.37280954334265864
Target angle: 3.7817226656165563, distance: 511.3796009225558, angle diff: 1.619923952303917, rotation direction: -1
Basic rotation angle: 1.693121693121693, rotation gain: 0.003987243931738736
Rotation gain: 1.24, direction: -1, curvature radius: 7.5
{'type': 'running', 'physical': {'user_x': 1133.5289175648065, 'user_y': 740.0591170500035, 'user_direction': 5.380482596756452}, 'virtual': {'user_x': 2295.2555668133546, 'user_y': 9106.752137545147, 'user_direction': 0.16021878749028864}, 'user_v': 7.999999999999999, 'user_w': 0, 'delta_t': 0.02, 'need_reset': False}
Tangent angle: 3.3983146194170266, User angle: 5.380482596756452, Offset angle: 0.3710319443749573
Target angle: 3.769346563791984, distance: 514.0716507907247, angle diff: 1.6111360329644682, rotation direction: -1
Basic rotation angle: 1.693121693121693, rotation gain: 0.004046998705503051
Rotation gain: 1.24, direction: -1, curvature radius: 7.5
{'type': 'running', 'physical': {'user_x': 1137.3558334848442, 'user_y': 734.9928426983952, 'user_direction': 5.359318575592431}, 'virtual': {'user_x': 2303.153106036691, 'user_y': 9108.02841111138, 'user_direction': 0.1602187874902881}, 'user_v': 7.999999999999999, 'user_w': 0, 'delta_t': 0.02, 'need_reset': False}
Tangent angle: 3.387716264030802, User angle: 5.359318575592431, Offset angle: 0.36931479582602944
Target angle: 3.757031059856831, distance: 516.695615773915, angle diff: 1.6022875157355996, rotation direction: -1
Basic rotation angle: 1.693121693121693, rotation gain: 0.004101638511220576
Rotation gain: 1.24, direction: -1, curvature radius: 7.5
{'type': 'running', 'physical': {'user_x': 1141.0746776355154, 'user_y': 729.8467160532551, 'user_direction': 5.338154554428409}, 'virtual': {'user_x': 2311.0506452600275, 'user_y': 9109.304684677612, 'user_direction': 0.16021878749028745}, 'user_v': 7.999999999999999, 'user_w': 0, 'delta_t': 0.02, 'need_reset': False}
Tangent angle: 3.377118050533572, User angle: 5.338154554428409, Offset angle: 0.3676568096606377
Target angle: 3.7447748601942097, distance: 519.2513615275279, angle diff: 1.5933796942341996, rotation direction: -1
Basic rotation angle: 1.693121693121693, rotation gain: 0.004151764677837297
Rotation gain: 1.24, direction: -1, curvature radius: 7.5
{'type': 'running', 'physical': {'user_x': 1144.6837843499723, 'user_y': 724.6230420599373, 'user_direction': 5.316990533264388}, 'virtual': {'user_x': 2318.948184483364, 'user_y': 9110.580958243845, 'user_direction': 0.16021878749028667}, 'user_v': 7.999999999999999, 'user_w': 0, 'delta_t': 0.02, 'need_reset': False}
Tangent angle: 3.3665199735032014, User angle: 5.316990533264388, Offset angle: 0.366056756914241
Target angle: 3.7325767304174424, distance: 521.7387541155823, angle diff: 1.5844138028469454, rotation direction: -1
Basic rotation angle: 1.693121693121693, rotation gain: 0.004197903874856447
Rotation gain: 1.24, direction: -1, curvature radius: 7.5
{'type': 'running', 'physical': {'user_x': 1148.181537112663, 'user_y': 719.3241603971813, 'user_direction': 5.2958265121003665}, 'virtual': {'user_x': 2326.8457237067005, 'user_y': 9111.857231810078, 'user_direction': 0.16021878749028576}, 'user_v': 7.999999999999999, 'user_w': 0, 'delta_t': 0.02, 'need_reset': False}
Tangent angle: 3.3559220276691417, User angle: 5.2958265121003665, Offset angle: 0.364513465158307
Target angle: 3.720435492827449, distance: 524.1576603329327, angle diff: 1.5753910192729177, rotation direction: -1
Basic rotation angle: 1.693121693121693, rotation gain: 0.004240517426167954
Rotation gain: 1.24, direction: -1, curvature radius: 7.5
{'type': 'running', 'physical': {'user_x': 1151.5663692833673, 'user_y': 713.952444429172, 'user_direction': 5.274662490936345}, 'virtual': {'user_x': 2334.743262930037, 'user_y': 9113.13350537631, 'user_direction': 0.16021878749028462}, 'user_v': 7.999999999999999, 'user_w': 0, 'delta_t': 0.02, 'need_reset': False}
Tangent angle: 3.345324207904878, User angle: 5.274662490936345, Offset angle: 0.36302581612125673
Target angle: 3.7083500240261347, distance: 526.5079480082134, angle diff: 1.5663124669102104, rotation direction: -1
Basic rotation angle: 1.693121693121693, rotation gain: 0.00428000946062664
Rotation gain: 1.24, direction: -1, curvature radius: 7.5
{'type': 'running', 'physical': {'user_x': 1154.8367647988937, 'user_y': 708.510300142512, 'user_direction': 5.253498469772324}, 'virtual': {'user_x': 2342.6408021533734, 'user_y': 9114.409778942543, 'user_direction': 0.16021878749028323}, 'user_v': 7.999999999999999, 'user_w': 0, 'delta_t': 0.02, 'need_reset': False}
Tangent angle: 3.3347265092207325, User angle: 5.253498469772324, Offset angle: 0.3615927434549442
Target angle: 3.6963192526756767, distance: 528.7894862887507, angle diff: 1.557179217096647, rotation direction: -1
Basic rotation angle: 1.693121693121693, rotation gain: 0.004316734044730821
Rotation gain: 1.24, direction: -1, curvature radius: 7.5
{'type': 'running', 'physical': {'user_x': 1157.9912588521224, 'user_y': 703.0001650685826, 'user_direction': 5.232334448608302}, 'virtual': {'user_x': 2350.53834137671, 'user_y': 9115.686052508776, 'user_direction': 0.16021878749028137}, 'user_v': 7.999999999999999, 'user_w': 0, 'delta_t': 0.02, 'need_reset': False}
Tangent angle: 3.324128926757007, User angle: 5.232334448608302, Offset angle: 0.36021323063737115
Target angle: 3.6843421573943784, distance: 531.0021459085938, angle diff: 1.547992291213924, rotation direction: -1
Basic rotation angle: 1.693121693121693, rotation gain: 0.004351001424587773
Rotation gain: 1.24, direction: -1, curvature radius: 7.5
{'type': 'running', 'physical': {'user_x': 1161.028438548091, 'user_y': 697.4245071917758, 'user_direction': 5.211170427444281}, 'virtual': {'user_x': 2358.4358806000464, 'user_y': 9116.962326075009, 'user_direction': 0.1602187874902789}, 'user_v': 7.999999999999999, 'user_w': 0, 'delta_t': 0.02, 'need_reset': False}
Tangent angle: 3.3135314557774294, User angle: 5.211170427444281, Offset angle: 0.35888630900307106
Target angle: 3.6724177647805005, distance: 533.1457994407059, angle diff: 1.5387526626637804, rotation direction: -1
Basic rotation angle: 1.693121693121693, rotation gain: 0.004383083488457628
Rotation gain: 1.24, direction: -1, curvature radius: 7.5
{'type': 'running', 'physical': {'user_x': 1163.946943536829, 'user_y': 691.785823844086, 'user_direction': 5.1900064062802596}, 'virtual': {'user_x': 2366.333419823383, 'user_y': 9118.238599641241, 'user_direction': 0.16021878749027538}, 'user_v': 7.999999999999999, 'user_w': 0, 'delta_t': 0.02, 'need_reset': False}
Tangent angle: 3.3029340916628978, User angle: 5.1900064062802596, Offset angle: 0.3576110558932615
Target angle: 3.6605451475561592, distance: 535.2203215342901, angle diff: 1.5294612587241003, rotation direction: -1
Basic rotation angle: 1.693121693121693, rotation gain: 0.0044132185472590246
Rotation gain: 1.24, direction: -1, curvature radius: 7.5
{'type': 'running', 'physical': {'user_x': 1166.7454666226572, 'user_y': 686.086640586558, 'user_direction': 5.168842385116238}, 'virtual': {'user_x': 2374.2309590467194, 'user_y': 9119.514873207474, 'user_direction': 0.16021878749027002}, 'user_v': 7.999999999999999, 'user_w': 0, 'delta_t': 0.02, 'need_reset': False}
Tangent angle: 3.292336829905501, User angle: 5.168842385116238, Offset angle: 0.35638659291847957
Target angle: 3.6487234228239807, distance: 537.2255891381316, angle diff: 1.5201189622922575, rotation direction: -1
Basic rotation angle: 1.693121693121693, rotation gain: 0.004441615518249862
Rotation gain: 1.24, direction: -1, curvature radius: 7.5
{'type': 'running', 'physical': {'user_x': 1169.4227543496797, 'user_y': 680.3295100780897, 'user_direction': 5.147678363952217}, 'virtual': {'user_x': 2382.128498270056, 'user_y': 9120.791146773707, 'user_direction': 0.16021878749026083}, 'user_v': 7.999999999999999, 'user_w': 0, 'delta_t': 0.02, 'need_reset': False}
Tangent angle: 3.2817396661027893, User angle: 5.147678363952217, Offset angle: 0.3552120843269752
Target angle: 3.6369517504297644, distance: 539.161481710778, angle diff: 1.5107266135224524, rotation direction: -1
Basic rotation angle: 1.693121693121693, rotation gain: 0.004468457586447564
Rotation gain: 1.24, direction: -1, curvature radius: 7.5
{'type': 'running', 'physical': {'user_x': 1171.9776075632055, 'user_y': 674.5170109320992, 'user_direction': 5.126514342788195}, 'virtual': {'user_x': 2390.0260374933923, 'user_y': 9122.06742033994, 'user_direction': 0.1602187874902414}, 'user_v': 7.999999999999999, 'user_w': 0, 'delta_t': 0.02, 'need_reset': False}
Tangent angle: 3.271142595952294, User angle: 5.126514342788195, Offset angle: 0.3540867354726548
Target angle: 3.625229331424949, distance: 541.0278814183082, angle diff: 1.5012850113632465, rotation direction: -1
Basic rotation angle: 1.693121693121693, rotation gain: 0.004493905409035241
Rotation gain: 1.24, direction: -1, curvature radius: 7.5
{'type': 'running', 'physical': {'user_x': 1174.4088819468482, 'user_y': 668.6517465615661, 'user_direction': 5.105350321624174}, 'virtual': {'user_x': 2396.309823745722, 'user_y': 9123.0829050451, 'user_direction': 0.1602187874902414}, 'user_v': 0, 'user_w': 0.1, 'delta_t': 0.02, 'need_reset': False}
Tangent angle: 3.2605456152462673, User angle: 5.105350321624174, Offset angle: 0.35300979137683985
Target angle: 3.613555406623107, distance: 542.824673320384, angle diff: 1.491794915001067, rotation direction: -1
Basic rotation angle: 0.0, rotation gain: 0.003951698322470531
Rotation gain: 1.24, direction: -1, curvature radius: 2500000
{'type': 'running', 'physical': {'user_x': 1176.715488535065, 'user_y': 662.7363440129651, 'user_direction': 5.084186300460153}, 'virtual': {'user_x': 2396.309823745722, 'user_y': 9123.0829050451, 'user_direction': 0.18617422140921955}, 'user_v': 7.999999999999999, 'user_w': 0, 'delta_t': 0.02, 'need_reset': False}
Tangent angle: 3.2499487198666346, User angle: 5.084186300460153, Offset angle: 0.3519805353785463
Target angle: 3.6019292552451807, distance: 544.5517455452255, angle diff: 1.482257045214972, rotation direction: -1
Basic rotation angle: 1.693121693121693, rotation gain: 0.004045563386184622
Rotation gain: 1.24, direction: -1, curvature radius: 7.5
{'type': 'running', 'physical': {'user_x': 1176.715488535065, 'user_y': 662.7363440129651, 'user_direction': 5.164831461750476}, 'virtual': {'user_x': 2404.171580378425, 'user_y': 9124.563709775019, 'user_direction': 0.18617422140921955}, 'user_v': 7.999999999999999, 'user_w': 0, 'delta_t': 0.02, 'need_reset': False}
Tangent angle: 3.2499487198666346, User angle: 5.164831461750476, Offset angle: 0.3519805353785463
Target angle: 3.6019292552451807, distance: 544.5517455452255, angle diff: 1.5629022065052949, rotation direction: -1
Basic rotation angle: 1.693121693121693, rotation gain: 0.004127695316934452
Rotation gain: 1.24, direction: -1, curvature radius: 7.5
{'type': 'running', 'physical': {'user_x': 1179.3696633793127, 'user_y': 656.9685214462623, 'user_direction': 5.143667440586454}, 'virtual': {'user_x': 2412.033337011128, 'user_y': 9126.044514504938, 'user_direction': 0.186174221409213}, 'user_v': 7.999999999999999, 'user_w': 0, 'delta_t': 0.02, 'need_reset': False}
Tangent angle: 3.2396060344469033, User angle: 5.143667440586454, Offset angle: 0.3506900701660772
Target angle: 3.5902961046129804, distance: 546.7308472000013, angle diff: 1.5533713359734738, rotation direction: -1
Basic rotation angle: 1.693121693121693, rotation gain: 0.004201431401341478
Rotation gain: 1.24, direction: -1, curvature radius: 7.5
{'type': 'running', 'physical': {'user_x': 1181.9011826161286, 'user_y': 651.1458217615427, 'user_direction': 5.122503419422433}, 'virtual': {'user_x': 2419.895093643831, 'user_y': 9127.525319234857, 'user_direction': 0.1861742214092051}, 'user_v': 7.999999999999999, 'user_w': 0, 'delta_t': 0.02, 'need_reset': False}
Tangent angle: 3.2292616992301233, User angle: 5.122503419422433, Offset angle: 0.3494498877481615
Target angle: 3.578711586978285, distance: 548.839577120412, angle diff: 1.543791832444148, rotation direction: -1
Basic rotation angle: 1.693121693121693, rotation gain: 0.004267788207722088
Rotation gain: 1.24, direction: -1, curvature radius: 7.5
{'type': 'running', 'physical': {'user_x': 1184.3089123803932, 'user_y': 645.2708529405977, 'user_direction': 5.101339398258411}, 'virtual': {'user_x': 2427.756850276534, 'user_y': 9129.006123964777, 'user_direction': 0.18617422140919532}, 'user_v': 7.999999999999999, 'user_w': 0, 'delta_t': 0.02, 'need_reset': False}
Tangent angle: 3.2189157838823235, User angle: 5.101339398258411, Offset angle: 0.3482591387376365
Target angle: 3.56717492261996, distance: 550.8778042480268, angle diff: 1.5341644756384514, rotation direction: -1
Basic rotation angle: 1.693121693121693, rotation gain: 0.004327655592326287
Rotation gain: 1.24, direction: -1, curvature radius: 7.5
{'type': 'running', 'physical': {'user_x': 1186.591774252177, 'user_y': 639.3462463765162, 'user_direction': 5.08017537709439}, 'virtual': {'user_x': 2435.618606909237, 'user_y': 9130.486928694696, 'user_direction': 0.1861742214091829}, 'user_v': 7.999999999999999, 'user_w': 0, 'delta_t': 0.02, 'need_reset': False}
Tangent angle: 3.208568356443681, User angle: 5.08017537709439, Offset angle: 0.34711701492810393
Target angle: 3.555685371371785, distance: 552.8454003826372, angle diff: 1.5244900057226052, rotation direction: -1
Basic rotation angle: 1.693121693121693, rotation gain: 0.004381812527221737
Rotation gain: 1.24, direction: -1, curvature radius: 7.5
{'type': 'running', 'physical': {'user_x': 1188.7487457397638, 'user_y': 633.3746556950864, 'user_direction': 5.059011355930369}, 'virtual': {'user_x': 2443.48036354194, 'user_y': 9131.967733424613, 'user_direction': 0.18617422140916665}, 'user_v': 7.999999999999999, 'user_w': 0, 'delta_t': 0.02, 'need_reset': False}
Tangent angle: 3.1982194834130953, User angle: 5.059011355930369, Offset angle: 0.3460227478251668
Target angle: 3.544242231238262, distance: 554.7422403719681, angle diff: 1.5147691246921067, rotation direction: -1
Basic rotation angle: 1.693121693121693, rotation gain: 0.004430940950286838
Rotation gain: 1.24, direction: -1, curvature radius: 7.5
{'type': 'running', 'physical': {'user_x': 1190.7788607376237, 'user_y': 627.358755566239, 'user_direction': 5.037847334766347}, 'virtual': {'user_x': 2451.342120174643, 'user_y': 9133.448538154533, 'user_direction': 0.1861742214091854}, 'user_v': 7.999999999999999, 'user_w': 0, 'delta_t': 0.02, 'need_reset': False}
Tangent angle: 3.187869229829293, User angle: 5.037847334766347, Offset angle: 0.3449756072673135
Target angle: 3.5328448370966066, distance: 556.5682022902295, angle diff: 1.5050024976697407, rotation direction: -1
Basic rotation angle: 1.693121693121693, rotation gain: 0.004475637884519207
Rotation gain: 1.24, direction: -1, curvature radius: 7.5
{'type': 'running', 'physical': {'user_x': 1192.6812099591311, 'user_y': 621.3012405060651, 'user_direction': 5.016683313602326}, 'virtual': {'user_x': 2459.2038768073458, 'user_y': 9134.92934288445, 'user_direction': 0.18617422140916237}, 'user_v': 7.999999999999999, 'user_w': 0, 'delta_t': 0.02, 'need_reset': False}
Tangent angle: 3.177517659348678, User angle: 5.016683313602326, Offset angle: 0.3439749001314281
Target angle: 3.521492559480106, distance: 558.3231676061068, angle diff: 1.4951907541222198, rotation direction: -1
Basic rotation angle: 1.693121693121693, rotation gain: 0.0045164260429670835
Rotation gain: 1.24, direction: -1, curvature radius: 7.5
{'type': 'running', 'physical': {'user_x': 1194.454941343833, 'user_y': 615.2048236699453, 'user_direction': 4.9955192924383045}, 'virtual': {'user_x': 2467.0656334400487, 'user_y': 9136.41014761437, 'user_direction': 0.1861742214091908}, 'user_v': 7.999999999999999, 'user_w': 0, 'delta_t': 0.02, 'need_reset': False}
Tangent angle: 3.1671648343201353, User angle: 4.9955192924383045, Offset angle: 0.3430199691182879
Target angle: 3.510184803438423, distance: 560.0070213407454, angle diff: 1.4853344889998814, rotation direction: -1
Basic rotation angle: 1.693121693121693, rotation gain: 0.004553763108554555
Rotation gain: 1.24, direction: -1, curvature radius: 7.5
{'type': 'running', 'physical': {'user_x': 1196.0992604390865, 'user_y': 609.0722356373291, 'user_direction': 4.974355271274283}, 'virtual': {'user_x': 2474.9273900727517, 'user_y': 9137.890952344287, 'user_direction': 0.18617422140915116}, 'user_v': 7.999999999999999, 'user_w': 0, 'delta_t': 0.02, 'need_reset': False}
Tangent angle: 3.156810815856989, User angle: 4.974355271274283, Offset angle: 0.34211019161375694
Target angle: 3.498921007470746, distance: 561.6196522162353, angle diff: 1.4754342638035371, rotation direction: -1
Basic rotation angle: 1.693121693121693, rotation gain: 0.004588049854414322
Rotation gain: 1.24, direction: -1, curvature radius: 7.5
{'type': 'running', 'physical': {'user_x': 1197.6134307558928, 'user_y': 602.9062231887117, 'user_direction': 4.953191250110262}, 'virtual': {'user_x': 2482.7891467054546, 'user_y': 9139.371757074206, 'user_direction': 0.18617422140921105}, 'user_v': 7.999999999999999, 'user_w': 0, 'delta_t': 0.02, 'need_reset': False}
Tangent angle: 3.146455663906293, User angle: 4.953191250110262, Offset angle: 0.34124497862171227
Target angle: 3.4877006425280053, distance: 563.1609527950699, angle diff: 1.4654906075822565, rotation direction: -1
Basic rotation angle: 1.693121693121693, rotation gain: 0.004619637249641575
Rotation gain: 1.24, direction: -1, curvature radius: 7.5
{'type': 'running', 'physical': {'user_x': 1198.9967740987706, 'user_y': 596.7095480753532, 'user_direction': 4.93202722894624}, 'virtual': {'user_x': 2486.3257385309216, 'user_y': 9140.037893428664, 'user_direction': 0.18617422140921105}, 'user_v': 0, 'user_w': 0.1, 'delta_t': 0.02, 'need_reset': False}
Tangent angle: 3.136099437315628, User angle: 4.93202722894624, Offset angle: 0.3404237737650395
Target angle: 3.4765232110806674, distance: 564.630819611011, angle diff: 1.455504017865573, rotation direction: -1
Basic rotation angle: 0.0, rotation gain: 0.004062404262897493
Rotation gain: 1.24, direction: -1, curvature radius: 2500000
{'type': 'running', 'physical': {'user_x': 1198.9967740987706, 'user_y': 596.7095480753532, 'user_direction': 4.93202722894624}, 'virtual': {'user_x': 2486.3257385309216, 'user_y': 9140.037893428664, 'user_direction': 0.08617422140921105}, 'user_v': 0, 'user_w': 0.1, 'delta_t': 0.02, 'need_reset': True}
{'type': 'running', 'physical': {'user_x': 1198.9967740987706, 'user_y': 596.7095480753532, 'user_direction': 1.7904345753564463}, 'virtual': {'user_x': 2486.3257385309216, 'user_y': 9140.037893428664, 'user_direction': -0.013825778590788956}, 'user_v': 0, 'user_w': 0.1, 'delta_t': 0.02, 'need_reset': False}
Tangent angle: 3.136099437315628, User angle: 1.7904345753564463, Offset angle: 0.3404237737650395
Target angle: 2.795675663550588, distance: 564.630819611011, angle diff: 1.0052410881941416, rotation direction: 1
Basic rotation angle: 0.0, rotation gain: 0.003576420311462941
Rotation gain: 1.24, direction: 1, curvature radius: 2500000
{'type': 'running', 'physical': {'user_x': 1198.9967740987706, 'user_y': 596.7095480753532, 'user_direction': 1.8710797366467689}, 'virtual': {'user_x': 2486.3257385309216, 'user_y': 9140.037893428664, 'user_direction': -0.11382577859078896}, 'user_v': 0, 'user_w': 0.1, 'delta_t': 0.02, 'need_reset': False}
Tangent angle: 3.136099437315628, User angle: 1.8710797366467689, Offset angle: 0.3404237737650395
Target angle: 2.795675663550588, distance: 564.630819611011, angle diff: 0.9245959269038191, rotation direction: 1
Basic rotation angle: 0.0, rotation gain: 0.0031511843539577073
Rotation gain: 1.24, direction: 1, curvature radius: 2500000
{'type': 'running', 'physical': {'user_x': 1198.9967740987706, 'user_y': 596.7095480753532, 'user_direction': 1.9517248979370914}, 'virtual': {'user_x': 2486.3257385309216, 'user_y': 9140.037893428664, 'user_direction': -0.21382577859078897}, 'user_v': 0, 'user_w': 0.1, 'delta_t': 0.02, 'need_reset': False}
Tangent angle: 3.136099437315628, User angle: 1.9517248979370914, Offset angle: 0.3404237737650395
Target angle: 2.795675663550588, distance: 564.630819611011, angle diff: 0.8439507656134966, rotation direction: 1
Basic rotation angle: 0.0, rotation gain: 0.002779102891140628
Rotation gain: 1.24, direction: 1, curvature radius: 2500000
{'type': 'running', 'physical': {'user_x': 1198.9967740987706, 'user_y': 596.7095480753532, 'user_direction': 2.032370059227414}, 'virtual': {'user_x': 2486.3257385309216, 'user_y': 9140.037893428664, 'user_direction': -0.313825778590789}, 'user_v': 0, 'user_w': 0.1, 'delta_t': 0.02, 'need_reset': False}
Tangent angle: 3.136099437315628, User angle: 2.032370059227414, Offset angle: 0.3404237737650395
Target angle: 2.795675663550588, distance: 564.630819611011, angle diff: 0.7633056043231741, rotation direction: 1
Basic rotation angle: 0.0, rotation gain: 0.002453531611175684
Rotation gain: 1.24, direction: 1, curvature radius: 2500000
{'type': 'running', 'physical': {'user_x': 1198.9967740987706, 'user_y': 596.7095480753532, 'user_direction': 2.1130152205177364}, 'virtual': {'user_x': 2486.3257385309216, 'user_y': 9140.037893428664, 'user_direction': -0.41382577859078895}, 'user_v': 0, 'user_w': 0.1, 'delta_t': 0.02, 'need_reset': False}
Tangent angle: 3.136099437315628, User angle: 2.1130152205177364, Offset angle: 0.3404237737650395
Target angle: 2.795675663550588, distance: 564.630819611011, angle diff: 0.6826604430328516, rotation direction: 1
Basic rotation angle: 0.0, rotation gain: 0.0021686567412063577
Rotation gain: 1.24, direction: 1, curvature radius: 2500000
{'type': 'running', 'physical': {'user_x': 1198.9967740987706, 'user_y': 596.7095480753532, 'user_direction': 2.193660381808059}, 'virtual': {'user_x': 2486.3257385309216, 'user_y': 9140.037893428664, 'user_direction': -0.5138257785907889}, 'user_v': 0, 'user_w': 0.1, 'delta_t': 0.02, 'need_reset': False}
Tangent angle: 3.136099437315628, User angle: 2.193660381808059, Offset angle: 0.3404237737650395
Target angle: 2.795675663550588, distance: 564.630819611011, angle diff: 0.602015281742529, rotation direction: 1
Basic rotation angle: 0.0, rotation gain: 0.0019193912299831973
Rotation gain: 1.24, direction: 1, curvature radius: 2500000
{'type': 'running', 'physical': {'user_x': 1198.9967740987706, 'user_y': 596.7095480753532, 'user_direction': 2.2743055430983814}, 'virtual': {'user_x': 2486.3257385309216, 'user_y': 9140.037893428664, 'user_direction': -0.6138257785907889}, 'user_v': 0, 'user_w': 0.1, 'delta_t': 0.02, 'need_reset': False}
Tangent angle: 3.136099437315628, User angle: 2.2743055430983814, Offset angle: 0.3404237737650395
Target angle: 2.795675663550588, distance: 564.630819611011, angle diff: 0.5213701204522065, rotation direction: 1
Basic rotation angle: 0.0, rotation gain: 0.001701283907662932
Rotation gain: 1.24, direction: 1, curvature radius: 2500000
{'type': 'running', 'physical': {'user_x': 1198.9967740987706, 'user_y': 596.7095480753532, 'user_direction': 2.354950704388704}, 'virtual': {'user_x': 2486.3257385309216, 'user_y': 9140.037893428664, 'user_direction': -0.7138257785907889}, 'user_v': 0, 'user_w': 0.1, 'delta_t': 0.02, 'need_reset': False}
Tangent angle: 3.136099437315628, User angle: 2.354950704388704, Offset angle: 0.3404237737650395
Target angle: 2.795675663550588, distance: 564.630819611011, angle diff: 0.44072495916188403, rotation direction: 1
Basic rotation angle: 0.0, rotation gain: 0.0015104400006326999
Rotation gain: 1.24, direction: 1, curvature radius: 2500000
{'type': 'running', 'physical': {'user_x': 1198.9967740987706, 'user_y': 596.7095480753532, 'user_direction': 2.4355958656790264}, 'virtual': {'user_x': 2486.3257385309216, 'user_y': 9140.037893428664, 'user_direction': -0.8138257785907889}, 'user_v': 0, 'user_w': 0.1, 'delta_t': 0.02, 'need_reset': False}
Tangent angle: 3.136099437315628, User angle: 2.4355958656790264, Offset angle: 0.3404237737650395
Target angle: 2.795675663550588, distance: 564.630819611011, angle diff: 0.3600797978715615, rotation direction: 1
Basic rotation angle: 0.0, rotation gain: 0.0013434515819812467
Rotation gain: 1.24, direction: 1, curvature radius: 2500000
{'type': 'running', 'physical': {'user_x': 1198.9967740987706, 'user_y': 596.7095480753532, 'user_direction': 2.516241026969349}, 'virtual': {'user_x': 2486.3257385309216, 'user_y': 9140.037893428664, 'user_direction': -0.9138257785907888}, 'user_v': 0, 'user_w': 0.1, 'delta_t': 0.02, 'need_reset': False}
Tangent angle: 3.136099437315628, User angle: 2.516241026969349, Offset angle: 0.3404237737650395
Target angle: 2.795675663550588, distance: 564.630819611011, angle diff: 0.279434636581239, rotation direction: 1
Basic rotation angle: 0.0, rotation gain: 0.0011973367156612252
Rotation gain: 1.24, direction: 1, curvature radius: 2500000
{'type': 'running', 'physical': {'user_x': 1198.9967740987706, 'user_y': 596.7095480753532, 'user_direction': 2.5968861882596714}, 'virtual': {'user_x': 2486.3257385309216, 'user_y': 9140.037893428664, 'user_direction': -1.013825778590789}, 'user_v': 0, 'user_w': 0.1, 'delta_t': 0.02, 'need_reset': False}
Tangent angle: 3.136099437315628, User angle: 2.5968861882596714, Offset angle: 0.3404237737650395
Target angle: 2.795675663550588, distance: 564.630819611011, angle diff: 0.1987894752909165, rotation direction: 1
Basic rotation angle: 0.0, rotation gain: 0.0010694862076312064
Rotation gain: 1.24, direction: 1, curvature radius: 2500000
{'type': 'running', 'physical': {'user_x': 1198.9967740987706, 'user_y': 596.7095480753532, 'user_direction': 2.677531349549994}, 'virtual': {'user_x': 2486.3257385309216, 'user_y': 9140.037893428664, 'user_direction': -1.113825778590789}, 'user_v': 0, 'user_w': 0.1, 'delta_t': 0.02, 'need_reset': False}
Tangent angle: 3.136099437315628, User angle: 2.677531349549994, Offset angle: 0.3404237737650395
Target angle: 2.795675663550588, distance: 564.630819611011, angle diff: 0.118144314000594, rotation direction: 1
Basic rotation angle: 0.0, rotation gain: 0.0009576170131049399
Rotation gain: 1.24, direction: 1, curvature radius: 2500000
{'type': 'running', 'physical': {'user_x': 1198.9967740987706, 'user_y': 596.7095480753532, 'user_direction': 2.7581765108403165}, 'virtual': {'user_x': 2486.3257385309216, 'user_y': 9140.037893428664, 'user_direction': -1.2785181597049837}, 'user_v': 7.999999999999999, 'user_w': 0, 'delta_t': 0.02, 'need_reset': False}
Tangent angle: 3.136099437315628, User angle: 2.7581765108403165, Offset angle: 0.3404237737650395
Target angle: 2.795675663550588, distance: 564.630819611011, angle diff: 0.03749915271027149, rotation direction: 1
Basic rotation angle: 1.693121693121693, rotation gain: 0.0014924123292958513
Rotation gain: 1.24, direction: 1, curvature radius: 7.5
{'type': 'running', 'physical': {'user_x': 1198.9967740987706, 'user_y': 596.7095480753532, 'user_direction': 2.838821672130639}, 'virtual': {'user_x': 2488.6308146975266, 'user_y': 9132.37717388895, 'user_direction': -1.2785181597049837}, 'user_v': 7.999999999999999, 'user_w': 0, 'delta_t': 0.02, 'need_reset': False}
Tangent angle: 3.136099437315628, User angle: 2.838821672130639, Offset angle: 0.3404237737650395
Target angle: 2.795675663550588, distance: 564.630819611011, angle diff: 0.04314600858005102, rotation direction: -1
Basic rotation angle: 1.693121693121693, rotation gain: 0.0019603582309628987
Rotation gain: 1.24, direction: -1, curvature radius: 7.5
{'type': 'running', 'physical': {'user_x': 1192.9777883721167, 'user_y': 598.7304963891748, 'user_direction': 2.817657650966618}, 'virtual': {'user_x': 2490.9358908641316, 'user_y': 9124.716454349236, 'user_direction': -1.278518159704984}, 'user_v': 7.999999999999999, 'user_w': 0, 'delta_t': 0.02, 'need_reset': False}
Tangent angle: 3.1394517611378965, User angle: 2.817657650966618, Offset angle: 0.34402608396318907
Target angle: 2.7954256771747072, distance: 558.2331673611886, angle diff: 0.022231973791910775, rotation direction: -1
Basic rotation angle: 1.693121693121693, rotation gain: 0.0023698110514641605
Rotation gain: 1.24, direction: -1, curvature radius: 7.5
{'type': 'running', 'physical': {'user_x': 1187.002918794486, 'user_y': 600.8783685443804, 'user_direction': 2.7964936298025966}, 'virtual': {'user_x': 2493.2409670307366, 'user_y': 9117.055734809523, 'user_direction': -1.278518159704984}, 'user_v': 7.999999999999999, 'user_w': 0, 'delta_t': 0.02, 'need_reset': False}
Tangent angle: 3.1430890139326015, User angle: 2.7964936298025966, Offset angle: 0.3476756231547576
Target angle: 2.795413390777844, distance: 551.8815073949712, angle diff: 0.0010802390247528493, rotation direction: -1
Basic rotation angle: 1.693121693121693, rotation gain: 0.0027280822767629044
Rotation gain: 1.24, direction: -1, curvature radius: 7.5
{'type': 'running', 'physical': {'user_x': 1181.0748415044243, 'user_y': 603.1522025110223, 'user_direction': 2.7753296086385753}, 'virtual': {'user_x': 2495.5460431973415, 'user_y': 9109.395015269809, 'user_direction': -1.2785181597049844}, 'user_v': 7.999999999999999, 'user_w': 0, 'delta_t': 0.02, 'need_reset': False}
Tangent angle: 3.1470173792278278, User angle: 2.7753296086385753, Offset angle: 0.3513702685758904
Target angle: 2.795647110651938, distance: 545.5803403808301, angle diff: 0.020317502013362798, rotation direction: 1
Basic rotation angle: 1.693121693121693, rotation gain: 0.0030415694535311853
Rotation gain: 1.24, direction: 1, curvature radius: 7.5
{'type': 'running', 'physical': {'user_x': 1175.0999719267938, 'user_y': 605.3000746662278, 'user_direction': 2.7964936298025966}, 'virtual': {'user_x': 2497.8511193639465, 'user_y': 9101.734295730095, 'user_direction': -1.2785181597049844}, 'user_v': 7.999999999999999, 'user_w': 0, 'delta_t': 0.02, 'need_reset': False}
Tangent angle: 3.15080831153083, User angle: 2.7964936298025966, Offset angle: 0.3551711682819169
Target angle: 2.795637143248914, distance: 539.2291428527085, angle diff: 0.0008564865536824229, rotation direction: -1
Basic rotation angle: 1.693121693121693, rotation gain: 0.003315870739633841
Rotation gain: 1.24, direction: -1, curvature radius: 7.5
{'type': 'running', 'physical': {'user_x': 1169.171894636732, 'user_y': 607.5739086328698, 'user_direction': 2.7753296086385753}, 'virtual': {'user_x': 2500.1561955305515, 'user_y': 9094.073576190382, 'user_direction': -1.2785181597049846}, 'user_v': 7.999999999999999, 'user_w': 0, 'delta_t': 0.02, 'need_reset': False}
Tangent angle: 3.154898759716792, User angle: 2.7753296086385753, Offset angle: 0.359019682620439
Target angle: 2.7958790770963535, distance: 532.929648017772, angle diff: 0.020549468457778275, rotation direction: 1
Basic rotation angle: 1.693121693121693, rotation gain: 0.003555884203080579
Rotation gain: 1.24, direction: 1, curvature radius: 7.5
{'type': 'running', 'physical': {'user_x': 1163.1970250591016, 'user_y': 609.7217807880753, 'user_direction': 2.7964936298025966}, 'virtual': {'user_x': 2502.4612716971565, 'user_y': 9086.412856650668, 'user_direction': -1.2785181597049848}, 'user_v': 7.999999999999999, 'user_w': 0, 'delta_t': 0.02, 'need_reset': False}
Tangent angle: 3.158852715223687, User angle: 2.7964936298025966, Offset angle: 0.36298104806297127
Target angle: 2.795871667160716, distance: 526.5789608948631, angle diff: 0.0006219626418806357, rotation direction: -1
Basic rotation angle: 1.693121693121693, rotation gain: 0.0037658959887348657
Rotation gain: 1.24, direction: -1, curvature radius: 7.5
{'type': 'running', 'physical': {'user_x': 1157.2689477690399, 'user_y': 611.9956147547173, 'user_direction': 2.7753296086385753}, 'virtual': {'user_x': 2504.7663478637614, 'user_y': 9078.752137110954, 'user_direction': -1.278518159704985}, 'user_v': 7.999999999999999, 'user_w': 0, 'delta_t': 0.02, 'need_reset': False}
Tangent angle: 3.163115048779147, User angle: 2.7753296086385753, Offset angle: 0.3669927039664333
Target angle: 2.796122344812714, distance: 520.2812459823595, angle diff: 0.020792736174138682, rotation direction: 1
Basic rotation angle: 1.693121693121693, rotation gain: 0.003949656121036672
Rotation gain: 1.24, direction: 1, curvature radius: 7.5
{'type': 'running', 'physical': {'user_x': 1151.2940781914094, 'user_y': 614.1434869099228, 'user_direction': 2.7964936298025966}, 'virtual': {'user_x': 2507.0714240303664, 'user_y': 9071.09141757124, 'user_direction': -1.2785181597049853}, 'user_v': 7.999999999999999, 'user_w': 0, 'delta_t': 0.02, 'need_reset': False}
Tangent angle: 3.167242094959845, User angle: 2.7964936298025966, Offset angle: 0.37112433707085096
Target angle: 2.796117757888995, distance: 513.931122691443, angle diff: 0.0003758719136017774, rotation direction: -1
Basic rotation angle: 1.693121693121693, rotation gain: 0.004110446240213956
Rotation gain: 1.24, direction: -1, curvature radius: 7.5
{'type': 'running', 'physical': {'user_x': 1145.3660009013477, 'user_y': 616.4173208765648, 'user_direction': 2.7753296086385753}, 'virtual': {'user_x': 2509.3765001969714, 'user_y': 9063.430698031527, 'user_direction': -1.2785181597049857}, 'user_v': 7.999999999999999, 'user_w': 0, 'delta_t': 0.02, 'need_reset': False}
Tangent angle: 3.171686873560488, User angle: 2.7753296086385753, Offset angle: 0.37530911503103315
Target angle: 2.796377758529456, distance: 507.63530547420834, angle diff: 0.021048149890880552, rotation direction: 1
Basic rotation angle: 1.693121693121693, rotation gain: 0.004251137394147371
Rotation gain: 1.24, direction: 1, curvature radius: 7.5
{'type': 'running', 'physical': {'user_x': 1139.3911313237172, 'user_y': 618.5651930317703, 'user_direction': 2.7964936298025966}, 'virtual': {'user_x': 2511.6815763635764, 'user_y': 9055.769978491813, 'user_direction': -1.2785181597049862}, 'user_v': 7.999999999999999, 'user_w': 0, 'delta_t': 0.02, 'need_reset': False}
Tangent angle: 3.1759978672718527, User angle: 2.7964936298025966, Offset angle: 0.3796215763490959
Target angle: 2.7963762909227565, distance: 501.285805646825, angle diff: 0.00011733887984011204, rotation direction: -1
Basic rotation angle: 1.693121693121693, rotation gain: 0.00437424215500928
Rotation gain: 1.24, direction: -1, curvature radius: 7.5
{'type': 'running', 'physical': {'user_x': 1133.4630540336555, 'user_y': 620.8390269984122, 'user_direction': 2.7753296086385753}, 'virtual': {'user_x': 2513.9866525301813, 'user_y': 9048.1092589521, 'user_direction': -1.2785181597049864}, 'user_v': 7.999999999999999, 'user_w': 0, 'delta_t': 0.02, 'need_reset': False}
Tangent angle: 3.180636476064328, User angle: 2.7753296086385753, Offset angle: 0.3839902269426882
Target angle: 2.7966462491216397, distance: 494.99201515292685, angle diff: 0.021316640483064475, rotation direction: 1
Basic rotation angle: 1.693121693121693, rotation gain: 0.004481958598012245
Rotation gain: 1.24, direction: 1, curvature radius: 7.5
{'type': 'running', 'physical': {'user_x': 1127.488184456025, 'user_y': 622.9868991536177, 'user_direction': 2.7964936298025966}, 'virtual': {'user_x': 2516.2917286967863, 'user_y': 9040.448539412386, 'user_direction': -1.2785181597049868}, 'user_v': 7.999999999999999, 'user_w': 0, 'delta_t': 0.02, 'need_reset': False}
Tangent angle: 3.1851431355422424, User angle: 2.7964936298025966, Offset angle: 0.3884949033541683
Target angle: 2.7966482321880743, distance: 488.64320549191314, angle diff: 0.000154602385477709, rotation direction: 1
Basic rotation angle: 1.693121693121693, rotation gain: 0.004576210483947708
Rotation gain: 1.24, direction: 1, curvature radius: 7.5
{'type': 'running', 'physical': {'user_x': 1121.469198729371, 'user_y': 625.0078474674394, 'user_direction': 2.817657650966618}, 'virtual': {'user_x': 2518.5968048633913, 'user_y': 9032.787819872672, 'user_direction': -1.2785181597049873}, 'user_v': 7.999999999999999, 'user_w': 0, 'delta_t': 0.02, 'need_reset': False}
Tangent angle: 3.189512459193838, User angle: 2.817657650966618, Offset angle: 0.3931408022499312
Target angle: 2.796371656943908, distance: 482.24010374336046, angle diff: 0.021285994022710142, rotation direction: -1
Basic rotation angle: 1.693121693121693, rotation gain: 0.0046586811122764655
Rotation gain: 1.24, direction: -1, curvature radius: 7.5
{'type': 'running', 'physical': {'user_x': 1115.4943291517407, 'user_y': 627.1557196226449, 'user_direction': 2.7964936298025966}, 'virtual': {'user_x': 2520.9018810299963, 'user_y': 9025.127100332958, 'user_direction': -1.278518159704988}, 'user_v': 7.999999999999999, 'user_w': 0, 'delta_t': 0.02, 'need_reset': False}
Tangent angle: 3.194222993255011, User angle: 2.7964936298025966, Offset angle: 0.39785296364021644
Target angle: 2.7963700296147955, distance: 475.89057197619155, angle diff: 0.00012360018780110948, rotation direction: -1
Basic rotation angle: 1.693121693121693, rotation gain: 0.004730842913359567
Rotation gain: 1.24, direction: -1, curvature radius: 7.5
{'type': 'running', 'physical': {'user_x': 1109.566251861679, 'user_y': 629.4295535892869, 'user_direction': 2.7753296086385753}, 'virtual': {'user_x': 2523.2069571966013, 'user_y': 9017.466380793245, 'user_direction': -1.2785181597049884}, 'user_v': 7.999999999999999, 'user_w': 0, 'delta_t': 0.02, 'need_reset': False}
Tangent angle: 3.199282694226819, User angle: 2.7753296086385753, Offset angle: 0.4026281920779664
Target angle: 2.7966545021488525, distance: 469.599684476922, angle diff: 0.02132489351027722, rotation direction: 1
Basic rotation angle: 1.693121693121693, rotation gain: 0.004793984254521162
Rotation gain: 1.24, direction: 1, curvature radius: 7.5
{'type': 'running', 'physical': {'user_x': 1103.5913822840484, 'user_y': 631.5774257444924, 'user_direction': 2.7964936298025966}, 'virtual': {'user_x': 2525.5120333632062, 'user_y': 9009.805661253531, 'user_direction': -1.2785181597049893}, 'user_v': 7.999999999999999, 'user_w': 0, 'delta_t': 0.02, 'need_reset': False}
Tangent angle: 3.204215125540478, User angle: 2.7964936298025966, Offset angle: 0.40755841851266744
Target angle: 2.796656707027811, distance: 463.2509191867918, angle diff: 0.00016307722521435863, rotation direction: 1
Basic rotation angle: 1.693121693121693, rotation gain: 0.004849232926152338
Rotation gain: 1.24, direction: 1, curvature radius: 7.5
{'type': 'running', 'physical': {'user_x': 1097.5723965573945, 'user_y': 633.5983740583141, 'user_direction': 2.817657650966618}, 'virtual': {'user_x': 2527.817109529811, 'user_y': 9002.144941713817, 'user_direction': -1.2785181597049902}, 'user_v': 7.999999999999999, 'user_w': 0, 'delta_t': 0.02, 'need_reset': False}
Tangent angle: 3.2090148997097327, User angle: 2.817657650966618, Offset angle: 0.41265002268791756
Target angle: 2.7963648770218157, distance: 456.8447663651533, angle diff: 0.021292773944802335, rotation direction: -1
Basic rotation angle: 1.693121693121693, rotation gain: 0.004897575754599068
Rotation gain: 1.24, direction: -1, curvature radius: 7.5
{'type': 'running', 'physical': {'user_x': 1091.597526979764, 'user_y': 635.7462462135196, 'user_direction': 2.7964936298025966}, 'virtual': {'user_x': 2530.122185696416, 'user_y': 8994.484222174104, 'user_direction': -1.278518159704991}, 'user_v': 7.999999999999999, 'user_w': 0, 'delta_t': 0.02, 'need_reset': False}
Tangent angle: 3.2141793569394643, User angle: 2.7964936298025966, Offset angle: 0.41781629453775315
Target angle: 2.7963630624017117, distance: 450.4951971452942, angle diff: 0.0001305674008849067, rotation direction: -1
Basic rotation angle: 1.693121693121693, rotation gain: 0.004939875730931905
Rotation gain: 1.24, direction: -1, curvature radius: 7.5
{'type': 'running', 'physical': {'user_x': 1085.6694496897023, 'user_y': 638.0200801801616, 'user_direction': 2.7753296086385753}, 'virtual': {'user_x': 2532.427261863021, 'user_y': 8986.82350263439, 'user_direction': -1.2785181597049924}, 'user_v': 7.999999999999999, 'user_w': 0, 'delta_t': 0.02, 'need_reset': False}
Tangent angle: 3.21971718374393, User angle: 2.7753296086385753, Offset angle: 0.4230534849978822
Target angle: 2.7966636987460483, distance: 444.2075425505562, angle diff: 0.021334090107473003, rotation direction: 1
Basic rotation angle: 1.693121693121693, rotation gain: 0.004976887962027008
Rotation gain: 1.24, direction: 1, curvature radius: 7.5
{'type': 'running', 'physical': {'user_x': 1079.694580112072, 'user_y': 640.1679523353671, 'user_direction': 2.7964936298025966}, 'virtual': {'user_x': 2534.732338029626, 'user_y': 8979.162783094676, 'user_direction': -1.2785181597049942}, 'user_v': 7.999999999999999, 'user_w': 0, 'delta_t': 0.02, 'need_reset': False}
Tangent angle: 3.2251342730606916, User angle: 2.7964936298025966, Offset angle: 0.42846810821519365
Target angle: 2.7966661648454973, distance: 437.85882951439186, angle diff: 0.0001725350429007122, rotation direction: 1
Basic rotation angle: 1.693121693121693, rotation gain: 0.00500927366212189
Rotation gain: 1.24, direction: 1, curvature radius: 7.5
{'type': 'running', 'physical': {'user_x': 1073.675594385418, 'user_y': 642.1889006491888, 'user_direction': 2.817657650966618}, 'virtual': {'user_x': 2537.037414196231, 'user_y': 8971.502063554963, 'user_direction': -1.2785181597049962}, 'user_v': 7.999999999999999, 'user_w': 0, 'delta_t': 0.02, 'need_reset': False}
Tangent angle: 3.2304253239423635, User angle: 2.817657650966618, Offset angle: 0.43406802496094693
Target angle: 2.796357298981416, distance: 431.4492693867567, angle diff: 0.02130035198520197, rotation direction: -1
Basic rotation angle: 1.693121693121693, rotation gain: 0.005037611404589628
Rotation gain: 1.24, direction: -1, curvature radius: 7.5
{'type': 'running', 'physical': {'user_x': 1067.7007248077875, 'user_y': 644.3367728043943, 'user_direction': 2.7964936298025966}, 'virtual': {'user_x': 2539.342490362836, 'user_y': 8963.841344015249, 'user_direction': -1.278518159704999}, 'user_v': 7.999999999999999, 'user_w': 0, 'delta_t': 0.02, 'need_reset': False}
Tangent angle: 3.2361075233411816, User angle: 2.7964936298025966, Offset angle: 0.4397522605695953
Target angle: 2.796355262771586, distance: 425.0996558554691, angle diff: 0.0001383670310106666, rotation direction: -1
Basic rotation angle: 1.693121693121693, rotation gain: 0.005062406930863687
Rotation gain: 1.24, direction: -1, curvature radius: 7.5
{'type': 'running', 'physical': {'user_x': 1061.7726475177258, 'user_y': 646.6106067710363, 'user_direction': 2.7753296086385753}, 'virtual': {'user_x': 2541.647566529441, 'user_y': 8956.180624475535, 'user_direction': -1.2785181597050033}, 'user_v': 7.999999999999999, 'user_w': 0, 'delta_t': 0.02, 'need_reset': False}
Tangent angle: 3.2421903596355586, User angle: 2.7753296086385753, Offset angle: 0.44551634910077154
Target angle: 2.7966740105347867, distance: 418.81562370462495, angle diff: 0.02134440189621145, rotation direction: 1
Basic rotation angle: 1.693121693121693, rotation gain: 0.005084102753122216
Rotation gain: 1.24, direction: 1, curvature radius: 7.5
{'type': 'running', 'physical': {'user_x': 1055.7977779400953, 'user_y': 648.7584789262418, 'user_direction': 2.7964936298025966}, 'virtual': {'user_x': 2543.9526426960456, 'user_y': 8948.519904935822, 'user_direction': -1.2785181597050095}, 'user_v': 7.999999999999999, 'user_w': 0, 'delta_t': 0.02, 'need_reset': False}
Tangent angle: 3.2481613118719417, User angle: 2.7964936298025966, Offset angle: 0.4514845246899791
Target angle: 2.796676787181962, distance: 412.4669727897365, angle diff: 0.0001831573793653618, rotation direction: 1
Basic rotation angle: 1.693121693121693, rotation gain: 0.005103086595212952
Rotation gain: 1.24, direction: 1, curvature radius: 7.5
{'type': 'running', 'physical': {'user_x': 1049.7787922134414, 'user_y': 650.7794272400635, 'user_direction': 2.817657650966618}, 'virtual': {'user_x': 2546.2577188626506, 'user_y': 8940.859185396108, 'user_direction': -1.2785181597050004}, 'user_v': 7.999999999999999, 'user_w': 0, 'delta_t': 0.02, 'need_reset': False}
Tangent angle: 3.25401528552561, User angle: 2.817657650966618, Offset angle: 0.4576665124511916
Target angle: 2.7963487730744188, distance: 406.053582862916, angle diff: 0.021308877892199263, rotation direction: -1
Basic rotation angle: 1.693121693121693, rotation gain: 0.005119697727799929
Rotation gain: 1.24, direction: -1, curvature radius: 7.5
{'type': 'running', 'physical': {'user_x': 1043.803922635811, 'user_y': 652.927299395269, 'user_direction': 2.7964936298025966}, 'virtual': {'user_x': 2548.562795029255, 'user_y': 8933.198465856394, 'user_direction': -1.2785181597050124}, 'user_v': 7.999999999999999, 'user_w': 0, 'delta_t': 0.02, 'need_reset': False}
Tangent angle: 3.260290340108047, User angle: 2.7964936298025966, Offset angle: 0.46394386804867443
Target angle: 2.7963464720593727, distance: 399.7039163783729, angle diff: 0.0001471577432239357, rotation direction: -1
Basic rotation angle: 1.693121693121693, rotation gain: 0.005134232470634196
Rotation gain: 1.24, direction: -1, curvature radius: 7.5
{'type': 'running', 'physical': {'user_x': 1037.8758453457492, 'user_y': 655.2011333619109, 'user_direction': 2.7753296086385753}, 'virtual': {'user_x': 2550.311316665777, 'user_y': 8927.38740674235, 'user_direction': -1.2785181597050124}, 'user_v': 0, 'user_w': 0.1, 'delta_t': 0.02, 'need_reset': False}
Tangent angle: 3.2669968336503548, User angle: 2.7753296086385753, Offset angle: 0.47031118020903356
Target angle: 2.7966856534413207, distance: 393.4239711325353, angle diff: 0.021356044802745444, rotation direction: 1
Basic rotation angle: 0.0, rotation gain: 0.00451426996775836
Rotation gain: 1.24, direction: 1, curvature radius: 2500000
{'type': 'running', 'physical': {'user_x': 1031.9009757681188, 'user_y': 657.3490055171164, 'user_direction': 2.7964936298025966}, 'virtual': {'user_x': 2550.311316665777, 'user_y': 8927.38740674235, 'user_direction': -1.3625448495135974}, 'user_v': 7.999999999999999, 'user_w': 0, 'delta_t': 0.02, 'need_reset': False}
Tangent angle: 3.273603194927706, User angle: 2.7964936298025966, Offset angle: 0.476914391715805
Target angle: 2.7966888032119, distance: 387.0753948564225, angle diff: 0.00019517340930352844, rotation direction: 1
Basic rotation angle: 1.693121693121693, rotation gain: 0.0046044828976779485
Rotation gain: 1.24, direction: 1, curvature radius: 7.5
{'type': 'running', 'physical': {'user_x': 1031.9009757681188, 'user_y': 657.3490055171164, 'user_direction': 2.877138791092919}, 'virtual': {'user_x': 2551.965312448002, 'user_y': 8919.560255411732, 'user_direction': -1.3625448495135974}, 'user_v': 7.999999999999999, 'user_w': 0, 'delta_t': 0.02, 'need_reset': False}
Tangent angle: 3.273603194927706, User angle: 2.877138791092919, Offset angle: 0.476914391715805
Target angle: 2.7966888032119, distance: 387.0753948564225, angle diff: 0.08044998788101898, rotation direction: -1
Basic rotation angle: 1.693121693121693, rotation gain: 0.004683419211357589
Rotation gain: 1.24, direction: -1, curvature radius: 7.5
{'type': 'running', 'physical': {'user_x': 1025.808990073622, 'user_y': 659.1378966716724, 'user_direction': 2.855974769928898}, 'virtual': {'user_x': 2553.6193082302266, 'user_y': 8911.733104081115, 'user_direction': -1.362544849513599}, 'user_v': 7.999999999999999, 'user_w': 0, 'delta_t': 0.02, 'need_reset': False}
Tangent angle: 3.279593514293538, User angle: 2.855974769928898, Offset angle: 0.48389304577441566
Target angle: 2.7957004685191222, distance: 380.53986236696323, angle diff: 0.060274301409775966, rotation direction: -1
Basic rotation angle: 1.693121693121693, rotation gain: 0.004752489236528163
Rotation gain: 1.24, direction: -1, curvature radius: 7.5
{'type': 'running', 'physical': {'user_x': 1019.756225980458, 'user_y': 661.055308494236, 'user_direction': 2.834810748764877}, 'virtual': {'user_x': 2555.273304012451, 'user_y': 8903.905952750498, 'user_direction': -1.3625448495136006}, 'user_v': 7.999999999999999, 'user_w': 0, 'delta_t': 0.02, 'need_reset': False}
Tangent angle: 3.286033899381231, User angle: 2.834810748764877, Offset angle: 0.4909969875480367
Target angle: 2.7950369118331935, distance: 374.06288234023384, angle diff: 0.03977383693168335, rotation direction: -1
Basic rotation angle: 1.693121693121693, rotation gain: 0.004812925899067968
Rotation gain: 1.24, direction: -1, curvature radius: 7.5
{'type': 'running', 'physical': {'user_x': 1013.7453945160535, 'user_y': 663.1003821778295, 'user_direction': 2.8136467276008554}, 'virtual': {'user_x': 2556.9272997946755, 'user_y': 8896.07880141988, 'user_direction': -1.362544849513599}, 'user_v': 7.999999999999999, 'user_w': 0, 'delta_t': 0.02, 'need_reset': False}
Tangent angle: 3.2929366306568477, User angle: 2.8136467276008554, Offset angle: 0.4982210577256934
Target angle: 2.7947155729311532, distance: 367.6505266067667, angle diff: 0.018931154669702188, rotation direction: -1
Basic rotation angle: 1.693121693121693, rotation gain: 0.004865808135134245
Rotation gain: 1.24, direction: -1, curvature radius: 7.5
{'type': 'running', 'physical': {'user_x': 1007.7791879262495, 'user_y': 665.2722017358457, 'user_direction': 2.792482706436834}, 'virtual': {'user_x': 2558.5812955768997, 'user_y': 8888.251650089263, 'user_direction': -1.362544849513601}, 'user_v': 7.999999999999999, 'user_w': 0, 'delta_t': 0.02, 'need_reset': False}
Tangent angle: 3.3003137459307017, User angle: 2.792482706436834, Offset angle: 0.5055589349371414
Target angle: 2.7947548109935596, distance: 361.3091839757695, angle diff: 0.0022721045567255516, rotation direction: 1
Basic rotation angle: 1.693121693121693, rotation gain: 0.0049120800737475195
Rotation gain: 1.24, direction: 1, curvature radius: 7.5
{'type': 'running', 'physical': {'user_x': 1001.768356461845, 'user_y': 667.3172754194392, 'user_direction': 2.8136467276008554}, 'virtual': {'user_x': 2560.2352913591244, 'user_y': 8880.424498758646, 'user_direction': -1.3625448495135992}, 'user_v': 7.999999999999999, 'user_w': 0, 'delta_t': 0.02, 'need_reset': False}
Tangent angle: 3.3076030574270843, User angle: 2.8136467276008554, Offset angle: 0.5131861791074298
Target angle: 2.7944168783196552, distance: 354.8935443537241, angle diff: 0.019229849281200195, rotation direction: -1
Basic rotation angle: 1.693121693121693, rotation gain: 0.00495256816412912
Rotation gain: 1.24, direction: -1, curvature radius: 7.5
{'type': 'running', 'physical': {'user_x': 995.802149872041, 'user_y': 669.4890949774554, 'user_direction': 2.792482706436834}, 'virtual': {'user_x': 2561.8892871413486, 'user_y': 8872.597347428029, 'user_direction': -1.3625448495136014}, 'user_v': 7.999999999999999, 'user_w': 0, 'delta_t': 0.02, 'need_reset': False}
Tangent angle: 3.3153867003344457, User angle: 2.792482706436834, Offset angle: 0.520934588838286
Target angle: 2.7944521114961596, distance: 348.55139673241223, angle diff: 0.001969405059325524, rotation direction: 1
Basic rotation angle: 1.693121693121693, rotation gain: 0.004987995229293843
Rotation gain: 1.24, direction: 1, curvature radius: 7.5
{'type': 'running', 'physical': {'user_x': 989.7913184076365, 'user_y': 671.5341686610489, 'user_direction': 2.8136467276008554}, 'virtual': {'user_x': 2563.5432829235733, 'user_y': 8864.770196097412, 'user_direction': -1.3625448495135994}, 'user_v': 7.999999999999999, 'user_w': 0, 'delta_t': 0.02, 'need_reset': False}
Tangent angle: 3.3230921894425967, User angle: 2.8136467276008554, Offset angle: 0.5289962280853445
Target angle: 2.794095961357252, distance: 342.13215164902414, angle diff: 0.019550766243603412, rotation direction: -1
Basic rotation angle: 1.693121693121693, rotation gain: 0.0050189940401787585
Rotation gain: 1.24, direction: -1, curvature radius: 7.5
{'type': 'running', 'physical': {'user_x': 983.8251118178325, 'user_y': 673.705988219065, 'user_direction': 2.792482706436834}, 'virtual': {'user_x': 2565.1972787057975, 'user_y': 8856.943044766795, 'user_direction': -1.3625448495136019}, 'user_v': 7.999999999999999, 'user_w': 0, 'delta_t': 0.02, 'need_reset': False}
Tangent angle: 3.331313269502485, User angle: 2.792482706436834, Offset angle: 0.5371868039437001
Target angle: 2.7941264655587847, distance: 335.7890545585437, angle diff: 0.0016437591219506942, rotation direction: 1
Basic rotation angle: 1.693121693121693, rotation gain: 0.005046117989694283
Rotation gain: 1.24, direction: 1, curvature radius: 7.5
{'type': 'running', 'physical': {'user_x': 977.814280353428, 'user_y': 675.7510619026585, 'user_direction': 2.8136467276008554}, 'virtual': {'user_x': 2566.8512744880218, 'user_y': 8849.115893436177, 'user_direction': -1.3625448495135999}, 'user_v': 7.999999999999999, 'user_w': 0, 'delta_t': 0.02, 'need_reset': False}
Tangent angle: 3.3394671519215535, User angle: 2.8136467276008554, Offset angle: 0.5457169128432823
Target angle: 2.793750239078271, distance: 329.3658358396619, angle diff: 0.0198964885225843, rotation direction: -1
Basic rotation angle: 1.693121693121693, rotation gain: 0.005069851555496642
Rotation gain: 1.24, direction: -1, curvature radius: 7.5
{'type': 'running', 'physical': {'user_x': 971.848073763624, 'user_y': 677.9228814606747, 'user_direction': 2.792482706436834}, 'virtual': {'user_x': 2568.5052702702465, 'user_y': 8841.28874210556, 'user_direction': -1.3625448495135972}, 'user_v': 7.999999999999999, 'user_w': 0, 'delta_t': 0.02, 'need_reset': False}
Tangent angle: 3.3481592708793233, User angle: 2.792482706436834, Offset angle: 0.5543841174121209
Target angle: 2.7937751534672017, distance: 323.021617568936, angle diff: 0.0012924470303676827, rotation direction: 1
Basic rotation angle: 1.693121693121693, rotation gain: 0.00509061841919717
Rotation gain: 1.24, direction: 1, curvature radius: 7.5
{'type': 'running', 'physical': {'user_x': 965.8372422992195, 'user_y': 679.9679551442682, 'user_direction': 2.8136467276008554}, 'virtual': {'user_x': 2570.1592660524707, 'user_y': 8833.461590774943, 'user_direction': -1.3625448495136}, 'user_v': 7.999999999999999, 'user_w': 0, 'delta_t': 0.02, 'need_reset': False}
Tangent angle: 3.3567965913266256, User angle: 2.8136467276008554, Offset angle: 0.5634198804969586
Target angle: 2.7933767108296674, distance: 316.5940013693461, angle diff: 0.020270016771188004, rotation direction: -1
Basic rotation angle: 1.693121693121693, rotation gain: 0.00510878951150133
Rotation gain: 1.24, direction: -1, curvature radius: 7.5
{'type': 'running', 'physical': {'user_x': 959.8710357094155, 'user_y': 682.1397747022844, 'user_direction': 2.792482706436834}, 'virtual': {'user_x': 2571.8132618346954, 'user_y': 8825.634439444326, 'user_direction': -1.362544849513597}, 'user_v': 7.999999999999999, 'user_w': 0, 'delta_t': 0.02, 'need_reset': False}
Tangent angle: 3.3659962469173657, User angle: 2.792482706436834, Offset angle: 0.5726012402639442
Target angle: 2.793395006653421, distance: 310.24845677409814, angle diff: 0.0009123002165871696, rotation direction: 1
Basic rotation angle: 1.693121693121693, rotation gain: 0.0051246892140126505
Rotation gain: 1.24, direction: 1, curvature radius: 7.5
{'type': 'running', 'physical': {'user_x': 953.860204245011, 'user_y': 684.1848483858779, 'user_direction': 2.8136467276008554}, 'virtual': {'user_x': 2573.4672576169196, 'user_y': 8817.807288113709, 'user_direction': -1.362544849513601}, 'user_v': 7.999999999999999, 'user_w': 0, 'delta_t': 0.02, 'need_reset': False}
Tangent angle: 3.3751550897848395, User angle: 2.8136467276008554, Offset angle: 0.5821832197854561
Target angle: 2.792971869999384, distance: 303.8159522574055, angle diff: 0.020674857601471253, rotation direction: -1
Basic rotation angle: 1.693121693121693, rotation gain: 0.005138601511248544
Rotation gain: 1.24, direction: -1, curvature radius: 7.5
{'type': 'running', 'physical': {'user_x': 947.893997655207, 'user_y': 686.3566679438941, 'user_direction': 2.792482706436834}, 'virtual': {'user_x': 2575.1212533991443, 'user_y': 8809.980136783091, 'user_direction': -1.362544849513597}, 'user_v': 7.999999999999999, 'user_w': 0, 'delta_t': 0.02, 'need_reset': False}
Tangent angle: 3.3849018742199677, User angle: 2.792482706436834, Offset angle: 0.5919195634254135
Target angle: 2.792982310794553, distance: 297.4688348430692, angle diff: 0.0004996043577190079, rotation direction: 1
Basic rotation angle: 1.693121693121693, rotation gain: 0.005150774770356359
Rotation gain: 1.24, direction: 1, curvature radius: 7.5
{'type': 'running', 'physical': {'user_x': 941.8831661908025, 'user_y': 688.4017416274876, 'user_direction': 2.8136467276008554}, 'virtual': {'user_x': 2576.7752491813685, 'user_y': 8802.152985452474, 'user_direction': -1.362544849513602}, 'user_v': 7.999999999999999, 'user_w': 0, 'delta_t': 0.02, 'need_reset': False}
Tangent angle: 3.394623566104535, User angle: 2.8136467276008554, Offset angle: 0.602091973815193
Target angle: 2.7925315922893414, distance: 291.0308699217679, angle diff: 0.02111513531151399, rotation direction: -1
Basic rotation angle: 1.693121693121693, rotation gain: 0.005161426393557313
Rotation gain: 1.24, direction: -1, curvature radius: 7.5
{'type': 'running', 'physical': {'user_x': 935.9169596009986, 'user_y': 690.5735611855038, 'user_direction': 2.792482706436834}, 'virtual': {'user_x': 2578.429244963593, 'user_y': 8794.325834121857, 'user_direction': -1.3625448495135963}, 'user_v': 7.999999999999999, 'user_w': 0, 'delta_t': 0.02, 'need_reset': False}
Tangent angle: 3.4049603493192246, User angle: 2.792482706436834, Offset angle: 0.6124276667375106
Target angle: 2.792532682581715, distance: 284.6818816387919, angle diff: 4.997614488111424e-05, rotation direction: 1
Basic rotation angle: 1.693121693121693, rotation gain: 0.005170746563856942
Rotation gain: 1.24, direction: 1, curvature radius: 7.5
{'type': 'running', 'physical': {'user_x': 929.906128136594, 'user_y': 692.6186348690973, 'user_direction': 2.8136467276008554}, 'virtual': {'user_x': 2580.0832407458174, 'user_y': 8786.49868279124, 'user_direction': -1.362544849513605}, 'user_v': 7.999999999999999, 'user_w': 0, 'delta_t': 0.02, 'need_reset': False}
Tangent angle: 3.415289641867552, User angle: 2.8136467276008554, Offset angle: 0.6232386489713465
Target angle: 2.792050992896206, distance: 278.2377848299795, angle diff: 0.021595734704649594, rotation direction: -1
Basic rotation angle: 1.693121693121693, rotation gain: 0.005178901689430877
Rotation gain: 1.24, direction: -1, curvature radius: 7.5
{'type': 'running', 'physical': {'user_x': 923.9399215467901, 'user_y': 694.7904544271134, 'user_direction': 2.792482706436834}, 'virtual': {'user_x': 2581.737236528042, 'user_y': 8778.671531460623, 'user_direction': -1.3625448495135952}, 'user_v': 7.999999999999999, 'user_w': 0, 'delta_t': 0.02, 'need_reset': False}
Tangent angle: 3.42626272553324, User angle: 2.792482706436834, Offset angle: 0.6342218141507228
Target angle: 2.792040911382518, distance: 271.886562783524, angle diff: 0.00044179505431607424, rotation direction: -1
Basic rotation angle: 1.693121693121693, rotation gain: 0.0051860374233041705
Rotation gain: 1.24, direction: -1, curvature radius: 7.5
{'type': 'running', 'physical': {'user_x': 918.0210120899877, 'user_y': 697.0880471035854, 'user_direction': 2.7713186852728127}, 'virtual': {'user_x': 2583.3912323102663, 'user_y': 8770.844380130005, 'user_direction': -1.3625448495136179}, 'user_v': 7.999999999999999, 'user_w': 0, 'delta_t': 0.02, 'need_reset': False}
Tangent angle: 3.4378938749409693, User angle: 2.7713186852728127, Offset angle: 0.6453576093388882
Target angle: 2.792536265602081, distance: 265.637823024373, angle diff: 0.021217580329268237, rotation direction: 1
Basic rotation angle: 1.693121693121693, rotation gain: 0.005192281214879751
Rotation gain: 1.24, direction: 1, curvature radius: 7.5
{'type': 'running', 'physical': {'user_x': 912.0548055001838, 'user_y': 699.2598666616016, 'user_direction': 2.792482706436834}, 'virtual': {'user_x': 2583.5580258282844, 'user_y': 8770.05506850024, 'user_direction': -1.3625448495136179}, 'user_v': 0, 'user_w': 0.1, 'delta_t': 0.02, 'need_reset': False}
Tangent angle: 3.4495572640105556, User angle: 2.792482706436834, Offset angle: 0.6570196869046215
Target angle: 2.792537577105934, distance: 259.288878985267, angle diff: 5.487066909992677e-05, rotation direction: 1
Basic rotation angle: 0.0, rotation gain: 0.004565062678669311
Rotation gain: 1.24, direction: 1, curvature radius: 2500000
{'type': 'running', 'physical': {'user_x': 906.0439740357792, 'user_y': 701.3049403451951, 'user_direction': 2.8136467276008554}, 'virtual': {'user_x': 2583.5580258282844, 'user_y': 8770.05506850024, 'user_direction': -1.462544849513618}, 'user_v': 0, 'user_w': 0.1, 'delta_t': 0.02, 'need_reset': False}
Tangent angle: 3.4612546530373445, User angle: 2.8136467276008554, Offset angle: 0.6692470193736618
Target angle: 2.792007633663683, distance: 252.83513399438027, angle diff: 0.021639093937172227, rotation direction: -1
Basic rotation angle: 0.0, rotation gain: 0.004016246458555281
Rotation gain: 1.24, direction: -1, curvature radius: 2500000
{'type': 'running', 'physical': {'user_x': 906.0439740357792, 'user_y': 701.3049403451951, 'user_direction': 2.894291888891178}, 'virtual': {'user_x': 2583.5580258282844, 'user_y': 8770.05506850024, 'user_direction': -1.562544849513618}, 'user_v': 0, 'user_w': 0.1, 'delta_t': 0.02, 'need_reset': False}
Tangent angle: 3.4612546530373445, User angle: 2.894291888891178, Offset angle: 0.6692470193736618
Target angle: 2.792007633663683, distance: 252.83513399438027, angle diff: 0.10228425522749474, rotation direction: -1
Basic rotation angle: 0.0, rotation gain: 0.0035360322659555043
Rotation gain: 1.24, direction: -1, curvature radius: 2500000
{'type': 'running', 'physical': {'user_x': 906.0439740357792, 'user_y': 701.3049403451951, 'user_direction': 2.9749370501815005}, 'virtual': {'user_x': 2583.5580258282844, 'user_y': 8770.05506850024, 'user_direction': -1.6625448495136181}, 'user_v': 0, 'user_w': 0.1, 'delta_t': 0.02, 'need_reset': False}
Tangent angle: 3.4612546530373445, User angle: 2.9749370501815005, Offset angle: 0.6692470193736618
Target angle: 2.792007633663683, distance: 252.83513399438027, angle diff: 0.18292941651781724, rotation direction: -1
Basic rotation angle: 0.0, rotation gain: 0.0031158448474307
Rotation gain: 1.24, direction: -1, curvature radius: 2500000
{'type': 'running', 'physical': {'user_x': 906.0439740357792, 'user_y': 701.3049403451951, 'user_direction': 3.055582211471823}, 'virtual': {'user_x': 2583.5580258282844, 'user_y': 8770.05506850024, 'user_direction': -1.7625448495136182}, 'user_v': 0, 'user_w': 0.1, 'delta_t': 0.02, 'need_reset': False}
Tangent angle: 3.4612546530373445, User angle: 3.055582211471823, Offset angle: 0.6692470193736618
Target angle: 2.792007633663683, distance: 252.83513399438027, angle diff: 0.26357457780813975, rotation direction: -1
Basic rotation angle: 0.0, rotation gain: 0.002748180856221496
Rotation gain: 1.24, direction: -1, curvature radius: 2500000
{'type': 'running', 'physical': {'user_x': 906.0439740357792, 'user_y': 701.3049403451951, 'user_direction': 3.1362273727621455}, 'virtual': {'user_x': 2583.5580258282844, 'user_y': 8770.05506850024, 'user_direction': -1.8625448495136183}, 'user_v': 0, 'user_w': 0.1, 'delta_t': 0.02, 'need_reset': False}
Tangent angle: 3.4612546530373445, User angle: 3.1362273727621455, Offset angle: 0.6692470193736618
Target angle: 2.792007633663683, distance: 252.83513399438027, angle diff: 0.34421973909846226, rotation direction: -1
Basic rotation angle: 0.0, rotation gain: 0.0024264748639134426
Rotation gain: 1.24, direction: -1, curvature radius: 2500000
{'type': 'running', 'physical': {'user_x': 906.0439740357792, 'user_y': 701.3049403451951, 'user_direction': 3.216872534052468}, 'virtual': {'user_x': 2583.5580258282844, 'user_y': 8770.05506850024, 'user_direction': -1.9625448495136184}, 'user_v': 0, 'user_w': 0.1, 'delta_t': 0.02, 'need_reset': False}
Tangent angle: 3.4612546530373445, User angle: 3.216872534052468, Offset angle: 0.6692470193736618
Target angle: 2.792007633663683, distance: 252.83513399438027, angle diff: 0.42486490038878477, rotation direction: -1
Basic rotation angle: 0.0, rotation gain: 0.002144982120643896
Rotation gain: 1.24, direction: -1, curvature radius: 2500000
{'type': 'running', 'physical': {'user_x': 906.0439740357792, 'user_y': 701.3049403451951, 'user_direction': 3.2975176953427905}, 'virtual': {'user_x': 2583.5580258282844, 'user_y': 8770.05506850024, 'user_direction': -2.0625448495136185}, 'user_v': 0, 'user_w': 0.1, 'delta_t': 0.02, 'need_reset': False}
Tangent angle: 3.4612546530373445, User angle: 3.2975176953427905, Offset angle: 0.6692470193736618
Target angle: 2.792007633663683, distance: 252.83513399438027, angle diff: 0.5055100616791073, rotation direction: -1
Basic rotation angle: 0.0, rotation gain: 0.0018986759702830428
Rotation gain: 1.24, direction: -1, curvature radius: 2500000
{'type': 'running', 'physical': {'user_x': 906.0439740357792, 'user_y': 701.3049403451951, 'user_direction': 3.378162856633113}, 'virtual': {'user_x': 2583.5580258282844, 'user_y': 8770.05506850024, 'user_direction': -2.1625448495136186}, 'user_v': 0, 'user_w': 0.1, 'delta_t': 0.02, 'need_reset': False}
Tangent angle: 3.4612546530373445, User angle: 3.378162856633113, Offset angle: 0.6692470193736618
Target angle: 2.792007633663683, distance: 252.83513399438027, angle diff: 0.5861552229694298, rotation direction: -1
Basic rotation angle: 0.0, rotation gain: 0.0016831580887172962
Rotation gain: 1.24, direction: -1, curvature radius: 2500000
{'type': 'running', 'physical': {'user_x': 906.0439740357792, 'user_y': 701.3049403451951, 'user_direction': 3.4588080179234355}, 'virtual': {'user_x': 2583.5580258282844, 'user_y': 8770.05506850024, 'user_direction': -2.2625448495136187}, 'user_v': 0, 'user_w': 0.1, 'delta_t': 0.02, 'need_reset': False}
Tangent angle: 3.4612546530373445, User angle: 3.4588080179234355, Offset angle: 0.6692470193736618
Target angle: 2.792007633663683, distance: 252.83513399438027, angle diff: 0.6668003842597523, rotation direction: -1
Basic rotation angle: 0.0, rotation gain: 0.001494579942347268
Rotation gain: 1.24, direction: -1, curvature radius: 2500000
{'type': 'running', 'physical': {'user_x': 906.0439740357792, 'user_y': 701.3049403451951, 'user_direction': 3.539453179213758}, 'virtual': {'user_x': 2583.5580258282844, 'user_y': 8770.05506850024, 'user_direction': -2.3625448495136188}, 'user_v': 0, 'user_w': 0.1, 'delta_t': 0.02, 'need_reset': False}
Tangent angle: 3.4612546530373445, User angle: 3.539453179213758, Offset angle: 0.6692470193736618
Target angle: 4.130501672411007, distance: 252.83513399438027, angle diff: 0.5910484931972486, rotation direction: 1
Basic rotation angle: 0.0, rotation gain: 0.00132368154372853
Rotation gain: 1.24, direction: 1, curvature radius: 2500000
{'type': 'running', 'physical': {'user_x': 906.0439740357792, 'user_y': 701.3049403451951, 'user_direction': 3.6200983405040805}, 'virtual': {'user_x': 2583.5580258282844, 'user_y': 8770.05506850024, 'user_direction': -2.462544849513619}, 'user_v': 0, 'user_w': 0.1, 'delta_t': 0.02, 'need_reset': False}
Tangent angle: 3.4612546530373445, User angle: 3.6200983405040805, Offset angle: 0.6692470193736618
Target angle: 4.130501672411007, distance: 252.83513399438027, angle diff: 0.5104033319069261, rotation direction: 1
Basic rotation angle: 0.0, rotation gain: 0.0011741454449371344
Rotation gain: 1.24, direction: 1, curvature radius: 2500000
{'type': 'running', 'physical': {'user_x': 906.0439740357792, 'user_y': 701.3049403451951, 'user_direction': 3.700743501794403}, 'virtual': {'user_x': 2583.5580258282844, 'user_y': 8770.05506850024, 'user_direction': -2.562544849513619}, 'user_v': 0, 'user_w': 0.1, 'delta_t': 0.02, 'need_reset': False}
Tangent angle: 3.4612546530373445, User angle: 3.700743501794403, Offset angle: 0.6692470193736618
Target angle: 4.130501672411007, distance: 252.83513399438027, angle diff: 0.4297581706166036, rotation direction: 1
Basic rotation angle: 0.0, rotation gain: 0.0010433013584946632
Rotation gain: 1.24, direction: 1, curvature radius: 2500000
{'type': 'running', 'physical': {'user_x': 906.0439740357792, 'user_y': 701.3049403451951, 'user_direction': 3.7813886630847255}, 'virtual': {'user_x': 2583.5580258282844, 'user_y': 8770.05506850024, 'user_direction': -2.662544849513619}, 'user_v': 0, 'user_w': 0.1, 'delta_t': 0.02, 'need_reset': False}
Tangent angle: 3.4612546530373445, User angle: 3.7813886630847255, Offset angle: 0.6692470193736618
Target angle: 4.130501672411007, distance: 252.83513399438027, angle diff: 0.3491130093262811, rotation direction: 1
Basic rotation angle: 0.0, rotation gain: 0.0009288127828575008
Rotation gain: 1.24, direction: 1, curvature radius: 2500000
{'type': 'running', 'physical': {'user_x': 906.0439740357792, 'user_y': 701.3049403451951, 'user_direction': 3.862033824375048}, 'virtual': {'user_x': 2583.5580258282844, 'user_y': 8770.05506850024, 'user_direction': -2.762544849513619}, 'user_v': 0, 'user_w': 0.1, 'delta_t': 0.02, 'need_reset': False}
Tangent angle: 3.4612546530373445, User angle: 3.862033824375048, Offset angle: 0.6692470193736618
Target angle: 4.130501672411007, distance: 252.83513399438027, angle diff: 0.2684678480359586, rotation direction: 1
Basic rotation angle: 0.0, rotation gain: 0.0008286352791749838
Rotation gain: 1.24, direction: 1, curvature radius: 2500000
{'type': 'running', 'physical': {'user_x': 906.0439740357792, 'user_y': 701.3049403451951, 'user_direction': 3.9426789856653706}, 'virtual': {'user_x': 2583.5580258282844, 'user_y': 8770.05506850024, 'user_direction': -2.862544849513619}, 'user_v': 0, 'user_w': 0.1, 'delta_t': 0.02, 'need_reset': False}
Tangent angle: 3.4612546530373445, User angle: 3.9426789856653706, Offset angle: 0.6692470193736618
Target angle: 4.130501672411007, distance: 252.83513399438027, angle diff: 0.18782268674563607, rotation direction: 1
Basic rotation angle: 0.0, rotation gain: 0.0007409799634527813
Rotation gain: 1.24, direction: 1, curvature radius: 2500000
{'type': 'running', 'physical': {'user_x': 906.0439740357792, 'user_y': 701.3049403451951, 'user_direction': 4.0233241469556935}, 'virtual': {'user_x': 2583.5580258282844, 'user_y': 8770.05506850024, 'user_direction': -2.9625448495136193}, 'user_v': 0, 'user_w': 0.1, 'delta_t': 0.02, 'need_reset': False}
Tangent angle: 3.4612546530373445, User angle: 4.0233241469556935, Offset angle: 0.6692470193736618
Target angle: 4.130501672411007, distance: 252.83513399438027, angle diff: 0.10717752545531312, rotation direction: 1
Basic rotation angle: 0.0, rotation gain: 0.0006642815621958542
Rotation gain: 1.24, direction: 1, curvature radius: 2500000
{'type': 'running', 'physical': {'user_x': 906.0439740357792, 'user_y': 701.3049403451951, 'user_direction': 4.1039693082460165}, 'virtual': {'user_x': 2583.5580258282844, 'user_y': 8770.05506850024, 'user_direction': -3.0625448495136194}, 'user_v': 0, 'user_w': 0.1, 'delta_t': 0.02, 'need_reset': False}
Tangent angle: 3.4612546530373445, User angle: 4.1039693082460165, Offset angle: 0.6692470193736618
Target angle: 4.130501672411007, distance: 252.83513399438027, angle diff: 0.026532364164990163, rotation direction: 1
Basic rotation angle: 0.0, rotation gain: 0.0005971704610960429
Rotation gain: 1.24, direction: 1, curvature radius: 2500000
{'type': 'running', 'physical': {'user_x': 906.0439740357792, 'user_y': 701.3049403451951, 'user_direction': 4.184614469536339}, 'virtual': {'user_x': 2583.5580258282844, 'user_y': 8770.05506850024, 'user_direction': 3.1206404576659668}, 'user_v': 0, 'user_w': 0.1, 'delta_t': 0.02, 'need_reset': False}
Tangent angle: 3.4612546530373445, User angle: 4.184614469536339, Offset angle: 0.6692470193736618
Target angle: 4.130501672411007, distance: 252.83513399438027, angle diff: 0.05411279712533279, rotation direction: -1
Basic rotation angle: 0.0, rotation gain: 0.0005384482476337081
Rotation gain: 1.24, direction: -1, curvature radius: 2500000
{'type': 'running', 'physical': {'user_x': 906.0439740357792, 'user_y': 701.3049403451951, 'user_direction': 4.265259630826662}, 'virtual': {'user_x': 2583.5580258282844, 'user_y': 8770.05506850024, 'user_direction': 3.0206404576659667}, 'user_v': 0, 'user_w': 0.1, 'delta_t': 0.02, 'need_reset': False}
Tangent angle: 3.4612546530373445, User angle: 4.265259630826662, Offset angle: 0.6692470193736618
Target angle: 4.130501672411007, distance: 252.83513399438027, angle diff: 0.13475795841565574, rotation direction: -1
Basic rotation angle: 0.0, rotation gain: 0.00048706631085416503
Rotation gain: 1.24, direction: -1, curvature radius: 2500000
{'type': 'running', 'physical': {'user_x': 906.0439740357792, 'user_y': 701.3049403451951, 'user_direction': 4.345904792116985}, 'virtual': {'user_x': 2583.5580258282844, 'user_y': 8770.05506850024, 'user_direction': 2.9206404576659666}, 'user_v': 0, 'user_w': 0.1, 'delta_t': 0.02, 'need_reset': False}
Tangent angle: 3.4612546530373445, User angle: 4.345904792116985, Offset angle: 0.6692470193736618
Target angle: 4.130501672411007, distance: 252.83513399438027, angle diff: 0.2154031197059787, rotation direction: -1
Basic rotation angle: 0.0, rotation gain: 0.0004421071161720649
Rotation gain: 1.24, direction: -1, curvature radius: 2500000
{'type': 'running', 'physical': {'user_x': 906.0439740357792, 'user_y': 701.3049403451951, 'user_direction': 4.426549953407308}, 'virtual': {'user_x': 2583.5580258282844, 'user_y': 8770.05506850024, 'user_direction': 2.769660112525264}, 'user_v': 7.999999999999999, 'user_w': 0, 'delta_t': 0.02, 'need_reset': False}
Tangent angle: 3.4612546530373445, User angle: 4.426549953407308, Offset angle: 0.6692470193736618
Target angle: 4.130501672411007, distance: 252.83513399438027, angle diff: 0.29604828099630165, rotation direction: -1
Basic rotation angle: 1.693121693121693, rotation gain: 0.0008645665518906707
Rotation gain: 1.24, direction: -1, curvature radius: 7.5
{'type': 'running', 'physical': {'user_x': 906.0439740357792, 'user_y': 701.3049403451951, 'user_direction': 4.507195114697631}, 'virtual': {'user_x': 2576.105011681234, 'user_y': 8772.962400631915, 'user_direction': 2.769660112525264}, 'user_v': 7.999999999999999, 'user_w': 0, 'delta_t': 0.02, 'need_reset': False}
Tangent angle: 3.4612546530373445, User angle: 4.507195114697631, Offset angle: 0.6692470193736618
Target angle: 4.130501672411007, distance: 252.83513399438027, angle diff: 0.3766934422866246, rotation direction: -1
Basic rotation angle: 1.693121693121693, rotation gain: 0.0012342185581444508
Rotation gain: 1.24, direction: -1, curvature radius: 7.5
{'type': 'running', 'physical': {'user_x': 904.6190228222083, 'user_y': 695.1177006291549, 'user_direction': 4.48603109353361}, 'virtual': {'user_x': 2568.6519975341835, 'user_y': 8775.869732763591, 'user_direction': 2.769660112525269}, 'user_v': 7.999999999999999, 'user_w': 0, 'delta_t': 0.02, 'need_reset': False}
Tangent angle: 3.444250976373684, User angle: 4.48603109353361, Offset angle: 0.6773312475335758
Target angle: 4.12158222390726, distance: 248.67675009565053, angle diff: 0.3644488696263499, rotation direction: -1
Basic rotation angle: 1.693121693121693, rotation gain: 0.0015599026335066982
Rotation gain: 1.24, direction: -1, curvature radius: 7.5
{'type': 'running', 'physical': {'user_x': 903.0634536288138, 'user_y': 688.9620019889221, 'user_direction': 4.4648670723695885}, 'virtual': {'user_x': 2561.198983387133, 'user_y': 8778.777064895266, 'user_direction': 2.769660112525275}, 'user_v': 7.999999999999999, 'user_w': 0, 'delta_t': 0.02, 'need_reset': False}
Tangent angle: 3.4271146522177633, User angle: 4.4648670723695885, Offset angle: 0.6856942107457319
Target angle: 4.112808862963496, distance: 244.46205170394268, angle diff: 0.3520582094060929, rotation direction: -1
Basic rotation angle: 1.693121693121693, rotation gain: 0.0018470663186709755
Rotation gain: 1.24, direction: -1, curvature radius: 7.5
{'type': 'running', 'physical': {'user_x': 901.3779631935955, 'user_y': 682.8406015562115, 'user_direction': 4.443703051205567}, 'virtual': {'user_x': 2553.7459692400826, 'user_y': 8781.684397026942, 'user_direction': 2.7696601125252815}, 'user_v': 7.999999999999999, 'user_w': 0, 'delta_t': 0.02, 'need_reset': False}
Tangent angle: 3.4098405944287378, User angle: 4.443703051205567, Offset angle: 0.6943490887809626
Target angle: 4.1041896832097, distance: 240.19001220890763, angle diff: 0.33951336799586684, rotation direction: -1
Basic rotation angle: 1.693121693121693, rotation gain: 0.002100474739272897
Rotation gain: 1.24, direction: -1, curvature radius: 7.5
{'type': 'running', 'physical': {'user_x': 899.563306446157, 'user_y': 676.7562411006026, 'user_direction': 4.422539030041546}, 'virtual': {'user_x': 2546.292955093032, 'user_y': 8784.591729158616, 'user_direction': 2.769660112525289}, 'user_v': 7.999999999999999, 'user_w': 0, 'delta_t': 0.02, 'need_reset': False}
Tangent angle: 3.3924234872046535, User angle: 4.422539030041546, Offset angle: 0.7033100109962451
Target angle: 4.095733498200898, distance: 235.85948171919645, angle diff: 0.3268055318406473, rotation direction: -1
Basic rotation angle: 1.693121693121693, rotation gain: 0.0023242957682615816
Rotation gain: 1.24, direction: -1, curvature radius: 7.5
{'type': 'running', 'physical': {'user_x': 897.6202961695732, 'user_y': 670.7116458015033, 'user_direction': 4.401375008877524}, 'virtual': {'user_x': 2538.8399409459817, 'user_y': 8787.499061290291, 'user_direction': 2.7696601125252793}, 'user_v': 7.999999999999999, 'user_w': 0, 'delta_t': 0.02, 'need_reset': False}
Tangent angle: 3.3748577730663722, User angle: 4.401375008877524, Offset angle: 0.712592152550496
Target angle: 4.087449925616868, distance: 231.46917190853236, angle diff: 0.3139250832606564, rotation direction: -1
Basic rotation angle: 1.693121693121693, rotation gain: 0.002522174525151105
Rotation gain: 1.24, direction: -1, curvature radius: 7.5
{'type': 'running', 'physical': {'user_x': 895.5498026363459, 'user_y': 664.7095230275452, 'user_direction': 4.380210987713503}, 'virtual': {'user_x': 2531.386926798931, 'user_y': 8790.406393421965, 'user_direction': 2.769660112525288}, 'user_v': 7.999999999999999, 'user_w': 0, 'delta_t': 0.02, 'need_reset': False}
Tangent angle: 3.357137640215879, User angle: 4.380210987713503, Offset angle: 0.7222118440060992
Target angle: 4.079349484221978, distance: 227.01763854122754, angle diff: 0.3008615034915252, rotation direction: -1
Basic rotation angle: 1.693121693121693, rotation gain: 0.0026972985421703077
Rotation gain: 1.24, direction: -1, curvature radius: 7.5
{'type': 'running', 'physical': {'user_x': 893.3527532186096, 'user_y': 658.7525611239548, 'user_direction': 4.3590469665494815}, 'virtual': {'user_x': 2523.9339126518807, 'user_y': 8793.31372555364, 'user_direction': 2.769660112525276}, 'user_v': 7.999999999999999, 'user_w': 0, 'delta_t': 0.02, 'need_reset': False}
Tangent angle: 3.339257009246033, User angle: 4.3590469665494815, Offset angle: 0.7321866967491912
Target angle: 4.071443705995224, distance: 222.50326123354344, angle diff: 0.2876032605542571, rotation direction: -1
Basic rotation angle: 1.693121693121693, rotation gain: 0.0028524547605105785
Rotation gain: 1.24, direction: -1, curvature radius: 7.5
{'type': 'running', 'physical': {'user_x': 891.0301319727616, 'user_y': 652.843428208447, 'user_direction': 4.33788294538546}, 'virtual': {'user_x': 2516.4808985048303, 'user_y': 8796.221057685316, 'user_direction': 2.7696601125252873}, 'user_v': 7.999999999999999, 'user_w': 0, 'delta_t': 0.02, 'need_reset': False}
Tangent angle: 3.3212095191803743, User angle: 4.33788294538546, Offset angle: 0.7425357472138832
Target angle: 4.063745266394258, distance: 217.92421990431527, angle diff: 0.27413767899120245, rotation direction: -1
Basic rotation angle: 1.693121693121693, rotation gain: 0.0029900793737705923
Rotation gain: 1.24, direction: -1, curvature radius: 7.5
{'type': 'running', 'physical': {'user_x': 888.5829791987051, 'user_y': 646.984770976177, 'user_direction': 4.316718924221439}, 'virtual': {'user_x': 2509.02788435778, 'user_y': 8799.12838981699, 'user_direction': 2.769660112525301}, 'user_v': 7.999999999999999, 'user_w': 0, 'delta_t': 0.02, 'need_reset': False}
Tangent angle: 3.3029885128237533, User angle: 4.316718924221439, Offset angle: 0.7532796235988651
Target angle: 4.056268136422618, distance: 213.27846723681233, angle diff: 0.26045078779882047, rotation direction: -1
Basic rotation angle: 1.693121693121693, rotation gain: 0.0031123014076869905
Rotation gain: 1.24, direction: -1, curvature radius: 7.5
{'type': 'running', 'physical': {'user_x': 886.0123909738991, 'user_y': 641.1792135142883, 'user_direction': 4.295554903057417}, 'virtual': {'user_x': 2501.5748702107294, 'user_y': 8802.035721948665, 'user_direction': 2.7696601125252855}, 'user_v': 7.999999999999999, 'user_w': 0, 'delta_t': 0.02, 'need_reset': False}
Tangent angle: 3.284587021407566, User angle: 4.295554903057417, Offset angle: 0.7644407396679231
Target angle: 4.0490277610754895, distance: 208.56369630465852, angle diff: 0.24652714198192793, rotation direction: -1
Basic rotation angle: 1.693121693121693, rotation gain: 0.0032209808130094076
Rotation gain: 1.24, direction: -1, curvature radius: 7.5
{'type': 'running', 'physical': {'user_x': 883.3195186624266, 'user_y': 635.4293561265866, 'user_direction': 4.274390881893396}, 'virtual': {'user_x': 2494.121856063679, 'user_y': 8804.943054080339, 'user_direction': 2.7696601125253038}, 'user_v': 7.999999999999999, 'user_w': 0, 'delta_t': 0.02, 'need_reset': False}
Tangent angle: 3.265997748517247, User angle: 4.274390881893396, Offset angle: 0.7760435213958042
Target angle: 4.042041269913051, distance: 203.77730229506332, angle diff: 0.23234961198034476, rotation direction: -1
Basic rotation angle: 1.693121693121693, rotation gain: 0.0033177417498876398
Rotation gain: 1.24, direction: -1, curvature radius: 7.5
{'type': 'running', 'physical': {'user_x': 880.5055683992999, 'user_y': 629.7377741688659, 'user_direction': 4.253226860729375}, 'virtual': {'user_x': 2486.6688419166285, 'user_y': 8807.850386212014, 'user_direction': 2.769660112525282}, 'user_v': 7.999999999999999, 'user_w': 0, 'delta_t': 0.02, 'need_reset': False}
Tangent angle: 3.2472130532947268, User angle: 4.253226860729375, Offset angle: 0.7881146737506198
Target angle: 4.035327727045346, distance: 198.91633697495237, angle diff: 0.21789913368402836, rotation direction: -1
Basic rotation angle: 1.693121693121693, rotation gain: 0.0034040016555799686
Rotation gain: 1.24, direction: -1, curvature radius: 7.5
{'type': 'running', 'physical': {'user_x': 877.5718005502333, 'user_y': 624.1070168954093, 'user_direction': 4.232062839565353}, 'virtual': {'user_x': 2479.215827769578, 'user_y': 8810.757718343688, 'user_direction': 2.769660112525311}, 'user_v': 7.999999999999999, 'user_w': 0, 'delta_t': 0.02, 'need_reset': False}
Tangent angle: 3.228224932914957, User angle: 4.232062839565353, Offset angle: 0.800683496924569
Target angle: 4.028908429839526, distance: 193.97745416489533, angle diff: 0.2031544097258271, rotation direction: -1
Basic rotation angle: 1.693121693121693, rotation gain: 0.003480996611049141
Rotation gain: 1.24, direction: -1, curvature radius: 7.5
{'type': 'running', 'physical': {'user_x': 874.519529147127, 'user_y': 618.5396063171798, 'user_direction': 4.210898818401332}, 'virtual': {'user_x': 2471.7628136225276, 'user_y': 8813.665050475363, 'user_direction': 2.7696601125252727}, 'user_v': 7.999999999999999, 'user_w': 0, 'delta_t': 0.02, 'need_reset': False}
Tangent angle: 3.2090250043435997, User angle: 4.210898818401332, Offset angle: 0.8137822640226036
Target angle: 4.022807268366203, distance: 188.95684397649194, angle diff: 0.18809155003512856, rotation direction: -1
Basic rotation angle: 1.693121693121693, rotation gain: 0.0035498034546248684
Rotation gain: 1.24, direction: -1, curvature radius: 7.5
{'type': 'running', 'physical': {'user_x': 871.3501212995128, 'user_y': 613.0380360722148, 'user_direction': 4.1897347972373105}, 'virtual': {'user_x': 2464.309799475477, 'user_y': 8816.572382607037, 'user_direction': 2.7696601125253375}, 'user_v': 7.999999999999999, 'user_w': 0, 'delta_t': 0.02, 'need_reset': False}
Tangent angle: 3.189604485392909, User angle: 4.1897347972373105, Offset angle: 0.8274466758631361
Target angle: 4.017051161256045, distance: 183.8501528796773, angle diff: 0.17268363598126513, rotation direction: -1
Basic rotation angle: 1.693121693121693, rotation gain: 0.0036113590310310134
Rotation gain: 1.24, direction: -1, curvature radius: 7.5
{'type': 'running', 'physical': {'user_x': 868.064996582228, 'user_y': 607.6047703087272, 'user_direction': 4.168570776073289}, 'virtual': {'user_x': 2461.919220218126, 'user_y': 8817.504919128649, 'user_direction': 2.7696601125253375}, 'user_v': 0, 'user_w': 0.1, 'delta_t': 0.02, 'need_reset': False}
Tangent angle: 3.169954175105029, User angle: 4.168570776073289, Offset angle: 0.8417164135308627
Target angle: 4.011670588635892, distance: 178.65238572176526, angle diff: 0.15690018743739742, rotation direction: -1
Basic rotation angle: 0.0, rotation gain: 0.0031768237440944224
Rotation gain: 1.24, direction: -1, curvature radius: 2500000
{'type': 'running', 'physical': {'user_x': 864.6656263995882, 'user_y': 602.242242581416, 'user_direction': 4.147406754909268}, 'virtual': {'user_x': 2461.919220218126, 'user_y': 8817.504919128649, 'user_direction': 2.8696601125253376}, 'user_v': 0, 'user_w': 0.1, 'delta_t': 0.02, 'need_reset': False}
Tangent angle: 3.1500644335068, User angle: 4.147406754909268, Offset angle: 0.8566358162376598
Target angle: 4.00670024974446, distance: 173.35778450730237, angle diff: 0.14070650516480754, rotation direction: -1
Basic rotation angle: 0.0, rotation gain: 0.002796643928307358
Rotation gain: 1.24, direction: -1, curvature radius: 2500000
{'type': 'running', 'physical': {'user_x': 864.6656263995882, 'user_y': 602.242242581416, 'user_direction': 4.228051916199591}, 'virtual': {'user_x': 2461.919220218126, 'user_y': 8817.504919128649, 'user_direction': 2.9696601125253377}, 'user_v': 0, 'user_w': 0.1, 'delta_t': 0.02, 'need_reset': False}
Tangent angle: 3.1500644335068, User angle: 4.228051916199591, Offset angle: 0.8566358162376598
Target angle: 4.00670024974446, distance: 173.35778450730237, angle diff: 0.2213516664551305, rotation direction: -1
Basic rotation angle: 0.0, rotation gain: 0.002463986589493677
Rotation gain: 1.24, direction: -1, curvature radius: 2500000
{'type': 'running', 'physical': {'user_x': 864.6656263995882, 'user_y': 602.242242581416, 'user_direction': 4.308697077489914}, 'virtual': {'user_x': 2461.919220218126, 'user_y': 8817.504919128649, 'user_direction': 3.0696601125253378}, 'user_v': 0, 'user_w': 0.1, 'delta_t': 0.02, 'need_reset': False}
Tangent angle: 3.1500644335068, User angle: 4.308697077489914, Offset angle: 0.8566358162376598
Target angle: 4.00670024974446, distance: 173.35778450730237, angle diff: 0.30199682774545344, rotation direction: -1
Basic rotation angle: 0.0, rotation gain: 0.002172911418031706
Rotation gain: 1.24, direction: -1, curvature radius: 2500000
{'type': 'running', 'physical': {'user_x': 864.6656263995882, 'user_y': 602.242242581416, 'user_direction': 4.3893422387802365}, 'virtual': {'user_x': 2461.919220218126, 'user_y': 8817.504919128649, 'user_direction': -3.0580817255396995}, 'user_v': 7.999999999999999, 'user_w': 0, 'delta_t': 0.02, 'need_reset': False}
Tangent angle: 3.1500644335068, User angle: 4.3893422387802365, Offset angle: 0.8566358162376598
Target angle: 4.00670024974446, distance: 173.35778450730237, angle diff: 0.3826419890357764, rotation direction: -1
Basic rotation angle: 1.693121693121693, rotation gain: 0.0024089920575198986
Rotation gain: 1.24, direction: -1, curvature radius: 7.5
{'type': 'running', 'physical': {'user_x': 864.6656263995882, 'user_y': 602.242242581416, 'user_direction': 4.4699874000705595}, 'virtual': {'user_x': 2453.947100309735, 'user_y': 8816.837607982154, 'user_direction': -3.0580817255396995}, 'user_v': 7.999999999999999, 'user_w': 0, 'delta_t': 0.02, 'need_reset': False}
Tangent angle: 3.1500644335068, User angle: 4.4699874000705595, Offset angle: 0.8566358162376598
Target angle: 4.00670024974446, distance: 173.35778450730237, angle diff: 0.46328715032609935, rotation direction: -1
Basic rotation angle: 1.693121693121693, rotation gain: 0.002615562617072067
Rotation gain: 1.24, direction: -1, curvature radius: 7.5
{'type': 'running', 'physical': {'user_x': 863.0115014984547, 'user_y': 596.1122921675666, 'user_direction': 4.448823378906538}, 'virtual': {'user_x': 2445.974980401344, 'user_y': 8816.170296835659, 'user_direction': -3.0580817255396973}, 'user_v': 7.999999999999999, 'user_w': 0, 'delta_t': 0.02, 'need_reset': False}
Tangent angle: 3.1268122173670427, User angle: 4.448823378906538, Offset angle: 0.8638363508779238
Target angle: 3.9906485682449664, distance: 170.8512926280102, angle diff: 0.45817481066157173, rotation direction: -1
Basic rotation angle: 1.693121693121693, rotation gain: 0.0028000206147698247
Rotation gain: 1.24, direction: -1, curvature radius: 7.5
{'type': 'running', 'physical': {'user_x': 861.2280223223305, 'user_y': 590.0187198743108, 'user_direction': 4.427659357742517}, 'virtual': {'user_x': 2438.002860492953, 'user_y': 8815.502985689163, 'user_direction': -3.058081725539695}, 'user_v': 7.999999999999999, 'user_w': 0, 'delta_t': 0.02, 'need_reset': False}
Tangent angle: 3.1034021602669224, User angle: 4.427659357742517, Offset angle: 0.871128884792456
Target angle: 3.9745310450593783, distance: 168.3440096926038, angle diff: 0.45312831268313847, rotation direction: -1
Basic rotation angle: 1.693121693121693, rotation gain: 0.0029651033849321723
Rotation gain: 1.24, direction: -1, curvature radius: 7.5
{'type': 'running', 'physical': {'user_x': 859.3159876898856, 'user_y': 583.9642550070304, 'user_direction': 4.406495336578495}, 'virtual': {'user_x': 2430.030740584562, 'user_y': 8814.835674542668, 'user_direction': -3.0580817255396924}, 'user_v': 7.999999999999999, 'user_w': 0, 'delta_t': 0.02, 'need_reset': False}
Tangent angle: 3.0798326688258157, User angle: 4.406495336578495, Offset angle: 0.878511104222913
Target angle: 3.9583437730487288, distance: 165.83704830061475, angle diff: 0.4481515635297666, rotation direction: -1
Basic rotation angle: 1.693121693121693, rotation gain: 0.0031132061525703577
Rotation gain: 1.24, direction: -1, curvature radius: 7.5
{'type': 'running', 'physical': {'user_x': 857.2762539996592, 'user_y': 577.951609354927, 'user_direction': 4.385331315414474}, 'virtual': {'user_x': 2422.058620676171, 'user_y': 8814.168363396173, 'user_direction': -3.0580817255396897}, 'user_v': 7.999999999999999, 'user_w': 0, 'delta_t': 0.02, 'need_reset': False}
Tangent angle: 3.0561022526676838, User angle: 4.385331315414474, Offset angle: 0.8859803640850745
Target angle: 3.9420826167527583, distance: 163.33157196982725, angle diff: 0.4432486986617157, rotation direction: -1
Basic rotation angle: 1.693121693121693, rotation gain: 0.0032464247998368213
Rotation gain: 1.24, direction: -1, curvature radius: 7.5
{'type': 'running', 'physical': {'user_x': 855.1097348464805, 'user_y': 571.9834759764148, 'user_direction': 4.364167294250453}, 'virtual': {'user_x': 2414.08650076778, 'user_y': 8813.501052249678, 'user_direction': -3.0580817255396866}, 'user_v': 7.999999999999999, 'user_w': 0, 'delta_t': 0.02, 'need_reset': False}
Tangent angle: 3.032209533861765, User angle: 4.364167294250453, Offset angle: 0.8935336627456083
Target angle: 3.9257431966073733, distance: 160.82879851508474, angle diff: 0.4384240976430793, rotation direction: -1
Basic rotation angle: 1.693121693121693, rotation gain: 0.0033665932859359995
Rotation gain: 1.24, direction: -1, curvature radius: 7.5
{'type': 'running', 'physical': {'user_x': 852.8174006122699, 'user_y': 566.0625279929016, 'user_direction': 4.343003273086431}, 'virtual': {'user_x': 2406.114380859389, 'user_y': 8812.833741103183, 'user_direction': -3.058081725539683}, 'user_v': 7.999999999999999, 'user_w': 0, 'delta_t': 0.02, 'need_reset': False}
Tangent angle: 3.0081532567145364, User angle: 4.343003273086431, Offset angle: 0.9011676154197693
Target angle: 3.909320872134306, distance: 158.33000365874298, angle diff: 0.4336824009521254, rotation direction: -1
Basic rotation angle: 1.693121693121693, rotation gain: 0.003475316388643141
Rotation gain: 1.24, direction: -1, curvature radius: 7.5
{'type': 'running', 'physical': {'user_x': 850.4002780314062, 'user_y': 560.1914173915007, 'user_direction': 4.32183925192241}, 'virtual': {'user_x': 2398.1422609509978, 'user_y': 8812.166429956687, 'user_direction': -3.0580817255396795}, 'user_v': 7.999999999999999, 'user_w': 0, 'delta_t': 0.02, 'need_reset': False}
Tangent angle: 2.983932297892514, User angle: 4.32183925192241, Offset angle: 0.9088784261748062
Target angle: 3.89281072406732, distance: 155.83652488265778, angle diff: 0.4290285278550896, rotation direction: -1
Basic rotation angle: 1.693121693121693, rotation gain: 0.0035739983520291447
Rotation gain: 1.24, direction: -1, curvature radius: 7.5
{'type': 'running', 'physical': {'user_x': 847.8594497308525, 'user_y': 554.3727738372085, 'user_direction': 4.300675230758388}, 'virtual': {'user_x': 2390.1701410426067, 'user_y': 8811.499118810192, 'user_direction': -3.0580817255396755}, 'user_v': 7.999999999999999, 'user_w': 0, 'delta_t': 0.02, 'need_reset': False}
Tangent angle: 2.9595456768505572, User angle: 4.300675230758388, Offset angle: 0.9166618585367471
Target angle: 3.8762075353873042, distance: 153.34976553027892, angle diff: 0.4244676953710842, rotation direction: -1
Basic rotation angle: 1.693121693121693, rotation gain: 0.003663867951880063
Rotation gain: 1.24, direction: -1, curvature radius: 7.5
{'type': 'running', 'physical': {'user_x': 845.1960537452494, 'user_y': 548.6092034950789, 'user_direction': 4.279511209594367}, 'virtual': {'user_x': 2382.1980211342157, 'user_y': 8810.831807663697, 'user_direction': -3.058081725539671}, 'user_v': 7.999999999999999, 'user_w': 0, 'delta_t': 0.02, 'need_reset': False}
Tangent angle: 2.9349925665351035, User angle: 4.279511209594367, Offset angle: 0.9245132047144478
Target angle: 3.8595057712495513, distance: 150.87119916555793, angle diff: 0.42000543834481574, rotation direction: -1
Basic rotation angle: 1.693121693121693, rotation gain: 0.00374600042632384
Rotation gain: 1.24, direction: -1, curvature radius: 7.5
{'type': 'running', 'physical': {'user_x': 842.4112830071901, 'user_y': 542.9032878629256, 'user_direction': 4.258347188430346}, 'virtual': {'user_x': 2374.2259012258246, 'user_y': 8810.164496517202, 'user_direction': -3.0580817255396657}, 'user_v': 7.999999999999999, 'user_w': 0, 'delta_t': 0.02, 'need_reset': False}
Tangent angle: 2.910272304326156, User angle: 4.258347188430346, Offset angle: 0.9324272534750478
Target angle: 3.8426995578012035, distance: 148.40237419278702, angle diff: 0.4156476306291421, rotation direction: -1
Basic rotation angle: 1.693121693121693, rotation gain: 0.003821336663191637
Rotation gain: 1.24, direction: -1, curvature radius: 7.5
{'type': 'running', 'physical': {'user_x': 839.5063848129067, 'user_y': 537.2575826150711, 'user_direction': 4.237183167266324}, 'virtual': {'user_x': 2366.2537813174335, 'user_y': 8809.497185370707, 'user_direction': -3.05808172553966}, 'user_v': 7.999999999999999, 'user_w': 0, 'delta_t': 0.02, 'need_reset': False}
Tangent angle: 2.8853844031759346, User angle: 4.237183167266324, Offset angle: 0.9403982567300259
Target angle: 3.8257826599059603, distance: 145.94491873803892, angle diff: 0.41140050736036393, rotation direction: -1
Basic rotation angle: 1.693121693121693, rotation gain: 0.003890699986647087
Rotation gain: 1.24, direction: -1, curvature radius: 7.5
{'type': 'running', 'physical': {'user_x': 836.4826602636077, 'user_y': 531.6746164576625, 'user_direction': 4.216019146102303}, 'virtual': {'user_x': 2358.2816614090425, 'user_y': 8808.829874224211, 'user_direction': -3.0580817255396533}, 'user_v': 7.999999999999999, 'user_w': 0, 'delta_t': 0.02, 'need_reset': False}
Tangent angle: 2.8603285628959356, User angle: 4.216019146102303, Offset angle: 0.9484198949217916
Target angle: 3.8087484578177273, distance: 143.50054578837123, angle diff: 0.4072706882845756, rotation direction: -1
Basic rotation angle: 1.693121693121693, rotation gain: 0.003954810842739274
Rotation gain: 1.24, direction: -1, curvature radius: 7.5
{'type': 'running', 'physical': {'user_x': 833.3414636827159, 'user_y': 526.1568899960666, 'user_direction': 4.1948551249382815}, 'virtual': {'user_x': 2350.3095415006514, 'user_y': 8808.162563077716, 'user_direction': -3.0580817255396453}, 'user_v': 7.999999999999999, 'user_w': 0, 'delta_t': 0.02, 'need_reset': False}
Tangent angle: 2.835104681537714, User angle: 4.1948551249382815, Offset angle: 0.9564852413383093
Target angle: 3.7915899228760233, distance: 141.0710585791616, angle diff: 0.40326520206225824, rotation direction: -1
Basic rotation angle: 1.693121693121693, rotation gain: 0.004014299646008605
Rotation gain: 1.24, direction: -1, curvature radius: 7.5
{'type': 'running', 'physical': {'user_x': 830.084202009268, 'user_y': 520.7068746148508, 'user_direction': 4.17369110377426}, 'virtual': {'user_x': 2342.3374215922604, 'user_y': 8807.49525193122, 'user_direction': -3.0580817255396364}, 'user_v': 7.999999999999999, 'user_w': 0, 'delta_t': 0.02, 'need_reset': False}
Tangent angle: 2.809712866806164, User angle: 4.17369110377426, Offset angle: 0.9645867255286972
Target angle: 3.7742995923348612, distance: 138.65835621262298, angle diff: 0.3993915114393989, rotation direction: -1
Basic rotation angle: 1.693121693121693, rotation gain: 0.0040697180164293275
Rotation gain: 1.24, direction: -1, curvature radius: 7.5
{'type': 'running', 'physical': {'user_x': 826.7123341677482, 'user_y': 515.3270113708522, 'user_direction': 4.152527082610239}, 'virtual': {'user_x': 2334.3653016838693, 'user_y': 8806.827940784724, 'user_direction': -3.0580817255396466}, 'user_v': 7.999999999999999, 'user_w': 0, 'delta_t': 0.02, 'need_reset': False}
Tangent angle: 2.7841534474374052, User angle: 4.152527082610239, Offset angle: 0.9727160960475368
Target angle: 3.756869543484942, distance: 136.26443948140135, angle diff: 0.3956575391252968, rotation direction: -1
Basic rotation angle: 1.693121693121693, rotation gain: 0.004121548607222043
Rotation gain: 1.24, direction: -1, curvature radius: 7.5
{'type': 'running', 'physical': {'user_x': 823.2273704146371, 'user_y': 510.019709899831, 'user_direction': 4.131363061446217}, 'virtual': {'user_x': 2326.3931817754783, 'user_y': 8806.160629638227, 'user_direction': -3.0580817255396355}, 'user_v': 7.999999999999999, 'user_w': 0, 'delta_t': 0.02, 'need_reset': False}
Tangent angle: 2.7584269844667433, User angle: 4.131363061446217, Offset angle: 0.9808643828211584
Target angle: 3.7392913672879016, distance: 133.89141685987255, angle diff: 0.3920716941583158, rotation direction: -1
Basic rotation angle: 1.693121693121693, rotation gain: 0.004170213698901488
Rotation gain: 1.24, direction: -1, curvature radius: 7.5
{'type': 'running', 'physical': {'user_x': 819.6308716619693, 'user_y': 504.7873473371963, 'user_direction': 4.110199040282196}, 'virtual': {'user_x': 2318.4210618670872, 'user_y': 8805.493318491732, 'user_direction': -3.0580817255396484}, 'user_v': 7.999999999999999, 'user_w': 0, 'delta_t': 0.02, 'need_reset': False}
Tangent angle: 2.732534282305634, User angle: 4.110199040282196, Offset angle: 0.9890218595070327
Target angle: 3.721556141812667, distance: 131.54151061198948, angle diff: 0.38864289846952893, rotation direction: -1
Basic rotation angle: 1.693121693121693, rotation gain: 0.004216082712890544
Rotation gain: 1.24, direction: -1, curvature radius: 7.5
{'type': 'running', 'physical': {'user_x': 815.9244487782023, 'user_y': 499.6322672532897, 'user_direction': 4.089035019118175}, 'virtual': {'user_x': 2310.448941958696, 'user_y': 8804.826007345235, 'user_direction': -3.0580817255396346}, 'user_v': 7.999999999999999, 'user_w': 0, 'delta_t': 0.02, 'need_reset': False}
Tangent angle: 2.7064763995402563, User angle: 4.089035019118175, Offset angle: 0.9971780063092308
Target angle: 3.703654405849487, distance: 129.2170629479156, angle diff: 0.38538061326868744, rotation direction: -1
Basic rotation angle: 1.693121693121693, rotation gain: 0.004259478778738549
Rotation gain: 1.24, direction: -1, curvature radius: 7.5
{'type': 'running', 'physical': {'user_x': 812.1097618667101, 'user_y': 494.5567786037022, 'user_direction': 4.067870997954153}, 'virtual': {'user_x': 2302.476822050305, 'user_y': 8804.15869619874, 'user_direction': -3.0580817255396506}, 'user_v': 7.999999999999999, 'user_w': 0, 'delta_t': 0.02, 'need_reset': False}
Tangent angle: 2.680254659358329, User angle: 4.067870997954153, Offset angle: 1.005321473820322
Target angle: 3.685576133178651, distance: 126.92054214185004, angle diff: 0.38229486477550223, rotation direction: -1
Basic rotation angle: 1.693121693121693, rotation gain: 0.00430068447208774
Rotation gain: 1.24, direction: -1, curvature radius: 7.5
{'type': 'running', 'physical': {'user_x': 808.188519522224, 'user_y': 489.56315469509514, 'user_direction': 4.046706976790132}, 'virtual': {'user_x': 2294.504702141914, 'user_y': 8803.491385052243, 'user_direction': -3.0580817255396333}, 'user_v': 7.999999999999999, 'user_w': 0, 'delta_t': 0.02, 'need_reset': False}
Tangent angle: 2.653870659505327, User angle: 4.046706976790132, Offset angle: 1.0134400485845045
Target angle: 3.6673107080898317, distance: 124.65454850006454, angle diff: 0.3793962687003001, rotation direction: -1
Basic rotation angle: 1.693121693121693, rotation gain: 0.0043399468257364245
Rotation gain: 1.24, direction: -1, curvature radius: 7.5
{'type': 'running', 'physical': {'user_x': 804.1624780655555, 'user_y': 484.65363216698825, 'user_direction': 4.02554295562611}, 'virtual': {'user_x': 2286.532582233523, 'user_y': 8802.824073905747, 'user_direction': -3.0580817255396555}, 'user_v': 7.999999999999999, 'user_w': 0, 'delta_t': 0.02, 'need_reset': False}
Tangent angle: 2.6273262816663903, User angle: 4.02554295562611, Offset angle: 1.0215206212193453
Target angle: 3.6488469028857358, distance: 122.42182004094246, angle diff: 0.37669605274037465, rotation direction: -1
Basic rotation angle: 1.693121693121693, rotation gain: 0.004377481703189931
Rotation gain: 1.24, direction: -1, curvature radius: 7.5
{'type': 'running', 'physical': {'user_x': 800.033440756941, 'user_y': 479.830409989971, 'user_direction': 4.004378934462089}, 'virtual': {'user_x': 2278.560462325132, 'user_y': 8802.15676275925, 'user_direction': -3.05808172553963}, 'user_v': 7.999999999999999, 'user_w': 0, 'delta_t': 0.02, 'need_reset': False}
Tangent angle: 2.600623700166163, User angle: 4.004378934462089, Offset angle: 1.0295491580948284
Target angle: 3.630172858260991, distance: 120.22523771754035, angle diff: 0.3742060762010979, rotation direction: -1
Basic rotation angle: 1.693121693121693, rotation gain: 0.004413477612742789
Rotation gain: 1.24, direction: -1, curvature radius: 7.5
{'type': 'running', 'physical': {'user_x': 800.033440756941, 'user_y': 479.830409989971, 'user_direction': 4.004378934462089}, 'virtual': {'user_x': 2270.588342416741, 'user_y': 8801.489451612755, 'user_direction': -3.0580817255396675}, 'user_v': 7.999999999999999, 'user_w': 0, 'delta_t': 0.02, 'need_reset': True}
{'type': 'running', 'physical': {'user_x': 800.033440756941, 'user_y': 479.830409989971, 'user_direction': 0.8627862808722959}, 'virtual': {'user_x': 2262.61622250835, 'user_y': 8800.822140466258, 'user_direction': -3.0580817255396204}, 'user_v': 7.999999999999999, 'user_w': 0, 'delta_t': 0.02, 'need_reset': False}
Tangent angle: 2.600623700166163, User angle: 0.8627862808722959, Offset angle: 1.0295491580948284
Target angle: 1.5710745420713348, distance: 120.22523771754035, angle diff: 0.7082882611990389, rotation direction: 1
Basic rotation angle: 1.693121693121693, rotation gain: 0.004367792042240145
Rotation gain: 1.24, direction: 1, curvature radius: 7.5
{'type': 'running', 'physical': {'user_x': 804.0594822136095, 'user_y': 484.73993251807786, 'user_direction': 0.8839503020363171}, 'virtual': {'user_x': 2256.0984783234776, 'user_y': 8800.27656872442, 'user_direction': -3.0580817255396204}, 'user_v': 0, 'user_w': 0.1, 'delta_t': 0.02, 'need_reset': False}
Tangent angle: 2.6274307121851903, User angle: 0.8839503020363171, Offset angle: 1.0224423263453237
Target angle: 1.6049883858398664, distance: 122.16855338925667, angle diff: 0.7210380838035493, rotation direction: 1
Basic rotation angle: 0.0, rotation gain: 0.0038389455646626247
Rotation gain: 1.24, direction: 1, curvature radius: 2500000
{'type': 'running', 'physical': {'user_x': 807.9807245580955, 'user_y': 489.7335564266849, 'user_direction': 0.9051143232003382}, 'virtual': {'user_x': 2256.0984783234776, 'user_y': 8800.27656872442, 'user_direction': 3.1251035816399657}, 'user_v': 0, 'user_w': 0.1, 'delta_t': 0.02, 'need_reset': False}
Tangent angle: 2.6540964744659643, User angle: 0.9051143232003382, Offset angle: 1.0152379853086657
Target angle: 1.6388584891572986, distance: 124.15583097872394, angle diff: 0.7337441659569603, rotation direction: 1
Basic rotation angle: 0.0, rotation gain: 0.003376459229628569
Rotation gain: 1.24, direction: 1, curvature radius: 2500000
{'type': 'running', 'physical': {'user_x': 807.9807245580955, 'user_y': 489.7335564266849, 'user_direction': 0.9857594844906609}, 'virtual': {'user_x': 2256.0984783234776, 'user_y': 8800.27656872442, 'user_direction': 2.927137358057401}, 'user_v': 7.999999999999999, 'user_w': 0, 'delta_t': 0.02, 'need_reset': False}
Tangent angle: 2.6540964744659643, User angle: 0.9857594844906609, Offset angle: 1.0152379853086657
Target angle: 1.6388584891572986, distance: 124.15583097872394, angle diff: 0.6530990046666377, rotation direction: 1
Basic rotation angle: 1.693121693121693, rotation gain: 0.00347585764238817
Rotation gain: 1.24, direction: 1, curvature radius: 7.5
{'type': 'running', 'physical': {'user_x': 807.9807245580955, 'user_y': 489.7335564266849, 'user_direction': 1.0664046457809835}, 'virtual': {'user_x': 2248.281738638977, 'user_y': 8801.97909059058, 'user_direction': 2.927137358057401}, 'user_v': 7.999999999999999, 'user_w': 0, 'delta_t': 0.02, 'need_reset': False}
Tangent angle: 2.6540964744659643, User angle: 1.0664046457809835, Offset angle: 1.0152379853086657
Target angle: 1.6388584891572986, distance: 124.15583097872394, angle diff: 0.5724538433763151, rotation direction: 1
Basic rotation angle: 1.693121693121693, rotation gain: 0.0035628312535528213
Rotation gain: 1.24, direction: 1, curvature radius: 7.5
{'type': 'running', 'physical': {'user_x': 810.9308177842111, 'user_y': 495.3557776267116, 'user_direction': 1.0875686669450046}, 'virtual': {'user_x': 2240.4649989544764, 'user_y': 8803.68161245674, 'user_direction': 2.927137358057401}, 'user_v': 7.999999999999999, 'user_w': 0, 'delta_t': 0.02, 'need_reset': False}
Tangent angle: 2.68106441673999, User angle: 1.0875686669450046, Offset angle: 1.014837789979886
Target angle: 1.6662266267601042, distance: 124.26674199972528, angle diff: 0.5786579598150996, rotation direction: 1
Basic rotation angle: 1.693121693121693, rotation gain: 0.0036449603081109153
Rotation gain: 1.24, direction: 1, curvature radius: 7.5
{'type': 'running', 'physical': {'user_x': 813.7612704124786, 'user_y': 501.03917090748456, 'user_direction': 1.1087326881090258}, 'virtual': {'user_x': 2232.648259269976, 'user_y': 8805.3841343229, 'user_direction': 2.927137358057401}, 'user_v': 7.999999999999999, 'user_w': 0, 'delta_t': 0.02, 'need_reset': False}
Tangent angle: 2.708021656044532, User angle: 1.1087326881090258, Offset angle: 1.0141867747546438
Target angle: 1.693834881289888, distance: 124.44728371095462, angle diff: 0.5851021931808622, rotation direction: 1
Basic rotation angle: 1.693121693121693, rotation gain: 0.0037227765939289313
Rotation gain: 1.24, direction: 1, curvature radius: 7.5
{'type': 'running', 'physical': {'user_x': 816.4708146857896, 'user_y': 506.78119068242177, 'user_direction': 1.129896709273047}, 'virtual': {'user_x': 2224.8315195854752, 'user_y': 8807.08665618906, 'user_direction': 2.927137358057401}, 'user_v': 7.999999999999999, 'user_w': 0, 'delta_t': 0.02, 'need_reset': False}
Tangent angle: 2.7349630950419437, User angle: 1.129896709273047, Offset angle: 1.0132869286004704
Target angle: 1.7216761664414726, distance: 124.69707302626026, angle diff: 0.5917794571684256, rotation direction: 1
Basic rotation angle: 1.693121693121693, rotation gain: 0.003796739173598403
Rotation gain: 1.24, direction: 1, curvature radius: 7.5
{'type': 'running', 'physical': {'user_x': 819.0582370017758, 'user_y': 512.5792651061886, 'user_direction': 1.1510607304370681}, 'virtual': {'user_x': 2217.0147799009746, 'user_y': 8808.78917805522, 'user_direction': 2.9271373580574016}, 'user_v': 7.999999999999999, 'user_w': 0, 'delta_t': 0.02, 'need_reset': False}
Tangent angle: 2.7618836729666922, User angle: 1.1510607304370681, Offset angle: 1.0121409832851316
Target angle: 1.749742689681561, distance: 125.01558337943398, angle diff: 0.598681959244493, rotation direction: 1
Basic rotation angle: 1.693121693121693, rotation gain: 0.003867243395357431
Rotation gain: 1.24, direction: 1, curvature radius: 7.5
{'type': 'running', 'physical': {'user_x': 821.5223784563801, 'user_y': 518.4307972266253, 'user_direction': 1.1722247516010893}, 'virtual': {'user_x': 2209.198040216474, 'user_y': 8810.49169992138, 'user_direction': 2.9271373580574016}, 'user_v': 7.999999999999999, 'user_w': 0, 'delta_t': 0.02, 'need_reset': False}
Tangent angle: 2.7887783771458388, User angle: 1.1722247516010893, Offset angle: 1.0107523886350271
Target angle: 1.7780259885108123, distance: 125.40214909663882, angle diff: 0.605801236909723, rotation direction: 1
Basic rotation angle: 1.693121693121693, rotation gain: 0.003934628810142339
Rotation gain: 1.24, direction: 1, curvature radius: 7.5
{'type': 'running', 'physical': {'user_x': 823.8621353629294, 'user_y': 524.3331661479192, 'user_direction': 1.1933887727651105}, 'virtual': {'user_x': 2201.3813005319735, 'user_y': 8812.19422178754, 'user_direction': 2.9271373580574016}, 'user_v': 7.999999999999999, 'user_w': 0, 'delta_t': 0.02, 'need_reset': False}
Tangent angle: 2.815642254249944, User angle: 1.1933887727651105, Offset angle: 1.0091252817544283
Target angle: 1.8065169724955155, distance: 125.85597083352434, angle diff: 0.613128199730405, rotation direction: 1
Basic rotation angle: 1.693121693121693, rotation gain: 0.00399918613250512
Rotation gain: 1.24, direction: 1, curvature radius: 7.5
{'type': 'running', 'physical': {'user_x': 826.076459746474, 'user_y': 530.2837282045019, 'user_direction': 1.2145527939291316}, 'virtual': {'user_x': 2193.564560847473, 'user_y': 8813.8967436537, 'user_direction': 2.9271373580574016}, 'user_v': 7.999999999999999, 'user_w': 0, 'delta_t': 0.02, 'need_reset': False}
Tangent angle: 2.8424704212138594, User angle: 1.2145527939291316, Offset angle: 1.0072644507936963
Target angle: 1.8352059704201622, distance: 126.37612197152932, angle diff: 0.6206531764910306, rotation direction: 1
Basic rotation angle: 1.693121693121693, rotation gain: 0.004061163365462988
Rotation gain: 1.24, direction: 1, curvature radius: 7.5
{'type': 'running', 'physical': {'user_x': 828.1643598131752, 'user_y': 536.2798181451442, 'user_direction': 1.2357168150931528}, 'virtual': {'user_x': 2185.7478211629723, 'user_y': 8815.59926551986, 'user_direction': 2.9271373580574016}, 'user_v': 7.999999999999999, 'user_w': 0, 'delta_t': 0.02, 'need_reset': False}
Tangent angle: 2.8692580757702575, User angle: 1.2357168150931528, Offset angle: 1.0051752939396181
Target angle: 1.8640827818306391, distance: 126.96155585283279, angle diff: 0.6283659667374863, rotation direction: 1
Basic rotation angle: 1.693121693121693, rotation gain: 0.004120771193879052
Rotation gain: 1.24, direction: 1, curvature radius: 7.5
{'type': 'running', 'physical': {'user_x': 830.1249003945285, 'user_y': 542.3187503267197, 'user_direction': 1.256880836257174}, 'virtual': {'user_x': 2177.9310814784717, 'user_y': 8817.30178738602, 'user_direction': 2.9271373580574016}, 'user_v': 7.999999999999999, 'user_w': 0, 'delta_t': 0.02, 'need_reset': False}
Tangent angle: 2.8960005065427112, User angle: 1.256880836257174, Offset angle: 1.00286377436427
Target angle: 1.8931367321784407, distance: 127.61111372236725, angle diff: 0.6362558959212667, rotation direction: 1
Basic rotation angle: 1.693121693121693, rotation gain: 0.004178187737444491
Rotation gain: 1.24, direction: 1, curvature radius: 7.5
{'type': 'running', 'physical': {'user_x': 831.9572033662247, 'user_y': 548.3978199171024, 'user_direction': 1.2780448574211951}, 'virtual': {'user_x': 2170.114341793971, 'user_y': 8819.004309252181, 'user_direction': 2.927137358057402}, 'user_v': 7.999999999999999, 'user_w': 0, 'delta_t': 0.02, 'need_reset': False}
Tangent angle: 2.9226931026495486, User angle: 1.2780448574211951, Offset angle: 1.000336371909426
Target angle: 1.9223567307401233, distance: 128.32353323840456, angle diff: 0.6443118733189281, rotation direction: 1
Basic rotation angle: 1.693121693121693, rotation gain: 0.004233562742511557
Rotation gain: 1.24, direction: 1, curvature radius: 7.5
{'type': 'running', 'physical': {'user_x': 833.6604480414614, 'user_y': 554.5143041066577, 'user_direction': 1.2992088785852163}, 'virtual': {'user_x': 2162.2976021094705, 'user_y': 8820.706831118341, 'user_direction': 2.927137358057402}, 'user_v': 7.999999999999999, 'user_w': 0, 'delta_t': 0.02, 'need_reset': False}
Tangent angle: 2.9493313627745437, User angle: 1.2992088785852163, Offset angle: 0.9976000323016236
Target angle: 1.9517313304729207, distance: 129.09745741043133, angle diff: 0.6525224518877044, rotation direction: 1
Basic rotation angle: 1.693121693121693, rotation gain: 0.0042870212817099984
Rotation gain: 1.24, direction: 1, curvature radius: 7.5
{'type': 'running', 'physical': {'user_x': 835.2338715385275, 'user_y': 560.6654633277869, 'user_direction': 1.3203728997492374}, 'virtual': {'user_x': 2154.48086242497, 'user_y': 8822.409352984501, 'user_direction': 2.927137358057402}, 'user_v': 7.999999999999999, 'user_w': 0, 'delta_t': 0.02, 'need_reset': False}
Tangent angle: 2.9759109036656657, User angle: 1.3203728997492374, Offset angle: 0.9946621146896505
Target angle: 1.9812487889760142, distance: 129.93144382412652, angle diff: 0.6608758892267768, rotation direction: 1
Basic rotation angle: 1.693121693121693, rotation gain: 0.004338667021287804
Rotation gain: 1.24, direction: 1, curvature radius: 7.5
{'type': 'running', 'physical': {'user_x': 836.676769122497, 'user_y': 566.8485424819768, 'user_direction': 1.3415369209132586}, 'virtual': {'user_x': 2146.6641227404693, 'user_y': 8824.111874850661, 'user_direction': 2.9271373580574025}, 'user_v': 7.999999999999999, 'user_w': 0, 'delta_t': 0.02, 'need_reset': False}
Tangent angle: 3.0024274680285217, User angle: 1.3415369209132586, Offset angle: 0.9915303382732622
Target angle: 2.010897129755259, distance: 130.82397401788813, angle diff: 0.6693602088420003, rotation direction: 1
Basic rotation angle: 1.693121693121693, rotation gain: 0.0043885851082920814
Rotation gain: 1.24, direction: 1, curvature radius: 7.5
{'type': 'running', 'physical': {'user_x': 837.9884945208797, 'user_y': 573.0607721738056, 'user_direction': 1.3627009420772798}, 'virtual': {'user_x': 2138.8473830559687, 'user_y': 8825.814396716822, 'user_direction': 2.9271373580574025}, 'user_v': 7.999999999999999, 'user_w': 0, 'delta_t': 0.02, 'need_reset': False}
Tangent angle: 3.028876931786724, User angle: 1.3627009420772798, Offset angle: 0.9882127287519719
Target angle: 2.0406642030347513, distance: 131.77346288303428, angle diff: 0.6779632609574715, rotation direction: 1
Basic rotation angle: 1.693121693121693, rotation gain: 0.004436844722906785
Rotation gain: 1.24, direction: 1, curvature radius: 7.5
{'type': 'running', 'physical': {'user_x': 839.1684602130856, 'user_y': 579.299369951353, 'user_direction': 1.383864963241301}, 'virtual': {'user_x': 2131.030643371468, 'user_y': 8827.516918582982, 'user_direction': 2.927137358057403}, 'user_v': 7.999999999999999, 'user_w': 0, 'delta_t': 0.02, 'need_reset': False}
Tangent angle: 3.0552553106870834, User angle: 1.383864963241301, Offset angle: 0.98471756526863
Target angle: 2.070537745418454, distance: 132.77826796998542, angle diff: 0.686672782177153, rotation direction: 1
Basic rotation angle: 1.693121693121693, rotation gain: 0.00448350133536629
Rotation gain: 1.24, direction: 1, curvature radius: 7.5
{'type': 'running', 'physical': {'user_x': 840.2161376935749, 'user_y': 585.5615415524574, 'user_direction': 1.405028984405322}, 'virtual': {'user_x': 2123.2139036869676, 'user_y': 8829.219440449142, 'user_direction': 2.9271373580574034}, 'user_v': 7.999999999999999, 'user_w': 0, 'delta_t': 0.02, 'need_reset': False}
Tangent angle: 3.0815587662332415, User angle: 1.405028984405322, Offset angle: 0.981053328457467
Target angle: 2.100505437775775, distance: 133.83669859481716, angle diff: 0.6954764533704527, rotation direction: 1
Basic rotation angle: 1.693121693121693, rotation gain: 0.004528598701756278
Rotation gain: 1.24, direction: 1, curvature radius: 7.5
{'type': 'running', 'physical': {'user_x': 841.1310577085751, 'user_y': 591.8444821562633, 'user_direction': 1.4261930055693433}, 'virtual': {'user_x': 2115.397164002467, 'user_y': 8830.921962315302, 'user_direction': 2.927137358057404}, 'user_v': 7.999999999999999, 'user_w': 0, 'delta_t': 0.02, 'need_reset': False}
Tangent angle: 3.1077836109370005, User angle: 1.4261930055693433, Offset angle: 0.9772286501334978
Target angle: 2.1305549608035026, distance: 134.94702465395704, angle diff: 0.7043619552341593, rotation direction: 1
Basic rotation angle: 1.693121693121693, rotation gain: 0.004572170628597459
Rotation gain: 1.24, direction: 1, curvature radius: 7.5
{'type': 'running', 'physical': {'user_x': 841.9128104662598, 'user_y': 598.1453776394986, 'user_direction': 1.4473570267333644}, 'virtual': {'user_x': 2107.5804243179664, 'user_y': 8832.624484181462, 'user_direction': 2.9271373580574043}, 'user_v': 7.999999999999999, 'user_w': 0, 'delta_t': 0.02, 'need_reset': False}
Tangent angle: 3.133926312882106, User angle: 1.4473570267333644, Offset angle: 0.9732522650828153
Target angle: 2.16067404779929, distance: 136.1074850689138, angle diff: 0.7133170210659256, rotation direction: 1
Basic rotation angle: 1.693121693121693, rotation gain: 0.004614242532295226
Rotation gain: 1.24, direction: 1, curvature radius: 7.5
{'type': 'running', 'physical': {'user_x': 842.5610458202933, 'user_y': 604.4614058369169, 'user_direction': 1.4685210478973856}, 'virtual': {'user_x': 2099.763684633466, 'user_y': 8834.327006047622, 'user_direction': 2.927137358057405}, 'user_v': 7.999999999999999, 'user_w': 0, 'delta_t': 0.02, 'need_reset': False}
Tangent angle: 3.1599834996005822, User angle: 1.4685210478973856, Offset angle: 0.9691329653341617
Target angle: 2.1908505342664206, distance: 137.3162957972436, angle diff: 0.722329486369035, rotation direction: 1
Basic rotation angle: 1.693121693121693, rotation gain: 0.0046548328162512725
Rotation gain: 1.24, direction: 1, curvature radius: 7.5
{'type': 'running', 'physical': {'user_x': 843.0754734266616, 'user_y': 610.7897378053434, 'user_direction': 1.4896850690614067}, 'virtual': {'user_x': 2091.946944948965, 'user_y': 8836.029527913783, 'user_direction': 2.927137358057407}, 'user_v': 7.999999999999999, 'user_w': 0, 'delta_t': 0.02, 'need_reset': False}
Tangent angle: 3.185951961266784, User angle: 1.4896850690614067, Offset angle: 0.9648795572138331
Target angle: 2.2210724040529506, distance: 138.5716573600233, angle diff: 0.7313873349915438, rotation direction: 1
Basic rotation angle: 1.693121693121693, rotation gain: 0.004693954085602069
Rotation gain: 1.24, direction: 1, curvature radius: 7.5
{'type': 'running', 'physical': {'user_x': 843.4558628737166, 'user_y': 617.1275390907555, 'user_direction': 1.510849090225428}, 'virtual': {'user_x': 2084.1302052644646, 'user_y': 8837.732049779943, 'user_direction': 2.9271373580574096}, 'user_v': 7.999999999999999, 'user_w': 0, 'delta_t': 0.02, 'need_reset': False}
Tangent angle: 3.211828653219101, User angle: 1.510849090225428, Offset angle: 0.9605008214105115
Target angle: 2.25132783180859, distance: 139.87176184952858, angle diff: 0.740478741583162, rotation direction: 1
Basic rotation angle: 1.693121693121693, rotation gain: 0.004731614217112305
Rotation gain: 1.24, direction: 1, curvature radius: 7.5
{'type': 'running', 'physical': {'user_x': 843.7020437853774, 'user_y': 623.4719709978324, 'user_direction': 1.532013111389449}, 'virtual': {'user_x': 2076.313465579964, 'user_y': 8839.434571646103, 'user_direction': 2.9271373580574163}, 'user_v': 7.999999999999999, 'user_w': 0, 'delta_t': 0.02, 'need_reset': False}
Tangent angle: 3.2376106978236967, User angle: 1.532013111389449, Offset angle: 0.95600547620579
Target angle: 2.281605221617907, distance: 141.21479939331115, angle diff: 0.749592110228458, rotation direction: 1
Basic rotation angle: 1.693121693121693, rotation gain: 0.004767817299654664
Rotation gain: 1.24, direction: 1, curvature radius: 7.5
{'type': 'running', 'physical': {'user_x': 843.8139058974422, 'user_y': 629.820191861404, 'user_direction': 1.5531771325534702}, 'virtual': {'user_x': 2073.412566795265, 'user_y': 8840.066400747724, 'user_direction': 2.9271373580574163}, 'user_v': 0, 'user_w': 0.1, 'delta_t': 0.02, 'need_reset': False}
Tangent angle: 3.2632953856986973, User angle: 1.5531771325534702, Offset angle: 0.9514021439611448
Target angle: 2.311893241737552, distance: 142.59896406221796, angle diff: 0.7587161091840819, rotation direction: 1
Basic rotation angle: 0.0, rotation gain: 0.004192864281254661
Rotation gain: 1.24, direction: 1, curvature radius: 2500000
{'type': 'running', 'physical': {'user_x': 843.7913991069744, 'user_y': 636.1693583192302, 'user_direction': 1.5743411537174914}, 'virtual': {'user_x': 2073.412566795265, 'user_y': 8840.066400747724, 'user_direction': 3.0271373580574163}, 'user_v': 0, 'user_w': 0.1, 'delta_t': 0.02, 'need_reset': False}
Tangent angle: 3.2888801763209217, User angle: 1.5743411537174914, Offset angle: 0.9466993208938813
Target angle: 2.3421808554270402, distance: 144.02245921994572, angle diff: 0.7678397017095488, rotation direction: 1
Basic rotation angle: 0.0, rotation gain: 0.003689876601990156
Rotation gain: 1.24, direction: 1, curvature radius: 2500000
{'type': 'running', 'physical': {'user_x': 843.7913991069744, 'user_y': 636.1693583192302, 'user_direction': 1.654986315007814}, 'virtual': {'user_x': 2073.412566795265, 'user_y': 8840.066400747724, 'user_direction': 3.1271373580574164}, 'user_v': 0, 'user_w': 0.1, 'delta_t': 0.02, 'need_reset': False}
Tangent angle: 3.2888801763209217, User angle: 1.654986315007814, Offset angle: 0.9466993208938813
Target angle: 2.3421808554270402, distance: 144.02245921994572, angle diff: 0.6871945404192263, rotation direction: 1
Basic rotation angle: 0.0, rotation gain: 0.003249762382633714
Rotation gain: 1.24, direction: 1, curvature radius: 2500000
{'type': 'running', 'physical': {'user_x': 843.7913991069744, 'user_y': 636.1693583192302, 'user_direction': 1.7356314762981364}, 'virtual': {'user_x': 2073.412566795265, 'user_y': 8840.066400747724, 'user_direction': -3.0560479491221697}, 'user_v': 0, 'user_w': 0.1, 'delta_t': 0.02, 'need_reset': False}
Tangent angle: 3.2888801763209217, User angle: 1.7356314762981364, Offset angle: 0.9466993208938813
Target angle: 2.3421808554270402, distance: 144.02245921994572, angle diff: 0.6065493791289038, rotation direction: 1
Basic rotation angle: 0.0, rotation gain: 0.0028646624406968276
Rotation gain: 1.24, direction: 1, curvature radius: 2500000
{'type': 'running', 'physical': {'user_x': 843.7913991069744, 'user_y': 636.1693583192302, 'user_direction': 1.816276637588459}, 'virtual': {'user_x': 2073.412566795265, 'user_y': 8840.066400747724, 'user_direction': -2.9560479491221696}, 'user_v': 0, 'user_w': 0.1, 'delta_t': 0.02, 'need_reset': False}
Tangent angle: 3.2888801763209217, User angle: 1.816276637588459, Offset angle: 0.9466993208938813
Target angle: 2.3421808554270402, distance: 144.02245921994572, angle diff: 0.5259042178385813, rotation direction: 1
Basic rotation angle: 0.0, rotation gain: 0.002527699991502052
Rotation gain: 1.24, direction: 1, curvature radius: 2500000
{'type': 'running', 'physical': {'user_x': 843.7913991069744, 'user_y': 636.1693583192302, 'user_direction': 1.8969217988787814}, 'virtual': {'user_x': 2073.412566795265, 'user_y': 8840.066400747724, 'user_direction': -2.8560479491221695}, 'user_v': 0, 'user_w': 0.1, 'delta_t': 0.02, 'need_reset': False}
Tangent angle: 3.2888801763209217, User angle: 1.8969217988787814, Offset angle: 0.9466993208938813
Target angle: 2.3421808554270402, distance: 144.02245921994572, angle diff: 0.4452590565482588, rotation direction: 1
Basic rotation angle: 0.0, rotation gain: 0.002232857848456623
Rotation gain: 1.24, direction: 1, curvature radius: 2500000
{'type': 'running', 'physical': {'user_x': 843.7913991069744, 'user_y': 636.1693583192302, 'user_direction': 1.977566960169104}, 'virtual': {'user_x': 2073.412566795265, 'user_y': 8840.066400747724, 'user_direction': -2.7560479491221694}, 'user_v': 0, 'user_w': 0.1, 'delta_t': 0.02, 'need_reset': False}
Tangent angle: 3.2888801763209217, User angle: 1.977566960169104, Offset angle: 0.9466993208938813
Target angle: 2.3421808554270402, distance: 144.02245921994572, angle diff: 0.3646138952579363, rotation direction: 1
Basic rotation angle: 0.0, rotation gain: 0.001974870973291873
Rotation gain: 1.24, direction: 1, curvature radius: 2500000
{'type': 'running', 'physical': {'user_x': 843.7913991069744, 'user_y': 636.1693583192302, 'user_direction': 2.0582121214594267}, 'virtual': {'user_x': 2073.412566795265, 'user_y': 8840.066400747724, 'user_direction': -2.6560479491221693}, 'user_v': 0, 'user_w': 0.1, 'delta_t': 0.02, 'need_reset': False}
Tangent angle: 3.2888801763209217, User angle: 2.0582121214594267, Offset angle: 0.9466993208938813
Target angle: 2.3421808554270402, distance: 144.02245921994572, angle diff: 0.2839687339676136, rotation direction: 1
Basic rotation angle: 0.0, rotation gain: 0.0017491324575227166
Rotation gain: 1.24, direction: 1, curvature radius: 2500000
{'type': 'running', 'physical': {'user_x': 843.7913991069744, 'user_y': 636.1693583192302, 'user_direction': 2.138857282749749}, 'virtual': {'user_x': 2073.412566795265, 'user_y': 8840.066400747724, 'user_direction': -2.5560479491221693}, 'user_v': 0, 'user_w': 0.1, 'delta_t': 0.02, 'need_reset': False}
Tangent angle: 3.2888801763209217, User angle: 2.138857282749749, Offset angle: 0.9466993208938813
Target angle: 2.3421808554270402, distance: 144.02245921994572, angle diff: 0.20332357267729106, rotation direction: 1
Basic rotation angle: 0.0, rotation gain: 0.0015516112562247047
Rotation gain: 1.24, direction: 1, curvature radius: 2500000
{'type': 'running', 'physical': {'user_x': 843.7913991069744, 'user_y': 636.1693583192302, 'user_direction': 2.2195024440400717}, 'virtual': {'user_x': 2073.412566795265, 'user_y': 8840.066400747724, 'user_direction': -2.3704963736169695}, 'user_v': 7.999999999999999, 'user_w': 0, 'delta_t': 0.02, 'need_reset': False}
Tangent angle: 3.2888801763209217, User angle: 2.2195024440400717, Offset angle: 0.9466993208938813
Target angle: 2.3421808554270402, distance: 144.02245921994572, angle diff: 0.12267841138696856, rotation direction: 1
Basic rotation angle: 1.693121693121693, rotation gain: 0.0019912705259664465
Rotation gain: 1.24, direction: 1, curvature radius: 7.5
{'type': 'running', 'physical': {'user_x': 843.7913991069744, 'user_y': 636.1693583192302, 'user_direction': 2.300147605330394}, 'virtual': {'user_x': 2067.675390161344, 'user_y': 8834.491025937796, 'user_direction': -2.3704963736169695}, 'user_v': 7.999999999999999, 'user_w': 0, 'delta_t': 0.02, 'need_reset': False}
Tangent angle: 3.2888801763209217, User angle: 2.300147605330394, Offset angle: 0.9466993208938813
Target angle: 2.3421808554270402, distance: 144.02245921994572, angle diff: 0.042033250096646047, rotation direction: 1
Basic rotation angle: 1.693121693121693, rotation gain: 0.00237597238699047
Rotation gain: 1.24, direction: 1, curvature radius: 7.5
{'type': 'running', 'physical': {'user_x': 839.4611406399149, 'user_y': 640.8127711668308, 'user_direction': 2.321311626494415}, 'virtual': {'user_x': 2061.9382135274227, 'user_y': 8828.915651127867, 'user_direction': -2.37049637361697}, 'user_v': 7.999999999999999, 'user_w': 0, 'delta_t': 0.02, 'need_reset': False}
Tangent angle: 3.310406420897049, User angle: 2.321311626494415, Offset angle: 0.9672638712832218
Target angle: 2.3431425496138267, distance: 137.86703799997008, angle diff: 0.021830923119411594, rotation direction: 1
Basic rotation angle: 1.693121693121693, rotation gain: 0.0027126751550541196
Rotation gain: 1.24, direction: 1, curvature radius: 7.5
{'type': 'running', 'physical': {'user_x': 835.0335859806476, 'user_y': 645.3635052838719, 'user_direction': 2.3424756476584365}, 'virtual': {'user_x': 2056.2010368935016, 'user_y': 8823.340276317938, 'user_direction': -2.3704963736169704}, 'user_v': 7.999999999999999, 'user_w': 0, 'delta_t': 0.02, 'need_reset': False}
Tangent angle: 3.3322567723412555, User angle: 2.3424756476584365, Offset angle: 0.9890820278982945
Target angle: 2.343174744442962, distance: 131.52427209668306, angle diff: 0.0006990967845252882, rotation direction: 1
Basic rotation angle: 1.693121693121693, rotation gain: 0.003007293041309974
Rotation gain: 1.24, direction: 1, curvature radius: 7.5
{'type': 'running', 'physical': {'user_x': 830.5107182267999, 'user_y': 649.8195224007609, 'user_direction': 2.363639668822458}, 'virtual': {'user_x': 2050.4638602595805, 'user_y': 8817.76490150801, 'user_direction': -2.3704963736169713}, 'user_v': 7.999999999999999, 'user_w': 0, 'delta_t': 0.02, 'need_reset': False}
Tangent angle: 3.3544454897528264, User angle: 2.363639668822458, Offset angle: 1.0123095579737784
Target angle: 2.3421359317790476, distance: 124.96870019999031, angle diff: 0.021503737043410354, rotation direction: -1
Basic rotation angle: 1.693121693121693, rotation gain: 0.003264987942755621
Rotation gain: 1.24, direction: -1, curvature radius: 7.5
{'type': 'running', 'physical': {'user_x': 826.0831635675326, 'user_y': 654.370256517802, 'user_direction': 2.3424756476584365}, 'virtual': {'user_x': 2044.7266836256592, 'user_y': 8812.189526698081, 'user_direction': -2.3704963736169717}, 'user_v': 7.999999999999999, 'user_w': 0, 'delta_t': 0.02, 'need_reset': False}
Tangent angle: 3.377598874304387, User angle: 2.3424756476584365, Offset angle: 1.0354811263766195
Target angle: 2.3421177479277677, distance: 118.61585746650942, angle diff: 0.0003578997306687981, rotation direction: -1
Basic rotation angle: 1.693121693121693, rotation gain: 0.003490469303559138
Rotation gain: 1.24, direction: -1, curvature radius: 7.5
{'type': 'running', 'physical': {'user_x': 821.7529051004731, 'user_y': 659.0136693654025, 'user_direction': 2.321311626494415}, 'virtual': {'user_x': 2038.989506991738, 'user_y': 8806.614151888152, 'user_direction': -2.3704963736169713}, 'user_v': 7.999999999999999, 'user_w': 0, 'delta_t': 0.02, 'need_reset': False}
Tangent angle: 3.4016879136259184, User angle: 2.321311626494415, Offset angle: 1.0583948121581537
Target angle: 2.343293101467765, distance: 112.50317369953817, angle diff: 0.02198147497334979, rotation direction: 1
Basic rotation angle: 1.693121693121693, rotation gain: 0.0036878738166784943
Rotation gain: 1.24, direction: 1, curvature radius: 7.5
{'type': 'running', 'physical': {'user_x': 817.3253504412057, 'user_y': 663.5644034824436, 'user_direction': 2.3424756476584365}, 'virtual': {'user_x': 2033.2523303578166, 'user_y': 8801.038777078224, 'user_direction': -2.3704963736169704}, 'user_v': 7.999999999999999, 'user_w': 0, 'delta_t': 0.02, 'need_reset': False}
Tangent angle: 3.426140765839795, User angle: 2.3424756476584365, Offset angle: 1.0827987736585705
Target angle: 2.343341992181225, distance: 106.16374774126884, angle diff: 0.0008663445227883315, rotation direction: 1
Basic rotation angle: 1.693121693121693, rotation gain: 0.003860607265501996
Rotation gain: 1.24, direction: 1, curvature radius: 7.5
{'type': 'running', 'physical': {'user_x': 812.8024826873581, 'user_y': 668.0204205993326, 'user_direction': 2.363639668822458}, 'virtual': {'user_x': 2027.5151537238953, 'user_y': 8795.463402268295, 'user_direction': -2.37049637361697}, 'user_v': 7.999999999999999, 'user_w': 0, 'delta_t': 0.02, 'need_reset': False}
Tangent angle: 3.4509700058660195, User angle: 2.363639668822458, Offset angle: 1.108920717456913
Target angle: 2.3420492884091075, distance: 99.5573917718491, angle diff: 0.021590380413350374, rotation direction: -1
Basic rotation angle: 1.693121693121693, rotation gain: 0.00401162989309032
Rotation gain: 1.24, direction: -1, curvature radius: 7.5
{'type': 'running', 'physical': {'user_x': 808.3749280280907, 'user_y': 672.5711547163737, 'user_direction': 2.3424756476584365}, 'virtual': {'user_x': 2021.777977089974, 'user_y': 8789.888027458366, 'user_direction': -2.3704963736169695}, 'user_v': 7.999999999999999, 'user_w': 0, 'delta_t': 0.02, 'need_reset': False}
Tangent angle: 3.476727231003656, User angle: 2.3424756476584365, Offset angle: 1.1347069864719268
Target angle: 2.3420202445317297, distance: 93.20237726356468, angle diff: 0.00045540312670677707, rotation direction: -1
Basic rotation angle: 1.693121693121693, rotation gain: 0.004143772011595866
Rotation gain: 1.24, direction: -1, curvature radius: 7.5
{'type': 'running', 'physical': {'user_x': 804.0446695610312, 'user_y': 677.2145675639742, 'user_direction': 2.321311626494415}, 'virtual': {'user_x': 2016.0408004560527, 'user_y': 8784.312652648438, 'user_direction': -2.3704963736169686}, 'user_v': 7.999999999999999, 'user_w': 0, 'delta_t': 0.02, 'need_reset': False}
Tangent angle: 3.5033582337132243, User angle: 2.321311626494415, Offset angle: 1.1598268941672347
Target angle: 2.34353133954599, distance: 87.15685067946166, angle diff: 0.022219713051574885, rotation direction: 1
Basic rotation angle: 1.693121693121693, rotation gain: 0.004259535608842055
Rotation gain: 1.24, direction: 1, curvature radius: 7.5
{'type': 'running', 'physical': {'user_x': 804.0446695610312, 'user_y': 677.2145675639742, 'user_direction': 2.321311626494415}, 'virtual': {'user_x': 2010.3036238221314, 'user_y': 8778.737277838509, 'user_direction': -2.3704963736169677}, 'user_v': 7.999999999999999, 'user_w': 0, 'delta_t': 0.02, 'need_reset': True}
{'type': 'running', 'physical': {'user_x': 804.0446695610312, 'user_y': 677.2145675639742, 'user_direction': 5.462904280084208}, 'virtual': {'user_x': 2004.56644718821, 'user_y': 8773.16190302858, 'user_direction': -2.3704963736169664}, 'user_v': 7.999999999999999, 'user_w': 0, 'delta_t': 0.02, 'need_reset': False}
Tangent angle: 3.5033582337132243, User angle: 5.462904280084208, Offset angle: 1.1598268941672347
Target angle: 4.663185127880459, distance: 87.15685067946166, angle diff: 0.7997191522037497, rotation direction: -1
Basic rotation angle: 1.693121693121693, rotation gain: 0.00405147760506987
Rotation gain: 1.24, direction: -1, curvature radius: 7.5
{'type': 'running', 'physical': {'user_x': 808.2756923171294, 'user_y': 672.4805557661243, 'user_direction': 5.441740258920187}, 'virtual': {'user_x': 1998.8292705542888, 'user_y': 8767.586528218651, 'user_direction': -2.370496373616965}, 'user_v': 7.999999999999999, 'user_w': 0, 'delta_t': 0.02, 'need_reset': False}
Tangent angle: 3.4764872590316376, User angle: 5.441740258920187, Offset angle: 1.1359103333093268
Target angle: 4.612397592340964, distance: 92.90960646965301, angle diff: 0.8293426665792225, rotation direction: -1
Basic rotation angle: 1.693121693121693, rotation gain: 0.0038855319538612675
Rotation gain: 1.24, direction: -1, curvature radius: 7.5
{'type': 'running', 'physical': {'user_x': 812.4055842910957, 'user_y': 667.6580653775211, 'user_direction': 5.4205762377561655}, 'virtual': {'user_x': 1993.0920939203675, 'user_y': 8762.011153408723, 'user_direction': -2.3704963736169633}, 'user_v': 7.999999999999999, 'user_w': 0, 'delta_t': 0.02, 'need_reset': False}
Tangent angle: 3.449963775016026, User angle: 5.4205762377561655, Offset angle: 1.1133404557182525
Target angle: 4.563304230734278, distance: 98.456823271273, angle diff: 0.8572720070218871, rotation direction: -1
Basic rotation angle: 1.693121693121693, rotation gain: 0.003755633397754805
Rotation gain: 1.24, direction: -1, curvature radius: 7.5
{'type': 'running', 'physical': {'user_x': 816.4324957081434, 'user_y': 662.7492563871393, 'user_direction': 5.399412216592144}, 'virtual': {'user_x': 1987.3549172864462, 'user_y': 8756.435778598794, 'user_direction': -2.3704963736169615}, 'user_v': 7.999999999999999, 'user_w': 0, 'delta_t': 0.02, 'need_reset': False}
Tangent angle: 3.423781169705232, User angle: 5.399412216592144, Offset angle: 1.0919496582474049
Target angle: 4.515730827952637, distance: 103.82915956317112, angle diff: 0.8836813886395074, rotation direction: -1
Basic rotation angle: 1.693121693121693, rotation gain: 0.003656543509137172
Rotation gain: 1.24, direction: -1, curvature radius: 7.5
{'type': 'running', 'physical': {'user_x': 820.3546229183816, 'user_y': 657.7563274459754, 'user_direction': 5.378248195428123}, 'virtual': {'user_x': 1981.617740652525, 'user_y': 8750.860403788865, 'user_direction': -2.3704963736169584}, 'user_v': 7.999999999999999, 'user_w': 0, 'delta_t': 0.02, 'need_reset': False}
Tangent angle: 3.3979325963474287, User angle: 5.378248195428123, Offset angle: 1.0716063660082902
Target angle: 4.469538962355719, distance: 109.0502324690271, angle diff: 0.908709233072404, rotation direction: -1
Basic rotation angle: 1.693121693121693, rotation gain: 0.0035837343847613104
Rotation gain: 1.24, direction: -1, curvature radius: 7.5
{'type': 'running', 'physical': {'user_x': 824.1702092046685, 'user_y': 652.6815148822741, 'user_direction': 5.357084174264101}, 'virtual': {'user_x': 1975.880564018604, 'user_y': 8745.285028978937, 'user_direction': -2.3704963736169584}, 'user_v': 7.999999999999999, 'user_w': 0, 'delta_t': 0.02, 'need_reset': False}
Tangent angle: 3.3724110215884737, User angle: 5.357084174264101, Offset angle: 1.0522048183671429
Target angle: 4.424615839955616, distance: 114.13862056795719, angle diff: 0.932468334308485, rotation direction: -1
Basic rotation angle: 1.693121693121693, rotation gain: 0.003533290558309438
Rotation gain: 1.24, direction: -1, curvature radius: 7.5
{'type': 'running', 'physical': {'user_x': 827.8775455694433, 'user_y': 647.5270916998782, 'user_direction': 5.33592015310008}, 'virtual': {'user_x': 1970.143387384683, 'user_y': 8739.709654169008, 'user_direction': -2.370496373616958}, 'user_v': 7.999999999999999, 'user_w': 0, 'delta_t': 0.02, 'need_reset': False}
Tangent angle: 3.347209269353941, User angle: 5.33592015310008, Offset angle: 1.0336582830024674
Target angle: 4.380867552356408, distance: 119.10919452419425, angle diff: 0.9550526007436719, rotation direction: -1
Basic rotation angle: 1.693121693121693, rotation gain: 0.0035018256027937685
Rotation gain: 1.24, direction: -1, curvature radius: 7.5
{'type': 'running', 'physical': {'user_x': 831.474971500185, 'user_y': 642.2953665601532, 'user_direction': 5.314756131936059}, 'virtual': {'user_x': 1964.4062107507618, 'user_y': 8734.13427935908, 'user_direction': -2.3704963736169575}, 'user_v': 7.999999999999999, 'user_w': 0, 'delta_t': 0.02, 'need_reset': False}
Tangent angle: 3.322320060597078, User angle: 5.314756131936059, Offset angle: 1.015894394972108
Target angle: 4.338214455569186, distance: 123.97403140766693, angle diff: 0.9765416763668728, rotation direction: -1
Basic rotation angle: 1.693121693121693, rotation gain: 0.0034864108133056924
Rotation gain: 1.24, direction: -1, curvature radius: 7.5
{'type': 'running', 'physical': {'user_x': 834.9608757131538, 'user_y': 636.9886827479396, 'user_direction': 5.293592110772037}, 'virtual': {'user_x': 1958.6690341168407, 'user_y': 8728.55890454915, 'user_direction': -2.3704963736169566}, 'user_v': 7.999999999999999, 'user_w': 0, 'delta_t': 0.02, 'need_reset': False}
Tangent angle: 3.297736049110855, User angle: 5.293592110772037, Offset angle: 0.9988518643920618
Target angle: 4.296587913502917, distance: 128.74306104532317, angle diff: 0.9970041972691206, rotation direction: -1
Basic rotation angle: 1.693121693121693, rotation gain: 0.0034845139640133764
Rotation gain: 1.24, direction: -1, curvature radius: 7.5
{'type': 'running', 'physical': {'user_x': 838.3336968750839, 'user_y': 631.6094171219978, 'user_direction': 5.272428089608016}, 'virtual': {'user_x': 1952.9318574829197, 'user_y': 8722.983529739222, 'user_direction': -2.3704963736169544}, 'user_v': 7.999999999999999, 'user_w': 0, 'delta_t': 0.02, 'need_reset': False}
Tangent angle: 3.273449853620306, User angle: 5.272428089608016, Offset angle: 0.9824780945023199
Target angle: 4.2559279481226255, distance: 133.42453416421145, angle diff: 1.0165001414853903, rotation direction: -1
Basic rotation angle: 1.693121693121693, rotation gain: 0.003493946551865589
Rotation gain: 1.24, direction: -1, curvature radius: 7.5
{'type': 'running', 'physical': {'user_x': 841.5919243025035, 'user_y': 626.1599790504152, 'user_direction': 5.251264068443994}, 'virtual': {'user_x': 1949.1197058294597, 'user_y': 8719.278889694733, 'user_direction': -2.3704963736169544}, 'user_v': 0, 'user_w': 0.1, 'delta_t': 0.02, 'need_reset': False}
Tangent angle: 3.2494540863827277, User angle: 5.251264068443994, Offset angle: 0.9667274222836209
Target angle: 4.216181508666349, distance: 138.02536865411636, angle diff: 1.0350825597776456, rotation direction: -1
Basic rotation angle: 0.0, rotation gain: 0.0030723903998914792
Rotation gain: 1.24, direction: -1, curvature radius: 2500000
{'type': 'running', 'physical': {'user_x': 844.734098638368, 'user_y': 620.6428093314528, 'user_direction': 5.230100047279973}, 'virtual': {'user_x': 1949.1197058294597, 'user_y': 8719.278889694733, 'user_direction': -2.2704963736169543}, 'user_v': 0, 'user_w': 0.1, 'delta_t': 0.02, 'need_reset': False}
Tangent angle: 3.225741378529003, User angle: 5.230100047279973, Offset angle: 0.9515597950979209
Target angle: 4.177301173626924, distance: 142.55141042244776, angle diff: 1.0527988736530487, rotation direction: -1
Basic rotation angle: 0.0, rotation gain: 0.0027038676500675007
Rotation gain: 1.24, direction: -1, curvature radius: 2500000
{'type': 'running', 'physical': {'user_x': 844.734098638368, 'user_y': 620.6428093314528, 'user_direction': 5.310745208570296}, 'virtual': {'user_x': 1949.1197058294597, 'user_y': 8719.278889694733, 'user_direction': -2.1593496075858587}, 'user_v': 7.999999999999999, 'user_w': 0, 'delta_t': 0.02, 'need_reset': False}
Tangent angle: 3.225741378529003, User angle: 5.310745208570296, Offset angle: 0.9515597950979209
Target angle: 4.177301173626924, distance: 142.55141042244776, angle diff: 1.1334440349433716, rotation direction: -1
Basic rotation angle: 1.693121693121693, rotation gain: 0.002831665698682756
Rotation gain: 1.24, direction: -1, curvature radius: 7.5
{'type': 'running', 'physical': {'user_x': 844.734098638368, 'user_y': 620.6428093314528, 'user_direction': 5.391390369860619}, 'virtual': {'user_x': 1944.6784394033846, 'user_y': 8712.624932035369, 'user_direction': -2.1593496075858587}, 'user_v': 7.999999999999999, 'user_w': 0, 'delta_t': 0.02, 'need_reset': False}
Tangent angle: 3.225741378529003, User angle: 5.391390369860619, Offset angle: 0.9515597950979209
Target angle: 4.177301173626924, distance: 142.55141042244776, angle diff: 1.2140891962336946, rotation direction: -1
Basic rotation angle: 1.693121693121693, rotation gain: 0.0029434889912211045
Rotation gain: 1.24, direction: -1, curvature radius: 7.5
{'type': 'running', 'physical': {'user_x': 848.6160475736455, 'user_y': 615.618578671073, 'user_direction': 5.3702263486965975}, 'virtual': {'user_x': 1940.2371729773097, 'user_y': 8705.970974376005, 'user_direction': -2.159349607585856}, 'user_v': 7.999999999999999, 'user_w': 0, 'delta_t': 0.02, 'need_reset': False}
Tangent angle: 3.2043322896859596, User angle: 5.3702263486965975, Offset angle: 0.9320948443640291
Target angle: 4.136427134049988, distance: 148.505485120401, angle diff: 1.2337992146466092, rotation direction: -1
Basic rotation angle: 1.693121693121693, rotation gain: 0.0030517818908343884
Rotation gain: 1.24, direction: -1, curvature radius: 7.5
{'type': 'running', 'physical': {'user_x': 852.3908021620838, 'user_y': 610.5133216685446, 'user_direction': 5.349062327532576}, 'virtual': {'user_x': 1935.7959065512348, 'user_y': 8699.31701671664, 'user_direction': -2.1593496075858547}, 'user_v': 7.999999999999999, 'user_w': 0, 'delta_t': 0.02, 'need_reset': False}
Tangent angle: 3.183223518223079, User angle: 5.349062327532576, Offset angle: 0.9136445501482727
Target angle: 4.096868068371352, distance: 154.31022956539982, angle diff: 1.2521942591612243, rotation direction: -1
Basic rotation angle: 1.693121693121693, rotation gain: 0.0031564099274438433
Rotation gain: 1.24, direction: -1, curvature radius: 7.5
{'type': 'running', 'physical': {'user_x': 856.0566716946018, 'user_y': 605.3293249637464, 'user_direction': 5.327898306368555}, 'virtual': {'user_x': 1931.35464012516, 'user_y': 8692.663059057277, 'user_direction': -2.159349607585853}, 'user_v': 7.999999999999999, 'user_w': 0, 'delta_t': 0.02, 'need_reset': False}
Tangent angle: 3.162402717247456, User angle: 5.327898306368555, Offset angle: 0.8961180744422402
Target angle: 4.058520791689696, distance: 159.9794387535046, angle diff: 1.269377514678859, rotation direction: -1
Basic rotation angle: 1.693121693121693, rotation gain: 0.00325729912344014
Rotation gain: 1.24, direction: -1, curvature radius: 7.5
{'type': 'running', 'physical': {'user_x': 859.6120142316341, 'user_y': 600.0689104639973, 'user_direction': 5.306734285204533}, 'virtual': {'user_x': 1926.913373699085, 'user_y': 8686.009101397913, 'user_direction': -2.159349607585851}, 'user_v': 7.999999999999999, 'user_w': 0, 'delta_t': 0.02, 'need_reset': False}
Tangent angle: 3.141858089927872, User angle: 5.306734285204533, Offset angle: 0.8794374764923579
Target angle: 4.02129556642023, distance: 165.52462862685496, angle diff: 1.2854387187843033, rotation direction: -1
Basic rotation angle: 1.693121693121693, rotation gain: 0.0033544231017055295
Rotation gain: 1.24, direction: -1, curvature radius: 7.5
{'type': 'running', 'physical': {'user_x': 863.055237338554, 'user_y': 594.7344343040754, 'user_direction': 5.285570264040512}, 'virtual': {'user_x': 1922.4721072730101, 'user_y': 8679.355143738549, 'user_direction': -2.1593496075858494}, 'user_v': 7.999999999999999, 'user_w': 0, 'delta_t': 0.02, 'need_reset': False}
Tangent angle: 3.1215783681808142, User angle: 5.285570264040512, Offset angle: 0.8635351989504886
Target angle: 3.985113567131303, distance: 170.95550319700462, angle diff: 1.300456696909209, rotation direction: -1
Basic rotation angle: 1.693121693121693, rotation gain: 0.003447792755207287
Rotation gain: 1.24, direction: -1, curvature radius: 7.5
{'type': 'running', 'physical': {'user_x': 866.3847987989236, 'user_y': 589.3282857909079, 'user_direction': 5.264406242876491}, 'virtual': {'user_x': 1918.0308408469352, 'user_y': 8672.701186079184, 'user_direction': -2.159349607585847}, 'user_v': 7.999999999999999, 'user_w': 0, 'delta_t': 0.02, 'need_reset': False}
Tangent angle: 3.1015527912664984, User angle: 5.264406242876491, Offset angle: 0.8483521615158821
Target angle: 3.9499049527823806, distance: 176.2803066576172, angle diff: 1.31450129009411, rotation direction: -1
Basic rotation angle: 1.693121693121693, rotation gain: 0.0035374479360449195
Rotation gain: 1.24, direction: -1, curvature radius: 7.5
{'type': 'running', 'physical': {'user_x': 869.5992073052513, 'user_y': 583.8528863334025, 'user_direction': 5.243242221712469}, 'virtual': {'user_x': 1913.5895744208603, 'user_y': 8666.04722841982, 'user_direction': -2.1593496075858445}, 'user_v': 7.999999999999999, 'user_w': 0, 'delta_t': 0.02, 'need_reset': False}
Tangent angle: 3.0817710844949118, User angle: 5.243242221712469, Offset angle: 0.833836290870817
Target angle: 3.915607375365729, distance: 181.5060931742565, angle diff: 1.3276348463467404, rotation direction: -1
Basic rotation angle: 1.693121693121693, rotation gain: 0.0036234507515897083
Rotation gain: 1.24, direction: -1, curvature radius: 7.5
{'type': 'running', 'physical': {'user_x': 872.6970231269466, 'user_y': 578.3106883579007, 'user_direction': 5.222078200548448}, 'virtual': {'user_x': 1909.1483079947855, 'user_y': 8659.393270760456, 'user_direction': -2.159349607585842}, 'user_v': 7.999999999999999, 'user_w': 0, 'delta_t': 0.02, 'need_reset': False}
Tangent angle: 3.0622234382019764, User angle: 5.222078200548448, Offset angle: 0.8199413700089938
Target angle: 3.88216480821097, distance: 186.63893661775555, angle diff: 1.3399133923374777, rotation direction: -1
Basic rotation angle: 1.693121693121693, rotation gain: 0.0037058801492593644
Rotation gain: 1.24, direction: -1, curvature radius: 7.5
{'type': 'running', 'physical': {'user_x': 875.6768587551747, 'user_y': 572.7041742097384, 'user_direction': 5.2009141793844265}, 'virtual': {'user_x': 1904.7070415687106, 'user_y': 8652.739313101092, 'user_direction': -2.1593496075858387}, 'user_v': 7.999999999999999, 'user_w': 0, 'delta_t': 0.02, 'need_reset': False}
Tangent angle: 3.042900487122247, User angle: 5.2009141793844265, Offset angle: 0.8066261254044949
Target angle: 3.8495266125267418, distance: 191.68409573747337, angle diff: 1.3513875668576847, rotation direction: -1
Basic rotation angle: 1.693121693121693, rotation gain: 0.003784827540853402
Rotation gain: 1.24, direction: -1, curvature radius: 7.5
{'type': 'running', 'physical': {'user_x': 878.5373795243199, 'user_y': 567.0358550414054, 'user_direction': 5.179750158220405}, 'virtual': {'user_x': 1900.2657751426357, 'user_y': 8646.085355441728, 'user_direction': -2.1593496075858356}, 'user_v': 7.999999999999999, 'user_w': 0, 'delta_t': 0.02, 'need_reset': False}
Tangent angle: 3.02379329025621, User angle: 5.179750158220405, Offset angle: 0.7938534940312064
Target angle: 3.8176467842874167, distance: 196.6461457672798, angle diff: 1.3621033739329884, rotation direction: -1
Basic rotation angle: 1.693121693121693, rotation gain: 0.0038603932695633414
Rotation gain: 1.24, direction: -1, curvature radius: 7.5
{'type': 'running', 'physical': {'user_x': 881.2773042097813, 'user_y': 561.3082696878029, 'user_direction': 5.158586137056384}, 'virtual': {'user_x': 1895.8245087165608, 'user_y': 8639.431397782364, 'user_direction': -2.1593496075858316}, 'user_v': 7.999999999999999, 'user_w': 0, 'delta_t': 0.02, 'need_reset': False}
Tangent angle: 3.00489331130652, User angle: 5.158586137056384, Offset angle: 0.7815900282826638
Target angle: 3.786483339589184, distance: 201.52908439744783, angle diff: 1.3721027974671998, rotation direction: -1
Basic rotation angle: 1.693121693121693, rotation gain: 0.003932683762635593
Rotation gain: 1.24, direction: -1, curvature radius: 7.5
{'type': 'running', 'physical': {'user_x': 883.895405601832, 'user_y': 555.5239835291015, 'user_direction': 5.137422115892362}, 'virtual': {'user_x': 1891.383242290486, 'user_y': 8632.777440123, 'user_direction': -2.159349607585827}, 'user_v': 7.999999999999999, 'user_w': 0, 'delta_t': 0.02, 'need_reset': False}
Tangent angle: 2.9861923997377327, User angle: 5.137422115892362, Offset angle: 0.7698054079705992
Target angle: 3.755997807708332, distance: 206.3364179270066, angle diff: 1.3814243081840303, rotation direction: -1
Basic rotation angle: 1.693121693121693, rotation gain: 0.004001809243520898
Rotation gain: 1.24, direction: -1, curvature radius: 7.5
{'type': 'running', 'physical': {'user_x': 886.3905110552854, 'user_y': 549.68558734171, 'user_direction': 5.116258094728341}, 'virtual': {'user_x': 1886.9419758644112, 'user_y': 8626.123482463636, 'user_direction': -2.159349607585822}, 'user_v': 7.999999999999999, 'user_w': 0, 'delta_t': 0.02, 'need_reset': False}
Tangent angle: 2.9676827724977004, User angle: 5.116258094728341, Offset angle: 0.7584720364346382
Target angle: 3.7261548089323386, distance: 211.07123191864937, angle diff: 1.3901032857960023, rotation direction: -1
Basic rotation angle: 1.693121693121693, rotation gain: 0.004067881901502463
Rotation gain: 1.24, direction: -1, curvature radius: 7.5
{'type': 'running', 'physical': {'user_x': 888.7615030147219, 'user_y': 543.7956961378684, 'user_direction': 5.0950940735643195}, 'virtual': {'user_x': 1882.5007094383366, 'user_y': 8619.469524804272, 'user_direction': -2.159349607585818}, 'user_v': 7.999999999999999, 'user_w': 0, 'delta_t': 0.02, 'need_reset': False}
Tangent angle: 2.9493569964252933, User angle: 5.0950940735643195, Offset angle: 0.74756470342602
Target angle: 3.6969216998513135, distance: 215.7362496103705, angle diff: 1.398172373713006, rotation direction: -1
Basic rotation angle: 1.693121693121693, rotation gain: 0.004131014435896648
Rotation gain: 1.24, direction: -1, curvature radius: 7.5
{'type': 'running', 'physical': {'user_x': 891.0073195150406, 'user_y': 537.8569479943875, 'user_direction': 5.073930052400298}, 'virtual': {'user_x': 1878.059443012262, 'user_y': 8612.815567144908, 'user_direction': -2.159349607585813}, 'user_v': 7.999999999999999, 'user_w': 0, 'delta_t': 0.02, 'need_reset': False}
Tangent angle: 2.931207971358024, User angle: 5.073930052400298, Offset angle: 0.7370603015224088
Target angle: 3.668268272880433, distance: 220.33388056288845, angle diff: 1.4056617795198654, rotation direction: -1
Basic rotation angle: 1.693121693121693, rotation gain: 0.004191318907152627
Rotation gain: 1.24, direction: -1, curvature radius: 7.5
{'type': 'running', 'physical': {'user_x': 893.126954657113, 'user_y': 531.8720028710555, 'user_direction': 5.052766031236277}, 'virtual': {'user_x': 1873.6181765861872, 'user_y': 8606.161609485544, 'user_direction': -2.159349607585807}, 'user_v': 7.999999999999999, 'user_w': 0, 'delta_t': 0.02, 'need_reset': False}
Tangent angle: 2.91322891394418, User angle: 5.052766031236277, Offset angle: 0.7269375858471446
Target angle: 3.6401664997913246, distance: 224.8662614519008, angle diff: 1.4125995314449522, rotation direction: -1
Basic rotation angle: 1.693121693121693, rotation gain: 0.004248905839413814
Rotation gain: 1.24, direction: -1, curvature radius: 7.5
{'type': 'running', 'physical': {'user_x': 895.1194590583234, 'user_y': 525.8435414192455, 'user_direction': 5.031602010072255}, 'virtual': {'user_x': 1869.1769101601126, 'user_y': 8599.507651826178, 'user_direction': -2.1593496075858}, 'user_v': 7.999999999999999, 'user_w': 0, 'delta_t': 0.02, 'need_reset': False}
Tangent angle: 2.8954133421568216, User angle: 5.031602010072255, Offset angle: 0.7171769691153708
Target angle: 3.6125903112721924, distance: 229.33529048996488, angle diff: 1.419011698800063, rotation direction: -1
Basic rotation angle: 1.693121693121693, rotation gain: 0.0043038835289958355
Rotation gain: 1.24, direction: -1, curvature radius: 7.5
{'type': 'running', 'physical': {'user_x': 896.9839402777977, 'user_y': 519.7742637812536, 'user_direction': 5.010437988908234}, 'virtual': {'user_x': 1864.735643734038, 'user_y': 8592.853694166814, 'user_direction': -2.159349607585808}, 'user_v': 7.999999999999999, 'user_w': 0, 'delta_t': 0.02, 'need_reset': False}
Tangent angle: 2.877755060501213, User angle: 5.010437988908234, Offset angle: 0.707760345725249
Target angle: 3.5855154062264623, distance: 233.7426566435113, angle diff: 1.4249225826817717, rotation direction: -1
Basic rotation angle: 1.693121693121693, rotation gain: 0.004356357521275942
Rotation gain: 1.24, direction: -1, curvature radius: 7.5
{'type': 'running', 'physical': {'user_x': 898.7195632161261, 'user_y': 513.6668883809076, 'user_direction': 4.989273967744213}, 'virtual': {'user_x': 1860.2943773079633, 'user_y': 8586.199736507448, 'user_direction': -2.1593496075857983}, 'user_v': 7.999999999999999, 'user_w': 0, 'delta_t': 0.02, 'need_reset': False}
Tangent angle: 2.860248145902741, User angle: 4.989273967744213, Offset angle: 0.698670939904387
Target angle: 3.558919085807128, distance: 238.0898645677043, angle diff: 1.4303548819370846, rotation direction: -1
Basic rotation angle: 1.693121693121693, rotation gain: 0.00440643022505455
Rotation gain: 1.24, direction: -1, curvature radius: 7.5
{'type': 'running', 'physical': {'user_x': 900.3255504894032, 'user_y': 507.52415070598823, 'user_direction': 4.968109946580191}, 'virtual': {'user_x': 1855.8531108818886, 'user_y': 8579.545778848084, 'user_direction': -2.159349607585809}, 'user_v': 7.999999999999999, 'user_w': 0, 'delta_t': 0.02, 'need_reset': False}
Tangent angle: 2.842886934258847, User angle: 4.968109946580191, Offset angle: 0.6898931739152924
Target angle: 3.5327801081741397, distance: 242.3782559954829, angle diff: 1.4353298384060516, rotation direction: -1
Basic rotation angle: 1.693121693121693, rotation gain: 0.004454200638832641
Rotation gain: 1.24, direction: -1, curvature radius: 7.5
{'type': 'running', 'physical': {'user_x': 901.8011827774181, 'user_y': 501.34880208300586, 'user_direction': 4.94694592541617}, 'virtual': {'user_x': 1851.411844455814, 'user_y': 8572.891821188718, 'user_direction': -2.1593496075857956}, 'user_v': 7.999999999999999, 'user_w': 0, 'delta_t': 0.02, 'need_reset': False}
Tangent angle: 2.8256660076358577, User angle: 4.94694592541617, Offset angle: 0.681412553094922
Target angle: 3.50707856073078, distance: 246.60902817274658, angle diff: 1.43986736468539, rotation direction: -1
Basic rotation angle: 1.693121693121693, rotation gain: 0.004499764167877337
Rotation gain: 1.24, direction: -1, curvature radius: 7.5
{'type': 'running', 'physical': {'user_x': 903.1457991458369, 'user_y': 495.1436084448845, 'user_direction': 4.9257819042521485}, 'virtual': {'user_x': 1846.9705780297393, 'user_y': 8566.237863529353, 'user_direction': -2.1593496075858116}, 'user_v': 7.999999999999999, 'user_w': 0, 'delta_t': 0.02, 'need_reset': False}
Tangent angle: 2.808580182089652, User angle: 4.9257819042521485, Offset angle: 0.6732155651070104
Target angle: 3.4817957471966623, distance: 250.78324981889796, angle diff: 1.4439861570554862, rotation direction: -1
Basic rotation angle: 1.693121693121693, rotation gain: 0.004543212514601799
Rotation gain: 1.24, direction: -1, curvature radius: 7.5
{'type': 'running', 'physical': {'user_x': 904.3587973422345, 'user_y': 488.9113490921025, 'user_direction': 4.904617883088127}, 'virtual': {'user_x': 1842.5293116036648, 'user_y': 8559.583905869988, 'user_direction': -2.159349607585788}, 'user_v': 7.999999999999999, 'user_w': 0, 'delta_t': 0.02, 'need_reset': False}
Tangent angle: 2.7916244960877603, User angle: 4.904617883088127, Offset angle: 0.6652895912620602
Target angle: 3.4569140873498205, distance: 254.90187500320218, angle diff: 1.4477037957383065, rotation direction: -1
Basic rotation angle: 1.693121693121693, rotation gain: 0.0045846336278074756
Rotation gain: 1.24, direction: -1, curvature radius: 7.5
{'type': 'running', 'physical': {'user_x': 905.4396340658433, 'user_y': 482.654815447847, 'user_direction': 4.883453861924106}, 'virtual': {'user_x': 1838.08804517759, 'user_y': 8552.929948210623, 'user_direction': -2.1593496075858383}, 'user_v': 7.999999999999999, 'user_w': 0, 'delta_t': 0.02, 'need_reset': False}
Tangent angle: 2.774794199509612, User angle: 4.883453861924106, Offset angle: 0.6576228281383312
Target angle: 3.432417027647943, distance: 258.9657552570515, angle diff: 1.4510368342761626, rotation direction: -1
Basic rotation angle: 1.693121693121693, rotation gain: 0.0046241116988409905
Rotation gain: 1.24, direction: -1, curvature radius: 7.5
{'type': 'running', 'physical': {'user_x': 906.3878252108965, 'user_y': 476.37680980773763, 'user_direction': 4.862289840760084}, 'virtual': {'user_x': 1836.2898588021487, 'user_y': 8550.23588420771, 'user_direction': -2.1593496075858383}, 'user_v': 0, 'user_w': 0.1, 'delta_t': 0.02, 'need_reset': False}
Tangent angle: 2.758084743201162, User angle: 4.862289840760084, Offset angle: 0.6502042180400527
Target angle: 3.408288961241215, distance: 262.9756501860488, angle diff: 1.4540008795188695, rotation direction: -1
Basic rotation angle: 0.0, rotation gain: 0.004066618718429559
Rotation gain: 1.24, direction: -1, curvature radius: 2500000
{'type': 'running', 'physical': {'user_x': 907.2029460834593, 'user_y': 470.08014408468114, 'user_direction': 4.841125819596063}, 'virtual': {'user_x': 1836.2898588021487, 'user_y': 8550.23588420771, 'user_direction': -2.2593496075858384}, 'user_v': 0, 'user_w': 0.1, 'delta_t': 0.02, 'need_reset': False}
Tangent angle: 2.7414917690599823, User angle: 4.841125819596063, Offset angle: 0.643023387073117
Target angle: 3.3845151561330993, distance: 266.9322368006795, angle diff: 1.4566106634629636, rotation direction: -1
Basic rotation angle: 0.0, rotation gain: 0.0035789095661317273
Rotation gain: 1.24, direction: -1, curvature radius: 2500000
{'type': 'running', 'physical': {'user_x': 907.2029460834593, 'user_y': 470.08014408468114, 'user_direction': 4.921770980886386}, 'virtual': {'user_x': 1836.2898588021487, 'user_y': 8550.23588420771, 'user_direction': -2.3593496075858384}, 'user_v': 0, 'user_w': 0.1, 'delta_t': 0.02, 'need_reset': False}
Tangent angle: 2.7414917690599823, User angle: 4.921770980886386, Offset angle: 0.643023387073117
Target angle: 3.3845151561330993, distance: 266.9322368006795, angle diff: 1.5372558247532866, rotation direction: -1
Basic rotation angle: 0.0, rotation gain: 0.003152164057871125
Rotation gain: 1.24, direction: -1, curvature radius: 2500000
{'type': 'running', 'physical': {'user_x': 907.2029460834593, 'user_y': 470.08014408468114, 'user_direction': 5.002416142176709}, 'virtual': {'user_x': 1836.2898588021487, 'user_y': 8550.23588420771, 'user_direction': -2.4593496075858385}, 'user_v': 0, 'user_w': 0.1, 'delta_t': 0.02, 'need_reset': False}
Tangent angle: 2.7414917690599823, User angle: 5.002416142176709, Offset angle: 0.643023387073117
Target angle: 3.3845151561330993, distance: 266.9322368006795, angle diff: 1.6179009860436095, rotation direction: -1
Basic rotation angle: 0.0, rotation gain: 0.0027787617381430977
Rotation gain: 1.24, direction: -1, curvature radius: 2500000
{'type': 'running', 'physical': {'user_x': 907.2029460834593, 'user_y': 470.08014408468114, 'user_direction': 5.083061303467032}, 'virtual': {'user_x': 1836.2898588021487, 'user_y': 8550.23588420771, 'user_direction': -2.5593496075858386}, 'user_v': 0, 'user_w': 0.1, 'delta_t': 0.02, 'need_reset': False}
Tangent angle: 2.7414917690599823, User angle: 5.083061303467032, Offset angle: 0.643023387073117
Target angle: 3.3845151561330993, distance: 266.9322368006795, angle diff: 1.6985461473339325, rotation direction: -1
Basic rotation angle: 0.0, rotation gain: 0.002452034708381074
Rotation gain: 1.24, direction: -1, curvature radius: 2500000
{'type': 'running', 'physical': {'user_x': 907.2029460834593, 'user_y': 470.08014408468114, 'user_direction': 5.163706464757355}, 'virtual': {'user_x': 1836.2898588021487, 'user_y': 8550.23588420771, 'user_direction': -2.6593496075858387}, 'user_v': 0, 'user_w': 0.1, 'delta_t': 0.02, 'need_reset': False}
Tangent angle: 2.7414917690599823, User angle: 5.163706464757355, Offset angle: 0.643023387073117
Target angle: 3.3845151561330993, distance: 266.9322368006795, angle diff: 1.7791913086242555, rotation direction: -1
Basic rotation angle: 0.0, rotation gain: 0.002166148557339303
Rotation gain: 1.24, direction: -1, curvature radius: 2500000
{'type': 'running', 'physical': {'user_x': 907.2029460834593, 'user_y': 470.08014408468114, 'user_direction': 5.244351626047678}, 'virtual': {'user_x': 1836.2898588021487, 'user_y': 8550.23588420771, 'user_direction': -2.759349607585839}, 'user_v': 0, 'user_w': 0.1, 'delta_t': 0.02, 'need_reset': False}
Tangent angle: 2.7414917690599823, User angle: 5.244351626047678, Offset angle: 0.643023387073117
Target angle: 3.3845151561330993, distance: 266.9322368006795, angle diff: 1.8598364699145784, rotation direction: -1
Basic rotation angle: 0.0, rotation gain: 0.0019159981751777535
Rotation gain: 1.24, direction: -1, curvature radius: 2500000
{'type': 'running', 'physical': {'user_x': 907.2029460834593, 'user_y': 470.08014408468114, 'user_direction': 5.324996787338001}, 'virtual': {'user_x': 1836.2898588021487, 'user_y': 8550.23588420771, 'user_direction': -2.859349607585839}, 'user_v': 0, 'user_w': 0.1, 'delta_t': 0.02, 'need_reset': False}
Tangent angle: 2.7414917690599823, User angle: 5.324996787338001, Offset angle: 0.643023387073117
Target angle: 3.3845151561330993, distance: 266.9322368006795, angle diff: 1.9404816312049014, rotation direction: -1
Basic rotation angle: 0.0, rotation gain: 0.001697116590786398
Rotation gain: 1.24, direction: -1, curvature radius: 2500000
{'type': 'running', 'physical': {'user_x': 907.2029460834593, 'user_y': 470.08014408468114, 'user_direction': 5.405641948628324}, 'virtual': {'user_x': 1836.2898588021487, 'user_y': 8550.23588420771, 'user_direction': -2.959349607585839}, 'user_v': 0, 'user_w': 0.1, 'delta_t': 0.02, 'need_reset': False}
Tangent angle: 2.7414917690599823, User angle: 5.405641948628324, Offset angle: 0.643023387073117
Target angle: 3.3845151561330993, distance: 266.9322368006795, angle diff: 2.0211267924952243, rotation direction: -1
Basic rotation angle: 0.0, rotation gain: 0.0015055952044439617
Rotation gain: 1.24, direction: -1, curvature radius: 2500000
{'type': 'running', 'physical': {'user_x': 907.2029460834593, 'user_y': 470.08014408468114, 'user_direction': 5.4862871099186465}, 'virtual': {'user_x': 1836.2898588021487, 'user_y': 8550.23588420771, 'user_direction': -3.059349607585839}, 'user_v': 0, 'user_w': 0.1, 'delta_t': 0.02, 'need_reset': False}
Tangent angle: 2.7414917690599823, User angle: 5.4862871099186465, Offset angle: 0.643023387073117
Target angle: 3.3845151561330993, distance: 266.9322368006795, angle diff: 2.1017719537855473, rotation direction: -1
Basic rotation angle: 0.0, rotation gain: 0.00133801399139433
Rotation gain: 1.24, direction: -1, curvature radius: 2500000
{'type': 'running', 'physical': {'user_x': 907.2029460834593, 'user_y': 470.08014408468114, 'user_direction': 5.5669322712089695}, 'virtual': {'user_x': 1836.2898588021487, 'user_y': 8550.23588420771, 'user_direction': 3.123835699593747}, 'user_v': 0, 'user_w': 0.1, 'delta_t': 0.02, 'need_reset': False}
Tangent angle: 2.7414917690599823, User angle: 5.5669322712089695, Offset angle: 0.643023387073117
Target angle: 3.3845151561330993, distance: 266.9322368006795, angle diff: 2.18241711507587, rotation direction: -1
Basic rotation angle: 0.0, rotation gain: 0.0011913804299759022
Rotation gain: 1.24, direction: -1, curvature radius: 2500000
{'type': 'running', 'physical': {'user_x': 907.2029460834593, 'user_y': 470.08014408468114, 'user_direction': 5.6475774324992924}, 'virtual': {'user_x': 1836.2898588021487, 'user_y': 8550.23588420771, 'user_direction': 3.023835699593747}, 'user_v': 0, 'user_w': 0.1, 'delta_t': 0.02, 'need_reset': False}
Tangent angle: 2.7414917690599823, User angle: 5.6475774324992924, Offset angle: 0.643023387073117
Target angle: 3.3845151561330993, distance: 266.9322368006795, angle diff: 2.263062276366193, rotation direction: -1
Basic rotation angle: 0.0, rotation gain: 0.001063076063734778
Rotation gain: 1.24, direction: -1, curvature radius: 2500000
{'type': 'running', 'physical': {'user_x': 907.2029460834593, 'user_y': 470.08014408468114, 'user_direction': 5.728222593789615}, 'virtual': {'user_x': 1836.2898588021487, 'user_y': 8550.23588420771, 'user_direction': 2.923835699593747}, 'user_v': 0, 'user_w': 0.1, 'delta_t': 0.02, 'need_reset': False}
Tangent angle: 2.7414917690599823, User angle: 5.728222593789615, Offset angle: 0.643023387073117
Target angle: 3.3845151561330993, distance: 266.9322368006795, angle diff: 2.343707437656516, rotation direction: -1
Basic rotation angle: 0.0, rotation gain: 0.0009508097432737941
Rotation gain: 1.24, direction: -1, curvature radius: 2500000
{'type': 'running', 'physical': {'user_x': 907.2029460834593, 'user_y': 470.08014408468114, 'user_direction': 5.808867755079938}, 'virtual': {'user_x': 1836.2898588021487, 'user_y': 8550.23588420771, 'user_direction': 2.823835699593747}, 'user_v': 0, 'user_w': 0.1, 'delta_t': 0.02, 'need_reset': False}
Tangent angle: 2.7414917690599823, User angle: 5.808867755079938, Offset angle: 0.643023387073117
Target angle: 3.3845151561330993, distance: 266.9322368006795, angle diff: 2.424352598946839, rotation direction: -1
Basic rotation angle: 0.0, rotation gain: 0.0008525767128704332
Rotation gain: 1.24, direction: -1, curvature radius: 2500000
{'type': 'running', 'physical': {'user_x': 907.2029460834593, 'user_y': 470.08014408468114, 'user_direction': 5.889512916370261}, 'virtual': {'user_x': 1836.2898588021487, 'user_y': 8550.23588420771, 'user_direction': 2.7238356995937467}, 'user_v': 0, 'user_w': 0.1, 'delta_t': 0.02, 'need_reset': False}
Tangent angle: 2.7414917690599823, User angle: 5.889512916370261, Offset angle: 0.643023387073117
Target angle: 2.0984683819868657, distance: 266.9322368006795, angle diff: 2.4921407727961906, rotation direction: 1
Basic rotation angle: 0.0, rotation gain: 0.0007661796245734428
Rotation gain: 1.24, direction: 1, curvature radius: 2500000
{'type': 'running', 'physical': {'user_x': 907.2029460834593, 'user_y': 470.08014408468114, 'user_direction': 5.970158077660584}, 'virtual': {'user_x': 1836.2898588021487, 'user_y': 8550.23588420771, 'user_direction': 2.6238356995937466}, 'user_v': 0, 'user_w': 0.1, 'delta_t': 0.02, 'need_reset': False}
Tangent angle: 2.7414917690599823, User angle: 5.970158077660584, Offset angle: 0.643023387073117
Target angle: 2.0984683819868657, distance: 266.9322368006795, angle diff: 2.4114956115058677, rotation direction: 1
Basic rotation angle: 0.0, rotation gain: 0.0006905821723135763
Rotation gain: 1.24, direction: 1, curvature radius: 2500000
{'type': 'running', 'physical': {'user_x': 907.2029460834593, 'user_y': 470.08014408468114, 'user_direction': 6.050803238950907}, 'virtual': {'user_x': 1836.2898588021487, 'user_y': 8550.23588420771, 'user_direction': 2.5238356995937465}, 'user_v': 0, 'user_w': 0.1, 'delta_t': 0.02, 'need_reset': False}
Tangent angle: 2.7414917690599823, User angle: 6.050803238950907, Offset angle: 0.643023387073117
Target angle: 2.0984683819868657, distance: 266.9322368006795, angle diff: 2.3308504502155447, rotation direction: 1
Basic rotation angle: 0.0, rotation gain: 0.0006244344015861931
Rotation gain: 1.24, direction: 1, curvature radius: 2500000
{'type': 'running', 'physical': {'user_x': 907.2029460834593, 'user_y': 470.08014408468114, 'user_direction': 6.13144840024123}, 'virtual': {'user_x': 1836.2898588021487, 'user_y': 8550.23588420771, 'user_direction': 2.4238356995937465}, 'user_v': 0, 'user_w': 0.1, 'delta_t': 0.02, 'need_reset': False}
Tangent angle: 2.7414917690599823, User angle: 6.13144840024123, Offset angle: 0.643023387073117
Target angle: 2.0984683819868657, distance: 266.9322368006795, angle diff: 2.2502052889252218, rotation direction: 1
Basic rotation angle: 0.0, rotation gain: 0.0005665551021997328
Rotation gain: 1.24, direction: 1, curvature radius: 2500000
{'type': 'running', 'physical': {'user_x': 907.2029460834593, 'user_y': 470.08014408468114, 'user_direction': 6.212093561531553}, 'virtual': {'user_x': 1836.2898588021487, 'user_y': 8550.23588420771, 'user_direction': 2.3238356995937464}, 'user_v': 0, 'user_w': 0.1, 'delta_t': 0.02, 'need_reset': False}
Tangent angle: 2.7414917690599823, User angle: 6.212093561531553, Offset angle: 0.643023387073117
Target angle: 2.0984683819868657, distance: 266.9322368006795, angle diff: 2.169560127634899, rotation direction: 1
Basic rotation angle: 0.0, rotation gain: 0.00051591071523658
Rotation gain: 1.24, direction: 1, curvature radius: 2500000
{'type': 'running', 'physical': {'user_x': 907.2029460834593, 'user_y': 470.08014408468114, 'user_direction': 0.009553415642289842}, 'virtual': {'user_x': 1836.2898588021487, 'user_y': 8550.23588420771, 'user_direction': 2.2238356995937463}, 'user_v': 0, 'user_w': 0.1, 'delta_t': 0.02, 'need_reset': False}
Tangent angle: 2.7414917690599823, User angle: 0.009553415642289842, Offset angle: 0.643023387073117
Target angle: 2.0984683819868657, distance: 266.9322368006795, angle diff: 2.088914966344576, rotation direction: 1
Basic rotation angle: 0.0, rotation gain: 0.0004715968766438213
Rotation gain: 1.24, direction: 1, curvature radius: 2500000
{'type': 'running', 'physical': {'user_x': 907.2029460834593, 'user_y': 470.08014408468114, 'user_direction': 0.09019857693261243}, 'virtual': {'user_x': 1836.2898588021487, 'user_y': 8550.23588420771, 'user_direction': 2.123835699593746}, 'user_v': 0, 'user_w': 0.1, 'delta_t': 0.02, 'need_reset': False}
Tangent angle: 2.7414917690599823, User angle: 0.09019857693261243, Offset angle: 0.643023387073117
Target angle: 2.0984683819868657, distance: 266.9322368006795, angle diff: 2.0082698050542533, rotation direction: 1
Basic rotation angle: 0.0, rotation gain: 0.00043282226787515746
Rotation gain: 1.24, direction: 1, curvature radius: 2500000
{'type': 'running', 'physical': {'user_x': 907.2029460834593, 'user_y': 470.08014408468114, 'user_direction': 0.17084373822293503}, 'virtual': {'user_x': 1836.2898588021487, 'user_y': 8550.23588420771, 'user_direction': 2.023835699593746}, 'user_v': 0, 'user_w': 0.1, 'delta_t': 0.02, 'need_reset': False}
Tangent angle: 2.7414917690599823, User angle: 0.17084373822293503, Offset angle: 0.643023387073117
Target angle: 2.0984683819868657, distance: 266.9322368006795, angle diff: 1.9276246437639306, rotation direction: 1
Basic rotation angle: 0.0, rotation gain: 0.0003988944852025766
Rotation gain: 1.24, direction: 1, curvature radius: 2500000
{'type': 'running', 'physical': {'user_x': 907.2029460834593, 'user_y': 470.08014408468114, 'user_direction': 0.2514888995132576}, 'virtual': {'user_x': 1836.2898588021487, 'user_y': 8550.23588420771, 'user_direction': 1.923835699593746}, 'user_v': 0, 'user_w': 0.1, 'delta_t': 0.02, 'need_reset': False}
Tangent angle: 2.7414917690599823, User angle: 0.2514888995132576, Offset angle: 0.643023387073117
Target angle: 2.0984683819868657, distance: 266.9322368006795, angle diff: 1.846979482473608, rotation direction: 1
Basic rotation angle: 0.0, rotation gain: 0.00036920767536406836
Rotation gain: 1.24, direction: 1, curvature radius: 2500000
{'type': 'running', 'physical': {'user_x': 907.2029460834593, 'user_y': 470.08014408468114, 'user_direction': 0.3321340608035802}, 'virtual': {'user_x': 1836.2898588021487, 'user_y': 8550.23588420771, 'user_direction': 1.823835699593746}, 'user_v': 0, 'user_w': 0.1, 'delta_t': 0.02, 'need_reset': False}
Tangent angle: 2.7414917690599823, User angle: 0.3321340608035802, Offset angle: 0.643023387073117
Target angle: 2.0984683819868657, distance: 266.9322368006795, angle diff: 1.7663343211832854, rotation direction: 1
Basic rotation angle: 0.0, rotation gain: 0.00034323171675537363
Rotation gain: 1.24, direction: 1, curvature radius: 2500000
{'type': 'running', 'physical': {'user_x': 907.2029460834593, 'user_y': 470.08014408468114, 'user_direction': 0.41277922209390283}, 'virtual': {'user_x': 1836.2898588021487, 'user_y': 8550.23588420771, 'user_direction': 1.7238356995937458}, 'user_v': 0, 'user_w': 0.1, 'delta_t': 0.02, 'need_reset': False}
Tangent angle: 2.7414917690599823, User angle: 0.41277922209390283, Offset angle: 0.643023387073117
Target angle: 2.0984683819868657, distance: 266.9322368006795, angle diff: 1.6856891598929629, rotation direction: 1
Basic rotation angle: 0.0, rotation gain: 0.00032050275297276575
Rotation gain: 1.24, direction: 1, curvature radius: 2500000
{'type': 'running', 'physical': {'user_x': 907.2029460834593, 'user_y': 470.08014408468114, 'user_direction': 0.49342438338422545}, 'virtual': {'user_x': 1836.2898588021487, 'user_y': 8550.23588420771, 'user_direction': 1.6238356995937457}, 'user_v': 0, 'user_w': 0.1, 'delta_t': 0.02, 'need_reset': False}
Tangent angle: 2.7414917690599823, User angle: 0.49342438338422545, Offset angle: 0.643023387073117
Target angle: 2.0984683819868657, distance: 266.9322368006795, angle diff: 1.6050439986026404, rotation direction: 1
Basic rotation angle: 0.0, rotation gain: 0.0003006149096629839
Rotation gain: 1.24, direction: 1, curvature radius: 2500000
{'type': 'running', 'physical': {'user_x': 907.2029460834593, 'user_y': 470.08014408468114, 'user_direction': 0.5740695446745481}, 'virtual': {'user_x': 1836.2898588021487, 'user_y': 8550.23588420771, 'user_direction': 1.5238356995937457}, 'user_v': 0, 'user_w': 0.1, 'delta_t': 0.02, 'need_reset': False}
Tangent angle: 2.7414917690599823, User angle: 0.5740695446745481, Offset angle: 0.643023387073117
Target angle: 2.0984683819868657, distance: 266.9322368006795, angle diff: 1.5243988373123176, rotation direction: 1
Basic rotation angle: 0.0, rotation gain: 0.0002832130467669247
Rotation gain: 1.24, direction: 1, curvature radius: 2500000
{'type': 'running', 'physical': {'user_x': 907.2029460834593, 'user_y': 470.08014408468114, 'user_direction': 0.6547147059648707}, 'virtual': {'user_x': 1836.2898588021487, 'user_y': 8550.23588420771, 'user_direction': 1.4238356995937456}, 'user_v': 0, 'user_w': 0.1, 'delta_t': 0.02, 'need_reset': False}
Tangent angle: 2.7414917690599823, User angle: 0.6547147059648707, Offset angle: 0.643023387073117
Target angle: 2.0984683819868657, distance: 266.9322368006795, angle diff: 1.443753676021995, rotation direction: 1
Basic rotation angle: 0.0, rotation gain: 0.00026798641673287293
Rotation gain: 1.24, direction: 1, curvature radius: 2500000
{'type': 'running', 'physical': {'user_x': 907.2029460834593, 'user_y': 470.08014408468114, 'user_direction': 0.7353598672551933}, 'virtual': {'user_x': 1836.2898588021487, 'user_y': 8550.23588420771, 'user_direction': 1.3238356995937455}, 'user_v': 0, 'user_w': 0.1, 'delta_t': 0.02, 'need_reset': False}
Tangent angle: 2.7414917690599823, User angle: 0.7353598672551933, Offset angle: 0.643023387073117
Target angle: 2.0984683819868657, distance: 266.9322368006795, angle diff: 1.3631085147316724, rotation direction: 1
Basic rotation angle: 0.0, rotation gain: 0.0002546631154530776
Rotation gain: 1.24, direction: 1, curvature radius: 2500000
{'type': 'running', 'physical': {'user_x': 907.2029460834593, 'user_y': 470.08014408468114, 'user_direction': 0.8160050285455159}, 'virtual': {'user_x': 1836.2898588021487, 'user_y': 8550.23588420771, 'user_direction': 1.1779368426587564}, 'user_v': 7.999999999999999, 'user_w': 0, 'delta_t': 0.02, 'need_reset': False}
Tangent angle: 2.7414917690599823, User angle: 0.8160050285455159, Offset angle: 0.643023387073117
Target angle: 2.0984683819868657, distance: 266.9322368006795, angle diff: 1.2824633534413499, rotation direction: 1
Basic rotation angle: 1.693121693121693, rotation gain: 0.0008280802503758578
Rotation gain: 1.24, direction: 1, curvature radius: 7.5
{'type': 'running', 'physical': {'user_x': 907.2029460834593, 'user_y': 470.08014408468114, 'user_direction': 0.8966501898358386}, 'virtual': {'user_x': 1839.3525117619113, 'user_y': 8557.626429305878, 'user_direction': 1.1779368426587564}, 'user_v': 7.999999999999999, 'user_w': 0, 'delta_t': 0.02, 'need_reset': False}
Tangent angle: 2.7414917690599823, User angle: 0.8966501898358386, Offset angle: 0.643023387073117
Target angle: 2.0984683819868657, distance: 266.9322368006795, angle diff: 1.2018181921510271, rotation direction: 1
Basic rotation angle: 1.693121693121693, rotation gain: 0.0013298202434332905
Rotation gain: 1.24, direction: 1, curvature radius: 7.5
{'type': 'running', 'physical': {'user_x': 911.060455450592, 'user_y': 475.1231632941712, 'user_direction': 0.9178142109998597}, 'virtual': {'user_x': 1842.4151647216738, 'user_y': 8565.016974404045, 'user_direction': 1.1779368426587578}, 'user_v': 7.999999999999999, 'user_w': 0, 'delta_t': 0.02, 'need_reset': False}
Tangent angle: 2.7598324253482907, User angle: 0.9178142109998597, Offset angle: 0.6393515500812528
Target angle: 2.120480875267038, distance: 268.9848160970875, angle diff: 1.2026666642671784, rotation direction: 1
Basic rotation angle: 1.693121693121693, rotation gain: 0.0017718803729462138
Rotation gain: 1.24, direction: 1, curvature radius: 7.5
{'type': 'running', 'physical': {'user_x': 914.8103783325488, 'user_y': 480.2466874371981, 'user_direction': 0.9389782321638809}, 'virtual': {'user_x': 1845.4778176814364, 'user_y': 8572.407519502212, 'user_direction': 1.1779368426587589}, 'user_v': 7.999999999999999, 'user_w': 0, 'delta_t': 0.02, 'need_reset': False}
Tangent angle: 2.7780977030312126, User angle: 0.9389782321638809, Offset angle: 0.6357638845125928
Target angle: 2.142333818518619, distance: 271.0100185890674, angle diff: 1.203355586354738, rotation direction: 1
Basic rotation angle: 1.693121693121693, rotation gain: 0.0021616063589676073
Rotation gain: 1.24, direction: 1, curvature radius: 7.5
{'type': 'running', 'physical': {'user_x': 918.4510351423469, 'user_y': 485.4484216920475, 'user_direction': 0.960142253327902}, 'virtual': {'user_x': 1848.540470641199, 'user_y': 8579.79806460038, 'user_direction': 1.1779368426587604}, 'user_v': 7.999999999999999, 'user_w': 0, 'delta_t': 0.02, 'need_reset': False}
Tangent angle: 2.7962894971552417, User angle: 0.960142253327902, Offset angle: 0.6322590708821738
Target angle: 2.1640304262730687, distance: 273.0075564450098, angle diff: 1.2038881729451667, rotation direction: 1
Basic rotation angle: 1.693121693121693, rotation gain: 0.002505427692454446
Rotation gain: 1.24, direction: 1, curvature radius: 7.5
{'type': 'running', 'physical': {'user_x': 921.9807952331759, 'user_y': 490.7260362067684, 'user_direction': 0.9813062744919232}, 'virtual': {'user_x': 1851.6031236009615, 'user_y': 8587.188609698547, 'user_direction': 1.177936842658762}, 'user_v': 7.999999999999999, 'user_w': 0, 'delta_t': 0.02, 'need_reset': False}
Tangent angle: 2.814409668138972, User angle: 0.9813062744919232, Offset angle: 0.6288358171659668
Target angle: 2.1855738509730056, distance: 274.9771475269769, angle diff: 1.2042675764810824, rotation direction: 1
Basic rotation angle: 1.693121693121693, rotation gain: 0.002808972120220842
Rotation gain: 1.24, direction: 1, curvature radius: 7.5
{'type': 'running', 'physical': {'user_x': 925.3980776287631, 'user_y': 496.0771671427119, 'user_direction': 1.0024702956559444}, 'virtual': {'user_x': 1854.665776560724, 'user_y': 8594.579154796715, 'user_direction': 1.1779368426587635}, 'user_v': 7.999999999999999, 'user_w': 0, 'delta_t': 0.02, 'need_reset': False}
Tangent angle: 2.8324600423295, User angle: 1.0024702956559444, Offset angle: 0.6254928589346798
Target angle: 2.20696718339482, distance: 276.91851529570636, angle diff: 1.2044968877388755, rotation direction: 1
Basic rotation angle: 1.693121693121693, rotation gain: 0.0030771658197378815
Rotation gain: 1.24, direction: 1, curvature radius: 7.5
{'type': 'running', 'physical': {'user_x': 928.7013517314913, 'user_y': 501.49941773329215, 'user_direction': 1.0236343168199655}, 'virtual': {'user_x': 1857.7284295204865, 'user_y': 8601.969699894882, 'user_direction': 1.1779368426587655}, 'user_v': 7.999999999999999, 'user_w': 0, 'delta_t': 0.02, 'need_reset': False}
Tangent angle: 2.8504424125840058, User angle: 1.0236343168199655, Offset angle: 0.6222289594288186
Target angle: 2.2282134531551883, distance: 278.83138872262936, angle diff: 1.2045791363352227, rotation direction: 1
Basic rotation angle: 1.693121693121693, rotation gain: 0.003314321052607266
Rotation gain: 1.24, direction: 1, curvature radius: 7.5
{'type': 'running', 'physical': {'user_x': 931.8891380079518, 'user_y': 506.9903593574958, 'user_direction': 1.0447983379839867}, 'virtual': {'user_x': 1860.791082480249, 'user_y': 8609.36024499305, 'user_direction': 1.1779368426587677}, 'user_v': 7.999999999999999, 'user_w': 0, 'delta_t': 0.02, 'need_reset': False}
Tangent angle: 2.8683585388730357, User angle: 1.0447983379839867, Offset angle: 0.6190429095810259
Target angle: 2.24931562929201, distance: 280.7155022083908, angle diff: 1.204517291308023, rotation direction: 1
Basic rotation angle: 1.693121693121693, rotation gain: 0.003524212861924916
Rotation gain: 1.24, direction: 1, curvature radius: 7.5
{'type': 'running', 'physical': {'user_x': 934.9600086516265, 'user_y': 512.5475326276593, 'user_direction': 1.0659623591480079}, 'virtual': {'user_x': 1863.8537354400116, 'user_y': 8616.750790091217, 'user_direction': 1.1779368426587702}, 'user_v': 7.999999999999999, 'user_w': 0, 'delta_t': 0.02, 'need_reset': False}
Tangent angle: 2.8862101489022796, User angle: 1.0659623591480079, Offset angle: 0.6159335279912342
Target angle: 2.2702766209110443, distance: 282.57059550740234, angle diff: 1.2043142617630365, rotation direction: 1
Basic rotation angle: 1.693121693121693, rotation gain: 0.0037101461830917866
Rotation gain: 1.24, direction: 1, curvature radius: 7.5
{'type': 'running', 'physical': {'user_x': 937.9125882224006, 'user_y': 518.1684484910262, 'user_direction': 1.087126380312029}, 'virtual': {'user_x': 1866.9163883997742, 'user_y': 8624.141335189384, 'user_direction': 1.177936842658773}, 'user_v': 7.999999999999999, 'user_w': 0, 'delta_t': 0.02, 'need_reset': False}
Tangent angle: 2.9039989387499308, User angle: 1.087126380312029, Offset angle: 0.6128996608597173
Target angle: 2.291099277890213, distance: 284.3964136579916, angle diff: 1.203972897578184, rotation direction: 1
Basic rotation angle: 1.693121693121693, rotation gain: 0.00387501456642819
Rotation gain: 1.24, direction: 1, curvature radius: 7.5
{'type': 'running', 'physical': {'user_x': 940.7455542626212, 'user_y': 523.8505893445918, 'user_direction': 1.1082904014760502}, 'virtual': {'user_x': 1869.9790413595367, 'user_y': 8631.531880287552, 'user_direction': 1.1779368426587762}, 'user_v': 7.999999999999999, 'user_w': 0, 'delta_t': 0.02, 'need_reset': False}
Tangent angle: 2.9217265735169784, User angle: 1.1082904014760502, Offset angle: 0.609940181882706
Target angle: 2.3117863916342714, distance: 286.1927069177462, angle diff: 1.2034959901582212, rotation direction: 1
Basic rotation angle: 1.693121693121693, rotation gain: 0.004021351560147686
Rotation gain: 1.24, direction: 1, curvature radius: 7.5
{'type': 'running', 'physical': {'user_x': 943.4576378894251, 'user_y': 529.5914101627347, 'user_direction': 1.1294544226400713}, 'virtual': {'user_x': 1873.0416943192993, 'user_y': 8638.92242538572, 'user_direction': 1.17793684265878}, 'user_v': 7.999999999999999, 'user_w': 0, 'delta_t': 0.02, 'need_reset': False}
Tangent angle: 2.939394687988006, User angle: 1.1294544226400713, Offset angle: 0.6070539921148512
Target angle: 2.332340695873155, distance: 287.9592307036809, angle diff: 1.2028862732330836, rotation direction: 1
Basic rotation angle: 1.693121693121693, rotation gain: 0.0041513756711718955
Rotation gain: 1.24, direction: 1, curvature radius: 7.5
{'type': 'running', 'physical': {'user_x': 946.0476243630698, 'user_y': 535.3883396371324, 'user_direction': 1.1506184438040925}, 'virtual': {'user_x': 1876.1043472790616, 'user_y': 8646.312970483887, 'user_direction': 1.1779368426587846}, 'user_v': 7.999999999999999, 'user_w': 0, 'delta_t': 0.02, 'need_reset': False}
Tangent angle: 2.957004887300318, User angle: 1.1506184438040925, Offset angle: 0.6042400198024555
Target angle: 2.3527648674978625, distance: 289.6957455368836, angle diff: 1.20214642369377, rotation direction: 1
Basic rotation angle: 1.693121693121693, rotation gain: 0.004267029706577708
Rotation gain: 1.24, direction: 1, curvature radius: 7.5
{'type': 'running', 'physical': {'user_x': 948.5143536310145, 'user_y': 541.2387813284465, 'user_direction': 1.1717824649681137}, 'virtual': {'user_x': 1879.167000238824, 'user_y': 8653.703515582054, 'user_direction': 1.1779368426587873}, 'user_v': 7.999999999999999, 'user_w': 0, 'delta_t': 0.02, 'need_reset': False}
Tangent angle: 2.974558747619393, User angle: 1.1717824649681137, Offset angle: 0.6014972201910761
Target angle: 2.373061527428316, distance: 291.4020169913207, angle diff: 1.2012790624602023, rotation direction: 1
Basic rotation angle: 1.693121693121693, rotation gain: 0.004370015198115198
Rotation gain: 1.24, direction: 1, curvature radius: 7.5
{'type': 'running', 'physical': {'user_x': 950.8567208475068, 'user_y': 547.1401148292668, 'user_direction': 1.1929464861321348}, 'virtual': {'user_x': 1882.2296531985862, 'user_y': 8661.094060680221, 'user_direction': 1.1779368426587906}, 'user_v': 7.999999999999999, 'user_w': 0, 'delta_t': 0.02, 'need_reset': False}
Tangent angle: 2.9920578168188956, User angle: 1.1929464861321348, Offset angle: 0.5988245753107889
Target angle: 2.3932332415081063, distance: 293.0778156465078, angle diff: 1.2002867553759715, rotation direction: 1
Basic rotation angle: 1.693121693121693, rotation gain: 0.004461822524425881
Rotation gain: 1.24, direction: 1, curvature radius: 7.5
{'type': 'running', 'physical': {'user_x': 953.0736768684417, 'user_y': 553.0896969377886, 'user_direction': 1.214110507296156}, 'virtual': {'user_x': 1885.2923061583485, 'user_y': 8668.484605778389, 'user_direction': 1.1779368426587948}, 'user_v': 7.999999999999999, 'user_w': 0, 'delta_t': 0.02, 'need_reset': False}
Tangent angle: 3.0095036151636037, User angle: 1.214110507296156, Offset angle: 0.5962210937421292
Target angle: 2.4132825214214755, distance: 294.72291704377056, angle diff: 1.1991720141253195, rotation direction: 1
Basic rotation angle: 1.693121693121693, rotation gain: 0.004543757268758808
Rotation gain: 1.24, direction: 1, curvature radius: 7.5
{'type': 'running', 'physical': {'user_x': 955.1642287212724, 'user_y': 559.0848628417006, 'user_direction': 1.2352745284601772}, 'virtual': {'user_x': 1888.3549591181109, 'user_y': 8675.875150876556, 'user_direction': 1.1779368426588002}, 'user_v': 7.999999999999999, 'user_w': 0, 'delta_t': 0.02, 'need_reset': False}
Tangent angle: 3.026897635993829, User angle: 1.2352745284601772, Offset angle: 0.5936858103654636
Target angle: 2.4332118256283657, distance: 296.33710164584306, angle diff: 1.1979372971681885, rotation direction: 1
Basic rotation angle: 1.693121693121693, rotation gain: 0.0046169632827541785
Rotation gain: 1.24, direction: 1, curvature radius: 7.5
{'type': 'running', 'physical': {'user_x': 957.1274400497618, 'user_y': 565.1229273117516, 'user_direction': 1.2564385496241983}, 'virtual': {'user_x': 1891.4176120778732, 'user_y': 8683.265695974724, 'user_direction': 1.1779368426588075}, 'user_v': 7.999999999999999, 'user_w': 0, 'delta_t': 0.02, 'need_reset': False}
Tangent angle: 3.0442413464100095, User angle: 1.2564385496241983, Offset angle: 0.5912177860963178
Target angle: 2.4530235603136923, distance: 297.92015479956643, angle diff: 1.196585010689494, rotation direction: 1
Basic rotation angle: 1.693121693121693, rotation gain: 0.004682442868040132
Rotation gain: 1.24, direction: 1, curvature radius: 7.5
{'type': 'running', 'physical': {'user_x': 958.9624315333759, 'user_y': 571.2011859044627, 'user_direction': 1.2776025707882195}, 'virtual': {'user_x': 1894.4802650376353, 'user_y': 8690.656241072893, 'user_direction': 1.1779368426588175}, 'user_v': 7.999999999999999, 'user_w': 0, 'delta_t': 0.02, 'need_reset': False}
Tangent angle: 3.0615361879563308, User angle: 1.2776025707882195, Offset angle: 0.5888161076089535
Target angle: 2.4727200803473774, distance: 299.4718667014698, angle diff: 1.195117509559158, rotation direction: 1
Basic rotation angle: 1.693121693121693, rotation gain: 0.004741074435917672
Rotation gain: 1.24, direction: 1, curvature radius: 7.5
{'type': 'running', 'physical': {'user_x': 960.6683812811301, 'user_y': 577.3169161734445, 'user_direction': 1.2987665919522406}, 'virtual': {'user_x': 1897.5429179973976, 'user_y': 8698.04678617106, 'user_direction': 1.1779368426588042}, 'user_v': 7.999999999999999, 'user_w': 0, 'delta_t': 0.02, 'need_reset': False}
Tangent angle: 3.0787835773023384, User angle: 1.2987665919522406, Offset angle: 0.5864798870502983
Target angle: 2.49230369025204, distance: 300.9920323660299, angle diff: 1.1935370982997995, rotation direction: 1
Basic rotation angle: 1.693121693121693, rotation gain: 0.004793627960372076
Rotation gain: 1.24, direction: 1, curvature radius: 7.5
{'type': 'running', 'physical': {'user_x': 962.2445251997137, 'user_y': 583.4673788887785, 'user_direction': 1.3199306131162618}, 'virtual': {'user_x': 1900.6055709571597, 'user_y': 8705.43733126923, 'user_direction': 1.17793684265882}, 'user_v': 7.999999999999999, 'user_w': 0, 'delta_t': 0.02, 'need_reset': False}
Tangent angle: 3.0959849069216356, User angle: 1.3199306131162618, Offset angle: 0.584208261746141
Target angle: 2.5117766451754946, distance: 302.48045159641845, angle diff: 1.1918460320592328, rotation direction: 1
Basic rotation angle: 1.693121693121693, rotation gain: 0.004840778500242334
Rotation gain: 1.24, direction: 1, curvature radius: 7.5
{'type': 'running', 'physical': {'user_x': 963.6901573357267, 'user_y': 589.6498192639159, 'user_direction': 1.341094634280283}, 'virtual': {'user_x': 1903.668223916922, 'user_y': 8712.827876367397, 'user_direction': 1.1779368426587946}, 'user_v': 7.999999999999999, 'user_w': 0, 'delta_t': 0.02, 'need_reset': False}
Tangent angle: 3.113141545766858, User angle: 1.341094634280283, Offset angle: 0.5820003939013351
Target angle: 2.5311411518655227, distance: 303.93692895756385, angle diff: 1.1900465175852397, rotation direction: 1
Basic rotation angle: 1.693121693121693, rotation gain: 0.004883118031899475
Rotation gain: 1.24, direction: 1, curvature radius: 7.5
{'type': 'running', 'physical': {'user_x': 965.0046301918752, 'user_y': 595.8614681895435, 'user_direction': 1.3622586554443041}, 'virtual': {'user_x': 1906.7002303496156, 'user_y': 8720.144467758313, 'user_direction': 1.1779368426587946}, 'user_v': 0, 'user_w': 0.1, 'delta_t': 0.02, 'need_reset': False}
Tangent angle: 3.130254839940235, User angle: 1.3622586554443041, Offset angle: 0.5798554702955965
Target angle: 2.550399369644639, distance: 305.3612737513612, angle diff: 1.1881407142003348, rotation direction: 1
Basic rotation angle: 0.0, rotation gain: 0.004294342862102112
Rotation gain: 1.24, direction: 1, curvature radius: 2500000
{'type': 'running', 'physical': {'user_x': 966.1873550169856, 'user_y': 602.0995434738655, 'user_direction': 1.3834226766083253}, 'virtual': {'user_x': 1906.7002303496156, 'user_y': 8720.144467758313, 'user_direction': 1.0779368426587945}, 'user_v': 0, 'user_w': 0.1, 'delta_t': 0.02, 'need_reset': False}
Tangent angle: 3.147326113359117, User angle: 1.3834226766083253, Offset angle: 0.57777270197634
Target angle: 2.5695534113827776, distance: 306.75329999387867, angle diff: 1.1861307347744523, rotation direction: 1
Basic rotation angle: 0.0, rotation gain: 0.003779195248280444
Rotation gain: 1.24, direction: 1, curvature radius: 2500000
{'type': 'running', 'physical': {'user_x': 966.1873550169856, 'user_y': 602.0995434738655, 'user_direction': 1.4640678378986478}, 'virtual': {'user_x': 1906.7002303496156, 'user_y': 8720.144467758313, 'user_direction': 0.9779368426587945}, 'user_v': 0, 'user_w': 0.1, 'delta_t': 0.02, 'need_reset': False}
Tangent angle: 3.147326113359117, User angle: 1.4640678378986478, Offset angle: 0.57777270197634
Target angle: 2.5695534113827776, distance: 306.75329999387867, angle diff: 1.1054855734841298, rotation direction: 1
Basic rotation angle: 0.0, rotation gain: 0.003328441086186484
Rotation gain: 1.24, direction: 1, curvature radius: 2500000
{'type': 'running', 'physical': {'user_x': 966.1873550169856, 'user_y': 602.0995434738655, 'user_direction': 1.5447129991889703}, 'virtual': {'user_x': 1906.7002303496156, 'user_y': 8720.144467758313, 'user_direction': 0.8779368426587946}, 'user_v': 0, 'user_w': 0.1, 'delta_t': 0.02, 'need_reset': False}
Tangent angle: 3.147326113359117, User angle: 1.5447129991889703, Offset angle: 0.57777270197634
Target angle: 2.5695534113827776, distance: 306.75329999387867, angle diff: 1.0248404121938073, rotation direction: 1
Basic rotation angle: 0.0, rotation gain: 0.002934031194354269
Rotation gain: 1.24, direction: 1, curvature radius: 2500000
{'type': 'running', 'physical': {'user_x': 966.1873550169856, 'user_y': 602.0995434738655, 'user_direction': 1.6253581604792928}, 'virtual': {'user_x': 1906.7002303496156, 'user_y': 8720.144467758313, 'user_direction': 0.7779368426587946}, 'user_v': 0, 'user_w': 0.1, 'delta_t': 0.02, 'need_reset': False}
Tangent angle: 3.147326113359117, User angle: 1.6253581604792928, Offset angle: 0.57777270197634
Target angle: 2.5695534113827776, distance: 306.75329999387867, angle diff: 0.9441952509034848, rotation direction: 1
Basic rotation angle: 0.0, rotation gain: 0.0025889225390010808
Rotation gain: 1.24, direction: 1, curvature radius: 2500000
{'type': 'running', 'physical': {'user_x': 966.1873550169856, 'user_y': 602.0995434738655, 'user_direction': 1.7060033217696153}, 'virtual': {'user_x': 1906.7002303496156, 'user_y': 8720.144467758313, 'user_direction': 0.6779368426587946}, 'user_v': 0, 'user_w': 0.1, 'delta_t': 0.02, 'need_reset': False}
Tangent angle: 3.147326113359117, User angle: 1.7060033217696153, Offset angle: 0.57777270197634
Target angle: 2.5695534113827776, distance: 306.75329999387867, angle diff: 0.8635500896131623, rotation direction: 1
Basic rotation angle: 0.0, rotation gain: 0.002286952465567041
Rotation gain: 1.24, direction: 1, curvature radius: 2500000
{'type': 'running', 'physical': {'user_x': 966.1873550169856, 'user_y': 602.0995434738655, 'user_direction': 1.7866484830599378}, 'virtual': {'user_x': 1906.7002303496156, 'user_y': 8720.144467758313, 'user_direction': 0.5779368426587946}, 'user_v': 0, 'user_w': 0.1, 'delta_t': 0.02, 'need_reset': False}
Tangent angle: 3.147326113359117, User angle: 1.7866484830599378, Offset angle: 0.57777270197634
Target angle: 2.5695534113827776, distance: 306.75329999387867, angle diff: 0.7829049283228398, rotation direction: 1
Basic rotation angle: 0.0, rotation gain: 0.0020227286513122564
Rotation gain: 1.24, direction: 1, curvature radius: 2500000
{'type': 'running', 'physical': {'user_x': 966.1873550169856, 'user_y': 602.0995434738655, 'user_direction': 1.8672936443502604}, 'virtual': {'user_x': 1906.7002303496156, 'user_y': 8720.144467758313, 'user_direction': 0.47793684265879466}, 'user_v': 0, 'user_w': 0.1, 'delta_t': 0.02, 'need_reset': False}
Tangent angle: 3.147326113359117, User angle: 1.8672936443502604, Offset angle: 0.57777270197634
Target angle: 2.5695534113827776, distance: 306.75329999387867, angle diff: 0.7022597670325172, rotation direction: 1
Basic rotation angle: 0.0, rotation gain: 0.0017915328138393197
Rotation gain: 1.24, direction: 1, curvature radius: 2500000
{'type': 'running', 'physical': {'user_x': 966.1873550169856, 'user_y': 602.0995434738655, 'user_direction': 1.9479388056405829}, 'virtual': {'user_x': 1906.7002303496156, 'user_y': 8720.144467758313, 'user_direction': 0.3159528591198642}, 'user_v': 7.999999999999999, 'user_w': 0, 'delta_t': 0.02, 'need_reset': False}
Tangent angle: 3.147326113359117, User angle: 1.9479388056405829, Offset angle: 0.57777270197634
Target angle: 2.5695534113827776, distance: 306.75329999387867, angle diff: 0.6216146057421947, rotation direction: 1
Basic rotation angle: 1.693121693121693, rotation gain: 0.002216948530342262
Rotation gain: 1.24, direction: 1, curvature radius: 7.5
{'type': 'running', 'physical': {'user_x': 966.1873550169856, 'user_y': 602.0995434738655, 'user_direction': 2.0285839669309054}, 'virtual': {'user_x': 1914.3042362366186, 'user_y': 8722.630246201863, 'user_direction': 0.3159528591198642}, 'user_v': 7.999999999999999, 'user_w': 0, 'delta_t': 0.02, 'need_reset': False}
Tangent angle: 3.147326113359117, User angle: 2.0285839669309054, Offset angle: 0.57777270197634
Target angle: 2.5695534113827776, distance: 306.75329999387867, angle diff: 0.5409694444518722, rotation direction: 1
Basic rotation angle: 1.693121693121693, rotation gain: 0.0025891872822823366
Rotation gain: 1.24, direction: 1, curvature radius: 7.5
{'type': 'running', 'physical': {'user_x': 963.2613292972605, 'user_y': 607.73432783108, 'user_direction': 2.0497479880949268}, 'virtual': {'user_x': 1921.9082421236217, 'user_y': 8725.116024645415, 'user_direction': 0.31595285911987314}, 'user_v': 7.999999999999999, 'user_w': 0, 'delta_t': 0.02, 'need_reset': False}
Tangent angle: 3.1628807974450983, User angle: 2.0497479880949268, Offset angle: 0.5828948549866325
Target angle: 2.5799859424584657, distance: 303.34569914507006, angle diff: 0.5302379543635389, rotation direction: 1
Basic rotation angle: 1.693121693121693, rotation gain: 0.0029153654665100164
Rotation gain: 1.24, direction: 1, curvature radius: 7.5
{'type': 'running', 'physical': {'user_x': 960.2167130667259, 'user_y': 613.3059284335611, 'user_direction': 2.070912009258948}, 'virtual': {'user_x': 1929.512248010625, 'user_y': 8727.601803088965, 'user_direction': 0.3159528591198619}, 'user_v': 7.999999999999999, 'user_w': 0, 'delta_t': 0.02, 'need_reset': False}
Tangent angle: 3.1785145427548103, User angle: 2.070912009258948, Offset angle: 0.5881741459371509
Target angle: 2.590340396817659, distance: 299.8885261294186, angle diff: 0.5194283875587109, rotation direction: 1
Basic rotation angle: 1.693121693121693, rotation gain: 0.003201215014598231
Rotation gain: 1.24, direction: 1, curvature radius: 7.5
{'type': 'running', 'physical': {'user_x': 957.0548700061692, 'user_y': 618.8118497665636, 'user_direction': 2.0920760304229695}, 'virtual': {'user_x': 1937.116253897628, 'user_y': 8730.087581532516, 'user_direction': 0.31595285911987364}, 'user_v': 7.999999999999999, 'user_w': 0, 'delta_t': 0.02, 'need_reset': False}
Tangent angle: 3.1942301446413044, User angle: 2.0920760304229695, Offset angle: 0.5936161541132741
Target angle: 2.6006139905280303, distance: 296.3816220462431, angle diff: 0.5085379601050608, rotation direction: 1
Basic rotation angle: 1.693121693121693, rotation gain: 0.0034517517400320732
Rotation gain: 1.24, direction: 1, curvature radius: 7.5
{'type': 'running', 'physical': {'user_x': 953.7772163021662, 'user_y': 624.2496257330262, 'user_direction': 2.113240051586991}, 'virtual': {'user_x': 1944.7202597846313, 'user_y': 8732.573359976066, 'user_direction': 0.31595285911985954}, 'user_v': 7.999999999999999, 'user_w': 0, 'delta_t': 0.02, 'need_reset': False}
Tangent angle: 3.2100305097935378, User angle: 2.113240051586991, Offset angle: 0.5992267615428017
Target angle: 2.610803748250735, distance: 292.82479936422993, angle diff: 0.497563696663744, rotation direction: 1
Basic rotation angle: 1.693121693121693, rotation gain: 0.0036713648667915117
Rotation gain: 1.24, direction: 1, curvature radius: 7.5
{'type': 'running', 'physical': {'user_x': 950.3852200127727, 'user_y': 629.6168207581342, 'user_direction': 2.1344040727510123}, 'virtual': {'user_x': 1952.3242656716343, 'user_y': 8735.059138419618, 'user_direction': 0.31595285911987436}, 'user_v': 7.999999999999999, 'user_w': 0, 'delta_t': 0.02, 'need_reset': False}
Tangent angle: 3.2259186618197417, User angle: 2.1344040727510123, Offset angle: 0.6050121741333494
Target angle: 2.6209064876863923, distance: 289.2178391372472, angle diff: 0.48650241493538005, rotation direction: 1
Basic rotation angle: 1.693121693121693, rotation gain: 0.003863895367797348
Rotation gain: 1.24, direction: 1, curvature radius: 7.5
{'type': 'running', 'physical': {'user_x': 946.8804004099826, 'user_y': 634.911030880211, 'user_direction': 2.1555680939150337}, 'virtual': {'user_x': 1959.9282715586376, 'user_y': 8737.544916863168, 'user_direction': 0.31595285911985554}, 'user_v': 7.999999999999999, 'user_w': 0, 'delta_t': 0.02, 'need_reset': False}
Tangent angle: 3.2418977471353174, User angle: 2.1555680939150337, Offset angle: 0.6109789447553815
Target angle: 2.630918802379936, distance: 285.5604879280551, angle diff: 0.47535070846490246, rotation direction: 1
Basic rotation angle: 1.693121693121693, rotation gain: 0.004032704512055989
Rotation gain: 1.24, direction: 1, curvature radius: 7.5
{'type': 'running', 'physical': {'user_x': 943.264327299247, 'user_y': 640.1298848274505, 'user_direction': 2.176732115079055}, 'virtual': {'user_x': 1967.5322774456406, 'user_y': 8740.03069530672, 'user_direction': 0.3159528591198758}, 'user_v': 7.999999999999999, 'user_w': 0, 'delta_t': 0.02, 'need_reset': False}
Tangent angle: 3.257971041172542, User angle: 2.176732115079055, Offset angle: 0.6171339984985534
Target angle: 2.640837042673988, distance: 281.85245440206666, angle diff: 0.46410492759493316, rotation direction: 1
Basic rotation angle: 1.693121693121693, rotation gain: 0.004180733844490315
Rotation gain: 1.24, direction: 1, curvature radius: 7.5
{'type': 'running', 'physical': {'user_x': 939.5386203163604, 'user_y': 645.2710450800074, 'user_direction': 2.1978961362430764}, 'virtual': {'user_x': 1975.1362833326439, 'user_y': 8742.51647375027, 'user_direction': 0.3159528591198475}, 'user_v': 7.999999999999999, 'user_w': 0, 'delta_t': 0.02, 'need_reset': False}
Tangent angle: 3.2741419549302053, User angle: 2.1978961362430764, Offset angle: 0.6234846603621996
Target angle: 2.6506572945680063, distance: 278.0934055474412, angle diff: 0.4527611583249298, rotation direction: 1
Basic rotation angle: 1.693121693121693, rotation gain: 0.004310557669452252
Rotation gain: 1.24, direction: 1, curvature radius: 7.5
{'type': 'running', 'physical': {'user_x': 935.7049482020266, 'user_y': 650.3322089169703, 'user_direction': 2.219060157407098}, 'virtual': {'user_x': 1982.740289219647, 'user_y': 8745.00225219382, 'user_direction': 0.31595285911987914}, 'user_v': 7.999999999999999, 'user_w': 0, 'delta_t': 0.02, 'need_reset': False}
Tangent angle: 3.2904140418821313, User angle: 2.219060157407098, Offset angle: 0.6300386856797865
Target angle: 2.660375356202344, distance: 274.28296247085217, angle diff: 0.4413151987952464, rotation direction: 1
Basic rotation angle: 1.693121693121693, rotation gain: 0.004424428975045596
Rotation gain: 1.24, direction: 1, curvature radius: 7.5
{'type': 'running', 'physical': {'user_x': 931.765028054432, 'user_y': 655.3111094477482, 'user_direction': 2.240224178571119}, 'virtual': {'user_x': 1990.3442951066502, 'user_y': 8747.48803063737, 'user_direction': 0.31595285911982146}, 'user_v': 7.999999999999999, 'user_w': 0, 'delta_t': 0.02, 'need_reset': False}
Tangent angle: 3.306791005264404, User angle: 2.240224178571119, Offset angle: 0.636804293623192
Target angle: 2.6699867116412115, distance: 270.4206957100341, angle diff: 0.42976253307009227, rotation direction: 1
Basic rotation angle: 1.693121693121693, rotation gain: 0.0045243196182546295
Rotation gain: 1.24, direction: 1, curvature radius: 7.5
{'type': 'running', 'physical': {'user_x': 927.7206245601586, 'user_y': 660.2055166274087, 'user_direction': 2.2613881997351406}, 'virtual': {'user_x': 1996.4858555940577, 'user_y': 8749.495730117911, 'user_direction': 0.31595285911982146}, 'user_v': 0, 'user_w': 0.1, 'delta_t': 0.02, 'need_reset': False}
Tangent angle: 3.323276705761907, User angle: 2.2613881997351406, Offset angle: 0.643790204187228
Target angle: 2.6794865015746794, distance: 266.50611999440775, angle diff: 0.4180983018395388, rotation direction: 1
Basic rotation angle: 0.0, rotation gain: 0.003980552193386491
Rotation gain: 1.24, direction: 1, curvature radius: 2500000
{'type': 'running', 'physical': {'user_x': 923.5735492037825, 'user_y': 665.0132382555128, 'user_direction': 2.282552220899162}, 'virtual': {'user_x': 1996.4858555940577, 'user_y': 8749.495730117911, 'user_direction': 0.21595285911982146}, 'user_v': 0, 'user_w': 0.1, 'delta_t': 0.02, 'need_reset': False}
Tangent angle: 3.3398751696156084, User angle: 2.282552220899162, Offset angle: 0.6510056791197901
Target angle: 2.6888694904958186, distance: 262.53868837335324, angle diff: 0.4063172695966566, rotation direction: 1
Basic rotation angle: 0.0, rotation gain: 0.0035047627100230835
Rotation gain: 1.24, direction: 1, curvature radius: 2500000
{'type': 'running', 'physical': {'user_x': 923.5735492037825, 'user_y': 665.0132382555128, 'user_direction': 2.3631973821894845}, 'virtual': {'user_x': 1996.4858555940577, 'user_y': 8749.495730117911, 'user_direction': 0.11595285911982145}, 'user_v': 0, 'user_w': 0.1, 'delta_t': 0.02, 'need_reset': False}
Tangent angle: 3.3398751696156084, User angle: 2.3631973821894845, Offset angle: 0.6510056791197901
Target angle: 2.6888694904958186, distance: 262.53868837335324, angle diff: 0.3256721083063341, rotation direction: 1
Basic rotation angle: 0.0, rotation gain: 0.0030884469120801023
Rotation gain: 1.24, direction: 1, curvature radius: 2500000
{'type': 'running', 'physical': {'user_x': 923.5735492037825, 'user_y': 665.0132382555128, 'user_direction': 2.443842543479807}, 'virtual': {'user_x': 1996.4858555940577, 'user_y': 8749.495730117911, 'user_direction': 0.015952859119821444}, 'user_v': 0, 'user_w': 0.1, 'delta_t': 0.02, 'need_reset': False}
Tangent angle: 3.3398751696156084, User angle: 2.443842543479807, Offset angle: 0.6510056791197901
Target angle: 2.6888694904958186, distance: 262.53868837335324, angle diff: 0.24502694701601158, rotation direction: 1
Basic rotation angle: 0.0, rotation gain: 0.002724170588879994
Rotation gain: 1.24, direction: 1, curvature radius: 2500000
{'type': 'running', 'physical': {'user_x': 923.5735492037825, 'user_y': 665.0132382555128, 'user_direction': 2.5244877047701295}, 'virtual': {'user_x': 1996.4858555940577, 'user_y': 8749.495730117911, 'user_direction': -0.08404714088017856}, 'user_v': 0, 'user_w': 0.1, 'delta_t': 0.02, 'need_reset': False}
Tangent angle: 3.3398751696156084, User angle: 2.5244877047701295, Offset angle: 0.6510056791197901
Target angle: 2.6888694904958186, distance: 262.53868837335324, angle diff: 0.16438178572568907, rotation direction: 1
Basic rotation angle: 0.0, rotation gain: 0.002405428806079899
Rotation gain: 1.24, direction: 1, curvature radius: 2500000
{'type': 'running', 'physical': {'user_x': 923.5735492037825, 'user_y': 665.0132382555128, 'user_direction': 2.605132866060452}, 'virtual': {'user_x': 1996.4858555940577, 'user_y': 8749.495730117911, 'user_direction': -0.2817308412365787}, 'user_v': 7.999999999999999, 'user_w': 0, 'delta_t': 0.02, 'need_reset': False}
Tangent angle: 3.3398751696156084, User angle: 2.605132866060452, Offset angle: 0.6510056791197901
Target angle: 2.6888694904958186, distance: 262.53868837335324, angle diff: 0.08373662443536656, rotation direction: 1
Basic rotation angle: 1.693121693121693, rotation gain: 0.0027581364296170325
Rotation gain: 1.24, direction: 1, curvature radius: 7.5
{'type': 'running', 'physical': {'user_x': 923.5735492037825, 'user_y': 665.0132382555128, 'user_direction': 2.6857780273507745}, 'virtual': {'user_x': 2004.1704609638741, 'user_y': 8747.271580772613, 'user_direction': -0.2817308412365787}, 'user_v': 7.999999999999999, 'user_w': 0, 'delta_t': 0.02, 'need_reset': False}
Tangent angle: 3.3398751696156084, User angle: 2.6857780273507745, Offset angle: 0.6510056791197901
Target angle: 2.6888694904958186, distance: 262.53868837335324, angle diff: 0.003091463145044049, rotation direction: 1
Basic rotation angle: 1.693121693121693, rotation gain: 0.003066755600212024
Rotation gain: 1.24, direction: 1, curvature radius: 7.5
{'type': 'running', 'physical': {'user_x': 917.814709676176, 'user_y': 667.6868479054204, 'user_direction': 2.7069420485147955}, 'virtual': {'user_x': 2011.8550663336905, 'user_y': 8745.047431427314, 'user_direction': -0.2817308412365754}, 'user_v': 7.999999999999999, 'user_w': 0, 'delta_t': 0.02, 'need_reset': False}
Tangent angle: 3.351433263051944, User angle: 2.7069420485147955, Offset angle: 0.6630117212643574
Target angle: 2.688421541787587, distance: 256.10095483212, angle diff: 0.018520506727208286, rotation direction: -1
Basic rotation angle: 1.693121693121693, rotation gain: 0.0033367877434661987
Rotation gain: 1.24, direction: -1, curvature radius: 7.5
{'type': 'running', 'physical': {'user_x': 912.1137399451529, 'user_y': 670.4817299048547, 'user_direction': 2.685778027350774}, 'virtual': {'user_x': 2019.5396717035069, 'user_y': 8742.823282082016, 'user_direction': -0.28173084123657177}, 'user_v': 7.999999999999999, 'user_w': 0, 'delta_t': 0.02, 'need_reset': False}
Tangent angle: 3.3636880719484594, User angle: 2.685778027350774, Offset angle: 0.675199328445262
Target angle: 2.6884887435031963, distance: 249.76521157465353, angle diff: 0.0027107161524222434, rotation direction: 1
Basic rotation angle: 1.693121693121693, rotation gain: 0.0035730673163132027
Rotation gain: 1.24, direction: 1, curvature radius: 7.5
{'type': 'running', 'physical': {'user_x': 906.3549004175464, 'user_y': 673.1553395547623, 'user_direction': 2.7069420485147955}, 'virtual': {'user_x': 2027.2242770733233, 'user_y': 8740.599132736717, 'user_direction': -0.2817308412365678}, 'user_v': 7.999999999999999, 'user_w': 0, 'delta_t': 0.02, 'need_reset': False}
Tangent angle: 3.375995854515425, User angle: 2.7069420485147955, Offset angle: 0.6879885084319658
Target angle: 2.6880073460834595, distance: 243.32083493859992, angle diff: 0.018934702431335992, rotation direction: -1
Basic rotation angle: 1.693121693121693, rotation gain: 0.003779801552825128
Rotation gain: 1.24, direction: -1, curvature radius: 7.5
{'type': 'running', 'physical': {'user_x': 900.6539306865234, 'user_y': 675.9502215541966, 'user_direction': 2.685778027350774}, 'virtual': {'user_x': 2034.9088824431396, 'user_y': 8738.374983391419, 'user_direction': -0.28173084123656333}, 'user_v': 7.999999999999999, 'user_w': 0, 'delta_t': 0.02, 'need_reset': False}
Tangent angle: 3.3890326283052223, User angle: 2.685778027350774, Offset angle: 0.7009655534040151
Target angle: 2.688067074901207, distance: 236.9835905529924, angle diff: 0.002289047550433132, rotation direction: 1
Basic rotation angle: 1.693121693121693, rotation gain: 0.003960695301469811
Rotation gain: 1.24, direction: 1, curvature radius: 7.5
{'type': 'running', 'physical': {'user_x': 894.8950911589169, 'user_y': 678.6238312041042, 'user_direction': 2.7069420485147955}, 'virtual': {'user_x': 2042.593487812956, 'user_y': 8736.15083404612, 'user_direction': -0.28173084123655845}, 'user_v': 7.999999999999999, 'user_w': 0, 'delta_t': 0.02, 'need_reset': False}
Tangent angle: 3.4021480001159548, User angle: 2.7069420485147955, Offset angle: 0.7146006239453572
Target angle: 2.6875473761705972, distance: 230.53160655935528, angle diff: 0.019394672344198227, rotation direction: -1
Basic rotation angle: 1.693121693121693, rotation gain: 0.004118966067808724
Rotation gain: 1.24, direction: -1, curvature radius: 7.5
{'type': 'running', 'physical': {'user_x': 889.1941214278938, 'user_y': 681.4187132035385, 'user_direction': 2.685778027350774}, 'virtual': {'user_x': 2050.2780931827724, 'user_y': 8733.926684700822, 'user_direction': -0.28173084123655295}, 'user_v': 7.999999999999999, 'user_w': 0, 'delta_t': 0.02, 'need_reset': False}
Tangent angle: 3.416025623366645, User angle: 2.685778027350774, Offset angle: 0.7284281375385379
Target angle: 2.687597485828107, distance: 224.19243236151266, angle diff: 0.0018194584773327804, rotation direction: 1
Basic rotation angle: 1.693121693121693, rotation gain: 0.004257454076842535
Rotation gain: 1.24, direction: 1, curvature radius: 7.5
{'type': 'running', 'physical': {'user_x': 883.4352819002874, 'user_y': 684.0923228534461, 'user_direction': 2.7069420485147955}, 'virtual': {'user_x': 2057.962698552589, 'user_y': 8731.702535355524, 'user_direction': -0.2817308412365468}, 'user_v': 7.999999999999999, 'user_w': 0, 'delta_t': 0.02, 'need_reset': False}
Tangent angle: 3.4300096963276094, User angle: 2.7069420485147955, Offset angle: 0.7429761301584177
Target angle: 2.687033566169191, distance: 217.73166464431299, angle diff: 0.019908482345604384, rotation direction: -1
Basic rotation angle: 1.693121693121693, rotation gain: 0.004378618805275758
Rotation gain: 1.24, direction: -1, curvature radius: 7.5
{'type': 'running', 'physical': {'user_x': 877.7343121692643, 'user_y': 686.8872048528804, 'user_direction': 2.685778027350774}, 'virtual': {'user_x': 2065.647303922405, 'user_y': 8729.478386010225, 'user_direction': -0.2817308412365398}, 'user_v': 7.999999999999999, 'user_w': 0, 'delta_t': 0.02, 'need_reset': False}
Tangent angle: 3.4447898751748793, User angle: 2.685778027350774, Offset angle: 0.757718597595763
Target angle: 2.6870712775791166, distance: 211.3900057317771, angle diff: 0.0012932502283424796, rotation direction: 1
Basic rotation angle: 1.693121693121693, rotation gain: 0.004484638765879982
Rotation gain: 1.24, direction: 1, curvature radius: 7.5
{'type': 'running', 'physical': {'user_x': 871.9754726416578, 'user_y': 689.560814502788, 'user_direction': 2.7069420485147955}, 'virtual': {'user_x': 2073.3319092922216, 'user_y': 8727.254236664929, 'user_direction': -0.28173084123653186}, 'user_v': 7.999999999999999, 'user_w': 0, 'delta_t': 0.02, 'need_reset': False}
Tangent angle: 3.4597064757414318, User angle: 2.7069420485147955, Offset angle: 0.7732506484215291
Target angle: 2.6864558273199037, distance: 204.91900159100905, angle diff: 0.02048622119489174, rotation direction: -1
Basic rotation angle: 1.693121693121693, rotation gain: 0.004577392759621146
Rotation gain: 1.24, direction: -1, curvature radius: 7.5
{'type': 'running', 'physical': {'user_x': 866.2745029106347, 'user_y': 692.3556965022223, 'user_direction': 2.685778027350774}, 'virtual': {'user_x': 2081.016514662038, 'user_y': 8725.03008731963, 'user_direction': -0.28173084123653935}, 'user_v': 7.999999999999999, 'user_w': 0, 'delta_t': 0.02, 'need_reset': False}
Tangent angle: 3.4754530720341736, User angle: 2.685778027350774, Offset angle: 0.7889755725131592
Target angle: 2.6864774995210148, distance: 198.57413118711162, angle diff: 0.0006994721702406892, rotation direction: 1
Basic rotation angle: 1.693121693121693, rotation gain: 0.004658552979864493
Rotation gain: 1.24, direction: 1, curvature radius: 7.5
{'type': 'running', 'physical': {'user_x': 860.5156633830283, 'user_y': 695.02930615213, 'user_direction': 2.7069420485147955}, 'virtual': {'user_x': 2088.7011200318543, 'user_y': 8722.805937974334, 'user_direction': -0.28173084123653}, 'user_v': 7.999999999999999, 'user_w': 0, 'delta_t': 0.02, 'need_reset': False}
Tangent angle: 3.4913679468922685, User angle: 2.7069420485147955, Offset angle: 0.8055665791065266
Target angle: 2.685801367785743, distance: 192.09107187908177, angle diff: 0.02114068072905262, rotation direction: -1
Basic rotation angle: 1.693121693121693, rotation gain: 0.004729553285281091
Rotation gain: 1.24, direction: -1, curvature radius: 7.5
{'type': 'running', 'physical': {'user_x': 854.8146936520052, 'user_y': 697.8241881515642, 'user_direction': 2.685778027350774}, 'virtual': {'user_x': 2096.3857254016707, 'user_y': 8720.581788629035, 'user_direction': -0.2817308412365387}, 'user_v': 7.999999999999999, 'user_w': 0, 'delta_t': 0.02, 'need_reset': False}
Tangent angle: 3.508145971700132, User angle: 2.685778027350774, Offset angle: 0.8223438060696298
Target angle: 2.685802165630502, distance: 185.74202510061605, angle diff: 2.413827972791438e-05, rotation direction: 1
Basic rotation angle: 1.693121693121693, rotation gain: 0.00479167857014352
Rotation gain: 1.24, direction: 1, curvature radius: 7.5
{'type': 'running', 'physical': {'user_x': 849.0558541243987, 'user_y': 700.4977978014718, 'user_direction': 2.7069420485147955}, 'virtual': {'user_x': 2104.070330771487, 'user_y': 8718.357639283739, 'user_direction': -0.2817308412365275}, 'user_v': 7.999999999999999, 'user_w': 0, 'delta_t': 0.02, 'need_reset': False}
Tangent angle: 3.5251256112610836, User angle: 2.7069420485147955, Offset angle: 0.8400718948350298
Target angle: 2.6850537164260544, distance: 179.24459778910852, angle diff: 0.02188833208874108, rotation direction: -1
Basic rotation angle: 1.693121693121693, rotation gain: 0.004846021604712786
Rotation gain: 1.24, direction: -1, curvature radius: 7.5
{'type': 'running', 'physical': {'user_x': 843.3548843933756, 'user_y': 703.2926798009061, 'user_direction': 2.685778027350774}, 'virtual': {'user_x': 2111.7549361413035, 'user_y': 8716.133489938442, 'user_direction': -0.28173084123653785}, 'user_v': 7.999999999999999, 'user_w': 0, 'delta_t': 0.02, 'need_reset': False}
Tangent angle: 3.5429997881459685, User angle: 2.685778027350774, Offset angle: 0.8579726708662982
Target angle: 2.6850271172796703, distance: 172.89007333726744, angle diff: 0.0007509100711038386, rotation direction: -1
Basic rotation angle: 1.693121693121693, rotation gain: 0.004893571168249106
Rotation gain: 1.24, direction: -1, curvature radius: 7.5
{'type': 'running', 'physical': {'user_x': 837.7143379179939, 'user_y': 706.2075823248099, 'user_direction': 2.6646140061867527}, 'virtual': {'user_x': 2119.43954151112, 'user_y': 8713.909340593143, 'user_direction': -0.2817308412365508}, 'user_v': 7.999999999999999, 'user_w': 0, 'delta_t': 0.02, 'need_reset': False}
Tangent angle: 3.561771107985973, User angle: 2.6646140061867527, Offset angle: 0.8759661846174025
Target angle: 2.68580492336857, distance: 166.69780141043097, angle diff: 0.021190917181817426, rotation direction: 1
Basic rotation angle: 1.693121693121693, rotation gain: 0.004935194278652817
Rotation gain: 1.24, direction: 1, curvature radius: 7.5
{'type': 'running', 'physical': {'user_x': 832.0133681869709, 'user_y': 709.0024643242441, 'user_direction': 2.685778027350774}, 'virtual': {'user_x': 2127.124146880936, 'user_y': 8711.685191247847, 'user_direction': -0.28173084123653647}, 'user_v': 7.999999999999999, 'user_w': 0, 'delta_t': 0.02, 'need_reset': False}
Tangent angle: 3.580798838067462, User angle: 2.685778027350774, Offset angle: 0.8949928497176018
Target angle: 2.685805988349859, distance: 160.3488080598699, angle diff: 2.7960999084974958e-05, rotation direction: 1
Basic rotation angle: 1.693121693121693, rotation gain: 0.004971614523778706
Rotation gain: 1.24, direction: 1, curvature radius: 7.5
{'type': 'running', 'physical': {'user_x': 826.2545286593644, 'user_y': 711.6760739741518, 'user_direction': 2.7069420485147955}, 'virtual': {'user_x': 2134.8087522507526, 'user_y': 8709.461041902548, 'user_direction': -0.2817308412365534}, 'user_v': 7.999999999999999, 'user_w': 0, 'delta_t': 0.02, 'need_reset': False}
Tangent angle: 3.600095931506653, User angle: 2.7069420485147955, Offset angle: 0.9151617762870519
Target angle: 2.684934155219601, distance: 153.82671171533036, angle diff: 0.02200789329519459, rotation direction: -1
Basic rotation angle: 1.693121693121693, rotation gain: 0.005003462903293863
Rotation gain: 1.24, direction: -1, curvature radius: 7.5
{'type': 'running', 'physical': {'user_x': 820.5535589283413, 'user_y': 714.470955973586, 'user_direction': 2.685778027350774}, 'virtual': {'user_x': 2142.493357620569, 'user_y': 8707.236892557252, 'user_direction': -0.28173084123653397}, 'user_v': 7.999999999999999, 'user_w': 0, 'delta_t': 0.02, 'need_reset': False}
Tangent angle: 3.6203375389076857, User angle: 2.685778027350774, Offset angle: 0.9354397149886157
Target angle: 2.6848978239190693, distance: 147.47024146404584, angle diff: 0.0008802034317048069, rotation direction: -1
Basic rotation angle: 1.693121693121693, rotation gain: 0.0050313294262265785
Rotation gain: 1.24, direction: -1, curvature radius: 7.5
{'type': 'running', 'physical': {'user_x': 814.9130124529596, 'user_y': 717.3858584974898, 'user_direction': 2.6646140061867527}, 'virtual': {'user_x': 2150.1779629903854, 'user_y': 8705.012743211953, 'user_direction': -0.28173084123655867}, 'user_v': 7.999999999999999, 'user_w': 0, 'delta_t': 0.02, 'need_reset': False}
Tangent angle: 3.6415150474677995, User angle: 2.6646140061867527, Offset angle: 0.955705290580607
Target angle: 2.685809756887192, distance: 141.3047865318039, angle diff: 0.02119575070043922, rotation direction: 1
Basic rotation angle: 1.693121693121693, rotation gain: 0.005055732861140964
Rotation gain: 1.24, direction: 1, curvature radius: 7.5
{'type': 'running', 'physical': {'user_x': 809.2120427219365, 'user_y': 720.180740496924, 'user_direction': 2.685778027350774}, 'virtual': {'user_x': 2157.8625683602017, 'user_y': 8702.788593866657, 'user_direction': -0.28173084123652825}, 'user_v': 7.999999999999999, 'user_w': 0, 'delta_t': 0.02, 'need_reset': False}
Tangent angle: 3.6630094795941925, User angle: 2.685778027350774, Offset angle: 0.977198229940632
Target angle: 2.685811249653561, distance: 134.95587873921755, angle diff: 3.32223027870171e-05, rotation direction: 1
Basic rotation angle: 1.693121693121693, rotation gain: 0.005077085899660785
Rotation gain: 1.24, direction: 1, curvature radius: 7.5
{'type': 'running', 'physical': {'user_x': 803.4532031943301, 'user_y': 722.8543501468317, 'user_direction': 2.7069420485147955}, 'virtual': {'user_x': 2165.547173730018, 'user_y': 8700.564444521358, 'user_direction': -0.28173084123657405}, 'user_v': 7.999999999999999, 'user_w': 0, 'delta_t': 0.02, 'need_reset': False}
Tangent angle: 3.6848351071768746, User angle: 2.7069420485147955, Offset angle: 1.0000678257267548
Target angle: 2.684767281450121, distance: 128.3993661979439, angle diff: 0.022174767064674583, rotation direction: -1
Basic rotation angle: 1.693121693121693, rotation gain: 0.005095746638453752
Rotation gain: 1.24, direction: -1, curvature radius: 7.5
{'type': 'running', 'physical': {'user_x': 803.4532031943301, 'user_y': 722.8543501468317, 'user_direction': 2.7069420485147955}, 'virtual': {'user_x': 2173.2317790998345, 'user_y': 8698.340295176062, 'user_direction': -0.281730841236501}, 'user_v': 7.999999999999999, 'user_w': 0, 'delta_t': 0.02, 'need_reset': True}
{'type': 'running', 'physical': {'user_x': 803.4532031943301, 'user_y': 722.8543501468317, 'user_direction': 5.848534702104589}, 'virtual': {'user_x': 2173.737590657487, 'user_y': 8698.193898530995, 'user_direction': -0.281730841236501}, 'user_v': 0, 'user_w': 0.1, 'delta_t': 0.02, 'need_reset': False}
Tangent angle: 3.6848351071768746, User angle: 5.848534702104589, Offset angle: 1.0000678257267548
Target angle: 4.684902932903629, distance: 128.3993661979439, angle diff: 1.1636317692009595, rotation direction: -1
Basic rotation angle: 0.0, rotation gain: 0.004469358825126906
Rotation gain: 1.24, direction: -1, curvature radius: 2500000
{'type': 'running', 'physical': {'user_x': 809.1541729253531, 'user_y': 720.0594681473975, 'user_direction': 5.827370680940567}, 'virtual': {'user_x': 2173.737590657487, 'user_y': 8698.193898530995, 'user_direction': -0.181730841236501}, 'user_v': 0, 'user_w': 0.1, 'delta_t': 0.02, 'need_reset': False}
Tangent angle: 3.6626929658047063, User angle: 5.827370680940567, Offset angle: 0.9778780607959463
Target angle: 4.640571026600653, distance: 134.7580941684932, angle diff: 1.1867996543399144, rotation direction: -1
Basic rotation angle: 0.0, rotation gain: 0.003921741922866924
Rotation gain: 1.24, direction: -1, curvature radius: 2500000
{'type': 'running', 'physical': {'user_x': 809.1541729253531, 'user_y': 720.0594681473975, 'user_direction': 5.90801584223089}, 'virtual': {'user_x': 2173.737590657487, 'user_y': 8698.193898530995, 'user_direction': -0.08173084123650098}, 'user_v': 0, 'user_w': 0.1, 'delta_t': 0.02, 'need_reset': False}
Tangent angle: 3.6626929658047063, User angle: 5.90801584223089, Offset angle: 0.9778780607959463
Target angle: 4.640571026600653, distance: 134.7580941684932, angle diff: 1.2674448156302374, rotation direction: -1
Basic rotation angle: 0.0, rotation gain: 0.003442577133389439
Rotation gain: 1.24, direction: -1, curvature radius: 2500000
{'type': 'running', 'physical': {'user_x': 809.1541729253531, 'user_y': 720.0594681473975, 'user_direction': 5.988661003521213}, 'virtual': {'user_x': 2173.737590657487, 'user_y': 8698.193898530995, 'user_direction': 0.01826915876349902}, 'user_v': 0, 'user_w': 0.1, 'delta_t': 0.02, 'need_reset': False}
Tangent angle: 3.6626929658047063, User angle: 5.988661003521213, Offset angle: 0.9778780607959463
Target angle: 4.640571026600653, distance: 134.7580941684932, angle diff: 1.3480899769205603, rotation direction: -1
Basic rotation angle: 0.0, rotation gain: 0.0030233079425966394
Rotation gain: 1.24, direction: -1, curvature radius: 2500000
{'type': 'running', 'physical': {'user_x': 809.1541729253531, 'user_y': 720.0594681473975, 'user_direction': 6.069306164811536}, 'virtual': {'user_x': 2173.737590657487, 'user_y': 8698.193898530995, 'user_direction': 0.11826915876349903}, 'user_v': 0, 'user_w': 0.1, 'delta_t': 0.02, 'need_reset': False}
Tangent angle: 3.6626929658047063, User angle: 6.069306164811536, Offset angle: 0.9778780607959463
Target angle: 4.640571026600653, distance: 134.7580941684932, angle diff: 1.4287351382108833, rotation direction: -1
Basic rotation angle: 0.0, rotation gain: 0.0026564474006529402
Rotation gain: 1.24, direction: -1, curvature radius: 2500000
{'type': 'running', 'physical': {'user_x': 809.1541729253531, 'user_y': 720.0594681473975, 'user_direction': 6.149951326101859}, 'virtual': {'user_x': 2173.737590657487, 'user_y': 8698.193898530995, 'user_direction': 0.21826915876349903}, 'user_v': 0, 'user_w': 0.1, 'delta_t': 0.02, 'need_reset': False}
Tangent angle: 3.6626929658047063, User angle: 6.149951326101859, Offset angle: 0.9778780607959463
Target angle: 4.640571026600653, distance: 134.7580941684932, angle diff: 1.5093802995012062, rotation direction: -1
Basic rotation angle: 0.0, rotation gain: 0.0023354444264522033
Rotation gain: 1.24, direction: -1, curvature radius: 2500000
{'type': 'running', 'physical': {'user_x': 809.1541729253531, 'user_y': 720.0594681473975, 'user_direction': 6.230596487392182}, 'virtual': {'user_x': 2173.737590657487, 'user_y': 8698.193898530995, 'user_direction': 0.31826915876349904}, 'user_v': 0, 'user_w': 0.1, 'delta_t': 0.02, 'need_reset': False}
Tangent angle: 3.6626929658047063, User angle: 6.230596487392182, Offset angle: 0.9778780607959463
Target angle: 4.640571026600653, distance: 134.7580941684932, angle diff: 1.5900254607915292, rotation direction: -1
Basic rotation angle: 0.0, rotation gain: 0.0020545668240265587
Rotation gain: 1.24, direction: -1, curvature radius: 2500000
{'type': 'running', 'physical': {'user_x': 809.1541729253531, 'user_y': 720.0594681473975, 'user_direction': 0.02805634150291869}, 'virtual': {'user_x': 2173.737590657487, 'user_y': 8698.193898530995, 'user_direction': 0.418269158763499}, 'user_v': 0, 'user_w': 0.1, 'delta_t': 0.02, 'need_reset': False}
Tangent angle: 3.6626929658047063, User angle: 0.02805634150291869, Offset angle: 0.9778780607959463
Target angle: 4.640571026600653, distance: 134.7580941684932, angle diff: 1.6706706220818521, rotation direction: -1
Basic rotation angle: 0.0, rotation gain: 0.0018087989219041194
Rotation gain: 1.24, direction: -1, curvature radius: 2500000
{'type': 'running', 'physical': {'user_x': 809.1541729253531, 'user_y': 720.0594681473975, 'user_direction': 0.10870150279324128}, 'virtual': {'user_x': 2173.737590657487, 'user_y': 8698.193898530995, 'user_direction': 0.518269158763499}, 'user_v': 0, 'user_w': 0.1, 'delta_t': 0.02, 'need_reset': False}
Tangent angle: 3.6626929658047063, User angle: 0.10870150279324128, Offset angle: 0.9778780607959463
Target angle: 4.640571026600653, distance: 134.7580941684932, angle diff: 1.751315783372175, rotation direction: -1
Basic rotation angle: 0.0, rotation gain: 0.001593752007546985
Rotation gain: 1.24, direction: -1, curvature radius: 2500000
{'type': 'running', 'physical': {'user_x': 809.1541729253531, 'user_y': 720.0594681473975, 'user_direction': 0.18934666408356388}, 'virtual': {'user_x': 2173.737590657487, 'user_y': 8698.193898530995, 'user_direction': 0.618269158763499}, 'user_v': 0, 'user_w': 0.1, 'delta_t': 0.02, 'need_reset': False}
Tangent angle: 3.6626929658047063, User angle: 0.18934666408356388, Offset angle: 0.9778780607959463
Target angle: 4.640571026600653, distance: 134.7580941684932, angle diff: 1.8319609446624971, rotation direction: -1
Basic rotation angle: 0.0, rotation gain: 0.0014055859574844927
Rotation gain: 1.24, direction: -1, curvature radius: 2500000
{'type': 'running', 'physical': {'user_x': 809.1541729253531, 'user_y': 720.0594681473975, 'user_direction': 0.26999182537388644}, 'virtual': {'user_x': 2173.737590657487, 'user_y': 8698.193898530995, 'user_direction': 0.718269158763499}, 'user_v': 0, 'user_w': 0.1, 'delta_t': 0.02, 'need_reset': False}
Tangent angle: 3.6626929658047063, User angle: 0.26999182537388644, Offset angle: 0.9778780607959463
Target angle: 4.640571026600653, distance: 134.7580941684932, angle diff: 1.91260610595282, rotation direction: -1
Basic rotation angle: 0.0, rotation gain: 0.001240940663679812
Rotation gain: 1.24, direction: -1, curvature radius: 2500000
{'type': 'running', 'physical': {'user_x': 809.1541729253531, 'user_y': 720.0594681473975, 'user_direction': 0.35063698666420906}, 'virtual': {'user_x': 2173.737590657487, 'user_y': 8698.193898530995, 'user_direction': 0.8182691587634989}, 'user_v': 0, 'user_w': 0.1, 'delta_t': 0.02, 'need_reset': False}
Tangent angle: 3.6626929658047063, User angle: 0.35063698666420906, Offset angle: 0.9778780607959463
Target angle: 4.640571026600653, distance: 134.7580941684932, angle diff: 1.9932512672431422, rotation direction: -1
Basic rotation angle: 0.0, rotation gain: 0.001096876031600716
Rotation gain: 1.24, direction: -1, curvature radius: 2500000
{'type': 'running', 'physical': {'user_x': 809.1541729253531, 'user_y': 720.0594681473975, 'user_direction': 0.4312821479545317}, 'virtual': {'user_x': 2173.737590657487, 'user_y': 8698.193898530995, 'user_direction': 0.9182691587634989}, 'user_v': 0, 'user_w': 0.1, 'delta_t': 0.02, 'need_reset': False}
Tangent angle: 3.6626929658047063, User angle: 0.4312821479545317, Offset angle: 0.9778780607959463
Target angle: 4.640571026600653, distance: 134.7580941684932, angle diff: 2.073896428533465, rotation direction: -1
Basic rotation angle: 0.0, rotation gain: 0.0009708194785315073
Rotation gain: 1.24, direction: -1, curvature radius: 2500000
{'type': 'running', 'physical': {'user_x': 809.1541729253531, 'user_y': 720.0594681473975, 'user_direction': 0.5119273092448543}, 'virtual': {'user_x': 2173.737590657487, 'user_y': 8698.193898530995, 'user_direction': 1.0182691587634989}, 'user_v': 0, 'user_w': 0.1, 'delta_t': 0.02, 'need_reset': False}
Tangent angle: 3.6626929658047063, User angle: 0.5119273092448543, Offset angle: 0.9778780607959463
Target angle: 4.640571026600653, distance: 134.7580941684932, angle diff: 2.154541589823788, rotation direction: -1
Basic rotation angle: 0.0, rotation gain: 0.0008605199945959497
Rotation gain: 1.24, direction: -1, curvature radius: 2500000
{'type': 'running', 'physical': {'user_x': 809.1541729253531, 'user_y': 720.0594681473975, 'user_direction': 0.5925724705351769}, 'virtual': {'user_x': 2173.737590657487, 'user_y': 8698.193898530995, 'user_direction': 1.134317733921204}, 'user_v': 7.999999999999999, 'user_w': 0, 'delta_t': 0.02, 'need_reset': False}
Tangent angle: 3.6626929658047063, User angle: 0.5925724705351769, Offset angle: 0.9778780607959463
Target angle: 2.6848149050087606, distance: 134.7580941684932, angle diff: 2.092242434473584, rotation direction: 1
Basic rotation angle: 1.693121693121693, rotation gain: 0.0014062525333871346
Rotation gain: 1.24, direction: 1, curvature radius: 7.5
{'type': 'running', 'physical': {'user_x': 809.1541729253531, 'user_y': 720.0594681473975, 'user_direction': 0.6732176318254995}, 'virtual': {'user_x': 2177.1195973119557, 'user_y': 8705.443866185346, 'user_direction': 1.134317733921204}, 'user_v': 7.999999999999999, 'user_w': 0, 'delta_t': 0.02, 'need_reset': False}
Tangent angle: 3.6626929658047063, User angle: 0.6732176318254995, Offset angle: 0.9778780607959463
Target angle: 2.6848149050087606, distance: 134.7580941684932, angle diff: 2.011597273183261, rotation direction: 1
Basic rotation angle: 1.693121693121693, rotation gain: 0.0018837685048294212
Rotation gain: 1.24, direction: 1, curvature radius: 7.5
{'type': 'running', 'physical': {'user_x': 814.0332175942743, 'user_y': 724.1223912802507, 'user_direction': 0.6943816529895207}, 'virtual': {'user_x': 2180.501603966424, 'user_y': 8712.693833839696, 'user_direction': 1.134317733921205}, 'user_v': 7.999999999999999, 'user_w': 0, 'delta_t': 0.02, 'need_reset': False}
Tangent angle: 3.667117448902299, User angle: 0.6943816529895207, Offset angle: 0.9413312731441176
Target angle: 2.7257861757581807, distance: 145.6591440689037, angle diff: 2.03140452276866, rotation direction: 1
Basic rotation angle: 1.693121693121693, rotation gain: 0.002302334749497483
Rotation gain: 1.24, direction: 1, curvature radius: 7.5
{'type': 'running', 'physical': {'user_x': 818.8251882313031, 'user_y': 728.2876570195111, 'user_direction': 0.7155456741535419}, 'virtual': {'user_x': 2183.883610620893, 'user_y': 8719.943801494046, 'user_direction': 1.1343177339212058}, 'user_v': 7.999999999999999, 'user_w': 0, 'delta_t': 0.02, 'need_reset': False}
Tangent angle: 3.671845234181108, User angle: 0.7155456741535419, Offset angle: 0.9083084048105865
Target angle: 2.7635368293705227, distance: 156.0198254967007, angle diff: 2.0479911552169807, rotation direction: 1
Basic rotation angle: 1.693121693121693, rotation gain: 0.002668954357184258
Rotation gain: 1.24, direction: 1, curvature radius: 7.5
{'type': 'running', 'physical': {'user_x': 823.5279385172329, 'user_y': 732.5533997465154, 'user_direction': 0.736709695317563}, 'virtual': {'user_x': 2187.2656172753614, 'user_y': 8727.193769148396, 'user_direction': 1.134317733921207}, 'user_v': 7.999999999999999, 'user_w': 0, 'delta_t': 0.02, 'need_reset': False}
Tangent angle: 3.676853605691538, User angle: 0.736709695317563, Offset angle: 0.8782145404113576
Target angle: 2.798639065280181, distance: 165.93716606632574, angle diff: 2.061929369962618, rotation direction: 1
Basic rotation angle: 1.693121693121693, rotation gain: 0.0029898296636712675
Rotation gain: 1.24, direction: 1, curvature radius: 7.5
{'type': 'running', 'physical': {'user_x': 828.13936209457, 'user_y': 736.9177088390502, 'user_direction': 0.7578737164815842}, 'virtual': {'user_x': 2190.64762392983, 'user_y': 8734.443736802747, 'user_direction': 1.134317733921208}, 'user_v': 7.999999999999999, 'user_w': 0, 'delta_t': 0.02, 'need_reset': False}
Tangent angle: 3.68212202392888, User angle: 0.7578737164815842, Offset angle: 0.8506022341679681
Target angle: 2.831519789760911, distance: 175.4822712716365, angle diff: 2.0736460732793267, rotation direction: 1
Basic rotation angle: 1.693121693121693, rotation gain: 0.00327044199818734
Rotation gain: 1.24, direction: 1, curvature radius: 7.5
{'type': 'running', 'physical': {'user_x': 832.6573935109686, 'user_y': 741.3786295271185, 'user_direction': 0.7790377376456054}, 'virtual': {'user_x': 2194.0296305842985, 'user_y': 8741.693704457097, 'user_direction': 1.1343177339212094}, 'user_v': 7.999999999999999, 'user_w': 0, 'delta_t': 0.02, 'need_reset': False}
Tangent angle: 3.6876318746274097, User angle: 0.7790377376456054, Offset angle: 0.8251244337840461
Target angle: 2.8625074408433626, distance: 184.70890515154895, angle diff: 2.0834697031977574, rotation direction: 1
Basic rotation angle: 1.693121693121693, rotation gain: 0.00351562819988144
Rotation gain: 1.24, direction: 1, curvature radius: 7.5
{'type': 'running', 'physical': {'user_x': 837.0800091443457, 'user_y': 745.9341637684794, 'user_direction': 0.8002017588096265}, 'virtual': {'user_x': 2197.411637238767, 'user_y': 8748.943672111447, 'user_direction': 1.134317733921211}, 'user_v': 7.999999999999999, 'user_w': 0, 'delta_t': 0.02, 'need_reset': False}
Tangent angle: 3.693366251070739, User angle: 0.8002017588096265, Offset angle: 0.8015052690389198
Target angle: 2.891860982031819, distance: 193.65874855190094, angle diff: 2.091659223222192, rotation direction: 1
Basic rotation angle: 1.693121693121693, rotation gain: 0.0037296517155663133
Rotation gain: 1.24, direction: 1, curvature radius: 7.5
{'type': 'running', 'physical': {'user_x': 841.4052281092585, 'user_y': 750.5822711435688, 'user_direction': 0.8213657799736477}, 'virtual': {'user_x': 2200.7936438932356, 'user_y': 8756.193639765797, 'user_direction': 1.1343177339212127}, 'user_v': 7.999999999999999, 'user_w': 0, 'delta_t': 0.02, 'need_reset': False}
Tangent angle: 3.6993097648920417, User angle: 0.8213657799736477, Offset angle: 0.7795210246250186
Target angle: 2.9197887402670233, distance: 202.3647808815516, angle diff: 2.0984229602933757, rotation direction: 1
Basic rotation angle: 1.693121693121693, rotation gain: 0.003916267484144866
Rotation gain: 1.24, direction: 1, curvature radius: 7.5
{'type': 'running', 'physical': {'user_x': 845.6311131441419, 'user_y': 755.3208697694023, 'user_direction': 0.8425298011376688}, 'virtual': {'user_x': 2204.175650547704, 'user_y': 8763.443607420148, 'user_direction': 1.1343177339212147}, 'user_v': 7.999999999999999, 'user_w': 0, 'delta_t': 0.02, 'need_reset': False}
Tangent angle: 3.7054483811674483, User angle: 0.8425298011376688, Offset angle: 0.758987246723367
Target angle: 2.946461134444082, distance: 210.85354237089268, angle diff: 2.103931333306413, rotation direction: 1
Basic rotation angle: 1.693121693121693, rotation gain: 0.004078780502057814
Rotation gain: 1.24, direction: 1, curvature radius: 7.5
{'type': 'running', 'physical': {'user_x': 849.7557714790061, 'user_y': 760.1478372320477, 'user_direction': 0.86369382230169}, 'virtual': {'user_x': 2207.557657202173, 'user_y': 8770.693575074498, 'user_direction': 1.1343177339212172}, 'user_v': 7.999999999999999, 'user_w': 0, 'delta_t': 0.02, 'need_reset': False}
Tangent angle: 3.7117692742873047, User angle: 0.86369382230169, Offset angle: 0.7397497141094603
Target angle: 2.972019560177845, distance: 219.1466978012124, angle diff: 2.108325737876155, rotation direction: 1
Basic rotation angle: 1.693121693121693, rotation gain: 0.004220098306905742
Rotation gain: 1.24, direction: 1, curvature radius: 7.5
{'type': 'running', 'physical': {'user_x': 853.7773556832063, 'user_y': 765.061011537253, 'user_direction': 0.8848578434657112}, 'virtual': {'user_x': 2210.9396638566413, 'user_y': 8777.943542728848, 'user_direction': 1.13431773392122}, 'user_v': 7.999999999999999, 'user_w': 0, 'delta_t': 0.02, 'need_reset': False}
Tangent angle: 3.718260701651465, User angle: 0.8848578434657112, Offset angle: 0.7216779375953225
Target angle: 2.996582764056143, distance: 227.26214772210037, angle diff: 2.1117249205904316, rotation direction: 1
Basic rotation angle: 1.693121693121693, rotation gain: 0.004342777780297635
Rotation gain: 1.24, direction: 1, curvature radius: 7.5
{'type': 'running', 'physical': {'user_x': 857.6940644929055, 'user_y': 770.0581920788012, 'user_direction': 0.9060218646297323}, 'virtual': {'user_x': 2214.32167051111, 'user_y': 8785.193510383198, 'user_direction': 1.1343177339212236}, 'user_v': 7.999999999999999, 'user_w': 0, 'delta_t': 0.02, 'need_reset': False}
Tangent angle: 3.724911892698853, User angle: 0.9060218646297323, Offset angle: 0.7046603674018594
Target angle: 3.0202515252969935, distance: 235.21483704899265, angle diff: 2.1142296606672613, rotation direction: 1
Basic rotation angle: 1.693121693121693, rotation gain: 0.004449066739266562
Rotation gain: 1.24, direction: 1, curvature radius: 7.5
{'type': 'running', 'physical': {'user_x': 861.5041436178582, 'user_y': 775.13714062416, 'user_direction': 0.9271858857937535}, 'virtual': {'user_x': 2217.7036771655785, 'user_y': 8792.443478037549, 'user_direction': 1.1343177339212283}, 'user_v': 7.999999999999999, 'user_w': 0, 'delta_t': 0.02, 'need_reset': False}
Tangent angle: 3.7317129511663323, User angle: 0.9271858857937535, Offset angle: 0.6886007864574929
Target angle: 3.0431121647088393, distance: 243.0173556668663, angle diff: 2.1159262789150857, rotation direction: 1
Basic rotation angle: 1.693121693121693, rotation gain: 0.004540940801958965
Rotation gain: 1.24, direction: 1, curvature radius: 7.5
{'type': 'running', 'physical': {'user_x': 865.2058865271563, 'user_y': 780.2955823169839, 'user_direction': 0.9483499069577747}, 'virtual': {'user_x': 2221.085683820047, 'user_y': 8799.693445691899, 'user_direction': 1.1343177339212343}, 'user_v': 7.999999999999999, 'user_w': 0, 'delta_t': 0.02, 'need_reset': False}
Tangent angle: 3.738654768791944, User angle: 0.9483499069577747, Offset angle: 0.6734155471009853
Target angle: 3.065239221690959, distance: 250.6803926350747, angle diff: 2.1168893147331844, rotation direction: 1
Basic rotation angle: 1.693121693121693, rotation gain: 0.004620136001584833
Rotation gain: 1.24, direction: 1, curvature radius: 7.5
{'type': 'running', 'physical': {'user_x': 868.7976352135821, 'user_y': 785.5312066960204, 'user_direction': 0.9695139281217958}, 'virtual': {'user_x': 2224.467690474515, 'user_y': 8806.94341334625, 'user_direction': 1.134317733921242}, 'user_v': 7.999999999999999, 'user_w': 0, 'delta_t': 0.02, 'need_reset': False}
Tangent angle: 3.7457289489446075, User angle: 0.9695139281217958, Offset angle: 0.6590314203177512
Target angle: 3.086697528626857, distance: 258.2130851728769, angle diff: 2.117183600505061, rotation direction: 1
Basic rotation angle: 1.693121693121693, rotation gain: 0.004688177596206693
Rotation gain: 1.24, direction: 1, curvature radius: 7.5
{'type': 'running', 'physical': {'user_x': 872.2777809362284, 'user_y': 790.8416687299633, 'user_direction': 0.990677949285817}, 'virtual': {'user_x': 2227.8496971289833, 'user_y': 8814.1933810006, 'user_direction': 1.1343177339212425}, 'user_v': 7.999999999999999, 'user_w': 0, 'delta_t': 0.02, 'need_reset': False}
Tangent angle: 3.752927738885763, User angle: 0.990677949285817, Offset angle: 0.6453838981713351
Target angle: 3.1075438407144276, distance: 265.6232906113352, angle diff: 2.1168658914286107, rotation direction: 1
Basic rotation angle: 1.693121693121693, rotation gain: 0.004746405488519821
Rotation gain: 1.24, direction: 1, curvature radius: 7.5
{'type': 'running', 'physical': {'user_x': 875.6447649410519, 'user_y': 796.2245898677903, 'user_direction': 1.0118419704498383}, 'virtual': {'user_x': 2231.2317037834514, 'user_y': 8821.44334865495, 'user_direction': 1.1343177339212431}, 'user_v': 7.999999999999999, 'user_w': 0, 'delta_t': 0.02, 'need_reset': False}
Tangent angle: 3.7602439695559484, User angle: 1.0118419704498383, Offset angle: 0.6324158371284736
Target angle: 3.1278281324274744, distance: 272.9178010101032, angle diff: 2.115986161977636, rotation direction: 1
Basic rotation angle: 1.693121693121693, rotation gain: 0.004795996633769568
Rotation gain: 1.24, direction: 1, curvature radius: 7.5
{'type': 'running', 'physical': {'user_x': 878.897079159038, 'user_y': 801.6775591041136, 'user_direction': 1.0330059916138594}, 'virtual': {'user_x': 2234.6137104379195, 'user_y': 8828.6933163093, 'user_direction': 1.134317733921244}, 'user_v': 7.999999999999999, 'user_w': 0, 'delta_t': 0.02, 'need_reset': False}
Tangent angle: 3.7676710019371233, User angle: 1.0330059916138594, Offset angle: 0.6200763616295081
Target angle: 3.1475946403076147, distance: 280.1025144650364, angle diff: 2.114588648693755, rotation direction: 1
Basic rotation angle: 1.693121693121693, rotation gain: 0.004837984777916585
Rotation gain: 1.24, direction: 1, curvature radius: 7.5
{'type': 'running', 'physical': {'user_x': 882.0332668816632, 'user_y': 807.1981340590668, 'user_direction': 1.0541700127778806}, 'virtual': {'user_x': 2237.9957170923876, 'user_y': 8835.94328396365, 'user_direction': 1.1343177339212462}, 'user_v': 7.999999999999999, 'user_w': 0, 'delta_t': 0.02, 'need_reset': False}
Tangent angle: 3.7752026791747135, User angle: 1.0541700127778806, Offset angle: 0.6083199690031033
Target angle: 3.1668827101716097, distance: 287.1825732622062, angle diff: 2.112712697393729, rotation direction: 1
Basic rotation angle: 1.693121693121693, rotation gain: 0.004873277833532888
Rotation gain: 1.24, direction: 1, curvature radius: 7.5
{'type': 'running', 'physical': {'user_x': 885.0519234133537, 'user_y': 812.7838420722451, 'user_direction': 1.0753340339419017}, 'virtual': {'user_x': 2240.4097639444726, 'user_y': 8841.118247641081, 'user_direction': 1.1343177339212462}, 'user_v': 0, 'user_w': 0.1, 'delta_t': 0.02, 'need_reset': False}
Tangent angle: 3.782833283756111, User angle: 1.0753340339419017, Offset angle: 0.5971057920470195
Target angle: 3.185727491709091, distance: 294.1624763437353, angle diff: 2.1103934577671897, rotation direction: 1
Basic rotation angle: 0.0, rotation gain: 0.0042854032731450935
Rotation gain: 1.24, direction: 1, curvature radius: 2500000
{'type': 'running', 'physical': {'user_x': 887.9516967006472, 'user_y': 818.432181310207, 'user_direction': 1.096498055105923}, 'virtual': {'user_x': 2240.4097639444726, 'user_y': 8841.118247641081, 'user_direction': 1.2343177339212463}, 'user_v': 0, 'user_w': 0.1, 'delta_t': 0.02, 'need_reset': False}
Tangent angle: 3.790557499137994, User angle: 1.096498055105923, Offset angle: 0.5863969864342444
Target angle: 3.2041605127037496, distance: 301.046171649328, angle diff: 2.1076624575978267, rotation direction: 1
Basic rotation angle: 0.0, rotation gain: 0.0037709622649987075
Rotation gain: 1.24, direction: 1, curvature radius: 2500000
{'type': 'running', 'physical': {'user_x': 887.9516967006472, 'user_y': 818.432181310207, 'user_direction': 1.1771432163962454}, 'virtual': {'user_x': 2240.4097639444726, 'user_y': 8841.118247641081, 'user_direction': 1.3343177339212464}, 'user_v': 0, 'user_w': 0.1, 'delta_t': 0.02, 'need_reset': False}
Tangent angle: 3.790557499137994, User angle: 1.1771432163962454, Offset angle: 0.5863969864342444
Target angle: 3.2041605127037496, distance: 301.046171649328, angle diff: 2.027017296307504, rotation direction: 1
Basic rotation angle: 0.0, rotation gain: 0.00332082638287062
Rotation gain: 1.24, direction: 1, curvature radius: 2500000
{'type': 'running', 'physical': {'user_x': 887.9516967006472, 'user_y': 818.432181310207, 'user_direction': 1.257788377686568}, 'virtual': {'user_x': 2240.4097639444726, 'user_y': 8841.118247641081, 'user_direction': 1.4343177339212465}, 'user_v': 0, 'user_w': 0.1, 'delta_t': 0.02, 'need_reset': False}
Tangent angle: 3.790557499137994, User angle: 1.257788377686568, Offset angle: 0.5863969864342444
Target angle: 3.2041605127037496, distance: 301.046171649328, angle diff: 1.9463721350171816, rotation direction: 1
Basic rotation angle: 0.0, rotation gain: 0.0029269574860085433
Rotation gain: 1.24, direction: 1, curvature radius: 2500000
{'type': 'running', 'physical': {'user_x': 887.9516967006472, 'user_y': 818.432181310207, 'user_direction': 1.3384335389768904}, 'virtual': {'user_x': 2240.4097639444726, 'user_y': 8841.118247641081, 'user_direction': 1.5343177339212466}, 'user_v': 0, 'user_w': 0.1, 'delta_t': 0.02, 'need_reset': False}
Tangent angle: 3.790557499137994, User angle: 1.3384335389768904, Offset angle: 0.5863969864342444
Target angle: 3.2041605127037496, distance: 301.046171649328, angle diff: 1.8657269737268591, rotation direction: 1
Basic rotation angle: 0.0, rotation gain: 0.002582322201254226
Rotation gain: 1.24, direction: 1, curvature radius: 2500000
{'type': 'running', 'physical': {'user_x': 887.9516967006472, 'user_y': 818.432181310207, 'user_direction': 1.419078700267213}, 'virtual': {'user_x': 2240.4097639444726, 'user_y': 8841.118247641081, 'user_direction': 1.6343177339212467}, 'user_v': 0, 'user_w': 0.1, 'delta_t': 0.02, 'need_reset': False}
Tangent angle: 3.790557499137994, User angle: 1.419078700267213, Offset angle: 0.5863969864342444
Target angle: 3.2041605127037496, distance: 301.046171649328, angle diff: 1.7850818124365366, rotation direction: 1
Basic rotation angle: 0.0, rotation gain: 0.0022807663270941986
Rotation gain: 1.24, direction: 1, curvature radius: 2500000
{'type': 'running', 'physical': {'user_x': 887.9516967006472, 'user_y': 818.432181310207, 'user_direction': 1.4997238615575355}, 'virtual': {'user_x': 2240.4097639444726, 'user_y': 8841.118247641081, 'user_direction': 1.7343177339212468}, 'user_v': 0, 'user_w': 0.1, 'delta_t': 0.02, 'need_reset': False}
Tangent angle: 3.790557499137994, User angle: 1.4997238615575355, Offset angle: 0.5863969864342444
Target angle: 3.2041605127037496, distance: 301.046171649328, angle diff: 1.7044366511462141, rotation direction: 1
Basic rotation angle: 0.0, rotation gain: 0.0020169049372041744
Rotation gain: 1.24, direction: 1, curvature radius: 2500000
{'type': 'running', 'physical': {'user_x': 887.9516967006472, 'user_y': 818.432181310207, 'user_direction': 1.580369022847858}, 'virtual': {'user_x': 2240.4097639444726, 'user_y': 8841.118247641081, 'user_direction': 1.8343177339212469}, 'user_v': 0, 'user_w': 0.1, 'delta_t': 0.02, 'need_reset': False}
Tangent angle: 3.790557499137994, User angle: 1.580369022847858, Offset angle: 0.5863969864342444
Target angle: 3.2041605127037496, distance: 301.046171649328, angle diff: 1.6237914898558916, rotation direction: 1
Basic rotation angle: 0.0, rotation gain: 0.0017860262210504035
Rotation gain: 1.24, direction: 1, curvature radius: 2500000
{'type': 'running', 'physical': {'user_x': 887.9516967006472, 'user_y': 818.432181310207, 'user_direction': 1.6610141841381805}, 'virtual': {'user_x': 2240.4097639444726, 'user_y': 8841.118247641081, 'user_direction': 1.934317733921247}, 'user_v': 0, 'user_w': 0.1, 'delta_t': 0.02, 'need_reset': False}
Tangent angle: 3.790557499137994, User angle: 1.6610141841381805, Offset angle: 0.5863969864342444
Target angle: 3.2041605127037496, distance: 301.046171649328, angle diff: 1.543146328565569, rotation direction: 1
Basic rotation angle: 0.0, rotation gain: 0.001584007344415854
Rotation gain: 1.24, direction: 1, curvature radius: 2500000
{'type': 'running', 'physical': {'user_x': 887.9516967006472, 'user_y': 818.432181310207, 'user_direction': 1.741659345428503}, 'virtual': {'user_x': 2240.4097639444726, 'user_y': 8841.118247641081, 'user_direction': 2.034317733921247}, 'user_v': 0, 'user_w': 0.1, 'delta_t': 0.02, 'need_reset': False}
Tangent angle: 3.790557499137994, User angle: 1.741659345428503, Offset angle: 0.5863969864342444
Target angle: 3.2041605127037496, distance: 301.046171649328, angle diff: 1.4625011672752466, rotation direction: 1
Basic rotation angle: 0.0, rotation gain: 0.0014072408273606233
Rotation gain: 1.24, direction: 1, curvature radius: 2500000
{'type': 'running', 'physical': {'user_x': 887.9516967006472, 'user_y': 818.432181310207, 'user_direction': 1.8223045067188255}, 'virtual': {'user_x': 2240.4097639444726, 'user_y': 8841.118247641081, 'user_direction': 2.134317733921247}, 'user_v': 0, 'user_w': 0.1, 'delta_t': 0.02, 'need_reset': False}
Tangent angle: 3.790557499137994, User angle: 1.8223045067188255, Offset angle: 0.5863969864342444
Target angle: 3.2041605127037496, distance: 301.046171649328, angle diff: 1.381856005984924, rotation direction: 1
Basic rotation angle: 0.0, rotation gain: 0.0012525701249372963
Rotation gain: 1.24, direction: 1, curvature radius: 2500000
{'type': 'running', 'physical': {'user_x': 887.9516967006472, 'user_y': 818.432181310207, 'user_direction': 1.902949668009148}, 'virtual': {'user_x': 2240.4097639444726, 'user_y': 8841.118247641081, 'user_direction': 2.234317733921247}, 'user_v': 0, 'user_w': 0.1, 'delta_t': 0.02, 'need_reset': False}
Tangent angle: 3.790557499137994, User angle: 1.902949668009148, Offset angle: 0.5863969864342444
Target angle: 3.2041605127037496, distance: 301.046171649328, angle diff: 1.3012108446946016, rotation direction: 1
Basic rotation angle: 0.0, rotation gain: 0.0011172332603168853
Rotation gain: 1.24, direction: 1, curvature radius: 2500000
{'type': 'running', 'physical': {'user_x': 887.9516967006472, 'user_y': 818.432181310207, 'user_direction': 1.9835948292994705}, 'virtual': {'user_x': 2240.4097639444726, 'user_y': 8841.118247641081, 'user_direction': 2.3343177339212473}, 'user_v': 0, 'user_w': 0.1, 'delta_t': 0.02, 'need_reset': False}
Tangent angle: 3.790557499137994, User angle: 1.9835948292994705, Offset angle: 0.5863969864342444
Target angle: 3.2041605127037496, distance: 301.046171649328, angle diff: 1.220565683404279, rotation direction: 1
Basic rotation angle: 0.0, rotation gain: 0.0009988135037740256
Rotation gain: 1.24, direction: 1, curvature radius: 2500000
{'type': 'running', 'physical': {'user_x': 887.9516967006472, 'user_y': 818.432181310207, 'user_direction': 2.064239990589793}, 'virtual': {'user_x': 2240.4097639444726, 'user_y': 8841.118247641081, 'user_direction': 2.4343177339212474}, 'user_v': 0, 'user_w': 0.1, 'delta_t': 0.02, 'need_reset': False}
Tangent angle: 3.790557499137994, User angle: 2.064239990589793, Offset angle: 0.5863969864342444
Target angle: 3.2041605127037496, distance: 301.046171649328, angle diff: 1.1399205221139566, rotation direction: 1
Basic rotation angle: 0.0, rotation gain: 0.0008951962167990233
Rotation gain: 1.24, direction: 1, curvature radius: 2500000
{'type': 'running', 'physical': {'user_x': 887.9516967006472, 'user_y': 818.432181310207, 'user_direction': 2.1448851518801155}, 'virtual': {'user_x': 2240.4097639444726, 'user_y': 8841.118247641081, 'user_direction': 2.5343177339212475}, 'user_v': 0, 'user_w': 0.1, 'delta_t': 0.02, 'need_reset': False}
Tangent angle: 3.790557499137994, User angle: 2.1448851518801155, Offset angle: 0.5863969864342444
Target angle: 3.2041605127037496, distance: 301.046171649328, angle diff: 1.059275360823634, rotation direction: 1
Basic rotation angle: 0.0, rotation gain: 0.0008045310906958963
Rotation gain: 1.24, direction: 1, curvature radius: 2500000
{'type': 'running', 'physical': {'user_x': 887.9516967006472, 'user_y': 818.432181310207, 'user_direction': 2.225530313170438}, 'virtual': {'user_x': 2240.4097639444726, 'user_y': 8841.118247641081, 'user_direction': 2.6343177339212476}, 'user_v': 0, 'user_w': 0.1, 'delta_t': 0.02, 'need_reset': False}
Tangent angle: 3.790557499137994, User angle: 2.225530313170438, Offset angle: 0.5863969864342444
Target angle: 3.2041605127037496, distance: 301.046171649328, angle diff: 0.9786301995333115, rotation direction: 1
Basic rotation angle: 0.0, rotation gain: 0.0007251991053556601
Rotation gain: 1.24, direction: 1, curvature radius: 2500000
{'type': 'running', 'physical': {'user_x': 887.9516967006472, 'user_y': 818.432181310207, 'user_direction': 2.3061754744607605}, 'virtual': {'user_x': 2240.4097639444726, 'user_y': 8841.118247641081, 'user_direction': 2.7343177339212477}, 'user_v': 0, 'user_w': 0.1, 'delta_t': 0.02, 'need_reset': False}
Tangent angle: 3.790557499137994, User angle: 2.3061754744607605, Offset angle: 0.5863969864342444
Target angle: 3.2041605127037496, distance: 301.046171649328, angle diff: 0.897985038242989, rotation direction: 1
Basic rotation angle: 0.0, rotation gain: 0.0006557836181829535
Rotation gain: 1.24, direction: 1, curvature radius: 2500000
{'type': 'running', 'physical': {'user_x': 887.9516967006472, 'user_y': 818.432181310207, 'user_direction': 2.386820635751083}, 'virtual': {'user_x': 2240.4097639444726, 'user_y': 8841.118247641081, 'user_direction': 2.8343177339212478}, 'user_v': 0, 'user_w': 0.1, 'delta_t': 0.02, 'need_reset': False}
Tangent angle: 3.790557499137994, User angle: 2.386820635751083, Offset angle: 0.5863969864342444
Target angle: 3.2041605127037496, distance: 301.046171649328, angle diff: 0.8173398769526665, rotation direction: 1
Basic rotation angle: 0.0, rotation gain: 0.0005950450669068351
Rotation gain: 1.24, direction: 1, curvature radius: 2500000
{'type': 'running', 'physical': {'user_x': 887.9516967006472, 'user_y': 818.432181310207, 'user_direction': 2.4674657970414056}, 'virtual': {'user_x': 2240.4097639444726, 'user_y': 8841.118247641081, 'user_direction': 2.934317733921248}, 'user_v': 0, 'user_w': 0.1, 'delta_t': 0.02, 'need_reset': False}
Tangent angle: 3.790557499137994, User angle: 2.4674657970414056, Offset angle: 0.5863969864342444
Target angle: 3.2041605127037496, distance: 301.046171649328, angle diff: 0.736694715662344, rotation direction: 1
Basic rotation angle: 0.0, rotation gain: 0.0005418988345402316
Rotation gain: 1.24, direction: 1, curvature radius: 2500000
{'type': 'running', 'physical': {'user_x': 887.9516967006472, 'user_y': 818.432181310207, 'user_direction': 2.548110958331728}, 'virtual': {'user_x': 2240.4097639444726, 'user_y': 8841.118247641081, 'user_direction': 3.034317733921248}, 'user_v': 0, 'user_w': 0.1, 'delta_t': 0.02, 'need_reset': False}
Tangent angle: 3.790557499137994, User angle: 2.548110958331728, Offset angle: 0.5863969864342444
Target angle: 3.2041605127037496, distance: 301.046171649328, angle diff: 0.6560495543720215, rotation direction: 1
Basic rotation angle: 0.0, rotation gain: 0.0004953958812194536
Rotation gain: 1.24, direction: 1, curvature radius: 2500000
{'type': 'running', 'physical': {'user_x': 887.9516967006472, 'user_y': 818.432181310207, 'user_direction': 2.6287561196220506}, 'virtual': {'user_x': 2240.4097639444726, 'user_y': 8841.118247641081, 'user_direction': 3.134317733921248}, 'user_v': 0, 'user_w': 0.1, 'delta_t': 0.02, 'need_reset': False}
Tangent angle: 3.790557499137994, User angle: 2.6287561196220506, Offset angle: 0.5863969864342444
Target angle: 3.2041605127037496, distance: 301.046171649328, angle diff: 0.575404393081699, rotation direction: 1
Basic rotation angle: 0.0, rotation gain: 0.00045470579706377275
Rotation gain: 1.24, direction: 1, curvature radius: 2500000
{'type': 'running', 'physical': {'user_x': 887.9516967006472, 'user_y': 818.432181310207, 'user_direction': 2.709401280912373}, 'virtual': {'user_x': 2240.4097639444726, 'user_y': 8841.118247641081, 'user_direction': -3.048867573258338}, 'user_v': 0, 'user_w': 0.1, 'delta_t': 0.02, 'need_reset': False}
Tangent angle: 3.790557499137994, User angle: 2.709401280912373, Offset angle: 0.5863969864342444
Target angle: 3.2041605127037496, distance: 301.046171649328, angle diff: 0.4947592317913765, rotation direction: 1
Basic rotation angle: 0.0, rotation gain: 0.00041910197342755206
Rotation gain: 1.24, direction: 1, curvature radius: 2500000
{'type': 'running', 'physical': {'user_x': 887.9516967006472, 'user_y': 818.432181310207, 'user_direction': 2.7900464422026956}, 'virtual': {'user_x': 2240.4097639444726, 'user_y': 8841.118247641081, 'user_direction': -2.948867573258338}, 'user_v': 0, 'user_w': 0.1, 'delta_t': 0.02, 'need_reset': False}
Tangent angle: 3.790557499137994, User angle: 2.7900464422026956, Offset angle: 0.5863969864342444
Target angle: 3.2041605127037496, distance: 301.046171649328, angle diff: 0.414114070501054, rotation direction: 1
Basic rotation angle: 0.0, rotation gain: 0.0003879486277458589
Rotation gain: 1.24, direction: 1, curvature radius: 2500000
{'type': 'running', 'physical': {'user_x': 887.9516967006472, 'user_y': 818.432181310207, 'user_direction': 2.870691603493018}, 'virtual': {'user_x': 2240.4097639444726, 'user_y': 8841.118247641081, 'user_direction': -2.848867573258338}, 'user_v': 0, 'user_w': 0.1, 'delta_t': 0.02, 'need_reset': False}
Tangent angle: 3.790557499137994, User angle: 2.870691603493018, Offset angle: 0.5863969864342444
Target angle: 3.2041605127037496, distance: 301.046171649328, angle diff: 0.33346890921073147, rotation direction: 1
Basic rotation angle: 0.0, rotation gain: 0.00036068945027437744
Rotation gain: 1.24, direction: 1, curvature radius: 2500000
{'type': 'running', 'physical': {'user_x': 887.9516967006472, 'user_y': 818.432181310207, 'user_direction': 2.9513367647833406}, 'virtual': {'user_x': 2240.4097639444726, 'user_y': 8841.118247641081, 'user_direction': -2.748867573258338}, 'user_v': 0, 'user_w': 0.1, 'delta_t': 0.02, 'need_reset': False}
Tangent angle: 3.790557499137994, User angle: 2.9513367647833406, Offset angle: 0.5863969864342444
Target angle: 3.2041605127037496, distance: 301.046171649328, angle diff: 0.25282374792040896, rotation direction: 1
Basic rotation angle: 0.0, rotation gain: 0.0003368376699868311
Rotation gain: 1.24, direction: 1, curvature radius: 2500000
{'type': 'running', 'physical': {'user_x': 887.9516967006472, 'user_y': 818.432181310207, 'user_direction': 3.031981926073663}, 'virtual': {'user_x': 2240.4097639444726, 'user_y': 8841.118247641081, 'user_direction': -2.6488675732583378}, 'user_v': 0, 'user_w': 0.1, 'delta_t': 0.02, 'need_reset': False}
Tangent angle: 3.790557499137994, User angle: 3.031981926073663, Offset angle: 0.5863969864342444
Target angle: 3.2041605127037496, distance: 301.046171649328, angle diff: 0.17217858663008645, rotation direction: 1
Basic rotation angle: 0.0, rotation gain: 0.00031596736223522804
Rotation gain: 1.24, direction: 1, curvature radius: 2500000
{'type': 'running', 'physical': {'user_x': 887.9516967006472, 'user_y': 818.432181310207, 'user_direction': 3.1126270873639856}, 'virtual': {'user_x': 2240.4097639444726, 'user_y': 8841.118247641081, 'user_direction': -2.5488675732583377}, 'user_v': 0, 'user_w': 0.1, 'delta_t': 0.02, 'need_reset': False}
Tangent angle: 3.790557499137994, User angle: 3.1126270873639856, Offset angle: 0.5863969864342444
Target angle: 3.2041605127037496, distance: 301.046171649328, angle diff: 0.09153342533976394, rotation direction: 1
Basic rotation angle: 0.0, rotation gain: 0.00029770584295257536
Rotation gain: 1.24, direction: 1, curvature radius: 2500000
{'type': 'running', 'physical': {'user_x': 887.9516967006472, 'user_y': 818.432181310207, 'user_direction': 3.193272248654308}, 'virtual': {'user_x': 2240.4097639444726, 'user_y': 8841.118247641081, 'user_direction': -2.4488675732583376}, 'user_v': 0, 'user_w': 0.1, 'delta_t': 0.02, 'need_reset': False}
Tangent angle: 3.790557499137994, User angle: 3.193272248654308, Offset angle: 0.5863969864342444
Target angle: 3.2041605127037496, distance: 301.046171649328, angle diff: 0.010888264049441432, rotation direction: 1
Basic rotation angle: 0.0, rotation gain: 0.0002817270135802543
Rotation gain: 1.24, direction: 1, curvature radius: 2500000
{'type': 'running', 'physical': {'user_x': 887.9516967006472, 'user_y': 818.432181310207, 'user_direction': 3.2739174099446307}, 'virtual': {'user_x': 2240.4097639444726, 'user_y': 8841.118247641081, 'user_direction': -2.3488675732583375}, 'user_v': 0, 'user_w': 0.1, 'delta_t': 0.02, 'need_reset': False}
Tangent angle: 3.790557499137994, User angle: 3.2739174099446307, Offset angle: 0.5863969864342444
Target angle: 3.2041605127037496, distance: 301.046171649328, angle diff: 0.06975689724088108, rotation direction: -1
Basic rotation angle: 0.0, rotation gain: 0.0002677455378794734
Rotation gain: 1.24, direction: -1, curvature radius: 2500000
{'type': 'running', 'physical': {'user_x': 887.9516967006472, 'user_y': 818.432181310207, 'user_direction': 3.354562571234953}, 'virtual': {'user_x': 2240.4097639444726, 'user_y': 8841.118247641081, 'user_direction': -2.2488675732583374}, 'user_v': 0, 'user_w': 0.1, 'delta_t': 0.02, 'need_reset': False}
Tangent angle: 3.790557499137994, User angle: 3.354562571234953, Offset angle: 0.5863969864342444
Target angle: 3.2041605127037496, distance: 301.046171649328, angle diff: 0.1504020585312036, rotation direction: -1
Basic rotation angle: 0.0, rotation gain: 0.00025551174664129007
Rotation gain: 1.24, direction: -1, curvature radius: 2500000
{'type': 'running', 'physical': {'user_x': 887.9516967006472, 'user_y': 818.432181310207, 'user_direction': 3.4352077325252757}, 'virtual': {'user_x': 2240.4097639444726, 'user_y': 8841.118247641081, 'user_direction': -2.138071633423996}, 'user_v': 7.999999999999999, 'user_w': 0, 'delta_t': 0.02, 'need_reset': False}
Tangent angle: 3.790557499137994, User angle: 3.4352077325252757, Offset angle: 0.5863969864342444
Target angle: 3.2041605127037496, distance: 301.046171649328, angle diff: 0.2310472198215261, rotation direction: -1
Basic rotation angle: 1.693121693121693, rotation gain: 0.0008606048082136551
Rotation gain: 1.24, direction: -1, curvature radius: 7.5
{'type': 'running', 'physical': {'user_x': 887.9516967006472, 'user_y': 818.432181310207, 'user_direction': 3.515852893815598}, 'virtual': {'user_x': 2236.1110749327463, 'user_y': 8834.37130220033, 'user_direction': -2.138071633423996}, 'user_v': 7.999999999999999, 'user_w': 0, 'delta_t': 0.02, 'need_reset': False}
Tangent angle: 3.790557499137994, User angle: 3.515852893815598, Offset angle: 0.5863969864342444
Target angle: 3.2041605127037496, distance: 301.046171649328, angle diff: 0.3116923811118486, rotation direction: -1
Basic rotation angle: 1.693121693121693, rotation gain: 0.0013900612370894745
Rotation gain: 1.24, direction: -1, curvature radius: 7.5
{'type': 'running', 'physical': {'user_x': 881.9941949537437, 'user_y': 816.2365961489247, 'user_direction': 3.494688872651577}, 'virtual': {'user_x': 2231.81238592102, 'user_y': 8827.62435675958, 'user_direction': -2.138071633423999}, 'user_v': 7.999999999999999, 'user_w': 0, 'delta_t': 0.02, 'need_reset': False}
Tangent angle: 3.795767045986101, User angle: 3.494688872651577, Offset angle: 0.597785540909462
Target angle: 3.1979815050766387, distance: 293.7328573750018, angle diff: 0.2967073675749381, rotation direction: -1
Basic rotation angle: 1.693121693121693, rotation gain: 0.0018538537938850219
Rotation gain: 1.24, direction: -1, curvature radius: 7.5
{'type': 'running', 'physical': {'user_x': 875.9915634446112, 'user_y': 814.1675779686344, 'user_direction': 3.4735248514875554}, 'virtual': {'user_x': 2227.5136969092932, 'user_y': 8820.877411318828, 'user_direction': -2.1380716334240026}, 'user_v': 7.999999999999999, 'user_w': 0, 'delta_t': 0.02, 'need_reset': False}
Tangent angle: 3.8015229345458117, User angle: 3.4735248514875554, Offset angle: 0.6095598208198896
Target angle: 3.1919631137259223, distance: 286.42467516879884, angle diff: 0.28156173776163307, rotation direction: -1
Basic rotation angle: 1.693121693121693, rotation gain: 0.002260169588947426
Rotation gain: 1.24, direction: -1, curvature radius: 7.5
{'type': 'running', 'physical': {'user_x': 869.9464907463384, 'user_y': 812.2260534806612, 'user_direction': 3.452360830323534}, 'virtual': {'user_x': 2223.2150078975665, 'user_y': 8814.130465878077, 'user_direction': -2.138071633424004}, 'user_v': 7.999999999999999, 'user_w': 0, 'delta_t': 0.02, 'need_reset': False}
Tangent angle: 3.8078486796122326, User angle: 3.452360830323534, Offset angle: 0.6217298609556758
Target angle: 3.1861188186565563, distance: 279.1254299454628, angle diff: 0.2662420116669777, rotation direction: -1
Basic rotation angle: 1.693121693121693, rotation gain: 0.0026161718335890906
Rotation gain: 1.24, direction: -1, curvature radius: 7.5
{'type': 'running', 'physical': {'user_x': 863.8616844413834, 'user_y': 810.4128922920235, 'user_direction': 3.4311968091595126}, 'virtual': {'user_x': 2218.9163188858397, 'user_y': 8807.383520437326, 'user_direction': -2.1380716334240053}, 'user_v': 7.999999999999999, 'user_w': 0, 'delta_t': 0.02, 'need_reset': False}
Tangent angle: 3.8147684240577413, User angle: 3.4311968091595126, Offset angle: 0.6343048982076197
Target angle: 3.180463525850122, distance: 271.8392424925785, angle diff: 0.2507332833093905, rotation direction: -1
Basic rotation angle: 1.693121693121693, rotation gain: 0.0029281277610181755
Rotation gain: 1.24, direction: -1, curvature radius: 7.5
{'type': 'running', 'physical': {'user_x': 857.7398699088498, 'user_y': 808.728906515937, 'user_direction': 3.4100327879954913}, 'virtual': {'user_x': 2214.617629874113, 'user_y': 8800.636574996575, 'user_direction': -2.1380716334240066}, 'user_v': 7.999999999999999, 'user_w': 0, 'delta_t': 0.02, 'need_reset': False}
Tangent angle: 3.8223068547245966, User angle: 3.4100327879954913, Offset angle: 0.6472931051337152
Target angle: 3.1750137495908817, distance: 264.57058974113045, angle diff: 0.23501903840460958, rotation direction: -1
Basic rotation angle: 1.693121693121693, rotation gain: 0.00320152054578377
Rotation gain: 1.24, direction: -1, curvature radius: 7.5
{'type': 'running', 'physical': {'user_x': 851.5837891037918, 'user_y': 807.1748504080697, 'user_direction': 3.38886876683147}, 'virtual': {'user_x': 2210.318940862386, 'user_y': 8793.889629555824, 'user_direction': -2.1380716334240084}, 'user_v': 7.999999999999999, 'user_w': 0, 'delta_t': 0.02, 'need_reset': False}
Tangent angle: 3.830489094178853, User angle: 3.38886876683147, Offset angle: 0.6607012732375854
Target angle: 3.169787820941268, distance: 257.32435092976965, angle diff: 0.21908094589020166, rotation direction: -1
Basic rotation angle: 1.693121693121693, rotation gain: 0.003441147219732346
Rotation gain: 1.24, direction: -1, curvature radius: 7.5
{'type': 'running', 'physical': {'user_x': 845.3961993290957, 'user_y': 805.7514200287118, 'user_direction': 3.3677047456674485}, 'virtual': {'user_x': 2206.0202518506594, 'user_y': 8787.142684115073, 'user_direction': -2.13807163342401}, 'user_v': 7.999999999999999, 'user_w': 0, 'delta_t': 0.02, 'need_reset': False}
Tangent angle: 3.8393405645792402, User angle: 3.3677047456674485, Offset angle: 0.6745344383449217
Target angle: 3.1648061262343177, distance: 250.10586056507478, angle diff: 0.2028986194331308, rotation direction: -1
Basic rotation angle: 1.693121693121693, rotation gain: 0.0036512043322557072
Rotation gain: 1.24, direction: -1, curvature radius: 7.5
{'type': 'running', 'physical': {'user_x': 839.1798720004858, 'user_y': 804.4592529310108, 'user_direction': 3.346540724503427}, 'virtual': {'user_x': 2201.7215628389326, 'user_y': 8780.395738674322, 'user_direction': -2.138071633424013}, 'user_v': 7.999999999999999, 'user_w': 0, 'delta_t': 0.02, 'need_reset': False}
Tangent angle: 3.8488868196428365, User angle: 3.346540724503427, Offset angle: 0.6887954397075694
Target angle: 3.160091379935267, distance: 242.92096920454574, angle diff: 0.1864493445681603, rotation direction: -1
Basic rotation angle: 1.693121693121693, rotation gain: 0.0038353628835651604
Rotation gain: 1.24, direction: -1, curvature radius: 7.5
{'type': 'running', 'physical': {'user_x': 832.9375914052105, 'user_y': 803.298927875412, 'user_direction': 3.3253767033394057}, 'virtual': {'user_x': 2197.422873827206, 'user_y': 8773.648793233571, 'user_direction': -2.1380716334240155}, 'user_v': 7.999999999999999, 'user_w': 0, 'delta_t': 0.02, 'need_reset': False}
Tangent angle: 3.85915334048988, User angle: 3.3253767033394057, Offset angle: 0.7034844037813972
Target angle: 3.1556689367084836, distance: 235.7761132196236, angle diff: 0.16970776663092213, rotation direction: -1
Basic rotation angle: 1.693121693121693, rotation gain: 0.003996833867931436
Rotation gain: 1.24, direction: -1, curvature radius: 7.5
{'type': 'running', 'physical': {'user_x': 826.6721534549617, 'user_y': 802.2709645704322, 'user_direction': 3.3042126821753843}, 'virtual': {'user_x': 2193.124184815479, 'user_y': 8766.90184779282, 'user_direction': -2.1380716334240186}, 'user_v': 7.999999999999999, 'user_w': 0, 'delta_t': 0.02, 'need_reset': False}
Tangent angle: 3.8701652910623463, User angle: 3.3042126821753843, Offset angle: 0.7185981430937325
Target angle: 3.1515671479686134, distance: 228.67839482592746, angle diff: 0.15264553420677096, rotation direction: -1
Basic rotation angle: 1.693121693121693, rotation gain: 0.004138425595849337
Rotation gain: 1.24, direction: -1, curvature radius: 7.5
{'type': 'running', 'physical': {'user_x': 820.3863644335897, 'user_y': 801.3758234398827, 'user_direction': 3.283048661011363}, 'virtual': {'user_x': 2188.8254958037523, 'user_y': 8760.15490235207, 'user_direction': -2.138071633424022}, 'user_v': 7.999999999999999, 'user_w': 0, 'delta_t': 0.02, 'need_reset': False}
Tangent angle: 3.8819472288839854, User angle: 3.283048661011363, Offset angle: 0.7341294603545657
Target angle: 3.1478177685294195, distance: 221.63567378548478, angle diff: 0.13523089248194342, rotation direction: -1
Basic rotation angle: 1.693121693121693, rotation gain: 0.004262593816908776
Rotation gain: 1.24, direction: -1, curvature radius: 7.5
{'type': 'running', 'physical': {'user_x': 814.0830397401704, 'user_y': 800.6139054166462, 'user_direction': 3.2618846398473416}, 'virtual': {'user_x': 2184.5268067920256, 'user_y': 8753.407956911318, 'user_direction': -2.1380716334240266}, 'user_v': 7.999999999999999, 'user_w': 0, 'delta_t': 0.02, 'need_reset': False}
Tangent angle: 3.8945227672224654, User angle: 3.2618846398473416, Offset angle: 0.7500663481363351
Target angle: 3.1444564190861293, distance: 214.65667227205034, angle diff: 0.11742822076121229, rotation direction: -1
Basic rotation angle: 1.693121693121693, rotation gain: 0.004371485536139171
Rotation gain: 1.24, direction: -1, curvature radius: 7.5
{'type': 'running', 'physical': {'user_x': 807.7650026279911, 'user_y': 799.9855517630989, 'user_direction': 3.24072061868332}, 'virtual': {'user_x': 2180.228117780299, 'user_y': 8746.661011470567, 'user_direction': -2.1380716334240324}, 'user_v': 7.999999999999999, 'user_w': 0, 'delta_t': 0.02, 'need_reset': False}
Tangent angle: 3.9079141852954336, User angle: 3.24072061868332, Offset angle: 0.7663910752780703
Target angle: 3.1415231100173635, distance: 207.75109441589046, angle diff: 0.09919750866595667, rotation direction: -1
Basic rotation angle: 1.693121693121693, rotation gain: 0.004466977303427072
Rotation gain: 1.24, direction: -1, curvature radius: 7.5
{'type': 'running', 'physical': {'user_x': 801.4350829400175, 'user_y': 799.49104391826, 'user_direction': 3.219556597519299}, 'virtual': {'user_x': 2175.929428768572, 'user_y': 8739.914066029816, 'user_direction': -2.138071633424039}, 'user_v': 7.999999999999999, 'user_w': 0, 'delta_t': 0.02, 'need_reset': False}
Tangent angle: 3.9221419841076863, User angle: 3.219556597519299, Offset angle: 0.7830791529750166
Target angle: 3.1390628311326694, distance: 200.92976196335084, angle diff: 0.08049376638662942, rotation direction: -1
Basic rotation angle: 1.693121693121693, rotation gain: 0.0045507086562591335
Rotation gain: 1.24, direction: -1, curvature radius: 7.5
{'type': 'running', 'physical': {'user_x': 801.4350829400175, 'user_y': 799.49104391826, 'user_direction': 3.219556597519299}, 'virtual': {'user_x': 2171.6307397568453, 'user_y': 8733.167120589065, 'user_direction': -2.138071633424048}, 'user_v': 7.999999999999999, 'user_w': 0, 'delta_t': 0.02, 'need_reset': True}
{'type': 'running', 'physical': {'user_x': 801.4350829400175, 'user_y': 799.49104391826, 'user_direction': 0.07796394392950567}, 'virtual': {'user_x': 2167.3320507451185, 'user_y': 8726.420175148316, 'user_direction': -2.13807163342406}, 'user_v': 7.999999999999999, 'user_w': 0, 'delta_t': 0.02, 'need_reset': False}
Tangent angle: 3.9221419841076863, User angle: 0.07796394392950567, Offset angle: 0.7830791529750166
Target angle: 4.705221137082703, distance: 200.92976196335084, angle diff: 1.6559281140263886, rotation direction: -1
Basic rotation angle: 1.693121693121693, rotation gain: 0.004292723287445392
Rotation gain: 1.24, direction: -1, curvature radius: 7.5
{'type': 'running', 'physical': {'user_x': 807.7740500386246, 'user_y': 799.8514844647854, 'user_direction': 0.05679992276548451}, 'virtual': {'user_x': 2163.0333617333918, 'user_y': 8719.673229707565, 'user_direction': -2.138071633424051}, 'user_v': 7.999999999999999, 'user_w': 0, 'delta_t': 0.02, 'need_reset': False}
Tangent angle: 3.9075573724748245, User angle: 0.05679992276548451, Offset angle: 0.7666797583137598
Target angle: 4.674237130788584, distance: 207.63109524401983, angle diff: 1.6657480991564864, rotation direction: -1
Basic rotation angle: 1.693121693121693, rotation gain: 0.00407697662257682
Rotation gain: 1.24, direction: -1, curvature radius: 7.5
{'type': 'running', 'physical': {'user_x': 814.1192253303777, 'user_y': 800.0776962720105, 'user_direction': 0.03563590160146335}, 'virtual': {'user_x': 2158.7346727216645, 'user_y': 8712.926284266816, 'user_direction': -2.1380716334240706}, 'user_v': 7.999999999999999, 'user_w': 0, 'delta_t': 0.02, 'need_reset': False}
Tangent angle: 3.8931031829906355, User angle: 0.03563590160146335, Offset angle: 0.7511477263602611
Target angle: 4.644250909350896, distance: 214.19180003351192, angle diff: 1.6745702994301528, rotation direction: -1
Basic rotation angle: 1.693121693121693, rotation gain: 0.0038977743294021767
Rotation gain: 1.24, direction: -1, curvature radius: 7.5
{'type': 'running', 'physical': {'user_x': 820.4677668171455, 'user_y': 800.1695780198766, 'user_direction': 0.014471880437442186}, 'virtual': {'user_x': 2154.435983709938, 'user_y': 8706.179338826065, 'user_direction': -2.1380716334240413}, 'user_v': 7.999999999999999, 'user_w': 0, 'delta_t': 0.02, 'need_reset': False}
Tangent angle: 3.8787724278624562, User angle: 0.014471880437442186, Offset angle: 0.7364108688342645
Target angle: 4.615183296696721, distance: 220.62161310713574, angle diff: 1.682473890920308, rotation direction: -1
Basic rotation angle: 1.693121693121693, rotation gain: 0.003750165303924323
Rotation gain: 1.24, direction: -1, curvature radius: 7.5
{'type': 'running', 'physical': {'user_x': 826.8168309930809, 'user_y': 800.1270885546339, 'user_direction': -0.006692140726578977}, 'virtual': {'user_x': 2150.1372946982106, 'user_y': 8699.432393385316, 'user_direction': -2.1380716334240786}, 'user_v': 7.999999999999999, 'user_w': 0, 'delta_t': 0.02, 'need_reset': False}
Tangent angle: 3.8645585975059387, User angle: -0.006692140726578977, Offset angle: 0.7224057687247408
Target angle: 4.58696436623068, distance: 226.92890163022014, angle diff: 1.6895288002223277, rotation direction: -1
Basic rotation angle: 1.693121693121693, rotation gain: 0.0036298451519303234
Rotation gain: 1.24, direction: -1, curvature radius: 7.5
{'type': 'running', 'physical': {'user_x': 833.1635741182248, 'user_y': 799.9502469072746, 'user_direction': -0.02785616189060014}, 'virtual': {'user_x': 2147.424542311951, 'user_y': 8695.174631938877, 'user_direction': -2.1380716334240786}, 'user_v': 0, 'user_w': 0.1, 'delta_t': 0.02, 'need_reset': False}
Tangent angle: 3.8504556206191793, User angle: -0.02785616189060014, Offset angle: 0.709076369342389
Target angle: 4.5595319899615685, distance: 233.1208989641748, angle diff: 1.6957971553274174, rotation direction: -1
Basic rotation angle: 0.0, rotation gain: 0.0031880131007014033
Rotation gain: 1.24, direction: -1, curvature radius: 2500000
{'type': 'running', 'physical': {'user_x': 839.5051534922147, 'user_y': 799.6391322850086, 'user_direction': -0.0490201830546213}, 'virtual': {'user_x': 2147.424542311951, 'user_y': 8695.174631938877, 'user_direction': -2.0380716334240785}, 'user_v': 0, 'user_w': 0.1, 'delta_t': 0.02, 'need_reset': False}
Tangent angle: 3.836457828141481, User angle: -0.0490201830546213, Offset angle: 0.6963728446090699
Target angle: 4.532830672750551, distance: 239.20389145839684, angle diff: 1.7013344513744144, rotation direction: -1
Basic rotation angle: 0.0, rotation gain: 0.002801683354190042
Rotation gain: 1.24, direction: -1, curvature radius: 2500000
{'type': 'running', 'physical': {'user_x': 839.5051534922147, 'user_y': 799.6391322850086, 'user_direction': 0.03162497823570129}, 'virtual': {'user_x': 2147.424542311951, 'user_y': 8695.174631938877, 'user_direction': -1.8878891345633715}, 'user_v': 7.999999999999999, 'user_w': 0, 'delta_t': 0.02, 'need_reset': False}
Tangent angle: 3.836457828141481, User angle: 0.03162497823570129, Offset angle: 0.6963728446090699
Target angle: 4.532830672750551, distance: 239.20389145839684, angle diff: 1.7819796126647365, rotation direction: -1
Basic rotation angle: 1.693121693121693, rotation gain: 0.0028166296672057075
Rotation gain: 1.24, direction: -1, curvature radius: 7.5
{'type': 'running', 'physical': {'user_x': 839.5051534922147, 'user_y': 799.6391322850086, 'user_direction': 0.11227013952602388}, 'virtual': {'user_x': 2144.930097309156, 'user_y': 8687.573464651674, 'user_direction': -1.8878891345633715}, 'user_v': 7.999999999999999, 'user_w': 0, 'delta_t': 0.02, 'need_reset': False}
Tangent angle: 3.836457828141481, User angle: 0.11227013952602388, Offset angle: 0.6963728446090699
Target angle: 4.532830672750551, distance: 239.20389145839684, angle diff: 1.8626247739550594, rotation direction: -1
Basic rotation angle: 1.693121693121693, rotation gain: 0.0028297076910944147
Rotation gain: 1.24, direction: -1, curvature radius: 7.5
{'type': 'running', 'physical': {'user_x': 845.8280278252033, 'user_y': 800.216783939586, 'user_direction': 0.09110611836200272}, 'virtual': {'user_x': 2142.4356523063607, 'user_y': 8679.972297364471, 'user_direction': -1.8878891345633726}, 'user_v': 7.999999999999999, 'user_w': 0, 'delta_t': 0.02, 'need_reset': False}
Tangent angle: 3.8250879262112063, User angle: 0.09110611836200272, Offset angle: 0.6826137369607671
Target angle: 4.507701663171973, distance: 246.00443052014285, angle diff: 1.8665897623696157, rotation direction: -1
Basic rotation angle: 1.693121693121693, rotation gain: 0.0028487919095851657
Rotation gain: 1.24, direction: -1, curvature radius: 7.5
{'type': 'running', 'physical': {'user_x': 852.1617106726183, 'user_y': 800.660498772743, 'user_direction': 0.06994209719798156}, 'virtual': {'user_x': 2139.9412073035655, 'user_y': 8672.371130077268, 'user_direction': -1.8878891345633735}, 'user_v': 7.999999999999999, 'user_w': 0, 'delta_t': 0.02, 'need_reset': False}
Tangent angle: 3.8137435958346138, User angle: 0.06994209719798156, Offset angle: 0.6695343174185311
Target angle: 4.483277913253145, distance: 252.68590007570123, angle diff: 1.8698494911244223, rotation direction: -1
Basic rotation angle: 1.693121693121693, rotation gain: 0.0028728457370065857
Rotation gain: 1.24, direction: -1, curvature radius: 7.5
{'type': 'running', 'physical': {'user_x': 858.5033651837833, 'user_y': 800.9700780450174, 'user_direction': 0.048778076033960394}, 'virtual': {'user_x': 2137.4467623007704, 'user_y': 8664.769962790066, 'user_direction': -1.8878891345633748}, 'user_v': 7.999999999999999, 'user_w': 0, 'delta_t': 0.02, 'need_reset': False}
Tangent angle: 3.802423450157229, User angle: 0.048778076033960394, Offset angle: 0.6570835751903682
Target angle: 4.459507025347597, distance: 259.2546278868727, angle diff: 1.872456357865949, rotation direction: -1
Basic rotation angle: 1.693121693121693, rotation gain: 0.0029009824780451983
Rotation gain: 1.24, direction: -1, curvature radius: 7.5
{'type': 'running', 'physical': {'user_x': 864.8501509375214, 'user_y': 801.14538309614, 'user_direction': 0.02761405486993923}, 'virtual': {'user_x': 2134.9523172979752, 'user_y': 8657.168795502863, 'user_direction': -1.887889134563376}, 'user_v': 7.999999999999999, 'user_w': 0, 'delta_t': 0.02, 'need_reset': False}
Tangent angle: 3.7911261993468304, User angle: 0.02761405486993923, Offset angle: 0.6452159653369427
Target angle: 4.436342164683773, distance: 265.7161410086351, angle diff: 1.8744571973657527, rotation direction: -1
Basic rotation angle: 1.693121693121693, rotation gain: 0.002932444424020744
Rotation gain: 1.24, direction: -1, curvature radius: 7.5
{'type': 'running', 'physical': {'user_x': 871.1992252143767, 'user_y': 801.1863354071407, 'user_direction': 0.006450033705918068}, 'virtual': {'user_x': 2132.45787229518, 'user_y': 8649.56762821566, 'user_direction': -1.8878891345633775}, 'user_v': 7.999999999999999, 'user_w': 0, 'delta_t': 0.02, 'need_reset': False}
Tangent angle: 3.779850642221325, User angle: 0.006450033705918068, Offset angle: 0.6338906439585806
Target angle: 4.4137412861799055, distance: 272.07528610925465, angle diff: 1.875894054705599, rotation direction: -1
Basic rotation angle: 1.693121693121693, rotation gain: 0.0029665848618314304
Rotation gain: 1.24, direction: -1, curvature radius: 7.5
{'type': 'running', 'physical': {'user_x': 877.547744269866, 'user_y': 801.0929166355177, 'user_direction': -0.014713987458103095}, 'virtual': {'user_x': 2129.963427292385, 'user_y': 8641.966460928457, 'user_direction': -1.8878891345633788}, 'user_v': 7.999999999999999, 'user_w': 0, 'delta_t': 0.02, 'need_reset': False}
Tangent angle: 3.7685956587277696, User angle: -0.014713987458103095, Offset angle: 0.6230708355297139
Target angle: 4.391666494257484, distance: 278.33632797439543, angle diff: 1.8768048254639993, rotation direction: -1
Basic rotation angle: 1.693121693121693, rotation gain: 0.0030028525803849583
Rotation gain: 1.24, direction: -1, curvature radius: 7.5
{'type': 'running', 'physical': {'user_x': 883.8928646081891, 'user_y': 800.865168623452, 'user_direction': -0.03587800862212426}, 'virtual': {'user_x': 2127.46898228959, 'user_y': 8634.365293641255, 'user_direction': -1.8878891345633806}, 'user_v': 7.999999999999999, 'user_w': 0, 'delta_t': 0.02, 'need_reset': False}
Tangent angle: 3.7573602031732842, User angle: -0.03587800862212426, Offset angle: 0.6127233053788268
Target angle: 4.370083508552111, distance: 284.5030308126284, angle diff: 1.8772237900053508, rotation direction: -1
Basic rotation angle: 1.693121693121693, rotation gain: 0.0030407785215544264
Rotation gain: 1.24, direction: -1, curvature radius: 7.5
{'type': 'running', 'physical': {'user_x': 890.2317442558284, 'user_y': 800.503193379067, 'user_direction': -0.05704202978614542}, 'virtual': {'user_x': 2124.9745372867947, 'user_y': 8626.764126354052, 'user_direction': -1.8878891345633824}, 'user_v': 7.999999999999999, 'user_w': 0, 'delta_t': 0.02, 'need_reset': False}
Tangent angle: 3.746143298121607, User angle: -0.05704202978614542, Offset angle: 0.6028179166315739
Target angle: 4.348961214753181, distance: 290.57872587129316, angle diff: 1.8771820626402604, rotation direction: -1
Basic rotation angle: 1.693121693121693, rotation gain: 0.003079964274747498
Rotation gain: 1.24, direction: -1, curvature radius: 7.5
{'type': 'running', 'physical': {'user_x': 896.5615440344654, 'user_y': 800.0071530307393, 'user_direction': -0.07820605095016658}, 'virtual': {'user_x': 2122.4800922839995, 'user_y': 8619.162959066849, 'user_direction': -1.8878891345633844}, 'user_v': 7.999999999999999, 'user_w': 0, 'delta_t': 0.02, 'need_reset': False}
Tangent angle: 3.7349440288801565, User angle: -0.07820605095016658, Offset angle: 0.5933272556001815
Target angle: 4.328271284480338, distance: 296.5663680587665, angle diff: 1.8767079717490818, rotation direction: -1
Basic rotation angle: 1.693121693121693, rotation gain: 0.003120072157947622
Rotation gain: 1.24, direction: -1, curvature radius: 7.5
{'type': 'running', 'physical': {'user_x': 902.8794288326469, 'user_y': 799.3772697544812, 'user_direction': -0.09937007211418775}, 'virtual': {'user_x': 2119.9856472812044, 'user_y': 8611.561791779646, 'user_direction': -1.8878891345633866}, 'user_v': 7.999999999999999, 'user_w': 0, 'delta_t': 0.02, 'need_reset': False}
Tangent angle: 3.7237615385120124, User angle: -0.09937007211418775, Offset angle: 0.5842263130891349
Target angle: 4.307987851601148, distance: 302.46858366571155, angle diff: 1.8758273834642507, rotation direction: -1
Basic rotation angle: 1.693121693121693, rotation gain: 0.0031608166650573537
Rotation gain: 1.24, direction: -1, curvature radius: 7.5
{'type': 'running', 'physical': {'user_x': 909.1825688756281, 'user_y': 798.613825674428, 'user_direction': -0.12053409327820891}, 'virtual': {'user_x': 2117.491202278409, 'user_y': 8603.960624492443, 'user_direction': -1.887889134563389}, 'user_v': 7.999999999999999, 'user_w': 0, 'delta_t': 0.02, 'need_reset': False}
Tangent angle: 3.7125950233153997, User angle: -0.12053409327820891, Offset angle: 0.5754922117229356
Target angle: 4.288087235038335, distance: 308.28771082474987, angle diff: 1.8745639788630415, rotation direction: -1
Basic rotation angle: 1.693121693121693, rotation gain: 0.0032019570907176878
Rotation gain: 1.24, direction: -1, curvature radius: 7.5
{'type': 'running', 'physical': {'user_x': 915.4681409928268, 'user_y': 797.7171627364755, 'user_direction': -0.14169811444223007}, 'virtual': {'user_x': 2114.996757275614, 'user_y': 8596.35945720524, 'user_direction': -1.887889134563392}, 'user_v': 7.999999999999999, 'user_w': 0, 'delta_t': 0.02, 'need_reset': False}
Tangent angle: 3.7014437287203448, User angle: -0.14169811444223007, Offset angle: 0.5671039714151677
Target angle: 4.268547700135512, distance: 314.0258340041978, angle diff: 1.8729394926018443, rotation direction: -1
Basic rotation angle: 1.693121693121693, rotation gain: 0.003243291170433006
Rotation gain: 1.24, direction: -1, curvature radius: 7.5
{'type': 'running', 'physical': {'user_x': 921.733329882318, 'user_y': 796.6876825551226, 'user_direction': -0.16286213560625123}, 'virtual': {'user_x': 2112.502312272819, 'user_y': 8588.758289918038, 'user_direction': -1.887889134563395}, 'user_v': 7.999999999999999, 'user_w': 0, 'delta_t': 0.02, 'need_reset': False}
Tangent angle: 3.6903069455582607, User angle: -0.16286213560625123, Offset angle: 0.5590423066512092
Target angle: 4.24934925220947, distance: 319.68481356809735, angle diff: 1.8709739193638653, rotation direction: -1
Basic rotation angle: 1.693121693121693, rotation gain: 0.0032846495965594947
Rotation gain: 1.24, direction: -1, curvature radius: 7.5
{'type': 'running', 'physical': {'user_x': 927.9753293718057, 'user_y': 795.5258462335881, 'user_direction': -0.1840261567702724}, 'virtual': {'user_x': 2110.007867270024, 'user_y': 8581.157122630835, 'user_direction': -1.8878891345633988}, 'user_v': 7.999999999999999, 'user_w': 0, 'delta_t': 0.02, 'need_reset': False}
Tangent angle: 3.6791840066654884, User angle: -0.1840261567702724, Offset angle: 0.5512894504658308
Target angle: 4.230473457131319, distance: 325.2663112311283, angle diff: 1.8686856932779943, rotation direction: -1
Basic rotation angle: 1.693121693121693, rotation gain: 0.0033258912901375785
Rotation gain: 1.24, direction: -1, curvature radius: 7.5
{'type': 'running', 'physical': {'user_x': 934.1913436755049, 'user_y': 794.2321741572836, 'user_direction': -0.20519017793429356}, 'virtual': {'user_x': 2107.5134222672286, 'user_y': 8573.555955343632, 'user_direction': -1.887889134563403}, 'user_v': 7.999999999999999, 'user_w': 0, 'delta_t': 0.02, 'need_reset': False}
Tangent angle: 3.6680742837864226, User angle: -0.20519017793429356, Offset angle: 0.5438290009458842
Target angle: 4.211903284732307, distance: 330.77181207821315, angle diff: 1.8660918445129857, rotation direction: -1
Basic rotation angle: 1.693121693121693, rotation gain: 0.003366899325178261
Rotation gain: 1.24, direction: -1, curvature radius: 7.5
{'type': 'running', 'physical': {'user_x': 940.3785886463708, 'user_y': 792.8072457607327, 'user_direction': -0.22635419909831472}, 'virtual': {'user_x': 2105.018977264433, 'user_y': 8565.95478805643, 'user_direction': -1.8878891345634081}, 'user_v': 7.999999999999999, 'user_w': 0, 'delta_t': 0.02, 'need_reset': False}
Tangent angle: 3.6569771847458226, User angle: -0.22635419909831472, Offset angle: 0.5366457868391061
Target angle: 4.1936229715849285, distance: 336.2026436938515, angle diff: 1.8632081364963433, rotation direction: -1
Basic rotation angle: 1.693121693121693, rotation gain: 0.0034075774162741013
Rotation gain: 1.24, direction: -1, curvature radius: 7.5
{'type': 'running', 'physical': {'user_x': 946.5342930231163, 'user_y': 791.2516992680435, 'user_direction': -0.2475182202623359}, 'virtual': {'user_x': 2102.5245322616374, 'user_y': 8558.353620769227, 'user_direction': -1.887889134563409}, 'user_v': 7.999999999999999, 'user_w': 0, 'delta_t': 0.02, 'need_reset': False}
Tangent angle: 3.645892150863381, User angle: -0.2475182202623359, Offset angle: 0.529725749448504
Target angle: 4.1756179003118845, distance: 341.5599928474428, angle diff: 1.860049186605366, rotation direction: -1
Basic rotation angle: 1.693121693121693, rotation gain: 0.0034478468926522733
Rotation gain: 1.24, direction: -1, curvature radius: 7.5
{'type': 'running', 'physical': {'user_x': 952.6556996714573, 'user_y': 789.566231407048, 'user_direction': -0.26868224142635705}, 'virtual': {'user_x': 2100.030087258842, 'user_y': 8550.752453482024, 'user_direction': -1.88788913456341}, 'user_v': 7.999999999999999, 'user_w': 0, 'delta_t': 0.02, 'need_reset': False}
Tangent angle: 3.634818654586668, User angle: -0.26868224142635705, Offset angle: 0.52305583847212
Target angle: 4.157874493058788, distance: 346.84492010210494, angle diff: 1.856628572694441, rotation direction: -1
Basic rotation angle: 1.693121693121693, rotation gain: 0.00348764409231674
Rotation gain: 1.24, direction: -1, curvature radius: 7.5
{'type': 'running', 'physical': {'user_x': 958.7400668190304, 'user_y': 787.7515970972389, 'user_direction': -0.2898462625903782}, 'virtual': {'user_x': 2097.5356422560462, 'user_y': 8543.151286194821, 'user_direction': -1.8878891345634112}, 'user_v': 7.999999999999999, 'user_w': 0, 'delta_t': 0.02, 'need_reset': False}
Tangent angle: 3.623756197321201, User angle: -0.2898462625903782, Offset angle: 0.5166239198359912
Target angle: 4.140380117157192, distance: 352.0583726513067, angle diff: 1.8529589274320157, rotation direction: -1
Basic rotation angle: 1.693121693121693, rotation gain: 0.0035269181189892217
Rotation gain: 1.24, direction: -1, curvature radius: 7.5
{'type': 'running', 'physical': {'user_x': 964.78466928343, 'user_y': 785.8086091116413, 'user_direction': -0.3110102837543994}, 'virtual': {'user_x': 2095.0411972532506, 'user_y': 8535.550118907619, 'user_direction': -1.8878891345634128}, 'user_v': 7.999999999999999, 'user_w': 0, 'delta_t': 0.02, 'need_reset': False}
Tangent angle: 3.6127043074387397, User angle: -0.3110102837543994, Offset angle: 0.5104186938835291
Target angle: 4.123123001322269, distance: 357.2011956366106, angle diff: 1.849052022102918, rotation direction: -1
Basic rotation angle: 1.693121693121693, rotation gain: 0.0035656289123655663
Rotation gain: 1.24, direction: -1, curvature radius: 7.5
{'type': 'running', 'physical': {'user_x': 970.7867996928156, 'user_y': 783.738137712773, 'user_direction': -0.33217430491842054}, 'virtual': {'user_x': 2092.546752250455, 'user_y': 8527.948951620416, 'user_direction': -1.8878891345634148}, 'user_v': 7.999999999999999, 'user_w': 0, 'delta_t': 0.02, 'need_reset': False}
Tangent angle: 3.601662538446935, User angle: -0.33217430491842054, Offset angle: 0.5044296225423907
Target angle: 4.106092160989326, distance: 362.27414215839104, angle diff: 1.8449188412718396, rotation direction: -1
Basic rotation angle: 1.693121693121693, rotation gain: 0.003603745588934588
Rotation gain: 1.24, direction: -1, curvature radius: 7.5
{'type': 'running', 'physical': {'user_x': 976.7437696985405, 'user_y': 781.5411102628542, 'user_direction': -0.3533383260824417}, 'virtual': {'user_x': 2090.0523072476594, 'user_y': 8520.347784333213, 'user_direction': -1.8878891345634177}, 'user_v': 7.999999999999999, 'user_w': 0, 'delta_t': 0.02, 'need_reset': False}
Tangent angle: 3.5906304673052656, User angle: -0.3533383260824417, Offset angle: 0.49864686430187827
Target angle: 4.089277331607144, distance: 367.27788215755214, angle diff: 1.8405696494900008, rotation direction: -1
Basic rotation angle: 1.693121693121693, rotation gain: 0.0036412450164126807
Rotation gain: 1.24, direction: -1, curvature radius: 7.5
{'type': 'running', 'physical': {'user_x': 982.6529111792611, 'user_y': 779.2185108084433, 'user_direction': -0.37450234724646286}, 'virtual': {'user_x': 2087.557862244864, 'user_y': 8512.74661704601, 'user_direction': -1.8878891345634217}, 'user_v': 7.999999999999999, 'user_w': 0, 'delta_t': 0.02, 'need_reset': False}
Tangent angle: 3.579607692873775, User angle: -0.37450234724646286, Offset angle: 0.4930612160090451
Target angle: 4.07266890888282, distance: 372.2130103184997, angle diff: 1.8360140510503031, rotation direction: -1
Basic rotation angle: 1.693121693121693, rotation gain: 0.0036781105898593316
Rotation gain: 1.24, direction: -1, curvature radius: 7.5
{'type': 'running', 'physical': {'user_x': 988.5115774359857, 'user_y': 776.7713796396828, 'user_direction': -0.395666368410484}, 'virtual': {'user_x': 2085.063417242068, 'user_y': 8505.145449758807, 'user_direction': -1.887889134563428}, 'user_v': 7.999999999999999, 'user_w': 0, 'delta_t': 0.02, 'need_reset': False}
Tangent angle: 3.5685938344825354, User angle: -0.395666368410484, Offset angle: 0.4876640606371101
Target angle: 4.0562578951196455, distance: 377.08005312070645, angle diff: 1.831261043649457, rotation direction: -1
Basic rotation angle: 1.693121693121693, rotation gain: 0.003714331181866905
Rotation gain: 1.24, direction: -1, curvature radius: 7.5
{'type': 'running', 'physical': {'user_x': 994.3171443775287, 'user_y': 774.2008128243549, 'user_direction': -0.4168303895745052}, 'virtual': {'user_x': 2082.5689722392726, 'user_y': 8497.544282471605, 'user_direction': -1.887889134563439}, 'user_v': 7.999999999999999, 'user_w': 0, 'delta_t': 0.02, 'need_reset': False}
Tangent angle: 3.557588530610991, User angle: -0.4168303895745052, Offset angle: 0.48244732030110277
Target angle: 4.040035850912094, distance: 381.87947514721816, angle diff: 1.826319066692987, rotation direction: -1
Basic rotation angle: 1.693121693121693, rotation gain: 0.0037499002429575304
Rotation gain: 1.24, direction: -1, curvature radius: 7.5
{'type': 'running', 'physical': {'user_x': 1000.0670116958386, 'user_y': 771.5079617169533, 'user_direction': -0.43799441073852635}, 'virtual': {'user_x': 2080.0745272364766, 'user_y': 8489.943115184404, 'user_direction': -1.8878891345634639}, 'user_v': 7.999999999999999, 'user_w': 0, 'delta_t': 0.02, 'need_reset': False}
Tangent angle: 3.5465914376674306, User angle: -0.43799441073852635, Offset angle: 0.47740341389731217
Target angle: 4.023994851564742, distance: 386.6116847426396, angle diff: 1.8211960448763174, rotation direction: -1
Basic rotation angle: 1.693121693121693, rotation gain: 0.0037848150315519134
Rotation gain: 1.24, direction: -1, curvature radius: 7.5
{'type': 'running', 'physical': {'user_x': 1005.7586040306734, 'user_y': 768.6940324429928, 'user_direction': -0.4591584319025475}, 'virtual': {'user_x': 2078.5508817277305, 'user_y': 8485.300204883557, 'user_direction': -1.8878891345634639}, 'user_v': 0, 'user_w': 0.1, 'delta_t': 0.02, 'need_reset': False}
Tangent angle: 3.5356022288598297, User angle: -0.4591584319025475, Offset angle: 0.4725252188286425
Target angle: 4.008127447688472, distance: 391.2770390999174, angle diff: 1.8158994275885663, rotation direction: -1
Basic rotation angle: 0.0, rotation gain: 0.003328625246043296
Rotation gain: 1.24, direction: -1, curvature radius: 2500000
{'type': 'running', 'physical': {'user_x': 1011.3893721231022, 'user_y': 765.7602853587869, 'user_direction': -0.4803224530665687}, 'virtual': {'user_x': 2078.5508817277305, 'user_y': 8485.300204883557, 'user_direction': -1.987889134563464}, 'user_v': 0, 'user_w': 0.1, 'delta_t': 0.02, 'need_reset': False}
Tangent angle: 3.5246205931501478, User angle: -0.4803224530665687, Offset angle: 0.4678060363502408
Target angle: 3.9924266295003887, distance: 395.875848844138, angle diff: 1.810436224612629, rotation direction: -1
Basic rotation angle: 0.0, rotation gain: 0.002929580241945282
Rotation gain: 1.24, direction: -1, curvature radius: 2500000
{'type': 'running', 'physical': {'user_x': 1011.3893721231022, 'user_y': 765.7602853587869, 'user_direction': -0.3996772917762461}, 'virtual': {'user_x': 2078.5508817277305, 'user_y': 8485.300204883557, 'user_direction': -2.087889134563464}, 'user_v': 0, 'user_w': 0.1, 'delta_t': 0.02, 'need_reset': False}
Tangent angle: 3.5246205931501478, User angle: -0.3996772917762461, Offset angle: 0.4678060363502408
Target angle: 3.9924266295003887, distance: 395.875848844138, angle diff: 1.8910813859029512, rotation direction: -1
Basic rotation angle: 0.0, rotation gain: 0.00258041586335952
Rotation gain: 1.24, direction: -1, curvature radius: 2500000
{'type': 'running', 'physical': {'user_x': 1011.3893721231022, 'user_y': 765.7602853587869, 'user_direction': -0.3190321304859235}, 'virtual': {'user_x': 2078.5508817277305, 'user_y': 8485.300204883557, 'user_direction': -2.1886640333168437}, 'user_v': 7.999999999999999, 'user_w': 0, 'delta_t': 0.02, 'need_reset': False}
Tangent angle: 3.5246205931501478, User angle: -0.3190321304859235, Offset angle: 0.4678060363502408
Target angle: 3.9924266295003887, distance: 395.875848844138, angle diff: 1.9717265471932741, rotation direction: -1
Basic rotation angle: 1.693121693121693, rotation gain: 0.002768858430161527
Rotation gain: 1.24, direction: -1, curvature radius: 7.5
{'type': 'running', 'physical': {'user_x': 1011.3893721231022, 'user_y': 765.7602853587869, 'user_direction': -0.2383869691956009}, 'virtual': {'user_x': 2073.9164944218214, 'user_y': 8478.77928053966, 'user_direction': -2.1886640333168437}, 'user_v': 7.999999999999999, 'user_w': 0, 'delta_t': 0.02, 'need_reset': False}
Tangent angle: 3.5246205931501478, User angle: -0.2383869691956009, Offset angle: 0.4678060363502408
Target angle: 3.9924266295003887, distance: 395.875848844138, angle diff: 2.052371708483596, rotation direction: -1
Basic rotation angle: 1.693121693121693, rotation gain: 0.0029337456761132827
Rotation gain: 1.24, direction: -1, curvature radius: 7.5
{'type': 'running', 'physical': {'user_x': 1017.5259137888801, 'user_y': 764.130783088468, 'user_direction': -0.25955099035962204}, 'virtual': {'user_x': 2069.2821071159124, 'user_y': 8472.258356195764, 'user_direction': -2.1886640333168437}, 'user_v': 7.999999999999999, 'user_w': 0, 'delta_t': 0.02, 'need_reset': False}
Tangent angle: 3.516139431997686, User angle: -0.25955099035962204, Offset angle: 0.4620722084785024
Target angle: 3.9782116404761885, distance: 401.5803812967872, angle diff: 2.045422676343776, rotation direction: -1
Basic rotation angle: 1.693121693121693, rotation gain: 0.0030812757067757296
Rotation gain: 1.24, direction: -1, curvature radius: 7.5
{'type': 'running', 'physical': {'user_x': 1023.6265969329345, 'user_y': 762.37178154195, 'user_direction': -0.2807150115236432}, 'virtual': {'user_x': 2064.6477198100033, 'user_y': 8465.737431851867, 'user_direction': -2.1886640333168432}, 'user_v': 7.999999999999999, 'user_w': 0, 'delta_t': 0.02, 'need_reset': False}
Tangent angle: 3.5076112704465174, User angle: -0.2807150115236432, Offset angle: 0.45653532121543233
Target angle: 3.9641465916619496, distance: 407.2150403289221, angle diff: 2.038323703993994, rotation direction: -1
Basic rotation angle: 1.693121693121693, rotation gain: 0.003213551494860325
Rotation gain: 1.24, direction: -1, curvature radius: 7.5
{'type': 'running', 'physical': {'user_x': 1029.6886890649403, 'user_y': 760.4840685743951, 'user_direction': -0.30187903268766436}, 'virtual': {'user_x': 2060.0133325040943, 'user_y': 8459.21650750797, 'user_direction': -2.1886640333168432}, 'user_v': 7.999999999999999, 'user_w': 0, 'delta_t': 0.02, 'need_reset': False}
Tangent angle: 3.499038096432103, User angle: -0.30187903268766436, Offset angle: 0.45118656527765244
Target angle: 3.9502246617097554, distance: 412.78021485596673, angle diff: 2.0310816127821667, rotation direction: -1
Basic rotation angle: 1.693121693121693, rotation gain: 0.0033324154968050875
Rotation gain: 1.24, direction: -1, curvature radius: 7.5
{'type': 'running', 'physical': {'user_x': 1035.709474979451, 'user_y': 758.4684896906916, 'user_direction': -0.3230430538516855}, 'virtual': {'user_x': 2055.378945198185, 'user_y': 8452.695583164073, 'user_direction': -2.188664033316843}, 'user_v': 7.999999999999999, 'user_w': 0, 'delta_t': 0.02, 'need_reset': False}
Tangent angle: 3.490421793416311, User angle: -0.3230430538516855, Offset angle: 0.4460176847683034
Target angle: 3.936439478184614, distance: 418.27623505491886, angle diff: 2.0237027751432866, rotation direction: -1
Basic rotation angle: 1.693121693121693, rotation gain: 0.003439482059567342
Rotation gain: 1.24, direction: -1, curvature radius: 7.5
{'type': 'running', 'physical': {'user_x': 1041.6862579720366, 'user_y': 756.3259476667531, 'user_direction': -0.3442070750157067}, 'virtual': {'user_x': 2050.744557892276, 'user_y': 8446.174658820177, 'user_direction': -2.188664033316843}, 'user_v': 7.999999999999999, 'user_w': 0, 'delta_t': 0.02, 'need_reset': False}
Tangent angle: 3.481764147260681, User angle: -0.3442070750157067, Offset angle: 0.4410209336766106
Target angle: 3.9227850809372917, distance: 423.70337784262347, angle diff: 2.016193151226588, rotation direction: -1
Basic rotation angle: 1.693121693121693, rotation gain: 0.0035361657898190604
Rotation gain: 1.24, direction: -1, curvature radius: 7.5
{'type': 'running', 'physical': {'user_x': 1047.616361047135, 'user_y': 754.0574021451662, 'user_direction': -0.36537109617972785}, 'virtual': {'user_x': 2046.1101705863668, 'user_y': 8439.65373447628, 'user_direction': -2.1886640333168423}, 'user_v': 7.999999999999999, 'user_w': 0, 'delta_t': 0.02, 'need_reset': False}
Tangent angle: 3.4730668525697035, User angle: -0.36537109617972785, Offset angle: 0.4361890365499206
Target angle: 3.909255889119624, distance: 429.0618718003226, angle diff: 2.0085583218802343, rotation direction: -1
Basic rotation angle: 1.693121693121693, rotation gain: 0.0036237063889127097
Rotation gain: 1.24, direction: -1, curvature radius: 7.5
{'type': 'running', 'physical': {'user_x': 1053.4971281170756, 'user_y': 751.663869205367, 'user_direction': -0.386535117343749}, 'virtual': {'user_x': 2041.4757832804576, 'user_y': 8433.132810132383, 'user_direction': -2.188664033316841}, 'user_v': 7.999999999999999, 'user_w': 0, 'delta_t': 0.02, 'need_reset': False}
Tangent angle: 3.464331518551061, User angle: -0.386535117343749, Offset angle: 0.431515152866516
Target angle: 3.895846671417577, distance: 434.35190161063866, angle diff: 2.0008035184182607, rotation direction: -1
Basic rotation angle: 1.693121693121693, rotation gain: 0.003703190394221229
Rotation gain: 1.24, direction: -1, curvature radius: 7.5
{'type': 'running', 'physical': {'user_x': 1059.3259251917393, 'user_y': 749.1464209085404, 'user_direction': -0.4076991385077702}, 'virtual': {'user_x': 2036.8413959745485, 'user_y': 8426.611885788487, 'user_direction': -2.1886640333168392}, 'user_v': 7.999999999999999, 'user_w': 0, 'delta_t': 0.02, 'need_reset': False}
Tangent angle: 3.455559674435117, User angle: -0.4076991385077702, Offset angle: 0.4269928446989994
Target angle: 3.8825525191341166, distance: 439.5736120640942, angle diff: 1.992933649537699, rotation direction: -1
Basic rotation angle: 1.693121693121693, rotation gain: 0.003775570212515907
Rotation gain: 1.24, direction: -1, curvature radius: 7.5
{'type': 'running', 'physical': {'user_x': 1065.1001415583194, 'user_y': 746.5061848174453, 'user_direction': -0.42886315967179134}, 'virtual': {'user_x': 2032.2070086686394, 'user_y': 8420.09096144459, 'user_direction': -2.1886640333168383}, 'user_v': 7.999999999999999, 'user_w': 0, 'delta_t': 0.02, 'need_reset': False}
Tangent angle: 3.446752774491787, User angle: -0.42886315967179134, Offset angle: 0.4226160473104647
Target angle: 3.8693688218022517, distance: 444.72711168460614, angle diff: 1.9849533257055434, rotation direction: -1
Basic rotation angle: 1.693121693121693, rotation gain: 0.003841680782955719
Rotation gain: 1.24, direction: -1, curvature radius: 7.5
{'type': 'running', 'physical': {'user_x': 1070.8171909506577, 'user_y': 743.7443434913793, 'user_direction': -0.4500271808358125}, 'virtual': {'user_x': 2027.5726213627304, 'user_y': 8413.570037100693, 'user_direction': -2.188664033316838}, 'user_v': 7.999999999999999, 'user_w': 0, 'delta_t': 0.02, 'need_reset': False}
Tangent angle: 3.437912202679201, User angle: -0.4500271808358125, Offset angle: 0.4183790423705131
Target angle: 3.856291245049714, distance: 449.81247601687943, angle diff: 1.9768668812940593, rotation direction: -1
Basic rotation angle: 1.693121693121693, rotation gain: 0.003902254165167455
Rotation gain: 1.24, direction: -1, curvature radius: 7.5
{'type': 'running', 'physical': {'user_x': 1076.474512707631, 'user_y': 740.8621339565121, 'user_direction': -0.47119120199983366}, 'virtual': {'user_x': 2022.9382340568213, 'user_y': 8407.049112756797, 'user_direction': -2.1886640333168375}, 'user_v': 7.999999999999999, 'user_w': 0, 'delta_t': 0.02, 'need_reset': False}
Tangent angle: 3.4290392769552915, User angle: -0.47119120199983366, Offset angle: 0.4142764335166614
Target angle: 3.843315710471953, distance: 454.82975061308025, angle diff: 1.9686783947077995, rotation direction: -1
Basic rotation angle: 1.693121693121693, rotation gain: 0.003957932311050534
Rotation gain: 1.24, direction: -1, curvature radius: 7.5
{'type': 'running', 'physical': {'user_x': 1082.0695729200684, 'user_y': 737.8608471518229, 'user_direction': -0.4923552231638548}, 'virtual': {'user_x': 2018.3038467509123, 'user_y': 8400.5281884129, 'user_direction': -2.1886640333168366}, 'user_v': 7.999999999999999, 'user_w': 0, 'delta_t': 0.02, 'need_reset': False}
Tangent angle: 3.420135253280467, User angle: -0.4923552231638548, Offset angle: 0.4103031240198203
Target angle: 3.830438377300287, distance: 459.77895375142543, angle diff: 1.9603917067154448, rotation direction: -1
Basic rotation angle: 1.693121693121693, rotation gain: 0.0040092782466894655
Rotation gain: 1.24, direction: -1, curvature radius: 7.5
{'type': 'running', 'physical': {'user_x': 1087.5998655656872, 'user_y': 734.7418273508894, 'user_direction': -0.513519244327876}, 'virtual': {'user_x': 2013.6694594450032, 'user_y': 8394.007264069003, 'user_direction': -2.1886640333168357}, 'user_v': 7.999999999999999, 'user_w': 0, 'delta_t': 0.02, 'need_reset': False}
Tangent angle: 3.4112013293368917, User angle: -0.513519244327876, Offset angle: 0.4064542963411303
Target angle: 3.817655625678022, distance: 464.66007891525726, angle diff: 1.952010437173688, rotation direction: -1
Basic rotation angle: 1.693121693121693, rotation gain: 0.004056785862527738
Rotation gain: 1.24, direction: -1, curvature radius: 7.5
{'type': 'running', 'physical': {'user_x': 1093.0629136315379, 'user_y': 731.506471559789, 'user_direction': -0.5346832654918972}, 'virtual': {'user_x': 2009.0350721390942, 'user_y': 8387.486339725107, 'user_direction': -2.1886640333168343}, 'user_v': 7.999999999999999, 'user_w': 0, 'delta_t': 0.02, 'need_reset': False}
Tangent angle: 3.402238647987524, User angle: -0.5346832654918972, Offset angle: 0.4027253933922169
Target angle: 3.804964041379741, distance: 469.47309705767697, angle diff: 1.9435380003079477, rotation direction: -1
Basic rotation angle: 1.693121693121693, rotation gain: 0.004100888485248134
Rotation gain: 1.24, direction: -1, curvature radius: 7.5
{'type': 'running', 'physical': {'user_x': 1098.456270223456, 'user_y': 728.1562288913817, 'user_direction': -0.5558472866559183}, 'virtual': {'user_x': 2004.400684833185, 'user_y': 8380.96541538121, 'user_direction': -2.188664033316833}, 'user_v': 7.999999999999999, 'user_w': 0, 'delta_t': 0.02, 'need_reset': False}
Tangent angle: 3.39324830049595, User angle: -0.5558472866559183, Offset angle: 0.39911210133243846
Target angle: 3.7923604018283887, distance: 474.21795867379285, angle diff: 1.934977618695279, rotation direction: -1
Basic rotation angle: 1.693121693121693, rotation gain: 0.004141966383177102
Rotation gain: 1.24, direction: -1, curvature radius: 7.5
{'type': 'running', 'physical': {'user_x': 1103.777519662023, 'user_y': 724.692599916253, 'user_direction': -0.5770113078199395}, 'virtual': {'user_x': 1999.766297527276, 'user_y': 8374.444491037313, 'user_direction': -2.1886640333168317}, 'user_v': 7.999999999999999, 'user_w': 0, 'delta_t': 0.02, 'need_reset': False}
Tangent angle: 3.3842313295261226, User angle: -0.5770113078199395, Offset angle: 0.39561033375542914
Target angle: 3.7798416632815517, distance: 478.89459570002947, angle diff: 1.9263323360780955, rotation direction: -1
Basic rotation angle: 1.693121693121693, rotation gain: 0.004180353338100682
Rotation gain: 1.24, direction: -1, curvature radius: 7.5
{'type': 'running', 'physical': {'user_x': 1109.0242785645485, 'user_y': 721.1171359906102, 'user_direction': -0.5981753289839606}, 'virtual': {'user_x': 1995.131910221367, 'user_y': 8367.923566693416, 'user_direction': -2.1886640333168295}, 'user_v': 7.999999999999999, 'user_w': 0, 'delta_t': 0.02, 'need_reset': False}
Tangent angle: 3.3751887319394145, User angle: -0.5981753289839606, Offset angle: 0.3922162171335835
Target angle: 3.767404949072998, distance: 483.50292325768515, angle diff: 1.9176050291226279, rotation direction: -1
Basic rotation angle: 1.693121693121693, rotation gain: 0.004216342399810201
Rotation gain: 1.24, direction: -1, curvature radius: 7.5
{'type': 'running', 'physical': {'user_x': 1114.1941969125833, 'user_y': 717.4314385614313, 'user_direction': -0.6193393501479818}, 'virtual': {'user_x': 1990.497522915458, 'user_y': 8361.40264234952, 'user_direction': -2.188664033316827}, 'user_v': 7.999999999999999, 'user_w': 0, 'delta_t': 0.02, 'need_reset': False}
Tangent angle: 3.3661214614048456, User angle: -0.6193393501479818, Offset angle: 0.3889260774034349
Target angle: 3.7550475388082805, distance: 488.04284125595336, angle diff: 1.9087984182233235, rotation direction: -1
Basic rotation angle: 1.693121693121693, rotation gain: 0.004250190925193175
Rotation gain: 1.24, direction: -1, curvature radius: 7.5
{'type': 'running', 'physical': {'user_x': 1119.2849591044917, 'user_y': 713.6371584491783, 'user_direction': -0.640503371312003}, 'virtual': {'user_x': 1985.8631356095489, 'user_y': 8354.881718005623, 'user_direction': -2.1886640333168237}, 'user_v': 7.999999999999999, 'user_w': 0, 'delta_t': 0.02, 'need_reset': False}
Tangent angle: 3.357030430836943, User angle: -0.640503371312003, Offset angle: 0.38573642758741816
Target angle: 3.742766858424361, distance: 492.5142358679161, angle diff: 1.8999150774432225, rotation direction: -1
Basic rotation angle: 1.693121693121693, rotation gain: 0.004282124990990769
Rotation gain: 1.24, direction: -1, curvature radius: 7.5
{'type': 'running', 'physical': {'user_x': 1124.294284992607, 'user_y': 709.7359951083963, 'user_direction': -0.6616673924760241}, 'virtual': {'user_x': 1981.2287483036398, 'user_y': 8348.360793661726, 'user_direction': -2.188664033316819}, 'user_v': 7.999999999999999, 'user_w': 0, 'delta_t': 0.02, 'need_reset': False}
Tangent angle: 3.3479165146744463, User angle: -0.6616673924760241, Offset angle: 0.3826439563585357
Target angle: 3.730560471032982, distance: 496.9169808915156, angle diff: 1.8909574436705796, rotation direction: -1
Basic rotation angle: 1.693121693121693, rotation gain: 0.004312343258232294
Rotation gain: 1.24, direction: -1, curvature radius: 7.5
{'type': 'running', 'physical': {'user_x': 1129.219930904507, 'user_y': 705.7296958665294, 'user_direction': -0.6828314136400453}, 'virtual': {'user_x': 1976.5943609977307, 'user_y': 8341.83986931783, 'user_direction': -2.1886640333168117}, 'user_v': 7.999999999999999, 'user_w': 0, 'delta_t': 0.02, 'need_reset': False}
Tangent angle: 3.3387805510119275, User angle: -0.6828314136400453, Offset angle: 0.37964551746415415
Target angle: 3.7184260684760817, distance: 501.25093900620266, angle diff: 1.8819278250634595, rotation direction: -1
Basic rotation angle: 1.693121693121693, rotation gain: 0.0043410203566320235
Rotation gain: 1.24, direction: -1, curvature radius: 7.5
{'type': 'running', 'physical': {'user_x': 1134.059690647954, 'user_y': 701.6200551412943, 'user_direction': -0.7039954348040665}, 'virtual': {'user_x': 1971.959973691822, 'user_y': 8335.318944973933, 'user_direction': -2.1886640333167997}, 'user_v': 7.999999999999999, 'user_w': 0, 'delta_t': 0.02, 'need_reset': False}
Tangent angle: 3.3296233435953706, User angle: -0.7039954348040665, Offset angle: 0.3767381199337333
Target angle: 3.706361463529104, distance: 505.5159629348099, angle diff: 1.8728284088464164, rotation direction: -1
Basic rotation angle: 1.693121693121693, rotation gain: 0.004368309848721324
Rotation gain: 1.24, direction: -1, curvature radius: 7.5
{'type': 'running', 'physical': {'user_x': 1138.8113964990455, 'user_y': 697.4089136369623, 'user_direction': -0.7251594559680876}, 'virtual': {'user_x': 1967.325586385913, 'user_y': 8328.798020630036, 'user_direction': -2.188664033316787}, 'user_v': 7.999999999999999, 'user_w': 0, 'delta_t': 0.02, 'need_reset': False}
Tangent angle: 3.320445663691824, User angle: -0.7251594559680876, Offset angle: 0.37391891900287033
Target angle: 3.6943645826946945, distance: 509.7118965191855, angle diff: 1.863661268516804, rotation direction: -1
Basic rotation angle: 1.693121693121693, rotation gain: 0.004394346826038378
Rotation gain: 1.24, direction: -1, curvature radius: 7.5
{'type': 'running', 'physical': {'user_x': 1143.472920173135, 'user_y': 693.0981575199098, 'user_direction': -0.7463234771321088}, 'virtual': {'user_x': 1962.8838258140197, 'user_y': 8322.54813629126, 'user_direction': -2.188664033316787}, 'user_v': 0, 'user_w': 0.1, 'delta_t': 0.02, 'need_reset': False}
Tangent angle: 3.3112482518423962, User angle: -0.7463234771321088, Offset angle: 0.3711852076927622
Target angle: 3.6824334595351584, distance: 513.8385757172349, angle diff: 1.854428370512319, rotation direction: -1
Basic rotation angle: 0.0, rotation gain: 0.0038641933631300036
Rotation gain: 1.24, direction: -1, curvature radius: 2500000
{'type': 'running', 'physical': {'user_x': 1148.04217377809, 'user_y': 688.6897175738055, 'user_direction': -0.7674874982961299}, 'virtual': {'user_x': 1962.8838258140197, 'user_y': 8322.54813629126, 'user_direction': -2.0886640333167867}, 'user_v': 0, 'user_w': 0.1, 'delta_t': 0.02, 'need_reset': False}
Tangent angle: 3.3020318195071034, User angle: -0.7674874982961299, Offset angle: 0.36853440899015394
Target angle: 3.6705662284972576, distance: 517.8958295282321, angle diff: 1.845131580386199, rotation direction: -1
Basic rotation angle: 0.0, rotation gain: 0.0034003785493888434
Rotation gain: 1.24, direction: -1, curvature radius: 2500000
{'type': 'running', 'physical': {'user_x': 1148.04217377809, 'user_y': 688.6897175738055, 'user_direction': -0.6868423370058073}, 'virtual': {'user_x': 1962.8838258140197, 'user_y': 8322.54813629126, 'user_direction': -1.9886640333167867}, 'user_v': 0, 'user_w': 0.1, 'delta_t': 0.02, 'need_reset': False}
Tangent angle: 3.3020318195071034, User angle: -0.6868423370058073, Offset angle: 0.36853440899015394
Target angle: 3.6705662284972576, distance: 517.8958295282321, angle diff: 1.925776741676521, rotation direction: -1
Basic rotation angle: 0.0, rotation gain: 0.002994540587365328
Rotation gain: 1.24, direction: -1, curvature radius: 2500000
{'type': 'running', 'physical': {'user_x': 1148.04217377809, 'user_y': 688.6897175738055, 'user_direction': -0.6061971757154847}, 'virtual': {'user_x': 1962.8838258140197, 'user_y': 8322.54813629126, 'user_direction': -1.8886640333167866}, 'user_v': 0, 'user_w': 0.1, 'delta_t': 0.02, 'need_reset': False}
Tangent angle: 3.3020318195071034, User angle: -0.6061971757154847, Offset angle: 0.36853440899015394
Target angle: 3.6705662284972576, distance: 517.8958295282321, angle diff: 2.006421902966844, rotation direction: -1
Basic rotation angle: 0.0, rotation gain: 0.0026394323705947525
Rotation gain: 1.24, direction: -1, curvature radius: 2500000
{'type': 'running', 'physical': {'user_x': 1148.04217377809, 'user_y': 688.6897175738055, 'user_direction': -0.5255520144251621}, 'virtual': {'user_x': 1962.8838258140197, 'user_y': 8322.54813629126, 'user_direction': -1.7886640333167865}, 'user_v': 0, 'user_w': 0.1, 'delta_t': 0.02, 'need_reset': False}
Tangent angle: 3.3020318195071034, User angle: -0.5255520144251621, Offset angle: 0.36853440899015394
Target angle: 3.6705662284972576, distance: 517.8958295282321, angle diff: 2.087067064257167, rotation direction: -1
Basic rotation angle: 0.0, rotation gain: 0.0023287126809204985
Rotation gain: 1.24, direction: -1, curvature radius: 2500000
{'type': 'running', 'physical': {'user_x': 1148.04217377809, 'user_y': 688.6897175738055, 'user_direction': -0.44490685313483946}, 'virtual': {'user_x': 1962.8838258140197, 'user_y': 8322.54813629126, 'user_direction': -1.6886640333167864}, 'user_v': 0, 'user_w': 0.1, 'delta_t': 0.02, 'need_reset': False}
Tangent angle: 3.3020318195071034, User angle: -0.44490685313483946, Offset angle: 0.36853440899015394
Target angle: 3.6705662284972576, distance: 517.8958295282321, angle diff: 2.167712225547489, rotation direction: -1
Basic rotation angle: 0.0, rotation gain: 0.0020568329524555265
Rotation gain: 1.24, direction: -1, curvature radius: 2500000
{'type': 'running', 'physical': {'user_x': 1148.04217377809, 'user_y': 688.6897175738055, 'user_direction': -0.36426169184451684}, 'virtual': {'user_x': 1962.8838258140197, 'user_y': 8322.54813629126, 'user_direction': -1.5886640333167863}, 'user_v': 0, 'user_w': 0.1, 'delta_t': 0.02, 'need_reset': False}
Tangent angle: 3.3020318195071034, User angle: -0.36426169184451684, Offset angle: 0.36853440899015394
Target angle: 3.6705662284972576, distance: 517.8958295282321, angle diff: 2.248357386837812, rotation direction: -1
Basic rotation angle: 0.0, rotation gain: 0.0018189381900486762
Rotation gain: 1.24, direction: -1, curvature radius: 2500000
{'type': 'running', 'physical': {'user_x': 1148.04217377809, 'user_y': 688.6897175738055, 'user_direction': -0.2836165305541942}, 'virtual': {'user_x': 1962.8838258140197, 'user_y': 8322.54813629126, 'user_direction': -1.4886640333167862}, 'user_v': 0, 'user_w': 0.1, 'delta_t': 0.02, 'need_reset': False}
Tangent angle: 3.3020318195071034, User angle: -0.2836165305541942, Offset angle: 0.36853440899015394
Target angle: 3.6705662284972576, distance: 517.8958295282321, angle diff: 2.3290025481281345, rotation direction: -1
Basic rotation angle: 0.0, rotation gain: 0.0016107802729426822
Rotation gain: 1.24, direction: -1, curvature radius: 2500000
{'type': 'running', 'physical': {'user_x': 1148.04217377809, 'user_y': 688.6897175738055, 'user_direction': -0.20297136926387163}, 'virtual': {'user_x': 1962.8838258140197, 'user_y': 8322.54813629126, 'user_direction': -1.3886640333167861}, 'user_v': 0, 'user_w': 0.1, 'delta_t': 0.02, 'need_reset': False}
Tangent angle: 3.3020318195071034, User angle: -0.20297136926387163, Offset angle: 0.36853440899015394
Target angle: 3.6705662284972576, distance: 517.8958295282321, angle diff: 2.409647709418457, rotation direction: -1
Basic rotation angle: 0.0, rotation gain: 0.0014286420954749374
Rotation gain: 1.24, direction: -1, curvature radius: 2500000
{'type': 'running', 'physical': {'user_x': 1148.04217377809, 'user_y': 688.6897175738055, 'user_direction': -0.12232620797354904}, 'virtual': {'user_x': 1962.8838258140197, 'user_y': 8322.54813629126, 'user_direction': -1.288664033316786}, 'user_v': 0, 'user_w': 0.1, 'delta_t': 0.02, 'need_reset': False}
Tangent angle: 3.3020318195071034, User angle: -0.12232620797354904, Offset angle: 0.36853440899015394
Target angle: 3.6705662284972576, distance: 517.8958295282321, angle diff: 2.4902928707087795, rotation direction: -1
Basic rotation angle: 0.0, rotation gain: 0.0012692711901906605
Rotation gain: 1.24, direction: -1, curvature radius: 2500000
{'type': 'running', 'physical': {'user_x': 1148.04217377809, 'user_y': 688.6897175738055, 'user_direction': -0.04168104668322645}, 'virtual': {'user_x': 1962.8838258140197, 'user_y': 8322.54813629126, 'user_direction': -1.188664033316786}, 'user_v': 0, 'user_w': 0.1, 'delta_t': 0.02, 'need_reset': False}
Tangent angle: 3.3020318195071034, User angle: -0.04168104668322645, Offset angle: 0.36853440899015394
Target angle: 3.6705662284972576, distance: 517.8958295282321, angle diff: 2.5709380319991024, rotation direction: -1
Basic rotation angle: 0.0, rotation gain: 0.0011298216480669183
Rotation gain: 1.24, direction: -1, curvature radius: 2500000
{'type': 'running', 'physical': {'user_x': 1148.04217377809, 'user_y': 688.6897175738055, 'user_direction': 0.038964114607096145}, 'virtual': {'user_x': 1962.8838258140197, 'user_y': 8322.54813629126, 'user_direction': -1.0886640333167859}, 'user_v': 0, 'user_w': 0.1, 'delta_t': 0.02, 'need_reset': False}
Tangent angle: 3.3020318195071034, User angle: 0.038964114607096145, Offset angle: 0.36853440899015394
Target angle: 3.6705662284972576, distance: 517.8958295282321, angle diff: 2.651583193289425, rotation direction: -1
Basic rotation angle: 0.0, rotation gain: 0.0010078032987086438
Rotation gain: 1.24, direction: -1, curvature radius: 2500000
{'type': 'running', 'physical': {'user_x': 1148.04217377809, 'user_y': 688.6897175738055, 'user_direction': 0.11960927589741874}, 'virtual': {'user_x': 1962.8838258140197, 'user_y': 8322.54813629126, 'user_direction': -0.9886640333167859}, 'user_v': 0, 'user_w': 0.1, 'delta_t': 0.02, 'need_reset': False}
Tangent angle: 3.3020318195071034, User angle: 0.11960927589741874, Offset angle: 0.36853440899015394
Target angle: 3.6705662284972576, distance: 517.8958295282321, angle diff: 2.7322283545797474, rotation direction: -1
Basic rotation angle: 0.0, rotation gain: 0.0009010372430201537
Rotation gain: 1.24, direction: -1, curvature radius: 2500000
{'type': 'running', 'physical': {'user_x': 1148.04217377809, 'user_y': 688.6897175738055, 'user_direction': 0.20025443718774133}, 'virtual': {'user_x': 1962.8838258140197, 'user_y': 8322.54813629126, 'user_direction': -0.8886640333167859}, 'user_v': 0, 'user_w': 0.1, 'delta_t': 0.02, 'need_reset': False}
Tangent angle: 3.3020318195071034, User angle: 0.20025443718774133, Offset angle: 0.36853440899015394
Target angle: 2.9334974105169493, distance: 517.8958295282321, angle diff: 2.733242973329208, rotation direction: 1
Basic rotation angle: 0.0, rotation gain: 0.0008101556494183614
Rotation gain: 1.24, direction: 1, curvature radius: 2500000
{'type': 'running', 'physical': {'user_x': 1148.04217377809, 'user_y': 688.6897175738055, 'user_direction': 0.2808995984780639}, 'virtual': {'user_x': 1962.8838258140197, 'user_y': 8322.54813629126, 'user_direction': -0.7886640333167859}, 'user_v': 0, 'user_w': 0.1, 'delta_t': 0.02, 'need_reset': False}
Tangent angle: 3.3020318195071034, User angle: 0.2808995984780639, Offset angle: 0.36853440899015394
Target angle: 2.9334974105169493, distance: 517.8958295282321, angle diff: 2.6525978120388856, rotation direction: 1
Basic rotation angle: 0.0, rotation gain: 0.0007306342550167932
Rotation gain: 1.24, direction: 1, curvature radius: 2500000
{'type': 'running', 'physical': {'user_x': 1148.04217377809, 'user_y': 688.6897175738055, 'user_direction': 0.3615447597683865}, 'virtual': {'user_x': 1962.8838258140197, 'user_y': 8322.54813629126, 'user_direction': -0.6886640333167859}, 'user_v': 0, 'user_w': 0.1, 'delta_t': 0.02, 'need_reset': False}
Tangent angle: 3.3020318195071034, User angle: 0.3615447597683865, Offset angle: 0.36853440899015394
Target angle: 2.9334974105169493, distance: 517.8958295282321, angle diff: 2.571952650748563, rotation direction: 1
Basic rotation angle: 0.0, rotation gain: 0.000661053034915421
Rotation gain: 1.24, direction: 1, curvature radius: 2500000
{'type': 'running', 'physical': {'user_x': 1148.04217377809, 'user_y': 688.6897175738055, 'user_direction': 0.44218992105870913}, 'virtual': {'user_x': 1962.8838258140197, 'user_y': 8322.54813629126, 'user_direction': -0.588664033316786}, 'user_v': 0, 'user_w': 0.1, 'delta_t': 0.02, 'need_reset': False}
Tangent angle: 3.3020318195071034, User angle: 0.44218992105870913, Offset angle: 0.36853440899015394
Target angle: 2.9334974105169493, distance: 517.8958295282321, angle diff: 2.49130748945824, rotation direction: 1
Basic rotation angle: 0.0, rotation gain: 0.0006001694673267203
Rotation gain: 1.24, direction: 1, curvature radius: 2500000
{'type': 'running', 'physical': {'user_x': 1148.04217377809, 'user_y': 688.6897175738055, 'user_direction': 0.5228350823490318}, 'virtual': {'user_x': 1962.8838258140197, 'user_y': 8322.54813629126, 'user_direction': -0.488664033316786}, 'user_v': 0, 'user_w': 0.1, 'delta_t': 0.02, 'need_reset': False}
Tangent angle: 3.3020318195071034, User angle: 0.5228350823490318, Offset angle: 0.36853440899015394
Target angle: 2.9334974105169493, distance: 517.8958295282321, angle diff: 2.4106623281679176, rotation direction: 1
Basic rotation angle: 0.0, rotation gain: 0.0005468963456866072
Rotation gain: 1.24, direction: 1, curvature radius: 2500000
{'type': 'running', 'physical': {'user_x': 1148.04217377809, 'user_y': 688.6897175738055, 'user_direction': 0.6034802436393544}, 'virtual': {'user_x': 1962.8838258140197, 'user_y': 8322.54813629126, 'user_direction': -0.388664033316786}, 'user_v': 0, 'user_w': 0.1, 'delta_t': 0.02, 'need_reset': False}
Tangent angle: 3.3020318195071034, User angle: 0.6034802436393544, Offset angle: 0.36853440899015394
Target angle: 2.9334974105169493, distance: 517.8958295282321, angle diff: 2.330017166877595, rotation direction: 1
Basic rotation angle: 0.0, rotation gain: 0.0005002823642515083
Rotation gain: 1.24, direction: 1, curvature radius: 2500000
{'type': 'running', 'physical': {'user_x': 1148.04217377809, 'user_y': 688.6897175738055, 'user_direction': 0.684125404929677}, 'virtual': {'user_x': 1962.8838258140197, 'user_y': 8322.54813629126, 'user_direction': -0.28866403331678603}, 'user_v': 0, 'user_w': 0.1, 'delta_t': 0.02, 'need_reset': False}
Tangent angle: 3.3020318195071034, User angle: 0.684125404929677, Offset angle: 0.36853440899015394
Target angle: 2.9334974105169493, distance: 517.8958295282321, angle diff: 2.249372005587272, rotation direction: 1
Basic rotation angle: 0.0, rotation gain: 0.0004594951304957967
Rotation gain: 1.24, direction: 1, curvature radius: 2500000
{'type': 'running', 'physical': {'user_x': 1148.04217377809, 'user_y': 688.6897175738055, 'user_direction': 0.7647705662199996}, 'virtual': {'user_x': 1962.8838258140197, 'user_y': 8322.54813629126, 'user_direction': -0.18866403331678602}, 'user_v': 0, 'user_w': 0.1, 'delta_t': 0.02, 'need_reset': False}
Tangent angle: 3.3020318195071034, User angle: 0.7647705662199996, Offset angle: 0.36853440899015394
Target angle: 2.9334974105169493, distance: 517.8958295282321, angle diff: 2.1687268442969496, rotation direction: 1
Basic rotation angle: 0.0, rotation gain: 0.00042380630095954904
Rotation gain: 1.24, direction: 1, curvature radius: 2500000
{'type': 'running', 'physical': {'user_x': 1148.04217377809, 'user_y': 688.6897175738055, 'user_direction': 0.8454157275103222}, 'virtual': {'user_x': 1962.8838258140197, 'user_y': 8322.54813629126, 'user_direction': -0.08866403331678602}, 'user_v': 0, 'user_w': 0.1, 'delta_t': 0.02, 'need_reset': False}
Tangent angle: 3.3020318195071034, User angle: 0.8454157275103222, Offset angle: 0.36853440899015394
Target angle: 2.9334974105169493, distance: 517.8958295282321, angle diff: 2.088081683006627, rotation direction: 1
Basic rotation angle: 0.0, rotation gain: 0.00039257857511533235
Rotation gain: 1.24, direction: 1, curvature radius: 2500000
{'type': 'running', 'physical': {'user_x': 1148.04217377809, 'user_y': 688.6897175738055, 'user_direction': 0.9260608888006449}, 'virtual': {'user_x': 1962.8838258140197, 'user_y': 8322.54813629126, 'user_direction': 0.011335966683213988}, 'user_v': 0, 'user_w': 0.1, 'delta_t': 0.02, 'need_reset': False}
Tangent angle: 3.3020318195071034, User angle: 0.9260608888006449, Offset angle: 0.36853440899015394
Target angle: 2.9334974105169493, distance: 517.8958295282321, angle diff: 2.0074365217163046, rotation direction: 1
Basic rotation angle: 0.0, rotation gain: 0.00036525431500164274
Rotation gain: 1.24, direction: 1, curvature radius: 2500000
{'type': 'running', 'physical': {'user_x': 1148.04217377809, 'user_y': 688.6897175738055, 'user_direction': 1.0067060500909675}, 'virtual': {'user_x': 1962.8838258140197, 'user_y': 8322.54813629126, 'user_direction': 0.111335966683214}, 'user_v': 0, 'user_w': 0.1, 'delta_t': 0.02, 'need_reset': False}
Tangent angle: 3.3020318195071034, User angle: 1.0067060500909675, Offset angle: 0.36853440899015394
Target angle: 2.9334974105169493, distance: 517.8958295282321, angle diff: 1.9267913604259819, rotation direction: 1
Basic rotation angle: 0.0, rotation gain: 0.00034134558740216435
Rotation gain: 1.24, direction: 1, curvature radius: 2500000
{'type': 'running', 'physical': {'user_x': 1148.04217377809, 'user_y': 688.6897175738055, 'user_direction': 1.08735121138129}, 'virtual': {'user_x': 1962.8838258140197, 'user_y': 8322.54813629126, 'user_direction': 0.211335966683214}, 'user_v': 0, 'user_w': 0.1, 'delta_t': 0.02, 'need_reset': False}
Tangent angle: 3.3020318195071034, User angle: 1.08735121138129, Offset angle: 0.36853440899015394
Target angle: 2.9334974105169493, distance: 517.8958295282321, angle diff: 1.8461461991356594, rotation direction: 1
Basic rotation angle: 0.0, rotation gain: 0.0003204254507526207
Rotation gain: 1.24, direction: 1, curvature radius: 2500000
{'type': 'running', 'physical': {'user_x': 1148.04217377809, 'user_y': 688.6897175738055, 'user_direction': 1.1679963726716125}, 'virtual': {'user_x': 1962.8838258140197, 'user_y': 8322.54813629126, 'user_direction': 0.311335966683214}, 'user_v': 0, 'user_w': 0.1, 'delta_t': 0.02, 'need_reset': False}
Tangent angle: 3.3020318195071034, User angle: 1.1679963726716125, Offset angle: 0.36853440899015394
Target angle: 2.9334974105169493, distance: 517.8958295282321, angle diff: 1.7655010378453369, rotation direction: 1
Basic rotation angle: 0.0, rotation gain: 0.00030212033118427007
Rotation gain: 1.24, direction: 1, curvature radius: 2500000
{'type': 'running', 'physical': {'user_x': 1148.04217377809, 'user_y': 688.6897175738055, 'user_direction': 1.248641533961935}, 'virtual': {'user_x': 1962.8838258140197, 'user_y': 8322.54813629126, 'user_direction': 0.41133596668321404}, 'user_v': 0, 'user_w': 0.1, 'delta_t': 0.02, 'need_reset': False}
Tangent angle: 3.3020318195071034, User angle: 1.248641533961935, Offset angle: 0.36853440899015394
Target angle: 2.9334974105169493, distance: 517.8958295282321, angle diff: 1.6848558765550143, rotation direction: 1
Basic rotation angle: 0.0, rotation gain: 0.00028610335156196325
Rotation gain: 1.24, direction: 1, curvature radius: 2500000
{'type': 'running', 'physical': {'user_x': 1148.04217377809, 'user_y': 688.6897175738055, 'user_direction': 1.3292866952522575}, 'virtual': {'user_x': 1962.8838258140197, 'user_y': 8322.54813629126, 'user_direction': 0.583961184068878}, 'user_v': 7.999999999999999, 'user_w': 0, 'delta_t': 0.02, 'need_reset': False}
Tangent angle: 3.3020318195071034, User angle: 1.3292866952522575, Offset angle: 0.36853440899015394
Target angle: 2.9334974105169493, distance: 517.8958295282321, angle diff: 1.6042107152646918, rotation direction: 1
Basic rotation angle: 1.693121693121693, rotation gain: 0.0009027822858885264
Rotation gain: 1.24, direction: 1, curvature radius: 7.5
{'type': 'running', 'physical': {'user_x': 1148.04217377809, 'user_y': 688.6897175738055, 'user_direction': 1.40993185654258}, 'virtual': {'user_x': 1969.5581079696517, 'user_y': 8326.958800380375, 'user_direction': 0.583961184068878}, 'user_v': 7.999999999999999, 'user_w': 0, 'delta_t': 0.02, 'need_reset': False}
Tangent angle: 3.3020318195071034, User angle: 1.40993185654258, Offset angle: 0.36853440899015394
Target angle: 2.9334974105169493, distance: 517.8958295282321, angle diff: 1.5235655539743693, rotation direction: 1
Basic rotation angle: 1.693121693121693, rotation gain: 0.001442376353424269
Rotation gain: 1.24, direction: 1, curvature radius: 7.5
{'type': 'running', 'physical': {'user_x': 1148.9262784656048, 'user_y': 694.9770683804901, 'user_direction': 1.4310958777066012}, 'virtual': {'user_x': 1976.2323901252837, 'user_y': 8331.36946446949, 'user_direction': 0.5839611840688792}, 'user_v': 7.999999999999999, 'user_w': 0, 'delta_t': 0.02, 'need_reset': False}
Tangent angle: 3.3129197730240003, User angle: 1.4310958777066012, Offset angle: 0.36721057685949876
Target angle: 2.9457091961645006, distance: 519.9429802471142, angle diff: 1.5146133184578994, rotation direction: 1
Basic rotation angle: 1.693121693121693, rotation gain: 0.0019141496445939238
Rotation gain: 1.24, direction: 1, curvature radius: 7.5
{'type': 'running', 'physical': {'user_x': 1149.6771294662228, 'user_y': 701.2817209513835, 'user_direction': 1.4522598988706223}, 'virtual': {'user_x': 1982.9066722809157, 'user_y': 8335.780128558605, 'user_direction': 0.5839611840688805}, 'user_v': 7.999999999999999, 'user_w': 0, 'delta_t': 0.02, 'need_reset': False}
Tangent angle: 3.3238056694923563, User angle: 1.4522598988706223, Offset angle: 0.36593918651925017
Target angle: 2.957866482973106, distance: 521.9223444700376, angle diff: 1.5056065841024837, rotation direction: 1
Basic rotation angle: 1.693121693121693, rotation gain: 0.0023265508523099324
Rotation gain: 1.24, direction: 1, curvature radius: 7.5
{'type': 'running', 'physical': {'user_x': 1150.2943904744773, 'user_y': 707.6008514384434, 'user_direction': 1.4734239200346435}, 'virtual': {'user_x': 1989.5809544365477, 'user_y': 8340.19079264772, 'user_direction': 0.5839611840688821}, 'user_v': 7.999999999999999, 'user_w': 0, 'delta_t': 0.02, 'need_reset': False}
Tangent angle: 3.334689596920944, User angle: 1.4734239200346435, Offset angle: 0.36471936515656167
Target angle: 2.969970231764382, distance: 523.8338089680299, angle diff: 1.4965463117297384, rotation direction: 1
Basic rotation angle: 1.693121693121693, rotation gain: 0.0026869729763133216
Rotation gain: 1.24, direction: 1, curvature radius: 7.5
{'type': 'running', 'physical': {'user_x': 1150.7777850197344, 'user_y': 713.9316295089825, 'user_direction': 1.4945879411986647}, 'virtual': {'user_x': 1996.2552365921797, 'user_y': 8344.601456736835, 'user_direction': 0.5839611840688838}, 'user_v': 7.999999999999999, 'user_w': 0, 'delta_t': 0.02, 'need_reset': False}
Tangent angle: 3.345571641306585, User angle: 1.4945879411986647, Offset angle: 0.36355028279717
Target angle: 2.9820213585094137, distance: 525.6772628465272, angle diff: 1.487433417310749, rotation direction: 1
Basic rotation angle: 1.693121693121693, rotation gain: 0.0030018852760924242
Rotation gain: 1.24, direction: 1, curvature radius: 7.5
{'type': 'running', 'physical': {'user_x': 1151.1270965900258, 'user_y': 720.2712196133712, 'user_direction': 1.5157519623626858}, 'virtual': {'user_x': 2002.9295187478117, 'user_y': 8349.01212082595, 'user_direction': 0.5839611840688855}, 'user_v': 7.999999999999999, 'user_w': 0, 'delta_t': 0.02, 'need_reset': False}
Tangent angle: 3.3564518867396007, User angle: 1.5157519623626858, Offset angle: 0.3624311507897855
Target angle: 2.9940207359498157, distance: 527.452597740346, angle diff: 1.4782687735871298, rotation direction: 1
Basic rotation angle: 1.693121693121693, rotation gain: 0.003276948730237446
Rotation gain: 1.24, direction: 1, curvature radius: 7.5
{'type': 'running', 'physical': {'user_x': 1151.3421687290227, 'user_y': 726.6167822550783, 'user_direction': 1.536915983526707}, 'virtual': {'user_x': 2009.6038009034437, 'user_y': 8353.422784915065, 'user_direction': 0.5839611840688875}, 'user_v': 7.999999999999999, 'user_w': 0, 'delta_t': 0.02, 'need_reset': False}
Tangent angle: 3.367330415505002, User angle: 1.536915983526707, Offset angle: 0.36136122038387763
Target angle: 3.005969195121125, distance: 529.1597079969827, angle diff: 1.469053211594418, rotation direction: 1
Basic rotation angle: 1.693121693121693, rotation gain: 0.003517117063899531
Rotation gain: 1.24, direction: 1, curvature radius: 7.5
{'type': 'running', 'physical': {'user_x': 1151.4229051061134, 'user_y': 732.9654752624789, 'user_direction': 1.5580800046907282}, 'virtual': {'user_x': 2016.2780830590757, 'user_y': 8357.83344900418, 'user_direction': 0.5839611840688896}, 'user_v': 7.999999999999999, 'user_w': 0, 'delta_t': 0.02, 'need_reset': False}
Tangent angle: 3.378207308179687, User angle: 1.5580800046907282, Offset angle: 0.36033978139563866
Target angle: 3.0178675267840482, distance: 530.7984908488744, angle diff: 1.45978752209332, rotation direction: 1
Basic rotation angle: 1.693121693121693, rotation gain: 0.0037267251483162865
Rotation gain: 1.24, direction: 1, curvature radius: 7.5
{'type': 'running', 'physical': {'user_x': 1151.3692695595494, 'user_y': 739.3144550618598, 'user_direction': 1.5792440258547493}, 'virtual': {'user_x': 2022.9523652147077, 'user_y': 8362.244113093295, 'user_direction': 0.5839611840688922}, 'user_v': 7.999999999999999, 'user_w': 0, 'delta_t': 0.02, 'need_reset': False}
Tangent angle: 3.389082643725914, User angle: 1.5792440258547493, Offset angle: 0.3593661609573034
Target angle: 3.0297164827686096, distance: 532.3688465752049, angle diff: 1.4504724569138603, rotation direction: 1
Basic rotation angle: 1.693121693121693, rotation gain: 0.003909566350872235
Rotation gain: 1.24, direction: 1, curvature radius: 7.5
{'type': 'running', 'physical': {'user_x': 1151.1812861126425, 'user_y': 745.6608779510542, 'user_direction': 1.6004080470187705}, 'virtual': {'user_x': 2029.6266473703397, 'user_y': 8366.65477718241, 'user_direction': 0.583961184068895}, 'user_v': 7.999999999999999, 'user_w': 0, 'delta_t': 0.02, 'need_reset': False}
Tangent angle: 3.399956499581276, User angle: 1.6004080470187705, Offset angle: 0.3584397223453738
Target angle: 3.041516777235902, distance: 533.8706786537902, angle diff: 1.4411087302171315, rotation direction: 1
Basic rotation angle: 1.693121693121693, rotation gain: 0.004068960216855725
Rotation gain: 1.24, direction: 1, curvature radius: 7.5
{'type': 'running', 'physical': {'user_x': 1150.8590389630042, 'user_y': 752.001901373133, 'user_direction': 1.6215720681827916}, 'virtual': {'user_x': 2036.3009295259717, 'user_y': 8371.065441271525, 'user_direction': 0.583961184068898}, 'user_v': 7.999999999999999, 'user_w': 0, 'delta_t': 0.02, 'need_reset': False}
Tangent angle: 3.4108289517454136, User angle: 1.6215720681827916, Offset angle: 0.35755986388363786
Target angle: 3.053269087861775, distance: 535.3038939035397, angle diff: 1.4316970196789833, rotation direction: 1
Basic rotation angle: 1.693121693121693, rotation gain: 0.004207811691430187
Rotation gain: 1.24, direction: 1, curvature radius: 7.5
{'type': 'running', 'physical': {'user_x': 1150.402672444834, 'user_y': 758.3346851895834, 'user_direction': 1.6427360893468128}, 'virtual': {'user_x': 2042.9752116816037, 'user_y': 8375.47610536064, 'user_direction': 0.5839611840689016}, 'user_v': 7.999999999999999, 'user_w': 0, 'delta_t': 0.02, 'need_reset': False}
Tangent angle: 3.421700074863681, User angle: 1.6427360893468128, Offset angle: 0.356726017917186
Target angle: 3.064974056946495, distance: 536.6684026179479, angle diff: 1.4222379675996821, rotation direction: 1
Basic rotation angle: 1.693121693121693, rotation gain: 0.004328662939274282
Rotation gain: 1.24, direction: 1, curvature radius: 7.5
{'type': 'running', 'physical': {'user_x': 1149.8123909642727, 'user_y': 764.6563929524042, 'user_direction': 1.663900110510834}, 'virtual': {'user_x': 2049.6494938372357, 'user_y': 8379.886769449755, 'user_direction': 0.5839611840689056}, 'user_v': 7.999999999999999, 'user_w': 0, 'delta_t': 0.02, 'need_reset': False}
Tangent angle: 3.432569942307965, User angle: 1.663900110510834, Offset angle: 0.3559376498539222
Target angle: 3.0766322924540432, distance: 537.9641186900357, angle diff: 1.4127321819432093, rotation direction: 1
Basic rotation angle: 1.693121693121693, rotation gain: 0.0044337386871650284
Rotation gain: 1.24, direction: 1, curvature radius: 7.5
{'type': 'running', 'physical': {'user_x': 1149.088458907848, 'user_y': 770.9641931745484, 'user_direction': 1.6850641316748551}, 'virtual': {'user_x': 2056.3237759928675, 'user_y': 8384.29743353887, 'user_direction': 0.5839611840689105}, 'user_v': 7.999999999999999, 'user_w': 0, 'delta_t': 0.02, 'need_reset': False}
Tangent angle: 3.4434386262548546, User angle: 1.6850641316748551, Offset angle: 0.35519425727033904
Target angle: 3.0882443689845154, distance: 539.1909597291296, angle diff: 1.4031802373096602, rotation direction: 1
Basic rotation angle: 1.693121693121693, rotation gain: 0.00452498589911997
Rotation gain: 1.24, direction: 1, curvature radius: 7.5
{'type': 'running', 'physical': {'user_x': 1148.231200524057, 'user_y': 777.2552605981438, 'user_direction': 1.7062281528388763}, 'virtual': {'user_x': 2062.9980581484992, 'user_y': 8388.708097627985, 'user_direction': 0.5839611840689146}, 'user_v': 7.999999999999999, 'user_w': 0, 'delta_t': 0.02, 'need_reset': False}
Tangent angle: 3.454306197761343, User angle: 1.7062281528388763, Offset angle: 0.3544953690785805
Target angle: 3.099810828682763, distance: 540.3488471698303, angle diff: 1.3935826758438867, rotation direction: 1
Basic rotation angle: 1.693121693121693, rotation gain: 0.004604108492513613
Rotation gain: 1.24, direction: 1, curvature radius: 7.5
{'type': 'running', 'physical': {'user_x': 1147.240999778135, 'user_y': 783.5267774599228, 'user_direction': 1.7273921740028975}, 'virtual': {'user_x': 2069.672340304131, 'user_y': 8393.1187617171, 'user_direction': 0.5839611840689196}, 'user_v': 7.999999999999999, 'user_w': 0, 'delta_t': 0.02, 'need_reset': False}
Tangent angle: 3.465172726838239, User angle: 1.7273921740028975, Offset angle: 0.35384054475204907
Target angle: 3.1113321820861906, distance: 541.4377063735002, angle diff: 1.383940008083293, rotation direction: 1
Basic rotation angle: 1.693121693121693, rotation gain: 0.004672597715032563
Rotation gain: 1.24, direction: 1, curvature radius: 7.5
{'type': 'running', 'physical': {'user_x': 1146.1183001800782, 'user_y': 789.7759347532965, 'user_direction': 1.7485561951669186}, 'virtual': {'user_x': 2076.346622459763, 'user_y': 8397.529425806215, 'user_direction': 0.5839611840689257}, 'user_v': 7.999999999999999, 'user_w': 0, 'delta_t': 0.02, 'need_reset': False}
Tangent angle: 3.4760382825214506, User angle: 1.7485561951669186, Offset angle: 0.3532293736070416
Target angle: 3.1228089089144095, distance: 542.4574667225676, angle diff: 1.374252713747491, rotation direction: 1
Basic rotation angle: 1.693121693121693, rotation gain: 0.0047317587248517775
Rotation gain: 1.24, direction: 1, curvature radius: 7.5
{'type': 'running', 'physical': {'user_x': 1144.8636045859962, 'user_y': 795.9999334865059, 'user_direction': 1.7697202163309398}, 'virtual': {'user_x': 2083.0209046153946, 'user_y': 8401.94008989533, 'user_direction': 0.5839611840689334}, 'user_v': 7.999999999999999, 'user_w': 0, 'delta_t': 0.02, 'need_reset': False}
Tangent angle: 3.486902932941306, User angle: 1.7697202163309398, Offset angle: 0.35266147413809706
Target angle: 3.13424145880321, distance: 543.4080617079209, angle diff: 1.3645212424722701, rotation direction: 1
Basic rotation angle: 1.693121693121693, rotation gain: 0.004782733848617516
Rotation gain: 1.24, direction: 1, curvature radius: 7.5
{'type': 'running', 'physical': {'user_x': 1143.4774749728822, 'user_y': 802.195985936288, 'user_direction': 1.790884237494961}, 'virtual': {'user_x': 2089.6951867710263, 'user_y': 8406.350753984445, 'user_direction': 0.583961184068943}, 'user_v': 7.999999999999999, 'user_w': 0, 'delta_t': 0.02, 'need_reset': False}
Tangent angle: 3.4977667453900585, User angle: 1.790884237494961, Offset angle: 0.3521364934049409
Target angle: 3.145630251985118, distance: 544.2894290096468, angle diff: 1.3547460144901569, rotation direction: 1
Basic rotation angle: 1.693121693121693, rotation gain: 0.004826522932500322
Rotation gain: 1.24, direction: 1, curvature radius: 7.5
{'type': 'running', 'physical': {'user_x': 1141.960532186905, 'user_y': 808.361316896494, 'user_direction': 1.8120482586589821}, 'virtual': {'user_x': 2096.369468926658, 'user_y': 8410.76141807356, 'user_direction': 0.5839611840689559}, 'user_v': 7.999999999999999, 'user_w': 0, 'delta_t': 0.02, 'need_reset': False}
Tangent angle: 3.5086297863877243, User angle: 1.8120482586589821, Offset angle: 0.35165410646908973
Target angle: 3.1569756799186344, distance: 545.101510571338, angle diff: 1.3449274212596523, rotation direction: 1
Basic rotation angle: 1.693121693121693, rotation gain: 0.0048640011496743135
Rotation gain: 1.24, direction: 1, curvature radius: 7.5
{'type': 'running', 'physical': {'user_x': 1140.3134556653326, 'user_y': 814.4931649211019, 'user_direction': 1.8332122798230033}, 'virtual': {'user_x': 2103.04375108229, 'user_y': 8415.172082162677, 'user_direction': 0.5839611840689736}, 'user_v': 7.999999999999999, 'user_w': 0, 'delta_t': 0.02, 'need_reset': False}
Tangent angle: 3.519492121746394, User angle: 1.8332122798230033, Offset angle: 0.35121401587835255
Target angle: 3.1682781058680405, distance: 545.8442526681805, angle diff: 1.3350658260450372, rotation direction: 1
Basic rotation angle: 1.693121693121693, rotation gain: 0.004895934582160345
Rotation gain: 1.24, direction: 1, curvature radius: 7.5
{'type': 'running', 'physical': {'user_x': 1138.536983132212, 'user_y': 820.5887835610654, 'user_direction': 1.8543763009870244}, 'virtual': {'user_x': 2109.7180332379216, 'user_y': 8419.582746251792, 'user_direction': 0.5839611840689549}, 'user_v': 7.999999999999999, 'user_w': 0, 'delta_t': 0.02, 'need_reset': False}
Tangent angle: 3.530353816633151, User angle: 1.8543763009870244, Offset angle: 0.350815951197632
Target angle: 3.1795378654355186, distance: 546.5176059690073, angle diff: 1.3251615644484942, rotation direction: 1
Basic rotation angle: 1.693121693121693, rotation gain: 0.004922993855229247
Rotation gain: 1.24, direction: 1, curvature radius: 7.5
{'type': 'running', 'physical': {'user_x': 1136.6319102679442, 'user_y': 826.6454425944461, 'user_direction': 1.8755403221510456}, 'virtual': {'user_x': 2116.3923153935534, 'user_y': 8423.993410340909, 'user_direction': 0.5839611840689831}, 'user_v': 7.999999999999999, 'user_w': 0, 'delta_t': 0.02, 'need_reset': False}
Tangent angle: 3.5412149356317304, User angle: 1.8755403221510456, Offset angle: 0.3504596685845769
Target angle: 3.1907552670471535, distance: 547.1215255924915, angle diff: 1.315214944896108, rotation direction: 1
Basic rotation angle: 1.693121693121693, rotation gain: 0.004945766067787524
Rotation gain: 1.24, direction: 1, curvature radius: 7.5
{'type': 'running', 'physical': {'user_x': 1134.599090352899, 'user_y': 832.6604292492773, 'user_direction': 1.8967043433150668}, 'virtual': {'user_x': 2123.066597549185, 'user_y': 8428.404074430024, 'user_direction': 0.5839611840689524}, 'user_v': 7.999999999999999, 'user_w': 0, 'delta_t': 0.02, 'need_reset': False}
Tangent angle: 3.552075542803039, User angle: 1.8967043433150668, Offset angle: 0.3501449504087928
Target angle: 3.2019305923942465, distance: 547.6559711576284, angle diff: 1.3052262490791797, rotation direction: 1
Basic rotation angle: 1.693121693121693, rotation gain: 0.004964765231740849
Rotation gain: 1.24, direction: 1, curvature radius: 7.5
{'type': 'running', 'physical': {'user_x': 1132.4394338852321, 'user_y': 838.6310494186121, 'user_direction': 1.917868364479088}, 'virtual': {'user_x': 2129.7408797048165, 'user_y': 8432.81473851914, 'user_direction': 0.5839611840690235}, 'user_v': 7.999999999999999, 'user_w': 0, 'delta_t': 0.02, 'need_reset': False}
Tangent angle: 3.562935701744663, User angle: 1.917868364479088, Offset angle: 0.349871604913451
Target angle: 3.2130640968312107, distance: 548.1209068286437, angle diff: 1.2951957323521228, rotation direction: 1
Basic rotation angle: 1.693121693121693, rotation gain: 0.004980441406706969
Rotation gain: 1.24, direction: 1, curvature radius: 7.5
{'type': 'running', 'physical': {'user_x': 1130.1539081730734, 'user_y': 844.554628867211, 'user_direction': 1.939032385643109}, 'virtual': {'user_x': 2131.4607375395767, 'user_y': 8433.95129747983, 'user_direction': 0.5839611840690235}, 'user_v': 0, 'user_w': 0.1, 'delta_t': 0.02, 'need_reset': False}
Tangent angle: 3.5737954756494807, User angle: 1.939032385643109, Offset angle: 0.3496394659182766
Target angle: 3.224156009731203, distance: 548.5163013544473, angle diff: 1.285123624088094, rotation direction: 1
Basic rotation angle: 0.0, rotation gain: 0.004379062979611439
Rotation gain: 1.24, direction: 1, curvature radius: 2500000
{'type': 'running', 'physical': {'user_x': 1127.7435369012708, 'user_y': 850.4285144293301, 'user_direction': 1.9601964068071303}, 'virtual': {'user_x': 2131.4607375395767, 'user_y': 8433.95129747983, 'user_direction': 0.48396118406902355}, 'user_v': 0, 'user_w': 0.1, 'delta_t': 0.02, 'need_reset': False}
Tangent angle: 3.5846549273635007, User angle: 1.9601964068071303, Offset angle: 0.3494483925630213
Target angle: 3.2352065348004793, distance: 548.8421281027397, angle diff: 1.275010127993349, rotation direction: 1
Basic rotation angle: 0.0, rotation gain: 0.0038528238444981867
Rotation gain: 1.24, direction: 1, curvature radius: 2500000
{'type': 'running', 'physical': {'user_x': 1127.7435369012708, 'user_y': 850.4285144293301, 'user_direction': 2.040841568097453}, 'virtual': {'user_x': 2131.4607375395767, 'user_y': 8433.95129747983, 'user_direction': 0.3839611840690236}, 'user_v': 0, 'user_w': 0.1, 'delta_t': 0.02, 'need_reset': False}
Tangent angle: 3.5846549273635007, User angle: 2.040841568097453, Offset angle: 0.3494483925630213
Target angle: 3.2352065348004793, distance: 548.8421281027397, angle diff: 1.1943649667030263, rotation direction: 1
Basic rotation angle: 0.0, rotation gain: 0.003392364601274091
Rotation gain: 1.24, direction: 1, curvature radius: 2500000
{'type': 'running', 'physical': {'user_x': 1127.7435369012708, 'user_y': 850.4285144293301, 'user_direction': 2.1214867293877755}, 'virtual': {'user_x': 2131.4607375395767, 'user_y': 8433.95129747983, 'user_direction': 0.2839611840690236}, 'user_v': 0, 'user_w': 0.1, 'delta_t': 0.02, 'need_reset': False}
Tangent angle: 3.5846549273635007, User angle: 2.1214867293877755, Offset angle: 0.3494483925630213
Target angle: 3.2352065348004793, distance: 548.8421281027397, angle diff: 1.1137198054127038, rotation direction: 1
Basic rotation angle: 0.0, rotation gain: 0.002989462763453007
Rotation gain: 1.24, direction: 1, curvature radius: 2500000
{'type': 'running', 'physical': {'user_x': 1127.7435369012708, 'user_y': 850.4285144293301, 'user_direction': 2.202131890678098}, 'virtual': {'user_x': 2131.4607375395767, 'user_y': 8433.95129747983, 'user_direction': 0.1839611840690236}, 'user_v': 0, 'user_w': 0.1, 'delta_t': 0.02, 'need_reset': False}
Tangent angle: 3.5846549273635007, User angle: 2.202131890678098, Offset angle: 0.3494483925630213
Target angle: 3.2352065348004793, distance: 548.8421281027397, angle diff: 1.0330746441223813, rotation direction: 1
Basic rotation angle: 0.0, rotation gain: 0.0026369236553595585
Rotation gain: 1.24, direction: 1, curvature radius: 2500000
{'type': 'running', 'physical': {'user_x': 1127.7435369012708, 'user_y': 850.4285144293301, 'user_direction': 2.2827770519684205}, 'virtual': {'user_x': 2131.4607375395767, 'user_y': 8433.95129747983, 'user_direction': 0.08396118406902359}, 'user_v': 0, 'user_w': 0.1, 'delta_t': 0.02, 'need_reset': False}
Tangent angle: 3.5846549273635007, User angle: 2.2827770519684205, Offset angle: 0.3494483925630213
Target angle: 3.2352065348004793, distance: 548.8421281027397, angle diff: 0.9524294828320587, rotation direction: 1
Basic rotation angle: 0.0, rotation gain: 0.0023284519357777912
Rotation gain: 1.24, direction: 1, curvature radius: 2500000
{'type': 'running', 'physical': {'user_x': 1127.7435369012708, 'user_y': 850.4285144293301, 'user_direction': 2.363422213258743}, 'virtual': {'user_x': 2131.4607375395767, 'user_y': 8433.95129747983, 'user_direction': -0.01603881593097642}, 'user_v': 0, 'user_w': 0.1, 'delta_t': 0.02, 'need_reset': False}
Tangent angle: 3.5846549273635007, User angle: 2.363422213258743, Offset angle: 0.3494483925630213
Target angle: 3.2352065348004793, distance: 548.8421281027397, angle diff: 0.8717843215417362, rotation direction: 1
Basic rotation angle: 0.0, rotation gain: 0.002058539181143745
Rotation gain: 1.24, direction: 1, curvature radius: 2500000
{'type': 'running', 'physical': {'user_x': 1127.7435369012708, 'user_y': 850.4285144293301, 'user_direction': 2.4440673745490655}, 'virtual': {'user_x': 2131.4607375395767, 'user_y': 8433.95129747983, 'user_direction': -0.11603881593097642}, 'user_v': 0, 'user_w': 0.1, 'delta_t': 0.02, 'need_reset': False}
Tangent angle: 3.5846549273635007, User angle: 2.4440673745490655, Offset angle: 0.3494483925630213
Target angle: 3.2352065348004793, distance: 548.8421281027397, angle diff: 0.7911391602514137, rotation direction: 1
Basic rotation angle: 0.0, rotation gain: 0.0018223655208389543
Rotation gain: 1.24, direction: 1, curvature radius: 2500000
{'type': 'running', 'physical': {'user_x': 1127.7435369012708, 'user_y': 850.4285144293301, 'user_direction': 2.524712535839388}, 'virtual': {'user_x': 2131.4607375395767, 'user_y': 8433.95129747983, 'user_direction': -0.21603881593097643}, 'user_v': 0, 'user_w': 0.1, 'delta_t': 0.02, 'need_reset': False}
Tangent angle: 3.5846549273635007, User angle: 2.524712535839388, Offset angle: 0.3494483925630213
Target angle: 3.2352065348004793, distance: 548.8421281027397, angle diff: 0.7104939989610912, rotation direction: 1
Basic rotation angle: 0.0, rotation gain: 0.0016157135680722624
Rotation gain: 1.24, direction: 1, curvature radius: 2500000
{'type': 'running', 'physical': {'user_x': 1127.7435369012708, 'user_y': 850.4285144293301, 'user_direction': 2.6053576971297105}, 'virtual': {'user_x': 2131.4607375395767, 'user_y': 8433.95129747983, 'user_direction': -0.31603881593097644}, 'user_v': 0, 'user_w': 0.1, 'delta_t': 0.02, 'need_reset': False}
Tangent angle: 3.5846549273635007, User angle: 2.6053576971297105, Offset angle: 0.3494483925630213
Target angle: 3.2352065348004793, distance: 548.8421281027397, angle diff: 0.6298488376707687, rotation direction: 1
Basic rotation angle: 0.0, rotation gain: 0.0014348931094014068
Rotation gain: 1.24, direction: 1, curvature radius: 2500000
{'type': 'running', 'physical': {'user_x': 1127.7435369012708, 'user_y': 850.4285144293301, 'user_direction': 2.686002858420033}, 'virtual': {'user_x': 2131.4607375395767, 'user_y': 8433.95129747983, 'user_direction': -0.41603881593097647}, 'user_v': 0, 'user_w': 0.1, 'delta_t': 0.02, 'need_reset': False}
Tangent angle: 3.5846549273635007, User angle: 2.686002858420033, Offset angle: 0.3494483925630213
Target angle: 3.2352065348004793, distance: 548.8421281027397, angle diff: 0.5492036763804462, rotation direction: 1
Basic rotation angle: 0.0, rotation gain: 0.0012766752080644083
Rotation gain: 1.24, direction: 1, curvature radius: 2500000
{'type': 'running', 'physical': {'user_x': 1127.7435369012708, 'user_y': 850.4285144293301, 'user_direction': 2.7666480197103556}, 'virtual': {'user_x': 2131.4607375395767, 'user_y': 8433.95129747983, 'user_direction': -0.5160388159309764}, 'user_v': 0, 'user_w': 0.1, 'delta_t': 0.02, 'need_reset': False}
Tangent angle: 3.5846549273635007, User angle: 2.7666480197103556, Offset angle: 0.3494483925630213
Target angle: 3.2352065348004793, distance: 548.8421281027397, angle diff: 0.4685585150901237, rotation direction: 1
Basic rotation angle: 0.0, rotation gain: 0.0011382345443945348
Rotation gain: 1.24, direction: 1, curvature radius: 2500000
{'type': 'running', 'physical': {'user_x': 1127.7435369012708, 'user_y': 850.4285144293301, 'user_direction': 2.847293181000678}, 'virtual': {'user_x': 2131.4607375395767, 'user_y': 8433.95129747983, 'user_direction': -0.6160388159309764}, 'user_v': 0, 'user_w': 0.1, 'delta_t': 0.02, 'need_reset': False}
Tangent angle: 3.5846549273635007, User angle: 2.847293181000678, Offset angle: 0.3494483925630213
Target angle: 3.2352065348004793, distance: 548.8421281027397, angle diff: 0.3879133537998012, rotation direction: 1
Basic rotation angle: 0.0, rotation gain: 0.0010170989636833954
Rotation gain: 1.24, direction: 1, curvature radius: 2500000
{'type': 'running', 'physical': {'user_x': 1127.7435369012708, 'user_y': 850.4285144293301, 'user_direction': 2.9279383422910006}, 'virtual': {'user_x': 2131.4607375395767, 'user_y': 8433.95129747983, 'user_direction': -0.7160388159309764}, 'user_v': 0, 'user_w': 0.1, 'delta_t': 0.02, 'need_reset': False}
Tangent angle: 3.5846549273635007, User angle: 2.9279383422910006, Offset angle: 0.3494483925630213
Target angle: 3.2352065348004793, distance: 548.8421281027397, angle diff: 0.3072681925094787, rotation direction: 1
Basic rotation angle: 0.0, rotation gain: 0.0009111053305611483
Rotation gain: 1.24, direction: 1, curvature radius: 2500000
{'type': 'running', 'physical': {'user_x': 1127.7435369012708, 'user_y': 850.4285144293301, 'user_direction': 3.008583503581323}, 'virtual': {'user_x': 2131.4607375395767, 'user_y': 8433.95129747983, 'user_direction': -0.8160388159309764}, 'user_v': 0, 'user_w': 0.1, 'delta_t': 0.02, 'need_reset': False}
Tangent angle: 3.5846549273635007, User angle: 3.008583503581323, Offset angle: 0.3494483925630213
Target angle: 3.2352065348004793, distance: 548.8421281027397, angle diff: 0.22662303121915617, rotation direction: 1
Basic rotation angle: 0.0, rotation gain: 0.000818360901579182
Rotation gain: 1.24, direction: 1, curvature radius: 2500000
{'type': 'running', 'physical': {'user_x': 1127.7435369012708, 'user_y': 850.4285144293301, 'user_direction': 3.0892286648716456}, 'virtual': {'user_x': 2131.4607375395767, 'user_y': 8433.95129747983, 'user_direction': -0.9160388159309764}, 'user_v': 0, 'user_w': 0.1, 'delta_t': 0.02, 'need_reset': False}
Tangent angle: 3.5846549273635007, User angle: 3.0892286648716456, Offset angle: 0.3494483925630213
Target angle: 3.2352065348004793, distance: 548.8421281027397, angle diff: 0.14597786992883366, rotation direction: 1
Basic rotation angle: 0.0, rotation gain: 0.0007372095262199617
Rotation gain: 1.24, direction: 1, curvature radius: 2500000
{'type': 'running', 'physical': {'user_x': 1127.7435369012708, 'user_y': 850.4285144293301, 'user_direction': 3.169873826161968}, 'virtual': {'user_x': 2131.4607375395767, 'user_y': 8433.95129747983, 'user_direction': -1.0160388159309763}, 'user_v': 0, 'user_w': 0.1, 'delta_t': 0.02, 'need_reset': False}
Tangent angle: 3.5846549273635007, User angle: 3.169873826161968, Offset angle: 0.3494483925630213
Target angle: 3.2352065348004793, distance: 548.8421281027397, angle diff: 0.06533270863851115, rotation direction: 1
Basic rotation angle: 0.0, rotation gain: 0.0006662020727806438
Rotation gain: 1.24, direction: 1, curvature radius: 2500000
{'type': 'running', 'physical': {'user_x': 1127.7435369012708, 'user_y': 850.4285144293301, 'user_direction': 3.2505189874522906}, 'virtual': {'user_x': 2131.4607375395767, 'user_y': 8433.95129747983, 'user_direction': -1.1160388159309764}, 'user_v': 0, 'user_w': 0.1, 'delta_t': 0.02, 'need_reset': False}
Tangent angle: 3.5846549273635007, User angle: 3.2505189874522906, Offset angle: 0.3494483925630213
Target angle: 3.2352065348004793, distance: 548.8421281027397, angle diff: 0.015312452651811359, rotation direction: -1
Basic rotation angle: 0.0, rotation gain: 0.0006040705510212406
Rotation gain: 1.24, direction: -1, curvature radius: 2500000
{'type': 'running', 'physical': {'user_x': 1127.7435369012708, 'user_y': 850.4285144293301, 'user_direction': 3.331164148742613}, 'virtual': {'user_x': 2131.4607375395767, 'user_y': 8433.95129747983, 'user_direction': -1.2160388159309765}, 'user_v': 0, 'user_w': 0.1, 'delta_t': 0.02, 'need_reset': False}
Tangent angle: 3.5846549273635007, User angle: 3.331164148742613, Offset angle: 0.3494483925630213
Target angle: 3.2352065348004793, distance: 548.8421281027397, angle diff: 0.09595761394213387, rotation direction: -1
Basic rotation angle: 0.0, rotation gain: 0.0005497054694817629
Rotation gain: 1.24, direction: -1, curvature radius: 2500000
{'type': 'running', 'physical': {'user_x': 1127.7435369012708, 'user_y': 850.4285144293301, 'user_direction': 3.4118093100329356}, 'virtual': {'user_x': 2131.4607375395767, 'user_y': 8433.95129747983, 'user_direction': -1.3160388159309766}, 'user_v': 0, 'user_w': 0.1, 'delta_t': 0.02, 'need_reset': False}
Tangent angle: 3.5846549273635007, User angle: 3.4118093100329356, Offset angle: 0.3494483925630213
Target angle: 3.2352065348004793, distance: 548.8421281027397, angle diff: 0.17660277523245638, rotation direction: -1
Basic rotation angle: 0.0, rotation gain: 0.0005021360231347199
Rotation gain: 1.24, direction: -1, curvature radius: 2500000
{'type': 'running', 'physical': {'user_x': 1127.7435369012708, 'user_y': 850.4285144293301, 'user_direction': 3.492454471323258}, 'virtual': {'user_x': 2131.4607375395767, 'user_y': 8433.95129747983, 'user_direction': -1.4160388159309767}, 'user_v': 0, 'user_w': 0.1, 'delta_t': 0.02, 'need_reset': False}
Tangent angle: 3.5846549273635007, User angle: 3.492454471323258, Offset angle: 0.3494483925630213
Target angle: 3.2352065348004793, distance: 548.8421281027397, angle diff: 0.2572479365227789, rotation direction: -1
Basic rotation angle: 0.0, rotation gain: 0.0004605127575810572
Rotation gain: 1.24, direction: -1, curvature radius: 2500000
{'type': 'running', 'physical': {'user_x': 1127.7435369012708, 'user_y': 850.4285144293301, 'user_direction': 3.5730996326135807}, 'virtual': {'user_x': 2131.4607375395767, 'user_y': 8433.95129747983, 'user_direction': -1.5160388159309768}, 'user_v': 0, 'user_w': 0.1, 'delta_t': 0.02, 'need_reset': False}
Tangent angle: 3.5846549273635007, User angle: 3.5730996326135807, Offset angle: 0.3494483925630213
Target angle: 3.2352065348004793, distance: 548.8421281027397, angle diff: 0.3378930978131014, rotation direction: -1
Basic rotation angle: 0.0, rotation gain: 0.0004240924002216024
Rotation gain: 1.24, direction: -1, curvature radius: 2500000
{'type': 'running', 'physical': {'user_x': 1127.7435369012708, 'user_y': 850.4285144293301, 'user_direction': 3.653744793903903}, 'virtual': {'user_x': 2131.4607375395767, 'user_y': 8433.95129747983, 'user_direction': -1.6160388159309769}, 'user_v': 0, 'user_w': 0.1, 'delta_t': 0.02, 'need_reset': False}
Tangent angle: 3.5846549273635007, User angle: 3.653744793903903, Offset angle: 0.3494483925630213
Target angle: 3.934103319926522, distance: 548.8421281027397, angle diff: 0.2803585260226189, rotation direction: 1
Basic rotation angle: 0.0, rotation gain: 0.00038855198534739623
Rotation gain: 1.24, direction: 1, curvature radius: 2500000
{'type': 'running', 'physical': {'user_x': 1127.7435369012708, 'user_y': 850.4285144293301, 'user_direction': 3.7343899551942257}, 'virtual': {'user_x': 2131.4607375395767, 'user_y': 8433.95129747983, 'user_direction': -1.716038815930977}, 'user_v': 0, 'user_w': 0.1, 'delta_t': 0.02, 'need_reset': False}
Tangent angle: 3.5846549273635007, User angle: 3.7343899551942257, Offset angle: 0.3494483925630213
Target angle: 3.934103319926522, distance: 548.8421281027397, angle diff: 0.1997133647322964, rotation direction: 1
Basic rotation angle: 0.0, rotation gain: 0.0003574541223324659
Rotation gain: 1.24, direction: 1, curvature radius: 2500000
{'type': 'running', 'physical': {'user_x': 1127.7435369012708, 'user_y': 850.4285144293301, 'user_direction': 3.815035116484548}, 'virtual': {'user_x': 2131.4607375395767, 'user_y': 8433.95129747983, 'user_direction': -1.816038815930977}, 'user_v': 0, 'user_w': 0.1, 'delta_t': 0.02, 'need_reset': False}
Tangent angle: 3.5846549273635007, User angle: 3.815035116484548, Offset angle: 0.3494483925630213
Target angle: 3.934103319926522, distance: 548.8421281027397, angle diff: 0.11906820344197389, rotation direction: 1
Basic rotation angle: 0.0, rotation gain: 0.0003302434921944018
Rotation gain: 1.24, direction: 1, curvature radius: 2500000
{'type': 'running', 'physical': {'user_x': 1127.7435369012708, 'user_y': 850.4285144293301, 'user_direction': 3.8956802777748707}, 'virtual': {'user_x': 2131.4607375395767, 'user_y': 8433.95129747983, 'user_direction': -1.9160388159309771}, 'user_v': 0, 'user_w': 0.1, 'delta_t': 0.02, 'need_reset': False}
Tangent angle: 3.5846549273635007, User angle: 3.8956802777748707, Offset angle: 0.3494483925630213
Target angle: 3.934103319926522, distance: 548.8421281027397, angle diff: 0.038423042151651376, rotation direction: 1
Basic rotation angle: 0.0, rotation gain: 0.00030643419082359576
Rotation gain: 1.24, direction: 1, curvature radius: 2500000
{'type': 'running', 'physical': {'user_x': 1127.7435369012708, 'user_y': 850.4285144293301, 'user_direction': 3.976325439065193}, 'virtual': {'user_x': 2131.4607375395767, 'user_y': 8433.95129747983, 'user_direction': -2.016038815930977}, 'user_v': 0, 'user_w': 0.1, 'delta_t': 0.02, 'need_reset': False}
Tangent angle: 3.5846549273635007, User angle: 3.976325439065193, Offset angle: 0.3494483925630213
Target angle: 3.934103319926522, distance: 548.8421281027397, angle diff: 0.04222211913867113, rotation direction: -1
Basic rotation angle: 0.0, rotation gain: 0.00028560105212414047
Rotation gain: 1.24, direction: -1, curvature radius: 2500000
{'type': 'running', 'physical': {'user_x': 1127.7435369012708, 'user_y': 850.4285144293301, 'user_direction': 4.056970600355516}, 'virtual': {'user_x': 2131.4607375395767, 'user_y': 8433.95129747983, 'user_direction': -2.215330858247661}, 'user_v': 7.999999999999999, 'user_w': 0, 'delta_t': 0.02, 'need_reset': False}
Tangent angle: 3.5846549273635007, User angle: 4.056970600355516, Offset angle: 0.3494483925630213
Target angle: 3.934103319926522, distance: 548.8421281027397, angle diff: 0.12286728042899409, rotation direction: -1
Basic rotation angle: 1.693121693121693, rotation gain: 0.0007740349752134476
Rotation gain: 1.24, direction: -1, curvature radius: 7.5
{'type': 'running', 'physical': {'user_x': 1127.7435369012708, 'user_y': 850.4285144293301, 'user_direction': 4.137615761645839}, 'virtual': {'user_x': 2126.6541261988427, 'user_y': 8427.556261325193, 'user_direction': -2.215330858247661}, 'user_v': 7.999999999999999, 'user_w': 0, 'delta_t': 0.02, 'need_reset': False}
Tangent angle: 3.5846549273635007, User angle: 4.137615761645839, Offset angle: 0.3494483925630213
Target angle: 3.934103319926522, distance: 548.8421281027397, angle diff: 0.20351244171931704, rotation direction: -1
Basic rotation angle: 1.693121693121693, rotation gain: 0.0012014146579165913
Rotation gain: 1.24, direction: -1, curvature radius: 7.5
{'type': 'running', 'physical': {'user_x': 1124.1798246344576, 'user_y': 845.1737664673278, 'user_direction': 4.116451740481818}, 'virtual': {'user_x': 2121.8475148581088, 'user_y': 8421.161225170556, 'user_direction': -2.2153308582476594}, 'user_v': 7.999999999999999, 'user_w': 0, 'delta_t': 0.02, 'need_reset': False}
Tangent angle: 3.579091281994303, User angle: 4.116451740481818, Offset angle: 0.3528909275967001
Target angle: 3.9319822095910033, distance: 543.0236314540894, angle diff: 0.18446953089081441, rotation direction: -1
Basic rotation angle: 1.693121693121693, rotation gain: 0.0015758391932762712
Rotation gain: 1.24, direction: -1, curvature radius: 7.5
{'type': 'running', 'physical': {'user_x': 1120.505707164328, 'user_y': 839.9956121551728, 'user_direction': 4.095287719317796}, 'virtual': {'user_x': 2117.0409035173748, 'user_y': 8414.766189015918, 'user_direction': -2.2153308582476576}, 'user_v': 7.999999999999999, 'user_w': 0, 'delta_t': 0.02, 'need_reset': False}
Tangent angle: 3.5736237439970977, User angle: 4.095287719317796, Offset angle: 0.35643602508313416
Target angle: 3.930059769080232, distance: 537.1443800733405, angle diff: 0.16522795023756442, rotation direction: -1
Basic rotation angle: 1.693121693121693, rotation gain: 0.0019038835595831154
Rotation gain: 1.24, direction: -1, curvature radius: 7.5
{'type': 'running', 'physical': {'user_x': 1116.722830124691, 'user_y': 834.8963707833814, 'user_direction': 4.074123698153775}, 'virtual': {'user_x': 2112.234292176641, 'user_y': 8408.37115286128, 'user_direction': -2.215330858247656}, 'user_v': 7.999999999999999, 'user_w': 0, 'delta_t': 0.02, 'need_reset': False}
Tangent angle: 3.568256004469331, User angle: 4.074123698153775, Offset angle: 0.36008724095647177
Target angle: 3.9283432454258027, distance: 531.2050340304336, angle diff: 0.14578045272797224, rotation direction: -1
Basic rotation angle: 1.693121693121693, rotation gain: 0.002191299461631185
Rotation gain: 1.24, direction: -1, curvature radius: 7.5
{'type': 'running', 'physical': {'user_x': 1112.832887862666, 'user_y': 829.8783262974373, 'user_direction': 4.052959676989754}, 'virtual': {'user_x': 2107.427680835907, 'user_y': 8401.976116706643, 'user_direction': -2.215330858247654}, 'user_v': 7.999999999999999, 'user_w': 0, 'delta_t': 0.02, 'need_reset': False}
Tangent angle: 3.5629919238490766, User angle: 4.052959676989754, Offset angle: 0.3638483017905278
Target angle: 3.926840225639604, distance: 525.2062602205659, angle diff: 0.12611945135014935, rotation direction: -1
Basic rotation angle: 1.693121693121693, rotation gain: 0.0024431181532592328
Rotation gain: 1.24, direction: -1, curvature radius: 7.5
{'type': 'running', 'physical': {'user_x': 1108.8376226797864, 'user_y': 824.9437262748141, 'user_direction': 4.031795655825732}, 'virtual': {'user_x': 2102.621069495173, 'user_y': 8395.581080552005, 'user_direction': -2.2153308582476514}, 'user_v': 7.999999999999999, 'user_w': 0, 'delta_t': 0.02, 'need_reset': False}
Tangent angle: 3.557835541512323, User angle: 4.031795655825732, Offset angle: 0.36772311431981736
Target angle: 3.9255586558321403, distance: 519.1487322962613, angle diff: 0.10623699999359193, rotation direction: -1
Basic rotation angle: 1.693121693121693, rotation gain: 0.0026637404006612346
Rotation gain: 1.24, direction: -1, curvature radius: 7.5
{'type': 'running', 'physical': {'user_x': 1104.738824051624, 'user_y': 820.0947809182879, 'user_direction': 4.010631634661711}, 'virtual': {'user_x': 2097.814458154439, 'user_y': 8389.186044397367, 'user_direction': -2.2153308582476487}, 'user_v': 7.999999999999999, 'user_w': 0, 'delta_t': 0.02, 'need_reset': False}
Tangent angle: 3.5527910859775393, User angle: 4.010631634661711, Offset angle: 0.3717157755660021
Target angle: 3.9245068615435414, distance: 513.0331305992679, angle diff: 0.08612477311816935, rotation direction: -1
Basic rotation angle: 1.693121693121693, rotation gain: 0.0028570151933437664
Rotation gain: 1.24, direction: -1, curvature radius: 7.5
{'type': 'running', 'physical': {'user_x': 1100.5383278262852, 'user_y': 815.3336620659891, 'user_direction': 3.9894676134976894}, 'virtual': {'user_x': 2093.007846813705, 'user_y': 8382.79100824273, 'user_direction': -2.215330858247646}, 'user_v': 7.999999999999999, 'user_w': 0, 'delta_t': 0.02, 'need_reset': False}
Tangent angle: 3.54786298575825, User angle: 3.9894676134976894, Offset angle: 0.37583058361015625
Target angle: 3.9236935693684063, distance: 506.860142092356, angle diff: 0.06577404412928312, rotation direction: -1
Basic rotation angle: 1.693121693121693, rotation gain: 0.0030263086087013455
Rotation gain: 1.24, direction: -1, curvature radius: 7.5
{'type': 'running', 'physical': {'user_x': 1096.2380154021355, 'user_y': 810.662502218638, 'user_direction': 3.968303592333668}, 'virtual': {'user_x': 2088.201235472971, 'user_y': 8376.395972088092, 'user_direction': -2.215330858247643}, 'user_v': 7.999999999999999, 'user_w': 0, 'delta_t': 0.02, 'need_reset': False}
Tangent angle: 3.5430558809069046, User angle: 3.968303592333668, Offset angle: 0.3800720490537719
Target angle: 3.9231279299606765, distance: 500.63046029108904, angle diff: 0.04517566237299153, rotation direction: -1
Basic rotation angle: 1.693121693121693, rotation gain: 0.0031745640603833636
Rotation gain: 1.24, direction: -1, curvature radius: 7.5
{'type': 'running', 'physical': {'user_x': 1091.8398128851231, 'user_y': 806.0833935844004, 'user_direction': 3.9471395711696466}, 'virtual': {'user_x': 2083.394624132237, 'user_y': 8370.000935933454, 'user_direction': -2.215330858247639}, 'user_v': 7.999999999999999, 'user_w': 0, 'delta_t': 0.02, 'need_reset': False}
Tangent angle: 3.5383746352959644, User angle: 3.9471395711696466, Offset angle: 0.38444490721401703
Target angle: 3.9228195425099814, distance: 494.34478519565255, angle diff: 0.024320028659665205, rotation direction: -1
Basic rotation angle: 1.693121693121693, rotation gain: 0.00330435500679874
Rotation gain: 1.24, direction: -1, curvature radius: 7.5
{'type': 'running', 'physical': {'user_x': 1087.345690226079, 'user_y': 801.5983871417889, 'user_direction': 3.9259755500056253}, 'virtual': {'user_x': 2078.588012791503, 'user_y': 8363.605899778817, 'user_direction': -2.215330858247635}, 'user_v': 7.999999999999999, 'user_w': 0, 'delta_t': 0.02, 'need_reset': False}
Tangent angle: 3.533824349684819, User angle: 3.9259755500056253, Offset angle: 0.3889541311014144
Target angle: 3.922778480786233, distance: 488.0038232228348, angle diff: 0.0031970692193921124, rotation direction: -1
Basic rotation angle: 1.693121693121693, rotation gain: 0.0034179310615002016
Rotation gain: 1.24, direction: -1, curvature radius: 7.5
{'type': 'running', 'physical': {'user_x': 1082.7576603383757, 'user_y': 797.2094917210317, 'user_direction': 3.904811528841604}, 'virtual': {'user_x': 2073.7814014507694, 'user_y': 8357.21086362418, 'user_direction': -2.21533085824763}, 'user_v': 7.999999999999999, 'user_w': 0, 'delta_t': 0.02, 'need_reset': False}
Tangent angle: 3.5294103756239106, User angle: 3.904811528841604, Offset angle: 0.39360494523080564
Target angle: 3.923015320854716, distance: 481.6082871382616, angle diff: 0.018203792013112174, rotation direction: 1
Basic rotation angle: 1.693121693121693, rotation gain: 0.0035172583294058478
Rotation gain: 1.24, direction: 1, curvature radius: 7.5
{'type': 'running', 'physical': {'user_x': 1078.2635376793314, 'user_y': 792.7244852784202, 'user_direction': 3.9259755500056253}, 'virtual': {'user_x': 2068.974790110036, 'user_y': 8350.815827469542, 'user_direction': -2.2153308582476283}, 'user_v': 7.999999999999999, 'user_w': 0, 'delta_t': 0.02, 'need_reset': False}
Tangent angle: 3.5246542816333, User angle: 3.9259755500056253, Offset angle: 0.39832149253724797
Target angle: 3.922975774170548, distance: 475.26701831642106, angle diff: 0.0029997758350770454, rotation direction: -1
Basic rotation angle: 1.693121693121693, rotation gain: 0.0036041783355003822
Rotation gain: 1.24, direction: -1, curvature radius: 7.5
{'type': 'running', 'physical': {'user_x': 1073.6755077916282, 'user_y': 788.335589857663, 'user_direction': 3.904811528841604}, 'virtual': {'user_x': 2064.1681787693024, 'user_y': 8344.420791314904, 'user_direction': -2.2153308582476265}, 'user_v': 7.999999999999999, 'user_w': 0, 'delta_t': 0.02, 'need_reset': False}
Tangent angle: 3.5200323795058774, User angle: 3.904811528841604, Offset angle: 0.4031893396596907
Target angle: 3.9232217191655683, distance: 468.8696845485861, angle diff: 0.018410190323964404, rotation direction: 1
Basic rotation angle: 1.693121693121693, rotation gain: 0.003680179562008665
Rotation gain: 1.24, direction: 1, curvature radius: 7.5
{'type': 'running', 'physical': {'user_x': 1069.181385132584, 'user_y': 783.8505834150515, 'user_direction': 3.9259755500056253}, 'virtual': {'user_x': 2059.361567428569, 'user_y': 8338.025755160266, 'user_direction': -2.215330858247624}, 'user_v': 7.999999999999999, 'user_w': 0, 'delta_t': 0.02, 'need_reset': False}
Tangent angle: 3.515056916792216, User angle: 3.9259755500056253, Offset angle: 0.408126999778317
Target angle: 3.923183916570533, distance: 462.52806312372536, angle diff: 0.0027916334350921446, rotation direction: -1
Basic rotation angle: 1.693121693121693, rotation gain: 0.0037466889018498767
Rotation gain: 1.24, direction: -1, curvature radius: 7.5
{'type': 'running', 'physical': {'user_x': 1064.5933552448807, 'user_y': 779.4616879942943, 'user_direction': 3.904811528841604}, 'virtual': {'user_x': 2054.5549560878353, 'user_y': 8331.630719005629, 'user_direction': -2.2153308582476203}, 'user_v': 7.999999999999999, 'user_w': 0, 'delta_t': 0.02, 'need_reset': False}
Tangent angle: 3.5102130967192076, User angle: 3.904811528841604, Offset angle: 0.4132265304766822
Target angle: 3.9234396271958896, distance: 456.12880110277774, angle diff: 0.018628098354285694, rotation direction: 1
Basic rotation angle: 1.693121693121693, rotation gain: 0.003804828650939269
Rotation gain: 1.24, direction: 1, curvature radius: 7.5
{'type': 'running', 'physical': {'user_x': 1060.0992325858365, 'user_y': 774.9766815516828, 'user_direction': 3.9259755500056253}, 'virtual': {'user_x': 2049.748344747102, 'user_y': 8325.235682850991, 'user_direction': -2.2153308582476168}, 'user_v': 7.999999999999999, 'user_w': 0, 'delta_t': 0.02, 'need_reset': False}
Tangent angle: 3.5050035748669393, User angle: 3.9259755500056253, Offset angle: 0.4184002549044968
Target angle: 3.923403829771436, distance: 449.78677494221046, angle diff: 0.0025717202341892786, rotation direction: -1
Basic rotation angle: 1.693121693121693, rotation gain: 0.0038557087608550402
Rotation gain: 1.24, direction: -1, curvature radius: 7.5
{'type': 'running', 'physical': {'user_x': 1055.5112026981333, 'user_y': 770.5877861309256, 'user_direction': 3.904811528841604}, 'virtual': {'user_x': 2044.9417334063683, 'user_y': 8318.840646696353, 'user_direction': -2.215330858247612}, 'user_v': 7.999999999999999, 'user_w': 0, 'delta_t': 0.02, 'need_reset': False}
Tangent angle: 3.499922663678862, User angle: 3.904811528841604, Offset angle: 0.42374737345612584
Target angle: 3.9236700371349875, distance: 443.3854401765469, angle diff: 0.018858508293383647, rotation direction: 1
Basic rotation angle: 1.693121693121693, rotation gain: 0.003900170628164563
Rotation gain: 1.24, direction: 1, curvature radius: 7.5
{'type': 'running', 'physical': {'user_x': 1051.017080039089, 'user_y': 766.1027796883141, 'user_direction': 3.9259755500056253}, 'virtual': {'user_x': 2040.1351220656347, 'user_y': 8312.445610541716, 'user_direction': -2.2153308582476052}, 'user_v': 7.999999999999999, 'user_w': 0, 'delta_t': 0.02, 'need_reset': False}
Tangent angle: 3.4944631543515983, User angle: 3.9259755500056253, Offset angle: 0.4291733888757893
Target angle: 3.9236365432273876, distance: 437.0429497282511, angle diff: 0.002339006778237618, rotation direction: -1
Basic rotation angle: 1.693121693121693, rotation gain: 0.0039390820889993305
Rotation gain: 1.24, direction: -1, curvature radius: 7.5
{'type': 'running', 'physical': {'user_x': 1046.4290501513858, 'user_y': 761.7138842675569, 'user_direction': 3.904811528841604}, 'virtual': {'user_x': 2035.3285107249012, 'user_y': 8306.050574387078, 'user_direction': -2.2153308582475963}, 'user_v': 7.999999999999999, 'user_w': 0, 'delta_t': 0.02, 'need_reset': False}
Tangent angle: 3.4891286814759326, User angle: 3.904811528841604, Offset angle: 0.4347853773400658
Target angle: 3.923914058815998, distance: 430.63938183121303, angle diff: 0.019102529974394322, rotation direction: 1
Basic rotation angle: 1.693121693121693, rotation gain: 0.003973068903839997
Rotation gain: 1.24, direction: 1, curvature radius: 7.5
{'type': 'running', 'physical': {'user_x': 1041.9349274923416, 'user_y': 757.2288778249454, 'user_direction': 3.9259755500056253}, 'virtual': {'user_x': 2030.5218993841677, 'user_y': 8299.65553823244, 'user_direction': -2.215330858247584}, 'user_v': 7.999999999999999, 'user_w': 0, 'delta_t': 0.02, 'need_reset': False}
Tangent angle: 3.483401900152969, User angle: 3.9259755500056253, Offset angle: 0.44048131013329145
Target angle: 3.9238832102862604, distance: 424.2963588810924, angle diff: 0.002092339719364844, rotation direction: -1
Basic rotation angle: 1.693121693121693, rotation gain: 0.004002814116337116
Rotation gain: 1.24, direction: -1, curvature radius: 7.5
{'type': 'running', 'physical': {'user_x': 1037.3468976046383, 'user_y': 752.8399824041882, 'user_direction': 3.904811528841604}, 'virtual': {'user_x': 2025.7152880434344, 'user_y': 8293.260502077803, 'user_direction': -2.2153308582475635}, 'user_v': 7.999999999999999, 'user_w': 0, 'delta_t': 0.02, 'need_reset': False}
Tangent angle: 3.4777959724468817, User angle: 3.904811528841604, Offset angle: 0.44637696527484944
Target angle: 3.924172937721731, distance: 417.8903792452209, angle diff: 0.01936140888012705, rotation direction: 1
Basic rotation angle: 1.693121693121693, rotation gain: 0.0040287777800420005
Rotation gain: 1.24, direction: 1, curvature radius: 7.5
{'type': 'running', 'physical': {'user_x': 1032.852774945594, 'user_y': 748.3549759615767, 'user_direction': 3.9259755500056253}, 'virtual': {'user_x': 2020.9086767027013, 'user_y': 8286.865465923163, 'user_direction': -2.2153308582475364}, 'user_v': 7.999999999999999, 'user_w': 0, 'delta_t': 0.02, 'need_reset': False}
Tangent angle: 3.4717831490410918, User angle: 3.9259755500056253, Offset angle: 0.45236197840482095
Target angle: 3.9241451274459127, distance: 411.54674542591283, angle diff: 0.0018304225597125523, rotation direction: -1
Basic rotation angle: 1.693121693121693, rotation gain: 0.004051502071745842
Rotation gain: 1.24, direction: -1, curvature radius: 7.5
{'type': 'running', 'physical': {'user_x': 1028.2647450578909, 'user_y': 743.9660805408195, 'user_direction': 3.904811528841604}, 'virtual': {'user_x': 2016.102065361968, 'user_y': 8280.470429768526, 'user_direction': -2.2153308582475804}, 'user_v': 7.999999999999999, 'user_w': 0, 'delta_t': 0.02, 'need_reset': False}
Tangent angle: 3.465886313846476, User angle: 3.904811528841604, Offset angle: 0.4585617625629031
Target angle: 3.924448076409379, distance: 405.13815446806046, angle diff: 0.01963654756777533, rotation direction: 1
Basic rotation angle: 1.693121693121693, rotation gain: 0.004071319523116902
Rotation gain: 1.24, direction: 1, curvature radius: 7.5
{'type': 'running', 'physical': {'user_x': 1023.7706223988465, 'user_y': 739.481074098208, 'user_direction': 3.9259755500056253}, 'virtual': {'user_x': 2013.8074220657056, 'user_y': 8277.41748335756, 'user_direction': -2.2153308582475804}, 'user_v': 0, 'user_w': 0.1, 'delta_t': 0.02, 'need_reset': False}
Tangent angle: 3.4595670515948798, User angle: 3.9259755500056253, Offset angle: 0.46485670573041743
Target angle: 3.924423757325297, distance: 398.7938194605021, angle diff: 0.0015517926803281235, rotation direction: -1
Basic rotation angle: 0.0, rotation gain: 0.0035799466005077924
Rotation gain: 1.24, direction: -1, curvature radius: 2500000
{'type': 'running', 'physical': {'user_x': 1019.1825925111433, 'user_y': 735.0921786774508, 'user_direction': 3.904811528841604}, 'virtual': {'user_x': 2013.8074220657056, 'user_y': 8277.41748335756, 'user_direction': -2.1153308582475803}, 'user_v': 0, 'user_w': 0.1, 'delta_t': 0.02, 'need_reset': False}
Tangent angle: 3.45335814740962, User angle: 3.904811528841604, Offset angle: 0.471382912728375
Target angle: 3.924741060137995, distance: 392.3823933412195, angle diff: 0.01992953129639119, rotation direction: 1
Basic rotation angle: 0.0, rotation gain: 0.0031499929778756397
Rotation gain: 1.24, direction: 1, curvature radius: 2500000
{'type': 'running', 'physical': {'user_x': 1019.1825925111433, 'user_y': 735.0921786774508, 'user_direction': 3.9854566901319264}, 'virtual': {'user_x': 2013.8074220657056, 'user_y': 8277.41748335756, 'user_direction': -2.01533085824758}, 'user_v': 0, 'user_w': 0.1, 'delta_t': 0.02, 'need_reset': False}
Tangent angle: 3.45335814740962, User angle: 3.9854566901319264, Offset angle: 0.471382912728375
Target angle: 3.924741060137995, distance: 392.3823933412195, angle diff: 0.06071562999393132, rotation direction: -1
Basic rotation angle: 0.0, rotation gain: 0.0027737835580725063
Rotation gain: 1.24, direction: -1, curvature radius: 2500000
{'type': 'running', 'physical': {'user_x': 1019.1825925111433, 'user_y': 735.0921786774508, 'user_direction': 4.066101851422249}, 'virtual': {'user_x': 2013.8074220657056, 'user_y': 8277.41748335756, 'user_direction': -1.91533085824758}, 'user_v': 0, 'user_w': 0.1, 'delta_t': 0.02, 'need_reset': False}
Tangent angle: 3.45335814740962, User angle: 4.066101851422249, Offset angle: 0.471382912728375
Target angle: 3.924741060137995, distance: 392.3823933412195, angle diff: 0.14136079128425383, rotation direction: -1
Basic rotation angle: 0.0, rotation gain: 0.0024446003157447644
Rotation gain: 1.24, direction: -1, curvature radius: 2500000
{'type': 'running', 'physical': {'user_x': 1019.1825925111433, 'user_y': 735.0921786774508, 'user_direction': 4.146747012712572}, 'virtual': {'user_x': 2013.8074220657056, 'user_y': 8277.41748335756, 'user_direction': -1.81533085824758}, 'user_v': 0, 'user_w': 0.1, 'delta_t': 0.02, 'need_reset': False}
Tangent angle: 3.45335814740962, User angle: 4.146747012712572, Offset angle: 0.471382912728375
Target angle: 3.924741060137995, distance: 392.3823933412195, angle diff: 0.22200595257457678, rotation direction: -1
Basic rotation angle: 0.0, rotation gain: 0.0021565649787079902
Rotation gain: 1.24, direction: -1, curvature radius: 2500000
{'type': 'running', 'physical': {'user_x': 1019.1825925111433, 'user_y': 735.0921786774508, 'user_direction': 4.227392174002895}, 'virtual': {'user_x': 2013.8074220657056, 'user_y': 8277.41748335756, 'user_direction': -1.71533085824758}, 'user_v': 0, 'user_w': 0.1, 'delta_t': 0.02, 'need_reset': False}
Tangent angle: 3.45335814740962, User angle: 4.227392174002895, Offset angle: 0.471382912728375
Target angle: 3.924741060137995, distance: 392.3823933412195, angle diff: 0.30265111386489973, rotation direction: -1
Basic rotation angle: 0.0, rotation gain: 0.001904534058800813
Rotation gain: 1.24, direction: -1, curvature radius: 2500000
{'type': 'running', 'physical': {'user_x': 1019.1825925111433, 'user_y': 735.0921786774508, 'user_direction': 4.308037335293218}, 'virtual': {'user_x': 2013.8074220657056, 'user_y': 8277.41748335756, 'user_direction': -1.6153308582475798}, 'user_v': 0, 'user_w': 0.1, 'delta_t': 0.02, 'need_reset': False}
Tangent angle: 3.45335814740962, User angle: 4.308037335293218, Offset angle: 0.471382912728375
Target angle: 3.924741060137995, distance: 392.3823933412195, angle diff: 0.3832962751552227, rotation direction: -1
Basic rotation angle: 0.0, rotation gain: 0.0016840070038820329
Rotation gain: 1.24, direction: -1, curvature radius: 2500000
{'type': 'running', 'physical': {'user_x': 1019.1825925111433, 'user_y': 735.0921786774508, 'user_direction': 4.388682496583541}, 'virtual': {'user_x': 2013.8074220657056, 'user_y': 8277.41748335756, 'user_direction': -1.5153308582475797}, 'user_v': 0, 'user_w': 0.1, 'delta_t': 0.02, 'need_reset': False}
Tangent angle: 3.45335814740962, User angle: 4.388682496583541, Offset angle: 0.471382912728375
Target angle: 3.924741060137995, distance: 392.3823933412195, angle diff: 0.46394143644554564, rotation direction: -1
Basic rotation angle: 0.0, rotation gain: 0.0014910458308281002
Rotation gain: 1.24, direction: -1, curvature radius: 2500000
{'type': 'running', 'physical': {'user_x': 1019.1825925111433, 'user_y': 735.0921786774508, 'user_direction': 4.469327657873864}, 'virtual': {'user_x': 2013.8074220657056, 'user_y': 8277.41748335756, 'user_direction': -1.4153308582475796}, 'user_v': 0, 'user_w': 0.1, 'delta_t': 0.02, 'need_reset': False}
Tangent angle: 3.45335814740962, User angle: 4.469327657873864, Offset angle: 0.471382912728375
Target angle: 3.924741060137995, distance: 392.3823933412195, angle diff: 0.5445865977358686, rotation direction: -1
Basic rotation angle: 0.0, rotation gain: 0.001322204804405909
Rotation gain: 1.24, direction: -1, curvature radius: 2500000
{'type': 'running', 'physical': {'user_x': 1019.1825925111433, 'user_y': 735.0921786774508, 'user_direction': 4.549972819164187}, 'virtual': {'user_x': 2013.8074220657056, 'user_y': 8277.41748335756, 'user_direction': -1.3153308582475796}, 'user_v': 0, 'user_w': 0.1, 'delta_t': 0.02, 'need_reset': False}
Tangent angle: 3.45335814740962, User angle: 4.549972819164187, Offset angle: 0.471382912728375
Target angle: 3.924741060137995, distance: 392.3823933412195, angle diff: 0.6252317590261915, rotation direction: -1
Basic rotation angle: 0.0, rotation gain: 0.001174468906286492
Rotation gain: 1.24, direction: -1, curvature radius: 2500000
{'type': 'running', 'physical': {'user_x': 1019.1825925111433, 'user_y': 735.0921786774508, 'user_direction': 4.63061798045451}, 'virtual': {'user_x': 2013.8074220657056, 'user_y': 8277.41748335756, 'user_direction': -1.2153308582475795}, 'user_v': 0, 'user_w': 0.1, 'delta_t': 0.02, 'need_reset': False}
Tangent angle: 3.45335814740962, User angle: 4.63061798045451, Offset angle: 0.471382912728375
Target angle: 3.924741060137995, distance: 392.3823933412195, angle diff: 0.7058769203165145, rotation direction: -1
Basic rotation angle: 0.0, rotation gain: 0.001045199995432002
Rotation gain: 1.24, direction: -1, curvature radius: 2500000
{'type': 'running', 'physical': {'user_x': 1019.1825925111433, 'user_y': 735.0921786774508, 'user_direction': 4.7112631417448325}, 'virtual': {'user_x': 2013.8074220657056, 'user_y': 8277.41748335756, 'user_direction': -1.1153308582475794}, 'user_v': 0, 'user_w': 0.1, 'delta_t': 0.02, 'need_reset': False}
Tangent angle: 3.45335814740962, User angle: 4.7112631417448325, Offset angle: 0.471382912728375
Target angle: 3.924741060137995, distance: 392.3823933412195, angle diff: 0.7865220816068375, rotation direction: -1
Basic rotation angle: 0.0, rotation gain: 0.0009320896984343232
Rotation gain: 1.24, direction: -1, curvature radius: 2500000
{'type': 'running', 'physical': {'user_x': 1019.1825925111433, 'user_y': 735.0921786774508, 'user_direction': 4.7919083030351555}, 'virtual': {'user_x': 2013.8074220657056, 'user_y': 8277.41748335756, 'user_direction': -1.0153308582475793}, 'user_v': 0, 'user_w': 0.1, 'delta_t': 0.02, 'need_reset': False}
Tangent angle: 3.45335814740962, User angle: 4.7919083030351555, Offset angle: 0.471382912728375
Target angle: 3.924741060137995, distance: 392.3823933412195, angle diff: 0.8671672428971604, rotation direction: -1
Basic rotation angle: 0.0, rotation gain: 0.0008331181885613542
Rotation gain: 1.24, direction: -1, curvature radius: 2500000
{'type': 'running', 'physical': {'user_x': 1019.1825925111433, 'user_y': 735.0921786774508, 'user_direction': 4.872553464325478}, 'virtual': {'user_x': 2013.8074220657056, 'user_y': 8277.41748335756, 'user_direction': -0.9153308582475793}, 'user_v': 0, 'user_w': 0.1, 'delta_t': 0.02, 'need_reset': False}
Tangent angle: 3.45335814740962, User angle: 4.872553464325478, Offset angle: 0.471382912728375
Target angle: 3.924741060137995, distance: 392.3823933412195, angle diff: 0.9478124041874834, rotation direction: -1
Basic rotation angle: 0.0, rotation gain: 0.0007465181174225064
Rotation gain: 1.24, direction: -1, curvature radius: 2500000
{'type': 'running', 'physical': {'user_x': 1019.1825925111433, 'user_y': 735.0921786774508, 'user_direction': 4.953198625615801}, 'virtual': {'user_x': 2013.8074220657056, 'user_y': 8277.41748335756, 'user_direction': -0.8153308582475793}, 'user_v': 0, 'user_w': 0.1, 'delta_t': 0.02, 'need_reset': False}
Tangent angle: 3.45335814740962, User angle: 4.953198625615801, Offset angle: 0.471382912728375
Target angle: 3.924741060137995, distance: 392.3823933412195, angle diff: 1.0284575654778063, rotation direction: -1
Basic rotation angle: 0.0, rotation gain: 0.0006707430551760146
Rotation gain: 1.24, direction: -1, curvature radius: 2500000
{'type': 'running', 'physical': {'user_x': 1019.1825925111433, 'user_y': 735.0921786774508, 'user_direction': 5.033843786906124}, 'virtual': {'user_x': 2013.8074220657056, 'user_y': 8277.41748335756, 'user_direction': -0.7153308582475794}, 'user_v': 0, 'user_w': 0.1, 'delta_t': 0.02, 'need_reset': False}
Tangent angle: 3.45335814740962, User angle: 5.033843786906124, Offset angle: 0.471382912728375
Target angle: 3.924741060137995, distance: 392.3823933412195, angle diff: 1.1091027267681293, rotation direction: -1
Basic rotation angle: 0.0, rotation gain: 0.0006044398757103342
Rotation gain: 1.24, direction: -1, curvature radius: 2500000
{'type': 'running', 'physical': {'user_x': 1019.1825925111433, 'user_y': 735.0921786774508, 'user_direction': 5.114488948196447}, 'virtual': {'user_x': 2013.8074220657056, 'user_y': 8277.41748335756, 'user_direction': -0.6153308582475794}, 'user_v': 0, 'user_w': 0.1, 'delta_t': 0.02, 'need_reset': False}
Tangent angle: 3.45335814740962, User angle: 5.114488948196447, Offset angle: 0.471382912728375
Target angle: 3.924741060137995, distance: 392.3823933412195, angle diff: 1.1897478880584522, rotation direction: -1
Basic rotation angle: 0.0, rotation gain: 0.0005464245936778639
Rotation gain: 1.24, direction: -1, curvature radius: 2500000
{'type': 'running', 'physical': {'user_x': 1019.1825925111433, 'user_y': 735.0921786774508, 'user_direction': 5.19513410948677}, 'virtual': {'user_x': 2013.8074220657056, 'user_y': 8277.41748335756, 'user_direction': -0.5153308582475794}, 'user_v': 0, 'user_w': 0.1, 'delta_t': 0.02, 'need_reset': False}
Tangent angle: 3.45335814740962, User angle: 5.19513410948677, Offset angle: 0.471382912728375
Target angle: 3.924741060137995, distance: 392.3823933412195, angle diff: 1.2703930493487752, rotation direction: -1
Basic rotation angle: 0.0, rotation gain: 0.0004956612218994524
Rotation gain: 1.24, direction: -1, curvature radius: 2500000
{'type': 'running', 'physical': {'user_x': 1019.1825925111433, 'user_y': 735.0921786774508, 'user_direction': 5.275779270777093}, 'virtual': {'user_x': 2013.8074220657056, 'user_y': 8277.41748335756, 'user_direction': -0.4153308582475794}, 'user_v': 0, 'user_w': 0.1, 'delta_t': 0.02, 'need_reset': False}
Tangent angle: 3.45335814740962, User angle: 5.275779270777093, Offset angle: 0.471382912728375
Target angle: 3.924741060137995, distance: 392.3823933412195, angle diff: 1.3510382106390981, rotation direction: -1
Basic rotation angle: 0.0, rotation gain: 0.0004512432715933423
Rotation gain: 1.24, direction: -1, curvature radius: 2500000
{'type': 'running', 'physical': {'user_x': 1019.1825925111433, 'user_y': 735.0921786774508, 'user_direction': 5.356424432067416}, 'virtual': {'user_x': 2013.8074220657056, 'user_y': 8277.41748335756, 'user_direction': -0.31533085824757945}, 'user_v': 0, 'user_w': 0.1, 'delta_t': 0.02, 'need_reset': False}
Tangent angle: 3.45335814740962, User angle: 5.356424432067416, Offset angle: 0.471382912728375
Target angle: 3.924741060137995, distance: 392.3823933412195, angle diff: 1.431683371929421, rotation direction: -1
Basic rotation angle: 0.0, rotation gain: 0.000412377565075496
Rotation gain: 1.24, direction: -1, curvature radius: 2500000
{'type': 'running', 'physical': {'user_x': 1019.1825925111433, 'user_y': 735.0921786774508, 'user_direction': 5.437069593357739}, 'virtual': {'user_x': 2013.8074220657056, 'user_y': 8277.41748335756, 'user_direction': -0.14083396941495738}, 'user_v': 7.999999999999999, 'user_w': 0, 'delta_t': 0.02, 'need_reset': False}
Tangent angle: 3.45335814740962, User angle: 5.437069593357739, Offset angle: 0.471382912728375
Target angle: 3.924741060137995, distance: 392.3823933412195, angle diff: 1.512328533219744, rotation direction: -1
Basic rotation angle: 1.693121693121693, rotation gain: 0.0008870214423807039
Rotation gain: 1.24, direction: -1, curvature radius: 7.5
{'type': 'running', 'physical': {'user_x': 1019.1825925111433, 'user_y': 735.0921786774508, 'user_direction': 5.517714754648062}, 'virtual': {'user_x': 2021.7282162831966, 'user_y': 8276.294532350543, 'user_direction': -0.14083396941495738}, 'user_v': 7.999999999999999, 'user_w': 0, 'delta_t': 0.02, 'need_reset': False}
Tangent angle: 3.45335814740962, User angle: 5.517714754648062, Offset angle: 0.471382912728375
Target angle: 3.924741060137995, distance: 392.3823933412195, angle diff: 1.592973694510067, rotation direction: -1
Basic rotation angle: 1.693121693121693, rotation gain: 0.0013023348350227606
Rotation gain: 1.24, direction: -1, curvature radius: 7.5
{'type': 'running', 'physical': {'user_x': 1023.6666049989052, 'user_y': 730.5970642991065, 'user_direction': 5.496550733484041}, 'virtual': {'user_x': 2029.6490105006876, 'user_y': 8275.171581343526, 'user_direction': -0.14083396941495538}, 'user_v': 7.999999999999999, 'user_w': 0, 'delta_t': 0.02, 'need_reset': False}
Tangent angle: 3.440604916492434, User angle: 5.496550733484041, Offset angle: 0.4680228176534746
Target angle: 3.9086277341459086, distance: 395.66271671063896, angle diff: 1.587922999338132, rotation direction: -1
Basic rotation angle: 1.693121693121693, rotation gain: 0.0016692401711825094
Rotation gain: 1.24, direction: -1, curvature radius: 7.5
{'type': 'running', 'physical': {'user_x': 1028.0544857002071, 'user_y': 726.0080639487095, 'user_direction': 5.475386712320019}, 'virtual': {'user_x': 2037.5698047181786, 'user_y': 8274.048630336509, 'user_direction': -0.1408339694149532}, 'user_v': 7.999999999999999, 'user_w': 0, 'delta_t': 0.02, 'need_reset': False}
Tangent angle: 3.4278799200794037, User angle: 5.475386712320019, Offset angle: 0.46476581611326173
Target angle: 3.8926457361926654, distance: 398.88428761756325, angle diff: 1.5827409761273539, rotation direction: -1
Basic rotation angle: 1.693121693121693, rotation gain: 0.001993716898293073
Rotation gain: 1.24, direction: -1, curvature radius: 7.5
{'type': 'running', 'physical': {'user_x': 1032.3442692873505, 'user_y': 721.3272330352628, 'user_direction': 5.454222691155998}, 'virtual': {'user_x': 2045.4905989356696, 'user_y': 8272.925679329492, 'user_direction': -0.14083396941495074}, 'user_v': 7.999999999999999, 'user_w': 0, 'delta_t': 0.02, 'need_reset': False}
Tangent angle: 3.4151821595346594, User angle: 5.454222691155998, Offset angle: 0.46160886623555014
Target angle: 3.8767910257702094, distance: 402.04709259190764, angle diff: 1.5774316653857885, rotation direction: -1
Basic rotation angle: 1.693121693121693, rotation gain: 0.00228099866601264
Rotation gain: 1.24, direction: -1, curvature radius: 7.5
{'type': 'running', 'physical': {'user_x': 1036.5340343702428, 'user_y': 716.5566680985936, 'user_direction': 5.4330586699919765}, 'virtual': {'user_x': 2053.4113931531606, 'user_y': 8271.802728322475, 'user_direction': -0.14083396941494802}, 'user_v': 7.999999999999999, 'user_w': 0, 'delta_t': 0.02, 'need_reset': False}
Tangent angle: 3.4025106725201186, User angle: 5.4330586699919765, Offset angle: 0.4585490721948598
Target angle: 3.8610597447149786, distance: 405.15110766454285, angle diff: 1.571998925276998, rotation direction: -1
Basic rotation angle: 1.693121693121693, rotation gain: 0.0025356664778945163
Rotation gain: 1.24, direction: -1, curvature radius: 7.5
{'type': 'running', 'physical': {'user_x': 1040.6219043569874, 'user_y': 711.6985058703149, 'user_direction': 5.411894648827955}, 'virtual': {'user_x': 2061.332187370652, 'user_y': 8270.679777315458, 'user_direction': -0.14083396941494494}, 'user_v': 7.999999999999999, 'user_w': 0, 'delta_t': 0.02, 'need_reset': False}
Tangent angle: 3.3898645311604, User angle: 5.411894648827955, Offset angle: 0.4555836761157788
Target angle: 3.8454482072761786, distance: 408.1962993620091, angle diff: 1.5664464415517765, rotation direction: -1
Basic rotation angle: 1.693121693121693, rotation gain: 0.002761730203255257
Rotation gain: 1.24, direction: -1, curvature radius: 7.5
{'type': 'running', 'physical': {'user_x': 1044.6060482944067, 'user_y': 706.7549223167853, 'user_direction': 5.390730627663934}, 'virtual': {'user_x': 2069.252981588143, 'user_y': 8269.55682630844, 'user_direction': -0.14083396941494172}, 'user_v': 7.999999999999999, 'user_w': 0, 'delta_t': 0.02, 'need_reset': False}
Tangent angle: 3.3772428403107044, User angle: 5.390730627663934, Offset angle: 0.4527100505452827
Target angle: 3.8299528908559872, distance: 411.1826256286022, angle diff: 1.5607777368079465, rotation direction: -1
Basic rotation angle: 1.693121693121693, rotation gain: 0.002962699903938576
Rotation gain: 1.24, direction: -1, curvature radius: 7.5
{'type': 'running', 'physical': {'user_x': 1048.484681688124, 'user_y': 701.728131664496, 'user_direction': 5.369566606499912}, 'virtual': {'user_x': 2077.1737758056342, 'user_y': 8268.433875301424, 'user_direction': -0.1408339694149381}, 'user_v': 7.999999999999999, 'user_w': 0, 'delta_t': 0.02, 'need_reset': False}
Tangent angle: 3.36464473592082, User angle: 5.369566606499912, Offset angle: 0.44992569144761463
Target angle: 3.8145704273684347, distance: 414.1100366820961, angle diff: 1.5549961791314777, rotation direction: -1
Basic rotation angle: 1.693121693121693, rotation gain: 0.0031416482488574
Rotation gain: 1.24, direction: -1, curvature radius: 7.5
{'type': 'running', 'physical': {'user_x': 1052.256067301838, 'user_y': 696.6203854083205, 'user_direction': 5.348402585335891}, 'virtual': {'user_x': 2085.0945700231255, 'user_y': 8267.310924294407, 'user_direction': -0.14083396941493387}, 'user_v': 7.999999999999999, 'user_w': 0, 'delta_t': 0.02, 'need_reset': False}
Tangent angle: 3.352069383488901, User angle: 5.348402585335891, Offset angle: 0.4472282116797441
Target angle: 3.7992975951686447, distance: 416.97847580873633, angle diff: 1.5491049901672462, rotation direction: -1
Basic rotation angle: 1.693121693121693, rotation gain: 0.0033012651301059827
Rotation gain: 1.24, direction: -1, curvature radius: 7.5
{'type': 'running', 'physical': {'user_x': 1055.9185159354276, 'user_y': 691.4339713030722, 'user_direction': 5.32723856417187}, 'virtual': {'user_x': 2093.0153642406167, 'user_y': 8266.18797328739, 'user_direction': -0.14083396941492898}, 'user_v': 7.999999999999999, 'user_w': 0, 'delta_t': 0.02, 'need_reset': False}
Tangent angle: 3.3395159765991527, User angle: 5.32723856417187, Offset angle: 0.44461533490936167
Target angle: 3.7841313115085145, distance: 419.7878801025749, angle diff: 1.5431072526633551, rotation direction: -1
Basic rotation angle: 1.693121693121693, rotation gain: 0.0034439054552281253
Rotation gain: 1.24, direction: -1, curvature radius: 7.5
{'type': 'running', 'physical': {'user_x': 1059.4703871815454, 'user_y': 686.1712123388212, 'user_direction': 5.306074543007848}, 'virtual': {'user_x': 2100.936158458108, 'user_y': 8265.065022280372, 'user_direction': -0.14083396941492318}, 'user_v': 7.999999999999999, 'user_w': 0, 'delta_t': 0.02, 'need_reset': False}
Tangent angle: 3.3269837355379543, User angle: 5.306074543007848, Offset angle: 0.44208488994088657
Target angle: 3.769068625478841, distance: 422.538181153729, angle diff: 1.5370059175290072, rotation direction: -1
Basic rotation angle: 1.693121693121693, rotation gain: 0.0035716309684207808
Rotation gain: 1.24, direction: -1, curvature radius: 7.5
{'type': 'running', 'physical': {'user_x': 1062.9100901603524, 'user_y': 680.8344657004292, 'user_direction': 5.284910521843827}, 'virtual': {'user_x': 2108.856952675599, 'user_y': 8263.942071273355, 'user_direction': -0.14083396941491627}, 'user_v': 7.999999999999999, 'user_w': 0, 'delta_t': 0.02, 'need_reset': False}
Tangent angle: 3.314471905983363, User angle: 5.284910521843827, Offset angle: 0.4396348054181175
Target angle: 3.7541067114014806, distance: 425.2293056896943, angle diff: 1.5308038104423463, rotation direction: -1
Basic rotation angle: 1.693121693121693, rotation gain: 0.003686246846869987
Rotation gain: 1.24, direction: -1, curvature radius: 7.5
{'type': 'running', 'physical': {'user_x': 1066.2360842320732, 'user_y': 675.4261217117686, 'user_direction': 5.263746500679805}, 'virtual': {'user_x': 2116.7777468930904, 'user_y': 8262.819120266338, 'user_direction': -0.14083396941490786}, 'user_v': 7.999999999999999, 'user_w': 0, 'delta_t': 0.02, 'need_reset': False}
Tangent angle: 3.3019797577632803, User angle: 5.263746500679805, Offset angle: 0.4372631048749807
Target angle: 3.7392428626382612, distance: 427.86117617345855, angle diff: 1.5245036380415442, rotation direction: -1
Basic rotation angle: 1.693121693121693, rotation gain: 0.003789333725155226
Rotation gain: 1.24, direction: -1, curvature radius: 7.5
{'type': 'running', 'physical': {'user_x': 1069.4468796870458, 'user_y': 669.9486027650985, 'user_direction': 5.242582479515784}, 'virtual': {'user_x': 2124.6985411105816, 'user_y': 8261.696169259321, 'user_direction': -0.14083396941489737}, 'user_v': 7.999999999999999, 'user_w': 0, 'delta_t': 0.02, 'need_reset': False}
Tangent angle: 3.2895065836779125, User angle: 5.242582479515784, Offset angle: 0.43496790210837727
Target angle: 3.7244744857862897, distance: 430.4337113617998, angle diff: 1.5181079937294943, rotation direction: -1
Basic rotation angle: 1.693121693121693, rotation gain: 0.0038822757190539086
Rotation gain: 1.24, direction: -1, curvature radius: 7.5
{'type': 'running', 'physical': {'user_x': 1072.5410384129623, 'user_y': 664.4043622360776, 'user_direction': 5.221418458351763}, 'virtual': {'user_x': 2132.619335328073, 'user_y': 8260.573218252304, 'user_direction': -0.14083396941488396}, 'user_v': 7.999999999999999, 'user_w': 0, 'delta_t': 0.02, 'need_reset': False}
Tangent angle: 3.2770516983824436, User angle: 5.221418458351763, Offset angle: 0.4327473968494052
Target angle: 3.709799095231849, distance: 432.9468268268479, angle diff: 1.5116193631199137, rotation direction: -1
Basic rotation angle: 1.693121693121693, rotation gain: 0.003966284948672767
Rotation gain: 1.24, direction: -1, curvature radius: 7.5
{'type': 'running', 'physical': {'user_x': 1075.5171745389976, 'user_y': 658.7958833848998, 'user_direction': 5.200254437187741}, 'virtual': {'user_x': 2140.540129545564, 'user_y': 8259.450267245289, 'user_direction': -0.14083396941486626}, 'user_v': 7.999999999999999, 'user_w': 0, 'delta_t': 0.02, 'need_reset': False}
Tangent angle: 3.264614437326129, User angle: 5.200254437187741, Offset angle: 0.4305998707113022
Target angle: 3.695214308037431, distance: 435.40043544369837, angle diff: 1.5050401291503102, rotation direction: -1
Basic rotation angle: 1.693121693121693, rotation gain: 0.0040424229983526995
Rotation gain: 1.24, direction: -1, curvature radius: 7.5
{'type': 'running', 'physical': {'user_x': 1078.3739550565397, 'user_y': 653.1256782440433, 'user_direction': 5.17909041602372}, 'virtual': {'user_x': 2148.4609237630552, 'user_y': 8258.327316238272, 'user_direction': -0.1408339694148851}, 'user_v': 7.999999999999999, 'user_w': 0, 'delta_t': 0.02, 'need_reset': False}
Tangent angle: 3.2521941557442746, User angle: 5.17909041602372, Offset angle: 0.42852368339430696
Target angle: 3.6807178391385817, distance: 437.7944478466188, angle diff: 1.4983725768851381, rotation direction: -1
Basic rotation angle: 1.693121693121693, rotation gain: 0.004111619696122524
Rotation gain: 1.24, direction: -1, curvature radius: 7.5
{'type': 'running', 'physical': {'user_x': 1081.1101004162429, 'user_y': 647.396286493135, 'user_direction': 5.1579263948596985}, 'virtual': {'user_x': 2156.3817179805465, 'user_y': 8257.204365231257, 'user_direction': -0.14083396941485915}, 'user_v': 7.999999999999999, 'user_w': 0, 'delta_t': 0.02, 'need_reset': False}
Tangent angle: 3.2397902276998005, User angle: 5.1579263948596985, Offset angle: 0.4265172691293198
Target angle: 3.6663074968291203, distance: 440.128772856157, angle diff: 1.4916188980305782, rotation direction: -1
Basic rotation angle: 1.693121693121693, rotation gain: 0.004174689547639111
Rotation gain: 1.24, direction: -1, curvature radius: 7.5
{'type': 'running', 'physical': {'user_x': 1083.7243851011367, 'user_y': 641.6102743214288, 'user_direction': 5.136762373695677}, 'virtual': {'user_x': 2164.3025121980377, 'user_y': 8256.08141422424, 'user_direction': -0.14083396941488766}, 'user_v': 7.999999999999999, 'user_w': 0, 'delta_t': 0.02, 'need_reset': False}
Tangent angle: 3.227402045171312, User angle: 5.136762373695677, Offset angle: 0.42457913334376096
Target angle: 3.651981178515073, distance: 442.40331787925976, angle diff: 1.484781195180604, rotation direction: -1
Basic rotation angle: 1.693121693121693, rotation gain: 0.004232346117692435
Rotation gain: 1.24, direction: -1, curvature radius: 7.5
{'type': 'running', 'physical': {'user_x': 1086.2156381755344, 'user_y': 635.7702332784132, 'user_direction': 5.115598352531656}, 'virtual': {'user_x': 2172.223306415529, 'user_y': 8254.958463217225, 'user_direction': -0.14083396941483914}, 'user_v': 7.999999999999999, 'user_w': 0, 'delta_t': 0.02, 'need_reset': False}
Tangent angle: 3.2150290171848086, User angle: 5.115598352531656, Offset angle: 0.4227078495344065
Target angle: 3.637736866719215, distance: 444.61798928432296, angle diff: 1.4778614858124408, rotation direction: -1
Basic rotation angle: 1.693121693121693, rotation gain: 0.0042852146157268374
Rotation gain: 1.24, direction: -1, curvature radius: 7.5
{'type': 'running', 'physical': {'user_x': 1088.582743809493, 'user_y': 629.8787791130578, 'user_direction': 5.094434331367634}, 'virtual': {'user_x': 2180.14410063302, 'user_y': 8253.835512210208, 'user_direction': -0.14083396941489873}, 'user_v': 7.999999999999999, 'user_w': 0, 'delta_t': 0.02, 'need_reset': False}
Tangent angle: 3.2026705689863344, User angle: 5.094434331367634, Offset angle: 0.4209020563332309
Target angle: 3.6235726253195653, distance: 446.772692752925, angle diff: 1.470861706048069, rotation direction: -1
Basic rotation angle: 1.693121693121693, rotation gain: 0.004333842909780398
Rotation gain: 1.24, direction: -1, curvature radius: 7.5
{'type': 'running', 'physical': {'user_x': 1090.8246417785933, 'user_y': 623.9385506022221, 'user_direction': 5.073270310203613}, 'virtual': {'user_x': 2181.604724729731, 'user_y': 8253.62843584195, 'user_direction': -0.14083396941489873}, 'user_v': 0, 'user_w': 0.1, 'delta_t': 0.02, 'need_reset': False}
Tangent angle: 3.190326141253064, User angle: 5.073270310203613, Offset angle: 0.4191604547534205
Target angle: 3.6094865960064846, distance: 448.8673336098536, angle diff: 1.4637837141971284, rotation direction: -1
Basic rotation angle: 0.0, rotation gain: 0.003811665833362604
Rotation gain: 1.24, direction: -1, curvature radius: 2500000
{'type': 'running', 'physical': {'user_x': 1092.9403279388134, 'user_y': 617.9522083687497, 'user_direction': 5.052106289039592}, 'virtual': {'user_x': 2181.604724729731, 'user_y': 8253.62843584195, 'user_direction': -0.24083396941489874}, 'user_v': 0, 'user_w': 0.1, 'delta_t': 0.02, 'need_reset': False}
Tangent angle: 3.177995189340469, User angle: 5.052106289039592, Offset angle: 0.417481805603761
Target angle: 3.5954769949442302, distance: 450.9018171328875, angle diff: 1.4566292940953613, rotation direction: -1
Basic rotation angle: 0.0, rotation gain: 0.0033548365378724327
Rotation gain: 1.24, direction: -1, curvature radius: 2500000
{'type': 'running', 'physical': {'user_x': 1092.9403279388134, 'user_y': 617.9522083687497, 'user_direction': 5.1327514503299145}, 'virtual': {'user_x': 2181.604724729731, 'user_y': 8253.62843584195, 'user_direction': -0.34083396941489874}, 'user_v': 0, 'user_w': 0.1, 'delta_t': 0.02, 'need_reset': False}
Tangent angle: 3.177995189340469, User angle: 5.1327514503299145, Offset angle: 0.417481805603761
Target angle: 3.5954769949442302, distance: 450.9018171328875, angle diff: 1.5372744553856843, rotation direction: -1
Basic rotation angle: 0.0, rotation gain: 0.0029551109043185328
Rotation gain: 1.24, direction: -1, curvature radius: 2500000
{'type': 'running', 'physical': {'user_x': 1092.9403279388134, 'user_y': 617.9522083687497, 'user_direction': 5.2133966116202375}, 'virtual': {'user_x': 2181.604724729731, 'user_y': 8253.62843584195, 'user_direction': -0.4408339694148987}, 'user_v': 0, 'user_w': 0.1, 'delta_t': 0.02, 'need_reset': False}
Tangent angle: 3.177995189340469, User angle: 5.2133966116202375, Offset angle: 0.417481805603761
Target angle: 3.5954769949442302, distance: 450.9018171328875, angle diff: 1.6179196166760073, rotation direction: -1
Basic rotation angle: 0.0, rotation gain: 0.0026053509749588703
Rotation gain: 1.24, direction: -1, curvature radius: 2500000
{'type': 'running', 'physical': {'user_x': 1092.9403279388134, 'user_y': 617.9522083687497, 'user_direction': 5.29404177291056}, 'virtual': {'user_x': 2181.604724729731, 'user_y': 8253.62843584195, 'user_direction': -0.5408339694148987}, 'user_v': 0, 'user_w': 0.1, 'delta_t': 0.02, 'need_reset': False}
Tangent angle: 3.177995189340469, User angle: 5.29404177291056, Offset angle: 0.417481805603761
Target angle: 3.5954769949442302, distance: 450.9018171328875, angle diff: 1.6985647779663302, rotation direction: -1
Basic rotation angle: 0.0, rotation gain: 0.002299311036769166
Rotation gain: 1.24, direction: -1, curvature radius: 2500000
{'type': 'running', 'physical': {'user_x': 1092.9403279388134, 'user_y': 617.9522083687497, 'user_direction': 5.374686934200883}, 'virtual': {'user_x': 2181.604724729731, 'user_y': 8253.62843584195, 'user_direction': -0.6408339694148987}, 'user_v': 0, 'user_w': 0.1, 'delta_t': 0.02, 'need_reset': False}
Tangent angle: 3.177995189340469, User angle: 5.374686934200883, Offset angle: 0.417481805603761
Target angle: 3.5954769949442302, distance: 450.9018171328875, angle diff: 1.7792099392566532, rotation direction: -1
Basic rotation angle: 0.0, rotation gain: 0.0020315260908531745
Rotation gain: 1.24, direction: -1, curvature radius: 2500000
{'type': 'running', 'physical': {'user_x': 1092.9403279388134, 'user_y': 617.9522083687497, 'user_direction': 5.455332095491206}, 'virtual': {'user_x': 2181.604724729731, 'user_y': 8253.62843584195, 'user_direction': -0.7408339694148987}, 'user_v': 0, 'user_w': 0.1, 'delta_t': 0.02, 'need_reset': False}
Tangent angle: 3.177995189340469, User angle: 5.455332095491206, Offset angle: 0.417481805603761
Target angle: 3.5954769949442302, distance: 450.9018171328875, angle diff: 1.8598551005469761, rotation direction: -1
Basic rotation angle: 0.0, rotation gain: 0.001797214263176682
Rotation gain: 1.24, direction: -1, curvature radius: 2500000
{'type': 'running', 'physical': {'user_x': 1092.9403279388134, 'user_y': 617.9522083687497, 'user_direction': 5.535977256781529}, 'virtual': {'user_x': 2181.604724729731, 'user_y': 8253.62843584195, 'user_direction': -0.8408339694148986}, 'user_v': 0, 'user_w': 0.1, 'delta_t': 0.02, 'need_reset': False}
Tangent angle: 3.177995189340469, User angle: 5.535977256781529, Offset angle: 0.417481805603761
Target angle: 3.5954769949442302, distance: 450.9018171328875, angle diff: 1.940500261837299, rotation direction: -1
Basic rotation angle: 0.0, rotation gain: 0.001592191413959751
Rotation gain: 1.24, direction: -1, curvature radius: 2500000
{'type': 'running', 'physical': {'user_x': 1092.9403279388134, 'user_y': 617.9522083687497, 'user_direction': 5.616622418071852}, 'virtual': {'user_x': 2181.604724729731, 'user_y': 8253.62843584195, 'user_direction': -0.9408339694148986}, 'user_v': 0, 'user_w': 0.1, 'delta_t': 0.02, 'need_reset': False}
Tangent angle: 3.177995189340469, User angle: 5.616622418071852, Offset angle: 0.417481805603761
Target angle: 3.5954769949442302, distance: 450.9018171328875, angle diff: 2.021145423127622, rotation direction: -1
Basic rotation angle: 0.0, rotation gain: 0.0014127964208949363
Rotation gain: 1.24, direction: -1, curvature radius: 2500000
{'type': 'running', 'physical': {'user_x': 1092.9403279388134, 'user_y': 617.9522083687497, 'user_direction': 5.697267579362175}, 'virtual': {'user_x': 2181.604724729731, 'user_y': 8253.62843584195, 'user_direction': -1.0408339694148987}, 'user_v': 0, 'user_w': 0.1, 'delta_t': 0.02, 'need_reset': False}
Tangent angle: 3.177995189340469, User angle: 5.697267579362175, Offset angle: 0.417481805603761
Target angle: 3.5954769949442302, distance: 450.9018171328875, angle diff: 2.101790584417945, rotation direction: -1
Basic rotation angle: 0.0, rotation gain: 0.0012558258019632236
Rotation gain: 1.24, direction: -1, curvature radius: 2500000
{'type': 'running', 'physical': {'user_x': 1092.9403279388134, 'user_y': 617.9522083687497, 'user_direction': 5.777912740652498}, 'virtual': {'user_x': 2181.604724729731, 'user_y': 8253.62843584195, 'user_direction': -1.1408339694148988}, 'user_v': 0, 'user_w': 0.1, 'delta_t': 0.02, 'need_reset': False}
Tangent angle: 3.177995189340469, User angle: 5.777912740652498, Offset angle: 0.417481805603761
Target angle: 3.5954769949442302, distance: 450.9018171328875, angle diff: 2.182435745708268, rotation direction: -1
Basic rotation angle: 0.0, rotation gain: 0.001118476510397975
Rotation gain: 1.24, direction: -1, curvature radius: 2500000
{'type': 'running', 'physical': {'user_x': 1092.9403279388134, 'user_y': 617.9522083687497, 'user_direction': 5.858557901942821}, 'virtual': {'user_x': 2181.604724729731, 'user_y': 8253.62843584195, 'user_direction': -1.2408339694148989}, 'user_v': 0, 'user_w': 0.1, 'delta_t': 0.02, 'need_reset': False}
Tangent angle: 3.177995189340469, User angle: 5.858557901942821, Offset angle: 0.417481805603761
Target angle: 3.5954769949442302, distance: 450.9018171328875, angle diff: 2.263080906998591, rotation direction: -1
Basic rotation angle: 0.0, rotation gain: 0.0009982958802783825
Rotation gain: 1.24, direction: -1, curvature radius: 2500000
{'type': 'running', 'physical': {'user_x': 1092.9403279388134, 'user_y': 617.9522083687497, 'user_direction': 5.939203063233144}, 'virtual': {'user_x': 2181.604724729731, 'user_y': 8253.62843584195, 'user_direction': -1.340833969414899}, 'user_v': 0, 'user_w': 0.1, 'delta_t': 0.02, 'need_reset': False}
Tangent angle: 3.177995189340469, User angle: 5.939203063233144, Offset angle: 0.417481805603761
Target angle: 3.5954769949442302, distance: 450.9018171328875, angle diff: 2.343726068288914, rotation direction: -1
Basic rotation angle: 0.0, rotation gain: 0.0008931378289237389
Rotation gain: 1.24, direction: -1, curvature radius: 2500000
{'type': 'running', 'physical': {'user_x': 1092.9403279388134, 'user_y': 617.9522083687497, 'user_direction': 6.019848224523467}, 'virtual': {'user_x': 2181.604724729731, 'user_y': 8253.62843584195, 'user_direction': -1.440833969414899}, 'user_v': 0, 'user_w': 0.1, 'delta_t': 0.02, 'need_reset': False}
Tangent angle: 3.177995189340469, User angle: 6.019848224523467, Offset angle: 0.417481805603761
Target angle: 3.5954769949442302, distance: 450.9018171328875, angle diff: 2.424371229579237, rotation direction: -1
Basic rotation angle: 0.0, rotation gain: 0.0008011245339884258
Rotation gain: 1.24, direction: -1, curvature radius: 2500000
{'type': 'running', 'physical': {'user_x': 1092.9403279388134, 'user_y': 617.9522083687497, 'user_direction': 6.10049338581379}, 'virtual': {'user_x': 2181.604724729731, 'user_y': 8253.62843584195, 'user_direction': -1.5408339694148991}, 'user_v': 0, 'user_w': 0.1, 'delta_t': 0.02, 'need_reset': False}
Tangent angle: 3.177995189340469, User angle: 6.10049338581379, Offset angle: 0.417481805603761
Target angle: 3.5954769949442302, distance: 450.9018171328875, angle diff: 2.5050163908695597, rotation direction: -1
Basic rotation angle: 0.0, rotation gain: 0.0007206129009200269
Rotation gain: 1.24, direction: -1, curvature radius: 2500000
{'type': 'running', 'physical': {'user_x': 1092.9403279388134, 'user_y': 617.9522083687497, 'user_direction': 6.181138547104113}, 'virtual': {'user_x': 2181.604724729731, 'user_y': 8253.62843584195, 'user_direction': -1.6408339694148992}, 'user_v': 0, 'user_w': 0.1, 'delta_t': 0.02, 'need_reset': False}
Tangent angle: 3.177995189340469, User angle: 6.181138547104113, Offset angle: 0.417481805603761
Target angle: 3.5954769949442302, distance: 450.9018171328875, angle diff: 2.5856615521598827, rotation direction: -1
Basic rotation angle: 0.0, rotation gain: 0.0006501652219851778
Rotation gain: 1.24, direction: -1, curvature radius: 2500000
{'type': 'running', 'physical': {'user_x': 1092.9403279388134, 'user_y': 617.9522083687497, 'user_direction': 6.261783708394436}, 'virtual': {'user_x': 2181.604724729731, 'user_y': 8253.62843584195, 'user_direction': -1.7408339694148993}, 'user_v': 0, 'user_w': 0.1, 'delta_t': 0.02, 'need_reset': False}
Tangent angle: 3.177995189340469, User angle: 6.261783708394436, Offset angle: 0.417481805603761
Target angle: 3.5954769949442302, distance: 450.9018171328875, angle diff: 2.6663067134502056, rotation direction: -1
Basic rotation angle: 0.0, rotation gain: 0.0005885235029171849
Rotation gain: 1.24, direction: -1, curvature radius: 2500000
{'type': 'running', 'physical': {'user_x': 1092.9403279388134, 'user_y': 617.9522083687497, 'user_direction': 0.0592435625051726}, 'virtual': {'user_x': 2181.604724729731, 'user_y': 8253.62843584195, 'user_direction': -1.8408339694148994}, 'user_v': 0, 'user_w': 0.1, 'delta_t': 0.02, 'need_reset': False}
Tangent angle: 3.177995189340469, User angle: 0.0592435625051726, Offset angle: 0.417481805603761
Target angle: 2.7605133837367077, distance: 450.9018171328875, angle diff: 2.701269821231535, rotation direction: 1
Basic rotation angle: 0.0, rotation gain: 0.0005367711435414275
Rotation gain: 1.24, direction: 1, curvature radius: 2500000
{'type': 'running', 'physical': {'user_x': 1092.9403279388134, 'user_y': 617.9522083687497, 'user_direction': 0.1398887237954952}, 'virtual': {'user_x': 2181.604724729731, 'user_y': 8253.62843584195, 'user_direction': -1.9408339694148995}, 'user_v': 0, 'user_w': 0.1, 'delta_t': 0.02, 'need_reset': False}
Tangent angle: 3.177995189340469, User angle: 0.1398887237954952, Offset angle: 0.417481805603761
Target angle: 2.7605133837367077, distance: 450.9018171328875, angle diff: 2.6206246599412126, rotation direction: 1
Basic rotation angle: 0.0, rotation gain: 0.0004914878290876397
Rotation gain: 1.24, direction: 1, curvature radius: 2500000
{'type': 'running', 'physical': {'user_x': 1092.9403279388134, 'user_y': 617.9522083687497, 'user_direction': 0.22053388508581778}, 'virtual': {'user_x': 2181.604724729731, 'user_y': 8253.62843584195, 'user_direction': -2.0408339694148996}, 'user_v': 0, 'user_w': 0.1, 'delta_t': 0.02, 'need_reset': False}
Tangent angle: 3.177995189340469, User angle: 0.22053388508581778, Offset angle: 0.417481805603761
Target angle: 2.7605133837367077, distance: 450.9018171328875, angle diff: 2.53997949865089, rotation direction: 1
Basic rotation angle: 0.0, rotation gain: 0.00045186492894057535
Rotation gain: 1.24, direction: 1, curvature radius: 2500000
{'type': 'running', 'physical': {'user_x': 1092.9403279388134, 'user_y': 617.9522083687497, 'user_direction': 0.30117904637614035}, 'virtual': {'user_x': 2181.604724729731, 'user_y': 8253.62843584195, 'user_direction': -2.1408339694148997}, 'user_v': 0, 'user_w': 0.1, 'delta_t': 0.02, 'need_reset': False}
Tangent angle: 3.177995189340469, User angle: 0.30117904637614035, Offset angle: 0.417481805603761
Target angle: 2.7605133837367077, distance: 450.9018171328875, angle diff: 2.459334337360567, rotation direction: 1
Basic rotation angle: 0.0, rotation gain: 0.0004171948913118941
Rotation gain: 1.24, direction: 1, curvature radius: 2500000
{'type': 'running', 'physical': {'user_x': 1092.9403279388134, 'user_y': 617.9522083687497, 'user_direction': 0.38182420766646297}, 'virtual': {'user_x': 2181.604724729731, 'user_y': 8253.62843584195, 'user_direction': -2.2408339694148998}, 'user_v': 0, 'user_w': 0.1, 'delta_t': 0.02, 'need_reset': False}
Tangent angle: 3.177995189340469, User angle: 0.38182420766646297, Offset angle: 0.417481805603761
Target angle: 2.7605133837367077, distance: 450.9018171328875, angle diff: 2.3786891760702447, rotation direction: 1
Basic rotation angle: 0.0, rotation gain: 0.000386858608386798
Rotation gain: 1.24, direction: 1, curvature radius: 2500000
{'type': 'running', 'physical': {'user_x': 1092.9403279388134, 'user_y': 617.9522083687497, 'user_direction': 0.4624693689567856}, 'virtual': {'user_x': 2181.604724729731, 'user_y': 8253.62843584195, 'user_direction': -2.3408339694149}, 'user_v': 0, 'user_w': 0.1, 'delta_t': 0.02, 'need_reset': False}
Tangent angle: 3.177995189340469, User angle: 0.4624693689567856, Offset angle: 0.417481805603761
Target angle: 2.7605133837367077, distance: 450.9018171328875, angle diff: 2.298044014779922, rotation direction: 1
Basic rotation angle: 0.0, rotation gain: 0.0003603143608273389
Rotation gain: 1.24, direction: 1, curvature radius: 2500000
{'type': 'running', 'physical': {'user_x': 1092.9403279388134, 'user_y': 617.9522083687497, 'user_direction': 0.5431145302471082}, 'virtual': {'user_x': 2181.604724729731, 'user_y': 8253.62843584195, 'user_direction': -2.4408339694149}, 'user_v': 0, 'user_w': 0.1, 'delta_t': 0.02, 'need_reset': False}
Tangent angle: 3.177995189340469, User angle: 0.5431145302471082, Offset angle: 0.417481805603761
Target angle: 2.7605133837367077, distance: 450.9018171328875, angle diff: 2.2173988534895996, rotation direction: 1
Basic rotation angle: 0.0, rotation gain: 0.0003370881442128122
Rotation gain: 1.24, direction: 1, curvature radius: 2500000
{'type': 'running', 'physical': {'user_x': 1092.9403279388134, 'user_y': 617.9522083687497, 'user_direction': 0.6237596915374308}, 'virtual': {'user_x': 2181.604724729731, 'user_y': 8253.62843584195, 'user_direction': -2.5408339694149}, 'user_v': 0, 'user_w': 0.1, 'delta_t': 0.02, 'need_reset': False}
Tangent angle: 3.177995189340469, User angle: 0.6237596915374308, Offset angle: 0.417481805603761
Target angle: 2.7605133837367077, distance: 450.9018171328875, angle diff: 2.136753692199277, rotation direction: 1
Basic rotation angle: 0.0, rotation gain: 0.00031676520467510135
Rotation gain: 1.24, direction: 1, curvature radius: 2500000
{'type': 'running', 'physical': {'user_x': 1092.9403279388134, 'user_y': 617.9522083687497, 'user_direction': 0.7044048528277534}, 'virtual': {'user_x': 2181.604724729731, 'user_y': 8253.62843584195, 'user_direction': -2.6408339694149}, 'user_v': 0, 'user_w': 0.1, 'delta_t': 0.02, 'need_reset': False}
Tangent angle: 3.177995189340469, User angle: 0.7044048528277534, Offset angle: 0.417481805603761
Target angle: 2.7605133837367077, distance: 450.9018171328875, angle diff: 2.056108530908954, rotation direction: 1
Basic rotation angle: 0.0, rotation gain: 0.00029898263257960436
Rotation gain: 1.24, direction: 1, curvature radius: 2500000
{'type': 'running', 'physical': {'user_x': 1092.9403279388134, 'user_y': 617.9522083687497, 'user_direction': 0.7850500141180761}, 'virtual': {'user_x': 2181.604724729731, 'user_y': 8253.62843584195, 'user_direction': -2.7453070692505444}, 'user_v': 7.999999999999999, 'user_w': 0, 'delta_t': 0.02, 'need_reset': False}
Tangent angle: 3.177995189340469, User angle: 0.7850500141180761, Offset angle: 0.417481805603761
Target angle: 2.7605133837367077, distance: 450.9018171328875, angle diff: 1.9754633696186317, rotation direction: 1
Basic rotation angle: 1.693121693121693, rotation gain: 0.0009160021581738738
Rotation gain: 1.24, direction: 1, curvature radius: 7.5
{'type': 'running', 'physical': {'user_x': 1092.9403279388134, 'user_y': 617.9522083687497, 'user_direction': 0.8656951754083987}, 'virtual': {'user_x': 2174.22471594263, 'user_y': 8250.540480158605, 'user_direction': -2.7453070692505444}, 'user_v': 7.999999999999999, 'user_w': 0, 'delta_t': 0.02, 'need_reset': False}
Tangent angle: 3.177995189340469, User angle: 0.8656951754083987, Offset angle: 0.417481805603761
Target angle: 2.7605133837367077, distance: 450.9018171328875, angle diff: 1.8948182083283092, rotation direction: 1
Basic rotation angle: 1.693121693121693, rotation gain: 0.0014558942430688594
Rotation gain: 1.24, direction: 1, curvature radius: 7.5
{'type': 'running', 'physical': {'user_x': 1096.9520710988656, 'user_y': 622.873421438977, 'user_direction': 0.8868591965724199}, 'virtual': {'user_x': 2166.8447071555292, 'user_y': 8247.452524475259, 'user_direction': -2.7453070692505412}, 'user_v': 7.999999999999999, 'user_w': 0, 'delta_t': 0.02, 'need_reset': False}
Tangent angle: 3.1875876109374612, User angle: 0.8868591965724199, Offset angle: 0.4137302873021049
Target angle: 2.7738573236353563, distance: 455.5047248687735, angle diff: 1.8869981270629363, rotation direction: 1
Basic rotation angle: 1.693121693121693, rotation gain: 0.0019283698424122594
Rotation gain: 1.24, direction: 1, curvature radius: 7.5
{'type': 'running', 'physical': {'user_x': 1100.8587709484216, 'user_y': 627.8784306847508, 'user_direction': 0.908023217736441}, 'virtual': {'user_x': 2159.4646983684283, 'user_y': 8244.364568791912, 'user_direction': -2.745307069250537}, 'user_v': 7.999999999999999, 'user_w': 0, 'delta_t': 0.02, 'need_reset': False}
Tangent angle: 3.1971965382376615, User angle: 0.908023217736441, Offset angle: 0.41009562088431534
Target angle: 2.787100917353346, distance: 460.0399062401085, angle diff: 1.879077699616905, rotation direction: 1
Basic rotation angle: 1.693121693121693, rotation gain: 0.0023418190332597927
Rotation gain: 1.24, direction: 1, curvature radius: 7.5
{'type': 'running', 'physical': {'user_x': 1104.6586776802399, 'user_y': 632.9649943670696, 'user_direction': 0.9291872389004622}, 'virtual': {'user_x': 2152.0846895813274, 'user_y': 8241.276613108566, 'user_direction': -2.7453070692505315}, 'user_v': 7.999999999999999, 'user_w': 0, 'delta_t': 0.02, 'need_reset': False}
Tangent angle: 3.206821350906681, User angle: 0.9291872389004622, Offset angle: 0.4065736967306233
Target angle: 2.800247654176058, distance: 464.5073431191257, angle diff: 1.8710604152755956, rotation direction: 1
Basic rotation angle: 1.693121693121693, rotation gain: 0.0027035839512102966
Rotation gain: 1.24, direction: 1, curvature radius: 7.5
{'type': 'running', 'physical': {'user_x': 1108.3500893196176, 'user_y': 638.130834218775, 'user_direction': 0.9503512600644833}, 'virtual': {'user_x': 2144.7046807942265, 'user_y': 8238.18865742522, 'user_direction': -2.745307069250525}, 'user_v': 7.999999999999999, 'user_w': 0, 'delta_t': 0.02, 'need_reset': False}
Tangent angle: 3.2164614555868263, User angle: 0.9503512600644833, Offset angle: 0.4031606202629461
Target angle: 2.8133008353238793, distance: 468.9069991261411, angle diff: 1.862949575259396, rotation direction: 1
Basic rotation angle: 1.693121693121693, rotation gain: 0.003020089741952249
Rotation gain: 1.24, direction: 1, curvature radius: 7.5
{'type': 'running', 'physical': {'user_x': 1111.9313524867036, 'user_y': 643.3736364649861, 'user_direction': 0.9715152812285045}, 'virtual': {'user_x': 2137.3246720071256, 'user_y': 8235.100701741874, 'user_direction': -2.7453070692505155}, 'user_v': 7.999999999999999, 'user_w': 0, 'delta_t': 0.02, 'need_reset': False}
Tangent angle: 3.226116284364539, User angle: 0.9715152812285045, Offset angle: 0.3998526983359912
Target angle: 2.8262635860285474, distance: 473.2388213144209, angle diff: 1.8547483048000428, rotation direction: 1
Basic rotation angle: 1.693121693121693, rotation gain: 0.003296959146852677
Rotation gain: 1.24, direction: 1, curvature radius: 7.5
{'type': 'running', 'physical': {'user_x': 1115.4008631370448, 'user_y': 648.6910528594367, 'user_direction': 0.9926793023925257}, 'virtual': {'user_x': 2129.9446632200247, 'user_y': 8232.012746058528, 'user_direction': -2.745307069250502}, 'user_v': 7.999999999999999, 'user_w': 0, 'delta_t': 0.02, 'need_reset': False}
Tangent angle: 3.2357852933387092, User angle: 0.9926793023925257, Offset angle: 0.3966464266875916
Target angle: 2.8391388666511173, distance: 477.5027417208944, angle diff: 1.8464595642585917, rotation direction: 1
Basic rotation angle: 1.693121693121693, rotation gain: 0.003539112768086694
Rotation gain: 1.24, direction: 1, curvature radius: 7.5
{'type': 'running', 'physical': {'user_x': 1118.757067280037, 'user_y': 654.0807017362526, 'user_direction': 1.013843323556547}, 'virtual': {'user_x': 2122.564654432924, 'user_y': 8228.924790375182, 'user_direction': -2.745307069250482}, 'user_v': 7.999999999999999, 'user_w': 0, 'delta_t': 0.02, 'need_reset': False}
Tangent angle: 3.2454679612821247, User angle: 1.013843323556547, Offset angle: 0.3935384783519388
Target angle: 2.851929482930185, distance: 481.6986787954379, angle diff: 1.838086159373638, rotation direction: 1
Basic rotation angle: 1.693121693121693, rotation gain: 0.0037508568031424452
Rotation gain: 1.24, direction: 1, curvature radius: 7.5
{'type': 'running', 'physical': {'user_x': 1121.998461674956, 'user_y': 659.5401690766981, 'user_direction': 1.035007344720568}, 'virtual': {'user_x': 2115.184645645823, 'user_y': 8225.836834691834, 'user_direction': -2.745307069250447}, 'user_v': 7.999999999999999, 'user_w': 0, 'delta_t': 0.02, 'need_reset': False}
Tangent angle: 3.255163788389, User angle: 1.035007344720568, Offset angle: 0.39052569294948913
Target angle: 2.86463809543951, distance: 485.82653872004795, angle diff: 1.8296307507189418, rotation direction: 1
Basic rotation angle: 1.693121693121693, rotation gain: 0.003935959814828132
Rotation gain: 1.24, direction: 1, curvature radius: 7.5
{'type': 'running', 'physical': {'user_x': 1125.1235945042565, 'user_y': 665.0670095904121, 'user_direction': 1.0561713658845893}, 'virtual': {'user_x': 2107.804636858722, 'user_y': 8222.748879008488, 'user_direction': -2.7453070692504924}, 'user_v': 7.999999999999999, 'user_w': 0, 'delta_t': 0.02, 'need_reset': False}
Tangent angle: 3.264872295102116, User angle: 1.0561713658845893, Offset angle: 0.3876050667762112
Target angle: 2.8772672283259055, distance: 489.88621662801415, angle diff: 1.8210958624413163, rotation direction: 1
Basic rotation angle: 1.693121693121693, rotation gain: 0.004097719907160873
Rotation gain: 1.24, direction: 1, curvature radius: 7.5
{'type': 'running', 'physical': {'user_x': 1128.1310660238414, 'user_y': 670.6587478106517, 'user_direction': 1.0773353870486104}, 'virtual': {'user_x': 2102.3991467365536, 'user_y': 8220.487104744316, 'user_direction': -2.7453070692504924}, 'user_v': 0, 'user_w': 0.1, 'delta_t': 0.02, 'need_reset': False}
Tangent angle: 3.274593021013666, User angle: 1.0773353870486104, Offset angle: 0.38477374362271366
Target angle: 2.889819277390952, distance: 493.8775977321186, angle diff: 1.8124838903423417, rotation direction: 1
Basic rotation angle: 0.0, rotation gain: 0.0036072888716814585
Rotation gain: 1.24, direction: 1, curvature radius: 2500000
{'type': 'running', 'physical': {'user_x': 1131.019529190005, 'user_y': 676.3128792030512, 'user_direction': 1.0984994082126316}, 'virtual': {'user_x': 2102.3991467365536, 'user_y': 8220.487104744316, 'user_direction': -2.6453070692504923}, 'user_v': 0, 'user_w': 0.1, 'delta_t': 0.02, 'need_reset': False}
Tangent angle: 3.2843255238343696, User angle: 1.0984994082126316, Offset angle: 0.3820290062607523
Target angle: 2.9022965175736175, distance: 497.80055836995007, angle diff: 1.803797109360986, rotation direction: 1
Basic rotation angle: 0.0, rotation gain: 0.003178152803632974
Rotation gain: 1.24, direction: 1, curvature radius: 2500000
{'type': 'running', 'physical': {'user_x': 1131.019529190005, 'user_y': 676.3128792030512, 'user_direction': 1.179144569502954}, 'virtual': {'user_x': 2102.3991467365536, 'user_y': 8220.487104744316, 'user_direction': -2.545307069250492}, 'user_v': 0, 'user_w': 0.1, 'delta_t': 0.02, 'need_reset': False}
Tangent angle: 3.2843255238343696, User angle: 1.179144569502954, Offset angle: 0.3820290062607523
Target angle: 2.9022965175736175, distance: 497.80055836995007, angle diff: 1.7231519480706634, rotation direction: 1
Basic rotation angle: 0.0, rotation gain: 0.0028026587440905504
Rotation gain: 1.24, direction: 1, curvature radius: 2500000
{'type': 'running', 'physical': {'user_x': 1131.019529190005, 'user_y': 676.3128792030512, 'user_direction': 1.2597897307932766}, 'virtual': {'user_x': 2102.3991467365536, 'user_y': 8220.487104744316, 'user_direction': -2.445307069250492}, 'user_v': 0, 'user_w': 0.1, 'delta_t': 0.02, 'need_reset': False}
Tangent angle: 3.2843255238343696, User angle: 1.2597897307932766, Offset angle: 0.3820290062607523
Target angle: 2.9022965175736175, distance: 497.80055836995007, angle diff: 1.642506786780341, rotation direction: 1
Basic rotation angle: 0.0, rotation gain: 0.00247410144199093
Rotation gain: 1.24, direction: 1, curvature radius: 2500000
{'type': 'running', 'physical': {'user_x': 1131.019529190005, 'user_y': 676.3128792030512, 'user_direction': 1.3404348920835991}, 'virtual': {'user_x': 2102.3991467365536, 'user_y': 8220.487104744316, 'user_direction': -2.345307069250492}, 'user_v': 0, 'user_w': 0.1, 'delta_t': 0.02, 'need_reset': False}
Tangent angle: 3.2843255238343696, User angle: 1.3404348920835991, Offset angle: 0.3820290062607523
Target angle: 2.9022965175736175, distance: 497.80055836995007, angle diff: 1.5618616254900184, rotation direction: 1
Basic rotation angle: 0.0, rotation gain: 0.0021866138026537616
Rotation gain: 1.24, direction: 1, curvature radius: 2500000
{'type': 'running', 'physical': {'user_x': 1131.019529190005, 'user_y': 676.3128792030512, 'user_direction': 1.4210800533739216}, 'virtual': {'user_x': 2102.3991467365536, 'user_y': 8220.487104744316, 'user_direction': -2.245307069250492}, 'user_v': 0, 'user_w': 0.1, 'delta_t': 0.02, 'need_reset': False}
Tangent angle: 3.2843255238343696, User angle: 1.4210800533739216, Offset angle: 0.3820290062607523
Target angle: 2.9022965175736175, distance: 497.80055836995007, angle diff: 1.4812164641996959, rotation direction: 1
Basic rotation angle: 0.0, rotation gain: 0.0019350621182337396
Rotation gain: 1.24, direction: 1, curvature radius: 2500000
{'type': 'running', 'physical': {'user_x': 1131.019529190005, 'user_y': 676.3128792030512, 'user_direction': 1.5017252146642441}, 'virtual': {'user_x': 2102.3991467365536, 'user_y': 8220.487104744316, 'user_direction': -2.145307069250492}, 'user_v': 0, 'user_w': 0.1, 'delta_t': 0.02, 'need_reset': False}
Tangent angle: 3.2843255238343696, User angle: 1.5017252146642441, Offset angle: 0.3820290062607523
Target angle: 2.9022965175736175, distance: 497.80055836995007, angle diff: 1.4005713029093734, rotation direction: 1
Basic rotation angle: 0.0, rotation gain: 0.0017149543943662203
Rotation gain: 1.24, direction: 1, curvature radius: 2500000
{'type': 'running', 'physical': {'user_x': 1131.019529190005, 'user_y': 676.3128792030512, 'user_direction': 1.5823703759545666}, 'virtual': {'user_x': 2102.3991467365536, 'user_y': 8220.487104744316, 'user_direction': -2.0453070692504918}, 'user_v': 0, 'user_w': 0.1, 'delta_t': 0.02, 'need_reset': False}
Tangent angle: 3.2843255238343696, User angle: 1.5823703759545666, Offset angle: 0.3820290062607523
Target angle: 2.9022965175736175, distance: 497.80055836995007, angle diff: 1.3199261416190509, rotation direction: 1
Basic rotation angle: 0.0, rotation gain: 0.001522360135982141
Rotation gain: 1.24, direction: 1, curvature radius: 2500000
{'type': 'running', 'physical': {'user_x': 1131.019529190005, 'user_y': 676.3128792030512, 'user_direction': 1.6630155372448892}, 'virtual': {'user_x': 2102.3991467365536, 'user_y': 8220.487104744316, 'user_direction': -1.9453070692504917}, 'user_v': 0, 'user_w': 0.1, 'delta_t': 0.02, 'need_reset': False}
Tangent angle: 3.2843255238343696, User angle: 1.6630155372448892, Offset angle: 0.3820290062607523
Target angle: 2.9022965175736175, distance: 497.80055836995007, angle diff: 1.2392809803287284, rotation direction: 1
Basic rotation angle: 0.0, rotation gain: 0.0013538401598960717
Rotation gain: 1.24, direction: 1, curvature radius: 2500000
{'type': 'running', 'physical': {'user_x': 1131.019529190005, 'user_y': 676.3128792030512, 'user_direction': 1.7436606985352117}, 'virtual': {'user_x': 2102.3991467365536, 'user_y': 8220.487104744316, 'user_direction': -1.8453070692504916}, 'user_v': 0, 'user_w': 0.1, 'delta_t': 0.02, 'need_reset': False}
Tangent angle: 3.2843255238343696, User angle: 1.7436606985352117, Offset angle: 0.3820290062607523
Target angle: 2.9022965175736175, distance: 497.80055836995007, angle diff: 1.1586358190384058, rotation direction: 1
Basic rotation angle: 0.0, rotation gain: 0.0012063851808207608
Rotation gain: 1.24, direction: 1, curvature radius: 2500000
{'type': 'running', 'physical': {'user_x': 1131.019529190005, 'user_y': 676.3128792030512, 'user_direction': 1.8243058598255342}, 'virtual': {'user_x': 2102.3991467365536, 'user_y': 8220.487104744316, 'user_direction': -1.7453070692504915}, 'user_v': 0, 'user_w': 0.1, 'delta_t': 0.02, 'need_reset': False}
Tangent angle: 3.2843255238343696, User angle: 1.8243058598255342, Offset angle: 0.3820290062607523
Target angle: 2.9022965175736175, distance: 497.80055836995007, angle diff: 1.0779906577480833, rotation direction: 1
Basic rotation angle: 0.0, rotation gain: 0.001077362074129864
Rotation gain: 1.24, direction: 1, curvature radius: 2500000
{'type': 'running', 'physical': {'user_x': 1131.019529190005, 'user_y': 676.3128792030512, 'user_direction': 1.9049510211158567}, 'virtual': {'user_x': 2102.3991467365536, 'user_y': 8220.487104744316, 'user_direction': -1.6453070692504914}, 'user_v': 0, 'user_w': 0.1, 'delta_t': 0.02, 'need_reset': False}
Tangent angle: 3.2843255238343696, User angle: 1.9049510211158567, Offset angle: 0.3820290062607523
Target angle: 2.9022965175736175, distance: 497.80055836995007, angle diff: 0.9973454964577608, rotation direction: 1
Basic rotation angle: 0.0, rotation gain: 0.0009644668557753293
Rotation gain: 1.24, direction: 1, curvature radius: 2500000
{'type': 'running', 'physical': {'user_x': 1131.019529190005, 'user_y': 676.3128792030512, 'user_direction': 1.9855961824061792}, 'virtual': {'user_x': 2102.3991467365536, 'user_y': 8220.487104744316, 'user_direction': -1.5453070692504913}, 'user_v': 0, 'user_w': 0.1, 'delta_t': 0.02, 'need_reset': False}
Tangent angle: 3.2843255238343696, User angle: 1.9855961824061792, Offset angle: 0.3820290062607523
Target angle: 2.9022965175736175, distance: 497.80055836995007, angle diff: 0.9167003351674383, rotation direction: 1
Basic rotation angle: 0.0, rotation gain: 0.0008656835397151113
Rotation gain: 1.24, direction: 1, curvature radius: 2500000
{'type': 'running', 'physical': {'user_x': 1131.019529190005, 'user_y': 676.3128792030512, 'user_direction': 2.0662413436965017}, 'virtual': {'user_x': 2102.3991467365536, 'user_y': 8220.487104744316, 'user_direction': -1.4453070692504912}, 'user_v': 0, 'user_w': 0.1, 'delta_t': 0.02, 'need_reset': False}
Tangent angle: 3.2843255238343696, User angle: 2.0662413436965017, Offset angle: 0.3820290062607523
Target angle: 2.9022965175736175, distance: 497.80055836995007, angle diff: 0.8360551738771158, rotation direction: 1
Basic rotation angle: 0.0, rotation gain: 0.0007792481381624206
Rotation gain: 1.24, direction: 1, curvature radius: 2500000
{'type': 'running', 'physical': {'user_x': 1131.019529190005, 'user_y': 676.3128792030512, 'user_direction': 2.146886504986824}, 'virtual': {'user_x': 2102.3991467365536, 'user_y': 8220.487104744316, 'user_direction': -1.3453070692504911}, 'user_v': 0, 'user_w': 0.1, 'delta_t': 0.02, 'need_reset': False}
Tangent angle: 3.2843255238343696, User angle: 2.146886504986824, Offset angle: 0.3820290062607523
Target angle: 2.9022965175736175, distance: 497.80055836995007, angle diff: 0.7554100125867933, rotation direction: 1
Basic rotation angle: 0.0, rotation gain: 0.0007036171618038162
Rotation gain: 1.24, direction: 1, curvature radius: 2500000
{'type': 'running', 'physical': {'user_x': 1131.019529190005, 'user_y': 676.3128792030512, 'user_direction': 2.2275316662771467}, 'virtual': {'user_x': 2102.3991467365536, 'user_y': 8220.487104744316, 'user_direction': -1.245307069250491}, 'user_v': 0, 'user_w': 0.1, 'delta_t': 0.02, 'need_reset': False}
Tangent angle: 3.2843255238343696, User angle: 2.2275316662771467, Offset angle: 0.3820290062607523
Target angle: 2.9022965175736175, distance: 497.80055836995007, angle diff: 0.6747648512964708, rotation direction: 1
Basic rotation angle: 0.0, rotation gain: 0.0006374400574900374
Rotation gain: 1.24, direction: 1, curvature radius: 2500000
{'type': 'running', 'physical': {'user_x': 1131.019529190005, 'user_y': 676.3128792030512, 'user_direction': 2.3081768275674692}, 'virtual': {'user_x': 2102.3991467365536, 'user_y': 8220.487104744316, 'user_direction': -1.145307069250491}, 'user_v': 0, 'user_w': 0.1, 'delta_t': 0.02, 'need_reset': False}
Tangent angle: 3.2843255238343696, User angle: 2.3081768275674692, Offset angle: 0.3820290062607523
Target angle: 2.9022965175736175, distance: 497.80055836995007, angle diff: 0.5941196900061483, rotation direction: 1
Basic rotation angle: 0.0, rotation gain: 0.000579535091215481
Rotation gain: 1.24, direction: 1, curvature radius: 2500000
{'type': 'running', 'physical': {'user_x': 1131.019529190005, 'user_y': 676.3128792030512, 'user_direction': 2.3888219888577917}, 'virtual': {'user_x': 2102.3991467365536, 'user_y': 8220.487104744316, 'user_direction': -1.0453070692504909}, 'user_v': 0, 'user_w': 0.1, 'delta_t': 0.02, 'need_reset': False}
Tangent angle: 3.2843255238343696, User angle: 2.3888219888577917, Offset angle: 0.3820290062607523
Target angle: 2.9022965175736175, distance: 497.80055836995007, angle diff: 0.5134745287158258, rotation direction: 1
Basic rotation angle: 0.0, rotation gain: 0.000528868245725244
Rotation gain: 1.24, direction: 1, curvature radius: 2500000
{'type': 'running', 'physical': {'user_x': 1131.019529190005, 'user_y': 676.3128792030512, 'user_direction': 2.4694671501481142}, 'virtual': {'user_x': 2102.3991467365536, 'user_y': 8220.487104744316, 'user_direction': -0.9453070692504909}, 'user_v': 0, 'user_w': 0.1, 'delta_t': 0.02, 'need_reset': False}
Tangent angle: 3.2843255238343696, User angle: 2.4694671501481142, Offset angle: 0.3820290062607523
Target angle: 2.9022965175736175, distance: 497.80055836995007, angle diff: 0.43282936742550326, rotation direction: 1
Basic rotation angle: 0.0, rotation gain: 0.00048453475592128667
Rotation gain: 1.24, direction: 1, curvature radius: 2500000
{'type': 'running', 'physical': {'user_x': 1131.019529190005, 'user_y': 676.3128792030512, 'user_direction': 2.5501123114384368}, 'virtual': {'user_x': 2102.3991467365536, 'user_y': 8220.487104744316, 'user_direction': -0.8453070692504909}, 'user_v': 0, 'user_w': 0.1, 'delta_t': 0.02, 'need_reset': False}
Tangent angle: 3.2843255238343696, User angle: 2.5501123114384368, Offset angle: 0.3820290062607523
Target angle: 2.9022965175736175, distance: 497.80055836995007, angle diff: 0.35218420613518076, rotation direction: 1
Basic rotation angle: 0.0, rotation gain: 0.000445742952342824
Rotation gain: 1.24, direction: 1, curvature radius: 2500000
{'type': 'running', 'physical': {'user_x': 1131.019529190005, 'user_y': 676.3128792030512, 'user_direction': 2.6307574727287593}, 'virtual': {'user_x': 2102.3991467365536, 'user_y': 8220.487104744316, 'user_direction': -0.745307069250491}, 'user_v': 0, 'user_w': 0.1, 'delta_t': 0.02, 'need_reset': False}
Tangent angle: 3.2843255238343696, User angle: 2.6307574727287593, Offset angle: 0.3820290062607523
Target angle: 2.9022965175736175, distance: 497.80055836995007, angle diff: 0.27153904484485825, rotation direction: 1
Basic rotation angle: 0.0, rotation gain: 0.00041180012421166914
Rotation gain: 1.24, direction: 1, curvature radius: 2500000
{'type': 'running', 'physical': {'user_x': 1131.019529190005, 'user_y': 676.3128792030512, 'user_direction': 2.7114026340190818}, 'virtual': {'user_x': 2102.3991467365536, 'user_y': 8220.487104744316, 'user_direction': -0.645307069250491}, 'user_v': 0, 'user_w': 0.1, 'delta_t': 0.02, 'need_reset': False}
Tangent angle: 3.2843255238343696, User angle: 2.7114026340190818, Offset angle: 0.3820290062607523
Target angle: 2.9022965175736175, distance: 497.80055836995007, angle diff: 0.19089388355453574, rotation direction: 1
Basic rotation angle: 0.0, rotation gain: 0.00038210014959690866
Rotation gain: 1.24, direction: 1, curvature radius: 2500000
{'type': 'running', 'physical': {'user_x': 1131.019529190005, 'user_y': 676.3128792030512, 'user_direction': 2.7920477953094043}, 'virtual': {'user_x': 2102.3991467365536, 'user_y': 8220.487104744316, 'user_direction': -0.545307069250491}, 'user_v': 0, 'user_w': 0.1, 'delta_t': 0.02, 'need_reset': False}
Tangent angle: 3.2843255238343696, User angle: 2.7920477953094043, Offset angle: 0.3820290062607523
Target angle: 2.9022965175736175, distance: 497.80055836995007, angle diff: 0.11024872226421323, rotation direction: 1
Basic rotation angle: 0.0, rotation gain: 0.00035611267180899326
Rotation gain: 1.24, direction: 1, curvature radius: 2500000
{'type': 'running', 'physical': {'user_x': 1131.019529190005, 'user_y': 676.3128792030512, 'user_direction': 2.872692956599727}, 'virtual': {'user_x': 2102.3991467365536, 'user_y': 8220.487104744316, 'user_direction': -0.445307069250491}, 'user_v': 0, 'user_w': 0.1, 'delta_t': 0.02, 'need_reset': False}
Tangent angle: 3.2843255238343696, User angle: 2.872692956599727, Offset angle: 0.3820290062607523
Target angle: 2.9022965175736175, distance: 497.80055836995007, angle diff: 0.02960356097389072, rotation direction: 1
Basic rotation angle: 0.0, rotation gain: 0.00033337362874456724
Rotation gain: 1.24, direction: 1, curvature radius: 2500000
{'type': 'running', 'physical': {'user_x': 1131.019529190005, 'user_y': 676.3128792030512, 'user_direction': 2.9533381178900493}, 'virtual': {'user_x': 2102.3991467365536, 'user_y': 8220.487104744316, 'user_direction': -0.34530706925049104}, 'user_v': 0, 'user_w': 0.1, 'delta_t': 0.02, 'need_reset': False}
Tangent angle: 3.2843255238343696, User angle: 2.9533381178900493, Offset angle: 0.3820290062607523
Target angle: 2.9022965175736175, distance: 497.80055836995007, angle diff: 0.05104160031643179, rotation direction: -1
Basic rotation angle: 0.0, rotation gain: 0.0003134769660631945
Rotation gain: 1.24, direction: -1, curvature radius: 2500000
{'type': 'running', 'physical': {'user_x': 1131.019529190005, 'user_y': 676.3128792030512, 'user_direction': 3.033983279180372}, 'virtual': {'user_x': 2102.3991467365536, 'user_y': 8220.487104744316, 'user_direction': -0.24530706925049103}, 'user_v': 0, 'user_w': 0.1, 'delta_t': 0.02, 'need_reset': False}
Tangent angle: 3.2843255238343696, User angle: 3.033983279180372, Offset angle: 0.3820290062607523
Target angle: 2.9022965175736175, distance: 497.80055836995007, angle diff: 0.1316867616067543, rotation direction: -1
Basic rotation angle: 0.0, rotation gain: 0.00029606738621699335
Rotation gain: 1.24, direction: -1, curvature radius: 2500000
{'type': 'running', 'physical': {'user_x': 1131.019529190005, 'user_y': 676.3128792030512, 'user_direction': 3.1146284404706943}, 'virtual': {'user_x': 2102.3991467365536, 'user_y': 8220.487104744316, 'user_direction': -0.14530706925049103}, 'user_v': 0, 'user_w': 0.1, 'delta_t': 0.02, 'need_reset': False}
Tangent angle: 3.2843255238343696, User angle: 3.1146284404706943, Offset angle: 0.3820290062607523
Target angle: 2.9022965175736175, distance: 497.80055836995007, angle diff: 0.2123319228970768, rotation direction: -1
Basic rotation angle: 0.0, rotation gain: 0.00028083400385156733
Rotation gain: 1.24, direction: -1, curvature radius: 2500000
{'type': 'running', 'physical': {'user_x': 1131.019529190005, 'user_y': 676.3128792030512, 'user_direction': 3.195273601761017}, 'virtual': {'user_x': 2102.3991467365536, 'user_y': 8220.487104744316, 'user_direction': -0.04530706925049102}, 'user_v': 0, 'user_w': 0.1, 'delta_t': 0.02, 'need_reset': False}
Tangent angle: 3.2843255238343696, User angle: 3.195273601761017, Offset angle: 0.3820290062607523
Target angle: 2.9022965175736175, distance: 497.80055836995007, angle diff: 0.2929770841873993, rotation direction: -1
Basic rotation angle: 0.0, rotation gain: 0.0002675047942818196
Rotation gain: 1.24, direction: -1, curvature radius: 2500000
{'type': 'running', 'physical': {'user_x': 1131.019529190005, 'user_y': 676.3128792030512, 'user_direction': 3.2759187630513393}, 'virtual': {'user_x': 2102.3991467365536, 'user_y': 8220.487104744316, 'user_direction': 0.05642065090307427}, 'user_v': 7.999999999999999, 'user_w': 0, 'delta_t': 0.02, 'need_reset': False}
Tangent angle: 3.2843255238343696, User angle: 3.2759187630513393, Offset angle: 0.3820290062607523
Target angle: 2.9022965175736175, distance: 497.80055836995007, angle diff: 0.3736222454777218, rotation direction: -1
Basic rotation angle: 1.693121693121693, rotation gain: 0.0008873179223475372
Rotation gain: 1.24, direction: -1, curvature radius: 7.5
{'type': 'running', 'physical': {'user_x': 1131.019529190005, 'user_y': 676.3128792030512, 'user_direction': 3.356563924341662}, 'virtual': {'user_x': 2110.38641695458, 'user_y': 8220.938230518606, 'user_direction': 0.05642065090307427}, 'user_v': 7.999999999999999, 'user_w': 0, 'delta_t': 0.02, 'need_reset': False}
Tangent angle: 3.2843255238343696, User angle: 3.356563924341662, Offset angle: 0.3820290062607523
Target angle: 3.6663545300951217, distance: 497.80055836995007, angle diff: 0.30979060575345985, rotation direction: 1
Basic rotation angle: 1.693121693121693, rotation gain: 0.00135341732330482
Rotation gain: 1.24, direction: 1, curvature radius: 7.5
{'type': 'running', 'physical': {'user_x': 1124.8465173176273, 'user_y': 674.8275019148555, 'user_direction': 3.377727945505683}, 'virtual': {'user_x': 2118.3736871726064, 'user_y': 8221.389356292897, 'user_direction': 0.05642065090307121}, 'user_v': 7.999999999999999, 'user_w': 0, 'delta_t': 0.02, 'need_reset': False}
Tangent angle: 3.2832085470048247, User angle: 3.377727945505683, Offset angle: 0.38682404945999566
Target angle: 3.67003259646482, distance: 490.9816919023154, angle diff: 0.2923046509591374, rotation direction: 1
Basic rotation angle: 1.693121693121693, rotation gain: 0.0017606139652052526
Rotation gain: 1.24, direction: 1, curvature radius: 7.5
{'type': 'running', 'physical': {'user_x': 1118.7063220979924, 'user_y': 673.2118212751332, 'user_direction': 3.398891966669704}, 'virtual': {'user_x': 2126.360957390633, 'user_y': 8221.840482067188, 'user_direction': 0.05642065090306791}, 'user_v': 7.999999999999999, 'user_w': 0, 'delta_t': 0.02, 'need_reset': False}
Tangent angle: 3.2818095502340348, User angle: 3.398891966669704, Offset angle: 0.3917327619594245
Target angle: 3.6735423121934594, distance: 484.16548757511435, angle diff: 0.2746503455237552, rotation direction: 1
Basic rotation angle: 1.693121693121693, rotation gain: 0.00211629770163324
Rotation gain: 1.24, direction: 1, curvature radius: 7.5
{'type': 'running', 'physical': {'user_x': 1112.601693718847, 'user_y': 671.4665609457452, 'user_direction': 3.4200559878337256}, 'virtual': {'user_x': 2134.3482276086593, 'user_y': 8222.291607841478, 'user_direction': 0.056420650903064334}, 'user_v': 7.999999999999999, 'user_w': 0, 'delta_t': 0.02, 'need_reset': False}
Tangent angle: 3.2801189966246143, User angle: 3.4200559878337256, Offset angle: 0.3967565743590148
Target angle: 3.676875570983629, distance: 477.35517776268284, angle diff: 0.2568195831499036, rotation direction: 1
Basic rotation angle: 1.693121693121693, rotation gain: 0.0024269364040648287
Rotation gain: 1.24, direction: 1, curvature radius: 7.5
{'type': 'running', 'physical': {'user_x': 1106.5353664375834, 'user_y': 669.5925026271752, 'user_direction': 3.441220008997747}, 'virtual': {'user_x': 2142.3354978266857, 'user_y': 8222.742733615769, 'user_direction': 0.05642065090306045}, 'user_v': 7.999999999999999, 'user_w': 0, 'delta_t': 0.02, 'need_reset': False}
Tangent angle: 3.278127097254266, User angle: 3.441220008997747, Offset angle: 0.40189673430664097
Target angle: 3.680023831560907, distance: 470.5541349026383, angle diff: 0.23880382256316013, rotation direction: 1
Basic rotation angle: 1.693121693121693, rotation gain: 0.0026981912888006305
Rotation gain: 1.24, direction: 1, curvature radius: 7.5
{'type': 'running', 'physical': {'user_x': 1100.5100573565678, 'user_y': 667.5904857084071, 'user_direction': 3.4623840301617683}, 'virtual': {'user_x': 2150.322768044712, 'user_y': 8223.19385939006, 'user_direction': 0.056420650903056216}, 'user_v': 7.999999999999999, 'user_w': 0, 'delta_t': 0.02, 'need_reset': False}
Tangent angle: 3.2758238197085365, User angle: 3.4623840301617683, Offset angle: 0.40715427422385597
Target angle: 3.6829780939323924, distance: 463.765879807229, angle diff: 0.22059406377062407, rotation direction: 1
Basic rotation angle: 1.693121693121693, rotation gain: 0.0029350178307694253
Rotation gain: 1.24, direction: 1, curvature radius: 7.5
{'type': 'running', 'physical': {'user_x': 1094.5284652061523, 'user_y': 665.4614068909627, 'user_direction': 3.4835480513257897}, 'virtual': {'user_x': 2158.3100382627385, 'user_y': 8223.64498516435, 'user_direction': 0.05642065090305158}, 'user_v': 7.999999999999999, 'user_w': 0, 'delta_t': 0.02, 'need_reset': False}
Tangent angle: 3.2731988995025603, User angle: 3.4835480513257897, Offset angle: 0.41252997537397584
Target angle: 3.685728874876536, distance: 456.9940904336693, angle diff: 0.2021808235507465, rotation direction: 1
Basic rotation angle: 1.693121693121693, rotation gain: 0.003141754065700481
Rotation gain: 1.24, direction: 1, curvature radius: 7.5
{'type': 'running', 'physical': {'user_x': 1088.5932691359162, 'user_y': 663.206219787271, 'user_direction': 3.504712072489811}, 'virtual': {'user_x': 2166.297308480765, 'user_y': 8224.09611093864, 'user_direction': 0.056420650903046494}, 'user_v': 7.999999999999999, 'user_w': 0, 'delta_t': 0.02, 'need_reset': False}
Tangent angle: 3.2702418547934253, User angle: 3.504712072489811, Offset angle: 0.41802432798164224
Target angle: 3.6882661827750676, distance: 450.2426111161833, angle diff: 0.18355411028525648, rotation direction: 1
Basic rotation angle: 1.693121693121693, rotation gain: 0.0033221978569144195
Rotation gain: 1.24, direction: 1, curvature radius: 7.5
{'type': 'running', 'physical': {'user_x': 1082.707127514678, 'user_y': 660.8259344935452, 'user_direction': 3.5258760936538325}, 'virtual': {'user_x': 2174.2845786987914, 'user_y': 8224.54723671293, 'user_direction': 0.05642065090304087}, 'user_v': 7.999999999999999, 'user_w': 0, 'delta_t': 0.02, 'need_reset': False}
Tangent angle: 3.266942004821678, User angle: 3.5258760936538325, Offset angle: 0.4236374871141148
Target angle: 3.6905794919357926, distance: 443.51546225637344, angle diff: 0.16470339828196012, rotation direction: 1
Basic rotation angle: 1.693121693121693, rotation gain: 0.00347967450587845
Rotation gain: 1.24, direction: 1, curvature radius: 7.5
{'type': 'running', 'physical': {'user_x': 1076.8726767398132, 'user_y': 658.3216171373618, 'user_direction': 3.547040114817854}, 'virtual': {'user_x': 2182.271848916818, 'user_y': 8224.99836248722, 'user_direction': 0.05642065090304709}, 'user_v': 7.999999999999999, 'user_w': 0, 'delta_t': 0.02, 'need_reset': False}
Tangent angle: 3.263288492557591, User angle: 3.547040114817854, Offset angle: 0.4293692240430357
Target angle: 3.6926577166006265, distance: 436.8168504608212, angle diff: 0.1456176017827726, rotation direction: 1
Basic rotation angle: 1.693121693121693, rotation gain: 0.003617095913192083
Rotation gain: 1.24, direction: 1, curvature radius: 7.5
{'type': 'running', 'physical': {'user_x': 1071.0925300564156, 'user_y': 655.6943894001433, 'user_direction': 3.5682041359818752}, 'virtual': {'user_x': 2190.2591191348442, 'user_y': 8225.449488261509, 'user_direction': 0.056420650903040846}, 'user_v': 7.999999999999999, 'user_w': 0, 'delta_t': 0.02, 'need_reset': False}
Tangent angle: 3.2592703120642375, User angle: 3.5682041359818752, Offset angle: 0.43521887282341243
Target angle: 3.69448918488765, distance: 430.1511791052183, angle diff: 0.12628504890577474, rotation direction: 1
Basic rotation angle: 1.693121693121693, rotation gain: 0.003737012345734084
Rotation gain: 1.24, direction: 1, curvature radius: 7.5
{'type': 'running', 'physical': {'user_x': 1065.3692763868269, 'user_y': 652.9454280147579, 'user_direction': 3.5893681571458966}, 'virtual': {'user_x': 2198.2463893528707, 'user_y': 8225.9006140358, 'user_direction': 0.056420650903047834}, 'user_v': 7.999999999999999, 'user_w': 0, 'delta_t': 0.02, 'need_reset': False}
Tangent angle: 3.2548763411239037, User angle: 3.5893681571458966, Offset angle: 0.4411852718565819
Target angle: 3.6960616129804857, distance: 423.5230592924839, angle diff: 0.10669345583458911, rotation direction: 1
Basic rotation angle: 1.693121693121693, rotation gain: 0.003841657733615246
Rotation gain: 1.24, direction: 1, curvature radius: 7.5
{'type': 'running', 'physical': {'user_x': 1059.7054791710602, 'user_y': 650.0759642384619, 'user_direction': 3.610532178309918}, 'virtual': {'user_x': 2206.233659570897, 'user_y': 8226.351739810088, 'user_direction': 0.056420650903040825}, 'user_v': 7.999999999999999, 'user_w': 0, 'delta_t': 0.02, 'need_reset': False}
Tangent angle: 3.2500953797054364, User angle: 3.610532178309918, Offset angle: 0.44726670024882575
Target angle: 3.697362079954262, distance: 416.93732115787594, angle diff: 0.0868299016443439, rotation direction: 1
Basic rotation angle: 1.693121693121693, rotation gain: 0.003932989304986095
Rotation gain: 1.24, direction: 1, curvature radius: 7.5
{'type': 'running', 'physical': {'user_x': 1054.1036752186385, 'user_y': 647.0872833014207, 'user_direction': 3.6316961994739394}, 'virtual': {'user_x': 2214.2209297889235, 'user_y': 8226.80286558438, 'user_direction': 0.056420650903048784}, 'user_v': 7.999999999999999, 'user_w': 0, 'delta_t': 0.02, 'need_reset': False}
Tangent angle: 3.2449161948758403, User angle: 3.6316961994739394, Offset angle: 0.45346080884040796
Target angle: 3.6983770037162484, distance: 410.39902545666826, angle diff: 0.06668080424230904, rotation direction: 1
Basic rotation angle: 1.693121693121693, rotation gain: 0.004012722265580247
Rotation gain: 1.24, direction: 1, curvature radius: 7.5
{'type': 'running', 'physical': {'user_x': 1048.5663735723592, 'user_y': 643.9807238310557, 'user_direction': 3.652860220637961}, 'virtual': {'user_x': 2222.20820000695, 'user_y': 8227.253991358668, 'user_direction': 0.05642065090304079}, 'user_v': 7.999999999999999, 'user_w': 0, 'delta_t': 0.02, 'need_reset': False}
Tangent angle: 3.239327572777545, User angle: 3.652860220637961, Offset angle: 0.4597645458648434
Target angle: 3.699092118642388, distance: 403.91347534906646, angle diff: 0.046231898004427396, rotation direction: 1
Basic rotation angle: 1.693121693121693, rotation gain: 0.004082360141326962
Rotation gain: 1.24, direction: 1, curvature radius: 7.5
{'type': 'running', 'physical': {'user_x': 1043.096054384497, 'user_y': 640.757677252474, 'user_direction': 3.674024241801982}, 'virtual': {'user_x': 2230.1954702249764, 'user_y': 8227.705117132959, 'user_direction': 0.05642065090305005}, 'user_v': 7.999999999999999, 'user_w': 0, 'delta_t': 0.02, 'need_reset': False}
Tangent angle: 3.2333183783004573, User angle: 3.674024241801982, Offset angle: 0.46617407730922605
Target angle: 3.6994924556096835, distance: 397.4862282722836, angle diff: 0.025468213807701368, rotation direction: 1
Basic rotation angle: 1.693121693121693, rotation gain: 0.0041432213248605255
Rotation gain: 1.24, direction: 1, curvature radius: 7.5
{'type': 'running', 'physical': {'user_x': 1037.695167805945, 'user_y': 637.4195871652504, 'user_direction': 3.6951882629660036}, 'virtual': {'user_x': 2238.182740443003, 'user_y': 8228.156242907247, 'user_direction': 0.05642065090304074}, 'user_v': 7.999999999999999, 'user_w': 0, 'delta_t': 0.02, 'need_reset': False}
Tangent angle: 3.2268776230720113, User angle: 3.6951882629660036, Offset angle: 0.4726847021878766
Target angle: 3.6995623252598877, distance: 391.1231077605772, angle diff: 0.004374062293884151, rotation direction: 1
Basic rotation angle: 1.693121693121693, rotation gain: 0.004196462298907147
Rotation gain: 1.24, direction: 1, curvature radius: 7.5
{'type': 'running', 'physical': {'user_x': 1032.3661328887956, 'user_y': 633.9679486968408, 'user_direction': 3.716352284130025}, 'virtual': {'user_x': 2246.170010661029, 'user_y': 8228.607368681538, 'user_direction': 0.05642065090305181}, 'user_v': 7.999999999999999, 'user_w': 0, 'delta_t': 0.02, 'need_reset': False}
Tangent angle: 3.2199945423651646, User angle: 3.716352284130025, Offset angle: 0.4792907631179079
Target angle: 3.6992853054830723, distance: 384.8302150401951, angle diff: 0.017066978646952613, rotation direction: -1
Basic rotation angle: 1.693121693121693, rotation gain: 0.0042430979501329145
Rotation gain: 1.24, direction: -1, curvature radius: 7.5
{'type': 'running', 'physical': {'user_x': 1026.9652463102436, 'user_y': 630.6298586096173, 'user_direction': 3.6951882629660036}, 'virtual': {'user_x': 2254.1572808790556, 'user_y': 8229.058494455827, 'user_direction': 0.05642065090304067}, 'user_v': 7.999999999999999, 'user_w': 0, 'delta_t': 0.02, 'need_reset': False}
Tangent angle: 3.2132084955343836, User angle: 3.6951882629660036, Offset angle: 0.486145540911885
Target angle: 3.6993540364462687, distance: 378.4673166803339, angle diff: 0.004165773480265145, rotation direction: 1
Basic rotation angle: 1.693121693121693, rotation gain: 0.004283891790709664
Rotation gain: 1.24, direction: 1, curvature radius: 7.5
{'type': 'running', 'physical': {'user_x': 1021.6362113930943, 'user_y': 627.1782201412077, 'user_direction': 3.716352284130025}, 'virtual': {'user_x': 2262.144551097082, 'user_y': 8229.509620230117, 'user_direction': 0.056420650903054426}, 'user_v': 7.999999999999999, 'user_w': 0, 'delta_t': 0.02, 'need_reset': False}
Tangent angle: 3.20596253347946, User angle: 3.716352284130025, Offset angle: 0.49310151034545757
Target angle: 3.699064043824918, distance: 372.17704175293517, angle diff: 0.017288240305107117, rotation direction: -1
Basic rotation angle: 1.693121693121693, rotation gain: 0.004319638520978635
Rotation gain: 1.24, direction: -1, curvature radius: 7.5
{'type': 'running', 'physical': {'user_x': 1016.2353248145424, 'user_y': 623.8401300539841, 'user_direction': 3.6951882629660036}, 'virtual': {'user_x': 2270.1318213151085, 'user_y': 8229.960746004406, 'user_direction': 0.056420650903040576}, 'user_v': 7.999999999999999, 'user_w': 0, 'delta_t': 0.02, 'need_reset': False}
Tangent angle: 3.198805750807247, User angle: 3.6951882629660036, Offset angle: 0.5003255610538906
Target angle: 3.6991313118611377, distance: 365.8144303119527, angle diff: 0.0039430488951341935, rotation direction: 1
Basic rotation angle: 1.693121693121693, rotation gain: 0.004350904821375129
Rotation gain: 1.24, direction: 1, curvature radius: 7.5
{'type': 'running', 'physical': {'user_x': 1010.906289897393, 'user_y': 620.3884915855746, 'user_direction': 3.716352284130025}, 'virtual': {'user_x': 2278.119091533135, 'user_y': 8230.411871778697, 'user_direction': 0.056420650903058714}, 'user_v': 7.999999999999999, 'user_w': 0, 'delta_t': 0.02, 'need_reset': False}
Tangent angle: 3.1911703425575633, User angle: 3.716352284130025, Offset angle: 0.5076568381785797
Target angle: 3.698827180736143, distance: 359.52700825720365, angle diff: 0.017525103393881913, rotation direction: -1
Basic rotation angle: 1.693121693121693, rotation gain: 0.004378317482438452
Rotation gain: 1.24, direction: -1, curvature radius: 7.5
{'type': 'running', 'physical': {'user_x': 1005.5054033188411, 'user_y': 617.050401498351, 'user_direction': 3.6951882629660036}, 'virtual': {'user_x': 2286.1063617511613, 'user_y': 8230.862997552986, 'user_direction': 0.056420650903040395}, 'user_v': 7.999999999999999, 'user_w': 0, 'delta_t': 0.02, 'need_reset': False}
Tangent angle: 3.1836151859185504, User angle: 3.6951882629660036, Offset angle: 0.5152774140310313
Target angle: 3.698892599949582, distance: 353.16476085820193, angle diff: 0.0037043369835783047, rotation direction: 1
Basic rotation angle: 1.693121693121693, rotation gain: 0.0044022918073394965
Rotation gain: 1.24, direction: 1, curvature radius: 7.5
{'type': 'running', 'physical': {'user_x': 1000.1763684016917, 'user_y': 613.5987630299414, 'user_direction': 3.716352284130025}, 'virtual': {'user_x': 2294.0936319691878, 'user_y': 8231.314123327276, 'user_direction': 0.05642065090306707}, 'user_v': 7.999999999999999, 'user_w': 0, 'delta_t': 0.02, 'need_reset': False}
Tangent angle: 3.1755615064271248, User angle: 3.716352284130025, Offset angle: 0.5230115029584074
Target angle: 3.698573009385532, distance: 346.8804580588405, angle diff: 0.017779274744492923, rotation direction: -1
Basic rotation angle: 1.693121693121693, rotation gain: 0.004423326753458476
Rotation gain: 1.24, direction: -1, curvature radius: 7.5
{'type': 'running', 'physical': {'user_x': 994.7754818231398, 'user_y': 610.2606729427179, 'user_direction': 3.6951882629660036}, 'virtual': {'user_x': 2302.080902187214, 'user_y': 8231.765249101565, 'user_direction': 0.056420650903039986}, 'user_v': 7.999999999999999, 'user_w': 0, 'delta_t': 0.02, 'need_reset': False}
Tangent angle: 3.1675779638517025, User angle: 3.6951882629660036, Offset angle: 0.5310581551846303
Target angle: 3.698636119036333, distance: 340.518666827429, angle diff: 0.0034478560703292693, rotation direction: 1
Basic rotation angle: 1.693121693121693, rotation gain: 0.004441720995643005
Rotation gain: 1.24, direction: 1, curvature radius: 7.5
{'type': 'running', 'physical': {'user_x': 989.4464469059903, 'user_y': 606.8090344743083, 'user_direction': 3.716352284130025}, 'virtual': {'user_x': 2310.0681724052406, 'user_y': 8232.216374875856, 'user_direction': 0.05642065090309042}, 'user_v': 7.999999999999999, 'user_w': 0, 'delta_t': 0.02, 'need_reset': False}
Tangent angle: 3.1590747511843285, User angle: 3.716352284130025, Offset angle: 0.5392248139450896
Target angle: 3.698299565129418, distance: 334.2377865504926, angle diff: 0.01805271900060701, rotation direction: -1
Basic rotation angle: 1.693121693121693, rotation gain: 0.004457876400590958
Rotation gain: 1.24, direction: -1, curvature radius: 7.5
{'type': 'running', 'physical': {'user_x': 984.0455603274385, 'user_y': 603.4709443870847, 'user_direction': 3.6951882629660036}, 'virtual': {'user_x': 2318.055442623267, 'user_y': 8232.667500650145, 'user_direction': 0.05642065090303825}, 'user_v': 7.999999999999999, 'user_w': 0, 'delta_t': 0.02, 'need_reset': False}
Tangent angle: 3.150630252887768, User angle: 3.6951882629660036, Offset angle: 0.547729560234044
Target angle: 3.698359813121812, distance: 327.87656192865387, angle diff: 0.0031715501558085, rotation direction: 1
Basic rotation angle: 1.693121693121693, rotation gain: 0.004472001561251794
Rotation gain: 1.24, direction: 1, curvature radius: 7.5
{'type': 'running', 'physical': {'user_x': 978.716525410289, 'user_y': 600.0193059186752, 'user_direction': 3.716352284130025}, 'virtual': {'user_x': 2319.888525856442, 'user_y': 8232.771034281828, 'user_direction': 0.05642065090303825}, 'user_v': 0, 'user_w': 0.1, 'delta_t': 0.02, 'need_reset': False}
Tangent angle: 3.1416436308177804, User angle: 3.716352284130025, Offset angle: 0.5563609442307949
Target angle: 3.698004575048575, distance: 321.59945116800276, angle diff: 0.018347709081449892, rotation direction: -1
Basic rotation angle: 0.0, rotation gain: 0.003932048815794962
Rotation gain: 1.24, direction: -1, curvature radius: 2500000
{'type': 'running', 'physical': {'user_x': 973.3156388317371, 'user_y': 596.6812158314516, 'user_direction': 3.6951882629660036}, 'virtual': {'user_x': 2319.888525856442, 'user_y': 8232.771034281828, 'user_direction': -0.043579349096961754}, 'user_v': 0, 'user_w': 0.1, 'delta_t': 0.02, 'need_reset': False}
Tangent angle: 3.132702865976046, User angle: 3.6951882629660036, Offset angle: 0.565358431132238
Target angle: 3.6980612971082842, distance: 315.238926093694, angle diff: 0.0028730341422806838, rotation direction: 1
Basic rotation angle: 0.0, rotation gain: 0.0034595898241043185
Rotation gain: 1.24, direction: 1, curvature radius: 2500000
{'type': 'running', 'physical': {'user_x': 973.3156388317371, 'user_y': 596.6812158314516, 'user_direction': 3.775833424256326}, 'virtual': {'user_x': 2319.888525856442, 'user_y': 8232.771034281828, 'user_direction': -0.14357934909696177}, 'user_v': 0, 'user_w': 0.1, 'delta_t': 0.02, 'need_reset': False}
Tangent angle: 3.132702865976046, User angle: 3.775833424256326, Offset angle: 0.565358431132238
Target angle: 3.6980612971082842, distance: 315.238926093694, angle diff: 0.07777212714804183, rotation direction: -1
Basic rotation angle: 0.0, rotation gain: 0.0030461882063750056
Rotation gain: 1.24, direction: -1, curvature radius: 2500000
{'type': 'running', 'physical': {'user_x': 973.3156388317371, 'user_y': 596.6812158314516, 'user_direction': 3.8564785855466486}, 'virtual': {'user_x': 2319.888525856442, 'user_y': 8232.771034281828, 'user_direction': -0.24357934909696177}, 'user_v': 0, 'user_w': 0.1, 'delta_t': 0.02, 'need_reset': False}
Tangent angle: 3.132702865976046, User angle: 3.8564785855466486, Offset angle: 0.565358431132238
Target angle: 3.6980612971082842, distance: 315.238926093694, angle diff: 0.15841728843836433, rotation direction: -1
Basic rotation angle: 0.0, rotation gain: 0.002684461790861857
Rotation gain: 1.24, direction: -1, curvature radius: 2500000
{'type': 'running', 'physical': {'user_x': 973.3156388317371, 'user_y': 596.6812158314516, 'user_direction': 3.937123746836971}, 'virtual': {'user_x': 2319.888525856442, 'user_y': 8232.771034281828, 'user_direction': -0.34357934909696175}, 'user_v': 0, 'user_w': 0.1, 'delta_t': 0.02, 'need_reset': False}
Tangent angle: 3.132702865976046, User angle: 3.937123746836971, Offset angle: 0.565358431132238
Target angle: 3.6980612971082842, distance: 315.238926093694, angle diff: 0.23906244972868684, rotation direction: -1
Basic rotation angle: 0.0, rotation gain: 0.0023679511772878516
Rotation gain: 1.24, direction: -1, curvature radius: 2500000
{'type': 'running', 'physical': {'user_x': 973.3156388317371, 'user_y': 596.6812158314516, 'user_direction': 4.017768908127294}, 'virtual': {'user_x': 2319.888525856442, 'user_y': 8232.771034281828, 'user_direction': -0.44357934909696173}, 'user_v': 0, 'user_w': 0.1, 'delta_t': 0.02, 'need_reset': False}
Tangent angle: 3.132702865976046, User angle: 4.017768908127294, Offset angle: 0.565358431132238
Target angle: 3.6980612971082842, distance: 315.238926093694, angle diff: 0.31970761101900935, rotation direction: -1
Basic rotation angle: 0.0, rotation gain: 0.002091004390410597
Rotation gain: 1.24, direction: -1, curvature radius: 2500000
{'type': 'running', 'physical': {'user_x': 973.3156388317371, 'user_y': 596.6812158314516, 'user_direction': 4.0984140694176165}, 'virtual': {'user_x': 2319.888525856442, 'user_y': 8232.771034281828, 'user_direction': -0.5435793490969617}, 'user_v': 0, 'user_w': 0.1, 'delta_t': 0.02, 'need_reset': False}
Tangent angle: 3.132702865976046, User angle: 4.0984140694176165, Offset angle: 0.565358431132238
Target angle: 3.6980612971082842, distance: 315.238926093694, angle diff: 0.4003527723093323, rotation direction: -1
Basic rotation angle: 0.0, rotation gain: 0.0018486759518929995
Rotation gain: 1.24, direction: -1, curvature radius: 2500000
{'type': 'running', 'physical': {'user_x': 973.3156388317371, 'user_y': 596.6812158314516, 'user_direction': 4.1790592307079395}, 'virtual': {'user_x': 2319.888525856442, 'user_y': 8232.771034281828, 'user_direction': -0.6435793490969617}, 'user_v': 0, 'user_w': 0.1, 'delta_t': 0.02, 'need_reset': False}
Tangent angle: 3.132702865976046, User angle: 4.1790592307079395, Offset angle: 0.565358431132238
Target angle: 3.6980612971082842, distance: 315.238926093694, angle diff: 0.48099793359965526, rotation direction: -1
Basic rotation angle: 0.0, rotation gain: 0.0016366385681901015
Rotation gain: 1.24, direction: -1, curvature radius: 2500000
{'type': 'running', 'physical': {'user_x': 973.3156388317371, 'user_y': 596.6812158314516, 'user_direction': 4.2597043919982625}, 'virtual': {'user_x': 2319.888525856442, 'user_y': 8232.771034281828, 'user_direction': -0.7435793490969617}, 'user_v': 0, 'user_w': 0.1, 'delta_t': 0.02, 'need_reset': False}
Tangent angle: 3.132702865976046, User angle: 4.2597043919982625, Offset angle: 0.565358431132238
Target angle: 3.6980612971082842, distance: 315.238926093694, angle diff: 0.5616430948899782, rotation direction: -1
Basic rotation angle: 0.0, rotation gain: 0.0014511058574500657
Rotation gain: 1.24, direction: -1, curvature radius: 2500000
{'type': 'running', 'physical': {'user_x': 973.3156388317371, 'user_y': 596.6812158314516, 'user_direction': 4.340349553288585}, 'virtual': {'user_x': 2319.888525856442, 'user_y': 8232.771034281828, 'user_direction': -0.8435793490969616}, 'user_v': 0, 'user_w': 0.1, 'delta_t': 0.02, 'need_reset': False}
Tangent angle: 3.132702865976046, User angle: 4.340349553288585, Offset angle: 0.565358431132238
Target angle: 3.6980612971082842, distance: 315.238926093694, angle diff: 0.6422882561803012, rotation direction: -1
Basic rotation angle: 0.0, rotation gain: 0.0012887647355525344
Rotation gain: 1.24, direction: -1, curvature radius: 2500000
{'type': 'running', 'physical': {'user_x': 973.3156388317371, 'user_y': 596.6812158314516, 'user_direction': 4.420994714578908}, 'virtual': {'user_x': 2319.888525856442, 'user_y': 8232.771034281828, 'user_direction': -0.9435793490969616}, 'user_v': 0, 'user_w': 0.1, 'delta_t': 0.02, 'need_reset': False}
Tangent angle: 3.132702865976046, User angle: 4.420994714578908, Offset angle: 0.565358431132238
Target angle: 3.6980612971082842, distance: 315.238926093694, angle diff: 0.7229334174706241, rotation direction: -1
Basic rotation angle: 0.0, rotation gain: 0.0011467162538921945
Rotation gain: 1.24, direction: -1, curvature radius: 2500000
{'type': 'running', 'physical': {'user_x': 973.3156388317371, 'user_y': 596.6812158314516, 'user_direction': 4.501639875869231}, 'virtual': {'user_x': 2319.888525856442, 'user_y': 8232.771034281828, 'user_direction': -1.1226944148504503}, 'user_v': 7.999999999999999, 'user_w': 0, 'delta_t': 0.02, 'need_reset': False}
Tangent angle: 3.132702865976046, User angle: 4.501639875869231, Offset angle: 0.565358431132238
Target angle: 3.6980612971082842, distance: 315.238926093694, angle diff: 0.8035785787609471, rotation direction: -1
Basic rotation angle: 1.693121693121693, rotation gain: 0.0015747900306674772
Rotation gain: 1.24, direction: -1, curvature radius: 7.5
{'type': 'running', 'physical': {'user_x': 973.3156388317371, 'user_y': 596.6812158314516, 'user_direction': 4.582285037159554}, 'virtual': {'user_x': 2323.354570846159, 'user_y': 8225.560865620191, 'user_direction': -1.1226944148504503}, 'user_v': 7.999999999999999, 'user_w': 0, 'delta_t': 0.02, 'need_reset': False}
Tangent angle: 3.132702865976046, User angle: 4.582285037159554, Offset angle: 0.565358431132238
Target angle: 3.6980612971082842, distance: 315.238926093694, angle diff: 0.88422374005127, rotation direction: -1
Basic rotation angle: 1.693121693121693, rotation gain: 0.0019493545853458496
Rotation gain: 1.24, direction: -1, curvature radius: 7.5
{'type': 'running', 'physical': {'user_x': 972.3588658887203, 'user_y': 590.4045123335704, 'user_direction': 4.561121015995533}, 'virtual': {'user_x': 2326.8206158358757, 'user_y': 8218.350696958554, 'user_direction': -1.122694414850452}, 'user_v': 7.999999999999999, 'user_w': 0, 'delta_t': 0.02, 'need_reset': False}
Tangent angle: 3.1158288934610026, User angle: 4.561121015995533, Offset angle: 0.5668033161165454
Target angle: 3.682632209577548, distance: 314.23430492148776, angle diff: 0.8784888064179848, rotation direction: -1
Basic rotation angle: 1.693121693121693, rotation gain: 0.0022798468522282032
Rotation gain: 1.24, direction: -1, curvature radius: 7.5
{'type': 'running', 'physical': {'user_x': 971.2694768455459, 'user_y': 584.1494621517243, 'user_direction': 4.5399569948315115}, 'virtual': {'user_x': 2330.2866608255927, 'user_y': 8211.140528296917, 'user_direction': -1.122694414850454}, 'user_v': 7.999999999999999, 'user_w': 0, 'delta_t': 0.02, 'need_reset': False}
Tangent angle: 3.098925751995245, User angle: 4.5399569948315115, Offset angle: 0.568302347691743
Target angle: 3.667228099686988, distance: 313.19684542990694, angle diff: 0.8727288951445233, rotation direction: -1
Basic rotation angle: 1.693121693121693, rotation gain: 0.0025717282761613435
Rotation gain: 1.24, direction: -1, curvature radius: 7.5
{'type': 'running', 'physical': {'user_x': 970.0479596385568, 'user_y': 577.9188669170912, 'user_direction': 4.51879297366749}, 'virtual': {'user_x': 2333.7527058153096, 'user_y': 8203.93035963528, 'user_direction': -1.1226944148504563}, 'user_v': 7.999999999999999, 'user_w': 0, 'delta_t': 0.02, 'need_reset': False}
Tangent angle: 3.0819923212977955, User angle: 4.51879297366749, Offset angle: 0.569856035165388
Target angle: 3.6518483564631836, distance: 312.1266872135161, angle diff: 0.8669446172043065, rotation direction: -1
Basic rotation angle: 1.693121693121693, rotation gain: 0.0028297777333470006
Rotation gain: 1.24, direction: -1, curvature radius: 7.5
{'type': 'running', 'physical': {'user_x': 968.6948613841774, 'user_y': 571.7155173075014, 'user_direction': 4.497628952503469}, 'virtual': {'user_x': 2337.2187508050265, 'user_y': 8196.720190973643, 'user_direction': -1.1226944148504587}, 'user_v': 7.999999999999999, 'user_w': 0, 'delta_t': 0.02, 'need_reset': False}
Tangent angle: 3.065027466468861, User angle: 4.497628952503469, Offset angle: 0.5714649068533137
Target angle: 3.6364923733221746, distance: 311.0239745940497, angle diff: 0.8611365791812942, rotation direction: -1
Basic rotation angle: 1.693121693121693, rotation gain: 0.00305817684964062
Rotation gain: 1.24, direction: -1, curvature radius: 7.5
{'type': 'running', 'physical': {'user_x': 967.2107881338619, 'user_y': 565.5421917974946, 'user_direction': 4.476464931339447}, 'virtual': {'user_x': 2340.6847957947434, 'user_y': 8189.510022312005, 'user_direction': -1.1226944148504616}, 'user_v': 7.999999999999999, 'user_w': 0, 'delta_t': 0.02, 'need_reset': False}
Tangent angle: 3.0480300374478895, User angle: 4.476464931339447, Offset angle: 0.5731295102734352
Target angle: 3.6211595477213248, distance: 309.8888566373639, angle diff: 0.8553053836181226, rotation direction: -1
Basic rotation angle: 1.693121693121693, rotation gain: 0.003260584654087433
Rotation gain: 1.24, direction: -1, curvature radius: 7.5
{'type': 'running', 'physical': {'user_x': 965.5964046026432, 'user_y': 559.4016554138444, 'user_direction': 4.455300910175426}, 'virtual': {'user_x': 2344.1508407844603, 'user_y': 8182.299853650367, 'user_direction': -1.1226944148504616}, 'user_v': 7.999999999999999, 'user_w': 0, 'delta_t': 0.02, 'need_reset': False}
Tangent angle: 3.0309988684665345, User angle: 4.455300910175426, Offset angle: 0.5748504123410347
Target angle: 3.6058492808075693, distance: 308.72148717171575, angle diff: 0.8494516293678567, rotation direction: -1
Basic rotation angle: 1.693121693121693, rotation gain: 0.003440202900788724
Rotation gain: 1.24, direction: -1, curvature radius: 7.5
{'type': 'running', 'physical': {'user_x': 963.8524338714086, 'user_y': 553.2966584971049, 'user_direction': 4.434136889011405}, 'virtual': {'user_x': 2347.6168857741773, 'user_y': 8175.0896849887295, 'user_direction': -1.1226944148504616}, 'user_v': 7.999999999999999, 'user_w': 0, 'delta_t': 0.02, 'need_reset': False}
Tangent angle: 3.0139327774966405, User angle: 4.434136889011405, Offset angle: 0.5766281995648354
Target angle: 3.5905609770614757, distance: 307.5220248074661, angle diff: 0.8435759119499289, rotation direction: -1
Basic rotation angle: 1.693121693121693, rotation gain: 0.003599833225554509
Rotation gain: 1.24, direction: -1, curvature radius: 7.5
{'type': 'running', 'physical': {'user_x': 961.9796570630319, 'user_y': 547.2299354697359, 'user_direction': 4.412972867847383}, 'virtual': {'user_x': 2351.082930763894, 'user_y': 8167.879516327092, 'user_direction': -1.1226944148504616}, 'user_v': 7.999999999999999, 'user_w': 0, 'delta_t': 0.02, 'need_reset': False}
Tangent angle: 2.9968305656934136, User angle: 4.412972867847383, Offset angle: 0.578463478243107
Target angle: 3.5752940439365206, distance: 306.2906329583039, angle diff: 0.8376788239108626, rotation direction: -1
Basic rotation angle: 1.693121693121693, rotation gain: 0.0037419271579917073
Rotation gain: 1.24, direction: -1, curvature radius: 7.5
{'type': 'running', 'physical': {'user_x': 959.9789129925097, 'user_y': 541.2042036113578, 'user_direction': 4.391808846683362}, 'virtual': {'user_x': 2354.548975753611, 'user_y': 8160.669347665454, 'user_direction': -1.1226944148504616}, 'user_v': 7.999999999999999, 'user_w': 0, 'delta_t': 0.02, 'need_reset': False}
Tangent angle: 2.979691016833979, User angle: 4.391808846683362, Offset angle: 0.5803568746589757
Target angle: 3.5600478914929545, distance: 305.0274798640993, angle diff: 0.8317609551904073, rotation direction: -1
Basic rotation angle: 1.693121693121693, rotation gain: 0.0038686298820956398
Rotation gain: 1.24, direction: -1, curvature radius: 7.5
{'type': 'running', 'physical': {'user_x': 957.8510977912564, 'user_y': 535.2221618416844, 'user_direction': 4.37064482551934}, 'virtual': {'user_x': 2358.015020743328, 'user_y': 8153.459179003816, 'user_direction': -1.1226944148504614}, 'user_v': 7.999999999999999, 'user_w': 0, 'delta_t': 0.02, 'need_reset': False}
Tangent angle: 2.9625128967515764, User angle: 4.37064482551934, Offset angle: 0.582309035274027
Target angle: 3.544821932025603, distance: 303.732738615501, angle diff: 0.8258228934937373, rotation direction: -1
Basic rotation angle: 1.693121693121693, rotation gain: 0.003981818526779099
Rotation gain: 1.24, direction: -1, curvature radius: 7.5
{'type': 'running', 'physical': {'user_x': 955.5971645057283, 'user_y': 529.2864895116791, 'user_direction': 4.349480804355319}, 'virtual': {'user_x': 2361.481065733045, 'user_y': 8146.249010342178, 'user_direction': -1.1226944148504614}, 'user_v': 7.999999999999999, 'user_w': 0, 'delta_t': 0.02, 'need_reset': False}
Tangent angle: 2.9452949527656873, User angle: 4.349480804355319, Offset angle: 0.5843206269192119
Target angle: 3.5296155796848994, distance: 302.40658718039833, angle diff: 0.8198652246704197, rotation direction: -1
Basic rotation angle: 1.693121693121693, rotation gain: 0.004083135670093831
Rotation gain: 1.24, direction: -1, curvature radius: 7.5
{'type': 'running', 'physical': {'user_x': 953.2181226705546, 'user_y': 523.3998452034763, 'user_direction': 4.328316783191298}, 'virtual': {'user_x': 2364.947110722762, 'user_y': 8139.03884168054, 'user_direction': -1.1226944148504614}, 'user_v': 7.999999999999999, 'user_w': 0, 'delta_t': 0.02, 'need_reset': False}
Tangent angle: 2.9280359131084603, User angle: 4.328316783191298, Offset angle: 0.5863923369819679
Target angle: 3.514428250090428, distance: 301.0492084323797, angle diff: 0.8138885331008696, rotation direction: -1
Basic rotation angle: 1.693121693121693, rotation gain: 0.004174018655429776
Rotation gain: 1.24, direction: -1, curvature radius: 7.5
{'type': 'running', 'physical': {'user_x': 950.7150378563682, 'user_y': 517.564865539605, 'user_direction': 4.307152762027276}, 'virtual': {'user_x': 2368.413155712479, 'user_y': 8131.828673018902, 'user_direction': -1.1226944148504614}, 'user_v': 7.999999999999999, 'user_w': 0, 'delta_t': 0.02, 'need_reset': False}
Tangent angle: 2.9107344863478404, User angle: 4.307152762027276, Offset angle: 0.588524873588368
Target angle: 3.4992593599362083, distance: 299.66079018132683, angle diff: 0.807893402091068, rotation direction: -1
Basic rotation angle: 1.693121693121693, rotation gain: 0.004255725243191635
Rotation gain: 1.24, direction: -1, curvature radius: 7.5
{'type': 'running', 'physical': {'user_x': 948.0890311925369, 'user_y': 511.7841640020478, 'user_direction': 4.285988740863255}, 'virtual': {'user_x': 2371.8792007021957, 'user_y': 8124.618504357264, 'user_direction': -1.1226944148504614}, 'user_v': 7.999999999999999, 'user_w': 0, 'delta_t': 0.02, 'need_reset': False}
Tangent angle: 2.8933893608078876, User angle: 4.285988740863255, Offset angle: 0.5907189657790051
Target angle: 3.4841083265868926, distance: 298.24152520629406, angle diff: 0.8018804142763623, rotation direction: -1
Basic rotation angle: 1.693121693121693, rotation gain: 0.004329356056014691
Rotation gain: 1.24, direction: -1, curvature radius: 7.5
{'type': 'running', 'physical': {'user_x': 945.3412788650113, 'user_y': 506.0603297616649, 'user_direction': 4.2648247196992335}, 'virtual': {'user_x': 2375.3452456919126, 'user_y': 8117.408335695626, 'user_direction': -1.1226944148504612}, 'user_v': 7.999999999999999, 'user_w': 0, 'delta_t': 0.02, 'need_reset': False}
Tangent angle: 2.8759992039868383, User angle: 4.2648247196992335, Offset angle: 0.5929753636771952
Target angle: 3.4689745676640333, distance: 296.7916112908325, angle diff: 0.7958501520352002, rotation direction: -1
Basic rotation angle: 1.693121693121693, rotation gain: 0.004395874218323962
Rotation gain: 1.24, direction: -1, curvature radius: 7.5
{'type': 'running', 'physical': {'user_x': 942.4730115895118, 'user_y': 500.3959265185067, 'user_direction': 4.243660698535212}, 'virtual': {'user_x': 2378.8112906816295, 'user_y': 8110.198167033988, 'user_direction': -1.122694414850461}, 'user_v': 7.999999999999999, 'user_w': 0, 'delta_t': 0.02, 'need_reset': False}
Tangent angle: 2.858562661973538, User angle: 4.243660698535212, Offset angle: 0.5952948386479606
Target angle: 3.453857500621498, distance: 295.31125126093076, angle diff: 0.7898031979137139, rotation direction: -1
Basic rotation angle: 1.693121693121693, rotation gain: 0.004456122540940059
Rotation gain: 1.24, direction: -1, curvature radius: 7.5
{'type': 'running', 'physical': {'user_x': 939.4855140602923, 'user_y': 494.79349135353516, 'user_direction': 4.222496677371191}, 'virtual': {'user_x': 2382.2773356713465, 'user_y': 8102.98799837235, 'user_direction': -1.122694414850461}, 'user_v': 7.999999999999999, 'user_w': 0, 'delta_t': 0.02, 'need_reset': False}
Tangent angle: 2.841078358862954, User angle: 4.222496677371191, Offset angle: 0.5976781834461105
Target angle: 3.4387565423090645, distance: 293.8006530257542, angle diff: 0.7837401350621263, rotation direction: -1
Basic rotation angle: 1.693121693121693, rotation gain: 0.00451083855759701
Rotation gain: 1.24, direction: -1, curvature radius: 7.5
{'type': 'running', 'physical': {'user_x': 936.3801243747268, 'user_y': 489.2555335922674, 'user_direction': 4.201332656207169}, 'virtual': {'user_x': 2385.7433806610634, 'user_y': 8095.7778297107125, 'user_direction': -1.1226944148504605}, 'user_v': 7.999999999999999, 'user_w': 0, 'delta_t': 0.02, 'need_reset': False}
Tangent angle: 2.8235448961715757, User angle: 4.201332656207169, Offset angle: 0.6001262123515912
Target angle: 3.423671108523167, distance: 292.2600296213803, angle diff: 0.7776615476840023, rotation direction: -1
Basic rotation angle: 1.693121693121693, rotation gain: 0.004560667681878996
Rotation gain: 1.24, direction: -1, curvature radius: 7.5
{'type': 'running', 'physical': {'user_x': 933.158233433977, 'user_y': 483.78453368085115, 'user_direction': 4.180168635043148}, 'virtual': {'user_x': 2389.2094256507803, 'user_y': 8088.567661049075, 'user_direction': -1.12269441485046}, 'user_v': 7.999999999999999, 'user_w': 0, 'delta_t': 0.02, 'need_reset': False}
Tangent angle: 2.8059608522536004, User angle: 4.180168635043148, Offset angle: 0.6026397612901155
Target angle: 3.408600613543716, distance: 290.6895992577401, angle diff: 0.7715680214994318, rotation direction: -1
Basic rotation angle: 1.693121693121693, rotation gain: 0.00460617471951933
Rotation gain: 1.24, direction: -1, curvature radius: 7.5
{'type': 'running', 'physical': {'user_x': 929.8212843200085, 'user_y': 478.38294207507533, 'user_direction': 4.159004613879127}, 'virtual': {'user_x': 2392.675470640497, 'user_y': 8081.357492387437, 'user_direction': -1.1226944148504587}, 'user_v': 7.999999999999999, 'user_w': 0, 'delta_t': 0.02, 'need_reset': False}
Tangent angle: 2.788324781718909, User angle: 4.159004613879127, Offset angle: 0.6052196879368983
Target angle: 3.393544469655807, distance: 289.0895853689897, angle diff: 0.7654601442233195, rotation direction: -1
Basic rotation angle: 1.693121693121693, rotation gain: 0.004647853941636886
Rotation gain: 1.24, direction: -1, curvature radius: 7.5
{'type': 'running', 'physical': {'user_x': 926.3707716492364, 'user_y': 473.0531781428131, 'user_direction': 4.137840592715105}, 'virtual': {'user_x': 2394.019270618908, 'user_y': 8078.562080175364, 'user_direction': -1.1226944148504587}, 'user_v': 0, 'user_w': 0.1, 'delta_t': 0.02, 'need_reset': False}
Tangent angle: 2.770635214853958, User angle: 4.137840592715105, Offset angle: 0.6078668718011493
Target angle: 3.378502086655107, distance: 287.4602166675562, angle diff: 0.759338506059998, rotation direction: -1
Basic rotation angle: 0.0, rotation gain: 0.004087514388927468
Rotation gain: 1.24, direction: -1, curvature radius: 2500000
{'type': 'running', 'physical': {'user_x': 922.8082409030874, 'user_y': 467.7976290803892, 'user_direction': 4.116676571551084}, 'virtual': {'user_x': 2394.019270618908, 'user_y': 8078.562080175364, 'user_direction': -1.2226944148504588}, 'user_v': 0, 'user_w': 0.1, 'delta_t': 0.02, 'need_reset': False}
Tangent angle: 2.752890657046821, User angle: 4.116676571551084, Offset angle: 0.6105822142887547
Target angle: 3.3634728713355755, distance: 285.8017272021148, angle diff: 0.7532037002155083, rotation direction: -1
Basic rotation angle: 0.0, rotation gain: 0.0035972762393711253
Rotation gain: 1.24, direction: -1, curvature radius: 2500000
{'type': 'running', 'physical': {'user_x': 922.8082409030874, 'user_y': 467.7976290803892, 'user_direction': 4.197321732841407}, 'virtual': {'user_x': 2394.019270618908, 'user_y': 8078.562080175364, 'user_direction': -1.322694414850459}, 'user_v': 0, 'user_w': 0.1, 'delta_t': 0.02, 'need_reset': False}
Tangent angle: 2.752890657046821, User angle: 4.197321732841407, Offset angle: 0.6105822142887547
Target angle: 3.3634728713355755, distance: 285.8017272021148, angle diff: 0.8338488615058313, rotation direction: -1
Basic rotation angle: 0.0, rotation gain: 0.0031683178585093256
Rotation gain: 1.24, direction: -1, curvature radius: 2500000
{'type': 'running', 'physical': {'user_x': 922.8082409030874, 'user_y': 467.7976290803892, 'user_direction': 4.27796689413173}, 'virtual': {'user_x': 2394.019270618908, 'user_y': 8078.562080175364, 'user_direction': -1.422694414850459}, 'user_v': 0, 'user_w': 0.1, 'delta_t': 0.02, 'need_reset': False}
Tangent angle: 2.752890657046821, User angle: 4.27796689413173, Offset angle: 0.6105822142887547
Target angle: 3.3634728713355755, distance: 285.8017272021148, angle diff: 0.9144940227961542, rotation direction: -1
Basic rotation angle: 0.0, rotation gain: 0.0027929792752552506
Rotation gain: 1.24, direction: -1, curvature radius: 2500000
{'type': 'running', 'physical': {'user_x': 922.8082409030874, 'user_y': 467.7976290803892, 'user_direction': 4.358612055422053}, 'virtual': {'user_x': 2394.019270618908, 'user_y': 8078.562080175364, 'user_direction': -1.522694414850459}, 'user_v': 0, 'user_w': 0.1, 'delta_t': 0.02, 'need_reset': False}
Tangent angle: 2.752890657046821, User angle: 4.358612055422053, Offset angle: 0.6105822142887547
Target angle: 3.3634728713355755, distance: 285.8017272021148, angle diff: 0.9951391840864772, rotation direction: -1
Basic rotation angle: 0.0, rotation gain: 0.002464558014907935
Rotation gain: 1.24, direction: -1, curvature radius: 2500000
{'type': 'running', 'physical': {'user_x': 922.8082409030874, 'user_y': 467.7976290803892, 'user_direction': 4.439257216712376}, 'virtual': {'user_x': 2394.019270618908, 'user_y': 8078.562080175364, 'user_direction': -1.6226944148504592}, 'user_v': 0, 'user_w': 0.1, 'delta_t': 0.02, 'need_reset': False}
Tangent angle: 2.752890657046821, User angle: 4.439257216712376, Offset angle: 0.6105822142887547
Target angle: 3.3634728713355755, distance: 285.8017272021148, angle diff: 1.0757843453768001, rotation direction: -1
Basic rotation angle: 0.0, rotation gain: 0.002177189412104034
Rotation gain: 1.24, direction: -1, curvature radius: 2500000
{'type': 'running', 'physical': {'user_x': 922.8082409030874, 'user_y': 467.7976290803892, 'user_direction': 4.519902378002699}, 'virtual': {'user_x': 2394.019270618908, 'user_y': 8078.562080175364, 'user_direction': -1.7226944148504593}, 'user_v': 0, 'user_w': 0.1, 'delta_t': 0.02, 'need_reset': False}
Tangent angle: 2.752890657046821, User angle: 4.519902378002699, Offset angle: 0.6105822142887547
Target angle: 3.3634728713355755, distance: 285.8017272021148, angle diff: 1.156429506667123, rotation direction: -1
Basic rotation angle: 0.0, rotation gain: 0.0019257418846506205
Rotation gain: 1.24, direction: -1, curvature radius: 2500000
{'type': 'running', 'physical': {'user_x': 922.8082409030874, 'user_y': 467.7976290803892, 'user_direction': 4.6005475392930215}, 'virtual': {'user_x': 2394.019270618908, 'user_y': 8078.562080175364, 'user_direction': -1.8226944148504594}, 'user_v': 0, 'user_w': 0.1, 'delta_t': 0.02, 'need_reset': False}
Tangent angle: 2.752890657046821, User angle: 4.6005475392930215, Offset angle: 0.6105822142887547
Target angle: 3.3634728713355755, distance: 285.8017272021148, angle diff: 1.237074667957446, rotation direction: -1
Basic rotation angle: 0.0, rotation gain: 0.0017057252981288837
Rotation gain: 1.24, direction: -1, curvature radius: 2500000
{'type': 'running', 'physical': {'user_x': 922.8082409030874, 'user_y': 467.7976290803892, 'user_direction': 4.6811927005833445}, 'virtual': {'user_x': 2394.019270618908, 'user_y': 8078.562080175364, 'user_direction': -1.9226944148504594}, 'user_v': 0, 'user_w': 0.1, 'delta_t': 0.02, 'need_reset': False}
Tangent angle: 2.752890657046821, User angle: 4.6811927005833445, Offset angle: 0.6105822142887547
Target angle: 3.3634728713355755, distance: 285.8017272021148, angle diff: 1.317719829247769, rotation direction: -1
Basic rotation angle: 0.0, rotation gain: 0.001513210784922364
Rotation gain: 1.24, direction: -1, curvature radius: 2500000
{'type': 'running', 'physical': {'user_x': 922.8082409030874, 'user_y': 467.7976290803892, 'user_direction': 4.761837861873667}, 'virtual': {'user_x': 2394.019270618908, 'user_y': 8078.562080175364, 'user_direction': -2.0226944148504593}, 'user_v': 0, 'user_w': 0.1, 'delta_t': 0.02, 'need_reset': False}
Tangent angle: 2.752890657046821, User angle: 4.761837861873667, Offset angle: 0.6105822142887547
Target angle: 3.3634728713355755, distance: 285.8017272021148, angle diff: 1.398364990538092, rotation direction: -1
Basic rotation angle: 0.0, rotation gain: 0.0013447605858666592
Rotation gain: 1.24, direction: -1, curvature radius: 2500000
{'type': 'running', 'physical': {'user_x': 922.8082409030874, 'user_y': 467.7976290803892, 'user_direction': 4.84248302316399}, 'virtual': {'user_x': 2394.019270618908, 'user_y': 8078.562080175364, 'user_direction': -2.1921401041157633}, 'user_v': 7.999999999999999, 'user_w': 0, 'delta_t': 0.02, 'need_reset': False}
Tangent angle: 2.752890657046821, User angle: 4.84248302316399, Offset angle: 0.6105822142887547
Target angle: 3.3634728713355755, distance: 285.8017272021148, angle diff: 1.4790101518284149, rotation direction: -1
Basic rotation angle: 1.693121693121693, rotation gain: 0.001797699984421051
Rotation gain: 1.24, direction: -1, curvature radius: 7.5
{'type': 'running', 'physical': {'user_x': 922.8082409030874, 'user_y': 467.7976290803892, 'user_direction': 4.923128184454313}, 'virtual': {'user_x': 2389.362244162734, 'user_y': 8072.0573046537575, 'user_direction': -2.1921401041157633}, 'user_v': 7.999999999999999, 'user_w': 0, 'delta_t': 0.02, 'need_reset': False}
Tangent angle: 2.752890657046821, User angle: 4.923128184454313, Offset angle: 0.6105822142887547
Target angle: 3.3634728713355755, distance: 285.8017272021148, angle diff: 1.5596553131187378, rotation direction: -1
Basic rotation angle: 1.693121693121693, rotation gain: 0.002194021958156144
Rotation gain: 1.24, direction: -1, curvature radius: 7.5
{'type': 'running', 'physical': {'user_x': 924.0046961777639, 'user_y': 461.562172718542, 'user_direction': 4.901964163290292}, 'virtual': {'user_x': 2384.70521770656, 'user_y': 8065.552529132151, 'user_direction': -2.1921401041157615}, 'user_v': 7.999999999999999, 'user_w': 0, 'delta_t': 0.02, 'need_reset': False}
Tangent angle: 2.737799978632572, User angle: 4.901964163290292, Offset angle: 0.6036269027357917
Target angle: 3.341426881368364, distance: 290.075981714543, angle diff: 1.560537281921928, rotation direction: -1
Basic rotation angle: 1.693121693121693, rotation gain: 0.0025433179140577004
Rotation gain: 1.24, direction: -1, curvature radius: 7.5
{'type': 'running', 'physical': {'user_x': 925.0689260279147, 'user_y': 455.30279286979896, 'user_direction': 4.880800142126271}, 'virtual': {'user_x': 2380.0481912503856, 'user_y': 8059.0477536105445, 'user_direction': -2.19214010411576}, 'user_v': 7.999999999999999, 'user_w': 0, 'delta_t': 0.02, 'need_reset': False}
Tangent angle: 2.722797854139488, User angle: 4.880800142126271, Offset angle: 0.5969029837861295
Target angle: 3.3197008379256174, distance: 294.29082286103005, angle diff: 1.5610993042006531, rotation direction: -1
Basic rotation angle: 1.693121693121693, rotation gain: 0.0028513358061692407
Rotation gain: 1.24, direction: -1, curvature radius: 7.5
{'type': 'running', 'physical': {'user_x': 926.0004537859763, 'user_y': 449.02229310459217, 'user_direction': 4.859636120962249}, 'virtual': {'user_x': 2375.3911647942114, 'user_y': 8052.542978088938, 'user_direction': -2.1921401041157584}, 'user_v': 7.999999999999999, 'user_w': 0, 'delta_t': 0.02, 'need_reset': False}
Tangent angle: 2.7078809064314213, User angle: 4.859636120962249, Offset angle: 0.5904005476612332
Target angle: 3.2982814540926544, distance: 298.44691964913653, angle diff: 1.5613546668695948, rotation direction: -1
Basic rotation angle: 1.693121693121693, rotation gain: 0.0031231102330585014
Rotation gain: 1.24, direction: -1, curvature radius: 7.5
{'type': 'running', 'physical': {'user_x': 926.7988622215295, 'user_y': 442.7234864529446, 'user_direction': 4.838472099798228}, 'virtual': {'user_x': 2370.734138338037, 'user_y': 8046.038202567332, 'user_direction': -2.1921401041157567}, 'user_v': 7.999999999999999, 'user_w': 0, 'delta_t': 0.02, 'need_reset': False}
Tangent angle: 2.693045911910173, User angle: 4.838472099798228, Offset angle: 0.5841102981051208
Target angle: 3.277156210015294, distance: 302.54486950335706, angle diff: 1.561315889782934, rotation direction: -1
Basic rotation angle: 1.693121693121693, rotation gain: 0.0033630512910250926
Rotation gain: 1.24, direction: -1, curvature radius: 7.5
{'type': 'running', 'physical': {'user_x': 927.4637937281759, 'user_y': 436.40919414451673, 'user_direction': 4.817308078634206}, 'virtual': {'user_x': 2366.077111881863, 'user_y': 8039.533427045725, 'user_direction': -2.1921401041157544}, 'user_v': 7.999999999999999, 'user_w': 0, 'delta_t': 0.02, 'need_reset': False}
Tangent angle: 2.678289791888908, User angle: 4.817308078634206, Offset angle: 0.5780235037882571
Target angle: 3.256313295677165, distance: 306.5852050626315, angle diff: 1.5609947829570414, rotation direction: -1
Basic rotation angle: 1.693121693121693, rotation gain: 0.003575022345160423
Rotation gain: 1.24, direction: -1, curvature radius: 7.5
{'type': 'running', 'physical': {'user_x': 927.9949504837102, 'user_y': 430.08224434498044, 'user_direction': 4.796144057470185}, 'virtual': {'user_x': 2361.420085425689, 'user_y': 8033.028651524119, 'user_direction': -2.192140104115752}, 'user_v': 7.999999999999999, 'user_w': 0, 'delta_t': 0.02, 'need_reset': False}
Tangent angle: 2.6636096045155684, User angle: 4.796144057470185, Offset angle: 0.5721319545353389
Target angle: 3.2357415590509073, distance: 310.5684002432482, angle diff: 1.5604024984192777, rotation direction: -1
Basic rotation angle: 1.693121693121693, rotation gain: 0.00376240810123842
Rotation gain: 1.24, direction: -1, curvature radius: 7.5
{'type': 'running', 'physical': {'user_x': 928.392094583514, 'user_y': 423.745470889286, 'user_direction': 4.774980036306164}, 'virtual': {'user_x': 2356.7630589695154, 'user_y': 8026.523876002512, 'user_direction': -2.192140104115752}, 'user_v': 7.999999999999999, 'user_w': 0, 'delta_t': 0.02, 'need_reset': False}
Tangent angle: 2.649002537207245, User angle: 4.774980036306164, Offset angle: 0.5664279218005722
Target angle: 3.2154304590078175, distance: 314.49487566093524, angle diff: 1.559549577298346, rotation direction: -1
Basic rotation angle: 1.693121693121693, rotation gain: 0.003928174188798641
Rotation gain: 1.24, direction: -1, curvature radius: 7.5
{'type': 'running', 'physical': {'user_x': 928.655048147113, 'user_y': 417.40171201239036, 'user_direction': 4.753816015142142}, 'virtual': {'user_x': 2352.1060325133417, 'user_y': 8020.019100480906, 'user_direction': -2.1921401041157518}, 'user_v': 7.999999999999999, 'user_w': 0, 'delta_t': 0.02, 'need_reset': False}
Tangent angle: 2.6344658995594603, User angle: 4.753816015142142, Offset angle: 0.5609041228946404
Target angle: 3.195370022454101, distance: 318.36500349219796, angle diff: 1.5584459926880414, rotation direction: -1
Basic rotation angle: 1.693121693121693, rotation gain: 0.004074919314710083
Rotation gain: 1.24, direction: -1, curvature radius: 7.5
{'type': 'running', 'physical': {'user_x': 928.7836933978498, 'user_y': 411.0538090780139, 'user_direction': 4.732651993978121}, 'virtual': {'user_x': 2347.449006057168, 'user_y': 8013.514324959299, 'user_direction': -2.1921401041157518}, 'user_v': 7.999999999999999, 'user_w': 0, 'delta_t': 0.02, 'need_reset': False}
Tangent angle: 2.6199971166970073, User angle: 4.732651993978121, Offset angle: 0.5555536885353227
Target angle: 3.17555080523233, distance: 322.1791118434883, angle diff: 1.5571011887457908, rotation direction: -1
Basic rotation angle: 1.693121693121693, rotation gain: 0.0042049209142864755
Rotation gain: 1.24, direction: -1, curvature radius: 7.5
{'type': 'running', 'physical': {'user_x': 928.7779727156359, 'user_y': 404.7046053059967, 'user_direction': 4.7114879728140995}, 'virtual': {'user_x': 2342.791979600994, 'user_y': 8007.009549437693, 'user_direction': -2.1921401041157513}, 'user_v': 7.999999999999999, 'user_w': 0, 'delta_t': 0.02, 'need_reset': False}
Tangent angle: 2.6055937230355553, User angle: 4.7114879728140995, Offset angle: 0.5503701333508971
Target angle: 3.1559638563864523, distance: 325.937488687156, angle diff: 1.5555241164276472, rotation direction: -1
Basic rotation angle: 1.693121693121693, rotation gain: 0.004320175111309288
Rotation gain: 1.24, direction: -1, curvature radius: 7.5
{'type': 'running', 'physical': {'user_x': 928.6378886627596, 'user_y': 398.35694449882277, 'user_direction': 4.690323951650078}, 'virtual': {'user_x': 2338.1349531448204, 'user_y': 8000.504773916086, 'user_direction': -2.192140104115751}, 'user_v': 7.999999999999999, 'user_w': 0, 'delta_t': 0.02, 'need_reset': False}
Tangent angle: 2.5912533564255114, User angle: 4.690323951650078, Offset angle: 0.5453473290139311
Target angle: 3.1366006854394426, distance: 329.6403854150265, angle diff: 1.5537232662106355, rotation direction: -1
Basic rotation angle: 1.693121693121693, rotation gain: 0.004422431697043773
Rotation gain: 1.24, direction: -1, curvature radius: 7.5
{'type': 'running', 'physical': {'user_x': 928.3635039827383, 'user_y': 392.0136697678836, 'user_direction': 4.669159930486057}, 'virtual': {'user_x': 2333.4779266886467, 'user_y': 7993.99999839448, 'user_direction': -2.1921401041157504}, 'user_v': 7.999999999999999, 'user_w': 0, 'delta_t': 0.02, 'need_reset': False}
Tangent angle: 2.576973752651789, User angle: 4.669159930486057, Offset angle: 0.5404794797242831
Target angle: 3.1174532323760724, distance: 333.28802005359387, angle diff: 1.5517066981099843, rotation direction: -1
Basic rotation angle: 1.693121693121693, rotation gain: 0.004513224749703488
Rotation gain: 1.24, direction: -1, curvature radius: 7.5
{'type': 'running', 'physical': {'user_x': 927.9549415722158, 'user_y': 385.67762226005107, 'user_direction': 4.647995909322035}, 'virtual': {'user_x': 2328.820900232473, 'user_y': 7987.4952228728735, 'user_direction': -2.19214010411575}, 'user_v': 7.999999999999999, 'user_w': 0, 'delta_t': 0.02, 'need_reset': False}
Tangent angle: 2.562752740265088, User angle: 4.647995909322035, Offset angle: 0.5357610997953427
Target angle: 3.0985138400604306, distance: 336.8805801790018, angle diff: 1.5494820692616047, rotation direction: -1
Basic rotation angle: 1.693121693121693, rotation gain: 0.004593899438252322
Rotation gain: 1.24, direction: -1, curvature radius: 7.5
{'type': 'running', 'physical': {'user_x': 927.4123844259171, 'user_y': 379.35163988513074, 'user_direction': 4.626831888158014}, 'virtual': {'user_x': 2324.163873776299, 'user_y': 7980.990447351267, 'user_direction': -2.1921401041157496}, 'user_v': 7.999999999999999, 'user_w': 0, 'delta_t': 0.02, 'need_reset': False}
Tangent angle: 2.5485882357221126, User angle: 4.626831888158014, Offset angle: 0.5311869931277049
Target angle: 3.0797752288498175, distance: 340.41822556503286, angle diff: 1.5470566593081965, rotation direction: -1
Basic rotation angle: 1.693121693121693, rotation gain: 0.004665635486549097
Rotation gain: 1.24, direction: -1, curvature radius: 7.5
{'type': 'running', 'physical': {'user_x': 926.7360755546852, 'user_y': 373.03855604476433, 'user_direction': 4.6056678669939926}, 'virtual': {'user_x': 2319.5068473201254, 'user_y': 7974.4856718296605, 'user_direction': -2.192140104115749}, 'user_v': 7.999999999999999, 'user_w': 0, 'delta_t': 0.02, 'need_reset': False}
Tangent angle: 2.534478238813812, User angle: 4.6056678669939926, Offset angle: 0.5267522343804028
Target angle: 3.0612304731942146, distance: 343.90109059309844, angle diff: 1.544437393799778, rotation direction: -1
Basic rotation angle: 1.693121693121693, rotation gain: 0.004729467714429941
Rotation gain: 1.24, direction: -1, curvature radius: 7.5
{'type': 'running', 'physical': {'user_x': 925.9263178766364, 'user_y': 366.741198363352, 'user_direction': 4.584503845829971}, 'virtual': {'user_x': 2314.8498208639517, 'user_y': 7967.980896308054, 'user_direction': -2.1921401041157482}, 'user_v': 7.999999999999999, 'user_w': 0, 'delta_t': 0.02, 'need_reset': False}
Tangent angle: 2.5204208283622767, User angle: 4.584503845829971, Offset angle: 0.5224521516721997
Target angle: 3.0428729800344763, distance: 347.32928644959867, angle diff: 1.541630865795495, rotation direction: -1
Basic rotation angle: 1.693121693121693, rotation gain: 0.0047863040203298705
Rotation gain: 1.24, direction: -1, curvature radius: 7.5
{'type': 'running', 'physical': {'user_x': 924.9834740814842, 'user_y': 360.46238742156174, 'user_direction': 4.56333982466595}, 'virtual': {'user_x': 2310.192794407778, 'user_y': 7961.476120786448, 'user_direction': -2.1921401041157473}, 'user_v': 7.999999999999999, 'user_w': 0, 'delta_t': 0.02, 'need_reset': False}
Tangent angle: 2.506414158168335, User angle: 4.56333982466595, Offset angle: 0.5182823106647945
Target angle: 3.0246964688331293, distance: 350.7029031329064, angle diff: 1.5386433558328205, rotation direction: -1
Basic rotation angle: 1.693121693121693, rotation gain: 0.004836941124541803
Rotation gain: 1.24, direction: -1, curvature radius: 7.5
{'type': 'running', 'physical': {'user_x': 923.9079664680905, 'user_y': 354.20493549299414, 'user_direction': 4.542175803501928}, 'virtual': {'user_x': 2305.535767951604, 'user_y': 7954.971345264841, 'user_direction': -2.1921401041157464}, 'user_v': 7.999999999999999, 'user_w': 0, 'delta_t': 0.02, 'need_reset': False}
Tangent angle: 2.4924564531931983, User angle: 4.542175803501928, Offset angle: 0.5142384998965914
Target angle: 3.0066949530897897, distance: 354.02201128954795, angle diff: 1.5354808504121387, rotation direction: -1
Basic rotation angle: 1.693121693121693, rotation gain: 0.004882078352388205
Rotation gain: 1.24, direction: -1, curvature radius: 7.5
{'type': 'running', 'physical': {'user_x': 922.7002767553183, 'user_y': 347.9716452845676, 'user_direction': 4.521011782337907}, 'virtual': {'user_x': 2300.8787414954304, 'user_y': 7948.466569743235, 'user_direction': -2.1921401041157456}, 'user_v': 7.999999999999999, 'user_w': 0, 'delta_t': 0.02, 'need_reset': False}
Tangent angle: 2.4785460059587203, User angle: 4.521011782337907, Offset angle: 0.5103167172503104
Target angle: 2.9888627232090306, distance: 357.28666389683065, angle diff: 1.5321490591288764, rotation direction: -1
Basic rotation angle: 1.693121693121693, rotation gain: 0.0049223297017287415
Rotation gain: 1.24, direction: -1, curvature radius: 7.5
{'type': 'running', 'physical': {'user_x': 921.3609458662704, 'user_y': 341.7653086811884, 'user_direction': 4.499847761173886}, 'virtual': {'user_x': 2296.2217150392567, 'user_y': 7941.961794221628, 'user_direction': -2.192140104115744}, 'user_v': 7.999999999999999, 'user_w': 0, 'delta_t': 0.02, 'need_reset': False}
Tangent angle: 2.464681173151928, User angle: 4.499847761173886, Offset angle: 0.5065131574504647
Target angle: 2.9711943306023927, distance: 360.4968978071599, angle diff: 1.528653430571493, rotation direction: -1
Basic rotation angle: 1.693121693121693, rotation gain: 0.004958234408725981
Rotation gain: 1.24, direction: -1, curvature radius: 7.5
{'type': 'running', 'physical': {'user_x': 919.8905736860106, 'user_y': 335.58870549526813, 'user_direction': 4.478683740009864}, 'virtual': {'user_x': 2291.564688583083, 'user_y': 7935.457018700022, 'user_direction': -2.192140104115742}, 'user_v': 7.999999999999999, 'user_w': 0, 'delta_t': 0.02, 'need_reset': False}
Tangent angle: 2.450860372420523, User angle: 4.478683740009864, Offset angle: 0.5028242004979036
Target angle: 2.9536845729184265, distance: 363.65273516754013, angle diff: 1.5249991670914378, rotation direction: -1
Basic rotation angle: 1.693121693121693, rotation gain: 0.004990266199097373
Rotation gain: 1.24, direction: -1, curvature radius: 7.5
{'type': 'running', 'physical': {'user_x': 918.2898187928754, 'user_y': 329.44460222164827, 'user_direction': 4.457519718845843}, 'virtual': {'user_x': 2286.907662126909, 'user_y': 7928.952243178415, 'user_direction': -2.19214010411574}, 'user_v': 7.999999999999999, 'user_w': 0, 'delta_t': 0.02, 'need_reset': False}
Tangent angle: 2.4370820793469847, User angle: 4.457519718845843, Offset angle: 0.49924640095840833
Target angle: 2.9363284803053933, distance: 366.75418472623267, angle diff: 1.5211912385404496, rotation direction: -1
Basic rotation angle: 1.693121693121693, rotation gain: 0.005018841388719968
Rotation gain: 1.24, direction: -1, curvature radius: 7.5
{'type': 'running', 'physical': {'user_x': 916.5593981634977, 'user_y': 323.3357507984897, 'user_direction': 4.4363556976818215}, 'virtual': {'user_x': 2282.2506356707354, 'user_y': 7922.447467656808, 'user_direction': -2.1921401041157367}, 'user_v': 7.999999999999999, 'user_w': 0, 'delta_t': 0.02, 'need_reset': False}
Tangent angle: 2.423344824589796, User angle: 4.4363556976818215, Offset angle: 0.49577647803094
Target angle: 2.919121302620736, distance: 369.80124303721766, angle diff: 1.5172343950610854, rotation direction: -1
Basic rotation angle: 1.693121693121693, rotation gain: 0.005044325977008705
Rotation gain: 1.24, direction: -1, curvature radius: 7.5
{'type': 'running', 'physical': {'user_x': 914.7000868516732, 'user_y': 317.2648873746822, 'user_direction': 4.4151916765178}, 'virtual': {'user_x': 2277.5936092145616, 'user_y': 7915.9426921352015, 'user_direction': -2.192140104115747}, 'user_v': 7.999999999999999, 'user_w': 0, 'delta_t': 0.02, 'need_reset': False}
Tangent angle: 2.409647191181096, User angle: 4.4151916765178, Offset angle: 0.49241130632873437
Target angle: 2.9020584975098305, distance: 372.79389557193895, angle diff: 1.5131331790079696, rotation direction: -1
Basic rotation angle: 1.693121693121693, rotation gain: 0.005067041858595585
Rotation gain: 1.24, direction: -1, curvature radius: 7.5
{'type': 'running', 'physical': {'user_x': 912.712717641215, 'user_y': 311.23473108432574, 'user_direction': 4.394027655353779}, 'virtual': {'user_x': 2272.936582758388, 'user_y': 7909.437916613595, 'user_direction': -2.192140104115744}, 'user_v': 7.999999999999999, 'user_w': 0, 'delta_t': 0.02, 'need_reset': False}
Tangent angle: 2.3959878119708273, User angle: 4.394027655353779, Offset angle: 0.48914790731313773
Target angle: 2.885135719283965, distance: 375.732117746801, angle diff: 1.5088919360698139, rotation direction: -1
Basic rotation angle: 1.693121693121693, rotation gain: 0.005087272263176878
Rotation gain: 1.24, direction: -1, curvature radius: 7.5
{'type': 'running', 'physical': {'user_x': 910.5981806729503, 'user_y': 305.2479828288331, 'user_direction': 4.372863634189757}, 'virtual': {'user_x': 2268.279556302214, 'user_y': 7902.933141091989, 'user_direction': -2.192140104115738}, 'user_v': 7.999999999999999, 'user_w': 0, 'delta_t': 0.02, 'need_reset': False}
Tangent angle: 2.3823653672081315, User angle: 4.372863634189757, Offset angle: 0.48598344132602606
Target angle: 2.8683488085341575, distance: 378.61587587397673, angle diff: 1.5045148256555998, rotation direction: -1
Basic rotation angle: 1.693121693121693, rotation gain: 0.005105266519690105
Rotation gain: 1.24, direction: -1, curvature radius: 7.5
{'type': 'running', 'physical': {'user_x': 908.3574230460271, 'user_y': 299.30732406719835, 'user_direction': 4.351699613025736}, 'virtual': {'user_x': 2263.6225298460404, 'user_y': 7896.428365570381, 'user_direction': -2.192140104115725}, 'user_v': 7.999999999999999, 'user_w': 0, 'delta_t': 0.02, 'need_reset': False}
Tangent angle: 2.368778582251365, User angle: 4.351699613025736, Offset angle: 0.48291520017190603
Target angle: 2.851693782423271, distance: 381.44512804231147, angle diff: 1.5000058306024648, rotation direction: -1
Basic rotation angle: 1.693121693121693, rotation gain: 0.0051212442289876115
Rotation gain: 1.24, direction: -1, curvature radius: 7.5
{'type': 'running', 'physical': {'user_x': 905.9914483937093, 'user_y': 293.41541561497405, 'user_direction': 4.3305355918617146}, 'virtual': {'user_x': 2261.330138862264, 'user_y': 7893.226432126896, 'user_direction': -2.192140104115725}, 'user_v': 0, 'user_w': 0.1, 'delta_t': 0.02, 'need_reset': False}
Tangent angle: 2.355226225398726, User angle: 4.3305355918617146, Offset angle: 0.4799406002054914
Target angle: 2.8351668256042175, distance: 384.21982493439765, angle diff: 1.495368766257497, rotation direction: -1
Basic rotation angle: 0.0, rotation gain: 0.004502899040974547
Rotation gain: 1.24, direction: -1, curvature radius: 2500000
{'type': 'running', 'physical': {'user_x': 903.5013164338505, 'user_y': 287.5748964524944, 'user_direction': 4.309371570697693}, 'virtual': {'user_x': 2261.330138862264, 'user_y': 7893.226432126896, 'user_direction': -2.292140104115725}, 'user_v': 0, 'user_w': 0.1, 'delta_t': 0.02, 'need_reset': False}
Tangent angle: 2.3417071058319934, User angle: 4.309371570697693, Offset angle: 0.4770571758847145
Target angle: 2.818764281716708, distance: 386.93991058528695, angle diff: 1.4906072889809852, rotation direction: -1
Basic rotation angle: 0.0, rotation gain: 0.003961850900544721
Rotation gain: 1.24, direction: -1, curvature radius: 2500000
{'type': 'running', 'physical': {'user_x': 903.5013164338505, 'user_y': 287.5748964524944, 'user_direction': 4.390016731988016}, 'virtual': {'user_x': 2261.330138862264, 'user_y': 7893.226432126896, 'user_direction': -2.3921401041157253}, 'user_v': 0, 'user_w': 0.1, 'delta_t': 0.02, 'need_reset': False}
Tangent angle: 2.3417071058319934, User angle: 4.390016731988016, Offset angle: 0.4770571758847145
Target angle: 2.818764281716708, distance: 386.93991058528695, angle diff: 1.571252450271308, rotation direction: -1
Basic rotation angle: 0.0, rotation gain: 0.003488433777668623
Rotation gain: 1.24, direction: -1, curvature radius: 2500000
{'type': 'running', 'physical': {'user_x': 903.5013164338505, 'user_y': 287.5748964524944, 'user_direction': 4.470661893278339}, 'virtual': {'user_x': 2261.330138862264, 'user_y': 7893.226432126896, 'user_direction': -2.4921401041157254}, 'user_v': 0, 'user_w': 0.1, 'delta_t': 0.02, 'need_reset': False}
Tangent angle: 2.3417071058319934, User angle: 4.470661893278339, Offset angle: 0.4770571758847145
Target angle: 2.818764281716708, distance: 386.93991058528695, angle diff: 1.651897611561631, rotation direction: -1
Basic rotation angle: 0.0, rotation gain: 0.0030741937951520378
Rotation gain: 1.24, direction: -1, curvature radius: 2500000
{'type': 'running', 'physical': {'user_x': 903.5013164338505, 'user_y': 287.5748964524944, 'user_direction': 4.551307054568662}, 'virtual': {'user_x': 2261.330138862264, 'user_y': 7893.226432126896, 'user_direction': -2.5921401041157255}, 'user_v': 0, 'user_w': 0.1, 'delta_t': 0.02, 'need_reset': False}
Tangent angle: 2.3417071058319934, User angle: 4.551307054568662, Offset angle: 0.4770571758847145
Target angle: 2.818764281716708, distance: 386.93991058528695, angle diff: 1.732542772851954, rotation direction: -1
Basic rotation angle: 0.0, rotation gain: 0.0027117338104500257
Rotation gain: 1.24, direction: -1, curvature radius: 2500000
{'type': 'running', 'physical': {'user_x': 903.5013164338505, 'user_y': 287.5748964524944, 'user_direction': 4.631952215858985}, 'virtual': {'user_x': 2261.330138862264, 'user_y': 7893.226432126896, 'user_direction': -2.6921401041157256}, 'user_v': 0, 'user_w': 0.1, 'delta_t': 0.02, 'need_reset': False}
Tangent angle: 2.3417071058319934, User angle: 4.631952215858985, Offset angle: 0.4770571758847145
Target angle: 2.818764281716708, distance: 386.93991058528695, angle diff: 1.813187934142277, rotation direction: -1
Basic rotation angle: 0.0, rotation gain: 0.002394581323835765
Rotation gain: 1.24, direction: -1, curvature radius: 2500000
{'type': 'running', 'physical': {'user_x': 903.5013164338505, 'user_y': 287.5748964524944, 'user_direction': 4.712597377149308}, 'virtual': {'user_x': 2261.330138862264, 'user_y': 7893.226432126896, 'user_direction': -2.7921401041157257}, 'user_v': 0, 'user_w': 0.1, 'delta_t': 0.02, 'need_reset': False}
Tangent angle: 2.3417071058319934, User angle: 4.712597377149308, Offset angle: 0.4770571758847145
Target angle: 2.818764281716708, distance: 386.93991058528695, angle diff: 1.8938330954326, rotation direction: -1
Basic rotation angle: 0.0, rotation gain: 0.002117072898048287
Rotation gain: 1.24, direction: -1, curvature radius: 2500000
{'type': 'running', 'physical': {'user_x': 903.5013164338505, 'user_y': 287.5748964524944, 'user_direction': 4.793242538439631}, 'virtual': {'user_x': 2261.330138862264, 'user_y': 7893.226432126896, 'user_direction': -2.8921401041157258}, 'user_v': 0, 'user_w': 0.1, 'delta_t': 0.02, 'need_reset': False}
Tangent angle: 2.3417071058319934, User angle: 4.793242538439631, Offset angle: 0.4770571758847145
Target angle: 2.818764281716708, distance: 386.93991058528695, angle diff: 1.9744782567229229, rotation direction: -1
Basic rotation angle: 0.0, rotation gain: 0.0018742530254842436
Rotation gain: 1.24, direction: -1, curvature radius: 2500000
{'type': 'running', 'physical': {'user_x': 903.5013164338505, 'user_y': 287.5748964524944, 'user_direction': 4.873887699729954}, 'virtual': {'user_x': 2261.330138862264, 'user_y': 7893.226432126896, 'user_direction': -2.992140104115726}, 'user_v': 0, 'user_w': 0.1, 'delta_t': 0.02, 'need_reset': False}
Tangent angle: 2.3417071058319934, User angle: 4.873887699729954, Offset angle: 0.4770571758847145
Target angle: 2.818764281716708, distance: 386.93991058528695, angle diff: 2.055123418013246, rotation direction: -1
Basic rotation angle: 0.0, rotation gain: 0.0016617856369907054
Rotation gain: 1.24, direction: -1, curvature radius: 2500000
{'type': 'running', 'physical': {'user_x': 903.5013164338505, 'user_y': 287.5748964524944, 'user_direction': 4.954532861020277}, 'virtual': {'user_x': 2261.330138862264, 'user_y': 7893.226432126896, 'user_direction': -3.092140104115726}, 'user_v': 0, 'user_w': 0.1, 'delta_t': 0.02, 'need_reset': False}
Tangent angle: 2.3417071058319934, User angle: 4.954532861020277, Offset angle: 0.4770571758847145
Target angle: 2.818764281716708, distance: 386.93991058528695, angle diff: 2.135768579303569, rotation direction: -1
Basic rotation angle: 0.0, rotation gain: 0.0014758766720588596
Rotation gain: 1.24, direction: -1, curvature radius: 2500000
{'type': 'running', 'physical': {'user_x': 903.5013164338505, 'user_y': 287.5748964524944, 'user_direction': 5.0351780223106}, 'virtual': {'user_x': 2261.330138862264, 'user_y': 7893.226432126896, 'user_direction': 3.09104520306386}, 'user_v': 0, 'user_w': 0.1, 'delta_t': 0.02, 'need_reset': False}
Tangent angle: 2.3417071058319934, User angle: 5.0351780223106, Offset angle: 0.4770571758847145
Target angle: 2.818764281716708, distance: 386.93991058528695, angle diff: 2.2164137405938917, rotation direction: -1
Basic rotation angle: 0.0, rotation gain: 0.0013132063277434946
Rotation gain: 1.24, direction: -1, curvature radius: 2500000
{'type': 'running', 'physical': {'user_x': 903.5013164338505, 'user_y': 287.5748964524944, 'user_direction': 5.115823183600923}, 'virtual': {'user_x': 2261.330138862264, 'user_y': 7893.226432126896, 'user_direction': 2.99104520306386}, 'user_v': 0, 'user_w': 0.1, 'delta_t': 0.02, 'need_reset': False}
Tangent angle: 2.3417071058319934, User angle: 5.115823183600923, Offset angle: 0.4770571758847145
Target angle: 2.818764281716708, distance: 386.93991058528695, angle diff: 2.2970589018842147, rotation direction: -1
Basic rotation angle: 0.0, rotation gain: 0.0011708697764675501
Rotation gain: 1.24, direction: -1, curvature radius: 2500000
{'type': 'running', 'physical': {'user_x': 903.5013164338505, 'user_y': 287.5748964524944, 'user_direction': 5.196468344891246}, 'virtual': {'user_x': 2261.330138862264, 'user_y': 7893.226432126896, 'user_direction': 2.89104520306386}, 'user_v': 0, 'user_w': 0.1, 'delta_t': 0.02, 'need_reset': False}
Tangent angle: 2.3417071058319934, User angle: 5.196468344891246, Offset angle: 0.4770571758847145
Target angle: 2.818764281716708, distance: 386.93991058528695, angle diff: 2.3777040631745376, rotation direction: -1
Basic rotation angle: 0.0, rotation gain: 0.0010463252941010988
Rotation gain: 1.24, direction: -1, curvature radius: 2500000
{'type': 'running', 'physical': {'user_x': 903.5013164338505, 'user_y': 287.5748964524944, 'user_direction': 5.277113506181569}, 'virtual': {'user_x': 2261.330138862264, 'user_y': 7893.226432126896, 'user_direction': 2.79104520306386}, 'user_v': 0, 'user_w': 0.1, 'delta_t': 0.02, 'need_reset': False}
Tangent angle: 2.3417071058319934, User angle: 5.277113506181569, Offset angle: 0.4770571758847145
Target angle: 2.818764281716708, distance: 386.93991058528695, angle diff: 2.4583492244648606, rotation direction: -1
Basic rotation angle: 0.0, rotation gain: 0.0009373488720304539
Rotation gain: 1.24, direction: -1, curvature radius: 2500000
{'type': 'running', 'physical': {'user_x': 903.5013164338505, 'user_y': 287.5748964524944, 'user_direction': 5.357758667471892}, 'virtual': {'user_x': 2261.330138862264, 'user_y': 7893.226432126896, 'user_direction': 2.69104520306386}, 'user_v': 0, 'user_w': 0.1, 'delta_t': 0.02, 'need_reset': False}
Tangent angle: 2.3417071058319934, User angle: 5.357758667471892, Offset angle: 0.4770571758847145
Target angle: 2.818764281716708, distance: 386.93991058528695, angle diff: 2.5389943857551835, rotation direction: -1
Basic rotation angle: 0.0, rotation gain: 0.0008419945027186395
Rotation gain: 1.24, direction: -1, curvature radius: 2500000
{'type': 'running', 'physical': {'user_x': 903.5013164338505, 'user_y': 287.5748964524944, 'user_direction': 5.4384038287622145}, 'virtual': {'user_x': 2261.330138862264, 'user_y': 7893.226432126896, 'user_direction': 2.5910452030638598}, 'user_v': 0, 'user_w': 0.1, 'delta_t': 0.02, 'need_reset': False}
Tangent angle: 2.3417071058319934, User angle: 5.4384038287622145, Offset angle: 0.4770571758847145
Target angle: 2.818764281716708, distance: 386.93991058528695, angle diff: 2.6196395470455065, rotation direction: -1
Basic rotation angle: 0.0, rotation gain: 0.0007585594295708019
Rotation gain: 1.24, direction: -1, curvature radius: 2500000
{'type': 'running', 'physical': {'user_x': 903.5013164338505, 'user_y': 287.5748964524944, 'user_direction': 5.5190489900525375}, 'virtual': {'user_x': 2261.330138862264, 'user_y': 7893.226432126896, 'user_direction': 2.4910452030638597}, 'user_v': 0, 'user_w': 0.1, 'delta_t': 0.02, 'need_reset': False}
Tangent angle: 2.3417071058319934, User angle: 5.5190489900525375, Offset angle: 0.4770571758847145
Target angle: 1.8646499299472783, distance: 386.93991058528695, angle diff: 2.628786247074327, rotation direction: 1
Basic rotation angle: 0.0, rotation gain: 0.0006826514133917469
Rotation gain: 1.24, direction: 1, curvature radius: 2500000
{'type': 'running', 'physical': {'user_x': 903.5013164338505, 'user_y': 287.5748964524944, 'user_direction': 5.59969415134286}, 'virtual': {'user_x': 2261.330138862264, 'user_y': 7893.226432126896, 'user_direction': 2.3910452030638596}, 'user_v': 0, 'user_w': 0.1, 'delta_t': 0.02, 'need_reset': False}
Tangent angle: 2.3417071058319934, User angle: 5.59969415134286, Offset angle: 0.4770571758847145
Target angle: 1.8646499299472783, distance: 386.93991058528695, angle diff: 2.548141085784004, rotation direction: 1
Basic rotation angle: 0.0, rotation gain: 0.0006162318992350736
Rotation gain: 1.24, direction: 1, curvature radius: 2500000
{'type': 'running', 'physical': {'user_x': 903.5013164338505, 'user_y': 287.5748964524944, 'user_direction': 5.680339312633183}, 'virtual': {'user_x': 2261.330138862264, 'user_y': 7893.226432126896, 'user_direction': 2.2910452030638595}, 'user_v': 0, 'user_w': 0.1, 'delta_t': 0.02, 'need_reset': False}
Tangent angle: 2.3417071058319934, User angle: 5.680339312633183, Offset angle: 0.4770571758847145
Target angle: 1.8646499299472783, distance: 386.93991058528695, angle diff: 2.467495924493681, rotation direction: 1
Basic rotation angle: 0.0, rotation gain: 0.0005581148243479846
Rotation gain: 1.24, direction: 1, curvature radius: 2500000
{'type': 'running', 'physical': {'user_x': 903.5013164338505, 'user_y': 287.5748964524944, 'user_direction': 5.760984473923506}, 'virtual': {'user_x': 2261.330138862264, 'user_y': 7893.226432126896, 'user_direction': 2.1910452030638594}, 'user_v': 0, 'user_w': 0.1, 'delta_t': 0.02, 'need_reset': False}
Tangent angle: 2.3417071058319934, User angle: 5.760984473923506, Offset angle: 0.4770571758847145
Target angle: 1.8646499299472783, distance: 386.93991058528695, angle diff: 2.386850763203358, rotation direction: 1
Basic rotation angle: 0.0, rotation gain: 0.0005072623838217817
Rotation gain: 1.24, direction: 1, curvature radius: 2500000
{'type': 'running', 'physical': {'user_x': 903.5013164338505, 'user_y': 287.5748964524944, 'user_direction': 5.841629635213829}, 'virtual': {'user_x': 2261.330138862264, 'user_y': 7893.226432126896, 'user_direction': 2.0910452030638593}, 'user_v': 0, 'user_w': 0.1, 'delta_t': 0.02, 'need_reset': False}
Tangent angle: 2.3417071058319934, User angle: 5.841629635213829, Offset angle: 0.4770571758847145
Target angle: 1.8646499299472783, distance: 386.93991058528695, angle diff: 2.3062056019130353, rotation direction: 1
Basic rotation angle: 0.0, rotation gain: 0.00046276649836135417
Rotation gain: 1.24, direction: 1, curvature radius: 2500000
{'type': 'running', 'physical': {'user_x': 903.5013164338505, 'user_y': 287.5748964524944, 'user_direction': 5.922274796504152}, 'virtual': {'user_x': 2261.330138862264, 'user_y': 7893.226432126896, 'user_direction': 1.9910452030638592}, 'user_v': 0, 'user_w': 0.1, 'delta_t': 0.02, 'need_reset': False}
Tangent angle: 2.3417071058319934, User angle: 5.922274796504152, Offset angle: 0.4770571758847145
Target angle: 1.8646499299472783, distance: 386.93991058528695, angle diff: 2.2255604406227123, rotation direction: 1
Basic rotation angle: 0.0, rotation gain: 0.00042383259858348005
Rotation gain: 1.24, direction: 1, curvature radius: 2500000
{'type': 'running', 'physical': {'user_x': 903.5013164338505, 'user_y': 287.5748964524944, 'user_direction': 6.002919957794475}, 'virtual': {'user_x': 2261.330138862264, 'user_y': 7893.226432126896, 'user_direction': 1.8910452030638591}, 'user_v': 0, 'user_w': 0.1, 'delta_t': 0.02, 'need_reset': False}
Tangent angle: 2.3417071058319934, User angle: 6.002919957794475, Offset angle: 0.4770571758847145
Target angle: 1.8646499299472783, distance: 386.93991058528695, angle diff: 2.1449152793323893, rotation direction: 1
Basic rotation angle: 0.0, rotation gain: 0.0003897654362778402
Rotation gain: 1.24, direction: 1, curvature radius: 2500000
{'type': 'running', 'physical': {'user_x': 903.5013164338505, 'user_y': 287.5748964524944, 'user_direction': 6.083565119084798}, 'virtual': {'user_x': 2261.330138862264, 'user_y': 7893.226432126896, 'user_direction': 1.791045203063859}, 'user_v': 0, 'user_w': 0.1, 'delta_t': 0.02, 'need_reset': False}
Tangent angle: 2.3417071058319934, User angle: 6.083565119084798, Offset angle: 0.4770571758847145
Target angle: 1.8646499299472783, distance: 386.93991058528695, angle diff: 2.0642701180420664, rotation direction: 1
Basic rotation angle: 0.0, rotation gain: 0.0003599566692604054
Rotation gain: 1.24, direction: 1, curvature radius: 2500000
{'type': 'running', 'physical': {'user_x': 903.5013164338505, 'user_y': 287.5748964524944, 'user_direction': 6.164210280375121}, 'virtual': {'user_x': 2261.330138862264, 'user_y': 7893.226432126896, 'user_direction': 1.691045203063859}, 'user_v': 0, 'user_w': 0.1, 'delta_t': 0.02, 'need_reset': False}
Tangent angle: 2.3417071058319934, User angle: 6.164210280375121, Offset angle: 0.4770571758847145
Target angle: 1.8646499299472783, distance: 386.93991058528695, angle diff: 1.9836249567517434, rotation direction: 1
Basic rotation angle: 0.0, rotation gain: 0.00033387399812014984
Rotation gain: 1.24, direction: 1, curvature radius: 2500000
{'type': 'running', 'physical': {'user_x': 903.5013164338505, 'user_y': 287.5748964524944, 'user_direction': 6.244855441665444}, 'virtual': {'user_x': 2261.330138862264, 'user_y': 7893.226432126896, 'user_direction': 1.5910452030638589}, 'user_v': 0, 'user_w': 0.1, 'delta_t': 0.02, 'need_reset': False}
Tangent angle: 2.3417071058319934, User angle: 6.244855441665444, Offset angle: 0.4770571758847145
Target angle: 1.8646499299472783, distance: 386.93991058528695, angle diff: 1.9029797954614205, rotation direction: 1
Basic rotation angle: 0.0, rotation gain: 0.00031105166087242624
Rotation gain: 1.24, direction: 1, curvature radius: 2500000
{'type': 'running', 'physical': {'user_x': 903.5013164338505, 'user_y': 287.5748964524944, 'user_direction': 0.04231529577618076}, 'virtual': {'user_x': 2261.330138862264, 'user_y': 7893.226432126896, 'user_direction': 1.4910452030638588}, 'user_v': 0, 'user_w': 0.1, 'delta_t': 0.02, 'need_reset': False}
Tangent angle: 2.3417071058319934, User angle: 0.04231529577618076, Offset angle: 0.4770571758847145
Target angle: 1.8646499299472783, distance: 386.93991058528695, angle diff: 1.8223346341710975, rotation direction: 1
Basic rotation angle: 0.0, rotation gain: 0.0002910821157806681
Rotation gain: 1.24, direction: 1, curvature radius: 2500000
{'type': 'running', 'physical': {'user_x': 903.5013164338505, 'user_y': 287.5748964524944, 'user_direction': 0.12296045706650335}, 'virtual': {'user_x': 2261.330138862264, 'user_y': 7893.226432126896, 'user_direction': 1.3910452030638587}, 'user_v': 0, 'user_w': 0.1, 'delta_t': 0.02, 'need_reset': False}
Tangent angle: 2.3417071058319934, User angle: 0.12296045706650335, Offset angle: 0.4770571758847145
Target angle: 1.8646499299472783, distance: 386.93991058528695, angle diff: 1.741689472880775, rotation direction: 1
Basic rotation angle: 0.0, rotation gain: 0.00027360876382537974
Rotation gain: 1.24, direction: 1, curvature radius: 2500000
{'type': 'running', 'physical': {'user_x': 903.5013164338505, 'user_y': 287.5748964524944, 'user_direction': 0.20360561835682595}, 'virtual': {'user_x': 2261.330138862264, 'user_y': 7893.226432126896, 'user_direction': 1.2716502140605541}, 'user_v': 7.999999999999999, 'user_w': 0, 'delta_t': 0.02, 'need_reset': False}
Tangent angle: 2.3417071058319934, User angle: 0.20360561835682595, Offset angle: 0.4770571758847145
Target angle: 1.8646499299472783, distance: 386.93991058528695, angle diff: 1.6610443115904523, rotation direction: 1
Basic rotation angle: 1.693121693121693, rotation gain: 0.000806765043866062
Rotation gain: 1.24, direction: 1, curvature radius: 7.5
{'type': 'running', 'physical': {'user_x': 903.5013164338505, 'user_y': 287.5748964524944, 'user_direction': 0.2842507796471485}, 'virtual': {'user_x': 2263.687773657165, 'user_y': 7900.871139980953, 'user_direction': 1.2716502140605541}, 'user_v': 7.999999999999999, 'user_w': 0, 'delta_t': 0.02, 'need_reset': False}
Tangent angle: 2.3417071058319934, User angle: 0.2842507796471485, Offset angle: 0.4770571758847145
Target angle: 1.8646499299472783, distance: 386.93991058528695, angle diff: 1.5803991503001298, rotation direction: 1
Basic rotation angle: 1.693121693121693, rotation gain: 0.0012732767889016591
Rotation gain: 1.24, direction: 1, curvature radius: 7.5
{'type': 'running', 'physical': {'user_x': 909.55669617137, 'user_y': 289.48403172775403, 'user_direction': 0.3054148008111697}, 'virtual': {'user_x': 2266.045408452066, 'user_y': 7908.5158478350095, 'user_direction': 1.2716502140605532}, 'user_v': 7.999999999999999, 'user_w': 0, 'delta_t': 0.02, 'need_reset': False}
Tangent angle: 2.3546474596738167, User angle: 0.3054148008111697, Offset angle: 0.47365722706767843
Target angle: 1.8809902326061376, distance: 390.1865127046094, angle diff: 1.575575431794968, rotation direction: 1
Basic rotation angle: 1.693121693121693, rotation gain: 0.0016844497488644127
Rotation gain: 1.24, direction: 1, curvature radius: 7.5
{'type': 'running', 'physical': {'user_x': 915.5703178463039, 'user_y': 291.52088607099245, 'user_direction': 0.32657882197519084}, 'virtual': {'user_x': 2268.403043246967, 'user_y': 7916.160555689066, 'user_direction': 1.2716502140605523}, 'user_v': 7.999999999999999, 'user_w': 0, 'delta_t': 0.02, 'need_reset': False}
Tangent angle: 2.3675572098240485, User angle: 0.32657882197519084, Offset angle: 0.47036133936823726
Target angle: 1.8971958704558105, distance: 393.3751253397231, angle diff: 1.5706170484806197, rotation direction: 1
Basic rotation angle: 1.693121693121693, rotation gain: 0.0020471291646609133
Rotation gain: 1.24, direction: 1, curvature radius: 7.5
{'type': 'running', 'physical': {'user_x': 921.539487963078, 'user_y': 293.68454717703736, 'user_direction': 0.347742843139212}, 'virtual': {'user_x': 2270.7606780418682, 'user_y': 7923.805263543123, 'user_direction': 1.2716502140605515}, 'user_v': 7.999999999999999, 'user_w': 0, 'delta_t': 0.02, 'need_reset': False}
Tangent angle: 2.3804374347686537, User angle: 0.347742843139212, Offset angle: 0.46716644974408833
Target angle: 1.9132709850245657, distance: 396.50573634904083, angle diff: 1.5655281418853537, rotation direction: 1
Basic rotation angle: 1.693121693121693, rotation gain: 0.0023673062889921926
Rotation gain: 1.24, direction: 1, curvature radius: 7.5
{'type': 'running', 'physical': {'user_x': 927.4615329359307, 'user_y': 295.97404594408505, 'user_direction': 0.36890686430323316}, 'virtual': {'user_x': 2273.1183128367693, 'user_y': 7931.44997139718, 'user_direction': 1.2716502140605503}, 'user_v': 7.999999999999999, 'user_w': 0, 'delta_t': 0.02, 'need_reset': False}
Tangent angle: 2.3932891739919415, User angle: 0.36890686430323316, Offset angle: 0.4640696417975429
Target angle: 1.9292195321943986, distance: 399.57832310118994, angle diff: 1.5603126678911654, rotation direction: 1
Basic rotation angle: 1.693121693121693, rotation gain: 0.002650225060581253
Rotation gain: 1.24, direction: 1, curvature radius: 7.5
{'type': 'running', 'physical': {'user_x': 933.333800286408, 'user_y': 298.38835690776, 'user_direction': 0.3900708854672543}, 'virtual': {'user_x': 2275.4759476316704, 'user_y': 7939.094679251237, 'user_direction': 1.2716502140605495}, 'user_v': 7.999999999999999, 'user_w': 0, 'delta_t': 0.02, 'need_reset': False}
Tangent angle: 2.4061134299364926, User angle: 0.3900708854672543, Offset angle: 0.4610681376674982
Target angle: 1.9450452922689934, distance: 402.5928534663521, angle diff: 1.554974406801739, rotation direction: 1
Basic rotation angle: 1.693121693121693, rotation gain: 0.002900475448379849
Rotation gain: 1.24, direction: 1, curvature radius: 7.5
{'type': 'running', 'physical': {'user_x': 939.1536598314069, 'user_y': 300.9263987004196, 'user_direction': 0.4112349066312755}, 'virtual': {'user_x': 2277.8335824265714, 'user_y': 7946.739387105294, 'user_direction': 1.2716502140605481}, 'user_v': 7.999999999999999, 'user_w': 0, 'delta_t': 0.02, 'need_reset': False}
Tangent angle: 2.4189111698539696, User angle: 0.4112349066312755, Offset angle: 0.458159290489924
Target angle: 1.9607518793640466, distance: 405.5492867350873, angle diff: 1.5495169727327711, rotation direction: 1
Basic rotation angle: 1.693121693121693, rotation gain: 0.0031220751317218264
Rotation gain: 1.24, direction: 1, curvature radius: 7.5
{'type': 'running', 'physical': {'user_x': 944.9185048612322, 'user_y': 303.5870345354976, 'user_direction': 0.43239892779529665}, 'virtual': {'user_x': 2280.1912172214725, 'user_y': 7954.3840949593505, 'user_direction': 1.2716502140605468}, 'user_v': 7.999999999999999, 'user_w': 0, 'delta_t': 0.02, 'need_reset': False}
Tangent angle: 2.431683327554007, User angle: 0.43239892779529665, Offset angle: 0.4553405773805685
Target angle: 1.9763427501734387, distance: 408.44757447090825, angle diff: 1.543943822378142, rotation direction: 1
Basic rotation angle: 1.693121693121693, rotation gain: 0.003318540974166924
Rotation gain: 1.24, direction: 1, curvature radius: 7.5
{'type': 'running', 'physical': {'user_x': 950.6257533071388, 'user_y': 306.36907271666973, 'user_direction': 0.4535629489593178}, 'virtual': {'user_x': 2282.5488520163735, 'user_y': 7962.028802813407, 'user_direction': 1.2716502140605452}, 'user_v': 7.999999999999999, 'user_w': 0, 'delta_t': 0.02, 'need_reset': False}
Tangent angle: 2.444430805057842, User angle: 0.4535629489593178, Offset angle: 0.4526095928979946
Target angle: 1.9918212121598469, distance: 411.287661302241, angle diff: 1.538258263200529, rotation direction: 1
Basic rotation angle: 1.693121693121693, rotation gain: 0.0034929515665814287
Rotation gain: 1.24, direction: 1, curvature radius: 7.5
{'type': 'running', 'physical': {'user_x': 956.2728488978381, 'user_y': 309.27126717161354, 'user_direction': 0.474726970123339}, 'virtual': {'user_x': 2284.9064868112746, 'user_y': 7969.673510667464, 'user_direction': 1.2716502140605437}, 'user_v': 7.999999999999999, 'user_w': 0, 'delta_t': 0.02, 'need_reset': False}
Tangent angle: 2.4571544741628717, User angle: 0.474726970123339, Offset angle: 0.4499640429489818
Target angle: 2.007190431213889, distance: 414.0694856588458, angle diff: 1.53246346109055, rotation direction: 1
Basic rotation angle: 1.693121693121693, rotation gain: 0.0036480019555774185
Rotation gain: 1.24, direction: 1, curvature radius: 7.5
{'type': 'running', 'physical': {'user_x': 961.8572623044498, 'user_y': 312.2923180101229, 'user_direction': 0.49589099128736014}, 'virtual': {'user_x': 2287.2641216061756, 'user_y': 7977.31821852152, 'user_direction': 1.2716502140605417}, 'user_v': 7.999999999999999, 'user_w': 0, 'delta_t': 0.02, 'need_reset': False}
Tangent angle: 2.4698551779238875, User angle: 0.49589099128736014, Offset angle: 0.4474017391018399
Target angle: 2.0224534388220476, distance: 416.7929804572765, angle diff: 1.5265624475346875, rotation direction: 1
Basic rotation angle: 1.693121693121693, rotation gain: 0.0037860515339340974
Rotation gain: 1.24, direction: 1, curvature radius: 7.5
{'type': 'running', 'physical': {'user_x': 967.3764922733856, 'user_y': 315.4308721063277, 'user_direction': 0.5170550124513813}, 'virtual': {'user_x': 2289.6217564010767, 'user_y': 7984.962926375576, 'user_direction': 1.271650214060542}, 'user_v': 7.999999999999999, 'user_w': 0, 'delta_t': 0.02, 'need_reset': False}
Tangent angle: 2.482533732056313, User angle: 0.5170550124513813, Offset angle: 0.4449205932763243
Target angle: 2.0376131387799887, distance: 419.4580737395123, angle diff: 1.5205581263286074, rotation direction: 1
Basic rotation angle: 1.693121693121693, rotation gain: 0.003909165947562318
Rotation gain: 1.24, direction: 1, curvature radius: 7.5
{'type': 'running', 'physical': {'user_x': 972.8280667466585, 'user_y': 318.6855237047575, 'user_direction': 0.5382190336154025}, 'virtual': {'user_x': 2291.9793911959778, 'user_y': 7992.607634229632, 'user_direction': 1.271650214060542}, 'user_v': 7.999999999999999, 'user_w': 0, 'delta_t': 0.02, 'need_reset': False}
Tangent angle: 2.4951909262664254, User angle: 0.5382190336154025, Offset angle: 0.44251861278166243
Target angle: 2.052672313484763, distance: 422.06468926850226, angle diff: 1.5144532798693604, rotation direction: 1
Basic rotation angle: 1.693121693121693, rotation gain: 0.004019153766767435
Rotation gain: 1.24, direction: 1, curvature radius: 7.5
{'type': 'running', 'physical': {'user_x': 978.2095439691153, 'user_y': 322.0548150499783, 'user_direction': 0.5593830547794236}, 'virtual': {'user_x': 2294.337025990879, 'user_y': 8000.252342083688, 'user_direction': 1.2716502140605421}, 'user_v': 7.999999999999999, 'user_w': 0, 'delta_t': 0.02, 'need_reset': False}
Tangent angle: 2.5078275255131666, User angle: 0.5593830547794236, Offset angle: 0.440193895676732
Target angle: 2.0676336298364344, distance: 424.6127470840082, angle diff: 1.5082505750570108, rotation direction: 1
Basic rotation angle: 1.693121693121693, rotation gain: 0.004117598576109216
Rotation gain: 1.24, direction: 1, curvature radius: 7.5
{'type': 'running', 'physical': {'user_x': 983.5185135820967, 'user_y': 325.5372370395198, 'user_direction': 0.5805470759434448}, 'virtual': {'user_x': 2296.69466078578, 'user_y': 8007.897049937745, 'user_direction': 1.2716502140605423}, 'user_v': 7.999999999999999, 'user_w': 0, 'delta_t': 0.02, 'need_reset': False}
Tangent angle: 2.5204442712058572, User angle: 0.5805470759434448, Offset angle: 0.4379446264287116
Target angle: 2.0824996447771458, distance: 427.10216402182, angle diff: 1.501952568833701, rotation direction: 1
Basic rotation angle: 1.693121693121693, rotation gain: 0.004205887055382097
Rotation gain: 1.24, direction: 1, curvature radius: 7.5
{'type': 'running', 'physical': {'user_x': 988.7525977030342, 'user_y': 329.1312298998011, 'user_direction': 0.601711097107466}, 'virtual': {'user_x': 2299.052295580681, 'user_y': 8015.541757791801, 'user_direction': 1.2716502140605395}, 'user_v': 7.999999999999999, 'user_w': 0, 'delta_t': 0.02, 'need_reset': False}
Tangent angle: 2.5330418823418173, User angle: 0.601711097107466, Offset angle: 0.4357690718485779
Target angle: 2.097272810493239, distance: 429.5328541991305, angle diff: 1.495561713385773, rotation direction: 1
Basic rotation angle: 1.693121693121693, rotation gain: 0.004285233552684571
Rotation gain: 1.24, direction: 1, curvature radius: 7.5
{'type': 'running', 'physical': {'user_x': 993.9094519905018, 'user_y': 332.8351838847514, 'user_direction': 0.6228751182714871}, 'virtual': {'user_x': 2301.409930375582, 'user_y': 8023.1864656458565, 'user_direction': 1.2716502140605395}, 'user_v': 7.999999999999999, 'user_w': 0, 'delta_t': 0.02, 'need_reset': False}
Tangent angle: 2.54562105658763, User angle: 0.6228751182714871, Offset angle: 0.43366557728367566
Target angle: 2.1119554793039548, distance: 431.90472946860865, angle diff: 1.4890803610324677, rotation direction: 1
Basic rotation angle: 1.693121693121693, rotation gain: 0.004356701587935428
Rotation gain: 1.24, direction: 1, curvature radius: 7.5
{'type': 'running', 'physical': {'user_x': 998.9867666942444, 'user_y': 336.6474399968144, 'user_direction': 0.6440391394355083}, 'virtual': {'user_x': 2303.767565170483, 'user_y': 8030.831173499912, 'user_direction': 1.2716502140605392}, 'user_v': 7.999999999999999, 'user_w': 0, 'delta_t': 0.02, 'need_reset': False}
Tangent angle: 2.5581824713075525, User angle: 0.6440391394355083, Offset angle: 0.43163256304926517
Target angle: 2.126549908258287, distance: 434.21769984347577, angle diff: 1.4825107688227788, rotation direction: 1
Basic rotation angle: 1.693121693121693, rotation gain: 0.004421222670409042
Rotation gain: 1.24, direction: 1, curvature radius: 7.5
{'type': 'running', 'physical': {'user_x': 1003.9822676897126, 'user_y': 340.5662907300113, 'user_direction': 0.6652031605995294}, 'virtual': {'user_x': 2306.125199965384, 'user_y': 8038.475881353968, 'user_direction': 1.2716502140605392}, 'user_v': 7.999999999999999, 'user_w': 0, 'delta_t': 0.02, 'need_reset': False}
Tangent angle: 2.5707267845423107, User angle: 0.6652031605995294, Offset angle: 0.4296685210824635
Target angle: 2.141058263459847, distance: 436.47167389569233, angle diff: 1.4758551028603175, rotation direction: 1
Basic rotation angle: 1.693121693121693, rotation gain: 0.004479612765923886
Rotation gain: 1.24, direction: 1, curvature radius: 7.5
{'type': 'running', 'physical': {'user_x': 1008.8937174966413, 'user_y': 344.58998083473136, 'user_direction': 0.6863671817635506}, 'virtual': {'user_x': 2308.482834760285, 'user_y': 8046.120589208024, 'user_direction': 1.2716502140605392}, 'user_v': 7.999999999999999, 'user_w': 0, 'delta_t': 0.02, 'need_reset': False}
Tangent angle: 2.583254635941344, User angle: 0.6863671817635506, Offset angle: 0.42777201180337604
Target angle: 2.155482624137967, distance: 438.66655912917054, angle diff: 1.4691154423744166, rotation direction: 1
Basic rotation angle: 1.693121693121693, rotation gain: 0.004532586707371963
Rotation gain: 1.24, direction: 1, curvature radius: 7.5
{'type': 'running', 'physical': {'user_x': 1013.7189162812148, 'user_y': 348.7167081039065, 'user_direction': 0.7075312029275718}, 'virtual': {'user_x': 2310.8404695551862, 'user_y': 8053.76529706208, 'user_direction': 1.2716502140605392}, 'user_v': 7.999999999999999, 'user_w': 0, 'delta_t': 0.02, 'need_reset': False}
Tangent angle: 2.595766647651334, User angle: 0.7075312029275718, Offset angle: 0.42594166116945825
Target angle: 2.169824986481876, distance: 440.8022623297663, angle diff: 1.4622937835543042, rotation direction: 1
Basic rotation angle: 1.693121693121693, rotation gain: 0.004580770805573114
Rotation gain: 1.24, direction: 1, curvature radius: 7.5
{'type': 'running', 'physical': {'user_x': 1018.45570284137, 'user_y': 352.94462418021817, 'user_direction': 0.7286952240915929}, 'virtual': {'user_x': 2313.1981043500873, 'user_y': 8061.410004916136, 'user_direction': 1.271650214060539}, 'user_v': 7.999999999999999, 'user_w': 0, 'delta_t': 0.02, 'need_reset': False}
Tangent angle: 2.608263425163691, User angle: 0.7286952240915929, Offset angle: 0.4241761579102821
Target angle: 2.1840872672534086, distance: 442.8786898936532, angle diff: 1.4553920431618157, rotation direction: 1
Basic rotation angle: 1.693121693121693, rotation gain: 0.004624713885321782
Rotation gain: 1.24, direction: 1, curvature radius: 7.5
{'type': 'running', 'physical': {'user_x': 1023.1019555747977, 'user_y': 357.2718353839749, 'user_direction': 0.7498592452556141}, 'virtual': {'user_x': 2315.5557391449884, 'user_y': 8069.054712770192, 'user_direction': 1.2716502140605388}, 'user_v': 7.999999999999999, 'user_w': 0, 'delta_t': 0.02, 'need_reset': False}
Tangent angle: 2.6207455581234904, User angle: 0.7498592452556141, Offset angle: 0.42247425093091756
Target angle: 2.1982713071925737, distance: 444.8957481355405, angle diff: 1.4484120619369596, rotation direction: 1
Basic rotation angle: 1.693121693121693, rotation gain: 0.004664896943391541
Rotation gain: 1.24, direction: 1, curvature radius: 7.5
{'type': 'running', 'physical': {'user_x': 1027.6555934292055, 'user_y': 361.69640356128974, 'user_direction': 0.7710232664196353}, 'virtual': {'user_x': 2317.9133739398894, 'user_y': 8076.699420624248, 'user_direction': 1.2716502140605384}, 'user_v': 7.999999999999999, 'user_w': 0, 'delta_t': 0.02, 'need_reset': False}
Tangent angle: 2.6332136211022052, User angle: 0.7710232664196353, Offset angle: 0.4208347468730746
Target angle: 2.212378874229131, distance: 446.85334357808, angle diff: 1.4413556078094958, rotation direction: 1
Basic rotation angle: 1.693121693121693, rotation gain: 0.004701741600672695
Rotation gain: 1.24, direction: 1, curvature radius: 7.5
{'type': 'running', 'physical': {'user_x': 1032.1145768344193, 'user_y': 366.2163469521775, 'user_direction': 0.7921872875836564}, 'virtual': {'user_x': 2320.2710087347905, 'user_y': 8084.344128478304, 'user_direction': 1.2716502140605375}, 'user_v': 7.999999999999999, 'user_w': 0, 'delta_t': 0.02, 'need_reset': False}
Tangent angle: 2.6456681743364214, User angle: 0.7921872875836564, Offset angle: 0.41925650782401475
Target angle: 2.2264116665124067, distance: 448.75138322368866, angle diff: 1.4342243789287503, rotation direction: 1
Basic rotation angle: 1.693121693121693, rotation gain: 0.0047356174991016005
Rotation gain: 1.24, direction: 1, curvature radius: 7.5
{'type': 'running', 'physical': {'user_x': 1036.4769086159054, 'user_y': 370.8296410781832, 'user_direction': 0.8133513087476776}, 'virtual': {'user_x': 2321.506462100242, 'user_y': 8088.350126382056, 'user_direction': 1.2716502140605375}, 'user_v': 0, 'user_w': 0.1, 'delta_t': 0.02, 'need_reset': False}
Tangent angle: 2.658109764434607, User angle: 0.8133513087476776, Offset angle: 0.4177384491640214
Target angle: 2.240371315270586, distance: 450.58977480991706, angle diff: 1.4270200065229086, rotation direction: 1
Basic rotation angle: 0.0, rotation gain: 0.004164438093830535
Rotation gain: 1.24, direction: 1, curvature radius: 2500000
{'type': 'running', 'physical': {'user_x': 1040.7406348893026, 'user_y': 375.53421964914423, 'user_direction': 0.8345153299116987}, 'virtual': {'user_x': 2321.506462100242, 'user_y': 8088.350126382056, 'user_direction': 1.1716502140605374}, 'user_v': 0, 'user_w': 0.1, 'delta_t': 0.02, 'need_reset': False}
Tangent angle: 2.6705389250538616, User angle: 0.8345153299116987, Offset angle: 0.41627953754394015
Target angle: 2.254259387509922, distance: 452.36842704939534, angle diff: 1.4197440575982234, rotation direction: 1
Basic rotation angle: 0.0, rotation gain: 0.003664707567013727
Rotation gain: 1.24, direction: 1, curvature radius: 2500000
{'type': 'running', 'physical': {'user_x': 1040.7406348893026, 'user_y': 375.53421964914423, 'user_direction': 0.9151604912020214}, 'virtual': {'user_x': 2321.506462100242, 'user_y': 8088.350126382056, 'user_direction': 1.0716502140605373}, 'user_v': 0, 'user_w': 0.1, 'delta_t': 0.02, 'need_reset': False}
Tangent angle: 2.6705389250538616, User angle: 0.9151604912020214, Offset angle: 0.41627953754394015
Target angle: 2.254259387509922, distance: 452.36842704939534, angle diff: 1.3390988963079007, rotation direction: 1
Basic rotation angle: 0.0, rotation gain: 0.0032274433560490197
Rotation gain: 1.24, direction: 1, curvature radius: 2500000
{'type': 'running', 'physical': {'user_x': 1040.7406348893026, 'user_y': 375.53421964914423, 'user_direction': 0.995805652492344}, 'virtual': {'user_x': 2321.506462100242, 'user_y': 8088.350126382056, 'user_direction': 0.9716502140605373}, 'user_v': 0, 'user_w': 0.1, 'delta_t': 0.02, 'need_reset': False}
Tangent angle: 2.6705389250538616, User angle: 0.995805652492344, Offset angle: 0.41627953754394015
Target angle: 2.254259387509922, distance: 452.36842704939534, angle diff: 1.2584537350175782, rotation direction: 1
Basic rotation angle: 0.0, rotation gain: 0.002844837171454901
Rotation gain: 1.24, direction: 1, curvature radius: 2500000
{'type': 'running', 'physical': {'user_x': 1040.7406348893026, 'user_y': 375.53421964914423, 'user_direction': 1.0764508137826665}, 'virtual': {'user_x': 2321.506462100242, 'user_y': 8088.350126382056, 'user_direction': 0.8716502140605373}, 'user_v': 0, 'user_w': 0.1, 'delta_t': 0.02, 'need_reset': False}
Tangent angle: 2.6705389250538616, User angle: 1.0764508137826665, Offset angle: 0.41627953754394015
Target angle: 2.254259387509922, distance: 452.36842704939534, angle diff: 1.1778085737272557, rotation direction: 1
Basic rotation angle: 0.0, rotation gain: 0.002510056759935047
Rotation gain: 1.24, direction: 1, curvature radius: 2500000
{'type': 'running', 'physical': {'user_x': 1040.7406348893026, 'user_y': 375.53421964914423, 'user_direction': 1.157095975072989}, 'virtual': {'user_x': 2321.506462100242, 'user_y': 8088.350126382056, 'user_direction': 0.7716502140605374}, 'user_v': 0, 'user_w': 0.1, 'delta_t': 0.02, 'need_reset': False}
Tangent angle: 2.6705389250538616, User angle: 1.157095975072989, Offset angle: 0.41627953754394015
Target angle: 2.254259387509922, distance: 452.36842704939534, angle diff: 1.0971634124369332, rotation direction: 1
Basic rotation angle: 0.0, rotation gain: 0.002217123899855175
Rotation gain: 1.24, direction: 1, curvature radius: 2500000
{'type': 'running', 'physical': {'user_x': 1040.7406348893026, 'user_y': 375.53421964914423, 'user_direction': 1.2377411363633115}, 'virtual': {'user_x': 2321.506462100242, 'user_y': 8088.350126382056, 'user_direction': 0.6716502140605374}, 'user_v': 0, 'user_w': 0.1, 'delta_t': 0.02, 'need_reset': False}
Tangent angle: 2.6705389250538616, User angle: 1.2377411363633115, Offset angle: 0.41627953754394015
Target angle: 2.254259387509922, distance: 452.36842704939534, angle diff: 1.0165182511466107, rotation direction: 1
Basic rotation angle: 0.0, rotation gain: 0.0019608076472852867
Rotation gain: 1.24, direction: 1, curvature radius: 2500000
{'type': 'running', 'physical': {'user_x': 1040.7406348893026, 'user_y': 375.53421964914423, 'user_direction': 1.318386297653634}, 'virtual': {'user_x': 2321.506462100242, 'user_y': 8088.350126382056, 'user_direction': 0.5716502140605374}, 'user_v': 0, 'user_w': 0.1, 'delta_t': 0.02, 'need_reset': False}
Tangent angle: 2.6705389250538616, User angle: 1.318386297653634, Offset angle: 0.41627953754394015
Target angle: 2.254259387509922, distance: 452.36842704939534, angle diff: 0.9358730898562881, rotation direction: 1
Basic rotation angle: 0.0, rotation gain: 0.0017365309262866349
Rotation gain: 1.24, direction: 1, curvature radius: 2500000
{'type': 'running', 'physical': {'user_x': 1040.7406348893026, 'user_y': 375.53421964914423, 'user_direction': 1.3990314589439565}, 'virtual': {'user_x': 2321.506462100242, 'user_y': 8088.350126382056, 'user_direction': 0.4716502140605374}, 'user_v': 0, 'user_w': 0.1, 'delta_t': 0.02, 'need_reset': False}
Tangent angle: 2.6705389250538616, User angle: 1.3990314589439565, Offset angle: 0.41627953754394015
Target angle: 2.254259387509922, distance: 452.36842704939534, angle diff: 0.8552279285659656, rotation direction: 1
Basic rotation angle: 0.0, rotation gain: 0.0015402887954128145
Rotation gain: 1.24, direction: 1, curvature radius: 2500000
{'type': 'running', 'physical': {'user_x': 1040.7406348893026, 'user_y': 375.53421964914423, 'user_direction': 1.479676620234279}, 'virtual': {'user_x': 2321.506462100242, 'user_y': 8088.350126382056, 'user_direction': 0.37165021406053744}, 'user_v': 0, 'user_w': 0.1, 'delta_t': 0.02, 'need_reset': False}
Tangent angle: 2.6705389250538616, User angle: 1.479676620234279, Offset angle: 0.41627953754394015
Target angle: 2.254259387509922, distance: 452.36842704939534, angle diff: 0.7745827672756431, rotation direction: 1
Basic rotation angle: 0.0, rotation gain: 0.0013685769308982216
Rotation gain: 1.24, direction: 1, curvature radius: 2500000
{'type': 'running', 'physical': {'user_x': 1040.7406348893026, 'user_y': 375.53421964914423, 'user_direction': 1.5603217815246015}, 'virtual': {'user_x': 2321.506462100242, 'user_y': 8088.350126382056, 'user_direction': 0.27165021406053746}, 'user_v': 0, 'user_w': 0.1, 'delta_t': 0.02, 'need_reset': False}
Tangent angle: 2.6705389250538616, User angle: 1.5603217815246015, Offset angle: 0.41627953754394015
Target angle: 2.254259387509922, distance: 452.36842704939534, angle diff: 0.6939376059853206, rotation direction: 1
Basic rotation angle: 0.0, rotation gain: 0.0012183290494479529
Rotation gain: 1.24, direction: 1, curvature radius: 2500000
{'type': 'running', 'physical': {'user_x': 1040.7406348893026, 'user_y': 375.53421964914423, 'user_direction': 1.640966942814924}, 'virtual': {'user_x': 2321.506462100242, 'user_y': 8088.350126382056, 'user_direction': 0.17165021406053746}, 'user_v': 0, 'user_w': 0.1, 'delta_t': 0.02, 'need_reset': False}
Tangent angle: 2.6705389250538616, User angle: 1.640966942814924, Offset angle: 0.41627953754394015
Target angle: 2.254259387509922, distance: 452.36842704939534, angle diff: 0.6132924446949981, rotation direction: 1
Basic rotation angle: 0.0, rotation gain: 0.0010868621531789676
Rotation gain: 1.24, direction: 1, curvature radius: 2500000
{'type': 'running', 'physical': {'user_x': 1040.7406348893026, 'user_y': 375.53421964914423, 'user_direction': 1.7216121041052466}, 'virtual': {'user_x': 2321.506462100242, 'user_y': 8088.350126382056, 'user_direction': 0.07165021406053745}, 'user_v': 0, 'user_w': 0.1, 'delta_t': 0.02, 'need_reset': False}
Tangent angle: 2.6705389250538616, User angle: 1.7216121041052466, Offset angle: 0.41627953754394015
Target angle: 2.254259387509922, distance: 452.36842704939534, angle diff: 0.5326472834046756, rotation direction: 1
Basic rotation angle: 0.0, rotation gain: 0.0009718286189436055
Rotation gain: 1.24, direction: 1, curvature radius: 2500000
{'type': 'running', 'physical': {'user_x': 1040.7406348893026, 'user_y': 375.53421964914423, 'user_direction': 1.802257265395569}, 'virtual': {'user_x': 2321.506462100242, 'user_y': 8088.350126382056, 'user_direction': -0.028349785939462552}, 'user_v': 0, 'user_w': 0.1, 'delta_t': 0.02, 'need_reset': False}
Tangent angle: 2.6705389250538616, User angle: 1.802257265395569, Offset angle: 0.41627953754394015
Target angle: 2.254259387509922, distance: 452.36842704939534, angle diff: 0.4520021221143531, rotation direction: 1
Basic rotation angle: 0.0, rotation gain: 0.0008711742764876636
Rotation gain: 1.24, direction: 1, curvature radius: 2500000
{'type': 'running', 'physical': {'user_x': 1040.7406348893026, 'user_y': 375.53421964914423, 'user_direction': 1.8829024266858916}, 'virtual': {'user_x': 2321.506462100242, 'user_y': 8088.350126382056, 'user_direction': -0.12834978593946256}, 'user_v': 0, 'user_w': 0.1, 'delta_t': 0.02, 'need_reset': False}
Tangent angle: 2.6705389250538616, User angle: 1.8829024266858916, Offset angle: 0.41627953754394015
Target angle: 2.254259387509922, distance: 452.36842704939534, angle diff: 0.3713569608240306, rotation direction: 1
Basic rotation angle: 0.0, rotation gain: 0.0007831017268387145
Rotation gain: 1.24, direction: 1, curvature radius: 2500000
{'type': 'running', 'physical': {'user_x': 1040.7406348893026, 'user_y': 375.53421964914423, 'user_direction': 1.963547587976214}, 'virtual': {'user_x': 2321.506462100242, 'user_y': 8088.350126382056, 'user_direction': -0.22834978593946256}, 'user_v': 0, 'user_w': 0.1, 'delta_t': 0.02, 'need_reset': False}
Tangent angle: 2.6705389250538616, User angle: 1.963547587976214, Offset angle: 0.41627953754394015
Target angle: 2.254259387509922, distance: 452.36842704939534, angle diff: 0.29071179953370807, rotation direction: 1
Basic rotation angle: 0.0, rotation gain: 0.0007060382458958839
Rotation gain: 1.24, direction: 1, curvature radius: 2500000
{'type': 'running', 'physical': {'user_x': 1040.7406348893026, 'user_y': 375.53421964914423, 'user_direction': 2.0441927492665366}, 'virtual': {'user_x': 2321.506462100242, 'user_y': 8088.350126382056, 'user_direction': -0.32834978593946257}, 'user_v': 0, 'user_w': 0.1, 'delta_t': 0.02, 'need_reset': False}
Tangent angle: 2.6705389250538616, User angle: 2.0441927492665366, Offset angle: 0.41627953754394015
Target angle: 2.254259387509922, distance: 452.36842704939534, angle diff: 0.21006663824338556, rotation direction: 1
Basic rotation angle: 0.0, rotation gain: 0.0006386077000709072
Rotation gain: 1.24, direction: 1, curvature radius: 2500000
{'type': 'running', 'physical': {'user_x': 1040.7406348893026, 'user_y': 375.53421964914423, 'user_direction': 2.124837910556859}, 'virtual': {'user_x': 2321.506462100242, 'user_y': 8088.350126382056, 'user_direction': -0.4283497859394626}, 'user_v': 0, 'user_w': 0.1, 'delta_t': 0.02, 'need_reset': False}
Tangent angle: 2.6705389250538616, User angle: 2.124837910556859, Offset angle: 0.41627953754394015
Target angle: 2.254259387509922, distance: 452.36842704939534, angle diff: 0.12942147695306305, rotation direction: 1
Basic rotation angle: 0.0, rotation gain: 0.0005796059724740526
Rotation gain: 1.24, direction: 1, curvature radius: 2500000
{'type': 'running', 'physical': {'user_x': 1040.7406348893026, 'user_y': 375.53421964914423, 'user_direction': 2.2054830718471816}, 'virtual': {'user_x': 2321.506462100242, 'user_y': 8088.350126382056, 'user_direction': -0.627065797592357}, 'user_v': 7.999999999999999, 'user_w': 0, 'delta_t': 0.02, 'need_reset': False}
Tangent angle: 2.6705389250538616, User angle: 2.2054830718471816, Offset angle: 0.41627953754394015
Target angle: 2.254259387509922, distance: 452.36842704939534, angle diff: 0.048776315662740544, rotation direction: 1
Basic rotation angle: 1.693121693121693, rotation gain: 0.0011318822732750613
Rotation gain: 1.24, direction: 1, curvature radius: 7.5
{'type': 'running', 'physical': {'user_x': 1040.7406348893026, 'user_y': 375.53421964914423, 'user_direction': 2.286128233137504}, 'virtual': {'user_x': 2327.98448367966, 'user_y': 8083.65595591044, 'user_direction': -0.627065797592357}, 'user_v': 7.999999999999999, 'user_w': 0, 'delta_t': 0.02, 'need_reset': False}
Tangent angle: 2.6705389250538616, User angle: 2.286128233137504, Offset angle: 0.41627953754394015
Target angle: 2.254259387509922, distance: 452.36842704939534, angle diff: 0.031868845627581965, rotation direction: -1
Basic rotation angle: 1.693121693121693, rotation gain: 0.0016151240364759437
Rotation gain: 1.24, direction: -1, curvature radius: 7.5
{'type': 'running', 'physical': {'user_x': 1036.6787548319708, 'user_y': 380.4141327287649, 'user_direction': 2.264964211973483}, 'virtual': {'user_x': 2334.462505259078, 'user_y': 8078.961785438823, 'user_direction': -0.6270657975923577}, 'user_v': 7.999999999999999, 'user_w': 0, 'delta_t': 0.02, 'need_reset': False}
Tangent angle: 2.675664070624936, User angle: 2.264964211973483, Offset angle: 0.4215570714078609
Target angle: 2.2541069992170755, distance: 445.9891120048346, angle diff: 0.01085721275640772, rotation direction: -1
Basic rotation angle: 1.693121693121693, rotation gain: 0.002037943848848403
Rotation gain: 1.24, direction: -1, curvature radius: 7.5
{'type': 'running', 'physical': {'user_x': 1032.7210553046455, 'user_y': 385.3789122521891, 'user_direction': 2.243800190809462}, 'virtual': {'user_x': 2340.940526838496, 'user_y': 8074.267614967207, 'user_direction': -0.6270657975923583}, 'user_v': 7.999999999999999, 'user_w': 0, 'delta_t': 0.02, 'need_reset': False}
Tangent angle: 2.6811660299752815, User angle: 2.243800190809462, Offset angle: 0.42691018933623437
Target angle: 2.254255840639047, distance: 439.67001604614745, angle diff: 0.010455649829585134, rotation direction: 1
Basic rotation angle: 1.693121693121693, rotation gain: 0.002407927525750412
Rotation gain: 1.24, direction: 1, curvature radius: 7.5
{'type': 'running', 'physical': {'user_x': 1028.6591752473137, 'user_y': 390.25882533180976, 'user_direction': 2.264964211973483}, 'virtual': {'user_x': 2347.4185484179143, 'user_y': 8069.573444495591, 'user_direction': -0.627065797592359}, 'user_v': 7.999999999999999, 'user_w': 0, 'delta_t': 0.02, 'need_reset': False}
Tangent angle: 2.686544939402356, User angle: 2.264964211973483, Offset angle: 0.4324460050614792
Target angle: 2.2540989343408775, distance: 433.2897977969242, angle diff: 0.010865277632605697, rotation direction: -1
Basic rotation angle: 1.693121693121693, rotation gain: 0.0027316460164078563
Rotation gain: 1.24, direction: -1, curvature radius: 7.5
{'type': 'running', 'physical': {'user_x': 1024.7014757199884, 'user_y': 395.22360485523393, 'user_direction': 2.243800190809462}, 'virtual': {'user_x': 2353.8965699973323, 'user_y': 8064.879274023974, 'user_direction': -0.6270657975923599}, 'user_v': 7.999999999999999, 'user_w': 0, 'delta_t': 0.02, 'need_reset': False}
Tangent angle: 2.692314177196446, User angle: 2.243800190809462, Offset angle: 0.4380620943948467
Target angle: 2.2542520828015995, distance: 426.971562855445, angle diff: 0.010451891992137696, rotation direction: 1
Basic rotation angle: 1.693121693121693, rotation gain: 0.00301491650985149
Rotation gain: 1.24, direction: 1, curvature radius: 7.5
{'type': 'running', 'physical': {'user_x': 1020.6395956626567, 'user_y': 400.1035179348546, 'user_direction': 2.264964211973483}, 'virtual': {'user_x': 2360.3745915767504, 'user_y': 8060.185103552358, 'user_direction': -0.6270657975923608}, 'user_v': 7.999999999999999, 'user_w': 0, 'delta_t': 0.02, 'need_reset': False}
Tangent angle: 2.697964573482128, User angle: 2.264964211973483, Offset angle: 0.4438741910085165
Target angle: 2.2540903824736116, distance: 420.5903862206842, angle diff: 0.01087382949987159, rotation direction: -1
Basic rotation angle: 1.693121693121693, rotation gain: 0.0032627604384529788
Rotation gain: 1.24, direction: -1, curvature radius: 7.5
{'type': 'running', 'physical': {'user_x': 1016.6818961353315, 'user_y': 405.0682974582788, 'user_direction': 2.243800190809462}, 'virtual': {'user_x': 2366.8526131561684, 'user_y': 8055.490933080741, 'user_direction': -0.6270657975923621}, 'user_v': 7.999999999999999, 'user_w': 0, 'delta_t': 0.02, 'need_reset': False}
Tangent angle: 2.7040196632906204, User angle: 2.243800190809462, Offset angle: 0.44977156869292134
Target angle: 2.254248094597699, distance: 414.2730635978512, angle diff: 0.010447903788237234, rotation direction: 1
Basic rotation angle: 1.693121693121693, rotation gain: 0.003479641191336191
Rotation gain: 1.24, direction: 1, curvature radius: 7.5
{'type': 'running', 'physical': {'user_x': 1012.6200160779998, 'user_y': 409.94821053789946, 'user_direction': 2.264964211973483}, 'virtual': {'user_x': 2373.3306347355865, 'user_y': 8050.796762609125, 'user_direction': -0.6270657975923638}, 'user_v': 7.999999999999999, 'user_w': 0, 'delta_t': 0.02, 'need_reset': False}
Tangent angle: 2.7099607920146216, User angle: 2.264964211973483, Offset angle: 0.4558794938857734
Target angle: 2.254081298128849, distance: 407.89086818161974, angle diff: 0.010882913844634245, rotation direction: -1
Basic rotation angle: 1.693121693121693, rotation gain: 0.0036693935372239016
Rotation gain: 1.24, direction: -1, curvature radius: 7.5
{'type': 'running', 'physical': {'user_x': 1008.6623165506746, 'user_y': 414.9129900613236, 'user_direction': 2.243800190809462}, 'virtual': {'user_x': 2379.8086563150046, 'user_y': 8046.1025921375085, 'user_direction': -0.6270657975923659}, 'user_v': 7.999999999999999, 'user_w': 0, 'delta_t': 0.02, 'need_reset': False}
Tangent angle: 2.7163218931836575, User angle: 2.243800190809462, Offset angle: 0.4620780390101007
Target angle: 2.2542438541735557, distance: 401.57451390321506, angle diff: 0.010443663364093858, rotation direction: 1
Basic rotation angle: 1.693121693121693, rotation gain: 0.003835444687265061
Rotation gain: 1.24, direction: 1, curvature radius: 7.5
{'type': 'running', 'physical': {'user_x': 1004.600436493343, 'user_y': 419.7929031409443, 'user_direction': 2.264964211973483}, 'virtual': {'user_x': 2386.2866778944226, 'user_y': 8041.408421665892, 'user_direction': -0.6270657975923689}, 'user_v': 7.999999999999999, 'user_w': 0, 'delta_t': 0.02, 'need_reset': False}
Tangent angle: 2.7225746649891027, User angle: 2.264964211973483, Offset angle: 0.46850303501619966
Target angle: 2.254071629972902, distance: 395.1912334161434, angle diff: 0.010892582000581186, rotation direction: -1
Basic rotation angle: 1.693121693121693, rotation gain: 0.0039807205345087715
Rotation gain: 1.24, direction: -1, curvature radius: 7.5
{'type': 'running', 'physical': {'user_x': 1000.6427369660178, 'user_y': 424.7576826643685, 'user_direction': 2.243800190809462}, 'virtual': {'user_x': 2392.7646994738407, 'user_y': 8036.714251194276, 'user_direction': -0.6270657975923732}, 'user_v': 7.999999999999999, 'user_w': 0, 'delta_t': 0.02, 'need_reset': False}
Tangent angle: 2.72926366845682, User angle: 2.243800190809462, Offset angle: 0.4750243316360273
Target angle: 2.254239336820792, distance: 388.87590883054696, angle diff: 0.010439146011330003, rotation direction: 1
Basic rotation angle: 1.693121693121693, rotation gain: 0.004107855313989681
Rotation gain: 1.24, direction: 1, curvature radius: 7.5
{'type': 'running', 'physical': {'user_x': 996.5808569086861, 'user_y': 429.63759574398915, 'user_direction': 2.264964211973483}, 'virtual': {'user_x': 2399.2427210532587, 'user_y': 8032.020080722659, 'user_direction': -0.62706579759238}, 'user_v': 7.999999999999999, 'user_w': 0, 'delta_t': 0.02, 'need_reset': False}
Tangent angle: 2.735850813104765, User angle: 2.264964211973483, Offset angle: 0.4817894932507826
Target angle: 2.2540613198539816, distance: 382.49147029746456, angle diff: 0.010902892119501573, rotation direction: -1
Basic rotation angle: 1.693121693121693, rotation gain: 0.004219078700726097
Rotation gain: 1.24, direction: -1, curvature radius: 7.5
{'type': 'running', 'physical': {'user_x': 992.6231573813609, 'user_y': 434.6023752674133, 'user_direction': 2.243800190809462}, 'virtual': {'user_x': 2405.7207426326763, 'user_y': 8027.325910251043, 'user_direction': -0.6270657975923923}, 'user_v': 7.999999999999999, 'user_w': 0, 'delta_t': 0.02, 'need_reset': False}
Tangent angle: 2.7428914982454984, User angle: 2.243800190809462, Offset angle: 0.48865698375090727
Target angle: 2.2542345144945912, distance: 376.17724277166263, angle diff: 0.01043432368512942, rotation direction: 1
Basic rotation angle: 1.693121693121693, rotation gain: 0.004316418180046801
Rotation gain: 1.24, direction: 1, curvature radius: 7.5
{'type': 'running', 'physical': {'user_x': 988.5612773240292, 'user_y': 439.482288347034, 'user_direction': 2.264964211973483}, 'virtual': {'user_x': 2412.198764212094, 'user_y': 8022.631739779426, 'user_direction': -0.6270657975923988}, 'user_v': 7.999999999999999, 'user_w': 0, 'delta_t': 0.02, 'need_reset': False}
Tangent angle: 2.7498377301228856, User angle: 2.264964211973483, Offset angle: 0.4957874284916586
Target angle: 2.254050301631228, distance: 369.7915656014695, angle diff: 0.010913910342255306, rotation direction: -1
Basic rotation angle: 1.693121693121693, rotation gain: 0.004401569998578391
Rotation gain: 1.24, direction: -1, curvature radius: 7.5
{'type': 'running', 'physical': {'user_x': 984.603577796704, 'user_y': 444.44706787045817, 'user_direction': 2.243800190809462}, 'virtual': {'user_x': 2414.953825027136, 'user_y': 8020.635339340352, 'user_direction': -0.6270657975923988}, 'user_v': 0, 'user_w': 0.1, 'delta_t': 0.02, 'need_reset': False}
Tangent angle: 2.7572559321685, User angle: 2.243800190809462, Offset angle: 0.5030265769376584
Target angle: 2.254229355230841, distance: 363.4785093346279, angle diff: 0.010429164421378978, rotation direction: 1
Basic rotation angle: 0.0, rotation gain: 0.003872197873773931
Rotation gain: 1.24, direction: 1, curvature radius: 2500000
{'type': 'running', 'physical': {'user_x': 980.5416977393724, 'user_y': 449.32698095007885, 'user_direction': 2.264964211973483}, 'virtual': {'user_x': 2414.953825027136, 'user_y': 8020.635339340352, 'user_direction': -0.5270657975923988}, 'user_v': 0, 'user_w': 0.1, 'delta_t': 0.02, 'need_reset': False}
Tangent angle: 2.7645881266292975, User angle: 2.264964211973483, Offset angle: 0.5105496268754702
Target angle: 2.254038499753827, distance: 357.0915042226316, angle diff: 0.010925712219655992, rotation direction: -1
Basic rotation angle: 0.0, rotation gain: 0.0034089965660524368
Rotation gain: 1.24, direction: -1, curvature radius: 2500000
{'type': 'running', 'physical': {'user_x': 980.5416977393724, 'user_y': 449.32698095007885, 'user_direction': 2.3456093732638057}, 'virtual': {'user_x': 2414.953825027136, 'user_y': 8020.635339340352, 'user_direction': -0.4270657975923988}, 'user_v': 0, 'user_w': 0.1, 'delta_t': 0.02, 'need_reset': False}
Tangent angle: 2.7645881266292975, User angle: 2.3456093732638057, Offset angle: 0.5105496268754702
Target angle: 2.254038499753827, distance: 357.0915042226316, angle diff: 0.0915708735099785, rotation direction: -1
Basic rotation angle: 0.0, rotation gain: 0.003003695421796129
Rotation gain: 1.24, direction: -1, curvature radius: 2500000
{'type': 'running', 'physical': {'user_x': 980.5416977393724, 'user_y': 449.32698095007885, 'user_direction': 2.426254534554128}, 'virtual': {'user_x': 2414.953825027136, 'user_y': 8020.635339340352, 'user_direction': -0.32706579759239884}, 'user_v': 0, 'user_w': 0.1, 'delta_t': 0.02, 'need_reset': False}
Tangent angle: 2.7645881266292975, User angle: 2.426254534554128, Offset angle: 0.5105496268754702
Target angle: 2.254038499753827, distance: 357.0915042226316, angle diff: 0.172216034800301, rotation direction: -1
Basic rotation angle: 0.0, rotation gain: 0.00264905692057186
Rotation gain: 1.24, direction: -1, curvature radius: 2500000
{'type': 'running', 'physical': {'user_x': 980.5416977393724, 'user_y': 449.32698095007885, 'user_direction': 2.5068996958444507}, 'virtual': {'user_x': 2414.953825027136, 'user_y': 8020.635339340352, 'user_direction': -0.22706579759239884}, 'user_v': 0, 'user_w': 0.1, 'delta_t': 0.02, 'need_reset': False}
Tangent angle: 2.7645881266292975, User angle: 2.5068996958444507, Offset angle: 0.5105496268754702
Target angle: 2.254038499753827, distance: 357.0915042226316, angle diff: 0.2528611960906235, rotation direction: -1
Basic rotation angle: 0.0, rotation gain: 0.0023387482320006247
Rotation gain: 1.24, direction: -1, curvature radius: 2500000
{'type': 'running', 'physical': {'user_x': 980.5416977393724, 'user_y': 449.32698095007885, 'user_direction': 2.5875448571347732}, 'virtual': {'user_x': 2414.953825027136, 'user_y': 8020.635339340352, 'user_direction': -0.12706579759239883}, 'user_v': 0, 'user_w': 0.1, 'delta_t': 0.02, 'need_reset': False}
Tangent angle: 2.7645881266292975, User angle: 2.5875448571347732, Offset angle: 0.5105496268754702
Target angle: 2.254038499753827, distance: 357.0915042226316, angle diff: 0.33350635738094603, rotation direction: -1
Basic rotation angle: 0.0, rotation gain: 0.0020672281295007937
Rotation gain: 1.24, direction: -1, curvature radius: 2500000
{'type': 'running', 'physical': {'user_x': 980.5416977393724, 'user_y': 449.32698095007885, 'user_direction': 2.6681900184250957}, 'virtual': {'user_x': 2414.953825027136, 'user_y': 8020.635339340352, 'user_direction': -0.027065797592398827}, 'user_v': 0, 'user_w': 0.1, 'delta_t': 0.02, 'need_reset': False}
Tangent angle: 2.7645881266292975, User angle: 2.6681900184250957, Offset angle: 0.5105496268754702
Target angle: 2.254038499753827, distance: 357.0915042226316, angle diff: 0.41415151867126854, rotation direction: -1
Basic rotation angle: 0.0, rotation gain: 0.0018296480398134417
Rotation gain: 1.24, direction: -1, curvature radius: 2500000
{'type': 'running', 'physical': {'user_x': 980.5416977393724, 'user_y': 449.32698095007885, 'user_direction': 2.7488351797154182}, 'virtual': {'user_x': 2414.953825027136, 'user_y': 8020.635339340352, 'user_direction': 0.07293420240760118}, 'user_v': 0, 'user_w': 0.1, 'delta_t': 0.02, 'need_reset': False}
Tangent angle: 2.7645881266292975, User angle: 2.7488351797154182, Offset angle: 0.5105496268754702
Target angle: 2.254038499753827, distance: 357.0915042226316, angle diff: 0.49479667996159105, rotation direction: -1
Basic rotation angle: 0.0, rotation gain: 0.0016217654613370086
Rotation gain: 1.24, direction: -1, curvature radius: 2500000
{'type': 'running', 'physical': {'user_x': 980.5416977393724, 'user_y': 449.32698095007885, 'user_direction': 2.8294803410057408}, 'virtual': {'user_x': 2414.953825027136, 'user_y': 8020.635339340352, 'user_direction': 0.17293420240760118}, 'user_v': 0, 'user_w': 0.1, 'delta_t': 0.02, 'need_reset': False}
Tangent angle: 2.7645881266292975, User angle: 2.8294803410057408, Offset angle: 0.5105496268754702
Target angle: 3.275137753504768, distance: 357.0915042226316, angle diff: 0.44565741249902713, rotation direction: 1
Basic rotation angle: 0.0, rotation gain: 0.0014400624288269652
Rotation gain: 1.24, direction: 1, curvature radius: 2500000
{'type': 'running', 'physical': {'user_x': 980.5416977393724, 'user_y': 449.32698095007885, 'user_direction': 2.9101255022960633}, 'virtual': {'user_x': 2414.953825027136, 'user_y': 8020.635339340352, 'user_direction': 0.2729342024076012}, 'user_v': 0, 'user_w': 0.1, 'delta_t': 0.02, 'need_reset': False}
Tangent angle: 2.7645881266292975, User angle: 2.9101255022960633, Offset angle: 0.5105496268754702
Target angle: 3.275137753504768, distance: 357.0915042226316, angle diff: 0.3650122512087046, rotation direction: 1
Basic rotation angle: 0.0, rotation gain: 0.0012810722753806773
Rotation gain: 1.24, direction: 1, curvature radius: 2500000
{'type': 'running', 'physical': {'user_x': 980.5416977393724, 'user_y': 449.32698095007885, 'user_direction': 2.9907706635863858}, 'virtual': {'user_x': 2414.953825027136, 'user_y': 8020.635339340352, 'user_direction': 0.3729342024076012}, 'user_v': 0, 'user_w': 0.1, 'delta_t': 0.02, 'need_reset': False}
Tangent angle: 2.7645881266292975, User angle: 2.9907706635863858, Offset angle: 0.5105496268754702
Target angle: 3.275137753504768, distance: 357.0915042226316, angle diff: 0.2843670899183821, rotation direction: 1
Basic rotation angle: 0.0, rotation gain: 0.0011419558911151754
Rotation gain: 1.24, direction: 1, curvature radius: 2500000
{'type': 'running', 'physical': {'user_x': 980.5416977393724, 'user_y': 449.32698095007885, 'user_direction': 3.0714158248767083}, 'virtual': {'user_x': 2414.953825027136, 'user_y': 8020.635339340352, 'user_direction': 0.4729342024076012}, 'user_v': 0, 'user_w': 0.1, 'delta_t': 0.02, 'need_reset': False}
Tangent angle: 2.7645881266292975, User angle: 3.0714158248767083, Offset angle: 0.5105496268754702
Target angle: 3.275137753504768, distance: 357.0915042226316, angle diff: 0.2037219286280596, rotation direction: 1
Basic rotation angle: 0.0, rotation gain: 0.0010202290548828614
Rotation gain: 1.24, direction: 1, curvature radius: 2500000
{'type': 'running', 'physical': {'user_x': 980.5416977393724, 'user_y': 449.32698095007885, 'user_direction': 3.152060986167031}, 'virtual': {'user_x': 2414.953825027136, 'user_y': 8020.635339340352, 'user_direction': 0.5729342024076012}, 'user_v': 0, 'user_w': 0.1, 'delta_t': 0.02, 'need_reset': False}
Tangent angle: 2.7645881266292975, User angle: 3.152060986167031, Offset angle: 0.5105496268754702
Target angle: 3.275137753504768, distance: 357.0915042226316, angle diff: 0.12307676733773709, rotation direction: 1
Basic rotation angle: 0.0, rotation gain: 0.0009137180731795866
Rotation gain: 1.24, direction: 1, curvature radius: 2500000
{'type': 'running', 'physical': {'user_x': 980.5416977393724, 'user_y': 449.32698095007885, 'user_direction': 3.2327061474573533}, 'virtual': {'user_x': 2414.953825027136, 'user_y': 8020.635339340352, 'user_direction': 0.6729342024076012}, 'user_v': 0, 'user_w': 0.1, 'delta_t': 0.02, 'need_reset': False}
Tangent angle: 2.7645881266292975, User angle: 3.2327061474573533, Offset angle: 0.5105496268754702
Target angle: 3.275137753504768, distance: 357.0915042226316, angle diff: 0.04243160604741458, rotation direction: 1
Basic rotation angle: 0.0, rotation gain: 0.0008205209641892212
Rotation gain: 1.24, direction: 1, curvature radius: 2500000
{'type': 'running', 'physical': {'user_x': 980.5416977393724, 'user_y': 449.32698095007885, 'user_direction': 3.313351308747676}, 'virtual': {'user_x': 2414.953825027136, 'user_y': 8020.635339340352, 'user_direction': 0.7729342024076011}, 'user_v': 0, 'user_w': 0.1, 'delta_t': 0.02, 'need_reset': False}
Tangent angle: 2.7645881266292975, User angle: 3.313351308747676, Offset angle: 0.5105496268754702
Target angle: 3.275137753504768, distance: 357.0915042226316, angle diff: 0.038213555242907926, rotation direction: -1
Basic rotation angle: 0.0, rotation gain: 0.0007389734938226515
Rotation gain: 1.24, direction: -1, curvature radius: 2500000
{'type': 'running', 'physical': {'user_x': 980.5416977393724, 'user_y': 449.32698095007885, 'user_direction': 3.3939964700379983}, 'virtual': {'user_x': 2414.953825027136, 'user_y': 8020.635339340352, 'user_direction': 0.8729342024076011}, 'user_v': 0, 'user_w': 0.1, 'delta_t': 0.02, 'need_reset': False}
Tangent angle: 2.7645881266292975, User angle: 3.3939964700379983, Offset angle: 0.5105496268754702
Target angle: 3.275137753504768, distance: 357.0915042226316, angle diff: 0.11885871653323044, rotation direction: -1
Basic rotation angle: 0.0, rotation gain: 0.000667619457251903
Rotation gain: 1.24, direction: -1, curvature radius: 2500000
{'type': 'running', 'physical': {'user_x': 980.5416977393724, 'user_y': 449.32698095007885, 'user_direction': 3.474641631328321}, 'virtual': {'user_x': 2414.953825027136, 'user_y': 8020.635339340352, 'user_direction': 0.996797070134873}, 'user_v': 7.999999999999999, 'user_w': 0, 'delta_t': 0.02, 'need_reset': False}
Tangent angle: 2.7645881266292975, User angle: 3.474641631328321, Offset angle: 0.5105496268754702
Target angle: 3.275137753504768, distance: 357.0915042226316, angle diff: 0.19950387782355294, rotation direction: -1
Basic rotation angle: 1.693121693121693, rotation gain: 0.001214696529807902
Rotation gain: 1.24, direction: -1, curvature radius: 7.5
{'type': 'running', 'physical': {'user_x': 980.5416977393724, 'user_y': 449.32698095007885, 'user_direction': 3.5552867926186433}, 'virtual': {'user_x': 2419.2977826462916, 'user_y': 8027.353228309588, 'user_direction': 0.996797070134873}, 'user_v': 7.999999999999999, 'user_w': 0, 'delta_t': 0.02, 'need_reset': False}
Tangent angle: 2.7645881266292975, User angle: 3.5552867926186433, Offset angle: 0.5105496268754702
Target angle: 3.275137753504768, distance: 357.0915042226316, angle diff: 0.28014903911387545, rotation direction: -1
Basic rotation angle: 1.693121693121693, rotation gain: 0.001693388968294401
Rotation gain: 1.24, direction: -1, curvature radius: 7.5
{'type': 'running', 'physical': {'user_x': 974.6753854918609, 'user_y': 446.89823603150495, 'user_direction': 3.534122771454622}, 'virtual': {'user_x': 2423.641740265447, 'user_y': 8034.071117278824, 'user_direction': 0.9967970701348723}, 'user_v': 7.999999999999999, 'user_w': 0, 'delta_t': 0.02, 'need_reset': False}
Tangent angle: 2.753673036547205, User angle: 3.534122771454622, Offset angle: 0.5168376827800876
Target angle: 3.2705107193272926, distance: 351.88321162530525, angle diff: 0.2636120521273293, rotation direction: -1
Basic rotation angle: 1.693121693121693, rotation gain: 0.002112699494862504
Rotation gain: 1.24, direction: -1, curvature radius: 7.5
{'type': 'running', 'physical': {'user_x': 968.7589888306088, 'user_y': 444.5941805175192, 'user_direction': 3.5129587502906006}, 'virtual': {'user_x': 2427.9856978846024, 'user_y': 8040.78900624806, 'user_direction': 0.9967970701348715}, 'user_v': 7.999999999999999, 'user_w': 0, 'delta_t': 0.02, 'need_reset': False}
Tangent angle: 2.742750357519427, User angle: 3.5129587502906006, Offset angle: 0.5233568894697043
Target angle: 3.2661072469891312, distance: 346.6037515267175, angle diff: 0.24685150330146932, rotation direction: -1
Basic rotation angle: 1.693121693121693, rotation gain: 0.0024800249122755294
Rotation gain: 1.24, direction: -1, curvature radius: 7.5
{'type': 'running', 'physical': {'user_x': 962.7951577041965, 'user_y': 442.41584639245053, 'user_direction': 3.491794729126579}, 'virtual': {'user_x': 2432.3296555037577, 'user_y': 8047.506895217296, 'user_direction': 0.9967970701348707}, 'user_v': 7.999999999999999, 'user_w': 0, 'delta_t': 0.02, 'need_reset': False}
Tangent angle: 2.7318197483090523, User angle: 3.491794729126579, Offset angle: 0.5301188966601423
Target angle: 3.2619386449691947, distance: 341.2522409037347, angle diff: 0.22985608415738445, rotation direction: -1
Basic rotation angle: 1.693121693121693, rotation gain: 0.002801836923590671
Rotation gain: 1.24, direction: -1, curvature radius: 7.5
{'type': 'running', 'physical': {'user_x': 956.7865633070573, 'user_y': 440.3642093301343, 'user_direction': 3.470630707962558}, 'virtual': {'user_x': 2436.673613122913, 'user_y': 8054.224784186532, 'user_direction': 0.9967970701348698}, 'user_v': 7.999999999999999, 'user_w': 0, 'delta_t': 0.02, 'need_reset': False}
Tangent angle: 2.7208808479747293, User angle: 3.470630707962558, Offset angle: 0.5371362230626705
Target angle: 3.2580170710373997, distance: 335.8276900722363, angle diff: 0.2126136369251581, rotation direction: -1
Basic rotation angle: 1.693121693121693, rotation gain: 0.0030837976951437725
Rotation gain: 1.24, direction: -1, curvature radius: 7.5
{'type': 'running', 'physical': {'user_x': 950.7358968830519, 'user_y': 438.440188256909, 'user_direction': 3.4494666867985364}, 'virtual': {'user_x': 2441.0175707420685, 'user_y': 8060.942673155768, 'user_direction': 0.9967970701348688}, 'user_v': 7.999999999999999, 'user_w': 0, 'delta_t': 0.02, 'need_reset': False}
Tangent angle: 2.7099332744017337, User angle: 3.4494666867985364, Offset angle: 0.5444223425409984
Target angle: 3.254355616942732, distance: 330.328990754402, angle diff: 0.1951110698558045, rotation direction: -1
Basic rotation angle: 1.693121693121693, rotation gain: 0.003330860963767788
Rotation gain: 1.24, direction: -1, curvature radius: 7.5
{'type': 'running', 'physical': {'user_x': 944.6458685200627, 'user_y': 436.6446449400297, 'user_direction': 3.428302665634515}, 'virtual': {'user_x': 2445.361528361224, 'user_y': 8067.660562125004, 'user_direction': 0.9967970701348677}, 'user_v': 7.999999999999999, 'user_w': 0, 'delta_t': 0.02, 'need_reset': False}
Tangent angle: 2.698976622700286, User angle: 3.428302665634515, Offset angle: 0.5519917813007645
Target angle: 3.2509684040010507, distance: 324.75490252607, angle diff: 0.17733426163346433, rotation direction: -1
Basic rotation angle: 1.693121693121693, rotation gain: 0.0035473604935823697
Rotation gain: 1.24, direction: -1, curvature radius: 7.5
{'type': 'running', 'physical': {'user_x': 938.5192059361483, 'user_y': 434.97838360168373, 'user_direction': 3.4071386444704936}, 'virtual': {'user_x': 2449.7054859803793, 'user_y': 8074.37845109424, 'user_direction': 0.9967970701348664}, 'user_v': 7.999999999999999, 'user_w': 0, 'delta_t': 0.02, 'need_reset': False}
Tangent angle: 2.688010463456891, User angle: 3.4071386444704936, Offset angle: 0.5598602278761028
Target angle: 3.2478706913329938, distance: 319.10403737081333, angle diff: 0.15926795313749986, rotation direction: -1
Basic rotation angle: 1.693121693121693, rotation gain: 0.0037370874617279727
Rotation gain: 1.24, direction: -1, curvature radius: 7.5
{'type': 'running', 'physical': {'user_x': 932.3586532578009, 'user_y': 433.44215055877993, 'user_direction': 3.3859746233064723}, 'virtual': {'user_x': 2454.0494435995347, 'user_y': 8081.0963400634755, 'user_direction': 0.9967970701348648}, 'user_v': 7.999999999999999, 'user_w': 0, 'delta_t': 0.02, 'need_reset': False}
Tangent angle: 2.6770343408227055, User angle: 3.3859746233064723, Offset angle: 0.5680446580221217
Target angle: 3.245078998844827, distance: 313.3748420116447, angle diff: 0.14089562446164505, rotation direction: -1
Basic rotation angle: 1.693121693121693, rotation gain: 0.003903358154636519
Rotation gain: 1.24, direction: -1, curvature radius: 7.5
{'type': 'running', 'physical': {'user_x': 926.1669697908545, 'user_y': 432.0366338886742, 'user_direction': 3.364810602142451}, 'virtual': {'user_x': 2458.39340121869, 'user_y': 8087.814229032711, 'user_direction': 0.9967970701348631}, 'user_v': 7.999999999999999, 'user_w': 0, 'delta_t': 0.02, 'need_reset': False}
Tangent angle: 2.666047770420913, User angle: 3.364810602142451, Offset angle: 0.5765634770466647
Target angle: 3.2426112474675777, distance: 307.5655776220666, angle diff: 0.1221993546748732, rotation direction: -1
Basic rotation angle: 1.693121693121693, rotation gain: 0.004049073183293819
Rotation gain: 1.24, direction: -1, curvature radius: 7.5
{'type': 'running', 'physical': {'user_x': 919.9469287845945, 'user_y': 430.76246312098016, 'user_direction': 3.3436465809784295}, 'virtual': {'user_x': 2462.7373588378455, 'user_y': 8094.532118001947, 'user_direction': 0.996797070134861}, 'user_v': 7.999999999999999, 'user_w': 0, 'delta_t': 0.02, 'need_reset': False}
Tangent angle: 2.6550502370527735, User angle: 3.3436465809784295, Offset angle: 0.5854366826415734
Target angle: 3.240486919694347, distance: 301.67429643171795, angle diff: 0.10315966128408238, rotation direction: -1
Basic rotation angle: 1.693121693121693, rotation gain: 0.00417676927435622
Rotation gain: 1.24, direction: -1, curvature radius: 7.5
{'type': 'running', 'physical': {'user_x': 913.7013161896218, 'user_y': 429.62020895560363, 'user_direction': 3.322482559814408}, 'virtual': {'user_x': 2467.081316457001, 'user_y': 8101.250006971183, 'user_direction': 0.9967970701348584}, 'user_v': 7.999999999999999, 'user_w': 0, 'delta_t': 0.02, 'need_reset': False}
Tangent angle: 2.644041192179375, User angle: 3.322482559814408, Offset angle: 0.594686051931875
Target angle: 3.2387272441112502, distance: 295.6988146331217, angle diff: 0.08375531570315786, rotation direction: -1
Basic rotation angle: 1.693121693121693, rotation gain: 0.004288664561216829
Rotation gain: 1.24, direction: -1, curvature radius: 7.5
{'type': 'running', 'physical': {'user_x': 907.4329294100282, 'user_y': 428.61038300712636, 'user_direction': 3.3013185386503867}, 'virtual': {'user_x': 2471.4252740761563, 'user_y': 8107.967895940419, 'user_direction': 0.9967970701348553}, 'user_v': 7.999999999999999, 'user_w': 0, 'delta_t': 0.02, 'need_reset': False}
Tangent angle: 2.6330200511530517, User angle: 3.3013185386503867, Offset angle: 0.6043353572894598
Target angle: 3.2373554084425114, distance: 289.6366808582699, angle diff: 0.06396313020787536, rotation direction: -1
Basic rotation angle: 1.693121693121693, rotation gain: 0.004386698182788658
Rotation gain: 1.24, direction: -1, curvature radius: 7.5
{'type': 'running', 'physical': {'user_x': 901.1445760504417, 'user_y': 427.73343757565465, 'user_direction': 3.2801545174863653}, 'virtual': {'user_x': 2475.769231695312, 'user_y': 8114.685784909655, 'user_direction': 0.9967970701348513}, 'user_v': 7.999999999999999, 'user_w': 0, 'delta_t': 0.02, 'need_reset': False}
Tangent angle: 2.6219861901689354, User angle: 3.2801545174863653, Offset angle: 0.6144106165077616
Target angle: 3.236396806676697, distance: 283.48513931792115, angle diff: 0.04375771080966828, rotation direction: -1
Basic rotation angle: 1.693121693121693, rotation gain: 0.0044725648957846375
Rotation gain: 1.24, direction: -1, curvature radius: 7.5
{'type': 'running', 'physical': {'user_x': 894.839072658503, 'user_y': 426.98976544423437, 'user_direction': 3.258990496322344}, 'virtual': {'user_x': 2480.113189314468, 'user_y': 8121.403673878891, 'user_direction': 0.9967970701348533}, 'user_v': 7.999999999999999, 'user_w': 0, 'delta_t': 0.02, 'need_reset': False}
Tangent angle: 2.61093894290306, User angle: 3.258990496322344, Offset angle: 0.6249403842758403
Target angle: 3.2358793271789006, distance: 277.2410864701822, angle diff: 0.023111169143443355, rotation direction: -1
Basic rotation angle: 1.693121693121693, rotation gain: 0.004547745316777235
Rotation gain: 1.24, direction: -1, curvature radius: 7.5
{'type': 'running', 'physical': {'user_x': 888.5192434633364, 'user_y': 426.3796997029238, 'user_direction': 3.2378264751583226}, 'virtual': {'user_x': 2484.4571469336233, 'user_y': 8128.121562848127, 'user_direction': 0.9967970701348561}, 'user_v': 7.999999999999999, 'user_w': 0, 'delta_t': 0.02, 'need_reset': False}
Tangent angle: 2.5998775967987378, User angle: 3.2378264751583226, Offset angle: 0.6359560936203346
Target angle: 3.2358336904190725, distance: 270.9010197911829, angle diff: 0.0019927847392500198, rotation direction: -1
Basic rotation angle: 1.693121693121693, rotation gain: 0.004613532331674882
Rotation gain: 1.24, direction: -1, curvature radius: 7.5
{'type': 'running', 'physical': {'user_x': 882.18791911058, 'user_y': 425.903513599603, 'user_direction': 3.216662453994301}, 'virtual': {'user_x': 2488.801104552779, 'user_y': 8134.839451817363, 'user_direction': 0.9967970701348497}, 'user_v': 7.999999999999999, 'user_w': 0, 'delta_t': 0.02, 'need_reset': False}
Tangent angle: 2.5888013889575148, User angle: 3.216662453994301, Offset angle: 0.6474924582350647
Target angle: 3.2362938471925795, distance: 264.4609768357571, angle diff: 0.019631393198278335, rotation direction: 1
Basic rotation angle: 1.693121693121693, rotation gain: 0.0046710541409978245
Rotation gain: 1.24, direction: 1, curvature radius: 7.5
{'type': 'running', 'physical': {'user_x': 875.8680899154133, 'user_y': 425.29344785829244, 'user_direction': 3.2378264751583226}, 'virtual': {'user_x': 2493.145062171935, 'user_y': 8141.557340786599, 'user_direction': 0.996797070134853}, 'user_v': 7.999999999999999, 'user_w': 0, 'delta_t': 0.02, 'need_reset': False}
Tangent angle: 2.5770488858095284, User angle: 3.2378264751583226, Offset angle: 0.6592072613395077
Target angle: 3.236256147149036, distance: 258.1193181356672, angle diff: 0.0015703280092864702, rotation direction: -1
Basic rotation angle: 1.693121693121693, rotation gain: 0.004721389152725221
Rotation gain: 1.24, direction: -1, curvature radius: 7.5
{'type': 'running', 'physical': {'user_x': 869.5367655626569, 'user_y': 424.81726175497164, 'user_direction': 3.216662453994301}, 'virtual': {'user_x': 2497.4890197910904, 'user_y': 8148.2752297558345, 'user_direction': 0.9967970701348587}, 'user_v': 7.999999999999999, 'user_w': 0, 'delta_t': 0.02, 'need_reset': False}
Tangent angle: 2.5652595799390543, User angle: 3.216662453994301, Offset angle: 0.6714907491816199
Target angle: 3.236750329120674, distance: 251.6725248592003, angle diff: 0.02008787512637289, rotation direction: 1
Basic rotation angle: 1.693121693121693, rotation gain: 0.004765387322768623
Rotation gain: 1.24, direction: 1, curvature radius: 7.5
{'type': 'running', 'physical': {'user_x': 863.2169363674902, 'user_y': 424.2071960136611, 'user_direction': 3.2378264751583226}, 'virtual': {'user_x': 2501.8329774102463, 'user_y': 8154.99311872507, 'user_direction': 0.9967970701348422}, 'user_v': 7.999999999999999, 'user_w': 0, 'delta_t': 0.02, 'need_reset': False}
Tangent angle: 2.5527624046970234, User angle: 3.2378264751583226, Offset angle: 0.6839600730383708
Target angle: 3.2367224777353942, distance: 245.32889255867676, angle diff: 0.0011039974229283267, rotation direction: -1
Basic rotation angle: 1.693121693121693, rotation gain: 0.004803888257034717
Rotation gain: 1.24, direction: -1, curvature radius: 7.5
{'type': 'running', 'physical': {'user_x': 856.8856120147339, 'user_y': 423.7310099103403, 'user_direction': 3.216662453994301}, 'virtual': {'user_x': 2504.5777430225644, 'user_y': 8159.237872529486, 'user_direction': 0.9967970701348422}, 'user_v': 0, 'user_w': 0.1, 'delta_t': 0.02, 'need_reset': False}
Tangent angle: 2.5402042615930966, User angle: 3.216662453994301, Offset angle: 0.6970512506015588
Target angle: 3.2372555121946553, distance: 238.8743906897785, angle diff: 0.020593058200354175, rotation direction: 1
Basic rotation angle: 0.0, rotation gain: 0.004224539751481471
Rotation gain: 1.24, direction: 1, curvature radius: 2500000
{'type': 'running', 'physical': {'user_x': 850.5657828195672, 'user_y': 423.1209441690297, 'user_direction': 3.2378264751583226}, 'virtual': {'user_x': 2504.5777430225644, 'user_y': 8159.237872529486, 'user_direction': 0.8967970701348422}, 'user_v': 0, 'user_w': 0.1, 'delta_t': 0.02, 'need_reset': False}
Tangent angle: 2.526905484925541, User angle: 3.2378264751583226, Offset angle: 0.7103344369700886
Target angle: 3.2372399218956294, distance: 232.52830346355265, angle diff: 0.0005865532626931902, rotation direction: -1
Basic rotation angle: 0.0, rotation gain: 0.0037176098564849673
Rotation gain: 1.24, direction: -1, curvature radius: 2500000
{'type': 'running', 'physical': {'user_x': 850.5657828195672, 'user_y': 423.1209441690297, 'user_direction': 3.318471636448645}, 'virtual': {'user_x': 2504.5777430225644, 'user_y': 8159.237872529486, 'user_direction': 0.7967970701348422}, 'user_v': 0, 'user_w': 0.1, 'delta_t': 0.02, 'need_reset': False}
Tangent angle: 2.526905484925541, User angle: 3.318471636448645, Offset angle: 0.7103344369700886
Target angle: 3.2372399218956294, distance: 232.52830346355265, angle diff: 0.0812317145530157, rotation direction: -1
Basic rotation angle: 0.0, rotation gain: 0.0032740461983630266
Rotation gain: 1.24, direction: -1, curvature radius: 2500000
{'type': 'running', 'physical': {'user_x': 850.5657828195672, 'user_y': 423.1209441690297, 'user_direction': 3.3991167977389676}, 'virtual': {'user_x': 2504.5777430225644, 'user_y': 8159.237872529486, 'user_direction': 0.6967970701348423}, 'user_v': 0, 'user_w': 0.1, 'delta_t': 0.02, 'need_reset': False}
Tangent angle: 2.526905484925541, User angle: 3.3991167977389676, Offset angle: 0.7103344369700886
Target angle: 3.2372399218956294, distance: 232.52830346355265, angle diff: 0.1618768758433382, rotation direction: -1
Basic rotation angle: 0.0, rotation gain: 0.0028859279975063283
Rotation gain: 1.24, direction: -1, curvature radius: 2500000
{'type': 'running', 'physical': {'user_x': 850.5657828195672, 'user_y': 423.1209441690297, 'user_direction': 3.47976195902929}, 'virtual': {'user_x': 2504.5777430225644, 'user_y': 8159.237872529486, 'user_direction': 0.5967970701348423}, 'user_v': 0, 'user_w': 0.1, 'delta_t': 0.02, 'need_reset': False}
Tangent angle: 2.526905484925541, User angle: 3.47976195902929, Offset angle: 0.7103344369700886
Target angle: 3.2372399218956294, distance: 232.52830346355265, angle diff: 0.24252203713366072, rotation direction: -1
Basic rotation angle: 0.0, rotation gain: 0.0025463245717567175
Rotation gain: 1.24, direction: -1, curvature radius: 2500000
{'type': 'running', 'physical': {'user_x': 850.5657828195672, 'user_y': 423.1209441690297, 'user_direction': 3.5604071203196126}, 'virtual': {'user_x': 2504.5777430225644, 'user_y': 8159.237872529486, 'user_direction': 0.4967970701348423}, 'user_v': 0, 'user_w': 0.1, 'delta_t': 0.02, 'need_reset': False}
Tangent angle: 2.526905484925541, User angle: 3.5604071203196126, Offset angle: 0.7103344369700886
Target angle: 3.2372399218956294, distance: 232.52830346355265, angle diff: 0.3231671984239832, rotation direction: -1
Basic rotation angle: 0.0, rotation gain: 0.002249171574225808
Rotation gain: 1.24, direction: -1, curvature radius: 2500000
{'type': 'running', 'physical': {'user_x': 850.5657828195672, 'user_y': 423.1209441690297, 'user_direction': 3.641052281609935}, 'virtual': {'user_x': 2504.5777430225644, 'user_y': 8159.237872529486, 'user_direction': 0.39679707013484233}, 'user_v': 0, 'user_w': 0.1, 'delta_t': 0.02, 'need_reset': False}
Tangent angle: 2.526905484925541, User angle: 3.641052281609935, Offset angle: 0.7103344369700886
Target angle: 3.2372399218956294, distance: 232.52830346355265, angle diff: 0.40381235971430574, rotation direction: -1
Basic rotation angle: 0.0, rotation gain: 0.001989162701386262
Rotation gain: 1.24, direction: -1, curvature radius: 2500000
{'type': 'running', 'physical': {'user_x': 850.5657828195672, 'user_y': 423.1209441690297, 'user_direction': 3.7216974429002576}, 'virtual': {'user_x': 2504.5777430225644, 'user_y': 8159.237872529486, 'user_direction': 0.29679707013484236}, 'user_v': 0, 'user_w': 0.1, 'delta_t': 0.02, 'need_reset': False}
Tangent angle: 2.526905484925541, User angle: 3.7216974429002576, Offset angle: 0.7103344369700886
Target angle: 3.2372399218956294, distance: 232.52830346355265, angle diff: 0.48445752100462824, rotation direction: -1
Basic rotation angle: 0.0, rotation gain: 0.0017616549376516595
Rotation gain: 1.24, direction: -1, curvature radius: 2500000
{'type': 'running', 'physical': {'user_x': 850.5657828195672, 'user_y': 423.1209441690297, 'user_direction': 3.80234260419058}, 'virtual': {'user_x': 2504.5777430225644, 'user_y': 8159.237872529486, 'user_direction': 0.19679707013484235}, 'user_v': 0, 'user_w': 0.1, 'delta_t': 0.02, 'need_reset': False}
Tangent angle: 2.526905484925541, User angle: 3.80234260419058, Offset angle: 0.7103344369700886
Target angle: 3.2372399218956294, distance: 232.52830346355265, angle diff: 0.5651026822949508, rotation direction: -1
Basic rotation angle: 0.0, rotation gain: 0.0015625856443838824
Rotation gain: 1.24, direction: -1, curvature radius: 2500000
{'type': 'running', 'physical': {'user_x': 850.5657828195672, 'user_y': 423.1209441690297, 'user_direction': 3.8829877654809026}, 'virtual': {'user_x': 2504.5777430225644, 'user_y': 8159.237872529486, 'user_direction': 0.09679707013484234}, 'user_v': 0, 'user_w': 0.1, 'delta_t': 0.02, 'need_reset': False}
Tangent angle: 2.526905484925541, User angle: 3.8829877654809026, Offset angle: 0.7103344369700886
Target angle: 3.2372399218956294, distance: 232.52830346355265, angle diff: 0.6457478435852733, rotation direction: -1
Basic rotation angle: 0.0, rotation gain: 0.0013884000127745773
Rotation gain: 1.24, direction: -1, curvature radius: 2500000
{'type': 'running', 'physical': {'user_x': 850.5657828195672, 'user_y': 423.1209441690297, 'user_direction': 3.963632926771225}, 'virtual': {'user_x': 2504.5777430225644, 'user_y': 8159.237872529486, 'user_direction': -0.003202929865157661}, 'user_v': 0, 'user_w': 0.1, 'delta_t': 0.02, 'need_reset': False}
Tangent angle: 2.526905484925541, User angle: 3.963632926771225, Offset angle: 0.7103344369700886
Target angle: 3.2372399218956294, distance: 232.52830346355265, angle diff: 0.7263930048755958, rotation direction: -1
Basic rotation angle: 0.0, rotation gain: 0.0012359875851164354
Rotation gain: 1.24, direction: -1, curvature radius: 2500000
{'type': 'running', 'physical': {'user_x': 850.5657828195672, 'user_y': 423.1209441690297, 'user_direction': 4.044278088061548}, 'virtual': {'user_x': 2504.5777430225644, 'user_y': 8159.237872529486, 'user_direction': -0.10320292986515767}, 'user_v': 0, 'user_w': 0.1, 'delta_t': 0.02, 'need_reset': False}
Tangent angle: 2.526905484925541, User angle: 4.044278088061548, Offset angle: 0.7103344369700886
Target angle: 3.2372399218956294, distance: 232.52830346355265, angle diff: 0.8070381661659183, rotation direction: -1
Basic rotation angle: 0.0, rotation gain: 0.0011026267109155612
Rotation gain: 1.24, direction: -1, curvature radius: 2500000
{'type': 'running', 'physical': {'user_x': 850.5657828195672, 'user_y': 423.1209441690297, 'user_direction': 4.124923249351871}, 'virtual': {'user_x': 2504.5777430225644, 'user_y': 8159.237872529486, 'user_direction': -0.20320292986515767}, 'user_v': 0, 'user_w': 0.1, 'delta_t': 0.02, 'need_reset': False}
Tangent angle: 2.526905484925541, User angle: 4.124923249351871, Offset angle: 0.7103344369700886
Target angle: 3.2372399218956294, distance: 232.52830346355265, angle diff: 0.8876833274562412, rotation direction: -1
Basic rotation angle: 0.0, rotation gain: 0.0009859359459897963
Rotation gain: 1.24, direction: -1, curvature radius: 2500000
{'type': 'running', 'physical': {'user_x': 850.5657828195672, 'user_y': 423.1209441690297, 'user_direction': 4.2055684106421936}, 'virtual': {'user_x': 2504.5777430225644, 'user_y': 8159.237872529486, 'user_direction': -0.3032029298651577}, 'user_v': 0, 'user_w': 0.1, 'delta_t': 0.02, 'need_reset': False}
Tangent angle: 2.526905484925541, User angle: 4.2055684106421936, Offset angle: 0.7103344369700886
Target angle: 3.2372399218956294, distance: 232.52830346355265, angle diff: 0.9683284887465642, rotation direction: -1
Basic rotation angle: 0.0, rotation gain: 0.000883831526679752
Rotation gain: 1.24, direction: -1, curvature radius: 2500000
{'type': 'running', 'physical': {'user_x': 850.5657828195672, 'user_y': 423.1209441690297, 'user_direction': 4.2862135719325165}, 'virtual': {'user_x': 2504.5777430225644, 'user_y': 8159.237872529486, 'user_direction': -0.4032029298651577}, 'user_v': 0, 'user_w': 0.1, 'delta_t': 0.02, 'need_reset': False}
Tangent angle: 2.526905484925541, User angle: 4.2862135719325165, Offset angle: 0.7103344369700886
Target angle: 3.2372399218956294, distance: 232.52830346355265, angle diff: 1.0489736500368871, rotation direction: -1
Basic rotation angle: 0.0, rotation gain: 0.0007944901597834632
Rotation gain: 1.24, direction: -1, curvature radius: 2500000
{'type': 'running', 'physical': {'user_x': 850.5657828195672, 'user_y': 423.1209441690297, 'user_direction': 4.3668587332228395}, 'virtual': {'user_x': 2504.5777430225644, 'user_y': 8159.237872529486, 'user_direction': -0.5032029298651577}, 'user_v': 0, 'user_w': 0.1, 'delta_t': 0.02, 'need_reset': False}
Tangent angle: 2.526905484925541, User angle: 4.3668587332228395, Offset angle: 0.7103344369700886
Target angle: 3.2372399218956294, distance: 232.52830346355265, angle diff: 1.12961881132721, rotation direction: -1
Basic rotation angle: 0.0, rotation gain: 0.0007163164637492104
Rotation gain: 1.24, direction: -1, curvature radius: 2500000
{'type': 'running', 'physical': {'user_x': 850.5657828195672, 'user_y': 423.1209441690297, 'user_direction': 4.447503894513162}, 'virtual': {'user_x': 2504.5777430225644, 'user_y': 8159.237872529486, 'user_direction': -0.6032029298651577}, 'user_v': 0, 'user_w': 0.1, 'delta_t': 0.02, 'need_reset': False}
Tangent angle: 2.526905484925541, User angle: 4.447503894513162, Offset angle: 0.7103344369700886
Target angle: 3.2372399218956294, distance: 232.52830346355265, angle diff: 1.210263972617533, rotation direction: -1
Basic rotation angle: 0.0, rotation gain: 0.0006479144797192392
Rotation gain: 1.24, direction: -1, curvature radius: 2500000
{'type': 'running', 'physical': {'user_x': 850.5657828195672, 'user_y': 423.1209441690297, 'user_direction': 4.528149055803485}, 'virtual': {'user_x': 2504.5777430225644, 'user_y': 8159.237872529486, 'user_direction': -0.7032029298651576}, 'user_v': 0, 'user_w': 0.1, 'delta_t': 0.02, 'need_reset': False}
Tangent angle: 2.526905484925541, User angle: 4.528149055803485, Offset angle: 0.7103344369700886
Target angle: 3.2372399218956294, distance: 232.52830346355265, angle diff: 1.290909133907856, rotation direction: -1
Basic rotation angle: 0.0, rotation gain: 0.0005880627436930145
Rotation gain: 1.24, direction: -1, curvature radius: 2500000
{'type': 'running', 'physical': {'user_x': 850.5657828195672, 'user_y': 423.1209441690297, 'user_direction': 4.608794217093808}, 'virtual': {'user_x': 2504.5777430225644, 'user_y': 8159.237872529486, 'user_direction': -0.8032029298651576}, 'user_v': 0, 'user_w': 0.1, 'delta_t': 0.02, 'need_reset': False}
Tangent angle: 2.526905484925541, User angle: 4.608794217093808, Offset angle: 0.7103344369700886
Target angle: 3.2372399218956294, distance: 232.52830346355265, angle diff: 1.371554295198179, rotation direction: -1
Basic rotation angle: 0.0, rotation gain: 0.0005356924746700678
Rotation gain: 1.24, direction: -1, curvature radius: 2500000
{'type': 'running', 'physical': {'user_x': 850.5657828195672, 'user_y': 423.1209441690297, 'user_direction': 4.689439378384131}, 'virtual': {'user_x': 2504.5777430225644, 'user_y': 8159.237872529486, 'user_direction': -0.9032029298651576}, 'user_v': 0, 'user_w': 0.1, 'delta_t': 0.02, 'need_reset': False}
Tangent angle: 2.526905484925541, User angle: 4.689439378384131, Offset angle: 0.7103344369700886
Target angle: 3.2372399218956294, distance: 232.52830346355265, angle diff: 1.452199456488502, rotation direction: -1
Basic rotation angle: 0.0, rotation gain: 0.0004898684892749895
Rotation gain: 1.24, direction: -1, curvature radius: 2500000
{'type': 'running', 'physical': {'user_x': 850.5657828195672, 'user_y': 423.1209441690297, 'user_direction': 4.770084539674454}, 'virtual': {'user_x': 2504.5777430225644, 'user_y': 8159.237872529486, 'user_direction': -1.0032029298651577}, 'user_v': 0, 'user_w': 0.1, 'delta_t': 0.02, 'need_reset': False}
Tangent angle: 2.526905484925541, User angle: 4.770084539674454, Offset angle: 0.7103344369700886
Target angle: 3.2372399218956294, distance: 232.52830346355265, angle diff: 1.5328446177788249, rotation direction: -1
Basic rotation angle: 0.0, rotation gain: 0.00044977250205429606
Rotation gain: 1.24, direction: -1, curvature radius: 2500000
{'type': 'running', 'physical': {'user_x': 850.5657828195672, 'user_y': 423.1209441690297, 'user_direction': 4.850729700964777}, 'virtual': {'user_x': 2504.5777430225644, 'user_y': 8159.237872529486, 'user_direction': -1.1032029298651578}, 'user_v': 0, 'user_w': 0.1, 'delta_t': 0.02, 'need_reset': False}
Tangent angle: 2.526905484925541, User angle: 4.850729700964777, Offset angle: 0.7103344369700886
Target angle: 3.2372399218956294, distance: 232.52830346355265, angle diff: 1.6134897790691478, rotation direction: -1
Basic rotation angle: 0.0, rotation gain: 0.0004146885132361893
Rotation gain: 1.24, direction: -1, curvature radius: 2500000
{'type': 'running', 'physical': {'user_x': 850.5657828195672, 'user_y': 423.1209441690297, 'user_direction': 4.9313748622551}, 'virtual': {'user_x': 2504.5777430225644, 'user_y': 8159.237872529486, 'user_direction': -1.2032029298651579}, 'user_v': 0, 'user_w': 0.1, 'delta_t': 0.02, 'need_reset': False}
Tangent angle: 2.526905484925541, User angle: 4.9313748622551, Offset angle: 0.7103344369700886
Target angle: 3.2372399218956294, distance: 232.52830346355265, angle diff: 1.6941349403594708, rotation direction: -1
Basic rotation angle: 0.0, rotation gain: 0.00038399002302034584
Rotation gain: 1.24, direction: -1, curvature radius: 2500000
{'type': 'running', 'physical': {'user_x': 850.5657828195672, 'user_y': 423.1209441690297, 'user_direction': 5.012020023545423}, 'virtual': {'user_x': 2504.5777430225644, 'user_y': 8159.237872529486, 'user_direction': -1.303202929865158}, 'user_v': 0, 'user_w': 0.1, 'delta_t': 0.02, 'need_reset': False}
Tangent angle: 2.526905484925541, User angle: 5.012020023545423, Offset angle: 0.7103344369700886
Target angle: 3.2372399218956294, distance: 232.52830346355265, angle diff: 1.7747801016497937, rotation direction: -1
Basic rotation angle: 0.0, rotation gain: 0.00035712884408148284
Rotation gain: 1.24, direction: -1, curvature radius: 2500000
{'type': 'running', 'physical': {'user_x': 850.5657828195672, 'user_y': 423.1209441690297, 'user_direction': 5.092665184835746}, 'virtual': {'user_x': 2504.5777430225644, 'user_y': 8159.237872529486, 'user_direction': -1.403202929865158}, 'user_v': 0, 'user_w': 0.1, 'delta_t': 0.02, 'need_reset': False}
Tangent angle: 2.526905484925541, User angle: 5.092665184835746, Offset angle: 0.7103344369700886
Target angle: 3.2372399218956294, distance: 232.52830346355265, angle diff: 1.8554252629401167, rotation direction: -1
Basic rotation angle: 0.0, rotation gain: 0.00033362531250997774
Rotation gain: 1.24, direction: -1, curvature radius: 2500000
{'type': 'running', 'physical': {'user_x': 850.5657828195672, 'user_y': 423.1209441690297, 'user_direction': 5.173310346126069}, 'virtual': {'user_x': 2504.5777430225644, 'user_y': 8159.237872529486, 'user_direction': -1.5032029298651581}, 'user_v': 0, 'user_w': 0.1, 'delta_t': 0.02, 'need_reset': False}
Tangent angle: 2.526905484925541, User angle: 5.173310346126069, Offset angle: 0.7103344369700886
Target angle: 3.2372399218956294, distance: 232.52830346355265, angle diff: 1.9360704242304396, rotation direction: -1
Basic rotation angle: 0.0, rotation gain: 0.00031305972238491076
Rotation gain: 1.24, direction: -1, curvature radius: 2500000
{'type': 'running', 'physical': {'user_x': 850.5657828195672, 'user_y': 423.1209441690297, 'user_direction': 5.253955507416392}, 'virtual': {'user_x': 2504.5777430225644, 'user_y': 8159.237872529486, 'user_direction': -1.6032029298651582}, 'user_v': 0, 'user_w': 0.1, 'delta_t': 0.02, 'need_reset': False}
Tangent angle: 2.526905484925541, User angle: 5.253955507416392, Offset angle: 0.7103344369700886
Target angle: 3.2372399218956294, distance: 232.52830346355265, angle diff: 2.0167155855207626, rotation direction: -1
Basic rotation angle: 0.0, rotation gain: 0.00029506483102547716
Rotation gain: 1.24, direction: -1, curvature radius: 2500000
{'type': 'running', 'physical': {'user_x': 850.5657828195672, 'user_y': 423.1209441690297, 'user_direction': 5.334600668706715}, 'virtual': {'user_x': 2504.5777430225644, 'user_y': 8159.237872529486, 'user_direction': -1.7032029298651583}, 'user_v': 0, 'user_w': 0.1, 'delta_t': 0.02, 'need_reset': False}
Tangent angle: 2.526905484925541, User angle: 5.334600668706715, Offset angle: 0.7103344369700886
Target angle: 3.2372399218956294, distance: 232.52830346355265, angle diff: 2.0973607468110855, rotation direction: -1
Basic rotation angle: 0.0, rotation gain: 0.00027931930108597276
Rotation gain: 1.24, direction: -1, curvature radius: 2500000
{'type': 'running', 'physical': {'user_x': 850.5657828195672, 'user_y': 423.1209441690297, 'user_direction': 5.415245829997038}, 'virtual': {'user_x': 2504.5777430225644, 'user_y': 8159.237872529486, 'user_direction': -1.8032029298651584}, 'user_v': 0, 'user_w': 0.1, 'delta_t': 0.02, 'need_reset': False}
Tangent angle: 2.526905484925541, User angle: 5.415245829997038, Offset angle: 0.7103344369700886
Target angle: 3.2372399218956294, distance: 232.52830346355265, angle diff: 2.1780059081014085, rotation direction: -1
Basic rotation angle: 0.0, rotation gain: 0.0002655419623889064
Rotation gain: 1.24, direction: -1, curvature radius: 2500000
{'type': 'running', 'physical': {'user_x': 850.5657828195672, 'user_y': 423.1209441690297, 'user_direction': 5.495890991287361}, 'virtual': {'user_x': 2504.5777430225644, 'user_y': 8159.237872529486, 'user_direction': -1.9493020037187603}, 'user_v': 7.999999999999999, 'user_w': 0, 'delta_t': 0.02, 'need_reset': False}
Tangent angle: 2.526905484925541, User angle: 5.495890991287361, Offset angle: 0.7103344369700886
Target angle: 3.2372399218956294, distance: 232.52830346355265, angle diff: 2.2586510693917314, rotation direction: -1
Basic rotation angle: 1.693121693121693, rotation gain: 0.0008664764352506996
Rotation gain: 1.24, direction: -1, curvature radius: 7.5
{'type': 'running', 'physical': {'user_x': 850.5657828195672, 'user_y': 423.1209441690297, 'user_direction': 5.576536152577684}, 'virtual': {'user_x': 2501.6214843761513, 'user_y': 8151.804129541226, 'user_direction': -1.9493020037187603}, 'user_v': 7.999999999999999, 'user_w': 0, 'delta_t': 0.02, 'need_reset': False}
Tangent angle: 2.526905484925541, User angle: 5.576536152577684, Offset angle: 0.7103344369700886
Target angle: 3.2372399218956294, distance: 232.52830346355265, angle diff: 2.3392962306820544, rotation direction: -1
Basic rotation angle: 1.693121693121693, rotation gain: 0.0013922940990047684
Rotation gain: 1.24, direction: -1, curvature radius: 7.5
{'type': 'running', 'physical': {'user_x': 855.3062967629033, 'user_y': 418.89720781150953, 'user_direction': 5.555372131413662}, 'virtual': {'user_x': 2498.6652257297383, 'user_y': 8144.370386552966, 'user_direction': -1.9493020037187578}, 'user_v': 7.999999999999999, 'user_w': 0, 'delta_t': 0.02, 'need_reset': False}
Tangent angle: 2.5246157357949968, User angle: 5.555372131413662, Offset angle: 0.6931238252620039
Target angle: 3.2177395610570008, distance: 240.7893820442571, angle diff: 2.3376325703566616, rotation direction: -1
Basic rotation angle: 1.693121693121693, rotation gain: 0.0018541235756625559
Rotation gain: 1.24, direction: -1, curvature radius: 7.5
{'type': 'running', 'physical': {'user_x': 859.9563644978195, 'user_y': 414.5740965099706, 'user_direction': 5.534208110249641}, 'virtual': {'user_x': 2495.708967083325, 'user_y': 8136.936643564706, 'user_direction': -1.9493020037187552}, 'user_v': 7.999999999999999, 'user_w': 0, 'delta_t': 0.02, 'need_reset': False}
Tangent angle: 2.521998651087471, User angle: 5.534208110249641, Offset angle: 0.6768581136590719
Target angle: 3.1988567647465427, distance: 248.91781199427433, angle diff: 2.3353513455030983, rotation direction: -1
Basic rotation angle: 1.693121693121693, rotation gain: 0.002259835407526124
Rotation gain: 1.24, direction: -1, curvature radius: 7.5
{'type': 'running', 'physical': {'user_x': 864.5139032632877, 'user_y': 410.1535465819575, 'user_direction': 5.51304408908562}, 'virtual': {'user_x': 2492.752708436912, 'user_y': 8129.502900576445, 'user_direction': -1.949302003718752}, 'user_v': 7.999999999999999, 'user_w': 0, 'delta_t': 0.02, 'need_reset': False}
Tangent angle: 2.5190739661090698, User angle: 5.51304408908562, Offset angle: 0.6614582756806076
Target angle: 3.1805322417896775, distance: 256.9227138557214, angle diff: 2.332511847295942, rotation direction: -1
Basic rotation angle: 1.693121693121693, rotation gain: 0.002616327911023655
Rotation gain: 1.24, direction: -1, curvature radius: 7.5
{'type': 'running', 'physical': {'user_x': 868.9768717419196, 'user_y': 405.63753798768533, 'user_direction': 5.491880067921598}, 'virtual': {'user_x': 2489.796449790499, 'user_y': 8122.069157588185, 'user_direction': -1.949302003718752}, 'user_v': 7.999999999999999, 'user_w': 0, 'delta_t': 0.02, 'need_reset': False}
Tangent angle: 2.515859932799415, User angle: 5.491880067921598, Offset angle: 0.6468546666049431
Target angle: 3.162714599404358, distance: 264.8118656170027, angle diff: 2.3291654685172403, rotation direction: -1
Basic rotation angle: 1.693121693121693, rotation gain: 0.0029296470630781266
Rotation gain: 1.24, direction: -1, curvature radius: 7.5
{'type': 'running', 'physical': {'user_x': 873.3432709742706, 'user_y': 401.0280934432172, 'user_direction': 5.470716046757577}, 'virtual': {'user_x': 2486.840191144086, 'user_y': 8114.635414599924, 'user_direction': -1.9493020037187518}, 'user_v': 7.999999999999999, 'user_w': 0, 'delta_t': 0.02, 'need_reset': False}
Tangent angle: 2.5123734504521393, User angle: 5.470716046757577, Offset angle: 0.632985555684256
Target angle: 3.1453590061363954, distance: 272.5919356579622, angle diff: 2.3253570406211814, rotation direction: -1
Basic rotation angle: 1.693121693121693, rotation gain: 0.0032050916919156586
Rotation gain: 1.24, direction: -1, curvature radius: 7.5
{'type': 'running', 'physical': {'user_x': 877.611145254172, 'user_y': 396.3272775144918, 'user_direction': 5.4495520255935554}, 'virtual': {'user_x': 2483.883932497673, 'user_y': 8107.201671611663, 'user_direction': -1.9493020037187516}, 'user_v': 7.999999999999999, 'user_w': 0, 'delta_t': 0.02, 'need_reset': False}
Tangent angle: 2.508630183623847, User angle: 5.4495520255935554, Offset angle: 0.6197959443269255
Target angle: 3.1284261279507724, distance: 280.2686672712307, angle diff: 2.321125897642783, rotation direction: -1
Basic rotation angle: 1.693121693121693, rotation gain: 0.00344730574828753
Rotation gain: 1.24, direction: -1, curvature radius: 7.5
{'type': 'running', 'physical': {'user_x': 881.7785830046901, 'user_y': 391.53719569260613, 'user_direction': 5.428388004429534}, 'virtual': {'user_x': 2480.92767385126, 'user_y': 8099.767928623402, 'user_direction': -1.9493020037187516}, 'user_v': 7.999999999999999, 'user_w': 0, 'delta_t': 0.02, 'need_reset': False}
Tangent angle: 2.504644668563139, User angle: 5.428388004429534, Offset angle: 0.6072366040713004
Target angle: 3.1118812726344394, distance: 287.8470264217329, angle diff: 2.3165067317950947, rotation direction: -1
Basic rotation angle: 1.693121693121693, rotation gain: 0.003660359225827368
Rotation gain: 1.24, direction: -1, curvature radius: 7.5
{'type': 'running', 'physical': {'user_x': 885.8437176343193, 'user_y': 386.65999345076796, 'user_direction': 5.407223983265513}, 'virtual': {'user_x': 2477.971415204847, 'user_y': 8092.334185635142, 'user_direction': -1.9493020037187516}, 'user_v': 7.999999999999999, 'user_w': 0, 'delta_t': 0.02, 'need_reset': False}
Tangent angle: 2.5004304093537804, User angle: 5.407223983265513, Offset angle: 0.5952632857139435
Target angle: 3.095693695067724, distance: 295.33132124011985, angle diff: 2.3115302881977886, rotation direction: -1
Basic rotation angle: 1.693121693121693, rotation gain: 0.0038478191139127596
Rotation gain: 1.24, direction: -1, curvature radius: 7.5
{'type': 'running', 'physical': {'user_x': 889.8047283730275, 'user_y': 381.69785528334046, 'user_direction': 5.386059962101491}, 'virtual': {'user_x': 2475.015156558434, 'user_y': 8084.900442646881, 'user_direction': -1.9493020037187512}, 'user_v': 7.999999999999999, 'user_w': 0, 'delta_t': 0.02, 'need_reset': False}
Tangent angle: 2.4959999648407103, User angle: 5.386059962101491, Offset angle: 0.5838360633108566
Target angle: 3.0798360281515667, distance: 302.72529952955307, angle diff: 2.3062239339499246, rotation direction: -1
Basic rotation angle: 1.693121693121693, rotation gain: 0.0040128116014118
Rotation gain: 1.24, direction: -1, curvature radius: 7.5
{'type': 'running', 'physical': {'user_x': 893.6598410877764, 'user_y': 376.65300372740904, 'user_direction': 5.36489594093747}, 'virtual': {'user_x': 2472.0588979120207, 'user_y': 8077.46669965862, 'user_direction': -1.949302003718751}, 'user_v': 7.999999999999999, 'user_w': 0, 'delta_t': 0.02, 'need_reset': False}
Tangent angle: 2.4913650272941252, User angle: 5.36489594093747, Offset angle: 0.5729187856176957
Target angle: 3.064283812911821, distance: 310.03222898867597, angle diff: 2.300612128025649, rotation direction: -1
Basic rotation angle: 1.693121693121693, rotation gain: 0.0041580766033339775
Rotation gain: 1.24, direction: -1, curvature radius: 7.5
{'type': 'running', 'physical': {'user_x': 897.4073290771546, 'user_y': 371.5276983673092, 'user_direction': 5.3437319197734485}, 'virtual': {'user_x': 2469.1026392656076, 'user_y': 8070.032956670359, 'user_direction': -1.9493020037187505}, 'user_v': 7.999999999999999, 'user_w': 0, 'delta_t': 0.02, 'need_reset': False}
Tangent angle: 2.4865364936645986, User angle: 5.3437319197734485, Offset angle: 0.5624786139660835
Target angle: 3.049015107630682, distance: 317.2549637155362, angle diff: 2.2947168121427666, rotation direction: -1
Basic rotation angle: 1.693121693121693, rotation gain: 0.004286015552898015
Rotation gain: 1.24, direction: -1, curvature radius: 7.5
{'type': 'running', 'physical': {'user_x': 901.0455138447655, 'user_y': 366.32423482256075, 'user_direction': 5.322567898609427}, 'virtual': {'user_x': 2466.1463806191946, 'user_y': 8062.599213682099, 'user_direction': -1.9493020037187498}, 'user_v': 7.999999999999999, 'user_w': 0, 'delta_t': 0.02, 'need_reset': False}
Tangent angle: 2.4815245301904496, User angle: 5.322567898609427, Offset angle: 0.552485630312457
Target angle: 3.0340101605029064, distance: 324.3959997245969, angle diff: 2.2885577381065207, rotation direction: -1
Basic rotation angle: 1.693121693121693, rotation gain: 0.004398733287156967
Rotation gain: 1.24, direction: -1, curvature radius: 7.5
{'type': 'running', 'physical': {'user_x': 904.5727658510242, 'user_y': 361.04494371966194, 'user_direction': 5.301403877445406}, 'virtual': {'user_x': 2463.1901219727815, 'user_y': 8055.165470693838, 'user_direction': -1.9493020037187487}, 'user_v': 7.999999999999999, 'user_w': 0, 'delta_t': 0.02, 'need_reset': False}
Tangent angle: 2.4763386310364988, User angle: 5.301403877445406, Offset angle: 0.5429125027329589
Target angle: 3.0192511337694574, distance: 331.4575215922583, angle diff: 2.2821527436759483, rotation direction: -1
Basic rotation angle: 1.693121693121693, rotation gain: 0.004498074753464755
Rotation gain: 1.24, direction: -1, curvature radius: 7.5
{'type': 'running', 'physical': {'user_x': 907.9875052430267, 'user_y': 355.6921896482041, 'user_direction': 5.280239856281384}, 'virtual': {'user_x': 2460.233863326369, 'user_y': 8047.731727705577, 'user_direction': -1.9493020037187463}, 'user_v': 7.999999999999999, 'user_w': 0, 'delta_t': 0.02, 'need_reset': False}
Tangent angle: 2.4709876715700405, User angle: 5.280239856281384, Offset angle: 0.5337341983087248
Target angle: 3.0047218698787654, distance: 338.44144188428294, angle diff: 2.275517986402619, rotation direction: -1
Basic rotation angle: 1.693121693121693, rotation gain: 0.004585657175234981
Rotation gain: 1.24, direction: -1, curvature radius: 7.5
{'type': 'running', 'physical': {'user_x': 911.2882025621647, 'user_y': 350.26837010177394, 'user_direction': 5.259075835117363}, 'virtual': {'user_x': 2458.1941068190313, 'user_y': 8042.602600843631, 'user_direction': -1.9493020037187463}, 'user_v': 0, 'user_w': 0.1, 'delta_t': 0.02, 'need_reset': False}
Tangent angle: 2.4654799568145593, User angle: 5.259075835117363, Offset angle: 0.5249277353846523
Target angle: 2.9904076921992115, distance: 345.3494346687248, angle diff: 2.2686681429181514, rotation direction: -1
Basic rotation angle: 0.0, rotation gain: 0.0040341316352953075
Rotation gain: 1.24, direction: -1, curvature radius: 2500000
{'type': 'running', 'physical': {'user_x': 914.4733794291685, 'user_y': 344.7759144041187, 'user_direction': 5.237911813953342}, 'virtual': {'user_x': 2458.1941068190313, 'user_y': 8042.602600843631, 'user_direction': -1.8493020037187462}, 'user_v': 0, 'user_w': 0.1, 'delta_t': 0.02, 'need_reset': False}
Tangent angle: 2.4598232655635823, User angle: 5.237911813953342, Offset angle: 0.5164719687566874
Target angle: 2.9762952343202698, distance: 352.18296415053294, angle diff: 2.261616579633072, rotation direction: -1
Basic rotation angle: 0.0, rotation gain: 0.0035515653417034177
Rotation gain: 1.24, direction: -1, curvature radius: 2500000
{'type': 'running', 'physical': {'user_x': 914.4733794291685, 'user_y': 344.7759144041187, 'user_direction': 5.3185569752436646}, 'virtual': {'user_x': 2458.1941068190313, 'user_y': 8042.602600843631, 'user_direction': -1.7493020037187461}, 'user_v': 0, 'user_w': 0.1, 'delta_t': 0.02, 'need_reset': False}
Tangent angle: 2.4598232655635823, User angle: 5.3185569752436646, Offset angle: 0.5164719687566874
Target angle: 2.9762952343202698, distance: 352.18296415053294, angle diff: 2.342261740923395, rotation direction: -1
Basic rotation angle: 0.0, rotation gain: 0.003129319834810514
Rotation gain: 1.24, direction: -1, curvature radius: 2500000
{'type': 'running', 'physical': {'user_x': 914.4733794291685, 'user_y': 344.7759144041187, 'user_direction': 5.3992021365339875}, 'virtual': {'user_x': 2458.1941068190313, 'user_y': 8042.602600843631, 'user_direction': -1.649302003718746}, 'user_v': 0, 'user_w': 0.1, 'delta_t': 0.02, 'need_reset': False}
Tangent angle: 2.4598232655635823, User angle: 5.3992021365339875, Offset angle: 0.5164719687566874
Target angle: 2.9762952343202698, distance: 352.18296415053294, angle diff: 2.4229069022137177, rotation direction: -1
Basic rotation angle: 0.0, rotation gain: 0.002759855016279223
Rotation gain: 1.24, direction: -1, curvature radius: 2500000
{'type': 'running', 'physical': {'user_x': 914.4733794291685, 'user_y': 344.7759144041187, 'user_direction': 5.4798472978243105}, 'virtual': {'user_x': 2458.1941068190313, 'user_y': 8042.602600843631, 'user_direction': -1.549302003718746}, 'user_v': 0, 'user_w': 0.1, 'delta_t': 0.02, 'need_reset': False}
Tangent angle: 2.4598232655635823, User angle: 5.4798472978243105, Offset angle: 0.5164719687566874
Target angle: 2.9762952343202698, distance: 352.18296415053294, angle diff: 2.5035520635040407, rotation direction: -1
Basic rotation angle: 0.0, rotation gain: 0.0024365733000643436
Rotation gain: 1.24, direction: -1, curvature radius: 2500000
{'type': 'running', 'physical': {'user_x': 914.4733794291685, 'user_y': 344.7759144041187, 'user_direction': 5.560492459114633}, 'virtual': {'user_x': 2458.1941068190313, 'user_y': 8042.602600843631, 'user_direction': -1.4493020037187458}, 'user_v': 0, 'user_w': 0.1, 'delta_t': 0.02, 'need_reset': False}
Tangent angle: 2.4598232655635823, User angle: 5.560492459114633, Offset angle: 0.5164719687566874
Target angle: 2.9762952343202698, distance: 352.18296415053294, angle diff: 2.5841972247943636, rotation direction: -1
Basic rotation angle: 0.0, rotation gain: 0.0021537017983763243
Rotation gain: 1.24, direction: -1, curvature radius: 2500000
{'type': 'running', 'physical': {'user_x': 914.4733794291685, 'user_y': 344.7759144041187, 'user_direction': 5.641137620404956}, 'virtual': {'user_x': 2458.1941068190313, 'user_y': 8042.602600843631, 'user_direction': -1.3493020037187458}, 'user_v': 0, 'user_w': 0.1, 'delta_t': 0.02, 'need_reset': False}
Tangent angle: 2.4598232655635823, User angle: 5.641137620404956, Offset angle: 0.5164719687566874
Target angle: 1.9433512968068953, distance: 352.18296415053294, angle diff: 2.585398983581525, rotation direction: 1
Basic rotation angle: 0.0, rotation gain: 0.0019038638098662268
Rotation gain: 1.24, direction: 1, curvature radius: 2500000
{'type': 'running', 'physical': {'user_x': 914.4733794291685, 'user_y': 344.7759144041187, 'user_direction': 5.721782781695279}, 'virtual': {'user_x': 2458.1941068190313, 'user_y': 8042.602600843631, 'user_direction': -1.2493020037187457}, 'user_v': 0, 'user_w': 0.1, 'delta_t': 0.02, 'need_reset': False}
Tangent angle: 2.4598232655635823, User angle: 5.721782781695279, Offset angle: 0.5164719687566874
Target angle: 1.9433512968068953, distance: 352.18296415053294, angle diff: 2.5047538222912022, rotation direction: 1
Basic rotation angle: 0.0, rotation gain: 0.0016852555699198915
Rotation gain: 1.24, direction: 1, curvature radius: 2500000
{'type': 'running', 'physical': {'user_x': 914.4733794291685, 'user_y': 344.7759144041187, 'user_direction': 5.802427942985602}, 'virtual': {'user_x': 2458.1941068190313, 'user_y': 8042.602600843631, 'user_direction': -1.1431101978991913}, 'user_v': 7.999999999999999, 'user_w': 0, 'delta_t': 0.02, 'need_reset': False}
Tangent angle: 2.4598232655635823, User angle: 5.802427942985602, Offset angle: 0.5164719687566874
Target angle: 1.9433512968068953, distance: 352.18296415053294, angle diff: 2.4241086610008793, rotation direction: 1
Basic rotation angle: 1.693121693121693, rotation gain: 0.0020558407122881956
Rotation gain: 1.24, direction: 1, curvature radius: 7.5
{'type': 'running', 'physical': {'user_x': 914.4733794291685, 'user_y': 344.7759144041187, 'user_direction': 5.883073104275925}, 'virtual': {'user_x': 2461.512238489115, 'user_y': 8035.323177637086, 'user_direction': -1.1431101978991913}, 'user_v': 7.999999999999999, 'user_w': 0, 'delta_t': 0.02, 'need_reset': False}
Tangent angle: 2.4598232655635823, User angle: 5.883073104275925, Offset angle: 0.5164719687566874
Target angle: 1.9433512968068953, distance: 352.18296415053294, angle diff: 2.3434634997105563, rotation direction: 1
Basic rotation angle: 1.693121693121693, rotation gain: 0.002380102711860462
Rotation gain: 1.24, direction: 1, curvature radius: 7.5
{'type': 'running', 'physical': {'user_x': 920.3721366528295, 'user_y': 342.42706692479817, 'user_direction': 5.904237125439947}, 'virtual': {'user_x': 2464.830370159199, 'user_y': 8028.0437544305405, 'user_direction': -1.1431101978991898}, 'user_v': 7.999999999999999, 'user_w': 0, 'delta_t': 0.02, 'need_reset': False}
Tangent angle: 2.464429318857613, User angle: 5.904237125439947, Offset angle: 0.508113550351725
Target angle: 1.9563157685058883, distance: 359.140810541578, angle diff: 2.335263950245528, rotation direction: 1
Basic rotation angle: 1.693121693121693, rotation gain: 0.0026660106236017075
Rotation gain: 1.24, direction: 1, curvature radius: 7.5
{'type': 'running', 'physical': {'user_x': 926.3192801993293, 'user_y': 340.2035775719729, 'user_direction': 5.925401146603968}, 'virtual': {'user_x': 2468.148501829283, 'user_y': 8020.764331223995, 'user_direction': -1.1431101978991882}, 'user_v': 7.999999999999999, 'user_w': 0, 'delta_t': 0.02, 'need_reset': False}
Tangent angle: 2.469208697741884, User angle: 5.925401146603968, Offset angle: 0.5000768620671047
Target angle: 1.96913183567478, distance: 366.03067321771044, angle diff: 2.3269159962503982, rotation direction: 1
Basic rotation angle: 1.693121693121693, rotation gain: 0.002918303273815908
Rotation gain: 1.24, direction: 1, curvature radius: 7.5
{'type': 'running', 'physical': {'user_x': 932.3121463485865, 'user_y': 338.1064422444629, 'user_direction': 5.946565167767989}, 'virtual': {'user_x': 2471.4666334993667, 'user_y': 8013.48490801745, 'user_direction': -1.1431101978991862}, 'user_v': 7.999999999999999, 'user_w': 0, 'delta_t': 0.02, 'need_reset': False}
Tangent angle: 2.474153099219108, User angle: 5.946565167767989, Offset angle: 0.49234490941633796
Target angle: 1.98180818980277, distance: 372.85331995927993, angle diff: 2.318428329214367, rotation direction: 1
Basic rotation angle: 1.693121693121693, rotation gain: 0.0031411294895150573
Rotation gain: 1.24, direction: 1, curvature radius: 7.5
{'type': 'running', 'physical': {'user_x': 938.3480509014078, 'user_y': 336.1366002472375, 'user_direction': 5.967729188932011}, 'virtual': {'user_x': 2474.7847651694506, 'user_y': 8006.205484810905, 'user_direction': -1.143110197899184}, 'user_v': 7.999999999999999, 'user_w': 0, 'delta_t': 0.02, 'need_reset': False}
Tangent angle: 2.479254715786922, User angle: 5.967729188932011, Offset angle: 0.48490191352418804
Target angle: 1.9943528022627337, distance: 379.6094009345234, angle diff: 2.309808920510309, rotation direction: 1
Basic rotation angle: 1.693121693121693, rotation gain: 0.003338121648943632
Rotation gain: 1.24, direction: 1, curvature radius: 7.5
{'type': 'running', 'physical': {'user_x': 944.4242903817392, 'user_y': 334.29493387070113, 'user_direction': 5.988893210096032}, 'virtual': {'user_x': 2478.1028968395344, 'user_y': 7998.926061604359, 'user_direction': -1.1431101978991813}, 'user_v': 7.999999999999999, 'user_w': 0, 'delta_t': 0.02, 'need_reset': False}
Tangent angle: 2.4845062000914324, User angle: 5.988893210096032, Offset angle: 0.47773320179946305
Target angle: 2.0067729982919698, distance: 386.2994615214208, angle diff: 2.301065095375524, rotation direction: 1
Basic rotation angle: 1.693121693121693, rotation gain: 0.003512460059419571
Rotation gain: 1.24, direction: 1, curvature radius: 7.5
{'type': 'running', 'physical': {'user_x': 950.5381432475498, 'user_y': 332.58226799551676, 'user_direction': 6.0100572312600535}, 'virtual': {'user_x': 2481.4210285096183, 'user_y': 7991.646638397814, 'user_direction': -1.1431101978991782}, 'user_v': 7.999999999999999, 'user_w': 0, 'delta_t': 0.02, 'need_reset': False}
Tangent angle: 2.4899006324347357, User angle: 6.0100572312600535, Offset angle: 0.4708251106238749
Target angle: 2.0190755218108603, distance: 392.9239535353646, angle diff: 2.292203597730393, rotation direction: 1
Basic rotation angle: 1.693121693121693, rotation gain: 0.0036669293064122543
Rotation gain: 1.24, direction: 1, curvature radius: 7.5
{'type': 'running', 'physical': {'user_x': 956.6868711098084, 'user_y': 330.99936972314225, 'user_direction': 6.031221252424075}, 'virtual': {'user_x': 2484.739160179702, 'user_y': 7984.367215191269, 'user_direction': -1.1431101978991745}, 'user_v': 7.999999999999999, 'user_w': 0, 'delta_t': 0.02, 'need_reset': False}
Tangent angle: 2.4954314908848985, User angle: 6.031221252424075, Offset angle: 0.4641648984836943
Target angle: 2.031266592401204, distance: 399.48324509477465, angle diff: 2.2832306471567154, rotation direction: 1
Basic rotation angle: 1.693121693121693, rotation gain: 0.0038039675751782758
Rotation gain: 1.24, direction: 1, curvature radius: 7.5
{'type': 'running', 'physical': {'user_x': 962.8677199590053, 'user_y': 329.5469480322466, 'user_direction': 6.052385273588096}, 'virtual': {'user_x': 2488.0572918497865, 'user_y': 7977.0877919847235, 'user_direction': -1.1431101978991698}, 'user_v': 7.999999999999999, 'user_w': 0, 'delta_t': 0.02, 'need_reset': False}
Tangent angle: 2.5010926237601163, User angle: 6.052385273588096, Offset angle: 0.45774066821125625
Target angle: 2.043351955548861, distance: 405.9776293183153, angle diff: 2.2741519891403508, rotation direction: 1
Basic rotation angle: 1.693121693121693, rotation gain: 0.003925709821436185
Rotation gain: 1.24, direction: 1, curvature radius: 7.5
{'type': 'running', 'physical': {'user_x': 969.0779213986701, 'user_y': 328.2256534611587, 'user_direction': 6.073549294752118}, 'virtual': {'user_x': 2491.3754235198708, 'user_y': 7969.808368778178, 'user_direction': -1.1431101978991705}, 'user_v': 7.999999999999999, 'user_w': 0, 'delta_t': 0.02, 'need_reset': False}
Tangent angle: 2.506878224279859, User angle: 6.073549294752118, Offset angle: 0.4515412972017106
Target angle: 2.055336927078148, distance: 412.4073320160265, angle diff: 2.2649729395056166, rotation direction: 1
Basic rotation angle: 1.693121693121693, rotation gain: 0.004034025558273842
Rotation gain: 1.24, direction: 1, curvature radius: 7.5
{'type': 'running', 'physical': {'user_x': 975.3146938853349, 'user_y': 327.0360778164922, 'user_direction': 6.094713315916139}, 'virtual': {'user_x': 2494.6935551899546, 'user_y': 7962.528945571633, 'user_direction': -1.1431101978991716}, 'user_v': 7.999999999999999, 'user_w': 0, 'delta_t': 0.02, 'need_reset': False}
Tangent angle: 2.5127828071949736, User angle: 6.094713315916139, Offset angle: 0.4455563746350021
Target angle: 2.0672264325599716, distance: 418.7725185110011, angle diff: 2.255698423823419, rotation direction: 1
Basic rotation angle: 1.693121693121693, rotation gain: 0.0041305519308121675
Rotation gain: 1.24, direction: 1, curvature radius: 7.5
{'type': 'running', 'physical': {'user_x': 981.5752439743841, 'user_y': 325.9787539080757, 'user_direction': 6.1158773370801605}, 'virtual': {'user_x': 2498.011686860039, 'user_y': 7955.249522365088, 'user_direction': -1.1431101978991642}, 'user_v': 7.999999999999999, 'user_w': 0, 'delta_t': 0.02, 'need_reset': False}
Tangent angle: 2.5188011872260714, User angle: 6.1158773370801605, Offset angle: 0.43977614487036043
Target angle: 2.0790250423557115, distance: 425.0732997070996, angle diff: 2.2463330124551373, rotation direction: 1
Basic rotation angle: 1.693121693121693, rotation gain: 0.00421672266640229
Rotation gain: 1.24, direction: 1, curvature radius: 7.5
{'type': 'running', 'physical': {'user_x': 987.856767571236, 'user_y': 325.05415531030764, 'user_direction': 6.137041358244182}, 'virtual': {'user_x': 2501.3298185301232, 'user_y': 7947.970099158542, 'user_direction': -1.1431101978991642}, 'user_v': 7.999999999999999, 'user_w': 0, 'delta_t': 0.02, 'need_reset': False}
Tangent angle: 2.5249284591552454, User angle: 6.137041358244182, Offset angle: 0.43419145629565414
Target angle: 2.0907370028595906, distance: 431.3097375007156, angle diff: 2.236880951794995, rotation direction: 1
Basic rotation angle: 1.693121693121693, rotation gain: 0.004293793414825266
Rotation gain: 1.24, direction: 1, curvature radius: 7.5
{'type': 'running', 'physical': {'user_x': 994.1564511872945, 'user_y': 324.26269615004287, 'user_direction': 6.158205379408203}, 'virtual': {'user_x': 2504.6479502002076, 'user_y': 7940.690675951997, 'user_direction': -1.1431101978991645}, 'user_v': 7.999999999999999, 'user_w': 0, 'delta_t': 0.02, 'need_reset': False}
Tangent angle: 2.5311599794304147, User angle: 6.158205379408203, Offset angle: 0.4287937150108748
Target angle: 2.1023662644195404, distance: 437.4818496200793, angle diff: 2.2273461921909234, rotation direction: 1
Basic rotation angle: 1.693121693121693, rotation gain: 0.004362863928794703
Rotation gain: 1.24, direction: 1, curvature radius: 7.5
{'type': 'running', 'physical': {'user_x': 1000.4714732001074, 'user_y': 323.6047309211056, 'user_direction': 6.179369400572225}, 'virtual': {'user_x': 2507.966081870292, 'user_y': 7933.411252745452, 'user_direction': -1.143110197899165}, 'user_v': 7.999999999999999, 'user_w': 0, 'delta_t': 0.02, 'need_reset': False}
Tangent angle: 2.5374913491544566, User angle: 6.179369400572225, Offset angle: 0.42357484280697594
Target angle: 2.113916506347481, distance: 443.5896139634682, angle diff: 2.2177324129548426, rotation direction: 1
Basic rotation angle: 1.693121693121693, rotation gain: 0.004424897478894522
Rotation gain: 1.24, direction: 1, curvature radius: 7.5
{'type': 'running', 'physical': {'user_x': 1006.7990051171691, 'user_y': 323.080554325512, 'user_direction': 6.200533421736246}, 'virtual': {'user_x': 2511.284213540376, 'user_y': 7926.1318295389065, 'user_direction': -1.1431101978991656}, 'user_v': 7.999999999999999, 'user_w': 0, 'delta_t': 0.02, 'need_reset': False}
Tangent angle: 2.543918398342949, User angle: 6.200533421736246, Offset angle: 0.4185272389708967
Target angle: 2.125391159372052, distance: 449.6329724975519, angle diff: 2.2080430448153923, rotation direction: 1
Basic rotation angle: 1.693121693121693, rotation gain: 0.004480737847919927
Rotation gain: 1.24, direction: 1, curvature radius: 7.5
{'type': 'running', 'physical': {'user_x': 1013.1362128427993, 'user_y': 322.69040114147333, 'user_direction': 6.221697442900267}, 'virtual': {'user_x': 2514.020058083972, 'user_y': 7920.129846423015, 'user_direction': -1.1431101978991656}, 'user_v': 0, 'user_w': 0.1, 'delta_t': 0.02, 'need_reset': False}
Tangent angle: 2.550437171344897, User angle: 6.221697442900267, Offset angle: 0.413643745506949
Target angle: 2.136793425837947, distance: 455.6118347685536, angle diff: 2.198281290117266, rotation direction: 1
Basic rotation angle: 0.0, rotation gain: 0.003940994903250828
Rotation gain: 1.24, direction: 1, curvature radius: 2500000
{'type': 'running', 'physical': {'user_x': 1019.480257947532, 'user_y': 322.43444611823907, 'user_direction': 6.242861464064289}, 'virtual': {'user_x': 2514.020058083972, 'user_y': 7920.129846423015, 'user_direction': -1.2431101978991657}, 'user_v': 0, 'user_w': 0.1, 'delta_t': 0.02, 'need_reset': False}
Tangent angle: 2.557043913330337, User angle: 6.242861464064289, Offset angle: 0.40891761541553073
Target angle: 2.148126297914807, distance: 461.5260810717166, angle diff: 2.1884501410301045, rotation direction: 1
Basic rotation angle: 0.0, rotation gain: 0.0034687695554755
Rotation gain: 1.24, direction: 1, curvature radius: 2500000
{'type': 'running', 'physical': {'user_x': 1019.480257947532, 'user_y': 322.43444611823907, 'user_direction': 0.04032131817502549}, 'virtual': {'user_x': 2514.020058083972, 'user_y': 7920.129846423015, 'user_direction': -1.3431101978991657}, 'user_v': 0, 'user_w': 0.1, 'delta_t': 0.02, 'need_reset': False}
Tangent angle: 2.557043913330337, User angle: 0.04032131817502549, Offset angle: 0.40891761541553073
Target angle: 2.148126297914807, distance: 461.5260810717166, angle diff: 2.1078049797397815, rotation direction: 1
Basic rotation angle: 0.0, rotation gain: 0.0030555723761720877
Rotation gain: 1.24, direction: 1, curvature radius: 2500000
{'type': 'running', 'physical': {'user_x': 1019.480257947532, 'user_y': 322.43444611823907, 'user_direction': 0.12096647946534808}, 'virtual': {'user_x': 2514.020058083972, 'user_y': 7920.129846423015, 'user_direction': -1.4431101978991658}, 'user_v': 0, 'user_w': 0.1, 'delta_t': 0.02, 'need_reset': False}
Tangent angle: 2.557043913330337, User angle: 0.12096647946534808, Offset angle: 0.40891761541553073
Target angle: 2.148126297914807, distance: 461.5260810717166, angle diff: 2.027159818449459, rotation direction: 1
Basic rotation angle: 0.0, rotation gain: 0.0026940248442816023
Rotation gain: 1.24, direction: 1, curvature radius: 2500000
{'type': 'running', 'physical': {'user_x': 1019.480257947532, 'user_y': 322.43444611823907, 'user_direction': 0.20161164075567067}, 'virtual': {'user_x': 2514.020058083972, 'user_y': 7920.129846423015, 'user_direction': -1.543110197899166}, 'user_v': 0, 'user_w': 0.1, 'delta_t': 0.02, 'need_reset': False}
Tangent angle: 2.557043913330337, User angle: 0.20161164075567067, Offset angle: 0.40891761541553073
Target angle: 2.148126297914807, distance: 461.5260810717166, angle diff: 1.9465146571591363, rotation direction: 1
Basic rotation angle: 0.0, rotation gain: 0.002377670753877427
Rotation gain: 1.24, direction: 1, curvature radius: 2500000
{'type': 'running', 'physical': {'user_x': 1019.480257947532, 'user_y': 322.43444611823907, 'user_direction': 0.28225680204599324}, 'virtual': {'user_x': 2514.020058083972, 'user_y': 7920.129846423015, 'user_direction': -1.643110197899166}, 'user_v': 0, 'user_w': 0.1, 'delta_t': 0.02, 'need_reset': False}
Tangent angle: 2.557043913330337, User angle: 0.28225680204599324, Offset angle: 0.40891761541553073
Target angle: 2.148126297914807, distance: 461.5260810717166, angle diff: 1.8658694958688138, rotation direction: 1
Basic rotation angle: 0.0, rotation gain: 0.002100860924773774
Rotation gain: 1.24, direction: 1, curvature radius: 2500000
{'type': 'running', 'physical': {'user_x': 1019.480257947532, 'user_y': 322.43444611823907, 'user_direction': 0.36290196333631586}, 'virtual': {'user_x': 2514.020058083972, 'user_y': 7920.129846423015, 'user_direction': -1.743110197899166}, 'user_v': 0, 'user_w': 0.1, 'delta_t': 0.02, 'need_reset': False}
Tangent angle: 2.557043913330337, User angle: 0.36290196333631586, Offset angle: 0.40891761541553073
Target angle: 2.148126297914807, distance: 461.5260810717166, angle diff: 1.785224334578491, rotation direction: 1
Basic rotation angle: 0.0, rotation gain: 0.0018586523243080773
Rotation gain: 1.24, direction: 1, curvature radius: 2500000
{'type': 'running', 'physical': {'user_x': 1019.480257947532, 'user_y': 322.43444611823907, 'user_direction': 0.4435471246266385}, 'virtual': {'user_x': 2514.020058083972, 'user_y': 7920.129846423015, 'user_direction': -1.8431101978991662}, 'user_v': 0, 'user_w': 0.1, 'delta_t': 0.02, 'need_reset': False}
Tangent angle: 2.557043913330337, User angle: 0.4435471246266385, Offset angle: 0.40891761541553073
Target angle: 2.148126297914807, distance: 461.5260810717166, angle diff: 1.7045791732881685, rotation direction: 1
Basic rotation angle: 0.0, rotation gain: 0.0016467197989005926
Rotation gain: 1.24, direction: 1, curvature radius: 2500000
{'type': 'running', 'physical': {'user_x': 1019.480257947532, 'user_y': 322.43444611823907, 'user_direction': 0.5241922859169611}, 'virtual': {'user_x': 2514.020058083972, 'user_y': 7920.129846423015, 'user_direction': -1.9431101978991663}, 'user_v': 0, 'user_w': 0.1, 'delta_t': 0.02, 'need_reset': False}
Tangent angle: 2.557043913330337, User angle: 0.5241922859169611, Offset angle: 0.40891761541553073
Target angle: 2.148126297914807, distance: 461.5260810717166, angle diff: 1.623934011997846, rotation direction: 1
Basic rotation angle: 0.0, rotation gain: 0.0014612788391690436
Rotation gain: 1.24, direction: 1, curvature radius: 2500000
{'type': 'running', 'physical': {'user_x': 1019.480257947532, 'user_y': 322.43444611823907, 'user_direction': 0.6048374472072837}, 'virtual': {'user_x': 2514.020058083972, 'user_y': 7920.129846423015, 'user_direction': -2.0431101978991664}, 'user_v': 0, 'user_w': 0.1, 'delta_t': 0.02, 'need_reset': False}
Tangent angle: 2.557043913330337, User angle: 0.6048374472072837, Offset angle: 0.40891761541553073
Target angle: 2.148126297914807, distance: 461.5260810717166, angle diff: 1.5432888507075233, rotation direction: 1
Basic rotation angle: 0.0, rotation gain: 0.0012990179994039383
Rotation gain: 1.24, direction: 1, curvature radius: 2500000
{'type': 'running', 'physical': {'user_x': 1019.480257947532, 'user_y': 322.43444611823907, 'user_direction': 0.6854826084976063}, 'virtual': {'user_x': 2514.020058083972, 'user_y': 7920.129846423015, 'user_direction': -2.1431101978991665}, 'user_v': 0, 'user_w': 0.1, 'delta_t': 0.02, 'need_reset': False}
Tangent angle: 2.557043913330337, User angle: 0.6854826084976063, Offset angle: 0.40891761541553073
Target angle: 2.148126297914807, distance: 461.5260810717166, angle diff: 1.4626436894172006, rotation direction: 1
Basic rotation angle: 0.0, rotation gain: 0.0011570397646094711
Rotation gain: 1.24, direction: 1, curvature radius: 2500000
{'type': 'running', 'physical': {'user_x': 1019.480257947532, 'user_y': 322.43444611823907, 'user_direction': 0.766127769787929}, 'virtual': {'user_x': 2514.020058083972, 'user_y': 7920.129846423015, 'user_direction': -2.2431101978991665}, 'user_v': 0, 'user_w': 0.1, 'delta_t': 0.02, 'need_reset': False}
Tangent angle: 2.557043913330337, User angle: 0.766127769787929, Offset angle: 0.40891761541553073
Target angle: 2.148126297914807, distance: 461.5260810717166, angle diff: 1.381998528126878, rotation direction: 1
Basic rotation angle: 0.0, rotation gain: 0.0010328088091643122
Rotation gain: 1.24, direction: 1, curvature radius: 2500000
{'type': 'running', 'physical': {'user_x': 1019.480257947532, 'user_y': 322.43444611823907, 'user_direction': 0.8467729310782516}, 'virtual': {'user_x': 2514.020058083972, 'user_y': 7920.129846423015, 'user_direction': -2.3431101978991666}, 'user_v': 0, 'user_w': 0.1, 'delta_t': 0.02, 'need_reset': False}
Tangent angle: 2.557043913330337, User angle: 0.8467729310782516, Offset angle: 0.40891761541553073
Target angle: 2.148126297914807, distance: 461.5260810717166, angle diff: 1.3013533668365556, rotation direction: 1
Basic rotation angle: 0.0, rotation gain: 0.0009241067231497982
Rotation gain: 1.24, direction: 1, curvature radius: 2500000
{'type': 'running', 'physical': {'user_x': 1019.480257947532, 'user_y': 322.43444611823907, 'user_direction': 0.9274180923685742}, 'virtual': {'user_x': 2514.020058083972, 'user_y': 7920.129846423015, 'user_direction': -2.4431101978991667}, 'user_v': 0, 'user_w': 0.1, 'delta_t': 0.02, 'need_reset': False}
Tangent angle: 2.557043913330337, User angle: 0.9274180923685742, Offset angle: 0.40891761541553073
Target angle: 2.148126297914807, distance: 461.5260810717166, angle diff: 1.2207082055462328, rotation direction: 1
Basic rotation angle: 0.0, rotation gain: 0.0008289923978870986
Rotation gain: 1.24, direction: 1, curvature radius: 2500000
{'type': 'running', 'physical': {'user_x': 1019.480257947532, 'user_y': 322.43444611823907, 'user_direction': 1.0080632536588967}, 'virtual': {'user_x': 2514.020058083972, 'user_y': 7920.129846423015, 'user_direction': -2.543110197899167}, 'user_v': 0, 'user_w': 0.1, 'delta_t': 0.02, 'need_reset': False}
Tangent angle: 2.557043913330337, User angle: 1.0080632536588967, Offset angle: 0.40891761541553073
Target angle: 2.148126297914807, distance: 461.5260810717166, angle diff: 1.1400630442559103, rotation direction: 1
Basic rotation angle: 0.0, rotation gain: 0.0007457673632822363
Rotation gain: 1.24, direction: 1, curvature radius: 2500000
{'type': 'running', 'physical': {'user_x': 1019.480257947532, 'user_y': 322.43444611823907, 'user_direction': 1.0887084149492192}, 'virtual': {'user_x': 2514.020058083972, 'user_y': 7920.129846423015, 'user_direction': -2.643110197899167}, 'user_v': 0, 'user_w': 0.1, 'delta_t': 0.02, 'need_reset': False}
Tangent angle: 2.557043913330337, User angle: 1.0887084149492192, Offset angle: 0.40891761541553073
Target angle: 2.148126297914807, distance: 461.5260810717166, angle diff: 1.0594178829655878, rotation direction: 1
Basic rotation angle: 0.0, rotation gain: 0.0006729454580029818
Rotation gain: 1.24, direction: 1, curvature radius: 2500000
{'type': 'running', 'physical': {'user_x': 1019.480257947532, 'user_y': 322.43444611823907, 'user_direction': 1.1693535762395417}, 'virtual': {'user_x': 2514.020058083972, 'user_y': 7920.129846423015, 'user_direction': -2.743110197899167}, 'user_v': 0, 'user_w': 0.1, 'delta_t': 0.02, 'need_reset': False}
Tangent angle: 2.557043913330337, User angle: 1.1693535762395417, Offset angle: 0.40891761541553073
Target angle: 2.148126297914807, distance: 461.5260810717166, angle diff: 0.9787727216752653, rotation direction: 1
Basic rotation angle: 0.0, rotation gain: 0.0006092262908836341
Rotation gain: 1.24, direction: 1, curvature radius: 2500000
{'type': 'running', 'physical': {'user_x': 1019.480257947532, 'user_y': 322.43444611823907, 'user_direction': 1.2499987375298642}, 'virtual': {'user_x': 2514.020058083972, 'user_y': 7920.129846423015, 'user_direction': -2.843110197899167}, 'user_v': 0, 'user_w': 0.1, 'delta_t': 0.02, 'need_reset': False}
Tangent angle: 2.557043913330337, User angle: 1.2499987375298642, Offset angle: 0.40891761541553073
Target angle: 2.148126297914807, distance: 461.5260810717166, angle diff: 0.8981275603849428, rotation direction: 1
Basic rotation angle: 0.0, rotation gain: 0.0005534720196542049
Rotation gain: 1.24, direction: 1, curvature radius: 2500000
{'type': 'running', 'physical': {'user_x': 1019.480257947532, 'user_y': 322.43444611823907, 'user_direction': 1.3306438988201867}, 'virtual': {'user_x': 2514.020058083972, 'user_y': 7920.129846423015, 'user_direction': -2.943110197899167}, 'user_v': 0, 'user_w': 0.1, 'delta_t': 0.02, 'need_reset': False}
Tangent angle: 2.557043913330337, User angle: 1.3306438988201867, Offset angle: 0.40891761541553073
Target angle: 2.148126297914807, distance: 461.5260810717166, angle diff: 0.8174823990946203, rotation direction: 1
Basic rotation angle: 0.0, rotation gain: 0.0005046870323284543
Rotation gain: 1.24, direction: 1, curvature radius: 2500000
{'type': 'running', 'physical': {'user_x': 1019.480257947532, 'user_y': 322.43444611823907, 'user_direction': 1.4112890601105093}, 'virtual': {'user_x': 2514.020058083972, 'user_y': 7920.129846423015, 'user_direction': -3.0431101978991673}, 'user_v': 0, 'user_w': 0.1, 'delta_t': 0.02, 'need_reset': False}
Tangent angle: 2.557043913330337, User angle: 1.4112890601105093, Offset angle: 0.40891761541553073
Target angle: 2.148126297914807, distance: 461.5260810717166, angle diff: 0.7368372378042978, rotation direction: 1
Basic rotation angle: 0.0, rotation gain: 0.0004620001684184226
Rotation gain: 1.24, direction: 1, curvature radius: 2500000
{'type': 'running', 'physical': {'user_x': 1019.480257947532, 'user_y': 322.43444611823907, 'user_direction': 1.4919342214008318}, 'virtual': {'user_x': 2514.020058083972, 'user_y': 7920.129846423015, 'user_direction': 3.140075109280419}, 'user_v': 0, 'user_w': 0.1, 'delta_t': 0.02, 'need_reset': False}
Tangent angle: 2.557043913330337, User angle: 1.4919342214008318, Offset angle: 0.40891761541553073
Target angle: 2.148126297914807, distance: 461.5260810717166, angle diff: 0.6561920765139753, rotation direction: 1
Basic rotation angle: 0.0, rotation gain: 0.0004246491624971449
Rotation gain: 1.24, direction: 1, curvature radius: 2500000
{'type': 'running', 'physical': {'user_x': 1019.480257947532, 'user_y': 322.43444611823907, 'user_direction': 1.5725793826911543}, 'virtual': {'user_x': 2514.020058083972, 'user_y': 7920.129846423015, 'user_direction': 3.040075109280419}, 'user_v': 0, 'user_w': 0.1, 'delta_t': 0.02, 'need_reset': False}
Tangent angle: 2.557043913330337, User angle: 1.5725793826911543, Offset angle: 0.40891761541553073
Target angle: 2.148126297914807, distance: 461.5260810717166, angle diff: 0.5755469152236528, rotation direction: 1
Basic rotation angle: 0.0, rotation gain: 0.0003919670323160268
Rotation gain: 1.24, direction: 1, curvature radius: 2500000
{'type': 'running', 'physical': {'user_x': 1019.480257947532, 'user_y': 322.43444611823907, 'user_direction': 1.6532245439814768}, 'virtual': {'user_x': 2514.020058083972, 'user_y': 7920.129846423015, 'user_direction': 2.9400751092804187}, 'user_v': 0, 'user_w': 0.1, 'delta_t': 0.02, 'need_reset': False}
Tangent angle: 2.557043913330337, User angle: 1.6532245439814768, Offset angle: 0.40891761541553073
Target angle: 2.148126297914807, distance: 461.5260810717166, angle diff: 0.49490175393333025, rotation direction: 1
Basic rotation angle: 0.0, rotation gain: 0.00036337016840754855
Rotation gain: 1.24, direction: 1, curvature radius: 2500000
{'type': 'running', 'physical': {'user_x': 1019.480257947532, 'user_y': 322.43444611823907, 'user_direction': 1.7338697052717993}, 'virtual': {'user_x': 2514.020058083972, 'user_y': 7920.129846423015, 'user_direction': 2.8400751092804186}, 'user_v': 0, 'user_w': 0.1, 'delta_t': 0.02, 'need_reset': False}
Tangent angle: 2.557043913330337, User angle: 1.7338697052717993, Offset angle: 0.40891761541553073
Target angle: 2.148126297914807, distance: 461.5260810717166, angle diff: 0.41425659264300774, rotation direction: 1
Basic rotation angle: 0.0, rotation gain: 0.00033834791248763007
Rotation gain: 1.24, direction: 1, curvature radius: 2500000
{'type': 'running', 'physical': {'user_x': 1019.480257947532, 'user_y': 322.43444611823907, 'user_direction': 1.8145148665621218}, 'virtual': {'user_x': 2514.020058083972, 'user_y': 7920.129846423015, 'user_direction': 2.7400751092804185}, 'user_v': 0, 'user_w': 0.1, 'delta_t': 0.02, 'need_reset': False}
Tangent angle: 2.557043913330337, User angle: 1.8145148665621218, Offset angle: 0.40891761541553073
Target angle: 2.148126297914807, distance: 461.5260810717166, angle diff: 0.33361143135268523, rotation direction: 1
Basic rotation angle: 0.0, rotation gain: 0.0003164534385577014
Rotation gain: 1.24, direction: 1, curvature radius: 2500000
{'type': 'running', 'physical': {'user_x': 1019.480257947532, 'user_y': 322.43444611823907, 'user_direction': 1.8951600278524443}, 'virtual': {'user_x': 2514.020058083972, 'user_y': 7920.129846423015, 'user_direction': 2.6400751092804184}, 'user_v': 0, 'user_w': 0.1, 'delta_t': 0.02, 'need_reset': False}
Tangent angle: 2.557043913330337, User angle: 1.8951600278524443, Offset angle: 0.40891761541553073
Target angle: 2.148126297914807, distance: 461.5260810717166, angle diff: 0.2529662700623627, rotation direction: 1
Basic rotation angle: 0.0, rotation gain: 0.00029729577386901384
Rotation gain: 1.24, direction: 1, curvature radius: 2500000
{'type': 'running', 'physical': {'user_x': 1019.480257947532, 'user_y': 322.43444611823907, 'user_direction': 1.9758051891427668}, 'virtual': {'user_x': 2514.020058083972, 'user_y': 7920.129846423015, 'user_direction': 2.5400751092804184}, 'user_v': 0, 'user_w': 0.1, 'delta_t': 0.02, 'need_reset': False}
Tangent angle: 2.557043913330337, User angle: 1.9758051891427668, Offset angle: 0.40891761541553073
Target angle: 2.148126297914807, distance: 461.5260810717166, angle diff: 0.1723211087720402, rotation direction: 1
Basic rotation angle: 0.0, rotation gain: 0.0002805328172664122
Rotation gain: 1.24, direction: 1, curvature radius: 2500000
{'type': 'running', 'physical': {'user_x': 1019.480257947532, 'user_y': 322.43444611823907, 'user_direction': 2.0564503504330895}, 'virtual': {'user_x': 2514.020058083972, 'user_y': 7920.129846423015, 'user_direction': 2.4400751092804183}, 'user_v': 0, 'user_w': 0.1, 'delta_t': 0.02, 'need_reset': False}
Tangent angle: 2.557043913330337, User angle: 2.0564503504330895, Offset angle: 0.40891761541553073
Target angle: 2.148126297914807, distance: 461.5260810717166, angle diff: 0.09167594748171748, rotation direction: 1
Basic rotation angle: 0.0, rotation gain: 0.0002658652302391358
Rotation gain: 1.24, direction: 1, curvature radius: 2500000
{'type': 'running', 'physical': {'user_x': 1019.480257947532, 'user_y': 322.43444611823907, 'user_direction': 2.137095511723412}, 'virtual': {'user_x': 2514.020058083972, 'user_y': 7920.129846423015, 'user_direction': 2.340075109280418}, 'user_v': 0, 'user_w': 0.1, 'delta_t': 0.02, 'need_reset': False}
Tangent angle: 2.557043913330337, User angle: 2.137095511723412, Offset angle: 0.40891761541553073
Target angle: 2.148126297914807, distance: 461.5260810717166, angle diff: 0.01103078619139497, rotation direction: 1
Basic rotation angle: 0.0, rotation gain: 0.0002530310915902689
Rotation gain: 1.24, direction: 1, curvature radius: 2500000
{'type': 'running', 'physical': {'user_x': 1019.480257947532, 'user_y': 322.43444611823907, 'user_direction': 2.2177406730137346}, 'virtual': {'user_x': 2514.020058083972, 'user_y': 7920.129846423015, 'user_direction': 2.240075109280418}, 'user_v': 0, 'user_w': 0.1, 'delta_t': 0.02, 'need_reset': False}
Tangent angle: 2.557043913330337, User angle: 2.2177406730137346, Offset angle: 0.40891761541553073
Target angle: 2.148126297914807, distance: 461.5260810717166, angle diff: 0.06961437509892754, rotation direction: -1
Basic rotation angle: 0.0, rotation gain: 0.0002418012202725104
Rotation gain: 1.24, direction: -1, curvature radius: 2500000
{'type': 'running', 'physical': {'user_x': 1019.480257947532, 'user_y': 322.43444611823907, 'user_direction': 2.298385834304057}, 'virtual': {'user_x': 2514.020058083972, 'user_y': 7920.129846423015, 'user_direction': 2.140075109280418}, 'user_v': 0, 'user_w': 0.1, 'delta_t': 0.02, 'need_reset': False}
Tangent angle: 2.557043913330337, User angle: 2.298385834304057, Offset angle: 0.40891761541553073
Target angle: 2.148126297914807, distance: 461.5260810717166, angle diff: 0.15025953638925005, rotation direction: -1
Basic rotation angle: 0.0, rotation gain: 0.0002319750828694717
Rotation gain: 1.24, direction: -1, curvature radius: 2500000
{'type': 'running', 'physical': {'user_x': 1019.480257947532, 'user_y': 322.43444611823907, 'user_direction': 2.3790309955943796}, 'virtual': {'user_x': 2514.020058083972, 'user_y': 7920.129846423015, 'user_direction': 2.0397855276176995}, 'user_v': 7.999999999999999, 'user_w': 0, 'delta_t': 0.02, 'need_reset': False}
Tangent angle: 2.557043913330337, User angle: 2.3790309955943796, Offset angle: 0.40891761541553073
Target angle: 2.148126297914807, distance: 461.5260810717166, angle diff: 0.23090469767957256, rotation direction: -1
Basic rotation angle: 1.693121693121693, rotation gain: 0.0008149486514415402
Rotation gain: 1.24, direction: -1, curvature radius: 7.5
{'type': 'running', 'physical': {'user_x': 1019.480257947532, 'user_y': 322.43444611823907, 'user_direction': 2.459676156884702}, 'virtual': {'user_x': 2510.404179222531, 'user_y': 7927.266051300917, 'user_direction': 2.0397855276176995}, 'user_v': 7.999999999999999, 'user_w': 0, 'delta_t': 0.02, 'need_reset': False}
Tangent angle: 2.557043913330337, User angle: 2.459676156884702, Offset angle: 0.40891761541553073
Target angle: 2.148126297914807, distance: 461.5260810717166, angle diff: 0.31154985896989507, rotation direction: -1
Basic rotation angle: 1.693121693121693, rotation gain: 0.0013250505239421001
Rotation gain: 1.24, direction: -1, curvature radius: 7.5
{'type': 'running', 'physical': {'user_x': 1014.6367402503292, 'user_y': 326.539657145907, 'user_direction': 2.438512135720681}, 'virtual': {'user_x': 2506.7883003610905, 'user_y': 7934.402256178819, 'user_direction': 2.0397855276177}, 'user_v': 7.999999999999999, 'user_w': 0, 'delta_t': 0.02, 'need_reset': False}
Tangent angle: 2.558555554502414, User angle: 2.438512135720681, Offset angle: 0.4144242781211412
Target angle: 2.144131276381273, distance: 454.6473198857518, angle diff: 0.29438085933940794, rotation direction: -1
Basic rotation angle: 1.693121693121693, rotation gain: 0.0017708665910048994
Rotation gain: 1.24, direction: -1, curvature radius: 7.5
{'type': 'running', 'physical': {'user_x': 1009.8811835438598, 'user_y': 330.74644947217604, 'user_direction': 2.4173481145566598}, 'virtual': {'user_x': 2503.1724214996498, 'user_y': 7941.538461056721, 'user_direction': 2.0397855276177}, 'user_v': 7.999999999999999, 'user_w': 0, 'delta_t': 0.02, 'need_reset': False}
Tangent angle: 2.5603776680423387, User angle: 2.4173481145566598, Offset angle: 0.42006920788603735
Target angle: 2.1403084601563016, distance: 447.77232953271545, angle diff: 0.27703965440035816, rotation direction: -1
Basic rotation angle: 1.693121693121693, rotation gain: 0.0021604522342801792
Rotation gain: 1.24, direction: -1, curvature radius: 7.5
{'type': 'running', 'physical': {'user_x': 1005.2157178375644, 'user_y': 335.0529388786628, 'user_direction': 2.3961840933926384}, 'virtual': {'user_x': 2499.556542638209, 'user_y': 7948.674665934623, 'user_direction': 2.039785527617701}, 'user_v': 7.999999999999999, 'user_w': 0, 'delta_t': 0.02, 'need_reset': False}
Tangent angle: 2.5625212841508236, User angle: 2.3961840933926384, Offset angle: 0.4258544628458922
Target angle: 2.1366668213049316, distance: 440.90443769534255, angle diff: 0.2595172720877068, rotation direction: -1
Basic rotation angle: 1.693121693121693, rotation gain: 0.002500857488111919
Rotation gain: 1.24, direction: -1, curvature radius: 7.5
{'type': 'running', 'physical': {'user_x': 1000.642432789208, 'user_y': 339.4571964927541, 'user_direction': 2.375020072228617}, 'virtual': {'user_x': 2495.9406637767684, 'user_y': 7955.810870812525, 'user_direction': 2.039785527617701}, 'user_v': 7.999999999999999, 'user_w': 0, 'delta_t': 0.02, 'need_reset': False}
Tangent angle: 2.564997743113242, User angle: 2.375020072228617, Offset angle: 0.43178187694867054
Target angle: 2.133215866164571, distance: 434.04713040252943, angle diff: 0.24180420606404596, rotation direction: -1
Basic rotation angle: 1.693121693121693, rotation gain: 0.0027982527854585413
Rotation gain: 1.24, direction: -1, curvature radius: 7.5
{'type': 'running', 'physical': {'user_x': 996.1633767689244, 'user_y': 343.9572496515472, 'user_direction': 2.3538560510645956}, 'virtual': {'user_x': 2492.3247849153277, 'user_y': 7962.947075690427, 'user_direction': 2.0397855276177017}, 'user_v': 7.999999999999999, 'user_w': 0, 'delta_t': 0.02, 'need_reset': False}
Tangent angle: 2.567818684747479, User angle: 2.3538560510645956, Offset angle: 0.43785301564443874
Target angle: 2.12996566910304, distance: 427.204062596503, angle diff: 0.22389038196155564, rotation direction: -1
Basic rotation angle: 1.693121693121693, rotation gain: 0.003058038988579367
Rotation gain: 1.24, direction: -1, curvature radius: 7.5
{'type': 'running', 'physical': {'user_x': 991.7805559417534, 'user_y': 348.5510827854037, 'user_direction': 2.3326920299005742}, 'virtual': {'user_x': 2488.708906053887, 'user_y': 7970.0832805683285, 'user_direction': 2.0397855276177017}, 'user_v': 7.999999999999999, 'user_w': 0, 'delta_t': 0.02, 'need_reset': False}
Tangent angle: 2.5709960339911317, User angle: 2.3326920299005742, Offset angle: 0.4440691260811012
Target angle: 2.126926907910031, distance: 420.37906939145086, angle diff: 0.20576512199054342, rotation direction: -1
Basic rotation angle: 1.693121693121693, rotation gain: 0.003284943668758353
Rotation gain: 1.24, direction: -1, curvature radius: 7.5
{'type': 'running', 'physical': {'user_x': 987.4959333690805, 'user_y': 353.2366383207212, 'user_direction': 2.311528008736553}, 'virtual': {'user_x': 2485.0930271924462, 'user_y': 7977.2194854462305, 'user_direction': 2.0397855276177026}, 'user_v': 7.999999999999999, 'user_w': 0, 'delta_t': 0.02, 'need_reset': False}
Tangent angle: 2.5745419820597575, User angle: 2.311528008736553, Offset angle: 0.4504310813130267
Target angle: 2.1241109007467305, distance: 413.5761780432154, angle diff: 0.18741710798982236, rotation direction: -1
Basic rotation angle: 1.693121693121693, rotation gain: 0.0034831053537328167
Rotation gain: 1.24, direction: -1, curvature radius: 7.5
{'type': 'running', 'physical': {'user_x': 983.3114281293845, 'user_y': 358.0118176015188, 'user_direction': 2.2903639875725315}, 'virtual': {'user_x': 2481.4771483310055, 'user_y': 7984.355690324132, 'user_direction': 2.0397855276177035}, 'user_v': 7.999999999999999, 'user_w': 0, 'delta_t': 0.02, 'need_reset': False}
Tangent angle: 2.5784689625526527, User angle: 2.2903639875725315, Offset angle: 0.4569393180229119
Target angle: 2.1215296445297405, distance: 406.79962064277896, angle diff: 0.168834343042791, rotation direction: -1
Basic rotation angle: 1.693121693121693, rotation gain: 0.003656147246576174
Rotation gain: 1.24, direction: -1, curvature radius: 7.5
{'type': 'running', 'physical': {'user_x': 979.2289144586832, 'user_y': 362.8744818294231, 'user_direction': 2.26919996640851}, 'virtual': {'user_x': 2477.861269469565, 'user_y': 7991.491895202034, 'user_direction': 2.039785527617704}, 'user_v': 7.999999999999999, 'user_w': 0, 'delta_t': 0.02, 'need_reset': False}
Tangent angle: 2.582789621827052, User angle: 2.26919996640851, Offset angle: 0.4635937672623248
Target angle: 2.119195854564728, distance: 400.05384753702333, angle diff: 0.15000411184378226, rotation direction: -1
Basic rotation angle: 1.693121693121693, rotation gain: 0.0038072417317120038
Rotation gain: 1.24, direction: -1, curvature radius: 7.5
{'type': 'running', 'physical': {'user_x': 975.2502209110655, 'user_y': 367.82245302163386, 'user_direction': 2.2480359452444887}, 'virtual': {'user_x': 2474.245390608124, 'user_y': 7998.628100079936, 'user_direction': 2.039785527617705}, 'user_v': 7.999999999999999, 'user_w': 0, 'delta_t': 0.02, 'need_reset': False}
Tangent angle: 2.587516782907217, User angle: 2.2480359452444887, Offset angle: 0.4703937777370125
Target angle: 2.117123005170205, distance: 393.3435414681356, angle diff: 0.13091294007428367, rotation direction: -1
Basic rotation angle: 1.693121693121693, rotation gain: 0.003939166819153104
Rotation gain: 1.24, direction: -1, curvature radius: 7.5
{'type': 'running', 'physical': {'user_x': 971.3771295396833, 'user_y': 372.85351498644076, 'user_direction': 2.2268719240804673}, 'virtual': {'user_x': 2470.6295117466834, 'user_y': 8005.764304957838, 'user_direction': 2.039785527617706}, 'user_v': 7.999999999999999, 'user_w': 0, 'delta_t': 0.02, 'need_reset': False}
Tangent angle: 2.592663402143651, User angle: 2.2268719240804673, Offset angle: 0.4773380312039014
Target angle: 2.1153253709397504, distance: 386.6736324074216, angle diff: 0.11154655314071693, rotation direction: -1
Basic rotation angle: 1.693121693121693, rotation gain: 0.00405435553402444
Rotation gain: 1.24, direction: -1, curvature radius: 7.5
{'type': 'running', 'physical': {'user_x': 967.6113750985716, 'user_y': 377.96541431585337, 'user_direction': 2.205707902916446}, 'virtual': {'user_x': 2467.0136328852427, 'user_y': 8012.90050983574, 'user_direction': 2.039785527617707}, 'user_v': 7.999999999999999, 'user_w': 0, 'delta_t': 0.02, 'need_reset': False}
Tangent angle: 2.598242517792257, User angle: 2.205707902916446, Offset angle: 0.48442444961326275
Target angle: 2.1138180681789933, distance: 380.0493130394967, angle diff: 0.0918898347374526, rotation direction: -1
Basic rotation angle: 1.693121693121693, rotation gain: 0.004154939132370709
Rotation gain: 1.24, direction: -1, curvature radius: 7.5
{'type': 'running', 'physical': {'user_x': 963.9546442656537, 'user_y': 383.15586139490057, 'user_direction': 2.1845438817524245}, 'virtual': {'user_x': 2463.397754023802, 'user_y': 8020.036714713642, 'user_direction': 2.039785527617709}, 'user_v': 7.999999999999999, 'user_w': 0, 'delta_t': 0.02, 'need_reset': False}
Tangent angle: 2.6042671896468566, User angle: 2.1845438817524245, Offset angle: 0.49165009372820084
Target angle: 2.1126170959186563, distance: 373.476054828052, angle diff: 0.07192678583376821, rotation direction: -1
Basic rotation angle: 1.693121693121693, rotation gain: 0.00424278491391684
Rotation gain: 1.24, direction: -1, curvature radius: 7.5
{'type': 'running', 'physical': {'user_x': 960.40857488728, 'user_y': 388.422531427147, 'user_direction': 2.163379860588403}, 'virtual': {'user_x': 2459.7818751623613, 'user_y': 8027.172919591544, 'user_direction': 2.0397855276177106}, 'user_v': 7.999999999999999, 'user_w': 0, 'delta_t': 0.02, 'need_reset': False}
Tangent angle: 2.6107504288351024, User angle: 2.163379860588403, Offset angle: 0.4990110530918212
Target angle: 2.111739375743282, distance: 366.95962456376134, angle diff: 0.05164048484512129, rotation direction: -1
Basic rotation angle: 1.693121693121693, rotation gain: 0.004319529305873347
Rotation gain: 1.24, direction: -1, curvature radius: 7.5
{'type': 'running', 'physical': {'user_x': 956.9747552446381, 'user_y': 393.7630654759673, 'user_direction': 2.1422158394243818}, 'virtual': {'user_x': 2456.1659963009206, 'user_y': 8034.309124469446, 'user_direction': 2.0397855276177124}, 'user_v': 7.999999999999999, 'user_w': 0, 'delta_t': 0.02, 'need_reset': False}
Tangent angle: 2.6177051168822105, User angle: 2.1422158394243818, Offset angle: 0.5065023273984551
Target angle: 2.1112027894837553, distance: 360.5061012574398, angle diff: 0.03101304994062648, rotation direction: -1
Basic rotation angle: 1.693121693121693, rotation gain: 0.00438660680733449
Rotation gain: 1.24, direction: -1, curvature radius: 7.5
{'type': 'running', 'physical': {'user_x': 953.654723342363, 'user_y': 399.17507152111153, 'user_direction': 2.1210518182603604}, 'virtual': {'user_x': 2452.55011743948, 'user_y': 8041.445329347348, 'user_direction': 2.039785527617715}, 'user_v': 7.999999999999999, 'user_w': 0, 'delta_t': 0.02, 'need_reset': False}
Tangent angle: 2.6251439131647225, User angle: 2.1210518182603604, Offset angle: 0.5141176995681834
Target angle: 2.1110262135965385, distance: 354.12189319627504, angle diff: 0.010025604663821852, rotation direction: -1
Basic rotation angle: 1.693121693121693, rotation gain: 0.004445275309797818
Rotation gain: 1.24, direction: -1, curvature radius: 7.5
{'type': 'running', 'physical': {'user_x': 950.4499662196661, 'user_y': 404.65612553008873, 'user_direction': 2.099887797096339}, 'virtual': {'user_x': 2448.934238578039, 'user_y': 8048.58153422525, 'user_direction': 2.0397855276177195}, 'user_v': 7.999999999999999, 'user_w': 0, 'delta_t': 0.02, 'need_reset': False}
Tangent angle: 2.6330791499241575, User angle: 2.099887797096339, Offset angle: 0.521849601133219
Target angle: 2.111229548790938, distance: 347.8137549268022, angle diff: 0.011341751694598834, rotation direction: 1
Basic rotation angle: 1.693121693121693, rotation gain: 0.004496638244519888
Rotation gain: 1.24, direction: 1, curvature radius: 7.5
{'type': 'running', 'physical': {'user_x': 947.129934317391, 'user_y': 410.06813157523294, 'user_direction': 2.1210518182603604}, 'virtual': {'user_x': 2445.3183597165985, 'user_y': 8055.717739103152, 'user_direction': 2.039785527617725}, 'user_v': 7.999999999999999, 'user_w': 0, 'delta_t': 0.02, 'need_reset': False}
Tangent angle: 2.6409407854082554, User angle: 2.1210518182603604, Offset angle: 0.5298938789805119
Target angle: 2.1110469064277435, distance: 341.42833207353954, angle diff: 0.01000491183261687, rotation direction: -1
Basic rotation angle: 1.693121693121693, rotation gain: 0.004541555666674468
Rotation gain: 1.24, direction: -1, curvature radius: 7.5
{'type': 'running', 'physical': {'user_x': 943.925177194694, 'user_y': 415.54918558421014, 'user_direction': 2.099887797096339}, 'virtual': {'user_x': 2441.702480855158, 'user_y': 8062.853943981054, 'user_direction': 2.039785527617733}, 'user_v': 7.999999999999999, 'user_w': 0, 'delta_t': 0.02, 'need_reset': False}
Tangent angle: 2.649320034868621, User angle: 2.099887797096339, Offset angle: 0.5380616993870949
Target angle: 2.1112583354815264, distance: 335.12181434077047, angle diff: 0.011370538385187423, rotation direction: 1
Basic rotation angle: 1.693121693121693, rotation gain: 0.004580887519479432
Rotation gain: 1.24, direction: 1, curvature radius: 7.5
{'type': 'running', 'physical': {'user_x': 940.6051452924189, 'user_y': 420.96119162935435, 'user_direction': 2.1210518182603604}, 'virtual': {'user_x': 2438.0866019937166, 'user_y': 8069.990148858955, 'user_direction': 2.039785527617746}, 'user_v': 7.999999999999999, 'user_w': 0, 'delta_t': 0.02, 'need_reset': False}
Tangent angle: 2.6576368926837692, User angle: 2.1210518182603604, Offset angle: 0.5465676951247276
Target angle: 2.1110691975590417, distance: 328.7350907683124, angle diff: 0.009982620701318723, rotation direction: -1
Basic rotation angle: 1.693121693121693, rotation gain: 0.004615276851592509
Rotation gain: 1.24, direction: -1, curvature radius: 7.5
{'type': 'running', 'physical': {'user_x': 937.400388169722, 'user_y': 426.44224563833154, 'user_direction': 2.099887797096339}, 'virtual': {'user_x': 2434.470723132276, 'user_y': 8077.126353736857, 'user_direction': 2.0397855276177213}, 'user_v': 7.999999999999999, 'user_w': 0, 'delta_t': 0.02, 'need_reset': False}
Tangent angle: 2.666493876771529, User angle: 2.099887797096339, Offset angle: 0.5552044878021848
Target angle: 2.111289388969345, distance: 322.43032741375976, angle diff: 0.011401591873005934, rotation direction: 1
Basic rotation angle: 1.693121693121693, rotation gain: 0.004645397830837483
Rotation gain: 1.24, direction: 1, curvature radius: 7.5
{'type': 'running', 'physical': {'user_x': 934.0803562674469, 'user_y': 431.85425168347575, 'user_direction': 2.1210518182603604}, 'virtual': {'user_x': 2431.0884093175905, 'user_y': 8083.801600687285, 'user_direction': 2.0397855276177213}, 'user_v': 0, 'user_w': 0.1, 'delta_t': 0.02, 'need_reset': False}
Tangent angle: 2.6753011152199324, User angle: 2.1210518182603604, Offset angle: 0.564207835651353
Target angle: 2.1110932795685784, distance: 316.04220781520326, angle diff: 0.009958538691781982, rotation direction: -1
Basic rotation angle: 0.0, rotation gain: 0.0040849565549114725
Rotation gain: 1.24, direction: -1, curvature radius: 2500000
{'type': 'running', 'physical': {'user_x': 930.8755991447499, 'user_y': 437.33530569245295, 'user_direction': 2.099887797096339}, 'virtual': {'user_x': 2431.0884093175905, 'user_y': 8083.801600687285, 'user_direction': 2.1397855276177213}, 'user_v': 0, 'user_w': 0.1, 'delta_t': 0.02, 'need_reset': False}
Tangent angle: 2.684672385620019, User angle: 2.099887797096339, Offset angle: 0.5733493977214351
Target angle: 2.1113229878985837, distance: 309.7393499114457, angle diff: 0.011435190802244755, rotation direction: 1
Basic rotation angle: 0.0, rotation gain: 0.0035945714925616607
Rotation gain: 1.24, direction: 1, curvature radius: 2500000
{'type': 'running', 'physical': {'user_x': 930.8755991447499, 'user_y': 437.33530569245295, 'user_direction': 2.1805329583866615}, 'virtual': {'user_x': 2431.0884093175905, 'user_y': 8083.801600687285, 'user_direction': 2.2397855276177214}, 'user_v': 0, 'user_w': 0.1, 'delta_t': 0.02, 'need_reset': False}
Tangent angle: 2.684672385620019, User angle: 2.1805329583866615, Offset angle: 0.5733493977214351
Target angle: 2.1113229878985837, distance: 309.7393499114457, angle diff: 0.06920997048807775, rotation direction: -1
Basic rotation angle: 0.0, rotation gain: 0.0031654845630055754
Rotation gain: 1.24, direction: -1, curvature radius: 2500000
{'type': 'running', 'physical': {'user_x': 930.8755991447499, 'user_y': 437.33530569245295, 'user_direction': 2.261178119676984}, 'virtual': {'user_x': 2431.0884093175905, 'user_y': 8083.801600687285, 'user_direction': 2.3397855276177215}, 'user_v': 0, 'user_w': 0.1, 'delta_t': 0.02, 'need_reset': False}
Tangent angle: 2.684672385620019, User angle: 2.261178119676984, Offset angle: 0.5733493977214351
Target angle: 2.1113229878985837, distance: 309.7393499114457, angle diff: 0.14985513177840026, rotation direction: -1
Basic rotation angle: 0.0, rotation gain: 0.0027900334996440006
Rotation gain: 1.24, direction: -1, curvature radius: 2500000
{'type': 'running', 'physical': {'user_x': 930.8755991447499, 'user_y': 437.33530569245295, 'user_direction': 2.3418232809673065}, 'virtual': {'user_x': 2431.0884093175905, 'user_y': 8083.801600687285, 'user_direction': 2.4397855276177216}, 'user_v': 0, 'user_w': 0.1, 'delta_t': 0.02, 'need_reset': False}
Tangent angle: 2.684672385620019, User angle: 2.3418232809673065, Offset angle: 0.5733493977214351
Target angle: 2.1113229878985837, distance: 309.7393499114457, angle diff: 0.23050029306872277, rotation direction: -1
Basic rotation angle: 0.0, rotation gain: 0.0024615138192026226
Rotation gain: 1.24, direction: -1, curvature radius: 2500000
{'type': 'running', 'physical': {'user_x': 930.8755991447499, 'user_y': 437.33530569245295, 'user_direction': 2.422468442257629}, 'virtual': {'user_x': 2431.0884093175905, 'user_y': 8083.801600687285, 'user_direction': 2.5397855276177217}, 'user_v': 0, 'user_w': 0.1, 'delta_t': 0.02, 'need_reset': False}
Tangent angle: 2.684672385620019, User angle: 2.422468442257629, Offset angle: 0.5733493977214351
Target angle: 2.1113229878985837, distance: 309.7393499114457, angle diff: 0.3111454543590453, rotation direction: -1
Basic rotation angle: 0.0, rotation gain: 0.002174059098816417
Rotation gain: 1.24, direction: -1, curvature radius: 2500000
{'type': 'running', 'physical': {'user_x': 930.8755991447499, 'user_y': 437.33530569245295, 'user_direction': 2.5031136035479515}, 'virtual': {'user_x': 2431.0884093175905, 'user_y': 8083.801600687285, 'user_direction': 2.639785527617722}, 'user_v': 0, 'user_w': 0.1, 'delta_t': 0.02, 'need_reset': False}
Tangent angle: 2.684672385620019, User angle: 2.5031136035479515, Offset angle: 0.5733493977214351
Target angle: 2.1113229878985837, distance: 309.7393499114457, angle diff: 0.3917906156493678, rotation direction: -1
Basic rotation angle: 0.0, rotation gain: 0.001922536218478487
Rotation gain: 1.24, direction: -1, curvature radius: 2500000
{'type': 'running', 'physical': {'user_x': 930.8755991447499, 'user_y': 437.33530569245295, 'user_direction': 2.583758764838274}, 'virtual': {'user_x': 2431.0884093175905, 'user_y': 8083.801600687285, 'user_direction': 2.739785527617722}, 'user_v': 0, 'user_w': 0.1, 'delta_t': 0.02, 'need_reset': False}
Tangent angle: 2.684672385620019, User angle: 2.583758764838274, Offset angle: 0.5733493977214351
Target angle: 2.1113229878985837, distance: 309.7393499114457, angle diff: 0.4724357769396903, rotation direction: -1
Basic rotation angle: 0.0, rotation gain: 0.0017024536981827979
Rotation gain: 1.24, direction: -1, curvature radius: 2500000
{'type': 'running', 'physical': {'user_x': 930.8755991447499, 'user_y': 437.33530569245295, 'user_direction': 2.6644039261285966}, 'virtual': {'user_x': 2431.0884093175905, 'user_y': 8083.801600687285, 'user_direction': 2.839785527617722}, 'user_v': 0, 'user_w': 0.1, 'delta_t': 0.02, 'need_reset': False}
Tangent angle: 2.684672385620019, User angle: 2.6644039261285966, Offset angle: 0.5733493977214351
Target angle: 2.1113229878985837, distance: 309.7393499114457, angle diff: 0.5530809382300128, rotation direction: -1
Basic rotation angle: 0.0, rotation gain: 0.00150988149292407
Rotation gain: 1.24, direction: -1, curvature radius: 2500000
{'type': 'running', 'physical': {'user_x': 930.8755991447499, 'user_y': 437.33530569245295, 'user_direction': 2.745049087418919}, 'virtual': {'user_x': 2431.0884093175905, 'user_y': 8083.801600687285, 'user_direction': 2.939785527617722}, 'user_v': 0, 'user_w': 0.1, 'delta_t': 0.02, 'need_reset': False}
Tangent angle: 2.684672385620019, User angle: 2.745049087418919, Offset angle: 0.5733493977214351
Target angle: 3.258021783341454, distance: 309.7393499114457, angle diff: 0.5129726959225351, rotation direction: 1
Basic rotation angle: 0.0, rotation gain: 0.0013422193042392182
Rotation gain: 1.24, direction: 1, curvature radius: 2500000
{'type': 'running', 'physical': {'user_x': 930.8755991447499, 'user_y': 437.33530569245295, 'user_direction': 2.8256942487092416}, 'virtual': {'user_x': 2431.0884093175905, 'user_y': 8083.801600687285, 'user_direction': 3.039785527617722}, 'user_v': 0, 'user_w': 0.1, 'delta_t': 0.02, 'need_reset': False}
Tangent angle: 2.684672385620019, User angle: 2.8256942487092416, Offset angle: 0.5733493977214351
Target angle: 3.258021783341454, distance: 309.7393499114457, angle diff: 0.43232753463221263, rotation direction: 1
Basic rotation angle: 0.0, rotation gain: 0.001195514889139973
Rotation gain: 1.24, direction: 1, curvature radius: 2500000
{'type': 'running', 'physical': {'user_x': 930.8755991447499, 'user_y': 437.33530569245295, 'user_direction': 2.906339409999564}, 'virtual': {'user_x': 2431.0884093175905, 'user_y': 8083.801600687285, 'user_direction': 3.1397855276177222}, 'user_v': 0, 'user_w': 0.1, 'delta_t': 0.02, 'need_reset': False}
Tangent angle: 2.684672385620019, User angle: 2.906339409999564, Offset angle: 0.5733493977214351
Target angle: 3.258021783341454, distance: 309.7393499114457, angle diff: 0.3516823733418901, rotation direction: 1
Basic rotation angle: 0.0, rotation gain: 0.0010671485259281333
Rotation gain: 1.24, direction: 1, curvature radius: 2500000
{'type': 'running', 'physical': {'user_x': 930.8755991447499, 'user_y': 437.33530569245295, 'user_direction': 2.9869845712898866}, 'virtual': {'user_x': 2431.0884093175905, 'user_y': 8083.801600687285, 'user_direction': -3.043399779561864}, 'user_v': 0, 'user_w': 0.1, 'delta_t': 0.02, 'need_reset': False}
Tangent angle: 2.684672385620019, User angle: 2.9869845712898866, Offset angle: 0.5733493977214351
Target angle: 3.258021783341454, distance: 309.7393499114457, angle diff: 0.2710372120515676, rotation direction: 1
Basic rotation angle: 0.0, rotation gain: 0.0009548279581177735
Rotation gain: 1.24, direction: 1, curvature radius: 2500000
{'type': 'running', 'physical': {'user_x': 930.8755991447499, 'user_y': 437.33530569245295, 'user_direction': 3.067629732580209}, 'virtual': {'user_x': 2431.0884093175905, 'user_y': 8083.801600687285, 'user_direction': -2.943399779561864}, 'user_v': 0, 'user_w': 0.1, 'delta_t': 0.02, 'need_reset': False}
Tangent angle: 2.684672385620019, User angle: 3.067629732580209, Offset angle: 0.5733493977214351
Target angle: 3.258021783341454, distance: 309.7393499114457, angle diff: 0.1903920507612451, rotation direction: 1
Basic rotation angle: 0.0, rotation gain: 0.0008565474612837086
Rotation gain: 1.24, direction: 1, curvature radius: 2500000
{'type': 'running', 'physical': {'user_x': 930.8755991447499, 'user_y': 437.33530569245295, 'user_direction': 3.1482748938705316}, 'virtual': {'user_x': 2431.0884093175905, 'user_y': 8083.801600687285, 'user_direction': -2.8433997795618637}, 'user_v': 0, 'user_w': 0.1, 'delta_t': 0.02, 'need_reset': False}
Tangent angle: 2.684672385620019, User angle: 3.1482748938705316, Offset angle: 0.5733493977214351
Target angle: 3.258021783341454, distance: 309.7393499114457, angle diff: 0.10974688947092259, rotation direction: 1
Basic rotation angle: 0.0, rotation gain: 0.000770552026553902
Rotation gain: 1.24, direction: 1, curvature radius: 2500000
{'type': 'running', 'physical': {'user_x': 930.8755991447499, 'user_y': 437.33530569245295, 'user_direction': 3.228920055160854}, 'virtual': {'user_x': 2431.0884093175905, 'user_y': 8083.801600687285, 'user_direction': -2.7433997795618636}, 'user_v': 0, 'user_w': 0.1, 'delta_t': 0.02, 'need_reset': False}
Tangent angle: 2.684672385620019, User angle: 3.228920055160854, Offset angle: 0.5733493977214351
Target angle: 3.258021783341454, distance: 309.7393499114457, angle diff: 0.029101728180600084, rotation direction: 1
Basic rotation angle: 0.0, rotation gain: 0.000695306021165321
Rotation gain: 1.24, direction: 1, curvature radius: 2500000
{'type': 'running', 'physical': {'user_x': 930.8755991447499, 'user_y': 437.33530569245295, 'user_direction': 3.3095652164511766}, 'virtual': {'user_x': 2431.0884093175905, 'user_y': 8083.801600687285, 'user_direction': -2.6433997795618636}, 'user_v': 0, 'user_w': 0.1, 'delta_t': 0.02, 'need_reset': False}
Tangent angle: 2.684672385620019, User angle: 3.3095652164511766, Offset angle: 0.5733493977214351
Target angle: 3.258021783341454, distance: 309.7393499114457, angle diff: 0.051543433109722425, rotation direction: -1
Basic rotation angle: 0.0, rotation gain: 0.0006294657664503128
Rotation gain: 1.24, direction: -1, curvature radius: 2500000
{'type': 'running', 'physical': {'user_x': 930.8755991447499, 'user_y': 437.33530569245295, 'user_direction': 3.390210377741499}, 'virtual': {'user_x': 2431.0884093175905, 'user_y': 8083.801600687285, 'user_direction': -2.5433997795618635}, 'user_v': 0, 'user_w': 0.1, 'delta_t': 0.02, 'need_reset': False}
Tangent angle: 2.684672385620019, User angle: 3.390210377741499, Offset angle: 0.5733493977214351
Target angle: 3.258021783341454, distance: 309.7393499114457, angle diff: 0.13218859440004493, rotation direction: -1
Basic rotation angle: 0.0, rotation gain: 0.0005718555435746805
Rotation gain: 1.24, direction: -1, curvature radius: 2500000
{'type': 'running', 'physical': {'user_x': 930.8755991447499, 'user_y': 437.33530569245295, 'user_direction': 3.4708555390318216}, 'virtual': {'user_x': 2431.0884093175905, 'user_y': 8083.801600687285, 'user_direction': -2.4433997795618634}, 'user_v': 0, 'user_w': 0.1, 'delta_t': 0.02, 'need_reset': False}
Tangent angle: 2.684672385620019, User angle: 3.4708555390318216, Offset angle: 0.5733493977214351
Target angle: 3.258021783341454, distance: 309.7393499114457, angle diff: 0.21283375569036744, rotation direction: -1
Basic rotation angle: 0.0, rotation gain: 0.0005214465985585023
Rotation gain: 1.24, direction: -1, curvature radius: 2500000
{'type': 'running', 'physical': {'user_x': 930.8755991447499, 'user_y': 437.33530569245295, 'user_direction': 3.551500700322144}, 'virtual': {'user_x': 2431.0884093175905, 'user_y': 8083.801600687285, 'user_direction': -2.3433997795618633}, 'user_v': 0, 'user_w': 0.1, 'delta_t': 0.02, 'need_reset': False}
Tangent angle: 2.684672385620019, User angle: 3.551500700322144, Offset angle: 0.5733493977214351
Target angle: 3.258021783341454, distance: 309.7393499114457, angle diff: 0.29347891698068995, rotation direction: -1
Basic rotation angle: 0.0, rotation gain: 0.00047733877166934637
Rotation gain: 1.24, direction: -1, curvature radius: 2500000
{'type': 'running', 'physical': {'user_x': 930.8755991447499, 'user_y': 437.33530569245295, 'user_direction': 3.6321458616124667}, 'virtual': {'user_x': 2431.0884093175905, 'user_y': 8083.801600687285, 'user_direction': -2.243399779561863}, 'user_v': 0, 'user_w': 0.1, 'delta_t': 0.02, 'need_reset': False}
Tangent angle: 2.684672385620019, User angle: 3.6321458616124667, Offset angle: 0.5733493977214351
Target angle: 3.258021783341454, distance: 309.7393499114457, angle diff: 0.37412407827101246, rotation direction: -1
Basic rotation angle: 0.0, rotation gain: 0.00043874442314133493
Rotation gain: 1.24, direction: -1, curvature radius: 2500000
{'type': 'running', 'physical': {'user_x': 930.8755991447499, 'user_y': 437.33530569245295, 'user_direction': 3.712791022902789}, 'virtual': {'user_x': 2431.0884093175905, 'user_y': 8083.801600687285, 'user_direction': -2.143399779561863}, 'user_v': 0, 'user_w': 0.1, 'delta_t': 0.02, 'need_reset': False}
Tangent angle: 2.684672385620019, User angle: 3.712791022902789, Offset angle: 0.5733493977214351
Target angle: 3.258021783341454, distance: 309.7393499114457, angle diff: 0.45476923956133497, rotation direction: -1
Basic rotation angle: 0.0, rotation gain: 0.0004049743681793249
Rotation gain: 1.24, direction: -1, curvature radius: 2500000
{'type': 'running', 'physical': {'user_x': 930.8755991447499, 'user_y': 437.33530569245295, 'user_direction': 3.7934361841931117}, 'virtual': {'user_x': 2431.0884093175905, 'user_y': 8083.801600687285, 'user_direction': -2.043399779561863}, 'user_v': 0, 'user_w': 0.1, 'delta_t': 0.02, 'need_reset': False}
Tangent angle: 2.684672385620019, User angle: 3.7934361841931117, Offset angle: 0.5733493977214351
Target angle: 3.258021783341454, distance: 309.7393499114457, angle diff: 0.5354144008516575, rotation direction: -1
Basic rotation angle: 0.0, rotation gain: 0.00037542557008756616
Rotation gain: 1.24, direction: -1, curvature radius: 2500000
{'type': 'running', 'physical': {'user_x': 930.8755991447499, 'user_y': 437.33530569245295, 'user_direction': 3.874081345483434}, 'virtual': {'user_x': 2431.0884093175905, 'user_y': 8083.801600687285, 'user_direction': -1.943399779561863}, 'user_v': 0, 'user_w': 0.1, 'delta_t': 0.02, 'need_reset': False}
Tangent angle: 2.684672385620019, User angle: 3.874081345483434, Offset angle: 0.5733493977214351
Target angle: 3.258021783341454, distance: 309.7393499114457, angle diff: 0.61605956214198, rotation direction: -1
Basic rotation angle: 0.0, rotation gain: 0.00034957037175727725
Rotation gain: 1.24, direction: -1, curvature radius: 2500000
{'type': 'running', 'physical': {'user_x': 930.8755991447499, 'user_y': 437.33530569245295, 'user_direction': 3.9547265067737567}, 'virtual': {'user_x': 2431.0884093175905, 'user_y': 8083.801600687285, 'user_direction': -1.8433997795618629}, 'user_v': 0, 'user_w': 0.1, 'delta_t': 0.02, 'need_reset': False}
Tangent angle: 2.684672385620019, User angle: 3.9547265067737567, Offset angle: 0.5733493977214351
Target angle: 3.258021783341454, distance: 309.7393499114457, angle diff: 0.6967047234323025, rotation direction: -1
Basic rotation angle: 0.0, rotation gain: 0.00032694707321827445
Rotation gain: 1.24, direction: -1, curvature radius: 2500000
{'type': 'running', 'physical': {'user_x': 930.8755991447499, 'user_y': 437.33530569245295, 'user_direction': 4.035371668064079}, 'virtual': {'user_x': 2431.0884093175905, 'user_y': 8083.801600687285, 'user_direction': -1.7433997795618628}, 'user_v': 0, 'user_w': 0.1, 'delta_t': 0.02, 'need_reset': False}
Tangent angle: 2.684672385620019, User angle: 4.035371668064079, Offset angle: 0.5733493977214351
Target angle: 3.258021783341454, distance: 309.7393499114457, angle diff: 0.777349884722625, rotation direction: -1
Basic rotation angle: 0.0, rotation gain: 0.000307151686996647
Rotation gain: 1.24, direction: -1, curvature radius: 2500000
{'type': 'running', 'physical': {'user_x': 930.8755991447499, 'user_y': 437.33530569245295, 'user_direction': 4.116016829354402}, 'virtual': {'user_x': 2431.0884093175905, 'user_y': 8083.801600687285, 'user_direction': -1.6433997795618627}, 'user_v': 0, 'user_w': 0.1, 'delta_t': 0.02, 'need_reset': False}
Tangent angle: 2.684672385620019, User angle: 4.116016829354402, Offset angle: 0.5733493977214351
Target angle: 3.258021783341454, distance: 309.7393499114457, angle diff: 0.857995046012948, rotation direction: -1
Basic rotation angle: 0.0, rotation gain: 0.000289830724052723
Rotation gain: 1.24, direction: -1, curvature radius: 2500000
{'type': 'running', 'physical': {'user_x': 930.8755991447499, 'user_y': 437.33530569245295, 'user_direction': 4.196661990644725}, 'virtual': {'user_x': 2431.0884093175905, 'user_y': 8083.801600687285, 'user_direction': -1.5433997795618626}, 'user_v': 0, 'user_w': 0.1, 'delta_t': 0.02, 'need_reset': False}
Tangent angle: 2.684672385620019, User angle: 4.196661990644725, Offset angle: 0.5733493977214351
Target angle: 3.258021783341454, distance: 309.7393499114457, angle diff: 0.9386402073032709, rotation direction: -1
Basic rotation angle: 0.0, rotation gain: 0.0002746748814767895
Rotation gain: 1.24, direction: -1, curvature radius: 2500000
{'type': 'running', 'physical': {'user_x': 930.8755991447499, 'user_y': 437.33530569245295, 'user_direction': 4.277307151935048}, 'virtual': {'user_x': 2431.0884093175905, 'user_y': 8083.801600687285, 'user_direction': -1.3506653735691787}, 'user_v': 7.999999999999999, 'user_w': 0, 'delta_t': 0.02, 'need_reset': False}
Tangent angle: 2.684672385620019, User angle: 4.277307151935048, Offset angle: 0.5733493977214351
Target angle: 3.258021783341454, distance: 309.7393499114457, angle diff: 1.0192853685935939, rotation direction: -1
Basic rotation angle: 1.693121693121693, rotation gain: 0.0008725304592118966
Rotation gain: 1.24, direction: -1, curvature radius: 7.5
{'type': 'running', 'physical': {'user_x': 930.8755991447499, 'user_y': 437.33530569245295, 'user_direction': 4.357952313225371}, 'virtual': {'user_x': 2432.8352686626167, 'user_y': 8075.994649782566, 'user_direction': -1.3506653735691787}, 'user_v': 7.999999999999999, 'user_w': 0, 'delta_t': 0.02, 'need_reset': False}
Tangent angle: 2.684672385620019, User angle: 4.357952313225371, Offset angle: 0.5733493977214351
Target angle: 3.258021783341454, distance: 309.7393499114457, angle diff: 1.0999305298839168, rotation direction: -1
Basic rotation angle: 1.693121693121693, rotation gain: 0.0013956540897301153
Rotation gain: 1.24, direction: -1, curvature radius: 7.5
{'type': 'running', 'physical': {'user_x': 928.546510839764, 'user_y': 431.4287187818607, 'user_direction': 4.33678829206135}, 'virtual': {'user_x': 2434.582128007643, 'user_y': 8068.187698877847, 'user_direction': -1.3506653735691785}, 'user_v': 7.999999999999999, 'user_w': 0, 'delta_t': 0.02, 'need_reset': False}
Tangent angle: 2.6675343473965354, User angle: 4.33678829206135, Offset angle: 0.5723530591151844
Target angle: 3.23988740651172, distance: 310.4176003974455, angle diff: 1.0969008855496298, rotation direction: -1
Basic rotation angle: 1.693121693121693, rotation gain: 0.0018550825597669443
Rotation gain: 1.24, direction: -1, curvature radius: 7.5
{'type': 'running', 'physical': {'user_x': 926.0929463345439, 'user_y': 425.5727438430887, 'user_direction': 4.315624270897328}, 'virtual': {'user_x': 2436.328987352669, 'user_y': 8060.380747973128, 'user_direction': -1.3506653735691783}, 'user_v': 7.999999999999999, 'user_w': 0, 'delta_t': 0.02, 'need_reset': False}
Tangent angle: 2.6504160658755516, User angle: 4.315624270897328, Offset angle: 0.5714048043306847
Target angle: 3.221820870206236, distance: 311.06506930154086, angle diff: 1.0938034006910922, rotation direction: -1
Basic rotation angle: 1.693121693121693, rotation gain: 0.002258705835733394
Rotation gain: 1.24, direction: -1, curvature radius: 7.5
{'type': 'running', 'physical': {'user_x': 923.5160045783571, 'user_y': 419.7700037618837, 'user_direction': 4.294460249733307}, 'virtual': {'user_x': 2438.0758466976954, 'user_y': 8052.573797068409, 'user_direction': -1.350665373569178}, 'user_v': 7.999999999999999, 'user_w': 0, 'delta_t': 0.02, 'need_reset': False}
Tangent angle: 2.633316550525871, User angle: 4.294460249733307, Offset angle: 0.5705043660572555
Target angle: 3.203820916583126, distance: 311.68165932941093, angle diff: 1.0906393331501807, rotation direction: -1
Basic rotation angle: 1.693121693121693, rotation gain: 0.002613428315155956
Rotation gain: 1.24, direction: -1, curvature radius: 7.5
{'type': 'running', 'physical': {'user_x': 920.8168397810274, 'user_y': 414.02309758014917, 'user_direction': 4.2732962285692855}, 'virtual': {'user_x': 2439.8227060427216, 'user_y': 8044.7668461636895, 'user_direction': -1.3506653735691778}, 'user_v': 7.999999999999999, 'user_w': 0, 'delta_t': 0.02, 'need_reset': False}
Tangent angle: 2.6162348185001587, User angle: 4.2732962285692855, Offset angle: 0.56965149028899
Target angle: 3.185886308789149, distance: 312.2672780179955, angle diff: 1.0874099197801366, rotation direction: -1
Basic rotation angle: 1.693121693121693, rotation gain: 0.0029252920105217917
Rotation gain: 1.24, direction: -1, curvature radius: 7.5
{'type': 'running', 'physical': {'user_x': 917.9966608959656, 'user_y': 408.3345993318367, 'user_direction': 4.252132207405264}, 'virtual': {'user_x': 2441.569565387748, 'user_y': 8036.95989525897, 'user_direction': -1.3506653735691774}, 'user_v': 7.999999999999999, 'user_w': 0, 'delta_t': 0.02, 'need_reset': False}
Tangent angle: 2.5991698942406023, User angle: 4.252132207405264, Offset angle: 0.5688459362871909
Target angle: 3.1680158305277932, distance: 312.8218377196057, angle diff: 1.0841163768774709, rotation direction: -1
Basic rotation angle: 1.693121693121693, rotation gain: 0.00319958433535094
Rotation gain: 1.24, direction: -1, curvature radius: 7.5
{'type': 'running', 'physical': {'user_x': 915.0567310786802, 'user_y': 402.7070568900387, 'user_direction': 4.230968186241243}, 'virtual': {'user_x': 2443.316424732774, 'user_y': 8029.152944354251, 'user_direction': -1.350665373569177}, 'user_v': 7.999999999999999, 'user_w': 0, 'delta_t': 0.02, 'need_reset': False}
Tangent angle: 2.5821208090860046, User angle: 4.230968186241243, Offset angle: 0.5680874765426933
Target angle: 3.1502082856286977, distance: 313.34525558714654, angle diff: 1.080759900612545, rotation direction: -1
Basic rotation angle: 1.693121693121693, rotation gain: 0.0034409324172171634
Rotation gain: 1.24, direction: -1, curvature radius: 7.5
{'type': 'running', 'physical': {'user_x': 911.9983671210109, 'user_y': 397.1429908257983, 'user_direction': 4.209804165077221}, 'virtual': {'user_x': 2445.0632840778003, 'user_y': 8021.345993449532, 'user_direction': -1.3506653735691765}, 'user_v': 7.999999999999999, 'user_w': 0, 'delta_t': 0.02, 'need_reset': False}
Tangent angle: 2.565086600880327, User angle: 4.209804165077221, Offset angle: 0.5673758967384224
Target angle: 3.132462497618749, distance: 313.8374535604049, angle diff: 1.0773416674584722, rotation direction: -1
Basic rotation angle: 1.693121693121693, rotation gain: 0.0036533856218484207
Rotation gain: 1.24, direction: -1, curvature radius: 7.5
{'type': 'running', 'physical': {'user_x': 908.8229388613395, 'user_y': 391.64489327914794, 'user_direction': 4.1886401439132}, 'virtual': {'user_x': 2446.8101434228265, 'user_y': 8013.539042544813, 'user_direction': -1.350665373569176}, 'user_v': 7.999999999999999, 'user_w': 0, 'delta_t': 0.02, 'need_reset': False}
Tangent angle: 2.54806631358266, User angle: 4.1886401439132, Offset angle: 0.5667109957125191
Target angle: 3.114777309295179, distance: 314.29835835335234, angle diff: 1.073862834618021, rotation direction: -1
Basic rotation angle: 1.693121693121693, rotation gain: 0.00384048776192118
Rotation gain: 1.24, direction: -1, curvature radius: 7.5
{'type': 'running', 'physical': {'user_x': 905.5318685710399, 'user_y': 386.21522684288226, 'user_direction': 4.167476122749179}, 'virtual': {'user_x': 2448.5570027678527, 'user_y': 8005.732091640094, 'user_direction': -1.3506653735691752}, 'user_v': 7.999999999999999, 'user_w': 0, 'delta_t': 0.02, 'need_reset': False}
Tangent angle: 2.531058996878604, User angle: 4.167476122749179, Offset angle: 0.5660925854223297
Target angle: 3.0971515823009335, distance: 314.727901442423, angle diff: 1.070324540448245, rotation direction: -1
Basic rotation angle: 1.693121693121693, rotation gain: 0.004005340279960658
Rotation gain: 1.24, direction: -1, curvature radius: 7.5
{'type': 'running', 'physical': {'user_x': 902.1266303174446, 'user_y': 380.85642345956495, 'user_direction': 4.146312101585157}, 'virtual': {'user_x': 2450.303862112879, 'user_y': 7997.925140735375, 'user_direction': -1.3506653735691743}, 'user_v': 7.999999999999999, 'user_w': 0, 'delta_t': 0.02, 'need_reset': False}
Tangent angle: 2.5140637057930273, User angle: 4.146312101585157, Offset angle: 0.5655204909095362
Target angle: 3.0795841967025632, distance: 315.1260190557221, angle diff: 1.066727904882594, rotation direction: -1
Basic rotation angle: 1.693121693121693, rotation gain: 0.004150657533582229
Rotation gain: 1.24, direction: -1, curvature radius: 7.5
{'type': 'running', 'physical': {'user_x': 898.6087493036107, 'user_y': 375.5708833322639, 'user_direction': 4.125148080421136}, 'virtual': {'user_x': 2452.050721457905, 'user_y': 7990.118189830656, 'user_direction': -1.3506653735691732}, 'user_v': 7.999999999999999, 'user_w': 0, 'delta_t': 0.02, 'need_reset': False}
Tangent angle: 2.497079500304143, User angle: 4.125148080421136, Offset angle: 0.5649945502666776
Target angle: 3.0620740505708204, distance: 315.4926521631319, angle diff: 1.0630740298503154, rotation direction: -1
Basic rotation angle: 1.693121693121693, rotation gain: 0.0042788151702795275
Rotation gain: 1.24, direction: -1, curvature radius: 7.5
{'type': 'running', 'physical': {'user_x': 894.9798011851833, 'user_y': 370.3609738495027, 'user_direction': 4.103984059257114}, 'virtual': {'user_x': 2453.7975808029314, 'user_y': 7982.311238925937, 'user_direction': -1.3506653735691714}, 'user_v': 7.999999999999999, 'user_w': 0, 'delta_t': 0.02, 'need_reset': False}
Tangent angle: 2.4801054449588626, User angle: 4.103984059257114, Offset angle: 0.5645146146052867
Target angle: 3.0446200595641493, distance: 315.8277464672777, angle diff: 1.0593639996929651, rotation direction: -1
Basic rotation angle: 1.693121693121693, rotation gain: 0.004391892455563839
Rotation gain: 1.24, direction: -1, curvature radius: 7.5
{'type': 'running', 'physical': {'user_x': 891.2414113646608, 'user_y': 365.22902852490927, 'user_direction': 4.082820038093093}, 'virtual': {'user_x': 2455.5444401479576, 'user_y': 7974.504288021218, 'user_direction': -1.3506653735691687}, 'user_v': 7.999999999999999, 'user_w': 0, 'delta_t': 0.02, 'need_reset': False}
Tangent angle: 2.4631406084893546, User angle: 4.082820038093093, Offset angle: 0.56408054802585
Target angle: 3.0272211565152043, distance: 316.13125239532627, angle diff: 1.0555988815778887, rotation direction: -1
Basic rotation angle: 1.693121693121693, rotation gain: 0.004491709310283503
Rotation gain: 1.24, direction: -1, curvature radius: 7.5
{'type': 'running', 'physical': {'user_x': 887.3952542633785, 'user_y': 360.17734595203734, 'user_direction': 4.061656016929072}, 'virtual': {'user_x': 2457.291299492984, 'user_y': 7966.697337116499, 'user_direction': -1.350665373569164}, 'user_v': 7.999999999999999, 'user_w': 0, 'delta_t': 0.02, 'need_reset': False}
Tangent angle: 2.4461840634307324, User angle: 4.061656016929072, Offset angle: 0.5636922275897783
Target angle: 3.0098762910205106, distance: 316.40312509158434, angle diff: 1.051779725908561, rotation direction: -1
Basic rotation angle: 1.693121693121693, rotation gain: 0.004579858718473274
Rotation gain: 1.24, direction: -1, curvature radius: 7.5
{'type': 'running', 'physical': {'user_x': 883.4430525715369, 'user_y': 355.20818877482856, 'user_direction': 4.04049199576505}, 'virtual': {'user_x': 2459.03815883801, 'user_y': 7958.8903862117795, 'user_direction': -1.3506653735691547}, 'user_v': 7.999999999999999, 'user_w': 0, 'delta_t': 0.02, 'need_reset': False}
Tangent angle: 2.4292348857397963, User angle: 4.04049199576505, Offset angle: 0.5633495432935479
Target angle: 2.9925844290333443, distance: 316.6433244108756, angle diff: 1.047907566731706, rotation direction: -1
Basic rotation angle: 1.693121693121693, rotation gain: 0.0046577350844146164
Rotation gain: 1.24, direction: -1, curvature radius: 7.5
{'type': 'running', 'physical': {'user_x': 879.38657647661, 'user_y': 350.32378267417636, 'user_direction': 4.019327974601029}, 'virtual': {'user_x': 2460.573575715152, 'user_y': 7952.028400321358, 'user_direction': -1.3506653735691547}, 'user_v': 0, 'user_w': 0.1, 'delta_t': 0.02, 'need_reset': False}
Tangent angle: 2.412292154414742, User angle: 4.019327974601029, Offset angle: 0.5630523980451676
Target angle: 2.9753445524599096, distance: 316.85181491266945, angle diff: 1.0439834221411193, rotation direction: -1
Basic rotation angle: 0.0, rotation gain: 0.004097219560409117
Rotation gain: 1.24, direction: -1, curvature radius: 2500000
{'type': 'running', 'physical': {'user_x': 875.2276428704806, 'user_y': 345.52631537104554, 'user_direction': 3.9981639534370075}, 'virtual': {'user_x': 2460.573575715152, 'user_y': 7952.028400321358, 'user_direction': -1.2506653735691546}, 'user_v': 0, 'user_w': 0.1, 'delta_t': 0.02, 'need_reset': False}
Tangent angle: 2.395354951115736, User angle: 3.9981639534370075, Offset angle: 0.562800707643093
Target angle: 2.9581556587588294, distance: 317.0285658559453, angle diff: 1.0400082946781781, rotation direction: -1
Basic rotation angle: 0.0, rotation gain: 0.0036067891159455
Rotation gain: 1.24, direction: -1, curvature radius: 2500000
{'type': 'running', 'physical': {'user_x': 875.2276428704806, 'user_y': 345.52631537104554, 'user_direction': 4.07880911472733}, 'virtual': {'user_x': 2460.573575715152, 'user_y': 7952.028400321358, 'user_direction': -1.1506653735691545}, 'user_v': 0, 'user_w': 0.1, 'delta_t': 0.02, 'need_reset': False}
Tangent angle: 2.395354951115736, User angle: 4.07880911472733, Offset angle: 0.562800707643093
Target angle: 2.9581556587588294, distance: 317.0285658559453, angle diff: 1.120653455968501, rotation direction: -1
Basic rotation angle: 0.0, rotation gain: 0.003177662477039836
Rotation gain: 1.24, direction: -1, curvature radius: 2500000
{'type': 'running', 'physical': {'user_x': 875.2276428704806, 'user_y': 345.52631537104554, 'user_direction': 4.159454276017653}, 'virtual': {'user_x': 2460.573575715152, 'user_y': 7952.028400321358, 'user_direction': -1.0506653735691545}, 'user_v': 0, 'user_w': 0.1, 'delta_t': 0.02, 'need_reset': False}
Tangent angle: 2.395354951115736, User angle: 4.159454276017653, Offset angle: 0.562800707643093
Target angle: 2.9581556587588294, distance: 317.0285658559453, angle diff: 1.201298617258824, rotation direction: -1
Basic rotation angle: 0.0, rotation gain: 0.0028021766679973796
Rotation gain: 1.24, direction: -1, curvature radius: 2500000
{'type': 'running', 'physical': {'user_x': 875.2276428704806, 'user_y': 345.52631537104554, 'user_direction': 4.240099437307976}, 'virtual': {'user_x': 2460.573575715152, 'user_y': 7952.028400321358, 'user_direction': -0.9506653735691545}, 'user_v': 0, 'user_w': 0.1, 'delta_t': 0.02, 'need_reset': False}
Tangent angle: 2.395354951115736, User angle: 4.240099437307976, Offset angle: 0.562800707643093
Target angle: 2.9581556587588294, distance: 317.0285658559453, angle diff: 1.281943778549147, rotation direction: -1
Basic rotation angle: 0.0, rotation gain: 0.0024736265850852303
Rotation gain: 1.24, direction: -1, curvature radius: 2500000
{'type': 'running', 'physical': {'user_x': 875.2276428704806, 'user_y': 345.52631537104554, 'user_direction': 4.320744598598299}, 'virtual': {'user_x': 2460.573575715152, 'user_y': 7952.028400321358, 'user_direction': -0.8506653735691545}, 'user_v': 0, 'user_w': 0.1, 'delta_t': 0.02, 'need_reset': False}
Tangent angle: 2.395354951115736, User angle: 4.320744598598299, Offset angle: 0.562800707643093
Target angle: 2.9581556587588294, distance: 317.0285658559453, angle diff: 1.36258893983947, rotation direction: -1
Basic rotation angle: 0.0, rotation gain: 0.0021861452625370997
Rotation gain: 1.24, direction: -1, curvature radius: 2500000
{'type': 'running', 'physical': {'user_x': 875.2276428704806, 'user_y': 345.52631537104554, 'user_direction': 4.401389759888622}, 'virtual': {'user_x': 2460.573575715152, 'user_y': 7952.028400321358, 'user_direction': -0.7506653735691545}, 'user_v': 0, 'user_w': 0.1, 'delta_t': 0.02, 'need_reset': False}
Tangent angle: 2.395354951115736, User angle: 4.401389759888622, Offset angle: 0.562800707643093
Target angle: 2.9581556587588294, distance: 317.0285658559453, angle diff: 1.443234101129793, rotation direction: -1
Basic rotation angle: 0.0, rotation gain: 0.0019345991053074856
Rotation gain: 1.24, direction: -1, curvature radius: 2500000
{'type': 'running', 'physical': {'user_x': 875.2276428704806, 'user_y': 345.52631537104554, 'user_direction': 4.482034921178945}, 'virtual': {'user_x': 2460.573575715152, 'user_y': 7952.028400321358, 'user_direction': -0.6506653735691545}, 'user_v': 0, 'user_w': 0.1, 'delta_t': 0.02, 'need_reset': False}
Tangent angle: 2.395354951115736, User angle: 4.482034921178945, Offset angle: 0.562800707643093
Target angle: 2.9581556587588294, distance: 317.0285658559453, angle diff: 1.5238792624201158, rotation direction: -1
Basic rotation angle: 0.0, rotation gain: 0.0017144962177315733
Rotation gain: 1.24, direction: -1, curvature radius: 2500000
{'type': 'running', 'physical': {'user_x': 875.2276428704806, 'user_y': 345.52631537104554, 'user_direction': 4.562680082469268}, 'virtual': {'user_x': 2460.573575715152, 'user_y': 7952.028400321358, 'user_direction': -0.5506653735691546}, 'user_v': 0, 'user_w': 0.1, 'delta_t': 0.02, 'need_reset': False}
Tangent angle: 2.395354951115736, User angle: 4.562680082469268, Offset angle: 0.562800707643093
Target angle: 2.9581556587588294, distance: 317.0285658559453, angle diff: 1.6045244237104388, rotation direction: -1
Basic rotation angle: 0.0, rotation gain: 0.00152190619110265
Rotation gain: 1.24, direction: -1, curvature radius: 2500000
{'type': 'running', 'physical': {'user_x': 875.2276428704806, 'user_y': 345.52631537104554, 'user_direction': 4.643325243759591}, 'virtual': {'user_x': 2460.573575715152, 'user_y': 7952.028400321358, 'user_direction': -0.4506653735691546}, 'user_v': 0, 'user_w': 0.1, 'delta_t': 0.02, 'need_reset': False}
Tangent angle: 2.395354951115736, User angle: 4.643325243759591, Offset angle: 0.562800707643093
Target angle: 2.9581556587588294, distance: 317.0285658559453, angle diff: 1.6851695850007617, rotation direction: -1
Basic rotation angle: 0.0, rotation gain: 0.0013533899178023421
Rotation gain: 1.24, direction: -1, curvature radius: 2500000
{'type': 'running', 'physical': {'user_x': 875.2276428704806, 'user_y': 345.52631537104554, 'user_direction': 4.723970405049914}, 'virtual': {'user_x': 2460.573575715152, 'user_y': 7952.028400321358, 'user_direction': -0.3506653735691546}, 'user_v': 0, 'user_w': 0.1, 'delta_t': 0.02, 'need_reset': False}
Tangent angle: 2.395354951115736, User angle: 4.723970405049914, Offset angle: 0.562800707643093
Target angle: 2.9581556587588294, distance: 317.0285658559453, angle diff: 1.7658147462910847, rotation direction: -1
Basic rotation angle: 0.0, rotation gain: 0.0012059381786645727
Rotation gain: 1.24, direction: -1, curvature radius: 2500000
{'type': 'running', 'physical': {'user_x': 875.2276428704806, 'user_y': 345.52631537104554, 'user_direction': 4.804615566340237}, 'virtual': {'user_x': 2460.573575715152, 'user_y': 7952.028400321358, 'user_direction': -0.25066537356915464}, 'user_v': 0, 'user_w': 0.1, 'delta_t': 0.02, 'need_reset': False}
Tangent angle: 2.395354951115736, User angle: 4.804615566340237, Offset angle: 0.562800707643093
Target angle: 2.9581556587588294, distance: 317.0285658559453, angle diff: 1.8464599075814077, rotation direction: -1
Basic rotation angle: 0.0, rotation gain: 0.0010769179069190244
Rotation gain: 1.24, direction: -1, curvature radius: 2500000
{'type': 'running', 'physical': {'user_x': 875.2276428704806, 'user_y': 345.52631537104554, 'user_direction': 4.88526072763056}, 'virtual': {'user_x': 2460.573575715152, 'user_y': 7952.028400321358, 'user_direction': -0.15066537356915463}, 'user_v': 0, 'user_w': 0.1, 'delta_t': 0.02, 'need_reset': False}
Tangent angle: 2.395354951115736, User angle: 4.88526072763056, Offset angle: 0.562800707643093
Target angle: 2.9581556587588294, distance: 317.0285658559453, angle diff: 1.9271050688717306, rotation direction: -1
Basic rotation angle: 0.0, rotation gain: 0.0009640251691416697
Rotation gain: 1.24, direction: -1, curvature radius: 2500000
{'type': 'running', 'physical': {'user_x': 875.2276428704806, 'user_y': 345.52631537104554, 'user_direction': 4.965905888920883}, 'virtual': {'user_x': 2460.573575715152, 'user_y': 7952.028400321358, 'user_direction': -0.050665373569154626}, 'user_v': 0, 'user_w': 0.1, 'delta_t': 0.02, 'need_reset': False}
Tangent angle: 2.395354951115736, User angle: 4.965905888920883, Offset angle: 0.562800707643093
Target angle: 2.9581556587588294, distance: 317.0285658559453, angle diff: 2.0077502301620536, rotation direction: -1
Basic rotation angle: 0.0, rotation gain: 0.0008652440235864844
Rotation gain: 1.24, direction: -1, curvature radius: 2500000
{'type': 'running', 'physical': {'user_x': 875.2276428704806, 'user_y': 345.52631537104554, 'user_direction': 5.046551050211206}, 'virtual': {'user_x': 2460.573575715152, 'user_y': 7952.028400321358, 'user_direction': 0.04933462643084538}, 'user_v': 0, 'user_w': 0.1, 'delta_t': 0.02, 'need_reset': False}
Tangent angle: 2.395354951115736, User angle: 5.046551050211206, Offset angle: 0.562800707643093
Target angle: 2.9581556587588294, distance: 317.0285658559453, angle diff: 2.0883953914523765, rotation direction: -1
Basic rotation angle: 0.0, rotation gain: 0.0007788105212256972
Rotation gain: 1.24, direction: -1, curvature radius: 2500000
{'type': 'running', 'physical': {'user_x': 875.2276428704806, 'user_y': 345.52631537104554, 'user_direction': 5.127196211501529}, 'virtual': {'user_x': 2460.573575715152, 'user_y': 7952.028400321358, 'user_direction': 0.14933462643084539}, 'user_v': 0, 'user_w': 0.1, 'delta_t': 0.02, 'need_reset': False}
Tangent angle: 2.395354951115736, User angle: 5.127196211501529, Offset angle: 0.562800707643093
Target angle: 2.9581556587588294, distance: 317.0285658559453, angle diff: 2.1690405527426995, rotation direction: -1
Basic rotation angle: 0.0, rotation gain: 0.0007031812066600083
Rotation gain: 1.24, direction: -1, curvature radius: 2500000
{'type': 'running', 'physical': {'user_x': 875.2276428704806, 'user_y': 345.52631537104554, 'user_direction': 5.207841372791852}, 'virtual': {'user_x': 2460.573575715152, 'user_y': 7952.028400321358, 'user_direction': 0.2796005164327839}, 'user_v': 7.999999999999999, 'user_w': 0, 'delta_t': 0.02, 'need_reset': False}
Tangent angle: 2.395354951115736, User angle: 5.207841372791852, Offset angle: 0.562800707643093
Target angle: 2.9581556587588294, distance: 317.0285658559453, angle diff: 2.2496857140330224, rotation direction: -1
Basic rotation angle: 1.693121693121693, rotation gain: 0.0012669435734532079
Rotation gain: 1.24, direction: -1, curvature radius: 7.5
{'type': 'running', 'physical': {'user_x': 875.2276428704806, 'user_y': 345.52631537104554, 'user_direction': 5.288486534082175}, 'virtual': {'user_x': 2468.262901804449, 'user_y': 7954.2361739267035, 'user_direction': 0.2796005164327839}, 'user_v': 7.999999999999999, 'user_w': 0, 'delta_t': 0.02, 'need_reset': False}
Tangent angle: 2.395354951115736, User angle: 5.288486534082175, Offset angle: 0.562800707643093
Target angle: 2.9581556587588294, distance: 317.0285658559453, angle diff: 2.3303308753233454, rotation direction: -1
Basic rotation angle: 1.693121693121693, rotation gain: 0.0017602356443972575
Rotation gain: 1.24, direction: -1, curvature radius: 7.5
{'type': 'running', 'physical': {'user_x': 878.5729559391173, 'user_y': 340.1298997330863, 'user_direction': 5.267322512918153}, 'virtual': {'user_x': 2475.952227893746, 'user_y': 7956.443947532049, 'user_direction': 0.2796005164327835}, 'user_v': 7.999999999999999, 'user_w': 0, 'delta_t': 0.02, 'need_reset': False}
Tangent angle: 2.3909155977949643, User angle: 5.267322512918153, Offset angle: 0.5526924930270265
Target angle: 2.943608090821991, distance: 324.245833887489, angle diff: 2.3237144220961623, rotation direction: -1
Basic rotation angle: 1.693121693121693, rotation gain: 0.0021923426378900276
Rotation gain: 1.24, direction: -1, curvature radius: 7.5
{'type': 'running', 'physical': {'user_x': 881.8033184975463, 'user_y': 334.66389762863173, 'user_direction': 5.246158491754132}, 'virtual': {'user_x': 2483.641553983043, 'user_y': 7958.651721137394, 'user_direction': 0.2796005164327831}, 'user_v': 7.999999999999999, 'user_w': 0, 'delta_t': 0.02, 'need_reset': False}
Tangent angle: 2.3862823362870427, User angle: 5.246158491754132, Offset angle: 0.5430086179555527
Target angle: 2.929290954242595, distance: 331.38551196130885, angle diff: 2.316867537511537, rotation direction: -1
Basic rotation angle: 1.693121693121693, rotation gain: 0.002570862506364194
Rotation gain: 1.24, direction: -1, curvature radius: 7.5
{'type': 'running', 'physical': {'user_x': 884.9172836693724, 'user_y': 329.13075727495766, 'user_direction': 5.224994470590111}, 'virtual': {'user_x': 2491.3308800723403, 'user_y': 7960.859494742739, 'user_direction': 0.27960051643278255}, 'user_v': 7.999999999999999, 'user_w': 0, 'delta_t': 0.02, 'need_reset': False}
Tangent angle: 2.3814650748123416, User angle: 5.224994470590111, Offset angle: 0.5337238826839926
Target angle: 2.9151889574963343, distance: 338.4494130412572, angle diff: 2.3098055130937762, rotation direction: -1
Basic rotation angle: 1.693121693121693, rotation gain: 0.002902445861544866
Rotation gain: 1.24, direction: -1, curvature radius: 7.5
{'type': 'running', 'physical': {'user_x': 887.9134567124815, 'user_y': 323.53295696049946, 'user_direction': 5.203830449426089}, 'virtual': {'user_x': 2499.0202061616374, 'user_y': 7963.067268348084, 'user_direction': 0.27960051643278205}, 'user_v': 7.999999999999999, 'user_w': 0, 'delta_t': 0.02, 'need_reset': False}
Tangent angle: 2.3764730870454107, User angle: 5.203830449426089, Offset angle: 0.5248151362732247
Target angle: 2.9012882233186357, distance: 345.43911828734025, angle diff: 2.3025422261074535, rotation direction: -1
Basic rotation angle: 1.693121693121693, rotation gain: 0.0031929141570421725
Rotation gain: 1.24, direction: -1, curvature radius: 7.5
{'type': 'running', 'physical': {'user_x': 890.7904956437451, 'user_y': 317.873003934829, 'user_direction': 5.182666428262068}, 'virtual': {'user_x': 2506.7095322509344, 'user_y': 7965.2750419534295, 'user_direction': 0.27960051643278144}, 'user_v': 7.999999999999999, 'user_w': 0, 'delta_t': 0.02, 'need_reset': False}
Tangent angle: 2.371315060682516, User angle: 5.182666428262068, Offset angle: 0.5162610639278579
Target angle: 2.8875761246103737, distance: 352.35600500841747, angle diff: 2.295090303651694, rotation direction: -1
Basic rotation angle: 1.693121693121693, rotation gain: 0.0034473631272352746
Rotation gain: 1.24, direction: -1, curvature radius: 7.5
{'type': 'running', 'physical': {'user_x': 893.5471118400926, 'user_y': 312.1534332856599, 'user_direction': 5.161502407098046}, 'virtual': {'user_x': 2514.3988583402315, 'user_y': 7967.482815558775, 'user_direction': 0.2796005164327807}, 'user_v': 7.999999999999999, 'user_w': 0, 'delta_t': 0.02, 'need_reset': False}
Tangent angle: 2.3659991417874924, User angle: 5.161502407098046, Offset angle: 0.5080420015476749
Target angle: 2.8740411433351674, distance: 359.2012706532271, angle diff: 2.287461263762879, rotation direction: -1
Basic rotation angle: 1.693121693121693, rotation gain: 0.0036702533211468657
Rotation gain: 1.24, direction: -1, curvature radius: 7.5
{'type': 'running', 'physical': {'user_x': 896.1820706156851, 'user_y': 306.37680680338406, 'user_direction': 5.140338385934025}, 'virtual': {'user_x': 2522.0881844295286, 'user_y': 7969.69058916412, 'user_direction': 0.2796005164327799}, 'user_v': 7.999999999999999, 'user_w': 0, 'delta_t': 0.02, 'need_reset': False}
Tangent angle: 2.3605329753183097, User angle: 5.140338385934025, Offset angle: 0.5001397733310291
Target angle: 2.860672748649339, distance: 365.9759534958164, angle diff: 2.279665637284686, rotation direction: -1
Basic rotation angle: 1.693121693121693, rotation gain: 0.0038654893408910343
Rotation gain: 1.24, direction: -1, curvature radius: 7.5
{'type': 'running', 'physical': {'user_x': 898.6941917749294, 'user_y': 300.54571183364817, 'user_direction': 5.119174364770004}, 'virtual': {'user_x': 2529.7775105188257, 'user_y': 7971.898362769465, 'user_direction': 0.279600516432779}, 'user_v': 7.999999999999999, 'user_w': 0, 'delta_t': 0.02, 'need_reset': False}
Tangent angle: 2.354923742196191, User angle: 5.119174364770004, Offset angle: 0.4925375490091657
Target angle: 2.8474612912053567, distance: 372.68095054791144, angle diff: 2.271713073564647, rotation direction: -1
Basic rotation angle: 1.693121693121693, rotation gain: 0.004036489193662933
Rotation gain: 1.24, direction: -1, curvature radius: 7.5
{'type': 'running', 'physical': {'user_x': 901.0823501410871, 'user_y': 294.66276011848396, 'user_direction': 5.098010343605982}, 'virtual': {'user_x': 2537.466836608123, 'user_y': 7974.10613637481, 'user_direction': 0.2796005164327779}, 'user_v': 7.999999999999999, 'user_w': 0, 'delta_t': 0.02, 'need_reset': False}
Tangent angle: 2.3491781932426745, User angle: 5.098010343605982, Offset angle: 0.4852197178811205
Target angle: 2.834397911123795, distance: 379.3170331331598, angle diff: 2.263612432482187, rotation direction: -1
Basic rotation angle: 1.693121693121693, rotation gain: 0.004186244990592595
Rotation gain: 1.24, direction: -1, curvature radius: 7.5
{'type': 'running', 'physical': {'user_x': 903.3454760602395, 'user_y': 288.73058662651135, 'user_direction': 5.076846322441961}, 'virtual': {'user_x': 2545.15616269742, 'user_y': 7976.313909980156, 'user_direction': 0.2796005164327766}, 'user_v': 7.999999999999999, 'user_w': 0, 'delta_t': 0.02, 'need_reset': False}
Tangent angle: 2.3433026802773167, User angle: 5.076846322441961, Offset angle: 0.4781717772935642
Target angle: 2.821474457570881, distance: 385.88486048054426, angle diff: 2.25537186487108, rotation direction: -1
Basic rotation angle: 1.693121693121693, rotation gain: 0.00431737607200881
Rotation gain: 1.24, direction: -1, curvature radius: 7.5
{'type': 'running', 'physical': {'user_x': 905.4825558803855, 'user_y': 282.7518483727385, 'user_direction': 5.0556823012779395}, 'virtual': {'user_x': 2552.845488786717, 'user_y': 7978.521683585501, 'user_direction': 0.27960051643277506}, 'user_v': 7.999999999999999, 'user_w': 0, 'delta_t': 0.02, 'need_reset': False}
Tangent angle: 2.337303184639423, User angle: 5.0556823012779395, Offset angle: 0.4713802335941061
Target angle: 2.8086834182335294, distance: 392.3849916321045, angle diff: 2.24699888304441, rotation direction: -1
Basic rotation angle: 1.693121693121693, rotation gain: 0.004432175504035804
Rotation gain: 1.24, direction: -1, curvature radius: 7.5
{'type': 'running', 'physical': {'user_x': 907.4926324054544, 'user_y': 276.7292232284871, 'user_direction': 5.034518280113918}, 'virtual': {'user_x': 2560.534814876014, 'user_y': 7980.729457190846, 'user_direction': 0.2796005164327731}, 'user_v': 7.999999999999999, 'user_w': 0, 'delta_t': 0.02, 'need_reset': False}
Tangent angle: 2.3311853433708936, User angle: 5.034518280113918, Offset angle: 0.46483251389941826
Target angle: 2.7960178572703116, distance: 398.81789591001706, angle diff: 2.2385004228436065, rotation direction: -1
Basic rotation angle: 1.693121693121693, rotation gain: 0.004532650773595014
Rotation gain: 1.24, direction: -1, curvature radius: 7.5
{'type': 'running', 'physical': {'user_x': 909.3748053240341, 'user_y': 270.6654087219766, 'user_direction': 5.013354258949897}, 'virtual': {'user_x': 2568.224140965311, 'user_y': 7982.937230796191, 'user_direction': 0.2796005164327707}, 'user_v': 7.999999999999999, 'user_w': 0, 'delta_t': 0.02, 'need_reset': False}
Tangent angle: 2.324954473273739, User angle: 5.013354258949897, Offset angle: 0.45851688727587625
Target angle: 2.783471360549615, distance: 405.18396214750004, angle diff: 2.2298828984002816, rotation direction: -1
Basic rotation angle: 1.693121693121693, rotation gain: 0.004620559405720374
Rotation gain: 1.24, direction: -1, curvature radius: 7.5
{'type': 'running', 'physical': {'user_x': 911.1282316126191, 'user_y': 264.56312083010346, 'user_direction': 4.992190237785875}, 'virtual': {'user_x': 2575.913467054608, 'user_y': 7985.145004401536, 'user_direction': 0.2796005164327675}, 'user_v': 7.999999999999999, 'user_w': 0, 'delta_t': 0.02, 'need_reset': False}
Tangent angle: 2.318615593034724, User angle: 4.992190237785875, Offset angle: 0.45242239414163415
Target angle: 2.771037987176358, distance: 411.48350685493494, angle diff: 2.221152250609517, rotation direction: -1
Basic rotation angle: 1.693121693121693, rotation gain: 0.004697440136790949
Rotation gain: 1.24, direction: -1, curvature radius: 7.5
{'type': 'running', 'physical': {'user_x': 912.7521259131998, 'user_y': 258.42509276195784, 'user_direction': 4.971026216621854}, 'virtual': {'user_x': 2583.6027931439053, 'user_y': 7987.352778006882, 'user_direction': 0.2796005164327631}, 'user_v': 7.999999999999999, 'user_w': 0, 'delta_t': 0.02, 'need_reset': False}
Tangent angle: 2.312173443590672, User angle: 4.971026216621854, Offset angle: 0.446538782874044
Target angle: 2.758712226464716, distance: 417.7167814655082, angle diff: 2.212313990157138, rotation direction: -1
Basic rotation angle: 1.693121693121693, rotation gain: 0.004764640198238525
Rotation gain: 1.24, direction: -1, curvature radius: 7.5
{'type': 'running', 'physical': {'user_x': 914.2457608850247, 'user_y': 252.25407373462176, 'user_direction': 4.949862195457833}, 'virtual': {'user_x': 2591.2921192332024, 'user_y': 7989.560551612227, 'user_direction': 0.27960051643275696}, 'user_v': 7.999999999999999, 'user_w': 0, 'delta_t': 0.02, 'need_reset': False}
Tangent angle: 2.3056325068910466, User angle: 4.949862195457833, Offset angle: 0.440856452752051
Target angle: 2.7464889596430977, distance: 423.88397878237146, angle diff: 2.203373235814735, rotation direction: -1
Basic rotation angle: 1.693121693121693, rotation gain: 0.004823339196098098
Rotation gain: 1.24, direction: -1, curvature radius: 7.5
{'type': 'running', 'physical': {'user_x': 915.6084675303741, 'user_y': 246.0528277417972, 'user_direction': 4.928698174293811}, 'virtual': {'user_x': 2598.9814453224994, 'user_y': 7991.768325217572, 'user_direction': 0.2796005164327472}, 'user_v': 7.999999999999999, 'user_w': 0, 'delta_t': 0.02, 'need_reset': False}
Tangent angle: 2.298997023199209, User angle: 4.928698174293811, Offset angle: 0.43536640248510894
Target angle: 2.734363425684318, distance: 429.9852387308768, angle diff: 2.194334748609493, rotation direction: -1
Basic rotation angle: 1.693121693121693, rotation gain: 0.004874570011208073
Rotation gain: 1.24, direction: -1, curvature radius: 7.5
{'type': 'running', 'physical': {'user_x': 916.8396354942049, 'user_y': 239.824132315816, 'user_direction': 4.90753415312979}, 'virtual': {'user_x': 2606.6707714117965, 'user_y': 7993.976098822916, 'user_direction': 0.27960051643272993}, 'user_v': 7.999999999999999, 'user_w': 0, 'delta_t': 0.02, 'need_reset': False}
Tangent angle: 2.2922710070601555, User angle: 4.90753415312979, Offset angle: 0.4300601836826456
Target angle: 2.722331190742801, distance: 436.02065350411493, angle diff: 2.1852029623869886, rotation direction: -1
Basic rotation angle: 1.693121693121693, rotation gain: 0.00491923709185951
Rotation gain: 1.24, direction: -1, curvature radius: 7.5
{'type': 'running', 'physical': {'user_x': 917.9387133375274, 'user_y': 233.57077728358573, 'user_direction': 4.886370131965768}, 'virtual': {'user_x': 2614.3600975010936, 'user_y': 7996.183872428262, 'user_direction': 0.27960051643276024}, 'user_v': 7.999999999999999, 'user_w': 0, 'delta_t': 0.02, 'need_reset': False}
Tangent angle: 2.285458262050288, User angle: 4.886370131965768, Offset angle: 0.4249298587046053
Target angle: 2.710388120754893, distance: 441.990272177203, angle diff: 2.175982011210875, rotation direction: -1
Basic rotation angle: 1.693121693121693, rotation gain: 0.004958132464298288
Rotation gain: 1.24, direction: -1, curvature radius: 7.5
{'type': 'running', 'physical': {'user_x': 918.9052087843943, 'user_y': 227.29556351702863, 'user_direction': 4.865206110801747}, 'virtual': {'user_x': 2618.7517548409287, 'user_y': 7997.444813250124, 'user_direction': 0.27960051643276024}, 'user_v': 0, 'user_w': 0.1, 'delta_t': 0.02, 'need_reset': False}
Tangent angle: 2.27856239441383, User angle: 4.865206110801747, Offset angle: 0.41996796240692813
Target angle: 2.698530356820758, distance: 447.8941048550509, angle diff: 2.166675753980989, rotation direction: -1
Basic rotation angle: 0.0, rotation gain: 0.004360152034248188
Rotation gain: 1.24, direction: -1, curvature radius: 2500000
{'type': 'running', 'physical': {'user_x': 919.7386889423908, 'user_y': 221.00130167857384, 'user_direction': 4.844042089637726}, 'virtual': {'user_x': 2618.7517548409287, 'user_y': 7997.444813250124, 'user_direction': 0.37960051643276027}, 'user_v': 0, 'user_w': 0.1, 'delta_t': 0.02, 'need_reset': False}
Tangent angle: 2.271586825680613, User angle: 4.844042089637726, Offset angle: 0.41516746735821153
Target angle: 2.6867542930388244, distance: 453.7321264093323, angle diff: 2.1572877965989012, rotation direction: -1
Basic rotation angle: 0.0, rotation gain: 0.0038369110427160496
Rotation gain: 1.24, direction: -1, curvature radius: 2500000
{'type': 'running', 'physical': {'user_x': 919.7386889423908, 'user_y': 221.00130167857384, 'user_direction': 4.924687250928049}, 'virtual': {'user_x': 2618.7517548409287, 'user_y': 7997.444813250124, 'user_direction': 0.47960051643276025}, 'user_v': 0, 'user_w': 0.1, 'delta_t': 0.02, 'need_reset': False}
Tangent angle: 2.271586825680613, User angle: 4.924687250928049, Offset angle: 0.41516746735821153
Target angle: 2.6867542930388244, distance: 453.7321264093323, angle diff: 2.237932957889224, rotation direction: -1
Basic rotation angle: 0.0, rotation gain: 0.0033790751751254285
Rotation gain: 1.24, direction: -1, curvature radius: 2500000
{'type': 'running', 'physical': {'user_x': 919.7386889423908, 'user_y': 221.00130167857384, 'user_direction': 5.0053324122183716}, 'virtual': {'user_x': 2618.7517548409287, 'user_y': 7997.444813250124, 'user_direction': 0.5796005164327602}, 'user_v': 0, 'user_w': 0.1, 'delta_t': 0.02, 'need_reset': False}
Tangent angle: 2.271586825680613, User angle: 5.0053324122183716, Offset angle: 0.41516746735821153
Target angle: 2.6867542930388244, distance: 453.7321264093323, angle diff: 2.318578119179547, rotation direction: -1
Basic rotation angle: 0.0, rotation gain: 0.002978468790983635
Rotation gain: 1.24, direction: -1, curvature radius: 2500000
{'type': 'running', 'physical': {'user_x': 919.7386889423908, 'user_y': 221.00130167857384, 'user_direction': 5.0859775735086945}, 'virtual': {'user_x': 2618.7517548409287, 'user_y': 7997.444813250124, 'user_direction': 0.6796005164327602}, 'user_v': 0, 'user_w': 0.1, 'delta_t': 0.02, 'need_reset': False}
Tangent angle: 2.271586825680613, User angle: 5.0859775735086945, Offset angle: 0.41516746735821153
Target angle: 2.6867542930388244, distance: 453.7321264093323, angle diff: 2.39922328046987, rotation direction: -1
Basic rotation angle: 0.0, rotation gain: 0.002627938204859566
Rotation gain: 1.24, direction: -1, curvature radius: 2500000
{'type': 'running', 'physical': {'user_x': 919.7386889423908, 'user_y': 221.00130167857384, 'user_direction': 5.1666227347990175}, 'virtual': {'user_x': 2618.7517548409287, 'user_y': 7997.444813250124, 'user_direction': 0.7796005164327602}, 'user_v': 0, 'user_w': 0.1, 'delta_t': 0.02, 'need_reset': False}
Tangent angle: 2.271586825680613, User angle: 5.1666227347990175, Offset angle: 0.41516746735821153
Target angle: 2.6867542930388244, distance: 453.7321264093323, angle diff: 2.479868441760193, rotation direction: -1
Basic rotation angle: 0.0, rotation gain: 0.0023212239420010057
Rotation gain: 1.24, direction: -1, curvature radius: 2500000
{'type': 'running', 'physical': {'user_x': 919.7386889423908, 'user_y': 221.00130167857384, 'user_direction': 5.24726789608934}, 'virtual': {'user_x': 2618.7517548409287, 'user_y': 7997.444813250124, 'user_direction': 0.8796005164327602}, 'user_v': 0, 'user_w': 0.1, 'delta_t': 0.02, 'need_reset': False}
Tangent angle: 2.271586825680613, User angle: 5.24726789608934, Offset angle: 0.41516746735821153
Target angle: 2.6867542930388244, distance: 453.7321264093323, angle diff: 2.560513603050516, rotation direction: -1
Basic rotation angle: 0.0, rotation gain: 0.0020528489619997654
Rotation gain: 1.24, direction: -1, curvature radius: 2500000
{'type': 'running', 'physical': {'user_x': 919.7386889423908, 'user_y': 221.00130167857384, 'user_direction': 5.327913057379663}, 'virtual': {'user_x': 2618.7517548409287, 'user_y': 7997.444813250124, 'user_direction': 0.9796005164327601}, 'user_v': 0, 'user_w': 0.1, 'delta_t': 0.02, 'need_reset': False}
Tangent angle: 2.271586825680613, User angle: 5.327913057379663, Offset angle: 0.41516746735821153
Target angle: 2.6867542930388244, distance: 453.7321264093323, angle diff: 2.641158764340839, rotation direction: -1
Basic rotation angle: 0.0, rotation gain: 0.00181802085449868
Rotation gain: 1.24, direction: -1, curvature radius: 2500000
{'type': 'running', 'physical': {'user_x': 919.7386889423908, 'user_y': 221.00130167857384, 'user_direction': 5.408558218669986}, 'virtual': {'user_x': 2618.7517548409287, 'user_y': 7997.444813250124, 'user_direction': 1.0796005164327602}, 'user_v': 0, 'user_w': 0.1, 'delta_t': 0.02, 'need_reset': False}
Tangent angle: 2.271586825680613, User angle: 5.408558218669986, Offset angle: 0.41516746735821153
Target angle: 2.6867542930388244, distance: 453.7321264093323, angle diff: 2.721803925631162, rotation direction: -1
Basic rotation angle: 0.0, rotation gain: 0.0016125462604352303
Rotation gain: 1.24, direction: -1, curvature radius: 2500000
{'type': 'running', 'physical': {'user_x': 919.7386889423908, 'user_y': 221.00130167857384, 'user_direction': 5.489203379960309}, 'virtual': {'user_x': 2618.7517548409287, 'user_y': 7997.444813250124, 'user_direction': 1.1796005164327603}, 'user_v': 0, 'user_w': 0.1, 'delta_t': 0.02, 'need_reset': False}
Tangent angle: 2.271586825680613, User angle: 5.489203379960309, Offset angle: 0.41516746735821153
Target angle: 1.8564193583224018, distance: 453.7321264093323, angle diff: 2.6504012855416788, rotation direction: 1
Basic rotation angle: 0.0, rotation gain: 0.0014298393317205638
Rotation gain: 1.24, direction: 1, curvature radius: 2500000
{'type': 'running', 'physical': {'user_x': 919.7386889423908, 'user_y': 221.00130167857384, 'user_direction': 5.569848541250632}, 'virtual': {'user_x': 2618.7517548409287, 'user_y': 7997.444813250124, 'user_direction': 1.2796005164327604}, 'user_v': 0, 'user_w': 0.1, 'delta_t': 0.02, 'need_reset': False}
Tangent angle: 2.271586825680613, User angle: 5.569848541250632, Offset angle: 0.41516746735821153
Target angle: 1.8564193583224018, distance: 453.7321264093323, angle diff: 2.569756124251356, rotation direction: 1
Basic rotation angle: 0.0, rotation gain: 0.0012699707690952307
Rotation gain: 1.24, direction: 1, curvature radius: 2500000
{'type': 'running', 'physical': {'user_x': 919.7386889423908, 'user_y': 221.00130167857384, 'user_direction': 5.650493702540955}, 'virtual': {'user_x': 2618.7517548409287, 'user_y': 7997.444813250124, 'user_direction': 1.3796005164327605}, 'user_v': 0, 'user_w': 0.1, 'delta_t': 0.02, 'need_reset': False}
Tangent angle: 2.271586825680613, User angle: 5.650493702540955, Offset angle: 0.41516746735821153
Target angle: 1.8564193583224018, distance: 453.7321264093323, angle diff: 2.489110962961033, rotation direction: 1
Basic rotation angle: 0.0, rotation gain: 0.001130085776798064
Rotation gain: 1.24, direction: 1, curvature radius: 2500000
{'type': 'running', 'physical': {'user_x': 919.7386889423908, 'user_y': 221.00130167857384, 'user_direction': 5.731138863831278}, 'virtual': {'user_x': 2618.7517548409287, 'user_y': 7997.444813250124, 'user_direction': 1.4796005164327606}, 'user_v': 0, 'user_w': 0.1, 'delta_t': 0.02, 'need_reset': False}
Tangent angle: 2.271586825680613, User angle: 5.731138863831278, Offset angle: 0.41516746735821153
Target angle: 1.8564193583224018, distance: 453.7321264093323, angle diff: 2.40846580167071, rotation direction: 1
Basic rotation angle: 0.0, rotation gain: 0.0010076864085380433
Rotation gain: 1.24, direction: 1, curvature radius: 2500000
{'type': 'running', 'physical': {'user_x': 919.7386889423908, 'user_y': 221.00130167857384, 'user_direction': 5.811784025121601}, 'virtual': {'user_x': 2618.7517548409287, 'user_y': 7997.444813250124, 'user_direction': 1.5796005164327607}, 'user_v': 0, 'user_w': 0.1, 'delta_t': 0.02, 'need_reset': False}
Tangent angle: 2.271586825680613, User angle: 5.811784025121601, Offset angle: 0.41516746735821153
Target angle: 1.8564193583224018, distance: 453.7321264093323, angle diff: 2.327820640380387, rotation direction: 1
Basic rotation angle: 0.0, rotation gain: 0.0009005869613105252
Rotation gain: 1.24, direction: 1, curvature radius: 2500000
{'type': 'running', 'physical': {'user_x': 919.7386889423908, 'user_y': 221.00130167857384, 'user_direction': 5.892429186411924}, 'virtual': {'user_x': 2618.7517548409287, 'user_y': 7997.444813250124, 'user_direction': 1.6796005164327608}, 'user_v': 0, 'user_w': 0.1, 'delta_t': 0.02, 'need_reset': False}
Tangent angle: 2.271586825680613, User angle: 5.892429186411924, Offset angle: 0.41516746735821153
Target angle: 1.8564193583224018, distance: 453.7321264093323, angle diff: 2.247175479090064, rotation direction: 1
Basic rotation angle: 0.0, rotation gain: 0.0008068749449864469
Rotation gain: 1.24, direction: 1, curvature radius: 2500000
{'type': 'running', 'physical': {'user_x': 919.7386889423908, 'user_y': 221.00130167857384, 'user_direction': 5.973074347702247}, 'virtual': {'user_x': 2618.7517548409287, 'user_y': 7997.444813250124, 'user_direction': 1.7796005164327608}, 'user_v': 0, 'user_w': 0.1, 'delta_t': 0.02, 'need_reset': False}
Tangent angle: 2.271586825680613, User angle: 5.973074347702247, Offset angle: 0.41516746735821153
Target angle: 1.8564193583224018, distance: 453.7321264093323, angle diff: 2.166530317799741, rotation direction: 1
Basic rotation angle: 0.0, rotation gain: 0.0007248769307028784
Rotation gain: 1.24, direction: 1, curvature radius: 2500000
{'type': 'running', 'physical': {'user_x': 919.7386889423908, 'user_y': 221.00130167857384, 'user_direction': 6.05371950899257}, 'virtual': {'user_x': 2618.7517548409287, 'user_y': 7997.444813250124, 'user_direction': 1.879600516432761}, 'user_v': 0, 'user_w': 0.1, 'delta_t': 0.02, 'need_reset': False}
Tangent angle: 2.271586825680613, User angle: 6.05371950899257, Offset angle: 0.41516746735821153
Target angle: 1.8564193583224018, distance: 453.7321264093323, angle diff: 2.085885156509418, rotation direction: 1
Basic rotation angle: 0.0, rotation gain: 0.000653128668204756
Rotation gain: 1.24, direction: 1, curvature radius: 2500000
{'type': 'running', 'physical': {'user_x': 919.7386889423908, 'user_y': 221.00130167857384, 'user_direction': 6.134364670282893}, 'virtual': {'user_x': 2618.7517548409287, 'user_y': 7997.444813250124, 'user_direction': 1.979600516432761}, 'user_v': 0, 'user_w': 0.1, 'delta_t': 0.02, 'need_reset': False}
Tangent angle: 2.271586825680613, User angle: 6.134364670282893, Offset angle: 0.41516746735821153
Target angle: 1.8564193583224018, distance: 453.7321264093323, angle diff: 2.005239995219095, rotation direction: 1
Basic rotation angle: 0.0, rotation gain: 0.0005903489385188989
Rotation gain: 1.24, direction: 1, curvature radius: 2500000
{'type': 'running', 'physical': {'user_x': 919.7386889423908, 'user_y': 221.00130167857384, 'user_direction': 6.215009831573216}, 'virtual': {'user_x': 2618.7517548409287, 'user_y': 7997.444813250124, 'user_direction': 2.079600516432761}, 'user_v': 0, 'user_w': 0.1, 'delta_t': 0.02, 'need_reset': False}
Tangent angle: 2.271586825680613, User angle: 6.215009831573216, Offset angle: 0.41516746735821153
Target angle: 1.8564193583224018, distance: 453.7321264093323, angle diff: 1.9245948339287722, rotation direction: 1
Basic rotation angle: 0.0, rotation gain: 0.0005354166750437738
Rotation gain: 1.24, direction: 1, curvature radius: 2500000
{'type': 'running', 'physical': {'user_x': 919.7386889423908, 'user_y': 221.00130167857384, 'user_direction': 0.01246968568395257}, 'virtual': {'user_x': 2618.7517548409287, 'user_y': 7997.444813250124, 'user_direction': 2.179600516432761}, 'user_v': 0, 'user_w': 0.1, 'delta_t': 0.02, 'need_reset': False}
Tangent angle: 2.271586825680613, User angle: 0.01246968568395257, Offset angle: 0.41516746735821153
Target angle: 1.8564193583224018, distance: 453.7321264093323, angle diff: 1.8439496726384492, rotation direction: 1
Basic rotation angle: 0.0, rotation gain: 0.0004873509445030394
Rotation gain: 1.24, direction: 1, curvature radius: 2500000
{'type': 'running', 'physical': {'user_x': 919.7386889423908, 'user_y': 221.00130167857384, 'user_direction': 0.09311484697427516}, 'virtual': {'user_x': 2618.7517548409287, 'user_y': 7997.444813250124, 'user_direction': 2.2796005164327613}, 'user_v': 0, 'user_w': 0.1, 'delta_t': 0.02, 'need_reset': False}
Tangent angle: 2.271586825680613, User angle: 0.09311484697427516, Offset angle: 0.41516746735821153
Target angle: 1.8564193583224018, distance: 453.7321264093323, angle diff: 1.7633045113481267, rotation direction: 1
Basic rotation angle: 0.0, rotation gain: 0.0004452934302798968
Rotation gain: 1.24, direction: 1, curvature radius: 2500000
{'type': 'running', 'physical': {'user_x': 919.7386889423908, 'user_y': 221.00130167857384, 'user_direction': 0.17376000826459775}, 'virtual': {'user_x': 2618.7517548409287, 'user_y': 7997.444813250124, 'user_direction': 2.3796005164327614}, 'user_v': 0, 'user_w': 0.1, 'delta_t': 0.02, 'need_reset': False}
Tangent angle: 2.271586825680613, User angle: 0.17376000826459775, Offset angle: 0.41516746735821153
Target angle: 1.8564193583224018, distance: 453.7321264093323, angle diff: 1.682659350057804, rotation direction: 1
Basic rotation angle: 0.0, rotation gain: 0.000408493105334647
Rotation gain: 1.24, direction: 1, curvature radius: 2500000
{'type': 'running', 'physical': {'user_x': 919.7386889423908, 'user_y': 221.00130167857384, 'user_direction': 0.2544051695549203}, 'virtual': {'user_x': 2618.7517548409287, 'user_y': 7997.444813250124, 'user_direction': 2.4796005164327615}, 'user_v': 0, 'user_w': 0.1, 'delta_t': 0.02, 'need_reset': False}
Tangent angle: 2.271586825680613, User angle: 0.2544051695549203, Offset angle: 0.41516746735821153
Target angle: 1.8564193583224018, distance: 453.7321264093323, angle diff: 1.6020141887674815, rotation direction: 1
Basic rotation angle: 0.0, rotation gain: 0.0003762928210075534
Rotation gain: 1.24, direction: 1, curvature radius: 2500000
{'type': 'running', 'physical': {'user_x': 919.7386889423908, 'user_y': 221.00130167857384, 'user_direction': 0.33505033084524294}, 'virtual': {'user_x': 2618.7517548409287, 'user_y': 7997.444813250124, 'user_direction': 2.5796005164327616}, 'user_v': 0, 'user_w': 0.1, 'delta_t': 0.02, 'need_reset': False}
Tangent angle: 2.271586825680613, User angle: 0.33505033084524294, Offset angle: 0.41516746735821153
Target angle: 1.8564193583224018, distance: 453.7321264093323, angle diff: 1.5213690274771587, rotation direction: 1
Basic rotation angle: 0.0, rotation gain: 0.00034811757222134653
Rotation gain: 1.24, direction: 1, curvature radius: 2500000
{'type': 'running', 'physical': {'user_x': 919.7386889423908, 'user_y': 221.00130167857384, 'user_direction': 0.41569549213556556}, 'virtual': {'user_x': 2618.7517548409287, 'user_y': 7997.444813250124, 'user_direction': 2.6796005164327616}, 'user_v': 0, 'user_w': 0.1, 'delta_t': 0.02, 'need_reset': False}
Tangent angle: 2.271586825680613, User angle: 0.41569549213556556, Offset angle: 0.41516746735821153
Target angle: 1.8564193583224018, distance: 453.7321264093323, angle diff: 1.4407238661868362, rotation direction: 1
Basic rotation angle: 0.0, rotation gain: 0.00032346422953341553
Rotation gain: 1.24, direction: 1, curvature radius: 2500000
{'type': 'running', 'physical': {'user_x': 919.7386889423908, 'user_y': 221.00130167857384, 'user_direction': 0.4963406534258882}, 'virtual': {'user_x': 2618.7517548409287, 'user_y': 7997.444813250124, 'user_direction': 2.7796005164327617}, 'user_v': 0, 'user_w': 0.1, 'delta_t': 0.02, 'need_reset': False}
Tangent angle: 2.271586825680613, User angle: 0.4963406534258882, Offset angle: 0.41516746735821153
Target angle: 1.8564193583224018, distance: 453.7321264093323, angle diff: 1.3600787048965137, rotation direction: 1
Basic rotation angle: 0.0, rotation gain: 0.0003018925546814759
Rotation gain: 1.24, direction: 1, curvature radius: 2500000
{'type': 'running', 'physical': {'user_x': 919.7386889423908, 'user_y': 221.00130167857384, 'user_direction': 0.5769858147162108}, 'virtual': {'user_x': 2618.7517548409287, 'user_y': 7997.444813250124, 'user_direction': 2.879600516432762}, 'user_v': 0, 'user_w': 0.1, 'delta_t': 0.02, 'need_reset': False}
Tangent angle: 2.271586825680613, User angle: 0.5769858147162108, Offset angle: 0.41516746735821153
Target angle: 1.8564193583224018, distance: 453.7321264093323, angle diff: 1.279433543606191, rotation direction: 1
Basic rotation angle: 0.0, rotation gain: 0.0002830173391860287
Rotation gain: 1.24, direction: 1, curvature radius: 2500000
{'type': 'running', 'physical': {'user_x': 919.7386889423908, 'user_y': 221.00130167857384, 'user_direction': 0.6576309760065334}, 'virtual': {'user_x': 2618.7517548409287, 'user_y': 7997.444813250124, 'user_direction': 2.979600516432762}, 'user_v': 0, 'user_w': 0.1, 'delta_t': 0.02, 'need_reset': False}
Tangent angle: 2.271586825680613, User angle: 0.6576309760065334, Offset angle: 0.41516746735821153
Target angle: 1.8564193583224018, distance: 453.7321264093323, angle diff: 1.1987883823158683, rotation direction: 1
Basic rotation angle: 0.0, rotation gain: 0.0002665015256275124
Rotation gain: 1.24, direction: 1, curvature radius: 2500000
{'type': 'running', 'physical': {'user_x': 919.7386889423908, 'user_y': 221.00130167857384, 'user_direction': 0.738276137296856}, 'virtual': {'user_x': 2618.7517548409287, 'user_y': 7997.444813250124, 'user_direction': 3.079600516432762}, 'user_v': 0, 'user_w': 0.1, 'delta_t': 0.02, 'need_reset': False}
Tangent angle: 2.271586825680613, User angle: 0.738276137296856, Offset angle: 0.41516746735821153
Target angle: 1.8564193583224018, distance: 453.7321264093323, angle diff: 1.1181432210255458, rotation direction: 1
Basic rotation angle: 0.0, rotation gain: 0.0002520501887638107
Rotation gain: 1.24, direction: 1, curvature radius: 2500000
{'type': 'running', 'physical': {'user_x': 919.7386889423908, 'user_y': 221.00130167857384, 'user_direction': 0.8189212985871787}, 'virtual': {'user_x': 2618.7517548409287, 'user_y': 7997.444813250124, 'user_direction': -3.1206509740530777}, 'user_v': 7.999999999999999, 'user_w': 0, 'delta_t': 0.02, 'need_reset': False}
Tangent angle: 2.271586825680613, User angle: 0.8189212985871787, Offset angle: 0.41516746735821153
Target angle: 1.8564193583224018, distance: 453.7321264093323, angle diff: 1.0374980597352232, rotation direction: 1
Basic rotation angle: 1.693121693121693, rotation gain: 0.0007863845303604536
Rotation gain: 1.24, direction: 1, curvature radius: 7.5
{'type': 'running', 'physical': {'user_x': 919.7386889423908, 'user_y': 221.00130167857384, 'user_direction': 0.8995664598775013}, 'virtual': {'user_x': 2610.753508992587, 'user_y': 7997.27729205897, 'user_direction': -3.1206509740530777}, 'user_v': 7.999999999999999, 'user_w': 0, 'delta_t': 0.02, 'need_reset': False}
Tangent angle: 2.271586825680613, User angle: 0.8995664598775013, Offset angle: 0.41516746735821153
Target angle: 1.8564193583224018, distance: 453.7321264093323, angle diff: 0.9568528984449005, rotation direction: 1
Basic rotation angle: 1.693121693121693, rotation gain: 0.001253927079257516
Rotation gain: 1.24, direction: 1, curvature radius: 7.5
{'type': 'running', 'physical': {'user_x': 923.5814751211941, 'user_y': 226.05554896662775, 'user_direction': 0.9207304810415224}, 'virtual': {'user_x': 2602.755263144245, 'user_y': 7997.109770867815, 'user_direction': -3.120650974053079}, 'user_v': 7.999999999999999, 'user_w': 0, 'delta_t': 0.02, 'need_reset': False}
Tangent angle: 2.2841172672487495, User angle: 0.9207304810415224, Offset angle: 0.41636791282739805
Target angle: 1.8677493544213508, distance: 452.2603492461594, angle diff: 0.9470188733798284, rotation direction: 1
Basic rotation angle: 1.693121693121693, rotation gain: 0.0016651115931045173
Rotation gain: 1.24, direction: 1, curvature radius: 7.5
{'type': 'running', 'physical': {'user_x': 927.3164404985198, 'user_y': 231.18998709508747, 'user_direction': 0.9418945022055436}, 'virtual': {'user_x': 2594.757017295903, 'user_y': 7996.942249676661, 'user_direction': -3.120650974053081}, 'user_v': 7.999999999999999, 'user_w': 0, 'delta_t': 0.02, 'need_reset': False}
Tangent angle: 2.296658560209395, User angle: 0.9418945022055436, Offset angle: 0.4176236799622068
Target angle: 1.879034880247188, distance: 450.7292733332758, angle diff: 0.9371403780416443, rotation direction: 1
Basic rotation angle: 1.693121693121693, rotation gain: 0.0020269517120655805
Rotation gain: 1.24, direction: 1, curvature radius: 7.5
{'type': 'running', 'physical': {'user_x': 930.9419121868375, 'user_y': 236.40231635387468, 'user_direction': 0.9630585233695648}, 'virtual': {'user_x': 2586.7587714475612, 'user_y': 7996.774728485507, 'user_direction': -3.1206509740530826}, 'user_v': 7.999999999999999, 'user_w': 0, 'delta_t': 0.02, 'need_reset': False}
Tangent angle: 2.3092112228548762, User angle: 0.9630585233695648, Offset angle: 0.4189355841440987
Target angle: 1.8902756387107775, distance: 449.1389816022522, angle diff: 0.9272171153412128, rotation direction: 1
Basic rotation angle: 1.693121693121693, rotation gain: 0.002345584506403274
Rotation gain: 1.24, direction: 1, curvature radius: 7.5
{'type': 'running', 'physical': {'user_x': 934.4562663407387, 'user_y': 241.69020214554604, 'user_direction': 0.9842225445335859}, 'virtual': {'user_x': 2578.7605255992194, 'user_y': 7996.6072072943525, 'user_direction': -3.120650974053085}, 'user_v': 7.999999999999999, 'user_w': 0, 'delta_t': 0.02, 'need_reset': False}
Tangent angle: 2.321775784280811, User angle: 0.9842225445335859, Offset angle: 0.42030448397585274
Target angle: 1.9014713003049586, distance: 447.48955890957586, angle diff: 0.9172487557713727, rotation direction: 1
Basic rotation angle: 1.693121693121693, rotation gain: 0.0026263800461804356
Rotation gain: 1.24, direction: 1, curvature radius: 7.5
{'type': 'running', 'physical': {'user_x': 937.8579288842554, 'user_y': 247.05127603095715, 'user_direction': 1.005386565697607}, 'virtual': {'user_x': 2570.7622797508775, 'user_y': 7996.439686103198, 'user_direction': -3.120650974053088}, 'user_v': 7.999999999999999, 'user_w': 0, 'delta_t': 0.02, 'need_reset': False}
Tangent angle: 2.334352784980804, User angle: 1.005386565697607, Offset angle: 0.42173128277323396
Target angle: 1.9126215022075694, distance: 445.7810918616156, angle diff: 0.9072349365099623, rotation direction: 1
Basic rotation angle: 1.693121693121693, rotation gain: 0.0028740372748658895
Rotation gain: 1.24, direction: 1, curvature radius: 7.5
{'type': 'running', 'physical': {'user_x': 941.1453762158878, 'user_y': 252.48313679008427, 'user_direction': 1.0265505868616283}, 'virtual': {'user_x': 2562.7640339025356, 'user_y': 7996.272164912044, 'user_direction': -3.120650974053091}, 'user_v': 7.999999999999999, 'user_w': 0, 'delta_t': 0.02, 'need_reset': False}
Tangent angle: 2.3469427774646605, User angle: 1.0265505868616283, Offset angle: 0.42321693015353046
Target angle: 1.9237258473111307, distance: 444.01366862827433, angle diff: 0.8971752604495025, rotation direction: 1
Basic rotation angle: 1.693121693121693, rotation gain: 0.0030926678988529312
Rotation gain: 1.24, direction: 1, curvature radius: 7.5
{'type': 'running', 'physical': {'user_x': 944.3171358910234, 'user_y': 257.98335149752853, 'user_direction': 1.0477146080256494}, 'virtual': {'user_x': 2554.7657880541938, 'user_y': 7996.10464372089, 'user_direction': -3.120650974053095}, 'user_v': 7.999999999999999, 'user_w': 0, 'delta_t': 0.02, 'need_reset': False}
Tangent angle: 2.35954632690165, User angle: 1.0477146080256494, Offset angle: 0.42476242372667755
Target angle: 1.9347839031749725, distance: 442.18737874464557, angle diff: 0.8870692951493231, rotation direction: 1
Basic rotation angle: 1.693121693121693, rotation gain: 0.0032858697908984026
Rotation gain: 1.24, direction: 1, curvature radius: 7.5
{'type': 'running', 'physical': {'user_x': 947.3717872814437, 'user_y': 263.549456612221, 'user_direction': 1.0688786291896706}, 'virtual': {'user_x': 2546.767542205852, 'user_y': 7995.9371225297355, 'user_direction': -3.1206509740531}, 'user_v': 7.999999999999999, 'user_w': 0, 'delta_t': 0.02, 'need_reset': False}
Tangent angle: 2.372164011790439, User angle: 1.0688786291896706, Offset angle: 0.42636881089515516
Target angle: 1.945795200895283, distance: 440.3023128999397, angle diff: 0.8769165717056124, rotation direction: 1
Basic rotation angle: 1.693121693121693, rotation gain: 0.0034567912182392317
Rotation gain: 1.24, direction: 1, curvature radius: 7.5
{'type': 'running', 'physical': {'user_x': 950.3079622116227, 'user_y': 269.1789590808403, 'user_direction': 1.0900426503536917}, 'virtual': {'user_x': 2538.76929635751, 'user_y': 7995.769601338581, 'user_direction': -3.1206509740531065}, 'user_v': 7.999999999999999, 'user_w': 0, 'delta_t': 0.02, 'need_reset': False}
Tangent angle: 2.3847964246574196, User angle: 1.0900426503536917, Offset angle: 0.4280371907693549
Target angle: 1.9567592338880644, distance: 438.3585627128732, angle diff: 0.8667165835343726, rotation direction: 1
Basic rotation angle: 1.693121693121693, rotation gain: 0.0036081870422987276
Rotation gain: 1.24, direction: 1, curvature radius: 7.5
{'type': 'running', 'physical': {'user_x': 953.1243455715306, 'user_y': 274.8693374544492, 'user_direction': 1.111206671517713}, 'virtual': {'user_x': 2530.771050509168, 'user_y': 7995.602080147428, 'user_direction': -3.120650974053116}, 'user_v': 7.999999999999999, 'user_w': 0, 'delta_t': 0.02, 'need_reset': False}
Tangent angle: 2.397444172785248, User angle: 1.111206671517713, Offset angle: 0.4297687162056683
Target angle: 1.9676754565795793, distance: 436.3562204926505, angle diff: 0.8564687850618664, rotation direction: 1
Basic rotation angle: 1.693121693121693, rotation gain: 0.003742467893530865
Rotation gain: 1.24, direction: 1, curvature radius: 7.5
{'type': 'running', 'physical': {'user_x': 955.8196759056714, 'user_y': 280.6180430178489, 'user_direction': 1.132370692681734}, 'virtual': {'user_x': 2522.7728046608263, 'user_y': 7995.434558956274, 'user_direction': -3.120650974053104}, 'user_v': 7.999999999999999, 'user_w': 0, 'delta_t': 0.02, 'need_reset': False}
Tangent angle: 2.410107878973542, User angle: 1.132370692681734, Offset angle: 0.43156459597514796
Target angle: 1.9785432829983947, distance: 434.29537898458653, angle diff: 0.8461725903166606, rotation direction: 1
Basic rotation angle: 1.693121693121693, rotation gain: 0.003861743199507251
Rotation gain: 1.24, direction: 1, curvature radius: 7.5
{'type': 'running', 'physical': {'user_x': 958.3927459780869, 'user_y': 286.42250093114643, 'user_direction': 1.1535347138457552}, 'virtual': {'user_x': 2514.7745588124844, 'user_y': 7995.26703776512, 'user_direction': -3.120650974053117}, 'user_v': 7.999999999999999, 'user_w': 0, 'delta_t': 0.02, 'need_reset': False}
Tangent angle: 2.422788182333786, User angle: 1.1535347138457552, Offset angle: 0.43342609707125473
Target angle: 1.989362085262531, distance: 432.17613109933586, angle diff: 0.8358273714167759, rotation direction: 1
Basic rotation angle: 1.693121693121693, rotation gain: 0.003967858834588334
Rotation gain: 1.24, direction: 1, curvature radius: 7.5
{'type': 'running', 'physical': {'user_x': 960.8424033130767, 'user_y': 292.2801113830229, 'user_direction': 1.1746987350097764}, 'virtual': {'user_x': 2506.7763129641426, 'user_y': 7995.099516573966, 'user_direction': -3.1206509740530968}, 'user_v': 7.999999999999999, 'user_w': 0, 'delta_t': 0.02, 'need_reset': False}
Tangent angle: 2.4354857391206397, User angle: 1.1746987350097764, Offset angle: 0.43535454716591904
Target angle: 2.0001311919547202, distance: 429.9985696245999, angle diff: 0.8254324569449438, rotation direction: 1
Basic rotation angle: 1.693121693121693, rotation gain: 0.004062430063477629
Rotation gain: 1.24, direction: 1, curvature radius: 7.5
{'type': 'running', 'physical': {'user_x': 963.1675507113913, 'user_y': 298.1882507551868, 'user_direction': 1.1958627561737976}, 'virtual': {'user_x': 2498.7780671158007, 'user_y': 7994.931995382813, 'user_direction': -3.120650974053122}, 'user_v': 7.999999999999999, 'user_w': 0, 'delta_t': 0.02, 'need_reset': False}
Tangent angle: 2.44820122360198, User angle: 1.1958627561737976, Offset angle: 0.4373513372239296
Target angle: 2.0108498863780504, distance: 427.7627869180826, angle diff: 0.8149871302042528, rotation direction: 1
Basic rotation angle: 1.693121693121693, rotation gain: 0.004146870366920308
Rotation gain: 1.24, direction: 1, curvature radius: 7.5
{'type': 'running', 'physical': {'user_x': 965.3671467416664, 'user_y': 304.1442727974899, 'user_direction': 1.2170267773378187}, 'virtual': {'user_x': 2494.1501577242607, 'user_y': 7994.835065017264, 'user_direction': -3.120650974053122}, 'user_v': 0, 'user_w': 0.1, 'delta_t': 0.02, 'need_reset': False}
Tangent angle: 2.4609353289701623, User angle: 1.2170267773378187, Offset angle: 0.43941792428652104
Target angle: 2.0215174046836424, distance: 425.4688745803533, angle diff: 0.8044906273458237, rotation direction: 1
Basic rotation angle: 0.0, rotation gain: 0.003648308407495916
Rotation gain: 1.24, direction: 1, curvature radius: 2500000
{'type': 'running', 'physical': {'user_x': 967.4402062068788, 'user_y': 310.1455098131805, 'user_direction': 1.2381907985018399}, 'virtual': {'user_x': 2494.1501577242607, 'user_y': 7994.835065017264, 'user_direction': 3.062534333126464}, 'user_v': 0, 'user_w': 0.1, 'delta_t': 0.02, 'need_reset': False}
Tangent angle: 2.473688768297144, User angle: 1.2381907985018399, Offset angle: 0.4415558344359743
Target angle: 2.0321329338611704, distance: 423.11692310614876, angle diff: 0.7939421353593306, rotation direction: 1
Basic rotation angle: 0.0, rotation gain: 0.0032121210832957102
Rotation gain: 1.24, direction: 1, curvature radius: 2500000
{'type': 'running', 'physical': {'user_x': 967.4402062068788, 'user_y': 310.1455098131805, 'user_direction': 1.3188359597921624}, 'virtual': {'user_x': 2494.1501577242607, 'user_y': 7994.835065017264, 'user_direction': 2.962534333126464}, 'user_v': 0, 'user_w': 0.1, 'delta_t': 0.02, 'need_reset': False}
Tangent angle: 2.473688768297144, User angle: 1.3188359597921624, Offset angle: 0.4415558344359743
Target angle: 2.0321329338611704, distance: 423.11692310614876, angle diff: 0.713296974069008, rotation direction: 1
Basic rotation angle: 0.0, rotation gain: 0.00283045717462053
Rotation gain: 1.24, direction: 1, curvature radius: 2500000
{'type': 'running', 'physical': {'user_x': 967.4402062068788, 'user_y': 310.1455098131805, 'user_direction': 1.399481121082485}, 'virtual': {'user_x': 2494.1501577242607, 'user_y': 7994.835065017264, 'user_direction': 2.862534333126464}, 'user_v': 0, 'user_w': 0.1, 'delta_t': 0.02, 'need_reset': False}
Tangent angle: 2.473688768297144, User angle: 1.399481121082485, Offset angle: 0.4415558344359743
Target angle: 2.0321329338611704, distance: 423.11692310614876, angle diff: 0.6326518127786855, rotation direction: 1
Basic rotation angle: 0.0, rotation gain: 0.002496501254529747
Rotation gain: 1.24, direction: 1, curvature radius: 2500000
{'type': 'running', 'physical': {'user_x': 967.4402062068788, 'user_y': 310.1455098131805, 'user_direction': 1.4801262823728074}, 'virtual': {'user_x': 2494.1501577242607, 'user_y': 7994.835065017264, 'user_direction': 2.762534333126464}, 'user_v': 0, 'user_w': 0.1, 'delta_t': 0.02, 'need_reset': False}
Tangent angle: 2.473688768297144, User angle: 1.4801262823728074, Offset angle: 0.4415558344359743
Target angle: 2.0321329338611704, distance: 423.11692310614876, angle diff: 0.552006651488363, rotation direction: 1
Basic rotation angle: 0.0, rotation gain: 0.002204289824450312
Rotation gain: 1.24, direction: 1, curvature radius: 2500000
{'type': 'running', 'physical': {'user_x': 967.4402062068788, 'user_y': 310.1455098131805, 'user_direction': 1.56077144366313}, 'virtual': {'user_x': 2494.1501577242607, 'user_y': 7994.835065017264, 'user_direction': 2.6625343331264637}, 'user_v': 0, 'user_w': 0.1, 'delta_t': 0.02, 'need_reset': False}
Tangent angle: 2.473688768297144, User angle: 1.56077144366313, Offset angle: 0.4415558344359743
Target angle: 2.0321329338611704, distance: 423.11692310614876, angle diff: 0.4713614901980405, rotation direction: 1
Basic rotation angle: 0.0, rotation gain: 0.0019486048231308064
Rotation gain: 1.24, direction: 1, curvature radius: 2500000
{'type': 'running', 'physical': {'user_x': 967.4402062068788, 'user_y': 310.1455098131805, 'user_direction': 1.6414166049534524}, 'virtual': {'user_x': 2494.1501577242607, 'user_y': 7994.835065017264, 'user_direction': 2.5625343331264636}, 'user_v': 0, 'user_w': 0.1, 'delta_t': 0.02, 'need_reset': False}
Tangent angle: 2.473688768297144, User angle: 1.6414166049534524, Offset angle: 0.4415558344359743
Target angle: 2.0321329338611704, distance: 423.11692310614876, angle diff: 0.390716328907718, rotation direction: 1
Basic rotation angle: 0.0, rotation gain: 0.0017248804469762388
Rotation gain: 1.24, direction: 1, curvature radius: 2500000
{'type': 'running', 'physical': {'user_x': 967.4402062068788, 'user_y': 310.1455098131805, 'user_direction': 1.722061766243775}, 'virtual': {'user_x': 2494.1501577242607, 'user_y': 7994.835065017264, 'user_direction': 2.4625343331264635}, 'user_v': 0, 'user_w': 0.1, 'delta_t': 0.02, 'need_reset': False}
Tangent angle: 2.473688768297144, User angle: 1.722061766243775, Offset angle: 0.4415558344359743
Target angle: 2.0321329338611704, distance: 423.11692310614876, angle diff: 0.3100711676173955, rotation direction: 1
Basic rotation angle: 0.0, rotation gain: 0.0015291216178409922
Rotation gain: 1.24, direction: 1, curvature radius: 2500000
{'type': 'running', 'physical': {'user_x': 967.4402062068788, 'user_y': 310.1455098131805, 'user_direction': 1.8027069275340974}, 'virtual': {'user_x': 2494.1501577242607, 'user_y': 7994.835065017264, 'user_direction': 2.3625343331264634}, 'user_v': 0, 'user_w': 0.1, 'delta_t': 0.02, 'need_reset': False}
Tangent angle: 2.473688768297144, User angle: 1.8027069275340974, Offset angle: 0.4415558344359743
Target angle: 2.0321329338611704, distance: 423.11692310614876, angle diff: 0.229426006327073, rotation direction: 1
Basic rotation angle: 0.0, rotation gain: 0.0013578326423476514
Rotation gain: 1.24, direction: 1, curvature radius: 2500000
{'type': 'running', 'physical': {'user_x': 967.4402062068788, 'user_y': 310.1455098131805, 'user_direction': 1.88335208882442}, 'virtual': {'user_x': 2494.1501577242607, 'user_y': 7994.835065017264, 'user_direction': 2.2625343331264633}, 'user_v': 0, 'user_w': 0.1, 'delta_t': 0.02, 'need_reset': False}
Tangent angle: 2.473688768297144, User angle: 1.88335208882442, Offset angle: 0.4415558344359743
Target angle: 2.0321329338611704, distance: 423.11692310614876, angle diff: 0.1487808450367505, rotation direction: 1
Basic rotation angle: 0.0, rotation gain: 0.0012079547887909783
Rotation gain: 1.24, direction: 1, curvature radius: 2500000
{'type': 'running', 'physical': {'user_x': 967.4402062068788, 'user_y': 310.1455098131805, 'user_direction': 1.9639972501147425}, 'virtual': {'user_x': 2494.1501577242607, 'user_y': 7994.835065017264, 'user_direction': 2.1625343331264633}, 'user_v': 0, 'user_w': 0.1, 'delta_t': 0.02, 'need_reset': False}
Tangent angle: 2.473688768297144, User angle: 1.9639972501147425, Offset angle: 0.4415558344359743
Target angle: 2.0321329338611704, distance: 423.11692310614876, angle diff: 0.06813568374642798, rotation direction: 1
Basic rotation angle: 0.0, rotation gain: 0.0010768116669288893
Rotation gain: 1.24, direction: 1, curvature radius: 2500000
{'type': 'running', 'physical': {'user_x': 967.4402062068788, 'user_y': 310.1455098131805, 'user_direction': 2.044642411405065}, 'virtual': {'user_x': 2494.1501577242607, 'user_y': 7994.835065017264, 'user_direction': 2.062534333126463}, 'user_v': 0, 'user_w': 0.1, 'delta_t': 0.02, 'need_reset': False}
Tangent angle: 2.473688768297144, User angle: 2.044642411405065, Offset angle: 0.4415558344359743
Target angle: 2.0321329338611704, distance: 423.11692310614876, angle diff: 0.012509477543894754, rotation direction: -1
Basic rotation angle: 0.0, rotation gain: 0.0009620614352995613
Rotation gain: 1.24, direction: -1, curvature radius: 2500000
{'type': 'running', 'physical': {'user_x': 967.4402062068788, 'user_y': 310.1455098131805, 'user_direction': 2.1252875726953877}, 'virtual': {'user_x': 2494.1501577242607, 'user_y': 7994.835065017264, 'user_direction': 1.962534333126463}, 'user_v': 0, 'user_w': 0.1, 'delta_t': 0.02, 'need_reset': False}
Tangent angle: 2.473688768297144, User angle: 2.1252875726953877, Offset angle: 0.4415558344359743
Target angle: 2.0321329338611704, distance: 423.11692310614876, angle diff: 0.09315463883421726, rotation direction: -1
Basic rotation angle: 0.0, rotation gain: 0.0008616549826238993
Rotation gain: 1.24, direction: -1, curvature radius: 2500000
{'type': 'running', 'physical': {'user_x': 967.4402062068788, 'user_y': 310.1455098131805, 'user_direction': 2.20593273398571}, 'virtual': {'user_x': 2494.1501577242607, 'user_y': 7994.835065017264, 'user_direction': 1.862534333126463}, 'user_v': 0, 'user_w': 0.1, 'delta_t': 0.02, 'need_reset': False}
Tangent angle: 2.473688768297144, User angle: 2.20593273398571, Offset angle: 0.4415558344359743
Target angle: 2.0321329338611704, distance: 423.11692310614876, angle diff: 0.17379980012453977, rotation direction: -1
Basic rotation angle: 0.0, rotation gain: 0.0007737993365326951
Rotation gain: 1.24, direction: -1, curvature radius: 2500000
{'type': 'running', 'physical': {'user_x': 967.4402062068788, 'user_y': 310.1455098131805, 'user_direction': 2.2865778952760327}, 'virtual': {'user_x': 2494.1501577242607, 'user_y': 7994.835065017264, 'user_direction': 1.762534333126463}, 'user_v': 0, 'user_w': 0.1, 'delta_t': 0.02, 'need_reset': False}
Tangent angle: 2.473688768297144, User angle: 2.2865778952760327, Offset angle: 0.4415558344359743
Target angle: 2.0321329338611704, distance: 423.11692310614876, angle diff: 0.2544449614148623, rotation direction: -1
Basic rotation angle: 0.0, rotation gain: 0.0006969256462028914
Rotation gain: 1.24, direction: -1, curvature radius: 2500000
{'type': 'running', 'physical': {'user_x': 967.4402062068788, 'user_y': 310.1455098131805, 'user_direction': 2.3672230565663552}, 'virtual': {'user_x': 2494.1501577242607, 'user_y': 7994.835065017264, 'user_direction': 1.6625343331264628}, 'user_v': 0, 'user_w': 0.1, 'delta_t': 0.02, 'need_reset': False}
Tangent angle: 2.473688768297144, User angle: 2.3672230565663552, Offset angle: 0.4415558344359743
Target angle: 2.0321329338611704, distance: 423.11692310614876, angle diff: 0.3350901227051848, rotation direction: -1
Basic rotation angle: 0.0, rotation gain: 0.0006296611671643131
Rotation gain: 1.24, direction: -1, curvature radius: 2500000
{'type': 'running', 'physical': {'user_x': 967.4402062068788, 'user_y': 310.1455098131805, 'user_direction': 2.4478682178566777}, 'virtual': {'user_x': 2494.1501577242607, 'user_y': 7994.835065017264, 'user_direction': 1.5625343331264627}, 'user_v': 0, 'user_w': 0.1, 'delta_t': 0.02, 'need_reset': False}
Tangent angle: 2.473688768297144, User angle: 2.4478682178566777, Offset angle: 0.4415558344359743
Target angle: 2.0321329338611704, distance: 423.11692310614876, angle diff: 0.4157352839955073, rotation direction: -1
Basic rotation angle: 0.0, rotation gain: 0.0005708047480055572
Rotation gain: 1.24, direction: -1, curvature radius: 2500000
{'type': 'running', 'physical': {'user_x': 967.4402062068788, 'user_y': 310.1455098131805, 'user_direction': 2.5285133791470003}, 'virtual': {'user_x': 2494.1501577242607, 'user_y': 7994.835065017264, 'user_direction': 1.4625343331264626}, 'user_v': 0, 'user_w': 0.1, 'delta_t': 0.02, 'need_reset': False}
Tangent angle: 2.473688768297144, User angle: 2.5285133791470003, Offset angle: 0.4415558344359743
Target angle: 2.915244602733118, distance: 423.11692310614876, angle diff: 0.3867312235861178, rotation direction: 1
Basic rotation angle: 0.0, rotation gain: 0.0005212188130311667
Rotation gain: 1.24, direction: 1, curvature radius: 2500000
{'type': 'running', 'physical': {'user_x': 967.4402062068788, 'user_y': 310.1455098131805, 'user_direction': 2.6091585404373228}, 'virtual': {'user_x': 2494.1501577242607, 'user_y': 7994.835065017264, 'user_direction': 1.3625343331264625}, 'user_v': 0, 'user_w': 0.1, 'delta_t': 0.02, 'need_reset': False}
Tangent angle: 2.473688768297144, User angle: 2.6091585404373228, Offset angle: 0.4415558344359743
Target angle: 2.915244602733118, distance: 423.11692310614876, angle diff: 0.30608606229579527, rotation direction: 1
Basic rotation angle: 0.0, rotation gain: 0.0004778311199285751
Rotation gain: 1.24, direction: 1, curvature radius: 2500000
{'type': 'running', 'physical': {'user_x': 967.4402062068788, 'user_y': 310.1455098131805, 'user_direction': 2.6898037017276453}, 'virtual': {'user_x': 2494.1501577242607, 'user_y': 7994.835065017264, 'user_direction': 1.2625343331264625}, 'user_v': 0, 'user_w': 0.1, 'delta_t': 0.02, 'need_reset': False}
Tangent angle: 2.473688768297144, User angle: 2.6898037017276453, Offset angle: 0.4415558344359743
Target angle: 2.915244602733118, distance: 423.11692310614876, angle diff: 0.22544090100547276, rotation direction: 1
Basic rotation angle: 0.0, rotation gain: 0.00043986688846380743
Rotation gain: 1.24, direction: 1, curvature radius: 2500000
{'type': 'running', 'physical': {'user_x': 967.4402062068788, 'user_y': 310.1455098131805, 'user_direction': 2.7704488630179678}, 'virtual': {'user_x': 2494.1501577242607, 'user_y': 7994.835065017264, 'user_direction': 1.1625343331264624}, 'user_v': 0, 'user_w': 0.1, 'delta_t': 0.02, 'need_reset': False}
Tangent angle: 2.473688768297144, User angle: 2.7704488630179678, Offset angle: 0.4415558344359743
Target angle: 2.915244602733118, distance: 423.11692310614876, angle diff: 0.14479573971515025, rotation direction: 1
Basic rotation angle: 0.0, rotation gain: 0.0004066481859321357
Rotation gain: 1.24, direction: 1, curvature radius: 2500000
{'type': 'running', 'physical': {'user_x': 967.4402062068788, 'user_y': 310.1455098131805, 'user_direction': 2.8510940243082903}, 'virtual': {'user_x': 2494.1501577242607, 'user_y': 7994.835065017264, 'user_direction': 1.0625343331264623}, 'user_v': 0, 'user_w': 0.1, 'delta_t': 0.02, 'need_reset': False}
Tangent angle: 2.473688768297144, User angle: 2.8510940243082903, Offset angle: 0.4415558344359743
Target angle: 2.915244602733118, distance: 423.11692310614876, angle diff: 0.06415057842482774, rotation direction: 1
Basic rotation angle: 0.0, rotation gain: 0.0003775818212169229
Rotation gain: 1.24, direction: 1, curvature radius: 2500000
{'type': 'running', 'physical': {'user_x': 967.4402062068788, 'user_y': 310.1455098131805, 'user_direction': 2.931739185598613}, 'virtual': {'user_x': 2494.1501577242607, 'user_y': 7994.835065017264, 'user_direction': 0.9625343331264623}, 'user_v': 0, 'user_w': 0.1, 'delta_t': 0.02, 'need_reset': False}
Tangent angle: 2.473688768297144, User angle: 2.931739185598613, Offset angle: 0.4415558344359743
Target angle: 2.915244602733118, distance: 423.11692310614876, angle diff: 0.016494582865494767, rotation direction: -1
Basic rotation angle: 0.0, rotation gain: 0.00035214875209111176
Rotation gain: 1.24, direction: -1, curvature radius: 2500000
{'type': 'running', 'physical': {'user_x': 967.4402062068788, 'user_y': 310.1455098131805, 'user_direction': 3.0123843468889353}, 'virtual': {'user_x': 2494.1501577242607, 'user_y': 7994.835065017264, 'user_direction': 0.8625343331264623}, 'user_v': 0, 'user_w': 0.1, 'delta_t': 0.02, 'need_reset': False}
Tangent angle: 2.473688768297144, User angle: 3.0123843468889353, Offset angle: 0.4415558344359743
Target angle: 2.915244602733118, distance: 423.11692310614876, angle diff: 0.09713974415581728, rotation direction: -1
Basic rotation angle: 0.0, rotation gain: 0.000329894816606027
Rotation gain: 1.24, direction: -1, curvature radius: 2500000
{'type': 'running', 'physical': {'user_x': 967.4402062068788, 'user_y': 310.1455098131805, 'user_direction': 3.093029508179258}, 'virtual': {'user_x': 2494.1501577242607, 'user_y': 7994.835065017264, 'user_direction': 0.7625343331264623}, 'user_v': 0, 'user_w': 0.1, 'delta_t': 0.02, 'need_reset': False}
Tangent angle: 2.473688768297144, User angle: 3.093029508179258, Offset angle: 0.4415558344359743
Target angle: 2.915244602733118, distance: 423.11692310614876, angle diff: 0.17778490544613978, rotation direction: -1
Basic rotation angle: 0.0, rotation gain: 0.0003104226230565778
Rotation gain: 1.24, direction: -1, curvature radius: 2500000
{'type': 'running', 'physical': {'user_x': 967.4402062068788, 'user_y': 310.1455098131805, 'user_direction': 3.1736746694695803}, 'virtual': {'user_x': 2494.1501577242607, 'user_y': 7994.835065017264, 'user_direction': 0.6625343331264624}, 'user_v': 0, 'user_w': 0.1, 'delta_t': 0.02, 'need_reset': False}
Tangent angle: 2.473688768297144, User angle: 3.1736746694695803, Offset angle: 0.4415558344359743
Target angle: 2.915244602733118, distance: 423.11692310614876, angle diff: 0.2584300667364623, rotation direction: -1
Basic rotation angle: 0.0, rotation gain: 0.00029338445370080977
Rotation gain: 1.24, direction: -1, curvature radius: 2500000
{'type': 'running', 'physical': {'user_x': 967.4402062068788, 'user_y': 310.1455098131805, 'user_direction': 3.254319830759903}, 'virtual': {'user_x': 2494.1501577242607, 'user_y': 7994.835065017264, 'user_direction': 0.5625343331264624}, 'user_v': 0, 'user_w': 0.1, 'delta_t': 0.02, 'need_reset': False}
Tangent angle: 2.473688768297144, User angle: 3.254319830759903, Offset angle: 0.4415558344359743
Target angle: 2.915244602733118, distance: 423.11692310614876, angle diff: 0.3390752280267848, rotation direction: -1
Basic rotation angle: 0.0, rotation gain: 0.00027847605551451274
Rotation gain: 1.24, direction: -1, curvature radius: 2500000
{'type': 'running', 'physical': {'user_x': 967.4402062068788, 'user_y': 310.1455098131805, 'user_direction': 3.3349649920502253}, 'virtual': {'user_x': 2494.1501577242607, 'user_y': 7994.835065017264, 'user_direction': 0.4625343331264624}, 'user_v': 0, 'user_w': 0.1, 'delta_t': 0.02, 'need_reset': False}
Tangent angle: 2.473688768297144, User angle: 3.3349649920502253, Offset angle: 0.4415558344359743
Target angle: 2.915244602733118, distance: 423.11692310614876, angle diff: 0.4197203893171073, rotation direction: -1
Basic rotation angle: 0.0, rotation gain: 0.00026543120710150283
Rotation gain: 1.24, direction: -1, curvature radius: 2500000
{'type': 'running', 'physical': {'user_x': 967.4402062068788, 'user_y': 310.1455098131805, 'user_direction': 3.415610153340548}, 'virtual': {'user_x': 2494.1501577242607, 'user_y': 7994.835065017264, 'user_direction': 0.36253433312646244}, 'user_v': 0, 'user_w': 0.1, 'delta_t': 0.02, 'need_reset': False}
Tangent angle: 2.473688768297144, User angle: 3.415610153340548, Offset angle: 0.4415558344359743
Target angle: 2.915244602733118, distance: 423.11692310614876, angle diff: 0.5003655506074298, rotation direction: -1
Basic rotation angle: 0.0, rotation gain: 0.0002540169647401192
Rotation gain: 1.24, direction: -1, curvature radius: 2500000
{'type': 'running', 'physical': {'user_x': 967.4402062068788, 'user_y': 310.1455098131805, 'user_direction': 3.4962553146308704}, 'virtual': {'user_x': 2494.1501577242607, 'user_y': 7994.835065017264, 'user_direction': 0.2532105082887859}, 'user_v': 7.999999999999999, 'user_w': 0, 'delta_t': 0.02, 'need_reset': False}
Tangent angle: 2.473688768297144, User angle: 3.4962553146308704, Offset angle: 0.4415558344359743
Target angle: 2.915244602733118, distance: 423.11692310614876, angle diff: 0.5810107118977523, rotation direction: -1
Basic rotation angle: 1.693121693121693, rotation gain: 0.0008752045999367304
Rotation gain: 1.24, direction: -1, curvature radius: 7.5
{'type': 'running', 'physical': {'user_x': 967.4402062068788, 'user_y': 310.1455098131805, 'user_direction': 3.576900475921193}, 'virtual': {'user_x': 2501.895062821471, 'user_y': 7996.839172059116, 'user_direction': 0.2532105082887859}, 'user_v': 7.999999999999999, 'user_w': 0, 'delta_t': 0.02, 'need_reset': False}
Tangent angle: 2.473688768297144, User angle: 3.576900475921193, Offset angle: 0.4415558344359743
Target angle: 2.915244602733118, distance: 423.11692310614876, angle diff: 0.6616558731880748, rotation direction: -1
Basic rotation angle: 1.693121693121693, rotation gain: 0.001418743780733765
Rotation gain: 1.24, direction: -1, curvature radius: 7.5
{'type': 'running', 'physical': {'user_x': 961.6277541702116, 'user_y': 307.59054942478986, 'user_direction': 3.555736454757172}, 'virtual': {'user_x': 2509.6399679186816, 'user_y': 7998.843279100968, 'user_direction': 0.25321050828878655}, 'user_v': 7.999999999999999, 'user_w': 0, 'delta_t': 0.02, 'need_reset': False}
Tangent angle: 2.4616343638439746, User angle: 3.555736454757172, Offset angle: 0.4445535909126913
Target angle: 2.906187954756666, distance: 419.85464076497624, angle diff: 0.6495485000005061, rotation direction: -1
Basic rotation angle: 1.693121693121693, rotation gain: 0.0018945620668988673
Rotation gain: 1.24, direction: -1, curvature radius: 7.5
{'type': 'running', 'physical': {'user_x': 955.7625346303698, 'user_y': 305.1591668933356, 'user_direction': 3.5345724335931505}, 'virtual': {'user_x': 2517.384873015892, 'user_y': 8000.84738614282, 'user_direction': 0.25321050828878733}, 'user_v': 7.999999999999999, 'user_w': 0, 'delta_t': 0.02, 'need_reset': False}
Tangent angle: 2.4495610129751424, User angle: 3.5345724335931505, Offset angle: 0.4476470039510843
Target angle: 2.8972080169262266, distance: 416.5310287525493, angle diff: 0.6373644166669239, rotation direction: -1
Basic rotation angle: 1.693121693121693, rotation gain: 0.002311105957731913
Rotation gain: 1.24, direction: -1, curvature radius: 7.5
{'type': 'running', 'physical': {'user_x': 949.8471746137486, 'user_y': 302.85245123279987, 'user_direction': 3.513408412429129}, 'virtual': {'user_x': 2525.1297781131025, 'user_y': 8002.851493184672, 'user_direction': 0.2532105082887883}, 'user_v': 7.999999999999999, 'user_w': 0, 'delta_t': 0.02, 'need_reset': False}
Tangent angle: 2.4374680138141587, User angle: 3.513408412429129, Offset angle: 0.45083898150805435
Target angle: 2.888306995322213, distance: 413.1461137703928, angle diff: 0.625101417106916, rotation direction: -1
Basic rotation angle: 1.693121693121693, rotation gain: 0.0026757665183545594
Rotation gain: 1.24, direction: -1, curvature radius: 7.5
{'type': 'running', 'physical': {'user_x': 943.8843236046159, 'user_y': 300.6714356189887, 'user_direction': 3.4922443912651078}, 'virtual': {'user_x': 2532.874683210313, 'user_y': 8004.855600226524, 'user_direction': 0.2532105082887895}, 'user_v': 7.999999999999999, 'user_w': 0, 'delta_t': 0.02, 'need_reset': False}
Tangent angle: 2.425354637305463, User angle: 3.4922443912651078, Offset angle: 0.4541325801176392
Target angle: 2.8794872174231023, distance: 409.69991149059507, angle diff: 0.6127571738420055, rotation direction: -1
Basic rotation angle: 1.693121693121693, rotation gain: 0.002995011319920656
Rotation gain: 1.24, direction: -1, curvature radius: 7.5
{'type': 'running', 'physical': {'user_x': 937.8766523584115, 'user_y': 298.6170969267738, 'user_direction': 3.4710803701010864}, 'virtual': {'user_x': 2540.6195883075234, 'user_y': 8006.859707268376, 'user_direction': 0.253210508288791}, 'user_v': 7.999999999999999, 'user_w': 0, 'delta_t': 0.02, 'need_reset': False}
Tangent angle: 2.4132201257231545, User angle: 3.4710803701010864, Offset angle: 0.457531013917633
Target angle: 2.8707511396407877, distance: 406.192425426389, angle diff: 0.6003292304602987, rotation direction: -1
Basic rotation angle: 1.693121693121693, rotation gain: 0.003274499887879398
Rotation gain: 1.24, direction: -1, curvature radius: 7.5
{'type': 'running', 'physical': {'user_x': 931.8268517055177, 'user_y': 296.69035529255115, 'user_direction': 3.449916348937065}, 'virtual': {'user_x': 2548.364493404734, 'user_y': 8008.863814310228, 'user_direction': 0.253210508288793}, 'user_v': 7.999999999999999, 'user_w': 0, 'delta_t': 0.02, 'need_reset': False}
Tangent angle: 2.4010636910859775, User angle: 3.449916348937065, Offset angle: 0.46103766438737437
Target angle: 2.862101355473352, distance: 402.6236457106742, angle diff: 0.5878149934637129, rotation direction: -1
Basic rotation angle: 1.693121693121693, rotation gain: 0.0035191847198138776
Rotation gain: 1.24, direction: -1, curvature radius: 7.5
{'type': 'running', 'physical': {'user_x': 925.7376313460388, 'user_y': 294.8920737021126, 'user_direction': 3.4287523277730436}, 'virtual': {'user_x': 2556.1093985019443, 'user_y': 8010.86792135208, 'user_direction': 0.25321050828879565}, 'user_v': 7.999999999999999, 'user_w': 0, 'delta_t': 0.02, 'need_reset': False}
Tangent angle: 2.3888845134714813, User angle: 3.4287523277730436, Offset angle: 0.46465609086393983
Target angle: 2.853540604335421, distance: 398.99354777330046, angle diff: 0.5752117234376226, rotation direction: -1
Basic rotation angle: 1.693121693121693, rotation gain: 0.0037333996766891623
Rotation gain: 1.24, direction: -1, curvature radius: 7.5
{'type': 'running', 'physical': {'user_x': 919.6117186361295, 'user_y': 293.2230576041157, 'user_direction': 3.4075883066090222}, 'virtual': {'user_x': 2563.8543035991547, 'user_y': 8012.872028393932, 'user_direction': 0.2532105082887995}, 'user_v': 7.999999999999999, 'user_w': 0, 'delta_t': 0.02, 'need_reset': False}
Tangent angle: 2.3766817392216444, User angle: 3.4075883066090222, Offset angle: 0.46839004191161115
Target angle: 2.8450717811332558, distance: 395.30209090682547, angle diff: 0.5625165254757665, rotation direction: -1
Basic rotation angle: 1.693121693121693, rotation gain: 0.003920937325866664
Rotation gain: 1.24, direction: -1, curvature radius: 7.5
{'type': 'running', 'physical': {'user_x': 913.4518573664138, 'user_y': 291.6840545493235, 'user_direction': 3.386424285445001}, 'virtual': {'user_x': 2571.599208696365, 'user_y': 8014.876135435784, 'user_direction': 0.2532105082888054}, 'user_v': 7.999999999999999, 'user_w': 0, 'delta_t': 0.02, 'need_reset': False}
Tangent angle: 2.3644544790315942, User angle: 3.386424285445001, Offset angle: 0.4722434676281104
Target angle: 2.8366979466597044, distance: 391.5492167092142, angle diff: 0.5497263387852964, rotation direction: -1
Basic rotation angle: 1.693121693121693, rotation gain: 0.004085116616948942
Rotation gain: 1.24, direction: -1, curvature radius: 7.5
{'type': 'running', 'physical': {'user_x': 907.2608065330447, 'user_y': 290.2757538557777, 'user_direction': 3.3652602642809795}, 'virtual': {'user_x': 2579.3441137935756, 'user_y': 8016.880242477636, 'user_direction': 0.25321050828881586}, 'user_v': 7.999999999999999, 'user_w': 0, 'delta_t': 0.02, 'need_reset': False}
Tangent angle: 2.352201805912322, User angle: 3.3652602642809795, Offset angle: 0.4762205329809049
Target angle: 2.828422338893227, distance: 387.73484739051247, angle diff: 0.5368379253877524, rotation direction: -1
Basic rotation angle: 1.693121693121693, rotation gain: 0.004228842098888137
Rotation gain: 1.24, direction: -1, curvature radius: 7.5
{'type': 'running', 'physical': {'user_x': 901.0413391019515, 'user_y': 288.99878630005344, 'user_direction': 3.344096243116958}, 'virtual': {'user_x': 2587.089018890786, 'user_y': 8018.884349519489, 'user_direction': 0.2532105082888393}, 'user_v': 7.999999999999999, 'user_w': 0, 'delta_t': 0.02, 'need_reset': False}
Tangent angle: 2.3399227530174627, User angle: 3.344096243116958, Offset angle: 0.4803256322780298
Target angle: 2.8202483852954927, distance: 383.8588839288938, angle diff: 0.5238478578214654, rotation direction: -1
Basic rotation angle: 1.693121693121693, rotation gain: 0.004354655735739205
Rotation gain: 1.24, direction: -1, curvature radius: 7.5
{'type': 'running', 'physical': {'user_x': 894.7962407668313, 'user_y': 287.85372383473526, 'user_direction': 3.3229322219529367}, 'virtual': {'user_x': 2591.891638358268, 'user_y': 8020.127097283768, 'user_direction': 0.2532105082888393}, 'user_v': 0, 'user_w': 0.1, 'delta_t': 0.02, 'need_reset': False}
Tangent angle: 2.327616311323336, User angle: 3.3229322219529367, Offset angle: 0.4845634048905939
Target angle: 2.81217971621393, distance: 379.92120405960145, angle diff: 0.5107525057390068, rotation direction: -1
Basic rotation angle: 0.0, rotation gain: 0.003832139051355033
Rotation gain: 1.24, direction: -1, curvature radius: 2500000
{'type': 'running', 'physical': {'user_x': 888.5283087014393, 'user_y': 286.84107933224, 'user_direction': 3.3017682007889153}, 'virtual': {'user_x': 2591.891638358268, 'user_y': 8020.127097283768, 'user_direction': 0.35321050828883926}, 'user_v': 0, 'user_w': 0.1, 'delta_t': 0.02, 'need_reset': False}
Tangent angle: 2.315281427150465, User angle: 3.3017682007889153, Offset angle: 0.48893875235866585
Target angle: 2.8042201795091306, distance: 375.9216600781464, angle diff: 0.4975480212797847, rotation direction: -1
Basic rotation angle: 0.0, rotation gain: 0.003374937813652171
Rotation gain: 1.24, direction: -1, curvature radius: 2500000
{'type': 'running', 'physical': {'user_x': 888.5283087014393, 'user_y': 286.84107933224, 'user_direction': 3.382413362079238}, 'virtual': {'user_x': 2591.891638358268, 'user_y': 8020.127097283768, 'user_direction': 0.45321050828883924}, 'user_v': 0, 'user_w': 0.1, 'delta_t': 0.02, 'need_reset': False}
Tangent angle: 2.315281427150465, User angle: 3.382413362079238, Offset angle: 0.48893875235866585
Target angle: 2.8042201795091306, distance: 375.9216600781464, angle diff: 0.5781931825701072, rotation direction: -1
Basic rotation angle: 0.0, rotation gain: 0.0029748867306621666
Rotation gain: 1.24, direction: -1, curvature radius: 2500000
{'type': 'running', 'physical': {'user_x': 888.5283087014393, 'user_y': 286.84107933224, 'user_direction': 3.4630585233695603}, 'virtual': {'user_x': 2591.891638358268, 'user_y': 8020.127097283768, 'user_direction': 0.5532105082888392}, 'user_v': 0, 'user_w': 0.1, 'delta_t': 0.02, 'need_reset': False}
Tangent angle: 2.315281427150465, User angle: 3.4630585233695603, Offset angle: 0.48893875235866585
Target angle: 2.8042201795091306, distance: 375.9216600781464, angle diff: 0.6588383438604297, rotation direction: -1
Basic rotation angle: 0.0, rotation gain: 0.002624842033045913
Rotation gain: 1.24, direction: -1, curvature radius: 2500000
{'type': 'running', 'physical': {'user_x': 888.5283087014393, 'user_y': 286.84107933224, 'user_direction': 3.543703684659883}, 'virtual': {'user_x': 2591.891638358268, 'user_y': 8020.127097283768, 'user_direction': 0.6532105082888392}, 'user_v': 0, 'user_w': 0.1, 'delta_t': 0.02, 'need_reset': False}
Tangent angle: 2.315281427150465, User angle: 3.543703684659883, Offset angle: 0.48893875235866585
Target angle: 2.8042201795091306, distance: 375.9216600781464, angle diff: 0.7394835051507522, rotation direction: -1
Basic rotation angle: 0.0, rotation gain: 0.002318552922631691
Rotation gain: 1.24, direction: -1, curvature radius: 2500000
{'type': 'running', 'physical': {'user_x': 888.5283087014393, 'user_y': 286.84107933224, 'user_direction': 3.6243488459502053}, 'virtual': {'user_x': 2591.891638358268, 'user_y': 8020.127097283768, 'user_direction': 0.7532105082888392}, 'user_v': 0, 'user_w': 0.1, 'delta_t': 0.02, 'need_reset': False}
Tangent angle: 2.315281427150465, User angle: 3.6243488459502053, Offset angle: 0.48893875235866585
Target angle: 2.8042201795091306, distance: 375.9216600781464, angle diff: 0.8201286664410747, rotation direction: -1
Basic rotation angle: 0.0, rotation gain: 0.0020505499510192465
Rotation gain: 1.24, direction: -1, curvature radius: 2500000
{'type': 'running', 'physical': {'user_x': 888.5283087014393, 'user_y': 286.84107933224, 'user_direction': 3.704994007240528}, 'virtual': {'user_x': 2591.891638358268, 'user_y': 8020.127097283768, 'user_direction': 0.8532105082888392}, 'user_v': 0, 'user_w': 0.1, 'delta_t': 0.02, 'need_reset': False}
Tangent angle: 2.315281427150465, User angle: 3.704994007240528, Offset angle: 0.48893875235866585
Target angle: 2.8042201795091306, distance: 375.9216600781464, angle diff: 0.9007738277313972, rotation direction: -1
Basic rotation angle: 0.0, rotation gain: 0.0018160473508583579
Rotation gain: 1.24, direction: -1, curvature radius: 2500000
{'type': 'running', 'physical': {'user_x': 888.5283087014393, 'user_y': 286.84107933224, 'user_direction': 3.7856391685308504}, 'virtual': {'user_x': 2591.891638358268, 'user_y': 8020.127097283768, 'user_direction': 0.9532105082888391}, 'user_v': 0, 'user_w': 0.1, 'delta_t': 0.02, 'need_reset': False}
Tangent angle: 2.315281427150465, User angle: 3.7856391685308504, Offset angle: 0.48893875235866585
Target angle: 2.8042201795091306, distance: 375.9216600781464, angle diff: 0.9814189890217198, rotation direction: -1
Basic rotation angle: 0.0, rotation gain: 0.0016108575757175804
Rotation gain: 1.24, direction: -1, curvature radius: 2500000
{'type': 'running', 'physical': {'user_x': 888.5283087014393, 'user_y': 286.84107933224, 'user_direction': 3.866284329821173}, 'virtual': {'user_x': 2591.891638358268, 'user_y': 8020.127097283768, 'user_direction': 1.0532105082888392}, 'user_v': 0, 'user_w': 0.1, 'delta_t': 0.02, 'need_reset': False}
Tangent angle: 2.315281427150465, User angle: 3.866284329821173, Offset angle: 0.48893875235866585
Target angle: 2.8042201795091306, distance: 375.9216600781464, angle diff: 1.0620641503120423, rotation direction: -1
Basic rotation angle: 0.0, rotation gain: 0.0014313165224694002
Rotation gain: 1.24, direction: -1, curvature radius: 2500000
{'type': 'running', 'physical': {'user_x': 888.5283087014393, 'user_y': 286.84107933224, 'user_direction': 3.9469294911114954}, 'virtual': {'user_x': 2591.891638358268, 'user_y': 8020.127097283768, 'user_direction': 1.1532105082888393}, 'user_v': 0, 'user_w': 0.1, 'delta_t': 0.02, 'need_reset': False}
Tangent angle: 2.315281427150465, User angle: 3.9469294911114954, Offset angle: 0.48893875235866585
Target angle: 2.8042201795091306, distance: 375.9216600781464, angle diff: 1.1427093116023648, rotation direction: -1
Basic rotation angle: 0.0, rotation gain: 0.0012742181008772425
Rotation gain: 1.24, direction: -1, curvature radius: 2500000
{'type': 'running', 'physical': {'user_x': 888.5283087014393, 'user_y': 286.84107933224, 'user_direction': 4.027574652401818}, 'virtual': {'user_x': 2591.891638358268, 'user_y': 8020.127097283768, 'user_direction': 1.2532105082888394}, 'user_v': 0, 'user_w': 0.1, 'delta_t': 0.02, 'need_reset': False}
Tangent angle: 2.315281427150465, User angle: 4.027574652401818, Offset angle: 0.48893875235866585
Target angle: 2.8042201795091306, distance: 375.9216600781464, angle diff: 1.2233544728926877, rotation direction: -1
Basic rotation angle: 0.0, rotation gain: 0.0011367569819841043
Rotation gain: 1.24, direction: -1, curvature radius: 2500000
{'type': 'running', 'physical': {'user_x': 888.5283087014393, 'user_y': 286.84107933224, 'user_direction': 4.108219813692141}, 'virtual': {'user_x': 2591.891638358268, 'user_y': 8020.127097283768, 'user_direction': 1.3532105082888395}, 'user_v': 0, 'user_w': 0.1, 'delta_t': 0.02, 'need_reset': False}
Tangent angle: 2.315281427150465, User angle: 4.108219813692141, Offset angle: 0.48893875235866585
Target angle: 2.8042201795091306, distance: 375.9216600781464, angle diff: 1.3039996341830107, rotation direction: -1
Basic rotation angle: 0.0, rotation gain: 0.0010164785029526085
Rotation gain: 1.24, direction: -1, curvature radius: 2500000
{'type': 'running', 'physical': {'user_x': 888.5283087014393, 'user_y': 286.84107933224, 'user_direction': 4.188864974982464}, 'virtual': {'user_x': 2591.891638358268, 'user_y': 8020.127097283768, 'user_direction': 1.4532105082888396}, 'user_v': 0, 'user_w': 0.1, 'delta_t': 0.02, 'need_reset': False}
Tangent angle: 2.315281427150465, User angle: 4.188864974982464, Offset angle: 0.48893875235866585
Target angle: 2.8042201795091306, distance: 375.9216600781464, angle diff: 1.3846447954733336, rotation direction: -1
Basic rotation angle: 0.0, rotation gain: 0.0009112348338000495
Rotation gain: 1.24, direction: -1, curvature radius: 2500000
{'type': 'running', 'physical': {'user_x': 888.5283087014393, 'user_y': 286.84107933224, 'user_direction': 4.269510136272787}, 'virtual': {'user_x': 2591.891638358268, 'user_y': 8020.127097283768, 'user_direction': 1.5532105082888397}, 'user_v': 0, 'user_w': 0.1, 'delta_t': 0.02, 'need_reset': False}
Tangent angle: 2.315281427150465, User angle: 4.269510136272787, Offset angle: 0.48893875235866585
Target angle: 2.8042201795091306, distance: 375.9216600781464, angle diff: 1.4652899567636566, rotation direction: -1
Basic rotation angle: 0.0, rotation gain: 0.0008191466232915605
Rotation gain: 1.24, direction: -1, curvature radius: 2500000
{'type': 'running', 'physical': {'user_x': 888.5283087014393, 'user_y': 286.84107933224, 'user_direction': 4.35015529756311}, 'virtual': {'user_x': 2591.891638358268, 'user_y': 8020.127097283768, 'user_direction': 1.6532105082888398}, 'user_v': 0, 'user_w': 0.1, 'delta_t': 0.02, 'need_reset': False}
Tangent angle: 2.315281427150465, User angle: 4.35015529756311, Offset angle: 0.48893875235866585
Target angle: 2.8042201795091306, distance: 375.9216600781464, angle diff: 1.5459351180539795, rotation direction: -1
Basic rotation angle: 0.0, rotation gain: 0.0007385694390966325
Rotation gain: 1.24, direction: -1, curvature radius: 2500000
{'type': 'running', 'physical': {'user_x': 888.5283087014393, 'user_y': 286.84107933224, 'user_direction': 4.430800458853433}, 'virtual': {'user_x': 2591.891638358268, 'user_y': 8020.127097283768, 'user_direction': 1.7532105082888398}, 'user_v': 0, 'user_w': 0.1, 'delta_t': 0.02, 'need_reset': False}
Tangent angle: 2.315281427150465, User angle: 4.430800458853433, Offset angle: 0.48893875235866585
Target angle: 2.8042201795091306, distance: 375.9216600781464, angle diff: 1.6265802793443025, rotation direction: -1
Basic rotation angle: 0.0, rotation gain: 0.0006680644029260706
Rotation gain: 1.24, direction: -1, curvature radius: 2500000
{'type': 'running', 'physical': {'user_x': 888.5283087014393, 'user_y': 286.84107933224, 'user_direction': 4.511445620143756}, 'virtual': {'user_x': 2591.891638358268, 'user_y': 8020.127097283768, 'user_direction': 1.85321050828884}, 'user_v': 0, 'user_w': 0.1, 'delta_t': 0.02, 'need_reset': False}
Tangent angle: 2.315281427150465, User angle: 4.511445620143756, Offset angle: 0.48893875235866585
Target angle: 2.8042201795091306, distance: 375.9216600781464, angle diff: 1.7072254406346254, rotation direction: -1
Basic rotation angle: 0.0, rotation gain: 0.0006063724962768289
Rotation gain: 1.24, direction: -1, curvature radius: 2500000
{'type': 'running', 'physical': {'user_x': 888.5283087014393, 'user_y': 286.84107933224, 'user_direction': 4.592090781434079}, 'virtual': {'user_x': 2591.891638358268, 'user_y': 8020.127097283768, 'user_direction': 1.95321050828884}, 'user_v': 0, 'user_w': 0.1, 'delta_t': 0.02, 'need_reset': False}
Tangent angle: 2.315281427150465, User angle: 4.592090781434079, Offset angle: 0.48893875235866585
Target angle: 2.8042201795091306, distance: 375.9216600781464, angle diff: 1.7878706019249484, rotation direction: -1
Basic rotation angle: 0.0, rotation gain: 0.0005523920779587424
Rotation gain: 1.24, direction: -1, curvature radius: 2500000
{'type': 'running', 'physical': {'user_x': 888.5283087014393, 'user_y': 286.84107933224, 'user_direction': 4.672735942724402}, 'virtual': {'user_x': 2591.891638358268, 'user_y': 8020.127097283768, 'user_direction': 2.05321050828884}, 'user_v': 0, 'user_w': 0.1, 'delta_t': 0.02, 'need_reset': False}
Tangent angle: 2.315281427150465, User angle: 4.672735942724402, Offset angle: 0.48893875235866585
Target angle: 2.8042201795091306, distance: 375.9216600781464, angle diff: 1.8685157632152714, rotation direction: -1
Basic rotation angle: 0.0, rotation gain: 0.0005051592119304167
Rotation gain: 1.24, direction: -1, curvature radius: 2500000
{'type': 'running', 'physical': {'user_x': 888.5283087014393, 'user_y': 286.84107933224, 'user_direction': 4.753381104014725}, 'virtual': {'user_x': 2591.891638358268, 'user_y': 8020.127097283768, 'user_direction': 2.15321050828884}, 'user_v': 0, 'user_w': 0.1, 'delta_t': 0.02, 'need_reset': False}
Tangent angle: 2.315281427150465, User angle: 4.753381104014725, Offset angle: 0.48893875235866585
Target angle: 2.8042201795091306, distance: 375.9216600781464, angle diff: 1.9491609245055943, rotation direction: -1
Basic rotation angle: 0.0, rotation gain: 0.0004638304541556318
Rotation gain: 1.24, direction: -1, curvature radius: 2500000
{'type': 'running', 'physical': {'user_x': 888.5283087014393, 'user_y': 286.84107933224, 'user_direction': 4.834026265305048}, 'virtual': {'user_x': 2591.891638358268, 'user_y': 8020.127097283768, 'user_direction': 2.25321050828884}, 'user_v': 0, 'user_w': 0.1, 'delta_t': 0.02, 'need_reset': False}
Tangent angle: 2.315281427150465, User angle: 4.834026265305048, Offset angle: 0.48893875235866585
Target angle: 2.8042201795091306, distance: 375.9216600781464, angle diff: 2.0298060857959173, rotation direction: -1
Basic rotation angle: 0.0, rotation gain: 0.00042766779110269503
Rotation gain: 1.24, direction: -1, curvature radius: 2500000
{'type': 'running', 'physical': {'user_x': 888.5283087014393, 'user_y': 286.84107933224, 'user_direction': 4.914671426595371}, 'virtual': {'user_x': 2591.891638358268, 'user_y': 8020.127097283768, 'user_direction': 2.35321050828884}, 'user_v': 0, 'user_w': 0.1, 'delta_t': 0.02, 'need_reset': False}
Tangent angle: 2.315281427150465, User angle: 4.914671426595371, Offset angle: 0.48893875235866585
Target angle: 2.8042201795091306, distance: 375.9216600781464, angle diff: 2.11045124708624, rotation direction: -1
Basic rotation angle: 0.0, rotation gain: 0.0003960254609313753
Rotation gain: 1.24, direction: -1, curvature radius: 2500000
{'type': 'running', 'physical': {'user_x': 888.5283087014393, 'user_y': 286.84107933224, 'user_direction': 4.995316587885694}, 'virtual': {'user_x': 2591.891638358268, 'user_y': 8020.127097283768, 'user_direction': 2.548886433799751}, 'user_v': 7.999999999999999, 'user_w': 0, 'delta_t': 0.02, 'need_reset': False}
Tangent angle: 2.315281427150465, User angle: 4.995316587885694, Offset angle: 0.48893875235866585
Target angle: 2.8042201795091306, distance: 375.9216600781464, angle diff: 2.191096408376563, rotation direction: -1
Basic rotation angle: 1.693121693121693, rotation gain: 0.0010010065898104683
Rotation gain: 1.24, direction: -1, curvature radius: 7.5
{'type': 'running', 'physical': {'user_x': 888.5283087014393, 'user_y': 286.84107933224, 'user_direction': 5.075961749176017}, 'virtual': {'user_x': 2585.256182334428, 'user_y': 8024.595958811684, 'user_direction': 2.548886433799751}, 'user_v': 7.999999999999999, 'user_w': 0, 'delta_t': 0.02, 'need_reset': False}
Tangent angle: 2.315281427150465, User angle: 5.075961749176017, Offset angle: 0.48893875235866585
Target angle: 2.8042201795091306, distance: 375.9216600781464, angle diff: 2.271741569666886, rotation direction: -1
Basic rotation angle: 1.693121693121693, rotation gain: 0.0015303650775796748
Rotation gain: 1.24, direction: -1, curvature radius: 7.5
{'type': 'running', 'physical': {'user_x': 890.6600990541514, 'user_y': 280.86045301412867, 'user_direction': 5.054797728011995}, 'virtual': {'user_x': 2578.620726310588, 'user_y': 8029.0648203395995, 'user_direction': 2.54888643379975}, 'user_v': 7.999999999999999, 'user_w': 0, 'delta_t': 0.02, 'need_reset': False}
Tangent angle: 2.309525442359508, User angle: 5.054797728011995, Offset angle: 0.4817423212952627
Target angle: 2.7912677636547705, distance: 382.5354148735987, angle diff: 2.263529964357225, rotation direction: -1
Basic rotation angle: 1.693121693121693, rotation gain: 0.001993567748244631
Rotation gain: 1.24, direction: -1, curvature radius: 7.5
{'type': 'running', 'physical': {'user_x': 892.6648473403096, 'user_y': 274.83605216641377, 'user_direction': 5.033633706847974}, 'virtual': {'user_x': 2571.985270286748, 'user_y': 8033.533681867515, 'user_direction': 2.5488864337997486}, 'user_v': 7.999999999999999, 'user_w': 0, 'delta_t': 0.02, 'need_reset': False}
Tangent angle: 2.3036408125391765, User angle: 5.033633706847974, Offset angle: 0.4748095402714822
Target angle: 2.7784503528106588, distance: 389.0813614649896, angle diff: 2.255183354037315, rotation direction: -1
Basic rotation angle: 1.693121693121693, rotation gain: 0.002398849732501362
Rotation gain: 1.24, direction: -1, curvature radius: 7.5
{'type': 'running', 'physical': {'user_x': 894.541655635015, 'user_y': 268.7705751126506, 'user_direction': 5.012469685683953}, 'virtual': {'user_x': 2565.349814262908, 'user_y': 8038.002543395431, 'user_direction': 2.5488864337997468}, 'user_v': 7.999999999999999, 'user_w': 0, 'delta_t': 0.02, 'need_reset': False}
Tangent angle: 2.2976334255946687, User angle: 5.012469685683953, Offset angle: 0.4681273527731989
Target angle: 2.7657607783678677, distance: 395.56000659245115, angle diff: 2.246708907316085, rotation direction: -1
Basic rotation angle: 1.693121693121693, rotation gain: 0.002753417806049211
Rotation gain: 1.24, direction: -1, curvature radius: 7.5
{'type': 'running', 'physical': {'user_x': 896.289683317572, 'user_y': 262.66673857438906, 'user_direction': 4.991305664519931}, 'virtual': {'user_x': 2558.7143582390677, 'user_y': 8042.471404923346, 'user_direction': 2.548886433799745}, 'user_v': 7.999999999999999, 'user_w': 0, 'delta_t': 0.02, 'need_reset': False}
Tangent angle: 2.2915088326454915, User angle: 4.991305664519931, Offset angle: 0.46168358448107877
Target angle: 2.7531924171265705, distance: 401.97177227321157, angle diff: 2.2381132473933607, rotation direction: -1
Basic rotation angle: 1.693121693121693, rotation gain: 0.0030635788541375506
Rotation gain: 1.24, direction: -1, curvature radius: 7.5
{'type': 'running', 'physical': {'user_x': 897.9081474480021, 'user_y': 256.5272764543566, 'user_direction': 4.97014164335591}, 'virtual': {'user_x': 2552.0789022152276, 'user_y': 8046.940266451262, 'user_direction': 2.5488864337997432}, 'user_v': 7.999999999999999, 'user_w': 0, 'delta_t': 0.02, 'need_reset': False}
Tangent angle: 2.2852722714152103, User angle: 4.97014164335591, Offset angle: 0.45546686858237595
Target angle: 2.7407391399975864, distance: 408.31700446560205, angle diff: 2.2294025033583234, rotation direction: -1
Basic rotation angle: 1.693121693121693, rotation gain: 0.0033348522862220857
Rotation gain: 1.24, direction: -1, curvature radius: 7.5
{'type': 'running', 'physical': {'user_x': 899.3963231177214, 'user_y': 250.35493861194567, 'user_direction': 4.948977622191888}, 'virtual': {'user_x': 2545.4434461913875, 'user_y': 8051.409127979177, 'user_direction': 2.5488864337997406}, 'user_v': 7.999999999999999, 'user_w': 0, 'delta_t': 0.02, 'need_reset': False}
Tangent angle: 2.278928687753774, User angle: 4.948977622191888, Offset angle: 0.4494665787825748
Target angle: 2.728395266536349, distance: 414.595980744468, angle diff: 2.2205823556555395, rotation direction: -1
Basic rotation angle: 1.693121693121693, rotation gain: 0.0035720684059891853
Rotation gain: 1.24, direction: -1, curvature radius: 7.5
{'type': 'running', 'physical': {'user_x': 900.7535437742271, 'user_y': 244.1524896315544, 'user_direction': 4.927813601027867}, 'virtual': {'user_x': 2538.8079901675474, 'user_y': 8055.877989507093, 'user_direction': 2.5488864337997383}, 'user_v': 7.999999999999999, 'user_w': 0, 'delta_t': 0.02, 'need_reset': False}
Tangent angle: 2.27248275545901, User angle: 4.927813601027867, Offset angle: 0.4436727690767721
Target angle: 2.7161555245357825, distance: 420.80891712055825, angle diff: 2.2116580764920846, rotation direction: -1
Basic rotation angle: 1.693121693121693, rotation gain: 0.003779454491484585
Rotation gain: 1.24, direction: -1, curvature radius: 7.5
{'type': 'running', 'physical': {'user_x': 901.979201519645, 'user_y': 237.92270758433162, 'user_direction': 4.906649579863846}, 'virtual': {'user_x': 2532.1725341437073, 'user_y': 8060.3468510350085, 'user_direction': 2.5488864337997357}, 'user_v': 7.999999999999999, 'user_w': 0, 'delta_t': 0.02, 'need_reset': False}
Tangent angle: 2.2659388945477215, User angle: 4.906649579863846, Offset angle: 0.4380761194738666
Target angle: 2.704015014021588, distance: 426.95597411618894, angle diff: 2.2026345658422577, rotation direction: -1
Basic rotation angle: 1.693121693121693, rotation gain: 0.003960710120854862
Rotation gain: 1.24, direction: -1, curvature radius: 7.5
{'type': 'running', 'physical': {'user_x': 903.0727473830073, 'user_y': 231.6683827838815, 'user_direction': 4.885485558699824}, 'virtual': {'user_x': 2525.5370781198676, 'user_y': 8064.815712562924, 'user_direction': 2.5488864337997326}, 'user_v': 7.999999999999999, 'user_w': 0, 'delta_t': 0.02, 'need_reset': False}
Tangent angle: 2.259301288112331, User angle: 4.885485558699824, Offset angle: 0.432667886978317
Target angle: 2.691969175090648, distance: 433.0372621926725, angle diff: 2.1935163836091762, rotation direction: -1
Basic rotation angle: 1.693121693121693, rotation gain: 0.0041190730873681605
Rotation gain: 1.24, direction: -1, curvature radius: 7.5
{'type': 'running', 'physical': {'user_x': 904.0336915661353, 'user_y': 225.3923165364846, 'user_direction': 4.864321537535803}, 'virtual': {'user_x': 2518.901622096028, 'user_y': 8069.28457409084, 'user_direction': 2.5488864337997312}, 'user_v': 7.999999999999999, 'user_w': 0, 'delta_t': 0.02, 'need_reset': False}
Tangent angle: 2.252573897886009, User angle: 4.864321537535803, Offset angle: 0.4274398612283084
Target angle: 2.6800137591143174, distance: 439.0528466110125, angle diff: 2.1843077784214855, rotation direction: -1
Basic rotation angle: 1.693121693121693, rotation gain: 0.0042573770795044825
Rotation gain: 1.24, direction: -1, curvature radius: 7.5
{'type': 'running', 'physical': {'user_x': 904.8616036630202, 'user_y': 219.09731988639544, 'user_direction': 4.8431575163717815}, 'virtual': {'user_x': 2512.2661660721883, 'user_y': 8073.753435618755, 'user_direction': 2.54888643379973}, 'user_v': 7.999999999999999, 'user_w': 0, 'delta_t': 0.02, 'need_reset': False}
Tangent angle: 2.2457604786275183, User angle: 4.8431575163717815, Offset angle: 0.4223843242687664
Target angle: 2.6681448028962844, distance: 445.0027517956663, angle diff: 2.175012713475497, rotation direction: -1
Basic rotation angle: 1.693121693121693, rotation gain: 0.004378102155002138
Rotation gain: 1.24, direction: -1, curvature radius: 7.5
{'type': 'running', 'physical': {'user_x': 905.5561128526014, 'user_y': 212.78621235677835, 'user_direction': 4.82199349520776}, 'virtual': {'user_x': 2505.6307100483486, 'user_y': 8078.222297146671, 'user_direction': 2.5488864337997277}, 'user_v': 7.999999999999999, 'user_w': 0, 'delta_t': 0.02, 'need_reset': False}
Tangent angle: 2.238864591426554, User angle: 4.82199349520776, Offset angle: 0.41749401400525116
Target angle: 2.656358605431805, distance: 450.886965261363, angle diff: 2.165634889775955, rotation direction: -1
Basic rotation angle: 1.693121693121693, rotation gain: 0.004483418909196104
Rotation gain: 1.24, direction: -1, curvature radius: 7.5
{'type': 'running', 'physical': {'user_x': 906.1169080648565, 'user_y': 206.46182068684567, 'user_direction': 4.800829474043739}, 'virtual': {'user_x': 2498.995254024509, 'user_y': 8082.691158674586, 'user_direction': 2.5488864337997255}, 'user_v': 7.999999999999999, 'user_w': 0, 'delta_t': 0.02, 'need_reset': False}
Tangent angle: 2.2318896160208808, User angle: 4.800829474043739, Offset angle: 0.41276209094240107
Target angle: 2.644651706963282, distance: 456.70544115469016, angle diff: 2.156177767080457, rotation direction: -1
Basic rotation angle: 1.693121693121693, rotation gain: 0.004575227125493581
Rotation gain: 1.24, direction: -1, curvature radius: 7.5
{'type': 'running', 'physical': {'user_x': 906.5437381201298, 'user_y': 200.12697756576387, 'user_direction': 4.779665452879717}, 'virtual': {'user_x': 2492.3597980006693, 'user_y': 8087.160020202502, 'user_direction': 2.5488864337997232}, 'user_v': 7.999999999999999, 'user_w': 0, 'delta_t': 0.02, 'need_reset': False}
Tangent angle: 2.2248387622081123, User angle: 4.779665452879717, Offset angle: 0.4081821078599046
Target angle: 2.633020870068017, distance: 462.4581034551712, angle diff: 2.1466445828117005, rotation direction: -1
Basic rotation angle: 1.693121693121693, rotation gain: 0.004655189597395716
Rotation gain: 1.24, direction: -1, curvature radius: 7.5
{'type': 'running', 'physical': {'user_x': 906.8364118416353, 'user_y': 193.78452036389467, 'user_direction': 4.758501431715696}, 'virtual': {'user_x': 2485.7243419768297, 'user_y': 8091.628881730418, 'user_direction': 2.54888643379972}, 'user_v': 7.999999999999999, 'user_w': 0, 'delta_t': 0.02, 'need_reset': False}
Tangent angle: 2.217715080427329, User angle: 4.758501431715696, Offset angle: 0.40374798212131924
Target angle: 2.6214630625486484, distance: 468.14484887461987, angle diff: 2.1370383691670476, rotation direction: -1
Basic rotation angle: 1.693121693121693, rotation gain: 0.004724761725336676
Rotation gain: 1.24, direction: -1, curvature radius: 7.5
{'type': 'running', 'physical': {'user_x': 906.9947981410842, 'user_y': 187.43728986193958, 'user_direction': 4.737337410551675}, 'virtual': {'user_x': 2479.08888595299, 'user_y': 8096.097743258333, 'user_direction': 2.5488864337997166}, 'user_v': 7.999999999999999, 'user_w': 0, 'delta_t': 0.02, 'need_reset': False}
Tangent angle: 2.21052147157886, User angle: 4.737337410551675, Offset angle: 0.3994539703475244
Target angle: 2.6099754419263843, distance: 473.7655494885063, angle diff: 2.1273619686252903, rotation direction: -1
Basic rotation angle: 1.693121693121693, rotation gain: 0.004785217416235543
Rotation gain: 1.24, direction: -1, curvature radius: 7.5
{'type': 'running', 'physical': {'user_x': 907.0188260774, 'user_y': 181.08812897855674, 'user_direction': 4.716173389387653}, 'virtual': {'user_x': 2472.4534299291504, 'user_y': 8100.56660478625, 'user_direction': 2.548886433799712}, 'user_v': 7.999999999999999, 'user_w': 0, 'delta_t': 0.02, 'need_reset': False}
Tangent angle: 2.2032606961443513, User angle: 4.716173389387653, Offset angle: 0.3952946452181104
Target angle: 2.5985553413624616, distance: 479.3200551287533, angle diff: 2.1176180480251916, rotation direction: -1
Basic rotation angle: 1.693121693121693, rotation gain: 0.004837671747698409
Rotation gain: 1.24, direction: -1, curvature radius: 7.5
{'type': 'running', 'physical': {'user_x': 906.9084848884924, 'user_y': 174.73988149702038, 'user_direction': 4.695009368223632}, 'virtual': {'user_x': 2465.8179739053107, 'user_y': 8105.035466314165, 'user_direction': 2.5488864337997197}, 'user_v': 7.999999999999999, 'user_w': 0, 'delta_t': 0.02, 'need_reset': False}
Tangent angle: 2.195935382663656, User angle: 4.695009368223632, Offset angle: 0.39126487419131095
Target angle: 2.587200256854967, distance: 484.80819556368704, angle diff: 2.107809111368665, rotation direction: -1
Basic rotation angle: 1.693121693121693, rotation gain: 0.004883100801090988
Rotation gain: 1.24, direction: -1, curvature radius: 7.5
{'type': 'running', 'physical': {'user_x': 906.6638239960773, 'user_y': 168.39539079149287, 'user_direction': 4.67384534705961}, 'virtual': {'user_x': 2459.182517881471, 'user_y': 8109.504327842082, 'user_direction': 2.548886433799714}, 'user_v': 7.999999999999999, 'user_w': 0, 'delta_t': 0.02, 'need_reset': False}
Tangent angle: 2.1885480356200384, User angle: 4.67384534705961, Offset angle: 0.3873597999568264
Target angle: 2.575907835576865, distance: 490.2297824876873, angle diff: 2.0979375114827454, rotation direction: -1
Basic rotation angle: 1.693121693121693, rotation gain: 0.004922359017196452
Rotation gain: 1.24, direction: -1, curvature radius: 7.5
{'type': 'running', 'physical': {'user_x': 906.2849529835419, 'user_y': 162.0574985534801, 'user_direction': 4.652681325895589}, 'virtual': {'user_x': 2452.5470618576314, 'user_y': 8113.973189369997, 'user_direction': 2.5488864337997255}, 'user_v': 7.999999999999999, 'user_w': 0, 'delta_t': 0.02, 'need_reset': False}
Tangent angle: 2.181101042780626, User angle: 4.652681325895589, Offset angle: 0.3835748224565675
Target angle: 2.5646758652371937, distance: 495.58461134034985, angle diff: 2.0880054606583953, rotation direction: -1
Basic rotation angle: 1.693121693121693, rotation gain: 0.004956194383978034
Rotation gain: 1.24, direction: -1, curvature radius: 7.5
{'type': 'running', 'physical': {'user_x': 905.7720415468614, 'user_y': 155.72904351904043, 'user_direction': 4.631517304731568}, 'virtual': {'user_x': 2445.911605833792, 'user_y': 8118.442050897913, 'user_direction': 2.5488864337997184}, 'user_v': 7.999999999999999, 'user_w': 0, 'delta_t': 0.02, 'need_reset': False}
Tangent angle: 2.173596682034929, User angle: 4.631517304731568, Offset angle: 0.37990558232642124
Target angle: 2.55350226436135, distance: 500.87246297260356, angle diff: 2.0780150403702176, rotation direction: -1
Basic rotation angle: 1.693121693121693, rotation gain: 0.004985261727292882
Rotation gain: 1.24, direction: -1, curvature radius: 7.5
{'type': 'running', 'physical': {'user_x': 905.1253194185928, 'user_y': 149.41286019731757, 'user_direction': 4.610353283567546}, 'virtual': {'user_x': 2439.276149809952, 'user_y': 8122.910912425829, 'user_direction': 2.5488864337997064}, 'user_v': 7.999999999999999, 'user_w': 0, 'delta_t': 0.02, 'need_reset': False}
Tangent angle: 2.1660371277705117, User angle: 4.610353283567546, Offset angle: 0.3763479456279729
Target angle: 2.5423850733984845, distance: 506.0931051751845, angle diff: 2.0679682101690617, rotation direction: -1
Basic rotation angle: 1.693121693121693, rotation gain: 0.005010134341562568
Rotation gain: 1.24, direction: -1, curvature radius: 7.5
{'type': 'running', 'physical': {'user_x': 904.3450762649778, 'user_y': 143.11177760096643, 'user_direction': 4.589189262403525}, 'virtual': {'user_x': 2432.6406937861125, 'user_y': 8127.379773953745, 'user_direction': 2.548886433799731}, 'user_v': 7.999999999999999, 'user_w': 0, 'delta_t': 0.02, 'need_reset': False}
Tangent angle: 2.1584244568215474, User angle: 4.589189262403525, Offset angle: 0.37289798975301613
Target angle: 2.5313224465745634, distance: 511.2462940830807, angle diff: 2.0578668158289615, rotation direction: -1
Basic rotation angle: 1.693121693121693, rotation gain: 0.005031314167793097
Rotation gain: 1.24, direction: -1, curvature radius: 7.5
{'type': 'running', 'physical': {'user_x': 903.4316615562019, 'user_y': 136.828617979041, 'user_direction': 4.5680252412395035}, 'virtual': {'user_x': 2426.4332533720176, 'user_y': 8131.560374586726, 'user_direction': 2.548886433799731}, 'user_v': 0, 'user_w': 0.1, 'delta_t': 0.02, 'need_reset': False}
Tangent angle: 2.1507606540229114, User angle: 4.5680252412395035, Offset angle: 0.3695519903959117
Target angle: 2.520312644418823, distance: 516.3317754680246, angle diff: 2.0477125968206806, rotation direction: -1
Basic rotation angle: 0.0, rotation gain: 0.004423961256939149
Rotation gain: 1.24, direction: -1, curvature radius: 2500000
{'type': 'running', 'physical': {'user_x': 902.3854844098663, 'user_y': 130.56619555291172, 'user_direction': 4.546861220075482}, 'virtual': {'user_x': 2426.4332533720176, 'user_y': 8131.560374586726, 'user_direction': 2.648886433799731}, 'user_v': 0, 'user_w': 0.1, 'delta_t': 0.02, 'need_reset': False}
Tangent angle: 2.143047617399712, User angle: 4.546861220075482, Offset angle: 0.3663064094996489
Target angle: 2.509354026899361, distance: 521.3492859297467, angle diff: 2.037507193176121, rotation direction: -1
Basic rotation angle: 0.0, rotation gain: 0.0038925065387865813
Rotation gain: 1.24, direction: -1, curvature radius: 2500000
{'type': 'running', 'physical': {'user_x': 902.3854844098663, 'user_y': 130.56619555291172, 'user_direction': 4.627506381365805}, 'virtual': {'user_x': 2426.4332533720176, 'user_y': 8131.560374586726, 'user_direction': 2.748886433799731}, 'user_v': 0, 'user_w': 0.1, 'delta_t': 0.02, 'need_reset': False}
Tangent angle: 2.143047617399712, User angle: 4.627506381365805, Offset angle: 0.3663064094996489
Target angle: 2.509354026899361, distance: 521.3492859297467, angle diff: 2.118152354466444, rotation direction: -1
Basic rotation angle: 0.0, rotation gain: 0.003427483660403084
Rotation gain: 1.24, direction: -1, curvature radius: 2500000
{'type': 'running', 'physical': {'user_x': 902.3854844098663, 'user_y': 130.56619555291172, 'user_direction': 4.708151542656128}, 'virtual': {'user_x': 2426.4332533720176, 'user_y': 8131.560374586726, 'user_direction': 2.848886433799731}, 'user_v': 0, 'user_w': 0.1, 'delta_t': 0.02, 'need_reset': False}
Tangent angle: 2.143047617399712, User angle: 4.708151542656128, Offset angle: 0.3663064094996489
Target angle: 2.509354026899361, distance: 521.3492859297467, angle diff: 2.198797515756767, rotation direction: -1
Basic rotation angle: 0.0, rotation gain: 0.003020588641817524
Rotation gain: 1.24, direction: -1, curvature radius: 2500000
{'type': 'running', 'physical': {'user_x': 902.3854844098663, 'user_y': 130.56619555291172, 'user_direction': 4.788796703946451}, 'virtual': {'user_x': 2426.4332533720176, 'user_y': 8131.560374586726, 'user_direction': 2.948886433799731}, 'user_v': 0, 'user_w': 0.1, 'delta_t': 0.02, 'need_reset': False}
Tangent angle: 2.143047617399712, User angle: 4.788796703946451, Offset angle: 0.3663064094996489
Target angle: 2.509354026899361, distance: 521.3492859297467, angle diff: 2.27944267704709, rotation direction: -1
Basic rotation angle: 0.0, rotation gain: 0.002664555500555159
Rotation gain: 1.24, direction: -1, curvature radius: 2500000
{'type': 'running', 'physical': {'user_x': 902.3854844098663, 'user_y': 130.56619555291172, 'user_direction': 4.869441865236774}, 'virtual': {'user_x': 2426.4332533720176, 'user_y': 8131.560374586726, 'user_direction': 3.0488864337997312}, 'user_v': 0, 'user_w': 0.1, 'delta_t': 0.02, 'need_reset': False}
Tangent angle: 2.143047617399712, User angle: 4.869441865236774, Offset angle: 0.3663064094996489
Target angle: 2.509354026899361, distance: 521.3492859297467, angle diff: 2.360087838337413, rotation direction: -1
Basic rotation angle: 0.0, rotation gain: 0.0023530265019505894
Rotation gain: 1.24, direction: -1, curvature radius: 2500000
{'type': 'running', 'physical': {'user_x': 902.3854844098663, 'user_y': 130.56619555291172, 'user_direction': 4.950087026527097}, 'virtual': {'user_x': 2426.4332533720176, 'user_y': 8131.560374586726, 'user_direction': -3.134298873379855}, 'user_v': 0, 'user_w': 0.1, 'delta_t': 0.02, 'need_reset': False}
Tangent angle: 2.143047617399712, User angle: 4.950087026527097, Offset angle: 0.3663064094996489
Target angle: 2.509354026899361, distance: 521.3492859297467, angle diff: 2.440732999627736, rotation direction: -1
Basic rotation angle: 0.0, rotation gain: 0.002080438628171591
Rotation gain: 1.24, direction: -1, curvature radius: 2500000
{'type': 'running', 'physical': {'user_x': 902.3854844098663, 'user_y': 130.56619555291172, 'user_direction': 5.03073218781742}, 'virtual': {'user_x': 2426.4332533720176, 'user_y': 8131.560374586726, 'user_direction': -3.034298873379855}, 'user_v': 0, 'user_w': 0.1, 'delta_t': 0.02, 'need_reset': False}
Tangent angle: 2.143047617399712, User angle: 5.03073218781742, Offset angle: 0.3663064094996489
Target angle: 2.509354026899361, distance: 521.3492859297467, angle diff: 2.5213781609180588, rotation direction: -1
Basic rotation angle: 0.0, rotation gain: 0.0018419242386149676
Rotation gain: 1.24, direction: -1, curvature radius: 2500000
{'type': 'running', 'physical': {'user_x': 902.3854844098663, 'user_y': 130.56619555291172, 'user_direction': 5.111377349107743}, 'virtual': {'user_x': 2426.4332533720176, 'user_y': 8131.560374586726, 'user_direction': -2.9342988733798547}, 'user_v': 0, 'user_w': 0.1, 'delta_t': 0.02, 'need_reset': False}
Tangent angle: 2.143047617399712, User angle: 5.111377349107743, Offset angle: 0.3663064094996489
Target angle: 2.509354026899361, distance: 521.3492859297467, angle diff: 2.6020233222083817, rotation direction: -1
Basic rotation angle: 0.0, rotation gain: 0.001633224147752922
Rotation gain: 1.24, direction: -1, curvature radius: 2500000
{'type': 'running', 'physical': {'user_x': 902.3854844098663, 'user_y': 130.56619555291172, 'user_direction': 5.192022510398066}, 'virtual': {'user_x': 2426.4332533720176, 'user_y': 8131.560374586726, 'user_direction': -2.8342988733798546}, 'user_v': 0, 'user_w': 0.1, 'delta_t': 0.02, 'need_reset': False}
Tangent angle: 2.143047617399712, User angle: 5.192022510398066, Offset angle: 0.3663064094996489
Target angle: 2.509354026899361, distance: 521.3492859297467, angle diff: 2.6826684834987047, rotation direction: -1
Basic rotation angle: 0.0, rotation gain: 0.0014506115682486323
Rotation gain: 1.24, direction: -1, curvature radius: 2500000
{'type': 'running', 'physical': {'user_x': 902.3854844098663, 'user_y': 130.56619555291172, 'user_direction': 5.272667671688389}, 'virtual': {'user_x': 2426.4332533720176, 'user_y': 8131.560374586726, 'user_direction': -2.7342988733798546}, 'user_v': 0, 'user_w': 0.1, 'delta_t': 0.02, 'need_reset': False}
Tangent angle: 2.143047617399712, User angle: 5.272667671688389, Offset angle: 0.3663064094996489
Target angle: 2.509354026899361, distance: 521.3492859297467, angle diff: 2.7633136447890276, rotation direction: -1
Basic rotation angle: 0.0, rotation gain: 0.0012908255611823786
Rotation gain: 1.24, direction: -1, curvature radius: 2500000
{'type': 'running', 'physical': {'user_x': 902.3854844098663, 'user_y': 130.56619555291172, 'user_direction': 5.353312832978712}, 'virtual': {'user_x': 2426.4332533720176, 'user_y': 8131.560374586726, 'user_direction': -2.6342988733798545}, 'user_v': 0, 'user_w': 0.1, 'delta_t': 0.02, 'need_reset': False}
Tangent angle: 2.143047617399712, User angle: 5.353312832978712, Offset angle: 0.3663064094996489
Target angle: 1.7767412079000628, distance: 521.3492859297467, angle diff: 2.7066136821009374, rotation direction: 1
Basic rotation angle: 0.0, rotation gain: 0.0011478235389868075
Rotation gain: 1.24, direction: 1, curvature radius: 2500000
{'type': 'running', 'physical': {'user_x': 902.3854844098663, 'user_y': 130.56619555291172, 'user_direction': 5.433957994269035}, 'virtual': {'user_x': 2426.4332533720176, 'user_y': 8131.560374586726, 'user_direction': -2.5342988733798544}, 'user_v': 0, 'user_w': 0.1, 'delta_t': 0.02, 'need_reset': False}
Tangent angle: 2.143047617399712, User angle: 5.433957994269035, Offset angle: 0.3663064094996489
Target angle: 1.7767412079000628, distance: 521.3492859297467, angle diff: 2.6259685208106145, rotation direction: 1
Basic rotation angle: 0.0, rotation gain: 0.001022696769565683
Rotation gain: 1.24, direction: 1, curvature radius: 2500000
{'type': 'running', 'physical': {'user_x': 902.3854844098663, 'user_y': 130.56619555291172, 'user_direction': 5.5146031555593575}, 'virtual': {'user_x': 2426.4332533720176, 'user_y': 8131.560374586726, 'user_direction': -2.4342988733798543}, 'user_v': 0, 'user_w': 0.1, 'delta_t': 0.02, 'need_reset': False}
Tangent angle: 2.143047617399712, User angle: 5.5146031555593575, Offset angle: 0.3663064094996489
Target angle: 1.7767412079000628, distance: 521.3492859297467, angle diff: 2.5453233595202915, rotation direction: 1
Basic rotation angle: 0.0, rotation gain: 0.000913210846322199
Rotation gain: 1.24, direction: 1, curvature radius: 2500000
{'type': 'running', 'physical': {'user_x': 902.3854844098663, 'user_y': 130.56619555291172, 'user_direction': 5.5952483168496805}, 'virtual': {'user_x': 2426.4332533720176, 'user_y': 8131.560374586726, 'user_direction': -2.334298873379854}, 'user_v': 0, 'user_w': 0.1, 'delta_t': 0.02, 'need_reset': False}
Tangent angle: 2.143047617399712, User angle: 5.5952483168496805, Offset angle: 0.3663064094996489
Target angle: 1.7767412079000628, distance: 521.3492859297467, angle diff: 2.4646781982299686, rotation direction: 1
Basic rotation angle: 0.0, rotation gain: 0.0008174106634841505
Rotation gain: 1.24, direction: 1, curvature radius: 2500000
{'type': 'running', 'physical': {'user_x': 902.3854844098663, 'user_y': 130.56619555291172, 'user_direction': 5.6758934781400034}, 'virtual': {'user_x': 2426.4332533720176, 'user_y': 8131.560374586726, 'user_direction': -2.234298873379854}, 'user_v': 0, 'user_w': 0.1, 'delta_t': 0.02, 'need_reset': False}
Tangent angle: 2.143047617399712, User angle: 5.6758934781400034, Offset angle: 0.3663064094996489
Target angle: 1.7767412079000628, distance: 521.3492859297467, angle diff: 2.3840330369396456, rotation direction: 1
Basic rotation angle: 0.0, rotation gain: 0.0007335855035008581
Rotation gain: 1.24, direction: 1, curvature radius: 2500000
{'type': 'running', 'physical': {'user_x': 902.3854844098663, 'user_y': 130.56619555291172, 'user_direction': 5.756538639430326}, 'virtual': {'user_x': 2426.4332533720176, 'user_y': 8131.560374586726, 'user_direction': -2.134298873379854}, 'user_v': 0, 'user_w': 0.1, 'delta_t': 0.02, 'need_reset': False}
Tangent angle: 2.143047617399712, User angle: 5.756538639430326, Offset angle: 0.3663064094996489
Target angle: 1.7767412079000628, distance: 521.3492859297467, angle diff: 2.3033878756493227, rotation direction: 1
Basic rotation angle: 0.0, rotation gain: 0.0006602384885154773
Rotation gain: 1.24, direction: 1, curvature radius: 2500000
{'type': 'running', 'physical': {'user_x': 902.3854844098663, 'user_y': 130.56619555291172, 'user_direction': 5.837183800720649}, 'virtual': {'user_x': 2426.4332533720176, 'user_y': 8131.560374586726, 'user_direction': -2.034298873379854}, 'user_v': 0, 'user_w': 0.1, 'delta_t': 0.02, 'need_reset': False}
Tangent angle: 2.143047617399712, User angle: 5.837183800720649, Offset angle: 0.3663064094996489
Target angle: 1.7767412079000628, distance: 521.3492859297467, angle diff: 2.2227427143589997, rotation direction: 1
Basic rotation angle: 0.0, rotation gain: 0.0005960598504032691
Rotation gain: 1.24, direction: 1, curvature radius: 2500000
{'type': 'running', 'physical': {'user_x': 902.3854844098663, 'user_y': 130.56619555291172, 'user_direction': 5.917828962010972}, 'virtual': {'user_x': 2426.4332533720176, 'user_y': 8131.560374586726, 'user_direction': -1.876243426781343}, 'user_v': 7.999999999999999, 'user_w': 0, 'delta_t': 0.02, 'need_reset': False}
Tangent angle: 2.143047617399712, User angle: 5.917828962010972, Offset angle: 0.3663064094996489
Target angle: 1.7767412079000628, distance: 521.3492859297467, angle diff: 2.1420975530686768, rotation direction: 1
Basic rotation angle: 1.693121693121693, rotation gain: 0.0010720875576696524
Rotation gain: 1.24, direction: 1, curvature radius: 7.5
{'type': 'running', 'physical': {'user_x': 902.3854844098663, 'user_y': 130.56619555291172, 'user_direction': 5.998474123301295}, 'virtual': {'user_x': 2424.027496490893, 'user_y': 8123.930673817435, 'user_direction': -1.876243426781343}, 'user_v': 7.999999999999999, 'user_w': 0, 'delta_t': 0.02, 'need_reset': False}
Tangent angle: 2.143047617399712, User angle: 5.998474123301295, Offset angle: 0.3663064094996489
Target angle: 1.7767412079000628, distance: 521.3492859297467, angle diff: 2.061452391778354, rotation direction: 1
Basic rotation angle: 1.693121693121693, rotation gain: 0.0014886118015277378
Rotation gain: 1.24, direction: 1, curvature radius: 7.5
{'type': 'running', 'physical': {'user_x': 908.5154653226921, 'user_y': 128.9121836807677, 'user_direction': 6.019638144465317}, 'virtual': {'user_x': 2421.6217396097686, 'user_y': 8116.3009730481435, 'user_direction': -1.876243426781342}, 'user_v': 7.999999999999999, 'user_w': 0, 'delta_t': 0.02, 'need_reset': False}
Tangent angle: 2.150608559037713, User angle: 6.019638144465317, Offset angle: 0.3630887591812733
Target angle: 1.7875197998564403, distance: 526.4081335121067, angle diff: 2.05106696257071, rotation direction: 1
Basic rotation angle: 1.693121693121693, rotation gain: 0.0018552063555141102
Rotation gain: 1.24, direction: 1, curvature radius: 7.5
{'type': 'running', 'physical': {'user_x': 914.6790763582039, 'user_y': 127.38826758474421, 'user_direction': 6.040802165629338}, 'virtual': {'user_x': 2419.215982728644, 'user_y': 8108.6712722788525, 'user_direction': -1.8762434267813406}, 'user_v': 7.999999999999999, 'user_w': 0, 'delta_t': 0.02, 'need_reset': False}
Tangent angle: 2.158219485502454, User angle: 6.040802165629338, Offset angle: 0.3599669443841784
Target angle: 1.7982525411182753, distance: 531.3988809869679, angle diff: 2.0406356826685235, rotation direction: 1
Basic rotation angle: 1.693121693121693, rotation gain: 0.0021780831590124707
Rotation gain: 1.24, direction: 1, curvature radius: 7.5
{'type': 'running', 'physical': {'user_x': 920.8735568407324, 'user_y': 125.99512982544805, 'user_direction': 6.061966186793359}, 'virtual': {'user_x': 2416.8102258475196, 'user_y': 8101.041571509561, 'user_direction': -1.876243426781339}, 'user_v': 7.999999999999999, 'user_w': 0, 'delta_t': 0.02, 'need_reset': False}
Tangent angle: 2.165878568410543, User angle: 6.061966186793359, Offset angle: 0.35693782349610287
Target angle: 1.8089407449144392, distance: 536.3212250403825, angle diff: 2.030159865300666, rotation direction: 1
Basic rotation angle: 1.693121693121693, rotation gain: 0.002462678094903011
Rotation gain: 1.24, direction: 1, curvature radius: 7.5
{'type': 'running', 'physical': {'user_x': 927.0961322682114, 'user_y': 124.7333943879902, 'user_direction': 6.083130207957381}, 'virtual': {'user_x': 2414.404468966395, 'user_y': 8093.41187074027, 'user_direction': -1.8762434267813368}, 'user_v': 7.999999999999999, 'user_w': 0, 'delta_t': 0.02, 'need_reset': False}
Tangent angle: 2.173584056111011, User angle: 6.083130207957381, Offset angle: 0.353998406159478
Target angle: 1.8195856499515326, distance: 541.1748572825468, angle diff: 2.019640749173738, rotation direction: 1
Basic rotation angle: 1.693121693121693, rotation gain: 0.0027137479740541245
Rotation gain: 1.24, direction: 1, curvature radius: 7.5
{'type': 'running', 'physical': {'user_x': 933.3440155548751, 'user_y': 123.60362640250354, 'user_direction': 6.104294229121402}, 'virtual': {'user_x': 2411.9987120852707, 'user_y': 8085.782169970979, 'user_direction': -1.876243426781334}, 'user_v': 7.999999999999999, 'user_w': 0, 'delta_t': 0.02, 'need_reset': False}
Tangent angle: 2.1813342695266282, User angle: 6.104294229121402, Offset angle: 0.3511458446507029
Target angle: 1.8301884248759244, distance: 545.9594650549565, angle diff: 2.0090795029341084, rotation direction: 1
Basic rotation angle: 1.693121693121693, rotation gain: 0.0029354553982619616
Rotation gain: 1.24, direction: 1, curvature radius: 7.5
{'type': 'running', 'physical': {'user_x': 939.614408279591, 'user_y': 122.60633189102148, 'user_direction': 6.125458250285424}, 'virtual': {'user_x': 2409.592955204146, 'user_y': 8078.152469201688, 'user_direction': -1.8762434267813295}, 'user_v': 7.999999999999999, 'user_w': 0, 'delta_t': 0.02, 'need_reset': False}
Tangent angle: 2.1891275982531226, User angle: 6.125458250285424, Offset angle: 0.34837742585748743
Target angle: 1.8407501723956354, distance: 550.6747321801157, angle diff: 1.998477229289798, rotation direction: 1
Basic rotation angle: 1.693121693121693, rotation gain: 0.003131443016718484
Rotation gain: 1.24, direction: 1, curvature radius: 7.5
{'type': 'running', 'physical': {'user_x': 945.9045019392701, 'user_y': 121.74195754083128, 'user_direction': 6.146622271449445}, 'virtual': {'user_x': 2407.1871983230217, 'user_y': 8070.522768432397, 'user_direction': -1.8762434267813224}, 'user_v': 7.999999999999999, 'user_w': 0, 'delta_t': 0.02, 'need_reset': False}
Tangent angle: 2.1969624968978962, User angle: 6.146622271449445, Offset angle: 0.3456905638063513
Target angle: 1.851271933091546, distance: 555.320339658769, angle diff: 1.9878349688216872, rotation direction: 1
Basic rotation angle: 1.693121693121693, rotation gain: 0.0033048985017136118
Rotation gain: 1.24, direction: 1, curvature radius: 7.5
{'type': 'running', 'physical': {'user_x': 952.2114792067929, 'user_y': 121.01089050440312, 'user_direction': 6.167786292613466}, 'virtual': {'user_x': 2404.7814414418976, 'user_y': 8062.893067663106, 'user_direction': -1.876243426781309}, 'user_v': 7.999999999999999, 'user_w': 0, 'delta_t': 0.02, 'need_reset': False}
Tangent angle: 2.2048374816413157, User angle: 6.167786292613466, Offset angle: 0.3430827926967736
Target angle: 1.8617546889445418, distance: 559.8959663191207, angle diff: 1.9771537035106617, rotation direction: 1
Basic rotation angle: 1.693121693121693, rotation gain: 0.0034586114035728656
Rotation gain: 1.24, direction: 1, curvature radius: 7.5
{'type': 'running', 'physical': {'user_x': 958.5325151928878, 'user_y': 120.41345822598497, 'user_direction': 6.188950313777488}, 'virtual': {'user_x': 2402.3756845607736, 'user_y': 8055.263366893815, 'user_direction': -1.8762434267813177}, 'user_v': 7.999999999999999, 'user_w': 0, 'delta_t': 0.02, 'need_reset': False}
Tangent angle: 2.212751127004949, User angle: 6.188950313777488, Offset angle: 0.34055176040242635
Target angle: 1.8721993666025227, distance: 564.4012894220718, angle diff: 1.9664343600046212, rotation direction: 1
Basic rotation angle: 1.693121693121693, rotation gain: 0.0035950228998398674
Rotation gain: 1.24, direction: 1, curvature radius: 7.5
{'type': 'running', 'physical': {'user_x': 964.8647787113958, 'user_y': 119.9499282949405, 'user_direction': 6.210114334941509}, 'virtual': {'user_x': 2401.7957339018567, 'user_y': 8053.424091269912, 'user_direction': -1.8762434267813177}, 'user_v': 0, 'user_w': 0.1, 'delta_t': 0.02, 'need_reset': False}
Tangent angle: 2.2207020628123617, User angle: 6.210114334941509, Offset angle: 0.3380952224034734
Target angle: 1.8826068404088883, distance: 568.8359852261007, angle diff: 1.9556778126469654, rotation direction: 1
Basic rotation angle: 0.0, rotation gain: 0.0031646658470093616
Rotation gain: 1.24, direction: 1, curvature radius: 2500000
{'type': 'running', 'physical': {'user_x': 971.205433547357, 'user_y': 119.62050832589618, 'user_direction': 6.2312783561055305}, 'virtual': {'user_x': 2401.7957339018567, 'user_y': 8053.424091269912, 'user_direction': -1.7673064391836202}, 'user_v': 7.999999999999999, 'user_w': 0, 'delta_t': 0.02, 'need_reset': False}
Tangent angle: 2.2286889713291766, User angle: 6.2312783561055305, Offset angle: 0.3357110361170985
Target angle: 1.8929779352120786, distance: 573.1997295150718, angle diff: 1.9448848862861343, rotation direction: 1
Basic rotation angle: 1.693121693121693, rotation gain: 0.0033415672259287654
Rotation gain: 1.24, direction: 1, curvature radius: 7.5
{'type': 'running', 'physical': {'user_x': 971.205433547357, 'user_y': 119.62050832589618, 'user_direction': 0.028738210216267213}, 'virtual': {'user_x': 2400.233751456235, 'user_y': 8045.578059735463, 'user_direction': -1.7673064391836202}, 'user_v': 7.999999999999999, 'user_w': 0, 'delta_t': 0.02, 'need_reset': False}
Tangent angle: 2.2286889713291766, User angle: 0.028738210216267213, Offset angle: 0.3357110361170985
Target angle: 1.8929779352120786, distance: 573.1997295150718, angle diff: 1.8642397249958114, rotation direction: 1
Basic rotation angle: 1.693121693121693, rotation gain: 0.003496355932483244
Rotation gain: 1.24, direction: 1, curvature radius: 7.5
{'type': 'running', 'physical': {'user_x': 977.5467360363473, 'user_y': 119.93721640588076, 'user_direction': 0.049902231380288375}, 'virtual': {'user_x': 2398.6717690106134, 'user_y': 8037.732028201014, 'user_direction': -1.7673064391836184}, 'user_v': 7.999999999999999, 'user_w': 0, 'delta_t': 0.02, 'need_reset': False}
Tangent angle: 2.2372220414079034, User angle: 0.049902231380288375, Offset angle: 0.33362708462928875
Target angle: 1.9035949567786155, distance: 577.0630936767949, angle diff: 1.853692725398327, rotation direction: 1
Basic rotation angle: 1.693121693121693, rotation gain: 0.0036336803022345597
Rotation gain: 1.24, direction: 1, curvature radius: 7.5
{'type': 'running', 'physical': {'user_x': 983.8799160774483, 'user_y': 120.38805100060631, 'user_direction': 0.07106625254430954}, 'virtual': {'user_x': 2397.109786564992, 'user_y': 8029.885996666565, 'user_direction': -1.7673064391836162}, 'user_v': 7.999999999999999, 'user_w': 0, 'delta_t': 0.02, 'need_reset': False}
Tangent angle: 2.245779232958173, User angle: 0.07106625254430954, Offset angle: 0.33160627205944715
Target angle: 1.9141729608987248, distance: 580.8540363900605, angle diff: 1.8431067083544153, rotation direction: 1
Basic rotation angle: 1.693121693121693, rotation gain: 0.0037556960803526236
Rotation gain: 1.24, direction: 1, curvature radius: 7.5
{'type': 'running', 'physical': {'user_x': 990.2021370451904, 'user_y': 120.97281018167578, 'user_direction': 0.0922302737083307}, 'virtual': {'user_x': 2395.5478041193705, 'user_y': 8022.039965132116, 'user_direction': -1.7673064391836184}, 'user_v': 7.999999999999999, 'user_w': 0, 'delta_t': 0.02, 'need_reset': False}
Tangent angle: 2.2543596932055405, User angle: 0.0922302737083307, Offset angle: 0.32964698746729865
Target angle: 1.9247127057382425, distance: 584.5722849570226, angle diff: 1.8324824320299118, rotation direction: 1
Basic rotation angle: 1.693121693121693, rotation gain: 0.0038642898344028844
Rotation gain: 1.24, direction: 1, curvature radius: 7.5
{'type': 'running', 'physical': {'user_x': 996.5105672226624, 'user_y': 121.69123203599402, 'user_direction': 0.11339429487235186}, 'virtual': {'user_x': 2393.9858216737493, 'user_y': 8014.193933597667, 'user_direction': -1.767306439183616}, 'user_v': 7.999999999999999, 'user_w': 0, 'delta_t': 0.02, 'need_reset': False}
Tangent angle: 2.262962598424357, User angle: 0.11339429487235186, Offset angle: 0.32774769099580703
Target angle: 1.9352149074285503, distance: 588.2175681076542, angle diff: 1.8218206125561984, rotation direction: 1
Basic rotation angle: 1.693121693121693, rotation gain: 0.003961112589862253
Rotation gain: 1.24, direction: 1, curvature radius: 7.5
{'type': 'running', 'physical': {'user_x': 1002.8023810698357, 'user_y': 122.54299478307841, 'user_direction': 0.13455831603637303}, 'virtual': {'user_x': 2392.4238392281277, 'user_y': 8006.347902063218, 'user_direction': -1.7673064391836186}, 'user_v': 7.999999999999999, 'user_w': 0, 'delta_t': 0.02, 'need_reset': False}
Tangent angle: 2.271587152501506, User angle: 0.13455831603637303, Offset angle: 0.3259069104965909
Target angle: 1.945680242004915, distance: 591.7896163555429, angle diff: 1.811121925968542, rotation direction: 1
Basic rotation angle: 1.693121693121693, rotation gain: 0.004047609261897268
Rotation gain: 1.24, direction: 1, curvature radius: 7.5
{'type': 'running', 'physical': {'user_x': 1009.0747604891204, 'user_y': 123.52771691918412, 'user_direction': 0.1557223372003942}, 'virtual': {'user_x': 2390.8618567825065, 'user_y': 7998.501870528768, 'user_direction': -1.7673064391836155}, 'user_v': 7.999999999999999, 'user_w': 0, 'delta_t': 0.02, 'need_reset': False}
Tangent angle: 2.280232585576978, User angle: 0.1557223372003942, Offset angle: 0.3241232383618127
Target angle: 1.9561093472151647, distance: 595.2881623327281, angle diff: 1.8003870100147705, rotation direction: 1
Basic rotation angle: 1.693121693121693, rotation gain: 0.004125044408828465
Rotation gain: 1.24, direction: 1, curvature radius: 7.5
{'type': 'running', 'physical': {'user_x': 1015.3248960875889, 'user_y': 124.64495738817915, 'user_direction': 0.17688635836441535}, 'virtual': {'user_x': 2389.299874336885, 'user_y': 7990.655838994319, 'user_direction': -1.7673064391836186}, 'user_v': 7.999999999999999, 'user_w': 0, 'delta_t': 0.02, 'need_reset': False}
Tangent angle: 2.288898152756328, User angle: 0.17688635836441535, Offset angle: 0.32239532854840186
Target angle: 1.966502824207927, distance: 598.7129411050445, angle diff: 1.7896164658435116, rotation direction: 1
Basic rotation angle: 1.693121693121693, rotation gain: 0.004194524767030154
Rotation gain: 1.24, direction: 1, curvature radius: 7.5
{'type': 'running', 'physical': {'user_x': 1021.5499884353001, 'user_y': 125.89421577909312, 'user_direction': 0.19805037952843652}, 'virtual': {'user_x': 2387.7378918912636, 'user_y': 7982.80980745987, 'user_direction': -1.7673064391836146}, 'user_v': 7.999999999999999, 'user_w': 0, 'delta_t': 0.02, 'need_reset': False}
Tangent angle: 2.2975831328904106, User angle: 0.19805037952843652, Offset angle: 0.3207218937815959
Target angle: 1.976861239108814, distance: 602.063690469308, angle diff: 1.7788108595803775, rotation direction: 1
Basic rotation angle: 1.693121693121693, rotation gain: 0.00425701896954914
Rotation gain: 1.24, direction: 1, curvature radius: 7.5
{'type': 'running', 'physical': {'user_x': 1027.7472493191622, 'user_y': 127.27493255025074, 'user_direction': 0.21921440069245768}, 'virtual': {'user_x': 2386.175909445642, 'user_y': 7974.963775925421, 'user_direction': -1.7673064391836188}, 'user_v': 7.999999999999999, 'user_w': 0, 'delta_t': 0.02, 'need_reset': False}
Tangent angle: 2.3062868274181048, User angle: 0.21921440069245768, Offset angle: 0.31910170292582046
Target angle: 1.9871851244922851, distance: 605.3401512335685, angle diff: 1.7679707237998274, rotation direction: 1
Basic rotation angle: 1.693121693121693, rotation gain: 0.0043133748004431606
Rotation gain: 1.24, direction: 1, curvature radius: 7.5
{'type': 'running', 'physical': {'user_x': 1033.9139029917696, 'user_y': 128.78648927989008, 'user_direction': 0.24037842185647884}, 'virtual': {'user_x': 2384.613927000021, 'user_y': 7967.117744390972, 'user_direction': -1.7673064391836133}, 'user_v': 7.999999999999999, 'user_w': 0, 'delta_t': 0.02, 'need_reset': False}
Tangent angle: 2.315008559268043, User angle: 0.24037842185647884, Offset angle: 0.3175335785118614
Target angle: 1.9974749807561825, distance: 608.5420674815522, angle diff: 1.7570965588997036, rotation direction: 1
Basic rotation angle: 1.693121693121693, rotation gain: 0.004364334292842237
Rotation gain: 1.24, direction: 1, curvature radius: 7.5
{'type': 'running', 'physical': {'user_x': 1040.047187414659, 'user_y': 130.4282089431531, 'user_direction': 0.2615424430205}, 'virtual': {'user_x': 2383.051944554399, 'user_y': 7959.271712856523, 'user_direction': -1.7673064391836193}, 'user_v': 7.999999999999999, 'user_w': 0, 'delta_t': 0.02, 'need_reset': False}
Tangent angle: 2.323747671815633, User angle: 0.2615424430205, Offset angle: 0.3160163944101389
Target angle: 2.007731277405494, distance: 611.6691868223272, angle diff: 1.7461888343849938, rotation direction: 1
Basic rotation angle: 1.693121693121693, rotation gain: 0.004410546940238022
Rotation gain: 1.24, direction: 1, curvature radius: 7.5
{'type': 'running', 'physical': {'user_x': 1046.1443554954226, 'user_y': 132.19935621532446, 'user_direction': 0.28270646418452117}, 'virtual': {'user_x': 2381.489962108778, 'user_y': 7951.425681322074, 'user_direction': -1.7673064391836102}, 'user_v': 7.999999999999999, 'user_w': 0, 'delta_t': 0.02, 'need_reset': False}
Tangent angle: 2.3325035278919035, User angle: 0.28270646418452117, Offset angle: 0.31454907364068296
Target angle: 2.017954454251221, distance: 614.7212606261337, angle diff: 1.7352479900667, rotation direction: 1
Basic rotation angle: 1.693121693121693, rotation gain: 0.004452581256820201
Rotation gain: 1.24, direction: 1, curvature radius: 7.5
{'type': 'running', 'physical': {'user_x': 1052.2026763181289, 'user_y': 134.09913780118274, 'user_direction': 0.30387048534854233}, 'virtual': {'user_x': 2379.9279796631563, 'user_y': 7943.5796497876245, 'user_direction': -1.7673064391836208}, 'user_v': 7.999999999999999, 'user_w': 0, 'delta_t': 0.02, 'need_reset': False}
Tangent angle: 2.341275508840954, User angle: 0.30387048534854233, Offset angle: 0.3131305863111201
Target angle: 2.028144922529833, distance: 617.6980442472518, angle diff: 1.7242744371812908, rotation direction: 1
Basic rotation angle: 1.693121693121693, rotation gain: 0.004490934893203542
Rotation gain: 1.24, direction: 1, curvature radius: 7.5
{'type': 'running', 'physical': {'user_x': 1058.2194363664971, 'user_y': 136.12670279031664, 'user_direction': 0.3250345065125635}, 'virtual': {'user_x': 2378.5741320510424, 'user_y': 7936.779105333836, 'user_direction': -1.7673064391836208}, 'user_v': 0, 'user_w': 0.1, 'delta_t': 0.02, 'need_reset': False}
Tangent angle: 2.350063013622984, User angle: 0.3250345065125635, Offset angle: 0.3117599476746412
Target angle: 2.0383030659483428, distance: 620.599297234708, angle diff: 1.7132685594357793, rotation direction: 1
Basic rotation angle: 0.0, rotation gain: 0.003949450546771266
Rotation gain: 1.24, direction: 1, curvature radius: 2500000
{'type': 'running', 'physical': {'user_x': 1064.191940739279, 'user_y': 138.28114303824705, 'user_direction': 0.34619852767658466}, 'virtual': {'user_x': 2378.5741320510424, 'user_y': 7936.779105333836, 'user_direction': -1.6673064391836208}, 'user_v': 0, 'user_w': 0.1, 'delta_t': 0.02, 'need_reset': False}
Tangent angle: 2.358865457960097, User angle: 0.34619852767658466, Offset angle: 0.3104362163005225
Target angle: 2.0484292416595746, distance: 623.4247835315549, angle diff: 1.70223071398299, rotation direction: 1
Basic rotation angle: 0.0, rotation gain: 0.003475702573818912
Rotation gain: 1.24, direction: 1, curvature radius: 2500000
{'type': 'running', 'physical': {'user_x': 1064.191940739279, 'user_y': 138.28114303824705, 'user_direction': 0.4268436889669073}, 'virtual': {'user_x': 2378.5741320510424, 'user_y': 7936.779105333836, 'user_direction': -1.5673064391836207}, 'user_v': 0, 'user_w': 0.1, 'delta_t': 0.02, 'need_reset': False}
Tangent angle: 2.358865457960097, User angle: 0.4268436889669073, Offset angle: 0.3104362163005225
Target angle: 2.0484292416595746, distance: 623.4247835315549, angle diff: 1.6215855526926672, rotation direction: 1
Basic rotation angle: 0.0, rotation gain: 0.0030611730974856024
Rotation gain: 1.24, direction: 1, curvature radius: 2500000
{'type': 'running', 'physical': {'user_x': 1064.191940739279, 'user_y': 138.28114303824705, 'user_direction': 0.5074888502572299}, 'virtual': {'user_x': 2378.5741320510424, 'user_y': 7936.779105333836, 'user_direction': -1.4673064391836206}, 'user_v': 0, 'user_w': 0.1, 'delta_t': 0.02, 'need_reset': False}
Tangent angle: 2.358865457960097, User angle: 0.5074888502572299, Offset angle: 0.3104362163005225
Target angle: 2.0484292416595746, distance: 623.4247835315549, angle diff: 1.5409403914023447, rotation direction: 1
Basic rotation angle: 0.0, rotation gain: 0.0026984598056939567
Rotation gain: 1.24, direction: 1, curvature radius: 2500000
{'type': 'running', 'physical': {'user_x': 1064.191940739279, 'user_y': 138.28114303824705, 'user_direction': 0.5881340115475525}, 'virtual': {'user_x': 2378.5741320510424, 'user_y': 7936.779105333836, 'user_direction': -1.3673064391836205}, 'user_v': 0, 'user_w': 0.1, 'delta_t': 0.02, 'need_reset': False}
Tangent angle: 2.358865457960097, User angle: 0.5881340115475525, Offset angle: 0.3104362163005225
Target angle: 2.0484292416595746, distance: 623.4247835315549, angle diff: 1.4602952301120222, rotation direction: 1
Basic rotation angle: 0.0, rotation gain: 0.002381085675376267
Rotation gain: 1.24, direction: 1, curvature radius: 2500000
{'type': 'running', 'physical': {'user_x': 1064.191940739279, 'user_y': 138.28114303824705, 'user_direction': 0.6687791728378751}, 'virtual': {'user_x': 2378.5741320510424, 'user_y': 7936.779105333836, 'user_direction': -1.2673064391836204}, 'user_v': 0, 'user_w': 0.1, 'delta_t': 0.02, 'need_reset': False}
Tangent angle: 2.358865457960097, User angle: 0.6687791728378751, Offset angle: 0.3104362163005225
Target angle: 2.0484292416595746, distance: 623.4247835315549, angle diff: 1.3796500688216995, rotation direction: 1
Basic rotation angle: 0.0, rotation gain: 0.002103383311348288
Rotation gain: 1.24, direction: 1, curvature radius: 2500000
{'type': 'running', 'physical': {'user_x': 1064.191940739279, 'user_y': 138.28114303824705, 'user_direction': 0.7494243341281978}, 'virtual': {'user_x': 2378.5741320510424, 'user_y': 7936.779105333836, 'user_direction': -1.1673064391836203}, 'user_v': 0, 'user_w': 0.1, 'delta_t': 0.02, 'need_reset': False}
Tangent angle: 2.358865457960097, User angle: 0.7494243341281978, Offset angle: 0.3104362163005225
Target angle: 2.0484292416595746, distance: 623.4247835315549, angle diff: 1.2990049075313768, rotation direction: 1
Basic rotation angle: 0.0, rotation gain: 0.001860393742823807
Rotation gain: 1.24, direction: 1, curvature radius: 2500000
{'type': 'running', 'physical': {'user_x': 1064.191940739279, 'user_y': 138.28114303824705, 'user_direction': 0.8300694954185204}, 'virtual': {'user_x': 2378.5741320510424, 'user_y': 7936.779105333836, 'user_direction': -1.0673064391836202}, 'user_v': 0, 'user_w': 0.1, 'delta_t': 0.02, 'need_reset': False}
Tangent angle: 2.358865457960097, User angle: 0.8300694954185204, Offset angle: 0.3104362163005225
Target angle: 2.0484292416595746, distance: 623.4247835315549, angle diff: 1.2183597462410543, rotation direction: 1
Basic rotation angle: 0.0, rotation gain: 0.0016477778703648856
Rotation gain: 1.24, direction: 1, curvature radius: 2500000
{'type': 'running', 'physical': {'user_x': 1064.191940739279, 'user_y': 138.28114303824705, 'user_direction': 0.910714656708843}, 'virtual': {'user_x': 2378.5741320510424, 'user_y': 7936.779105333836, 'user_direction': -0.9673064391836202}, 'user_v': 0, 'user_w': 0.1, 'delta_t': 0.02, 'need_reset': False}
Tangent angle: 2.358865457960097, User angle: 0.910714656708843, Offset angle: 0.3104362163005225
Target angle: 2.0484292416595746, distance: 623.4247835315549, angle diff: 1.1377145849507317, rotation direction: 1
Basic rotation angle: 0.0, rotation gain: 0.0014617389819633296
Rotation gain: 1.24, direction: 1, curvature radius: 2500000
{'type': 'running', 'physical': {'user_x': 1064.191940739279, 'user_y': 138.28114303824705, 'user_direction': 0.9913598179991656}, 'virtual': {'user_x': 2378.5741320510424, 'user_y': 7936.779105333836, 'user_direction': -0.8673064391836203}, 'user_v': 0, 'user_w': 0.1, 'delta_t': 0.02, 'need_reset': False}
Tangent angle: 2.358865457960097, User angle: 0.9913598179991656, Offset angle: 0.3104362163005225
Target angle: 2.0484292416595746, distance: 623.4247835315549, angle diff: 1.057069423660409, rotation direction: 1
Basic rotation angle: 0.0, rotation gain: 0.0012989549546119682
Rotation gain: 1.24, direction: 1, curvature radius: 2500000
{'type': 'running', 'physical': {'user_x': 1064.191940739279, 'user_y': 138.28114303824705, 'user_direction': 1.0720049792894881}, 'virtual': {'user_x': 2378.5741320510424, 'user_y': 7936.779105333836, 'user_direction': -0.7673064391836203}, 'user_v': 0, 'user_w': 0.1, 'delta_t': 0.02, 'need_reset': False}
Tangent angle: 2.358865457960097, User angle: 1.0720049792894881, Offset angle: 0.3104362163005225
Target angle: 2.0484292416595746, distance: 623.4247835315549, angle diff: 0.9764242623700865, rotation direction: 1
Basic rotation angle: 0.0, rotation gain: 0.001156518930679527
Rotation gain: 1.24, direction: 1, curvature radius: 2500000
{'type': 'running', 'physical': {'user_x': 1064.191940739279, 'user_y': 138.28114303824705, 'user_direction': 1.1526501405798106}, 'virtual': {'user_x': 2378.5741320510424, 'user_y': 7936.779105333836, 'user_direction': -0.6673064391836203}, 'user_v': 0, 'user_w': 0.1, 'delta_t': 0.02, 'need_reset': False}
Tangent angle: 2.358865457960097, User angle: 1.1526501405798106, Offset angle: 0.3104362163005225
Target angle: 2.0484292416595746, distance: 623.4247835315549, angle diff: 0.895779101079764, rotation direction: 1
Basic rotation angle: 0.0, rotation gain: 0.0010318874097386408
Rotation gain: 1.24, direction: 1, curvature radius: 2500000
{'type': 'running', 'physical': {'user_x': 1064.191940739279, 'user_y': 138.28114303824705, 'user_direction': 1.2332953018701331}, 'virtual': {'user_x': 2378.5741320510424, 'user_y': 7936.779105333836, 'user_direction': -0.5673064391836203}, 'user_v': 0, 'user_w': 0.1, 'delta_t': 0.02, 'need_reset': False}
Tangent angle: 2.358865457960097, User angle: 1.2332953018701331, Offset angle: 0.3104362163005225
Target angle: 2.0484292416595746, distance: 623.4247835315549, angle diff: 0.8151339397894415, rotation direction: 1
Basic rotation angle: 0.0, rotation gain: 0.0009228348289153653
Rotation gain: 1.24, direction: 1, curvature radius: 2500000
{'type': 'running', 'physical': {'user_x': 1064.191940739279, 'user_y': 138.28114303824705, 'user_direction': 1.3139404631604557}, 'virtual': {'user_x': 2378.5741320510424, 'user_y': 7936.779105333836, 'user_direction': -0.46730643918362036}, 'user_v': 0, 'user_w': 0.1, 'delta_t': 0.02, 'need_reset': False}
Tangent angle: 2.358865457960097, User angle: 1.3139404631604557, Offset angle: 0.3104362163005225
Target angle: 2.0484292416595746, distance: 623.4247835315549, angle diff: 0.734488778499119, rotation direction: 1
Basic rotation angle: 0.0, rotation gain: 0.0008274138206949992
Rotation gain: 1.24, direction: 1, curvature radius: 2500000
{'type': 'running', 'physical': {'user_x': 1064.191940739279, 'user_y': 138.28114303824705, 'user_direction': 1.3945856244507782}, 'virtual': {'user_x': 2378.5741320510424, 'user_y': 7936.779105333836, 'user_direction': -0.3673064391836204}, 'user_v': 0, 'user_w': 0.1, 'delta_t': 0.02, 'need_reset': False}
Tangent angle: 2.358865457960097, User angle: 1.3945856244507782, Offset angle: 0.3104362163005225
Target angle: 2.0484292416595746, distance: 623.4247835315549, angle diff: 0.6538436172087965, rotation direction: 1
Basic rotation angle: 0.0, rotation gain: 0.0007439204385021789
Rotation gain: 1.24, direction: 1, curvature radius: 2500000
{'type': 'running', 'physical': {'user_x': 1064.191940739279, 'user_y': 138.28114303824705, 'user_direction': 1.4752307857411007}, 'virtual': {'user_x': 2378.5741320510424, 'user_y': 7936.779105333836, 'user_direction': -0.2673064391836204}, 'user_v': 0, 'user_w': 0.1, 'delta_t': 0.02, 'need_reset': False}
Tangent angle: 2.358865457960097, User angle: 1.4752307857411007, Offset angle: 0.3104362163005225
Target angle: 2.0484292416595746, distance: 623.4247835315549, angle diff: 0.573198455918474, rotation direction: 1
Basic rotation angle: 0.0, rotation gain: 0.0006708637290834611
Rotation gain: 1.24, direction: 1, curvature radius: 2500000
{'type': 'running', 'physical': {'user_x': 1064.191940739279, 'user_y': 138.28114303824705, 'user_direction': 1.5558759470314232}, 'virtual': {'user_x': 2378.5741320510424, 'user_y': 7936.779105333836, 'user_direction': -0.1673064391836204}, 'user_v': 0, 'user_w': 0.1, 'delta_t': 0.02, 'need_reset': False}
Tangent angle: 2.358865457960097, User angle: 1.5558759470314232, Offset angle: 0.3104362163005225
Target angle: 2.0484292416595746, distance: 623.4247835315549, angle diff: 0.49255329462815145, rotation direction: 1
Basic rotation angle: 0.0, rotation gain: 0.000606939108342083
Rotation gain: 1.24, direction: 1, curvature radius: 2500000
{'type': 'running', 'physical': {'user_x': 1064.191940739279, 'user_y': 138.28114303824705, 'user_direction': 1.6365211083217457}, 'virtual': {'user_x': 2378.5741320510424, 'user_y': 7936.779105333836, 'user_direction': -0.06730643918362039}, 'user_v': 0, 'user_w': 0.1, 'delta_t': 0.02, 'need_reset': False}
Tangent angle: 2.358865457960097, User angle: 1.6365211083217457, Offset angle: 0.3104362163005225
Target angle: 2.0484292416595746, distance: 623.4247835315549, angle diff: 0.41190813333782894, rotation direction: 1
Basic rotation angle: 0.0, rotation gain: 0.0005510050651933773
Rotation gain: 1.24, direction: 1, curvature radius: 2500000
{'type': 'running', 'physical': {'user_x': 1064.191940739279, 'user_y': 138.28114303824705, 'user_direction': 1.7171662696120682}, 'virtual': {'user_x': 2378.5741320510424, 'user_y': 7936.779105333836, 'user_direction': 0.03269356081637961}, 'user_v': 0, 'user_w': 0.1, 'delta_t': 0.02, 'need_reset': False}
Tangent angle: 2.358865457960097, User angle: 1.7171662696120682, Offset angle: 0.3104362163005225
Target angle: 2.0484292416595746, distance: 623.4247835315549, angle diff: 0.33126297204750643, rotation direction: 1
Basic rotation angle: 0.0, rotation gain: 0.0005020627774382598
Rotation gain: 1.24, direction: 1, curvature radius: 2500000
{'type': 'running', 'physical': {'user_x': 1064.191940739279, 'user_y': 138.28114303824705, 'user_direction': 1.7978114309023907}, 'virtual': {'user_x': 2378.5741320510424, 'user_y': 7936.779105333836, 'user_direction': 0.13269356081637962}, 'user_v': 0, 'user_w': 0.1, 'delta_t': 0.02, 'need_reset': False}
Tangent angle: 2.358865457960097, User angle: 1.7978114309023907, Offset angle: 0.3104362163005225
Target angle: 2.0484292416595746, distance: 623.4247835315549, angle diff: 0.2506178107571839, rotation direction: 1
Basic rotation angle: 0.0, rotation gain: 0.00045923827565253194
Rotation gain: 1.24, direction: 1, curvature radius: 2500000
{'type': 'running', 'physical': {'user_x': 1064.191940739279, 'user_y': 138.28114303824705, 'user_direction': 1.8784565921927132}, 'virtual': {'user_x': 2378.5741320510424, 'user_y': 7936.779105333836, 'user_direction': 0.23269356081637962}, 'user_v': 0, 'user_w': 0.1, 'delta_t': 0.02, 'need_reset': False}
Tangent angle: 2.358865457960097, User angle: 1.8784565921927132, Offset angle: 0.3104362163005225
Target angle: 2.0484292416595746, distance: 623.4247835315549, angle diff: 0.16997264946686141, rotation direction: 1
Basic rotation angle: 0.0, rotation gain: 0.0004217668365900201
Rotation gain: 1.24, direction: 1, curvature radius: 2500000
{'type': 'running', 'physical': {'user_x': 1064.191940739279, 'user_y': 138.28114303824705, 'user_direction': 1.9591017534830357}, 'virtual': {'user_x': 2378.5741320510424, 'user_y': 7936.779105333836, 'user_direction': 0.33269356081637963}, 'user_v': 0, 'user_w': 0.1, 'delta_t': 0.02, 'need_reset': False}
Tangent angle: 2.358865457960097, User angle: 1.9591017534830357, Offset angle: 0.3104362163005225
Target angle: 2.0484292416595746, distance: 623.4247835315549, angle diff: 0.0893274881765389, rotation direction: 1
Basic rotation angle: 0.0, rotation gain: 0.00038897932741032223
Rotation gain: 1.24, direction: 1, curvature radius: 2500000
{'type': 'running', 'physical': {'user_x': 1064.191940739279, 'user_y': 138.28114303824705, 'user_direction': 2.0397469147733585}, 'virtual': {'user_x': 2378.5741320510424, 'user_y': 7936.779105333836, 'user_direction': 0.43269356081637966}, 'user_v': 0, 'user_w': 0.1, 'delta_t': 0.02, 'need_reset': False}
Tangent angle: 2.358865457960097, User angle: 2.0397469147733585, Offset angle: 0.3104362163005225
Target angle: 2.0484292416595746, distance: 623.4247835315549, angle diff: 0.008682326886216174, rotation direction: 1
Basic rotation angle: 0.0, rotation gain: 0.0003602902568780866
Rotation gain: 1.24, direction: 1, curvature radius: 2500000
{'type': 'running', 'physical': {'user_x': 1064.191940739279, 'user_y': 138.28114303824705, 'user_direction': 2.120392076063681}, 'virtual': {'user_x': 2378.5741320510424, 'user_y': 7936.779105333836, 'user_direction': 0.5326935608163796}, 'user_v': 0, 'user_w': 0.1, 'delta_t': 0.02, 'need_reset': False}
Tangent angle: 2.358865457960097, User angle: 2.120392076063681, Offset angle: 0.3104362163005225
Target angle: 2.0484292416595746, distance: 623.4247835315549, angle diff: 0.07196283440410634, rotation direction: -1
Basic rotation angle: 0.0, rotation gain: 0.0003351873201623804
Rotation gain: 1.24, direction: -1, curvature radius: 2500000
{'type': 'running', 'physical': {'user_x': 1064.191940739279, 'user_y': 138.28114303824705, 'user_direction': 2.2010372373540035}, 'virtual': {'user_x': 2378.5741320510424, 'user_y': 7936.779105333836, 'user_direction': 0.6326935608163796}, 'user_v': 0, 'user_w': 0.1, 'delta_t': 0.02, 'need_reset': False}
Tangent angle: 2.358865457960097, User angle: 2.2010372373540035, Offset angle: 0.3104362163005225
Target angle: 2.0484292416595746, distance: 623.4247835315549, angle diff: 0.15260799569442884, rotation direction: -1
Basic rotation angle: 0.0, rotation gain: 0.0003132222505361375
Rotation gain: 1.24, direction: -1, curvature radius: 2500000
{'type': 'running', 'physical': {'user_x': 1064.191940739279, 'user_y': 138.28114303824705, 'user_direction': 2.281682398644326}, 'virtual': {'user_x': 2378.5741320510424, 'user_y': 7936.779105333836, 'user_direction': 0.827309435586232}, 'user_v': 7.999999999999999, 'user_w': 0, 'delta_t': 0.02, 'need_reset': False}
Tangent angle: 2.358865457960097, User angle: 2.281682398644326, Offset angle: 0.3104362163005225
Target angle: 2.0484292416595746, distance: 623.4247835315549, angle diff: 0.23325315698475135, rotation direction: -1
Basic rotation angle: 1.693121693121693, rotation gain: 0.0008720698310407592
Rotation gain: 1.24, direction: -1, curvature radius: 7.5
{'type': 'running', 'physical': {'user_x': 1064.191940739279, 'user_y': 138.28114303824705, 'user_direction': 2.3623275599346485}, 'virtual': {'user_x': 2383.9890021854835, 'user_y': 7942.66800857868, 'user_direction': 0.827309435586232}, 'user_v': 7.999999999999999, 'user_w': 0, 'delta_t': 0.02, 'need_reset': False}
Tangent angle: 2.358865457960097, User angle: 2.3623275599346485, Offset angle: 0.3104362163005225
Target angle: 2.6693016742606197, distance: 623.4247835315549, angle diff: 0.3069741143259712, rotation direction: 1
Basic rotation angle: 1.693121693121693, rotation gain: 0.0014159879486802282
Rotation gain: 1.24, direction: 1, curvature radius: 7.5
{'type': 'running', 'physical': {'user_x': 1059.5815095330172, 'user_y': 142.64650045283844, 'user_direction': 2.38349158109867}, 'virtual': {'user_x': 2389.4038723199246, 'user_y': 7948.556911823524, 'user_direction': 0.82730943558623}, 'user_v': 7.999999999999999, 'user_w': 0, 'delta_t': 0.02, 'need_reset': False}
Tangent angle: 2.3586243304525323, User angle: 2.38349158109867, Offset angle: 0.31357836841064196
Target angle: 2.6722026988631744, distance: 616.7555329728971, angle diff: 0.28871111776450453, rotation direction: 1
Basic rotation angle: 1.693121693121693, rotation gain: 0.0018919894024184533
Rotation gain: 1.24, direction: 1, curvature radius: 7.5
{'type': 'running', 'physical': {'user_x': 1054.8797292108675, 'user_y': 146.9133122681226, 'user_direction': 2.4046556022626913}, 'virtual': {'user_x': 2394.8187424543657, 'user_y': 7954.445815068369, 'user_direction': 0.8273094355862276}, 'user_v': 7.999999999999999, 'user_w': 0, 'delta_t': 0.02, 'need_reset': False}
Tangent angle: 2.3581692759495154, User angle: 2.4046556022626913, Offset angle: 0.31678347457185346
Target angle: 2.674952750521369, distance: 610.0845143476402, angle diff: 0.27029714825867757, rotation direction: 1
Basic rotation angle: 1.693121693121693, rotation gain: 0.0023085583655266507
Rotation gain: 1.24, direction: 1, curvature radius: 7.5
{'type': 'running', 'physical': {'user_x': 1050.0887056958782, 'user_y': 151.0796673830427, 'user_direction': 2.4258196234267126}, 'virtual': {'user_x': 2400.2336125888073, 'user_y': 7960.334718313213, 'user_direction': 0.8273094355862245}, 'user_v': 7.999999999999999, 'user_w': 0, 'delta_t': 0.02, 'need_reset': False}
Tangent angle: 2.3574941127448747, User angle: 2.4258196234267126, Offset angle: 0.3200519033760941
Target angle: 2.677546016120969, distance: 603.4147065094704, angle diff: 0.25172639269425634, rotation direction: 1
Basic rotation angle: 1.693121693121693, rotation gain: 0.0026731186084982825
Rotation gain: 1.24, direction: 1, curvature radius: 7.5
{'type': 'running', 'physical': {'user_x': 1045.2105848830402, 'user_y': 155.1436996910048, 'user_direction': 2.446983644590734}, 'virtual': {'user_x': 2405.6484827232484, 'user_y': 7966.223621558057, 'user_direction': 0.8273094355862259}, 'user_v': 7.999999999999999, 'user_w': 0, 'delta_t': 0.02, 'need_reset': False}
Tangent angle: 2.3565925328127686, User angle: 2.446983644590734, Offset angle: 0.3233839238533768
Target angle: 2.6799764566661453, distance: 596.7491875289866, angle diff: 0.23299281207541123, rotation direction: 1
Basic rotation angle: 1.693121693121693, rotation gain: 0.002992166041781326
Rotation gain: 1.24, direction: 1, curvature radius: 7.5
{'type': 'running', 'physical': {'user_x': 1040.247551678144, 'user_y': 159.1035889157054, 'user_direction': 2.4681476657547554}, 'virtual': {'user_x': 2411.06335285769, 'user_y': 7972.112524802901, 'user_direction': 0.8273094355862219}, 'user_v': 7.999999999999999, 'user_w': 0, 'delta_t': 0.02, 'need_reset': False}
Tangent angle: 2.355458107357884, User angle: 2.4681476657547554, Offset angle: 0.32677969278907254
Target angle: 2.6822378001469565, distance: 590.0911387790968, angle diff: 0.21409013439220104, rotation direction: 1
Basic rotation angle: 1.693121693121693, rotation gain: 0.0032713846891094856
Rotation gain: 1.24, direction: 1, curvature radius: 7.5
{'type': 'running', 'physical': {'user_x': 1035.2018290191613, 'user_y': 162.9575614264314, 'user_direction': 2.489311686918777}, 'virtual': {'user_x': 2416.4782229921316, 'user_y': 7978.001428047745, 'user_direction': 0.8273094355862233}, 'user_v': 7.999999999999999, 'user_w': 0, 'delta_t': 0.02, 'need_reset': False}
Tangent angle: 2.3540842936674062, User angle: 2.489311686918777, Offset angle: 0.3302392409567963
Target angle: 2.6843235346242027, distance: 583.4438491371341, angle diff: 0.1950118477054259, rotation direction: 1
Basic rotation angle: 1.693121693121693, rotation gain: 0.003515748162438386
Rotation gain: 1.24, direction: 1, curvature radius: 7.5
{'type': 'running', 'physical': {'user_x': 1030.075676880594, 'user_y': 166.70389103246777, 'user_direction': 2.510475708082798}, 'virtual': {'user_x': 2421.893093126573, 'user_y': 7983.8903312925895, 'user_direction': 0.8273094355862253}, 'user_v': 7.999999999999999, 'user_w': 0, 'delta_t': 0.02, 'need_reset': False}
Tangent angle: 2.3524644434104673, User angle: 2.510475708082798, Offset angle: 0.33376245821168965
Target angle: 2.686226901622157, distance: 576.8107192924771, angle diff: 0.17575119353935875, rotation direction: 1
Basic rotation angle: 1.693121693121693, rotation gain: 0.0037296084506025437
Rotation gain: 1.24, direction: 1, curvature radius: 7.5
{'type': 'running', 'physical': {'user_x': 1024.8713912612334, 'user_y': 170.34089975625668, 'user_direction': 2.5316397292468196}, 'virtual': {'user_x': 2427.3079632610143, 'user_y': 7989.779234537434, 'user_direction': 0.827309435586228}, 'user_v': 7.999999999999999, 'user_w': 0, 'delta_t': 0.02, 'need_reset': False}
Tangent angle: 2.350591812541155, User angle: 2.5316397292468196, Offset angle: 0.3373490773929247
Target angle: 2.6879408899340795, distance: 570.1952661453084, angle diff: 0.15630116068725997, rotation direction: 1
Basic rotation angle: 1.693121693121693, rotation gain: 0.0039167736072793355
Rotation gain: 1.24, direction: 1, curvature radius: 7.5
{'type': 'running', 'physical': {'user_x': 1019.5913031557837, 'user_y': 173.86695858496213, 'user_direction': 2.552803750410841}, 'virtual': {'user_x': 2432.722833395456, 'user_y': 7995.668137782278, 'user_direction': 0.8273094355862197}, 'user_v': 7.999999999999999, 'user_w': 0, 'delta_t': 0.02, 'need_reset': False}
Tangent angle: 2.3484595729714286, User angle: 2.552803750410841, Offset angle: 0.34099865699011034
Target angle: 2.689458229961539, distance: 563.6011272785029, angle diff: 0.13665447955069787, rotation direction: 1
Basic rotation angle: 1.693121693121693, rotation gain: 0.004080575725632252
Rotation gain: 1.24, direction: 1, curvature radius: 7.5
{'type': 'running', 'physical': {'user_x': 1014.2377775108133, 'user_y': 177.2804882001033, 'user_direction': 2.5739677715748623}, 'virtual': {'user_x': 2438.1377035298974, 'user_y': 8001.557041027122, 'user_direction': 0.8273094355862226}, 'user_v': 7.999999999999999, 'user_w': 0, 'delta_t': 0.02, 'need_reset': False}
Tangent angle: 2.3460608261901164, User angle: 2.5739677715748623, Offset angle: 0.3447105625363335
Target angle: 2.69077138872645, distance: 557.0320654804723, angle diff: 0.1168036171515876, rotation direction: 1
Basic rotation angle: 1.693121693121693, rotation gain: 0.004223930413568166
Rotation gain: 1.24, direction: 1, curvature radius: 7.5
{'type': 'running', 'physical': {'user_x': 1008.8132121654959, 'user_y': 180.57995968492975, 'user_direction': 2.5951317927388837}, 'virtual': {'user_x': 2443.5525736643385, 'user_y': 8007.445944271966, 'user_direction': 0.82730943558623}, 'user_v': 7.999999999999999, 'user_w': 0, 'delta_t': 0.02, 'need_reset': False}
Tangent angle: 2.343388619013306, User angle: 2.5951317927388837, Offset angle: 0.3484839467011918
Target angle: 2.691872565714498, distance: 550.4919732920417, angle diff: 0.09674077297561423, rotation direction: 1
Basic rotation angle: 1.693121693121693, rotation gain: 0.0043493888317852995
Rotation gain: 1.24, direction: 1, curvature radius: 7.5
{'type': 'running', 'physical': {'user_x': 1003.3200367776212, 'user_y': 183.76389520922194, 'user_direction': 2.616295813902905}, 'virtual': {'user_x': 2445.0159771874364, 'user_y': 8009.037458295705, 'user_direction': 0.82730943558623}, 'user_v': 0, 'user_w': 0.1, 'delta_t': 0.02, 'need_reset': False}
Tangent angle: 2.3404359616595407, User angle: 2.616295813902905, Offset angle: 0.3523177280707938
Target angle: 2.6927536897303344, distance: 543.9848775450484, angle diff: 0.07645787582742924, rotation direction: 1
Basic rotation angle: 0.0, rotation gain: 0.003827497494351746
Rotation gain: 1.24, direction: 1, curvature radius: 2500000
{'type': 'running', 'physical': {'user_x': 997.7607117353535, 'user_y': 186.83086869120996, 'user_direction': 2.6374598350669265}, 'virtual': {'user_x': 2445.0159771874364, 'user_y': 8009.037458295705, 'user_direction': 0.92730943558623}, 'user_v': 0, 'user_w': 0.1, 'delta_t': 0.02, 'need_reset': False}
Tangent angle: 2.33719584834983, User angle: 2.6374598350669265, Offset angle: 0.35621056861878125
Target angle: 2.693406416968611, distance: 537.514943854285, angle diff: 0.05594658190168467, rotation direction: 1
Basic rotation angle: 0.0, rotation gain: 0.003370843021942916
Rotation gain: 1.24, direction: 1, curvature radius: 2500000
{'type': 'running', 'physical': {'user_x': 997.7607117353535, 'user_y': 186.83086869120996, 'user_direction': 2.718104996357249}, 'virtual': {'user_x': 2445.0159771874364, 'user_y': 8009.037458295705, 'user_direction': 1.02730943558623}, 'user_v': 0, 'user_w': 0.1, 'delta_t': 0.02, 'need_reset': False}
Tangent angle: 2.33719584834983, User angle: 2.718104996357249, Offset angle: 0.35621056861878125
Target angle: 2.693406416968611, distance: 537.514943854285, angle diff: 0.024698579388637842, rotation direction: -1
Basic rotation angle: 0.0, rotation gain: 0.0029712703585851896
Rotation gain: 1.24, direction: -1, curvature radius: 2500000
{'type': 'running', 'physical': {'user_x': 997.7607117353535, 'user_y': 186.83086869120996, 'user_direction': 2.7987501576475715}, 'virtual': {'user_x': 2445.0159771874364, 'user_y': 8009.037458295705, 'user_direction': 1.12730943558623}, 'user_v': 0, 'user_w': 0.1, 'delta_t': 0.02, 'need_reset': False}
Tangent angle: 2.33719584834983, User angle: 2.7987501576475715, Offset angle: 0.35621056861878125
Target angle: 2.693406416968611, distance: 537.514943854285, angle diff: 0.10534374067896035, rotation direction: -1
Basic rotation angle: 0.0, rotation gain: 0.0026216442781471787
Rotation gain: 1.24, direction: -1, curvature radius: 2500000
{'type': 'running', 'physical': {'user_x': 997.7607117353535, 'user_y': 186.83086869120996, 'user_direction': 2.879395318937894}, 'virtual': {'user_x': 2445.0159771874364, 'user_y': 8009.037458295705, 'user_direction': 1.2273094355862302}, 'user_v': 0, 'user_w': 0.1, 'delta_t': 0.02, 'need_reset': False}
Tangent angle: 2.33719584834983, User angle: 2.879395318937894, Offset angle: 0.35621056861878125
Target angle: 2.693406416968611, distance: 537.514943854285, angle diff: 0.18598890196928286, rotation direction: -1
Basic rotation angle: 0.0, rotation gain: 0.0023157214577639194
Rotation gain: 1.24, direction: -1, curvature radius: 2500000
{'type': 'running', 'physical': {'user_x': 997.7607117353535, 'user_y': 186.83086869120996, 'user_direction': 2.9600404802282165}, 'virtual': {'user_x': 2445.0159771874364, 'user_y': 8009.037458295705, 'user_direction': 1.3273094355862303}, 'user_v': 0, 'user_w': 0.1, 'delta_t': 0.02, 'need_reset': False}
Tangent angle: 2.33719584834983, User angle: 2.9600404802282165, Offset angle: 0.35621056861878125
Target angle: 2.693406416968611, distance: 537.514943854285, angle diff: 0.26663406325960537, rotation direction: -1
Basic rotation angle: 0.0, rotation gain: 0.0020480389899285674
Rotation gain: 1.24, direction: -1, curvature radius: 2500000
{'type': 'running', 'physical': {'user_x': 997.7607117353535, 'user_y': 186.83086869120996, 'user_direction': 3.040685641518539}, 'virtual': {'user_x': 2445.0159771874364, 'user_y': 8009.037458295705, 'user_direction': 1.4273094355862304}, 'user_v': 0, 'user_w': 0.1, 'delta_t': 0.02, 'need_reset': False}
Tangent angle: 2.33719584834983, User angle: 3.040685641518539, Offset angle: 0.35621056861878125
Target angle: 2.693406416968611, distance: 537.514943854285, angle diff: 0.3472792245499279, rotation direction: -1
Basic rotation angle: 0.0, rotation gain: 0.0018138168305726345
Rotation gain: 1.24, direction: -1, curvature radius: 2500000
{'type': 'running', 'physical': {'user_x': 997.7607117353535, 'user_y': 186.83086869120996, 'user_direction': 3.1213308028088615}, 'virtual': {'user_x': 2445.0159771874364, 'user_y': 8009.037458295705, 'user_direction': 1.5815302629854968}, 'user_v': 7.999999999999999, 'user_w': 0, 'delta_t': 0.02, 'need_reset': False}
Tangent angle: 2.33719584834983, User angle: 3.1213308028088615, Offset angle: 0.35621056861878125
Target angle: 2.693406416968611, distance: 537.514943854285, angle diff: 0.4279243858402504, rotation direction: -1
Basic rotation angle: 1.693121693121693, rotation gain: 0.002240571158305199
Rotation gain: 1.24, direction: -1, curvature radius: 7.5
{'type': 'running', 'physical': {'user_x': 997.7607117353535, 'user_y': 186.83086869120996, 'user_direction': 3.201975964099184}, 'virtual': {'user_x': 2444.9301073468837, 'user_y': 8017.036997430585, 'user_direction': 1.5815302629854968}, 'user_v': 7.999999999999999, 'user_w': 0, 'delta_t': 0.02, 'need_reset': False}
Tangent angle: 2.33719584834983, User angle: 3.201975964099184, Offset angle: 0.35621056861878125
Target angle: 2.693406416968611, distance: 537.514943854285, angle diff: 0.5085695471305729, rotation direction: -1
Basic rotation angle: 1.693121693121693, rotation gain: 0.002613981195071193
Rotation gain: 1.24, direction: -1, curvature radius: 7.5
{'type': 'running', 'physical': {'user_x': 991.4163877845833, 'user_y': 186.5819211616254, 'user_direction': 3.180811942935163}, 'virtual': {'user_x': 2444.844237506331, 'user_y': 8025.036536565465, 'user_direction': 1.5815302629854981}, 'user_v': 7.999999999999999, 'user_w': 0, 'delta_t': 0.02, 'need_reset': False}
Tangent angle: 2.328864382262958, User angle: 3.180811942935163, Offset angle: 0.35895756715753685
Target angle: 2.6878219494204947, distance: 533.0302960777593, angle diff: 0.49298999351466843, rotation direction: -1
Basic rotation angle: 1.693121693121693, rotation gain: 0.0029405971826485357
Rotation gain: 1.24, direction: -1, curvature radius: 7.5
{'type': 'running', 'physical': {'user_x': 985.0682163047524, 'user_y': 186.4672907666008, 'user_direction': 3.1596479217711417}, 'virtual': {'user_x': 2444.758367665778, 'user_y': 8033.0360757003455, 'user_direction': 1.5815302629854997}, 'user_v': 7.999999999999999, 'user_w': 0, 'delta_t': 0.02, 'need_reset': False}
Tangent angle: 2.320566622447732, User angle: 3.1596479217711417, Offset angle: 0.3617890376384011
Target angle: 2.682355660086133, distance: 528.4759529193723, angle diff: 0.4772922616850086, rotation direction: -1
Basic rotation angle: 1.693121693121693, rotation gain: 0.0032262646260641853
Rotation gain: 1.24, direction: -1, curvature radius: 7.5
{'type': 'running', 'physical': {'user_x': 978.719040635982, 'user_y': 186.48702884898387, 'user_direction': 3.1384839006071203}, 'virtual': {'user_x': 2444.6724978252255, 'user_y': 8041.035614835226, 'user_direction': 1.5815302629855015}, 'user_v': 7.999999999999999, 'user_w': 0, 'delta_t': 0.02, 'need_reset': False}
Tangent angle: 2.3123038307625112, User angle: 3.1384839006071203, Offset angle: 0.3647076897647836
Target angle: 2.677011520527295, distance: 523.8521633537267, angle diff: 0.4614723800798255, rotation direction: -1
Basic rotation angle: 1.693121693121693, rotation gain: 0.0034760988389072227
Rotation gain: 1.24, direction: -1, curvature radius: 7.5
{'type': 'running', 'physical': {'user_x': 972.3717045681686, 'user_y': 186.64112656810576, 'user_direction': 3.117319879443099}, 'virtual': {'user_x': 2444.5866279846728, 'user_y': 8049.035153970106, 'user_direction': 1.5815302629855037}, 'user_v': 7.999999999999999, 'user_w': 0, 'delta_t': 0.02, 'need_reset': False}
Tangent angle: 2.304077322403204, User angle: 3.117319879443099, Offset angle: 0.36771636938656155
Target angle: 2.6717936917897656, distance: 519.1591707828036, angle diff: 0.4455261876533334, rotation direction: -1
Basic rotation angle: 1.693121693121693, rotation gain: 0.0036945762303871735
Rotation gain: 1.24, direction: -1, curvature radius: 7.5
{'type': 'running', 'physical': {'user_x': 966.0290510672535, 'user_y': 186.92951490374097, 'user_direction': 3.0961558582790776}, 'virtual': {'user_x': 2444.50075814412, 'user_y': 8057.034693104986, 'user_direction': 1.5815302629855064}, 'user_v': 7.999999999999999, 'user_w': 0, 'delta_t': 0.02, 'need_reset': False}
Tangent angle: 2.295888468945434, User angle: 3.0961558582790776, Offset angle: 0.37081806672975554
Target angle: 2.6667065356751896, distance: 514.3972121647364, angle diff: 0.429449322603888, rotation direction: -1
Basic rotation angle: 1.693121693121693, rotation gain: 0.003885614181768721
Rotation gain: 1.24, direction: -1, curvature radius: 7.5
{'type': 'running', 'physical': {'user_x': 959.6939210018601, 'user_y': 187.35206468702125, 'user_direction': 3.074991837115056}, 'virtual': {'user_x': 2444.414888303567, 'user_y': 8065.0342322398665, 'user_direction': 1.58153026298551}, 'user_v': 7.999999999999999, 'user_w': 0, 'delta_t': 0.02, 'need_reset': False}
Tangent angle: 2.287738701589165, User angle: 3.074991837115056, Offset angle: 0.3740159252536135
Target angle: 2.6617546268427787, distance: 509.56651707481393, angle diff: 0.41323721027227744, rotation direction: -1
Basic rotation angle: 1.693121693121693, rotation gain: 0.004052640938491675
Rotation gain: 1.24, direction: -1, curvature radius: 7.5
{'type': 'running', 'physical': {'user_x': 953.3691518708722, 'user_y': 187.9085866582904, 'user_direction': 3.053827815951035}, 'virtual': {'user_x': 2444.329018463014, 'user_y': 8073.033771374747, 'user_direction': 1.581530262985506}, 'user_v': 7.999999999999999, 'user_w': 0, 'delta_t': 0.02, 'need_reset': False}
Tangent angle: 2.279629514621722, User angle: 3.053827815951035, Offset angle: 0.3773132511920247
Target angle: 2.6569427658137466, distance: 504.66730669214866, angle diff: 0.39688505013728825, rotation direction: -1
Basic rotation angle: 1.693121693121693, rotation gain: 0.004198656765991573
Rotation gain: 1.24, direction: -1, curvature radius: 7.5
{'type': 'running', 'physical': {'user_x': 947.0575765325209, 'user_y': 188.59883155187333, 'user_direction': 3.0326637947870134}, 'virtual': {'user_x': 2444.243148622461, 'user_y': 8081.033310509627, 'user_direction': 1.5815302629855104}, 'user_v': 7.999999999999999, 'user_w': 0, 'delta_t': 0.02, 'need_reset': False}
Tangent angle: 2.271562469116564, User angle: 3.0326637947870134, Offset angle: 0.38071352384230595
Target angle: 2.65227599295887, distance: 499.6997927046903, angle diff: 0.38038780182814325, rotation direction: -1
Basic rotation angle: 1.693121693121693, rotation gain: 0.0043262874612287104
Rotation gain: 1.24, direction: -1, curvature radius: 7.5
{'type': 'running', 'physical': {'user_x': 940.7620219355495, 'user_y': 189.42249020772206, 'user_direction': 3.011499773622992}, 'virtual': {'user_x': 2444.157278781908, 'user_y': 8089.032849644507, 'user_direction': 1.5815302629855053}, 'user_v': 7.999999999999999, 'user_w': 0, 'delta_t': 0.02, 'need_reset': False}
Tangent angle: 2.263539196886734, User angle: 3.011499773622992, Offset angle: 0.38422040667127433
Target angle: 2.6477596035580087, distance: 494.6641761244007, angle diff: 0.3637401700649834, rotation direction: -1
Basic rotation angle: 1.693121693121693, rotation gain: 0.004437831175425741
Rotation gain: 1.24, direction: -1, curvature radius: 7.5
{'type': 'running', 'physical': {'user_x': 934.4853078530263, 'user_y': 190.37919370988814, 'user_direction': 2.9903357524589707}, 'virtual': {'user_x': 2444.071408941355, 'user_y': 8097.0323887793875, 'user_direction': 1.5815302629855117}, 'user_v': 7.999999999999999, 'user_w': 0, 'delta_t': 0.02, 'need_reset': False}
Tangent angle: 2.255561404713653, User angle: 2.9903357524589707, Offset angle: 0.3878377593162662
Target angle: 2.643399164029919, distance: 489.5606460034294, angle diff: 0.3469365884290516, rotation direction: -1
Basic rotation angle: 1.693121693121693, rotation gain: 0.004535299384068809
Rotation gain: 1.24, direction: -1, curvature radius: 7.5
{'type': 'running', 'physical': {'user_x': 928.2302456193704, 'user_y': 191.46851355175977, 'user_direction': 2.9691717312949493}, 'virtual': {'user_x': 2443.9855391008023, 'user_y': 8105.031927914268, 'user_direction': 1.5815302629855035}, 'user_v': 7.999999999999999, 'user_w': 0, 'delta_t': 0.02, 'need_reset': False}
Tangent angle: 2.2476308788738057, User angle: 2.9691717312949493, Offset angle: 0.39156965056751536
Target angle: 2.639200529441321, distance: 484.38937804101454, angle diff: 0.32997120185362805, rotation direction: -1
Basic rotation angle: 1.693121693121693, rotation gain: 0.004620452735711234
Rotation gain: 1.24, direction: -1, curvature radius: 7.5
{'type': 'running', 'physical': {'user_x': 921.9996368711583, 'user_y': 192.68996182798955, 'user_direction': 2.948007710130928}, 'virtual': {'user_x': 2443.899669260249, 'user_y': 8113.031467049148, 'user_direction': 1.5815302629855157}, 'user_v': 7.999999999999999, 'user_w': 0, 'delta_t': 0.02, 'need_reset': False}
Tangent angle: 2.2397494899880064, User angle: 2.948007710130928, Offset angle: 0.3954203724281965
Target angle: 2.6351698624162028, distance: 479.1505330695587, angle diff: 0.3128378477147251, rotation direction: -1
Basic rotation angle: 1.693121693121693, rotation gain: 0.004694832419665942
Rotation gain: 1.24, direction: -1, curvature radius: 7.5
{'type': 'running', 'physical': {'user_x': 915.7962722922725, 'user_y': 194.04299145302676, 'user_direction': 2.9268436889669065}, 'virtual': {'user_x': 2443.8177726752206, 'user_y': 8120.66086210486, 'user_direction': 1.5815302629855157}, 'user_v': 0, 'user_w': 0.1, 'delta_t': 0.02, 'need_reset': False}
Tangent angle: 2.2319191982202127, User angle: 2.9268436889669065, Offset angle: 0.39939445535966
Target angle: 2.6313136535798725, distance: 473.84425540688204, angle diff: 0.29553003538703404, rotation direction: -1
Basic rotation angle: 0.0, rotation gain: 0.004129705342055769
Rotation gain: 1.24, direction: -1, curvature radius: 2500000
{'type': 'running', 'physical': {'user_x': 909.6229303639578, 'user_y': 195.5269964061566, 'user_direction': 2.905679667802885}, 'virtual': {'user_x': 2443.8177726752206, 'user_y': 8120.66086210486, 'user_direction': 1.6815302629855158}, 'user_v': 0, 'user_w': 0.1, 'delta_t': 0.02, 'need_reset': False}
Tangent angle: 2.2241420588554677, User angle: 2.905679667802885, Offset angle: 0.40349668483213225
Target angle: 2.6276387436876, distance: 468.4706710599816, angle diff: 0.278040924115285, rotation direction: -1
Basic rotation angle: 0.0, rotation gain: 0.0036352150187438773
Rotation gain: 1.24, direction: -1, curvature radius: 2500000
{'type': 'running', 'physical': {'user_x': 909.6229303639578, 'user_y': 195.5269964061566, 'user_direction': 2.9863248290932076}, 'virtual': {'user_x': 2443.8177726752206, 'user_y': 8120.66086210486, 'user_direction': 1.7815302629855159}, 'user_v': 0, 'user_w': 0.1, 'delta_t': 0.02, 'need_reset': False}
Tangent angle: 2.2241420588554677, User angle: 2.9863248290932076, Offset angle: 0.40349668483213225
Target angle: 2.6276387436876, distance: 468.4706710599816, angle diff: 0.35868608540560754, rotation direction: -1
Basic rotation angle: 0.0, rotation gain: 0.003202535985845972
Rotation gain: 1.24, direction: -1, curvature radius: 2500000
{'type': 'running', 'physical': {'user_x': 909.6229303639578, 'user_y': 195.5269964061566, 'user_direction': 3.06696999038353}, 'virtual': {'user_x': 2443.8177726752206, 'user_y': 8120.66086210486, 'user_direction': 1.881530262985516}, 'user_v': 0, 'user_w': 0.1, 'delta_t': 0.02, 'need_reset': False}
Tangent angle: 2.2241420588554677, User angle: 3.06696999038353, Offset angle: 0.40349668483213225
Target angle: 2.6276387436876, distance: 468.4706710599816, angle diff: 0.43933124669593004, rotation direction: -1
Basic rotation angle: 0.0, rotation gain: 0.0028239418320603047
Rotation gain: 1.24, direction: -1, curvature radius: 2500000
{'type': 'running', 'physical': {'user_x': 909.6229303639578, 'user_y': 195.5269964061566, 'user_direction': 3.1476151516738526}, 'virtual': {'user_x': 2443.8177726752206, 'user_y': 8120.66086210486, 'user_direction': 1.981530262985516}, 'user_v': 0, 'user_w': 0.1, 'delta_t': 0.02, 'need_reset': False}
Tangent angle: 2.2241420588554677, User angle: 3.1476151516738526, Offset angle: 0.40349668483213225
Target angle: 2.6276387436876, distance: 468.4706710599816, angle diff: 0.5199764079862526, rotation direction: -1
Basic rotation angle: 0.0, rotation gain: 0.002492671947497846
Rotation gain: 1.24, direction: -1, curvature radius: 2500000
{'type': 'running', 'physical': {'user_x': 909.6229303639578, 'user_y': 195.5269964061566, 'user_direction': 3.228260312964175}, 'virtual': {'user_x': 2443.8177726752206, 'user_y': 8120.66086210486, 'user_direction': 2.081530262985516}, 'user_v': 0, 'user_w': 0.1, 'delta_t': 0.02, 'need_reset': False}
Tangent angle: 2.2241420588554677, User angle: 3.228260312964175, Offset angle: 0.40349668483213225
Target angle: 2.6276387436876, distance: 468.4706710599816, angle diff: 0.6006215692765751, rotation direction: -1
Basic rotation angle: 0.0, rotation gain: 0.0022028107985056946
Rotation gain: 1.24, direction: -1, curvature radius: 2500000
{'type': 'running', 'physical': {'user_x': 909.6229303639578, 'user_y': 195.5269964061566, 'user_direction': 3.3089054742544977}, 'virtual': {'user_x': 2443.8177726752206, 'user_y': 8120.66086210486, 'user_direction': 2.181530262985516}, 'user_v': 0, 'user_w': 0.1, 'delta_t': 0.02, 'need_reset': False}
Tangent angle: 2.2241420588554677, User angle: 3.3089054742544977, Offset angle: 0.40349668483213225
Target angle: 2.6276387436876, distance: 468.4706710599816, angle diff: 0.6812667305668976, rotation direction: -1
Basic rotation angle: 0.0, rotation gain: 0.0019491822931375624
Rotation gain: 1.24, direction: -1, curvature radius: 2500000
{'type': 'running', 'physical': {'user_x': 909.6229303639578, 'user_y': 195.5269964061566, 'user_direction': 3.38955063554482}, 'virtual': {'user_x': 2443.8177726752206, 'user_y': 8120.66086210486, 'user_direction': 2.281530262985516}, 'user_v': 0, 'user_w': 0.1, 'delta_t': 0.02, 'need_reset': False}
Tangent angle: 2.2241420588554677, User angle: 3.38955063554482, Offset angle: 0.40349668483213225
Target angle: 2.6276387436876, distance: 468.4706710599816, angle diff: 0.7619118918572201, rotation direction: -1
Basic rotation angle: 0.0, rotation gain: 0.001727257350940447
Rotation gain: 1.24, direction: -1, curvature radius: 2500000
{'type': 'running', 'physical': {'user_x': 909.6229303639578, 'user_y': 195.5269964061566, 'user_direction': 3.4701957968351427}, 'virtual': {'user_x': 2443.8177726752206, 'user_y': 8120.66086210486, 'user_direction': 2.381530262985516}, 'user_v': 0, 'user_w': 0.1, 'delta_t': 0.02, 'need_reset': False}
Tangent angle: 2.2241420588554677, User angle: 3.4701957968351427, Offset angle: 0.40349668483213225
Target angle: 2.6276387436876, distance: 468.4706710599816, angle diff: 0.8425570531475426, rotation direction: -1
Basic rotation angle: 0.0, rotation gain: 0.0015330730265179708
Rotation gain: 1.24, direction: -1, curvature radius: 2500000
{'type': 'running', 'physical': {'user_x': 909.6229303639578, 'user_y': 195.5269964061566, 'user_direction': 3.550840958125465}, 'virtual': {'user_x': 2443.8177726752206, 'user_y': 8120.66086210486, 'user_direction': 2.4815302629855163}, 'user_v': 0, 'user_w': 0.1, 'delta_t': 0.02, 'need_reset': False}
Tangent angle: 2.2241420588554677, User angle: 3.550840958125465, Offset angle: 0.40349668483213225
Target angle: 2.6276387436876, distance: 468.4706710599816, angle diff: 0.9232022144378651, rotation direction: -1
Basic rotation angle: 0.0, rotation gain: 0.001363161742648304
Rotation gain: 1.24, direction: -1, curvature radius: 2500000
{'type': 'running', 'physical': {'user_x': 909.6229303639578, 'user_y': 195.5269964061566, 'user_direction': 3.6314861194157877}, 'virtual': {'user_x': 2443.8177726752206, 'user_y': 8120.66086210486, 'user_direction': 2.5815302629855164}, 'user_v': 0, 'user_w': 0.1, 'delta_t': 0.02, 'need_reset': False}
Tangent angle: 2.2241420588554677, User angle: 3.6314861194157877, Offset angle: 0.40349668483213225
Target angle: 2.6276387436876, distance: 468.4706710599816, angle diff: 1.0038473757281876, rotation direction: -1
Basic rotation angle: 0.0, rotation gain: 0.0012144893692623458
Rotation gain: 1.24, direction: -1, curvature radius: 2500000
{'type': 'running', 'physical': {'user_x': 909.6229303639578, 'user_y': 195.5269964061566, 'user_direction': 3.71213128070611}, 'virtual': {'user_x': 2443.8177726752206, 'user_y': 8120.66086210486, 'user_direction': 2.6815302629855164}, 'user_v': 0, 'user_w': 0.1, 'delta_t': 0.02, 'need_reset': False}
Tangent angle: 2.2241420588554677, User angle: 3.71213128070611, Offset angle: 0.40349668483213225
Target angle: 2.6276387436876, distance: 468.4706710599816, angle diff: 1.0844925370185101, rotation direction: -1
Basic rotation angle: 0.0, rotation gain: 0.0010844010425496322
Rotation gain: 1.24, direction: -1, curvature radius: 2500000
{'type': 'running', 'physical': {'user_x': 909.6229303639578, 'user_y': 195.5269964061566, 'user_direction': 3.7927764419964327}, 'virtual': {'user_x': 2443.8177726752206, 'user_y': 8120.66086210486, 'user_direction': 2.7815302629855165}, 'user_v': 0, 'user_w': 0.1, 'delta_t': 0.02, 'need_reset': False}
Tangent angle: 2.2241420588554677, User angle: 3.7927764419964327, Offset angle: 0.40349668483213225
Target angle: 2.6276387436876, distance: 468.4706710599816, angle diff: 1.1651376983088326, rotation direction: -1
Basic rotation angle: 0.0, rotation gain: 0.0009705737566760077
Rotation gain: 1.24, direction: -1, curvature radius: 2500000
{'type': 'running', 'physical': {'user_x': 909.6229303639578, 'user_y': 195.5269964061566, 'user_direction': 3.873421603286755}, 'virtual': {'user_x': 2443.8177726752206, 'user_y': 8120.66086210486, 'user_direction': 2.8815302629855166}, 'user_v': 0, 'user_w': 0.1, 'delta_t': 0.02, 'need_reset': False}
Tangent angle: 2.2241420588554677, User angle: 3.873421603286755, Offset angle: 0.40349668483213225
Target angle: 2.6276387436876, distance: 468.4706710599816, angle diff: 1.2457828595991551, rotation direction: -1
Basic rotation angle: 0.0, rotation gain: 0.0008709748815365863
Rotation gain: 1.24, direction: -1, curvature radius: 2500000
{'type': 'running', 'physical': {'user_x': 909.6229303639578, 'user_y': 195.5269964061566, 'user_direction': 3.9540667645770777}, 'virtual': {'user_x': 2443.8177726752206, 'user_y': 8120.66086210486, 'user_direction': 2.9815302629855167}, 'user_v': 0, 'user_w': 0.1, 'delta_t': 0.02, 'need_reset': False}
Tangent angle: 2.2241420588554677, User angle: 3.9540667645770777, Offset angle: 0.40349668483213225
Target angle: 2.6276387436876, distance: 468.4706710599816, angle diff: 1.3264280208894776, rotation direction: -1
Basic rotation angle: 0.0, rotation gain: 0.0007838258657895926
Rotation gain: 1.24, direction: -1, curvature radius: 2500000
{'type': 'running', 'physical': {'user_x': 909.6229303639578, 'user_y': 195.5269964061566, 'user_direction': 4.0347119258674}, 'virtual': {'user_x': 2443.8177726752206, 'user_y': 8120.66086210486, 'user_direction': 3.081530262985517}, 'user_v': 0, 'user_w': 0.1, 'delta_t': 0.02, 'need_reset': False}
Tangent angle: 2.2241420588554677, User angle: 4.0347119258674, Offset angle: 0.40349668483213225
Target angle: 2.6276387436876, distance: 468.4706710599816, angle diff: 1.4070731821798002, rotation direction: -1
Basic rotation angle: 0.0, rotation gain: 0.0007075704770109731
Rotation gain: 1.24, direction: -1, curvature radius: 2500000
{'type': 'running', 'physical': {'user_x': 909.6229303639578, 'user_y': 195.5269964061566, 'user_direction': 4.115357087157723}, 'virtual': {'user_x': 2443.8177726752206, 'user_y': 8120.66086210486, 'user_direction': -3.1016550441940693}, 'user_v': 0, 'user_w': 0.1, 'delta_t': 0.02, 'need_reset': False}
Tangent angle: 2.2241420588554677, User angle: 4.115357087157723, Offset angle: 0.40349668483213225
Target angle: 2.6276387436876, distance: 468.4706710599816, angle diff: 1.487718343470123, rotation direction: -1
Basic rotation angle: 0.0, rotation gain: 0.000640847011829681
Rotation gain: 1.24, direction: -1, curvature radius: 2500000
{'type': 'running', 'physical': {'user_x': 909.6229303639578, 'user_y': 195.5269964061566, 'user_direction': 4.196002248448046}, 'virtual': {'user_x': 2443.8177726752206, 'user_y': 8120.66086210486, 'user_direction': -3.0016550441940693}, 'user_v': 0, 'user_w': 0.1, 'delta_t': 0.02, 'need_reset': False}
Tangent angle: 2.2241420588554677, User angle: 4.196002248448046, Offset angle: 0.40349668483213225
Target angle: 2.6276387436876, distance: 468.4706710599816, angle diff: 1.568363504760446, rotation direction: -1
Basic rotation angle: 0.0, rotation gain: 0.0005824639797960504
Rotation gain: 1.24, direction: -1, curvature radius: 2500000
{'type': 'running', 'physical': {'user_x': 909.6229303639578, 'user_y': 195.5269964061566, 'user_direction': 4.276647409738369}, 'virtual': {'user_x': 2443.8177726752206, 'user_y': 8120.66086210486, 'user_direction': -2.901655044194069}, 'user_v': 0, 'user_w': 0.1, 'delta_t': 0.02, 'need_reset': False}
Tangent angle: 2.2241420588554677, User angle: 4.276647409738369, Offset angle: 0.40349668483213225
Target angle: 2.6276387436876, distance: 468.4706710599816, angle diff: 1.649008666050769, rotation direction: -1
Basic rotation angle: 0.0, rotation gain: 0.0005313788267666237
Rotation gain: 1.24, direction: -1, curvature radius: 2500000
{'type': 'running', 'physical': {'user_x': 909.6229303639578, 'user_y': 195.5269964061566, 'user_direction': 4.357292571028692}, 'virtual': {'user_x': 2443.8177726752206, 'user_y': 8120.66086210486, 'user_direction': -2.801655044194069}, 'user_v': 0, 'user_w': 0.1, 'delta_t': 0.02, 'need_reset': False}
Tangent angle: 2.2241420588554677, User angle: 4.357292571028692, Offset angle: 0.40349668483213225
Target angle: 2.6276387436876, distance: 468.4706710599816, angle diff: 1.729653827341092, rotation direction: -1
Basic rotation angle: 0.0, rotation gain: 0.0004866793178658753
Rotation gain: 1.24, direction: -1, curvature radius: 2500000
{'type': 'running', 'physical': {'user_x': 909.6229303639578, 'user_y': 195.5269964061566, 'user_direction': 4.437937732319015}, 'virtual': {'user_x': 2443.8177726752206, 'user_y': 8120.66086210486, 'user_direction': -2.701655044194069}, 'user_v': 0, 'user_w': 0.1, 'delta_t': 0.02, 'need_reset': False}
Tangent angle: 2.2241420588554677, User angle: 4.437937732319015, Offset angle: 0.40349668483213225
Target angle: 2.6276387436876, distance: 468.4706710599816, angle diff: 1.810298988631415, rotation direction: -1
Basic rotation angle: 0.0, rotation gain: 0.00044756724757772043
Rotation gain: 1.24, direction: -1, curvature radius: 2500000
{'type': 'running', 'physical': {'user_x': 909.6229303639578, 'user_y': 195.5269964061566, 'user_direction': 4.518582893609338}, 'virtual': {'user_x': 2443.8177726752206, 'user_y': 8120.66086210486, 'user_direction': -2.5411271127044834}, 'user_v': 7.999999999999999, 'user_w': 0, 'delta_t': 0.02, 'need_reset': False}
Tangent angle: 2.2241420588554677, User angle: 4.518582893609338, Offset angle: 0.40349668483213225
Target angle: 2.6276387436876, distance: 468.4706710599816, angle diff: 1.8909441499217379, rotation direction: -1
Basic rotation angle: 1.693121693121693, rotation gain: 0.0010433066749828929
Rotation gain: 1.24, direction: -1, curvature radius: 7.5
{'type': 'running', 'physical': {'user_x': 909.6229303639578, 'user_y': 195.5269964061566, 'user_direction': 4.599228054899661}, 'virtual': {'user_x': 2437.2171913846173, 'user_y': 8116.140648987524, 'user_direction': -2.5411271127044834}, 'user_v': 7.999999999999999, 'user_w': 0, 'delta_t': 0.02, 'need_reset': False}
Tangent angle: 2.2241420588554677, User angle: 4.599228054899661, Offset angle: 0.40349668483213225
Target angle: 2.6276387436876, distance: 468.4706710599816, angle diff: 1.9715893112120608, rotation direction: -1
Basic rotation angle: 1.693121693121693, rotation gain: 0.0015645786739624185
Rotation gain: 1.24, direction: -1, curvature radius: 7.5
{'type': 'running', 'physical': {'user_x': 908.7726359567968, 'user_y': 189.23498395496478, 'user_direction': 4.5780640337356395}, 'virtual': {'user_x': 2430.616610094014, 'user_y': 8111.620435870189, 'user_direction': -2.5411271127044817}, 'user_v': 7.999999999999999, 'user_w': 0, 'delta_t': 0.02, 'need_reset': False}
Tangent angle: 2.215385440007706, User angle: 4.5780640337356395, Offset angle: 0.3997619009743439
Target angle: 2.61514734098205, distance: 473.35867914530377, angle diff: 1.9629166927535895, rotation direction: -1
Basic rotation angle: 1.693121693121693, rotation gain: 0.00202024966646399
Rotation gain: 1.24, direction: -1, curvature radius: 7.5
{'type': 'running', 'physical': {'user_x': 907.7893776288345, 'user_y': 182.9623749024815, 'user_direction': 4.556900012571618}, 'virtual': {'user_x': 2424.016028803411, 'user_y': 8107.1002227528525, 'user_direction': -2.54112711270448}, 'user_v': 7.999999999999999, 'user_w': 0, 'delta_t': 0.02, 'need_reset': False}
Tangent angle: 2.206597328738107, User angle: 4.556900012571618, Offset angle: 0.3961427495966703
Target angle: 2.602740078334777, distance: 478.17850404229125, angle diff: 1.954159934236841, rotation direction: -1
Basic rotation angle: 1.693121693121693, rotation gain: 0.0024184909275856868
Rotation gain: 1.24, direction: -1, curvature radius: 7.5
{'type': 'running', 'physical': {'user_x': 906.6735957805647, 'user_y': 176.7119787444869, 'user_direction': 4.535735991407597}, 'virtual': {'user_x': 2417.4154475128075, 'user_y': 8102.580009635517, 'user_direction': -2.541127112704483}, 'user_v': 7.999999999999999, 'user_w': 0, 'delta_t': 0.02, 'need_reset': False}
Tangent angle: 2.1977789133808168, User angle: 4.535735991407597, Offset angle: 0.39263513249822685
Target angle: 2.5904140458790437, distance: 482.9300604511888, angle diff: 1.945321945528553, rotation direction: -1
Basic rotation angle: 1.693121693121693, rotation gain: 0.002766452869543279
Rotation gain: 1.24, direction: -1, curvature radius: 7.5
{'type': 'running', 'physical': {'user_x': 905.4257901696428, 'user_y': 170.48659502762624, 'user_direction': 4.514571970243575}, 'virtual': {'user_x': 2410.8148662222043, 'user_y': 8098.059796518181, 'user_direction': -2.541127112704481}, 'user_v': 7.999999999999999, 'user_w': 0, 'delta_t': 0.02, 'need_reset': False}
Tangent angle: 2.188931329859286, User angle: 4.514571970243575, Offset angle: 0.38923516474153463
Target angle: 2.5781664946008203, distance: 487.6132466942557, angle diff: 1.9364054756427551, rotation direction: -1
Basic rotation angle: 1.693121693121693, rotation gain: 0.003070392623537069
Rotation gain: 1.24, direction: -1, curvature radius: 7.5
{'type': 'running', 'physical': {'user_x': 904.0465196870454, 'user_y': 164.28901209549554, 'user_direction': 4.493407949079554}, 'virtual': {'user_x': 2404.214284931601, 'user_y': 8093.539583400845, 'user_direction': -2.541127112704479}, 'user_v': 7.999999999999999, 'user_w': 0, 'delta_t': 0.02, 'need_reset': False}
Tangent angle: 2.180055664676683, User angle: 4.493407949079554, Offset angle: 0.38593916122575345
Target angle: 2.565994825902436, distance: 492.22794629574224, angle diff: 1.9274131231771179, rotation direction: -1
Basic rotation angle: 1.693121693121693, rotation gain: 0.0033357856758598255
Rotation gain: 1.24, direction: -1, curvature radius: 7.5
{'type': 'running', 'physical': {'user_x': 902.536402106743, 'user_y': 158.12200583974519, 'user_direction': 4.472243927915533}, 'virtual': {'user_x': 2397.6137036409978, 'user_y': 8089.0193702835095, 'user_direction': -2.5411271127044825}, 'user_v': 7.999999999999999, 'user_w': 0, 'delta_t': 0.02, 'need_reset': False}
Tangent angle: 2.1711529577086086, User angle: 4.472243927915533, Offset angle: 0.38274362429504477
Target angle: 2.553896582003653, distance: 496.7740294367079, angle diff: 1.9183473459118794, rotation direction: -1
Basic rotation angle: 1.693121693121693, rotation gain: 0.0035674235513000014
Rotation gain: 1.24, direction: -1, curvature radius: 7.5
{'type': 'running', 'physical': {'user_x': 900.8961138090001, 'user_y': 151.98833845676052, 'user_direction': 4.451079906751511}, 'virtual': {'user_x': 2391.0131223503945, 'user_y': 8084.499157166173, 'user_direction': -2.5411271127044803}, 'user_v': 7.999999999999999, 'user_w': 0, 'delta_t': 0.02, 'need_reset': False}
Tangent angle: 2.162224204813271, User angle: 4.451079906751511, Offset angle: 0.379645232288911
Target angle: 2.541869437102182, distance: 501.2513542965175, angle diff: 1.909210469649329, rotation direction: -1
Basic rotation angle: 1.693121693121693, rotation gain: 0.003769499287778994
Rotation gain: 1.24, direction: -1, curvature radius: 7.5
{'type': 'running', 'physical': {'user_x': 899.1263894774247, 'user_y': 145.8907572104767, 'user_direction': 4.42991588558749}, 'virtual': {'user_x': 2384.4125410597912, 'user_y': 8079.978944048838, 'user_direction': -2.5411271127044843}, 'user_v': 7.999999999999999, 'user_w': 0, 'delta_t': 0.02, 'need_reset': False}
Tangent angle: 2.153270360272952, User angle: 4.42991588558749, Offset angle: 0.3766408289510151
Target angle: 2.529911189223967, distance: 505.65976829156006, angle diff: 1.9000046963635229, rotation direction: -1
Basic rotation angle: 1.693121693121693, rotation gain: 0.00394568222818332
Rotation gain: 1.24, direction: -1, curvature radius: 7.5
{'type': 'running', 'physical': {'user_x': 897.2280217699044, 'user_y': 139.83199320188166, 'user_direction': 4.4087518644234684}, 'virtual': {'user_x': 2377.811959769188, 'user_y': 8075.458730931502, 'user_direction': -2.5411271127044817}, 'user_v': 7.999999999999999, 'user_w': 0, 'delta_t': 0.02, 'need_reset': False}
Tangent angle: 2.1442923390794375, User angle: 4.4087518644234684, Offset angle: 0.3737274136215015
Target angle: 2.518019752700939, distance: 509.9991092205984, angle diff: 1.8907321117225293, rotation direction: -1
Basic rotation angle: 1.693121693121693, rotation gain: 0.004099183464620421
Rotation gain: 1.24, direction: -1, curvature radius: 7.5
{'type': 'running', 'physical': {'user_x': 895.2018609635758, 'user_y': 133.8147601457586, 'user_direction': 4.387587843259447}, 'virtual': {'user_x': 2371.2113784785847, 'user_y': 8070.938517814166, 'user_direction': -2.541127112704479}, 'user_v': 7.999999999999999, 'user_w': 0, 'delta_t': 0.02, 'need_reset': False}
Tangent angle: 2.135291019075007, User angle: 4.387587843259447, Offset angle: 0.37090213214538437
Target angle: 2.5061931512203914, distance: 514.2692063251648, angle diff: 1.8813946920390556, rotation direction: -1
Basic rotation angle: 1.693121693121693, rotation gain: 0.004232813103434715
Rotation gain: 1.24, direction: -1, curvature radius: 7.5
{'type': 'running', 'physical': {'user_x': 893.0488145739857, 'user_y': 127.84175315521561, 'user_direction': 4.366423822095426}, 'virtual': {'user_x': 2364.6107971879815, 'user_y': 8066.41830469683, 'user_direction': -2.541127112704484}, 'user_v': 7.999999999999999, 'user_w': 0, 'delta_t': 0.02, 'need_reset': False}
Tangent angle: 2.1262672429596225, User angle: 4.366423822095426, Offset angle: 0.36816226843625044
Target angle: 2.494429511395873, distance: 518.469881272537, angle diff: 1.8719943106995527, rotation direction: -1
Basic rotation angle: 1.693121693121693, rotation gain: 0.004349030373288749
Rotation gain: 1.24, direction: -1, curvature radius: 7.5
{'type': 'running', 'physical': {'user_x': 890.7698469486164, 'user_y': 121.91564753454695, 'user_direction': 4.345259800931404}, 'virtual': {'user_x': 2358.010215897378, 'user_y': 8061.898091579495, 'user_direction': -2.5411271127044808}, 'user_v': 7.999999999999999, 'user_w': 0, 'delta_t': 0.02, 'need_reset': False}
Tangent angle: 2.1172218201740667, User angle: 4.345259800931404, Offset angle: 0.36550523664046536
Target angle: 2.482727056814532, distance: 522.6009490680565, angle diff: 1.8625327441168724, rotation direction: -1
Basic rotation angle: 1.693121693121693, rotation gain: 0.004449987470835402
Rotation gain: 1.24, direction: -1, curvature radius: 7.5
{'type': 'running', 'physical': {'user_x': 888.3659788349547, 'user_y': 116.03909758096682, 'user_direction': 4.324095779767383}, 'virtual': {'user_x': 2351.409634606775, 'user_y': 8057.377878462158, 'user_direction': -2.541127112704477}, 'user_v': 7.999999999999999, 'user_w': 0, 'delta_t': 0.02, 'need_reset': False}
Tangent angle: 2.1081555286679956, User angle: 4.324095779767383, Offset angle: 0.36292857385234983
Target angle: 2.4710841025203454, distance: 526.6622189028624, angle diff: 1.8530116772470375, rotation direction: -1
Basic rotation angle: 1.693121693121693, rotation gain: 0.004537567926699615
Rotation gain: 1.24, direction: -1, curvature radius: 7.5
{'type': 'running', 'physical': {'user_x': 885.8382869233003, 'user_y': 110.2147353957521, 'user_direction': 4.3029317586033615}, 'virtual': {'user_x': 2344.8090533161717, 'user_y': 8052.857665344823, 'user_direction': -2.5411271127044834}, 'user_v': 7.999999999999999, 'user_w': 0, 'delta_t': 0.02, 'need_reset': False}
Tangent angle: 2.0990691165611404, User angle: 4.3029317586033615, Offset angle: 0.3604299333355086
Target angle: 2.459499049896649, distance: 530.6534949425097, angle diff: 1.8434327087067124, rotation direction: -1
Basic rotation angle: 1.693121693121693, rotation gain: 0.00461342017665574
Rotation gain: 1.24, direction: -1, curvature radius: 7.5
{'type': 'running', 'physical': {'user_x': 883.1879033645174, 'user_y': 104.44516970532653, 'user_direction': 4.28176773743934}, 'virtual': {'user_x': 2338.2084720255684, 'user_y': 8048.337452227486, 'user_direction': -2.541127112704479}, 'user_v': 7.999999999999999, 'user_w': 0, 'delta_t': 0.02, 'need_reset': False}
Tangent angle: 2.0899633037052414, User angle: 4.28176773743934, Offset angle: 0.3580070782096932
Target angle: 2.4479703819149345, distance: 534.5745770613993, angle diff: 1.8337973555244056, rotation direction: -1
Basic rotation angle: 1.693121693121693, rotation gain: 0.004678986937282515
Rotation gain: 1.24, direction: -1, curvature radius: 7.5
{'type': 'running', 'physical': {'user_x': 880.4160152629453, 'user_y': 98.7329846928147, 'user_direction': 4.260603716275319}, 'virtual': {'user_x': 2331.607890734965, 'user_y': 8043.817239110151, 'user_direction': -2.5411271127044874}, 'user_v': 7.999999999999999, 'user_w': 0, 'delta_t': 0.02, 'need_reset': False}
Tangent angle: 2.0808387831536783, User angle: 4.260603716275319, Offset angle: 0.35565787556634393
Target angle: 2.436496658720022, distance: 538.4252615274679, angle diff: 1.8241070575552967, rotation direction: -1
Basic rotation angle: 1.693121693121693, rotation gain: 0.004735530910473424
Rotation gain: 1.24, direction: -1, curvature radius: 7.5
{'type': 'running', 'physical': {'user_x': 877.523864144695, 'user_y': 93.08073884058868, 'user_direction': 4.239439695111297}, 'virtual': {'user_x': 2325.007309444362, 'user_y': 8039.297025992815, 'user_direction': -2.541127112704482}, 'user_v': 7.999999999999999, 'user_w': 0, 'delta_t': 0.02, 'need_reset': False}
Tangent angle: 2.0716962225452438, User angle: 4.239439695111297, Offset angle: 0.3533802909793265
Target angle: 2.42507651352457, distance: 542.2053416411595, angle diff: 1.8143631815867272, rotation direction: -1
Basic rotation angle: 1.693121693121693, rotation gain: 0.004784157275638431
Rotation gain: 1.24, direction: -1, curvature radius: 7.5
{'type': 'running', 'physical': {'user_x': 874.5127454015717, 'user_y': 87.49096378432625, 'user_direction': 4.218275673947276}, 'virtual': {'user_x': 2318.4067281537586, 'user_y': 8034.776812875479, 'user_direction': -2.5411271127044746}, 'user_v': 7.999999999999999, 'user_w': 0, 'delta_t': 0.02, 'need_reset': False}
Tangent angle: 2.0625362654079806, User angle: 4.218275673947276, Offset angle: 0.3511723833803964
Target angle: 2.413708648788377, distance: 545.9146083323168, angle diff: 1.804567025158899, rotation direction: -1
Basic rotation angle: 1.693121693121693, rotation gain: 0.004825833371083463
Rotation gain: 1.24, direction: -1, curvature radius: 7.5
{'type': 'running', 'physical': {'user_x': 871.3840077108691, 'user_y': 81.9661631790936, 'user_direction': 4.197111652783255}, 'virtual': {'user_x': 2311.8061468631554, 'user_y': 8030.256599758143, 'user_direction': -2.541127112704489}, 'user_v': 7.999999999999999, 'user_w': 0, 'delta_t': 0.02, 'need_reset': False}
Tangent angle: 2.053359532388562, User angle: 4.197111652783255, Offset angle: 0.34903230027164567
Target angle: 2.4023918326602076, distance: 549.5528507182931, angle diff: 1.794719820123047, rotation direction: -1
Basic rotation angle: 1.693121693121693, rotation gain: 0.004861405915872669
Rotation gain: 1.24, direction: -1, curvature radius: 7.5
{'type': 'running', 'physical': {'user_x': 868.1390524312986, 'user_y': 76.5088115779605, 'user_direction': 4.175947631619233}, 'virtual': {'user_x': 2305.205565572552, 'user_y': 8025.736386640807, 'user_direction': -2.541127112704478}, 'user_v': 7.999999999999999, 'user_w': 0, 'delta_t': 0.02, 'need_reset': False}
Tangent angle: 2.0441666224122685, User angle: 4.175947631619233, Offset angle: 0.34695827324962714
Target angle: 2.391124895661896, distance: 553.1198566262777, angle diff: 1.7848227359573374, rotation direction: -1
Basic rotation angle: 1.693121693121693, rotation gain: 0.004891616079569365
Rotation gain: 1.24, direction: -1, curvature radius: 7.5
{'type': 'running', 'physical': {'user_x': 864.7793329753221, 'user_y': 71.12135332365033, 'user_direction': 4.154783610455212}, 'virtual': {'user_x': 2298.6049842819484, 'user_y': 8021.216173523471, 'user_direction': -2.5411271127045145}, 'user_v': 7.999999999999999, 'user_w': 0, 'delta_t': 0.02, 'need_reset': False}
Tangent angle: 2.0349581137782473, User angle: 4.154783610455212, Offset angle: 0.3449486138180536
Target angle: 2.379906727596301, distance: 556.6154130825553, angle diff: 1.7748768828589108, rotation direction: -1
Basic rotation angle: 1.693121693121693, rotation gain: 0.004917112668830756
Rotation gain: 1.24, direction: -1, curvature radius: 7.5
{'type': 'running', 'physical': {'user_x': 861.3063541581694, 'user_y': 65.80620145372119, 'user_direction': 4.13361958929119}, 'virtual': {'user_x': 2295.288001437285, 'user_y': 8018.944635805154, 'user_direction': -2.5411271127045145}, 'user_v': 0, 'user_w': 0.1, 'delta_t': 0.02, 'need_reset': False}
Tangent angle: 2.025734565194374, User angle: 4.13361958929119, Offset angle: 0.3430017094679592
Target angle: 2.368736274662333, distance: 560.0393067711738, angle diff: 1.7648833146288574, rotation direction: -1
Basic rotation angle: 0.0, rotation gain: 0.004323673254593112
Rotation gain: 1.24, direction: -1, curvature radius: 2500000
{'type': 'running', 'physical': {'user_x': 857.7216715238335, 'user_y': 60.565736619768664, 'user_direction': 4.112455568127169}, 'virtual': {'user_x': 2295.288001437285, 'user_y': 8018.944635805154, 'user_direction': -2.4411271127045144}, 'user_v': 0, 'user_w': 0.1, 'delta_t': 0.02, 'need_reset': False}
Tangent angle: 2.016496516755729, User angle: 4.112455568127169, Offset angle: 0.3411160200060044
Target angle: 2.3576125367617333, distance: 563.3913244642763, angle diff: 1.7548430313654357, rotation direction: -1
Basic rotation angle: 0.0, rotation gain: 0.003804381118408632
Rotation gain: 1.24, direction: -1, curvature radius: 2500000
{'type': 'running', 'physical': {'user_x': 857.7216715238335, 'user_y': 60.565736619768664, 'user_direction': 4.193100729417492}, 'virtual': {'user_x': 2295.288001437285, 'user_y': 8018.944635805154, 'user_direction': -2.3411271127045143}, 'user_v': 0, 'user_w': 0.1, 'delta_t': 0.02, 'need_reset': False}
Tangent angle: 2.016496516755729, User angle: 4.193100729417492, Offset angle: 0.3411160200060044
Target angle: 2.3576125367617333, distance: 563.3913244642763, angle diff: 1.8354881926557587, rotation direction: -1
Basic rotation angle: 0.0, rotation gain: 0.003350000499247212
Rotation gain: 1.24, direction: -1, curvature radius: 2500000
{'type': 'running', 'physical': {'user_x': 857.7216715238335, 'user_y': 60.565736619768664, 'user_direction': 4.273745890707815}, 'virtual': {'user_x': 2295.288001437285, 'user_y': 8018.944635805154, 'user_direction': -2.2411271127045143}, 'user_v': 0, 'user_w': 0.1, 'delta_t': 0.02, 'need_reset': False}
Tangent angle: 2.016496516755729, User angle: 4.273745890707815, Offset angle: 0.3411160200060044
Target angle: 2.3576125367617333, distance: 563.3913244642763, angle diff: 1.9161333539460816, rotation direction: -1
Basic rotation angle: 0.0, rotation gain: 0.002952417457480969
Rotation gain: 1.24, direction: -1, curvature radius: 2500000
{'type': 'running', 'physical': {'user_x': 857.7216715238335, 'user_y': 60.565736619768664, 'user_direction': 4.354391051998138}, 'virtual': {'user_x': 2295.288001437285, 'user_y': 8018.944635805154, 'user_direction': -2.072782834635903}, 'user_v': 7.999999999999999, 'user_w': 0, 'delta_t': 0.02, 'need_reset': False}
Tangent angle: 2.016496516755729, User angle: 4.354391051998138, Offset angle: 0.3411160200060044
Target angle: 2.3576125367617333, distance: 563.3913244642763, angle diff: 1.9967785152364046, rotation direction: -1
Basic rotation angle: 1.693121693121693, rotation gain: 0.003218375894485605
Rotation gain: 1.24, direction: -1, curvature radius: 7.5
{'type': 'running', 'physical': {'user_x': 857.7216715238335, 'user_y': 60.565736619768664, 'user_direction': 4.435036213288461}, 'virtual': {'user_x': 2291.438658108161, 'user_y': 8011.93160821826, 'user_direction': -2.072782834635903}, 'user_v': 7.999999999999999, 'user_w': 0, 'delta_t': 0.02, 'need_reset': False}
Tangent angle: 2.016496516755729, User angle: 4.435036213288461, Offset angle: 0.3411160200060044
Target angle: 2.3576125367617333, distance: 563.3913244642763, angle diff: 2.0774236765267275, rotation direction: -1
Basic rotation angle: 1.693121693121693, rotation gain: 0.003451089526864661
Rotation gain: 1.24, direction: -1, curvature radius: 7.5
{'type': 'running', 'physical': {'user_x': 855.854351423358, 'user_y': 54.49733181231204, 'user_direction': 4.4138721921244395}, 'virtual': {'user_x': 2287.5893147790366, 'user_y': 8004.918580631367, 'user_direction': -2.072782834635902}, 'user_v': 7.999999999999999, 'user_w': 0, 'delta_t': 0.02, 'need_reset': False}
Tangent angle: 2.0093582668088437, User angle: 4.4138721921244395, Offset angle: 0.3383565171103228
Target angle: 2.3477147839191663, distance: 568.3613376560319, angle diff: 2.066157408205273, rotation direction: -1
Basic rotation angle: 1.693121693121693, rotation gain: 0.003653821539683827
Rotation gain: 1.24, direction: -1, curvature radius: 7.5
{'type': 'running', 'physical': {'user_x': 853.8590272481375, 'user_y': 48.46980307321981, 'user_direction': 4.392708170960418}, 'virtual': {'user_x': 2283.7399714499124, 'user_y': 7997.905553044474, 'user_direction': -2.0727828346359005}, 'user_v': 7.999999999999999, 'user_w': 0, 'delta_t': 0.02, 'need_reset': False}
Tangent angle: 2.0021672019102645, User angle: 4.392708170960418, Offset angle: 0.3356769435988527
Target angle: 2.3378441455091172, distance: 573.2625609940558, angle diff: 2.054864025451301, rotation direction: -1
Basic rotation angle: 1.693121693121693, rotation gain: 0.003830302505140236
Rotation gain: 1.24, direction: -1, curvature radius: 7.5
{'type': 'running', 'physical': {'user_x': 851.7365927020204, 'user_y': 42.48585012702689, 'user_direction': 4.371544149796397}, 'virtual': {'user_x': 2279.8906281207883, 'user_y': 7990.892525457581, 'user_direction': -2.072782834635899}, 'user_v': 7.999999999999999, 'user_w': 0, 'delta_t': 0.02, 'need_reset': False}
Tangent angle: 1.9949251938705779, User angle: 4.371544149796397, Offset angle: 0.3330748946357339
Target angle: 2.328000088506312, distance: 578.0945765303519, angle diff: 2.043544061290085, rotation direction: -1
Basic rotation angle: 1.693121693121693, rotation gain: 0.003983796812229531
Rotation gain: 1.24, direction: -1, curvature radius: 7.5
{'type': 'running', 'physical': {'user_x': 849.4879984214724, 'user_y': 36.54815318071098, 'user_direction': 4.350380128632375}, 'virtual': {'user_x': 2276.041284791664, 'user_y': 7983.879497870687, 'user_direction': -2.0727828346358974}, 'user_v': 7.999999999999999, 'user_w': 0, 'delta_t': 0.02, 'need_reset': False}
Tangent angle: 1.98763404074082, User angle: 4.350380128632375, Offset angle: 0.33054807353556265
Target angle: 2.3181821142763828, distance: 582.8569679092977, angle diff: 2.0321980143559926, rotation direction: -1
Basic rotation angle: 1.693121693121693, rotation gain: 0.004117160938490789
Rotation gain: 1.24, direction: -1, curvature radius: 7.5
{'type': 'running', 'physical': {'user_x': 847.1142515497876, 'user_y': 30.659371723230283, 'user_direction': 4.329216107468354}, 'virtual': {'user_x': 2272.19194146254, 'user_y': 7976.866470283794, 'user_direction': -2.0727828346358947}, 'user_v': 7.999999999999999, 'user_w': 0, 'delta_t': 0.02, 'need_reset': False}
Tangent angle: 1.9802954706059333, User angle: 4.329216107468354, Offset angle: 0.32809428616184005
Target angle: 2.3083897567677734, distance: 587.5493207600521, angle diff: 2.0208263507005806, rotation direction: -1
Basic rotation angle: 1.693121693121693, rotation gain: 0.0042328944379701194
Rotation gain: 1.24, direction: -1, curvature radius: 7.5
{'type': 'running', 'physical': {'user_x': 844.6164152859892, 'user_y': 24.822143334340907, 'user_direction': 4.308052086304333}, 'virtual': {'user_x': 2268.342598133416, 'user_y': 7969.853442696901, 'user_direction': -2.072782834635893}, 'user_v': 7.999999999999999, 'user_w': 0, 'delta_t': 0.02, 'need_reset': False}
Tangent angle: 1.9729111451581753, User angle: 4.308052086304333, Offset angle: 0.32571143567793026
Target angle: 2.2986225808361054, distance: 592.1712230646378, angle diff: 2.009429505468227, rotation direction: -1
Basic rotation angle: 1.693121693121693, rotation gain: 0.004333184555863774
Rotation gain: 1.24, direction: -1, curvature radius: 7.5
{'type': 'running', 'physical': {'user_x': 841.9956084086245, 'user_y': 19.039082503227327, 'user_direction': 4.286888065140311}, 'virtual': {'user_x': 2264.4932548042916, 'user_y': 7962.840415110008, 'user_direction': -2.0727828346358894}, 'user_v': 7.999999999999999, 'user_w': 0, 'delta_t': 0.02, 'need_reset': False}
Tangent angle: 1.965482663065124, User angle: 4.286888065140311, Offset angle: 0.3233975176253214
Target angle: 2.2888801806904455, distance: 596.7222655036029, angle diff: 1.9980078844498657, rotation direction: -1
Basic rotation angle: 1.693121693121693, rotation gain: 0.004419945266495035
Rotation gain: 1.24, direction: -1, curvature radius: 7.5
{'type': 'running', 'physical': {'user_x': 839.2530047746645, 'user_y': 13.312779457475099, 'user_direction': 4.26572404397629}, 'virtual': {'user_x': 2260.6439114751674, 'user_y': 7955.827387523114, 'user_direction': -2.072782834635886}, 'user_v': 7.999999999999999, 'user_w': 0, 'delta_t': 0.02, 'need_reset': False}
Tangent angle: 1.9580115631458603, User angle: 4.26572404397629, Offset angle: 0.32115061530603956
Target angle: 2.2791621784519, distance: 601.2020417809798, angle diff: 1.98656186552439, rotation direction: -1
Basic rotation angle: 1.693121693121693, rotation gain: 0.004494851431698359
Rotation gain: 1.24, direction: -1, curvature radius: 7.5
{'type': 'running', 'physical': {'user_x': 836.3898327937344, 'user_y': 7.645799002910329, 'user_direction': 4.244560022812268}, 'virtual': {'user_x': 2256.7945681460437, 'user_y': 7948.814359936221, 'user_direction': -2.072782834635882}, 'user_v': 7.999999999999999, 'user_w': 0, 'delta_t': 0.02, 'need_reset': False}
Tangent angle: 1.9504993273679279, User angle: 4.244560022812268, Offset angle: 0.3189688954479263
Target angle: 2.269468222815854, distance: 605.6101489301102, angle diff: 1.9750917999964144, rotation direction: -1
Basic rotation angle: 1.693121693121693, rotation gain: 0.004559368689550928
Rotation gain: 1.24, direction: -1, curvature radius: 7.5
{'type': 'running', 'physical': {'user_x': 833.4073748779105, 'user_y': 2.0406793748255225, 'user_direction': 4.223396001648247}, 'virtual': {'user_x': 2252.94522481692, 'user_y': 7941.801332349328, 'user_direction': -2.072782834635883}, 'user_v': 7.999999999999999, 'user_w': 0, 'delta_t': 0.02, 'need_reset': False}
Tangent angle: 1.9429473836767623, User angle: 4.223396001648247, Offset angle: 0.3168506041331863
Target angle: 2.259797987809949, distance: 609.9461876017568, angle diff: 1.9635980138382982, rotation direction: -1
Basic rotation angle: 1.693121693121693, rotation gain: 0.00461477960715007
Rotation gain: 1.24, direction: -1, curvature radius: 7.5
{'type': 'running', 'physical': {'user_x': 833.4073748779105, 'user_y': 2.0406793748255225, 'user_direction': 4.223396001648247}, 'virtual': {'user_x': 2249.0958814877963, 'user_y': 7934.788304762435, 'user_direction': -2.0727828346358845}, 'user_v': 7.999999999999999, 'user_w': 0, 'delta_t': 0.02, 'need_reset': True}
{'type': 'running', 'physical': {'user_x': 833.4073748779105, 'user_y': 2.0406793748255225, 'user_direction': 1.081803348058454}, 'virtual': {'user_x': 2245.246538158672, 'user_y': 7927.775277175541, 'user_direction': -2.0727828346358868}, 'user_v': 7.999999999999999, 'user_w': 0, 'delta_t': 0.02, 'need_reset': False}
Tangent angle: 1.9429473836767623, User angle: 1.081803348058454, Offset angle: 0.3168506041331863
Target angle: 1.626096779543576, distance: 609.9461876017568, angle diff: 0.544293431485122, rotation direction: 1
Basic rotation angle: 1.693121693121693, rotation gain: 0.004556535191356318
Rotation gain: 1.24, direction: 1, curvature radius: 7.5
{'type': 'running', 'physical': {'user_x': 836.2705468588406, 'user_y': 7.707659829390292, 'user_direction': 1.102967369222475}, 'virtual': {'user_x': 2241.3971948295484, 'user_y': 7920.762249588648, 'user_direction': -2.0727828346358783}, 'user_v': 7.999999999999999, 'user_w': 0, 'delta_t': 0.02, 'need_reset': False}
Tangent angle: 1.950361544191882, User angle: 1.102967369222475, Offset angle: 0.31902154503067504
Target angle: 1.6313399991612068, distance: 605.5030863156297, angle diff: 0.5283726299387317, rotation direction: 1
Basic rotation angle: 1.693121693121693, rotation gain: 0.0045067466513542525
Rotation gain: 1.24, direction: 1, curvature radius: 7.5
{'type': 'running', 'physical': {'user_x': 839.0131504928006, 'user_y': 13.43396287514252, 'user_direction': 1.1241313903864962}, 'virtual': {'user_x': 2237.5478515004247, 'user_y': 7913.749222001755, 'user_direction': -2.0727828346358796}, 'user_v': 7.999999999999999, 'user_w': 0, 'delta_t': 0.02, 'need_reset': False}
Tangent angle: 1.9577331638150308, User angle: 1.1241313903864962, Offset angle: 0.32125710883007563
Target angle: 1.6364760549849553, distance: 600.988354310509, angle diff: 0.5123446645984591, rotation direction: 1
Basic rotation angle: 1.693121693121693, rotation gain: 0.004464328597237628
Rotation gain: 1.24, direction: 1, curvature radius: 7.5
{'type': 'running', 'physical': {'user_x': 841.6339573701653, 'user_y': 19.2170237062561, 'user_direction': 1.1452954115505174}, 'virtual': {'user_x': 2233.698508171301, 'user_y': 7906.7361944148615, 'user_direction': -2.0727828346358823}, 'user_v': 7.999999999999999, 'user_w': 0, 'delta_t': 0.02, 'need_reset': False}
Tangent angle: 1.9650607136146674, User angle: 1.1452954115505174, Offset angle: 0.32355910697473933
Target angle: 1.6415016066399275, distance: 596.4024102122545, angle diff: 0.4962061950894101, rotation direction: 1
Basic rotation angle: 1.693121693121693, rotation gain: 0.004428330833370166
Rotation gain: 1.24, direction: 1, curvature radius: 7.5
{'type': 'running', 'physical': {'user_x': 844.1317936339636, 'user_y': 25.054252095145475, 'user_direction': 1.1664594327145386}, 'virtual': {'user_x': 2229.849164842177, 'user_y': 7899.723166827968, 'user_direction': -2.0727828346358885}, 'user_v': 7.999999999999999, 'user_w': 0, 'delta_t': 0.02, 'need_reset': False}
Tangent angle: 1.9723426061096332, User angle: 1.1664594327145386, Offset angle: 0.3259294328267478
Target angle: 1.6464131732828857, distance: 591.7456765341076, angle diff: 0.47995374056834716, rotation direction: 1
Basic rotation angle: 1.693121693121693, rotation gain: 0.0043979214344147186
Rotation gain: 1.24, direction: 1, curvature radius: 7.5
{'type': 'running', 'physical': {'user_x': 846.5055405056485, 'user_y': 30.943033552626172, 'user_direction': 1.1876234538785597}, 'virtual': {'user_x': 2228.018061774056, 'user_y': 7896.387123447785, 'user_direction': -2.0727828346358885}, 'user_v': 0, 'user_w': 0.1, 'delta_t': 0.02, 'need_reset': False}
Tangent angle: 1.9795771921951573, User angle: 1.1876234538785597, Offset angle: 0.3283700658867863
Target angle: 1.6512071263083712, distance: 587.0185794012566, angle diff: 0.46358367242981147, rotation direction: 1
Basic rotation angle: 0.0, rotation gain: 0.0038656542777816424
Rotation gain: 1.24, direction: 1, curvature radius: 2500000
{'type': 'running', 'physical': {'user_x': 848.7541347861965, 'user_y': 36.880730498942086, 'user_direction': 1.2087874750425809}, 'virtual': {'user_x': 2228.018061774056, 'user_y': 7896.387123447785, 'user_direction': -1.9987643099418384}, 'user_v': 7.999999999999999, 'user_w': 0, 'delta_t': 0.02, 'need_reset': False}
Tangent angle: 1.9867627578860383, User angle: 1.2087874750425809, Offset angle: 0.33088307628627095
Target angle: 1.6558796815997674, distance: 582.221548258594, angle diff: 0.4470922065571865, rotation direction: 1
Basic rotation angle: 1.693121693121693, rotation gain: 0.003907666419679286
Rotation gain: 1.24, direction: 1, curvature radius: 7.5
{'type': 'running', 'physical': {'user_x': 848.7541347861965, 'user_y': 36.880730498942086, 'user_direction': 1.2894326363329034}, 'virtual': {'user_x': 2224.697878499421, 'user_y': 7889.10863575989, 'user_direction': -1.9987643099418384}, 'user_v': 7.999999999999999, 'user_w': 0, 'delta_t': 0.02, 'need_reset': False}
Tangent angle: 1.9867627578860383, User angle: 1.2894326363329034, Offset angle: 0.33088307628627095
Target angle: 1.6558796815997674, distance: 582.221548258594, angle diff: 0.366447045266864, rotation direction: 1
Basic rotation angle: 1.693121693121693, rotation gain: 0.003944427043839724
Rotation gain: 1.24, direction: 1, curvature radius: 7.5
{'type': 'running', 'physical': {'user_x': 850.3876173587346, 'user_y': 43.01621384991098, 'user_direction': 1.3105966574969246}, 'virtual': {'user_x': 2221.3776952247863, 'user_y': 7881.830148071995, 'user_direction': -1.998764309941839}, 'user_v': 7.999999999999999, 'user_w': 0, 'delta_t': 0.02, 'need_reset': False}
Tangent angle: 1.9932693326446995, User angle: 1.3105966574969246, Offset angle: 0.33366282496703653
Target angle: 1.6596065076776627, distance: 576.9964444956938, angle diff: 0.34900985018073816, rotation direction: 1
Basic rotation angle: 1.693121693121693, rotation gain: 0.003977410117884344
Rotation gain: 1.24, direction: 1, curvature radius: 7.5
{'type': 'running', 'physical': {'user_x': 851.8908923076553, 'user_y': 49.18489164120057, 'user_direction': 1.3317606786609457}, 'virtual': {'user_x': 2218.0575119501514, 'user_y': 7874.5516603841, 'user_direction': -1.9987643099418397}, 'user_v': 7.999999999999999, 'user_w': 0, 'delta_t': 0.02, 'need_reset': False}
Tangent angle: 1.9997090458290065, User angle: 1.3317606786609457, Offset angle: 0.33652419307542103
Target angle: 1.6631848527535853, distance: 571.7047360516291, angle diff: 0.3314241740926396, rotation direction: 1
Basic rotation angle: 1.693121693121693, rotation gain: 0.004007053088957008
Rotation gain: 1.24, direction: 1, curvature radius: 7.5
{'type': 'running', 'physical': {'user_x': 853.2632863175027, 'user_y': 55.38400092774629, 'user_direction': 1.3529246998249669}, 'virtual': {'user_x': 2214.7373286755164, 'user_y': 7867.273172696205, 'user_direction': -1.9987643099418406}, 'user_v': 7.999999999999999, 'user_w': 0, 'delta_t': 0.02, 'need_reset': False}
Tangent angle: 2.0060794331832366, User angle: 1.3529246998249669, Offset angle: 0.3394697718633701
Target angle: 1.6666096613198667, distance: 566.3469595943907, angle diff: 0.31368496149489977, rotation direction: 1
Basic rotation angle: 1.693121693121693, rotation gain: 0.004033737884104011
Rotation gain: 1.24, direction: 1, curvature radius: 7.5
{'type': 'running', 'physical': {'user_x': 854.5041846942717, 'user_y': 61.610765134245064, 'user_direction': 1.374088720988988}, 'virtual': {'user_x': 2211.4171454008815, 'user_y': 7859.99468500831, 'user_direction': -1.9987643099418415}, 'user_v': 7.999999999999999, 'user_w': 0, 'delta_t': 0.02, 'need_reset': False}
Tangent angle: 2.012377925528076, User angle: 1.374088720988988, Offset angle: 0.34250227350585305
Target angle: 1.6698756520222222, distance: 560.9236563439172, angle diff: 0.29578693103323417, rotation direction: 1
Basic rotation angle: 1.693121693121693, rotation gain: 0.004057797801999101
Rotation gain: 1.24, direction: 1, curvature radius: 7.5
{'type': 'running', 'physical': {'user_x': 855.6130316407297, 'user_y': 67.86239529878078, 'user_direction': 1.3952527421530092}, 'virtual': {'user_x': 2208.0969621262466, 'user_y': 7852.716197320415, 'user_direction': -1.9987643099418426}, 'user_v': 7.999999999999999, 'user_w': 0, 'delta_t': 0.02, 'need_reset': False}
Tangent angle: 2.0186018430054515, User angle: 1.3952527421530092, Offset angle: 0.34562453770860563
Target angle: 1.672977305296846, distance: 555.4353718316072, angle diff: 0.27772456314383676, rotation direction: 1
Basic rotation angle: 1.693121693121693, rotation gain: 0.004079523539743517
Rotation gain: 1.24, direction: 1, curvature radius: 7.5
{'type': 'running', 'physical': {'user_x': 856.5893305053572, 'user_y': 74.13609132199781, 'user_direction': 1.4164167633170304}, 'virtual': {'user_x': 2204.7767788516117, 'user_y': 7845.43770963252, 'user_direction': -1.9987643099418442}, 'user_v': 7.999999999999999, 'user_w': 0, 'delta_t': 0.02, 'need_reset': False}
Tangent angle: 2.0247483889635784, User angle: 1.4164167633170304, Offset angle: 0.3488395387493491
Target angle: 1.6759088502142294, distance: 549.8826556450872, angle diff: 0.25949208689719905, rotation direction: 1
Basic rotation angle: 1.693121693121693, rotation gain: 0.004099168462578382
Rotation gain: 1.24, direction: 1, curvature radius: 7.5
{'type': 'running', 'physical': {'user_x': 857.4326440047978, 'user_y': 80.42904322126284, 'user_direction': 1.4375807844810515}, 'virtual': {'user_x': 2201.4565955769767, 'user_y': 7838.159221944625, 'user_direction': -1.9987643099418457}, 'user_v': 7.999999999999999, 'user_w': 0, 'delta_t': 0.02, 'need_reset': False}
Tangent angle: 2.0308146434568806, User angle: 1.4375807844810515, Offset angle: 0.3521503929846416
Target angle: 1.6786642504722389, distance: 544.2660611569247, angle diff: 0.24108346599118735, rotation direction: 1
Basic rotation angle: 1.693121693121693, rotation gain: 0.004116953210842244
Rotation gain: 1.24, direction: 1, curvature radius: 7.5
{'type': 'running', 'physical': {'user_x': 858.1425944197168, 'user_y': 86.73843238925356, 'user_direction': 1.4587448056450727}, 'virtual': {'user_x': 2198.136412302342, 'user_y': 7830.88073425673, 'user_direction': -1.9987643099418477}, 'user_v': 7.999999999999999, 'user_w': 0, 'delta_t': 0.02, 'need_reset': False}
Tangent angle: 2.036797556333539, User angle: 1.4587448056450727, Offset angle: 0.355560366857177
Target angle: 1.681237189476362, distance: 538.5861452358232, angle diff: 0.22249238383128933, rotation direction: 1
Basic rotation angle: 1.693121693121693, rotation gain: 0.004133069726687577
Rotation gain: 1.24, direction: 1, curvature radius: 7.5
{'type': 'running', 'physical': {'user_x': 858.7188637639815, 'user_y': 93.06143285641019, 'user_direction': 1.4799088268090939}, 'virtual': {'user_x': 2194.816229027707, 'user_y': 7823.602246568835, 'user_direction': -1.9987643099418504}, 'user_v': 7.999999999999999, 'user_w': 0, 'delta_t': 0.02, 'need_reset': False}
Tangent angle: 2.042693939881393, User angle: 1.4799088268090939, Offset angle: 0.35907288544123855
Target angle: 1.6836210544401542, distance: 532.8434679386822, angle diff: 0.20371222763106034, rotation direction: 1
Basic rotation angle: 1.693121693121693, rotation gain: 0.004147684772725795
Rotation gain: 1.24, direction: 1, curvature radius: 7.5
{'type': 'running', 'physical': {'user_x': 859.1611939270867, 'user_y': 99.39521255668471, 'user_direction': 1.501072847973115}, 'virtual': {'user_x': 2191.496045753072, 'user_y': 7816.32375888094, 'user_direction': -1.9987643099418537}, 'user_v': 7.999999999999999, 'user_w': 0, 'delta_t': 0.02, 'need_reset': False}
Tangent angle: 2.048500461000702, User angle: 1.501072847973115, Offset angle: 0.36269154156717376
Target angle: 1.6858089194335282, distance: 527.0385921817111, angle diff: 0.18473607146041315, rotation direction: 1
Basic rotation angle: 1.693121693121693, rotation gain: 0.0041609430057161
Rotation gain: 1.24, direction: 1, curvature radius: 7.5
{'type': 'running', 'physical': {'user_x': 859.4693867897624, 'user_y': 105.73693459602055, 'user_direction': 1.5222368691371362}, 'virtual': {'user_x': 2188.175862478437, 'user_y': 7809.045271193045, 'user_direction': -1.9987643099418584}, 'user_v': 7.999999999999999, 'user_w': 0, 'delta_t': 0.02, 'need_reset': False}
Tangent angle: 2.0542136328699536, User angle: 1.5222368691371362, Offset angle: 0.36642010556919324
Target angle: 1.6877935273007605, distance: 521.1720833885807, angle diff: 0.1655566581636243, rotation direction: 1
Basic rotation angle: 1.693121693121693, rotation gain: 0.004172969660487731
Rotation gain: 1.24, direction: 1, curvature radius: 7.5
{'type': 'running', 'physical': {'user_x': 859.6433043127112, 'user_y': 112.08375852299486, 'user_direction': 1.5434008903011573}, 'virtual': {'user_x': 2184.855679203802, 'user_y': 7801.76678350515, 'user_direction': -1.9987643099418655}, 'user_v': 7.999999999999999, 'user_w': 0, 'delta_t': 0.02, 'need_reset': False}
Tangent angle: 2.059829806068351, User angle: 1.5434008903011573, Offset angle: 0.3702625357045516
Target angle: 1.6895672703637992, distance: 515.2445091133629, angle diff: 0.14616638006264182, rotation direction: 1
Basic rotation angle: 1.693121693121693, rotation gain: 0.004183872892346537
Rotation gain: 1.24, direction: 1, curvature radius: 7.5
{'type': 'running', 'physical': {'user_x': 859.6828685984356, 'user_y': 118.43284160105402, 'user_direction': 1.5645649114651785}, 'virtual': {'user_x': 2181.5354959291667, 'user_y': 7794.488295817255, 'user_direction': -1.9987643099418766}, 'user_v': 7.999999999999999, 'user_w': 0, 'delta_t': 0.02, 'need_reset': False}
Tangent angle: 2.065345159115923, User angle: 1.5645649114651785, Offset angle: 0.3742229892962632
Target angle: 1.6911221698196597, distance: 509.25643863573083, angle diff: 0.12655725835448117, rotation direction: 1
Basic rotation angle: 1.693121693121693, rotation gain: 0.004193745820141384
Rotation gain: 1.24, direction: 1, curvature radius: 7.5
{'type': 'running', 'physical': {'user_x': 859.5880619261287, 'user_y': 124.78134008177278, 'user_direction': 1.5857289326291997}, 'virtual': {'user_x': 2178.2153126545318, 'user_y': 7787.20980812936, 'user_direction': -1.9987643099418748}, 'user_v': 7.999999999999999, 'user_w': 0, 'delta_t': 0.02, 'need_reset': False}
Tangent angle: 2.070755688389325, User angle: 1.5857289326291997, Offset angle: 0.3783058346559744
Target angle: 1.6924498537333506, distance: 503.20844252559925, angle diff: 0.10672092110415088, rotation direction: 1
Basic rotation angle: 1.693121693121693, rotation gain: 0.004202668306845499
Rotation gain: 1.24, direction: 1, curvature radius: 7.5
{'type': 'running', 'physical': {'user_x': 859.3589267596113, 'user_y': 131.12641047856644, 'user_direction': 1.6068929537932208}, 'virtual': {'user_x': 2174.8951293798964, 'user_y': 7779.931320441466, 'user_direction': -1.9987643099419115}, 'user_v': 7.999999999999999, 'user_w': 0, 'delta_t': 0.02, 'need_reset': False}
Tangent angle: 2.0760571973683035, User angle: 1.6068929537932208, Offset angle: 0.3825156638484975
Target angle: 1.6935415335198059, distance: 497.10109217402777, angle diff: 0.08664857972658502, rotation direction: 1
Basic rotation angle: 1.693121693121693, rotation gain: 0.004210708509847552
Rotation gain: 1.24, direction: 1, curvature radius: 7.5
{'type': 'running', 'physical': {'user_x': 858.995565728312, 'user_y': 137.46521084028595, 'user_direction': 1.628056974957242}, 'virtual': {'user_x': 2174.0371401009625, 'user_y': 7778.050441018099, 'user_direction': -1.9987643099419115}, 'user_v': 0, 'user_w': 0.1, 'delta_t': 0.02, 'need_reset': False}
Tangent angle: 2.0812452851645182, User angle: 1.628056974957242, Offset angle: 0.3868573063648412
Target angle: 1.6943879787996767, distance: 490.9349592868178, angle diff: 0.06633100384243473, rotation direction: 1
Basic rotation angle: 0.0, rotation gain: 0.0037021550888815197
Rotation gain: 1.24, direction: 1, curvature radius: 2500000
{'type': 'running', 'physical': {'user_x': 858.4981415813, 'user_y': 143.79490202412515, 'user_direction': 1.6492209961212632}, 'virtual': {'user_x': 2174.0371401009625, 'user_y': 7778.050441018099, 'user_direction': -2.0987643099419113}, 'user_v': 0, 'user_w': 0.1, 'delta_t': 0.02, 'need_reset': False}
Tangent angle: 2.0863153342809584, User angle: 1.6492209961212632, Offset angle: 0.39133584377640396
Target angle: 1.6949794905045543, distance: 484.71061533678375, angle diff: 0.04575849438329116, rotation direction: 1
Basic rotation angle: 0.0, rotation gain: 0.003257175048670468
Rotation gain: 1.24, direction: 1, curvature radius: 2500000
{'type': 'running', 'physical': {'user_x': 858.4981415813, 'user_y': 143.79490202412515, 'user_direction': 1.7298661574115857}, 'virtual': {'user_x': 2174.0371401009625, 'user_y': 7778.050441018099, 'user_direction': -2.1987643099419114}, 'user_v': 0, 'user_w': 0.1, 'delta_t': 0.02, 'need_reset': False}
Tangent angle: 2.0863153342809584, User angle: 1.7298661574115857, Offset angle: 0.39133584377640396
Target angle: 1.6949794905045543, distance: 484.71061533678375, angle diff: 0.03488666690703135, rotation direction: -1
Basic rotation angle: 0.0, rotation gain: 0.0028678175134857977
Rotation gain: 1.24, direction: -1, curvature radius: 2500000
{'type': 'running', 'physical': {'user_x': 858.4981415813, 'user_y': 143.79490202412515, 'user_direction': 1.8105113187019082}, 'virtual': {'user_x': 2174.0371401009625, 'user_y': 7778.050441018099, 'user_direction': -2.2987643099419115}, 'user_v': 0, 'user_w': 0.1, 'delta_t': 0.02, 'need_reset': False}
Tangent angle: 2.0863153342809584, User angle: 1.8105113187019082, Offset angle: 0.39133584377640396
Target angle: 1.6949794905045543, distance: 484.71061533678375, angle diff: 0.11553182819735386, rotation direction: -1
Basic rotation angle: 0.0, rotation gain: 0.002527129670199211
Rotation gain: 1.24, direction: -1, curvature radius: 2500000
{'type': 'running', 'physical': {'user_x': 858.4981415813, 'user_y': 143.79490202412515, 'user_direction': 1.8911564799922307}, 'virtual': {'user_x': 2174.0371401009625, 'user_y': 7778.050441018099, 'user_direction': -2.3987643099419116}, 'user_v': 0, 'user_w': 0.1, 'delta_t': 0.02, 'need_reset': False}
Tangent angle: 2.0863153342809584, User angle: 1.8911564799922307, Offset angle: 0.39133584377640396
Target angle: 1.6949794905045543, distance: 484.71061533678375, angle diff: 0.19617698948767637, rotation direction: -1
Basic rotation angle: 0.0, rotation gain: 0.002229027807323448
Rotation gain: 1.24, direction: -1, curvature radius: 2500000
{'type': 'running', 'physical': {'user_x': 858.4981415813, 'user_y': 143.79490202412515, 'user_direction': 1.9718016412825532}, 'virtual': {'user_x': 2174.0371401009625, 'user_y': 7778.050441018099, 'user_direction': -2.4987643099419117}, 'user_v': 0, 'user_w': 0.1, 'delta_t': 0.02, 'need_reset': False}
Tangent angle: 2.0863153342809584, User angle: 1.9718016412825532, Offset angle: 0.39133584377640396
Target angle: 1.6949794905045543, distance: 484.71061533678375, angle diff: 0.2768221507779989, rotation direction: -1
Basic rotation angle: 0.0, rotation gain: 0.0019681886773071553
Rotation gain: 1.24, direction: -1, curvature radius: 2500000
{'type': 'running', 'physical': {'user_x': 858.4981415813, 'user_y': 143.79490202412515, 'user_direction': 2.052446802572876}, 'virtual': {'user_x': 2174.0371401009625, 'user_y': 7778.050441018099, 'user_direction': -2.5987643099419118}, 'user_v': 0, 'user_w': 0.1, 'delta_t': 0.02, 'need_reset': False}
Tangent angle: 2.0863153342809584, User angle: 2.052446802572876, Offset angle: 0.39133584377640396
Target angle: 1.6949794905045543, distance: 484.71061533678375, angle diff: 0.3574673120683216, rotation direction: -1
Basic rotation angle: 0.0, rotation gain: 0.0017399544385428992
Rotation gain: 1.24, direction: -1, curvature radius: 2500000
{'type': 'running', 'physical': {'user_x': 858.4981415813, 'user_y': 143.79490202412515, 'user_direction': 2.1330919638631984}, 'virtual': {'user_x': 2174.0371401009625, 'user_y': 7778.050441018099, 'user_direction': -2.698764309941912}, 'user_v': 0, 'user_w': 0.1, 'delta_t': 0.02, 'need_reset': False}
Tangent angle: 2.0863153342809584, User angle: 2.1330919638631984, Offset angle: 0.39133584377640396
Target angle: 2.4776511780573625, distance: 484.71061533678375, angle diff: 0.344559214194164, rotation direction: 1
Basic rotation angle: 0.0, rotation gain: 0.0015439354426179431
Rotation gain: 1.24, direction: 1, curvature radius: 2500000
{'type': 'running', 'physical': {'user_x': 858.4981415813, 'user_y': 143.79490202412515, 'user_direction': 2.213737125153521}, 'virtual': {'user_x': 2174.0371401009625, 'user_y': 7778.050441018099, 'user_direction': -2.798764309941912}, 'user_v': 0, 'user_w': 0.1, 'delta_t': 0.02, 'need_reset': False}
Tangent angle: 2.0863153342809584, User angle: 2.213737125153521, Offset angle: 0.39133584377640396
Target angle: 2.4776511780573625, distance: 484.71061533678375, angle diff: 0.2639140529038415, rotation direction: 1
Basic rotation angle: 0.0, rotation gain: 0.0013724188211836064
Rotation gain: 1.24, direction: 1, curvature radius: 2500000
{'type': 'running', 'physical': {'user_x': 858.4981415813, 'user_y': 143.79490202412515, 'user_direction': 2.2943822864438435}, 'virtual': {'user_x': 2174.0371401009625, 'user_y': 7778.050441018099, 'user_direction': -2.898764309941912}, 'user_v': 0, 'user_w': 0.1, 'delta_t': 0.02, 'need_reset': False}
Tangent angle: 2.0863153342809584, User angle: 2.2943822864438435, Offset angle: 0.39133584377640396
Target angle: 2.4776511780573625, distance: 484.71061533678375, angle diff: 0.183268891613519, rotation direction: 1
Basic rotation angle: 0.0, rotation gain: 0.001222341777428562
Rotation gain: 1.24, direction: 1, curvature radius: 2500000
{'type': 'running', 'physical': {'user_x': 858.4981415813, 'user_y': 143.79490202412515, 'user_direction': 2.375027447734166}, 'virtual': {'user_x': 2174.0371401009625, 'user_y': 7778.050441018099, 'user_direction': -2.998764309941912}, 'user_v': 0, 'user_w': 0.1, 'delta_t': 0.02, 'need_reset': False}
Tangent angle: 2.0863153342809584, User angle: 2.375027447734166, Offset angle: 0.39133584377640396
Target angle: 2.4776511780573625, distance: 484.71061533678375, angle diff: 0.1026237303231965, rotation direction: 1
Basic rotation angle: 0.0, rotation gain: 0.0010910243641428978
Rotation gain: 1.24, direction: 1, curvature radius: 2500000
{'type': 'running', 'physical': {'user_x': 858.4981415813, 'user_y': 143.79490202412515, 'user_direction': 2.4556726090244885}, 'virtual': {'user_x': 2174.0371401009625, 'user_y': 7778.050441018099, 'user_direction': -3.098764309941912}, 'user_v': 0, 'user_w': 0.1, 'delta_t': 0.02, 'need_reset': False}
Tangent angle: 2.0863153342809584, User angle: 2.4556726090244885, Offset angle: 0.39133584377640396
Target angle: 2.4776511780573625, distance: 484.71061533678375, angle diff: 0.021978569032873985, rotation direction: 1
Basic rotation angle: 0.0, rotation gain: 0.000976121627517942
Rotation gain: 1.24, direction: 1, curvature radius: 2500000
{'type': 'running', 'physical': {'user_x': 858.4981415813, 'user_y': 143.79490202412515, 'user_direction': 2.536317770314811}, 'virtual': {'user_x': 2174.0371401009625, 'user_y': 7778.050441018099, 'user_direction': 3.084420997237674}, 'user_v': 0, 'user_w': 0.1, 'delta_t': 0.02, 'need_reset': False}
Tangent angle: 2.0863153342809584, User angle: 2.536317770314811, Offset angle: 0.39133584377640396
Target angle: 2.4776511780573625, distance: 484.71061533678375, angle diff: 0.058666592257448524, rotation direction: -1
Basic rotation angle: 0.0, rotation gain: 0.0008755817329711055
Rotation gain: 1.24, direction: -1, curvature radius: 2500000
{'type': 'running', 'physical': {'user_x': 858.4981415813, 'user_y': 143.79490202412515, 'user_direction': 2.6169629316051335}, 'virtual': {'user_x': 2174.0371401009625, 'user_y': 7778.050441018099, 'user_direction': 2.984420997237674}, 'user_v': 0, 'user_w': 0.1, 'delta_t': 0.02, 'need_reset': False}
Tangent angle: 2.0863153342809584, User angle: 2.6169629316051335, Offset angle: 0.39133584377640396
Target angle: 2.4776511780573625, distance: 484.71061533678375, angle diff: 0.13931175354777103, rotation direction: -1
Basic rotation angle: 0.0, rotation gain: 0.0007876093252426236
Rotation gain: 1.24, direction: -1, curvature radius: 2500000
{'type': 'running', 'physical': {'user_x': 858.4981415813, 'user_y': 143.79490202412515, 'user_direction': 2.697608092895456}, 'virtual': {'user_x': 2174.0371401009625, 'user_y': 7778.050441018099, 'user_direction': 2.834195877175443}, 'user_v': 7.999999999999999, 'user_w': 0, 'delta_t': 0.02, 'need_reset': False}
Tangent angle: 2.0863153342809584, User angle: 2.697608092895456, Offset angle: 0.39133584377640396
Target angle: 2.4776511780573625, distance: 484.71061533678375, angle diff: 0.21995691483809354, rotation direction: -1
Basic rotation angle: 1.693121693121693, rotation gain: 0.0013334174263744843
Rotation gain: 1.24, direction: -1, curvature radius: 7.5
{'type': 'running', 'physical': {'user_x': 858.4981415813, 'user_y': 143.79490202412515, 'user_direction': 2.7782532541857785}, 'virtual': {'user_x': 2166.4121442773326, 'user_y': 7780.471068765115, 'user_direction': 2.834195877175443}, 'user_v': 7.999999999999999, 'user_w': 0, 'delta_t': 0.02, 'need_reset': False}
Tangent angle: 2.0863153342809584, User angle: 2.7782532541857785, Offset angle: 0.39133584377640396
Target angle: 2.4776511780573625, distance: 484.71061533678375, angle diff: 0.30060207612841605, rotation direction: -1
Basic rotation angle: 1.693121693121693, rotation gain: 0.0018109995148648623
Rotation gain: 1.24, direction: -1, curvature radius: 7.5
{'type': 'running', 'physical': {'user_x': 852.6125237188354, 'user_y': 146.17648209664833, 'user_direction': 2.757089233021757}, 'virtual': {'user_x': 2158.7871484537027, 'user_y': 7782.891696512131, 'user_direction': 2.83419587717544}, 'user_v': 7.999999999999999, 'user_w': 0, 'delta_t': 0.02, 'need_reset': False}
Tangent angle: 2.0787167375178064, User angle: 2.757089233021757, Offset angle: 0.39527828271663135
Target angle: 2.4739950202344376, distance: 479.3421247311496, angle diff: 0.2830942127873195, rotation direction: -1
Basic rotation angle: 1.693121693121693, rotation gain: 0.0022286453182681597
Rotation gain: 1.24, direction: -1, curvature radius: 7.5
{'type': 'running', 'physical': {'user_x': 846.778623986129, 'user_y': 148.68208285764962, 'user_direction': 2.7359252118577357}, 'virtual': {'user_x': 2151.162152630073, 'user_y': 7785.312324259146, 'user_direction': 2.834195877175436}, 'user_v': 7.999999999999999, 'user_w': 0, 'delta_t': 0.02, 'need_reset': False}
Tangent angle: 2.0711759707767854, User angle: 2.7359252118577357, Offset angle: 0.3993472555718854
Target angle: 2.470523226348671, distance: 473.90669080547565, angle diff: 0.2654019855090648, rotation direction: -1
Basic rotation angle: 1.693121693121693, rotation gain: 0.0025938563785688038
Rotation gain: 1.24, direction: -1, curvature radius: 7.5
{'type': 'running', 'physical': {'user_x': 840.9990553814632, 'user_y': 151.31058205087078, 'user_direction': 2.7147611906937144}, 'virtual': {'user_x': 2143.537156806443, 'user_y': 7787.732952006163, 'user_direction': 2.8341958771754316}, 'user_v': 7.999999999999999, 'user_w': 0, 'delta_t': 0.02, 'need_reset': False}
Tangent angle: 2.063695375382698, User angle: 2.7147611906937144, Offset angle: 0.4035477273129482
Target angle: 2.467243102695646, distance: 468.4044603484108, angle diff: 0.2475180879980683, rotation direction: -1
Basic rotation angle: 1.693121693121693, rotation gain: 0.0029131974265295913
Rotation gain: 1.24, direction: -1, curvature radius: 7.5
{'type': 'running', 'physical': {'user_x': 835.2764065682587, 'user_y': 154.06080237395972, 'user_direction': 2.693597169529693}, 'virtual': {'user_x': 2135.912160982813, 'user_y': 7790.153579753179, 'user_direction': 2.8341958771754374}, 'user_v': 7.999999999999999, 'user_w': 0, 'delta_t': 0.02, 'need_reset': False}
Tangent angle: 2.0562774091024396, User angle: 2.693597169529693, Offset angle: 0.40788494730577124
Target angle: 2.464162356408211, distance: 462.8355598557971, angle diff: 0.22943481312148206, rotation direction: -1
Basic rotation angle: 1.693121693121693, rotation gain: 0.003192413507567109
Rotation gain: 1.24, direction: -1, curvature radius: 7.5
{'type': 'running', 'physical': {'user_x': 829.6132407156142, 'user_y': 156.93151200578308, 'user_direction': 2.6724331483656716}, 'virtual': {'user_x': 2128.287165159183, 'user_y': 7792.574207500195, 'user_direction': 2.834195877175432}, 'user_v': 7.999999999999999, 'user_w': 0, 'delta_t': 0.02, 'need_reset': False}
Tangent angle: 2.048924653597103, User angle: 2.6724331483656716, Offset angle: 0.41236446979774977
Target angle: 2.461289123394853, distance: 457.200093356736, angle diff: 0.21114402497081874, rotation direction: -1
Basic rotation angle: 1.693121693121693, rotation gain: 0.0034365324670825067
Rotation gain: 1.24, direction: -1, curvature radius: 7.5
{'type': 'running', 'physical': {'user_x': 824.0120943502656, 'user_y': 159.9214251581578, 'user_direction': 2.65126912720165}, 'virtual': {'user_x': 2120.6621693355532, 'user_y': 7794.994835247211, 'user_direction': 2.834195877175439}, 'user_v': 7.999999999999999, 'user_w': 0, 'delta_t': 0.02, 'need_reset': False}
Tangent angle: 2.0416398224387815, User angle: 2.65126912720165, Offset angle: 0.4169921762511871
Target angle: 2.4586319986899685, distance: 451.49814002941264, angle diff: 0.1926371285116817, rotation direction: -1
Basic rotation angle: 1.693121693121693, rotation gain: 0.0036499546252038266
Rotation gain: 1.24, direction: -1, curvature radius: 7.5
{'type': 'running', 'physical': {'user_x': 818.4754762204776, 'user_y': 163.02920265175447, 'user_direction': 2.630105106037629}, 'virtual': {'user_x': 2113.0371735119234, 'user_y': 7797.415462994228, 'user_direction': 2.834195877175432}, 'user_v': 7.999999999999999, 'user_w': 0, 'delta_t': 0.02, 'need_reset': False}
Tangent angle: 2.0344257697418975, User angle: 2.630105106037629, Offset angle: 0.42177429972567854
Target angle: 2.456200069467576, distance: 445.7297515815227, angle diff: 0.17390503657005274, rotation direction: -1
Basic rotation angle: 1.693121693121693, rotation gain: 0.0038365312421273666
Rotation gain: 1.24, direction: -1, curvature radius: 7.5
{'type': 'running', 'physical': {'user_x': 813.0058661723785, 'user_y': 166.25345251591455, 'user_direction': 2.6089410848736074}, 'virtual': {'user_x': 2105.4121776882935, 'user_y': 7799.836090741243, 'user_direction': 2.8341958771754423}, 'user_v': 7.999999999999999, 'user_w': 0, 'delta_t': 0.02, 'need_reset': False}
Tangent angle: 2.027285499463851, User angle: 2.6089410848736074, Offset angle: 0.42671745153746626
Target angle: 2.4540029510013173, distance: 439.894949366561, angle diff: 0.15493813387229016, rotation direction: -1
Basic rotation angle: 1.693121693121693, rotation gain: 0.003999633175068514
Rotation gain: 1.24, direction: -1, curvature radius: 7.5
{'type': 'running', 'physical': {'user_x': 807.6057140392388, 'user_y': 169.5927306121126, 'user_direction': 2.587777063709586}, 'virtual': {'user_x': 2097.7871818646636, 'user_y': 7802.25671848826, 'user_direction': 2.834195877175433}, 'user_v': 7.999999999999999, 'user_w': 0, 'delta_t': 0.02, 'need_reset': False}
Tangent angle: 2.0202221754353005, User angle: 2.587777063709586, Offset angle: 0.4318286504541816
Target angle: 2.452050825889482, distance: 433.99372120306026, angle diff: 0.13572623782010407, rotation direction: -1
Basic rotation angle: 1.693121693121693, rotation gain: 0.004142210952672451
Rotation gain: 1.24, direction: -1, curvature radius: 7.5
{'type': 'running', 'physical': {'user_x': 802.277438544193, 'user_y': 173.0455412807848, 'user_direction': 2.5666130425455647}, 'virtual': {'user_x': 2090.1621860410337, 'user_y': 7804.677346235276, 'user_direction': 2.834195877175449}, 'user_v': 7.999999999999999, 'user_w': 0, 'delta_t': 0.02, 'need_reset': False}
Tangent angle: 2.0132391321865346, User angle: 2.5666130425455647, Offset angle: 0.4371153547185312
Target angle: 2.450354486905066, distance: 428.0260178589823, angle diff: 0.1162585556404987, rotation direction: -1
Basic rotation angle: 1.693121693121693, rotation gain: 0.004266847339463942
Rotation gain: 1.24, direction: -1, curvature radius: 7.5
{'type': 'running', 'physical': {'user_x': 797.0234262168963, 'user_y': 176.6103380112332, 'user_direction': 2.5454490213815433}, 'virtual': {'user_x': 2082.537190217404, 'user_y': 7807.097973982292, 'user_direction': 2.834195877175435}, 'user_v': 7.999999999999999, 'user_w': 0, 'delta_t': 0.02, 'need_reset': False}
Tangent angle: 2.006339886643239, User angle: 2.5454490213815433, Offset angle: 0.44258549723526186
Target angle: 2.4489253838785006, distance: 421.9917491577376, angle diff: 0.09652363750304271, rotation direction: -1
Basic rotation angle: 1.693121693121693, rotation gain: 0.004375803328795937
Rotation gain: 1.24, direction: -1, curvature radius: 7.5
{'type': 'running', 'physical': {'user_x': 791.8460303245996, 'user_y': 180.28552413430674, 'user_direction': 2.524285000217522}, 'virtual': {'user_x': 2074.9121943937735, 'user_y': 7809.518601729308, 'user_direction': 2.834195877175471}, 'user_v': 7.999999999999999, 'user_w': 0, 'delta_t': 0.02, 'need_reset': False}
Tangent angle: 1.9995281507725562, User angle: 2.524285000217522, Offset angle: 0.44824752430322706
Target angle: 2.4477756750757833, distance: 415.8907796555735, angle diff: 0.07650932514173858, rotation direction: -1
Basic rotation angle: 1.693121693121693, rotation gain: 0.004471058385393487
Rotation gain: 1.24, direction: -1, curvature radius: 7.5
{'type': 'running', 'physical': {'user_x': 786.747569818124, 'user_y': 184.06945353754764, 'user_direction': 2.5031209790535005}, 'virtual': {'user_x': 2069.984884855907, 'user_y': 7811.082823200556, 'user_direction': 2.834195877175471}, 'user_v': 0, 'user_w': 0.1, 'delta_t': 0.02, 'need_reset': False}
Tangent angle: 1.9928078452688438, User angle: 2.5031209790535005, Offset angle: 0.4541104383298545
Target angle: 2.4469182835986985, distance: 409.7229238321055, angle diff: 0.056202695454802054, rotation direction: -1
Basic rotation angle: 0.0, rotation gain: 0.0039335817395082075
Rotation gain: 1.24, direction: -1, curvature radius: 2500000
{'type': 'running', 'physical': {'user_x': 781.7303282932043, 'user_y': 187.96043140248378, 'user_direction': 2.481956957889479}, 'virtual': {'user_x': 2069.984884855907, 'user_y': 7811.082823200556, 'user_direction': 2.9341958771754713}, 'user_v': 0, 'user_w': 0.1, 'delta_t': 0.02, 'need_reset': False}
Tangent angle: 1.9861831143779896, User angle: 2.481956957889479, Offset angle: 0.46018384503035764
Target angle: 2.4463669594083473, distance: 403.4879407263408, angle diff: 0.03558999848113187, rotation direction: -1
Basic rotation angle: 0.0, rotation gain: 0.003463288366301237
Rotation gain: 1.24, direction: -1, curvature radius: 2500000
{'type': 'running', 'physical': {'user_x': 781.7303282932043, 'user_y': 187.96043140248378, 'user_direction': 2.5626021191798016}, 'virtual': {'user_x': 2069.984884855907, 'user_y': 7811.082823200556, 'user_direction': 3.0341958771754713}, 'user_v': 0, 'user_w': 0.1, 'delta_t': 0.02, 'need_reset': False}
Tangent angle: 1.9861831143779896, User angle: 2.5626021191798016, Offset angle: 0.46018384503035764
Target angle: 2.4463669594083473, distance: 403.4879407263408, angle diff: 0.11623515977145438, rotation direction: -1
Basic rotation angle: 0.0, rotation gain: 0.0030517816647451373
Rotation gain: 1.24, direction: -1, curvature radius: 2500000
{'type': 'running', 'physical': {'user_x': 781.7303282932043, 'user_y': 187.96043140248378, 'user_direction': 2.643247280470124}, 'virtual': {'user_x': 2069.984884855907, 'user_y': 7811.082823200556, 'user_direction': 3.1341958771754714}, 'user_v': 0, 'user_w': 0.1, 'delta_t': 0.02, 'need_reset': False}
Tangent angle: 1.9861831143779896, User angle: 2.643247280470124, Offset angle: 0.46018384503035764
Target angle: 2.4463669594083473, distance: 403.4879407263408, angle diff: 0.1968803210617769, rotation direction: -1
Basic rotation angle: 0.0, rotation gain: 0.0026917133008835504
Rotation gain: 1.24, direction: -1, curvature radius: 2500000
{'type': 'running', 'physical': {'user_x': 781.7303282932043, 'user_y': 187.96043140248378, 'user_direction': 2.7238924417604466}, 'virtual': {'user_x': 2069.984884855907, 'user_y': 7811.082823200556, 'user_direction': -3.0489894300041147}, 'user_v': 0, 'user_w': 0.1, 'delta_t': 0.02, 'need_reset': False}
Tangent angle: 1.9861831143779896, User angle: 2.7238924417604466, Offset angle: 0.46018384503035764
Target angle: 2.4463669594083473, distance: 403.4879407263408, angle diff: 0.2775254823520994, rotation direction: -1
Basic rotation angle: 0.0, rotation gain: 0.002376653482504662
Rotation gain: 1.24, direction: -1, curvature radius: 2500000
{'type': 'running', 'physical': {'user_x': 781.7303282932043, 'user_y': 187.96043140248378, 'user_direction': 2.804537603050769}, 'virtual': {'user_x': 2069.984884855907, 'user_y': 7811.082823200556, 'user_direction': -2.9489894300041146}, 'user_v': 0, 'user_w': 0.1, 'delta_t': 0.02, 'need_reset': False}
Tangent angle: 1.9861831143779896, User angle: 2.804537603050769, Offset angle: 0.46018384503035764
Target angle: 2.4463669594083473, distance: 403.4879407263408, angle diff: 0.3581706436424219, rotation direction: -1
Basic rotation angle: 0.0, rotation gain: 0.0021009761414231345
Rotation gain: 1.24, direction: -1, curvature radius: 2500000
{'type': 'running', 'physical': {'user_x': 781.7303282932043, 'user_y': 187.96043140248378, 'user_direction': 2.8851827643410917}, 'virtual': {'user_x': 2069.984884855907, 'user_y': 7811.082823200556, 'user_direction': -2.8489894300041145}, 'user_v': 0, 'user_w': 0.1, 'delta_t': 0.02, 'need_reset': False}
Tangent angle: 1.9861831143779896, User angle: 2.8851827643410917, Offset angle: 0.46018384503035764
Target angle: 2.4463669594083473, distance: 403.4879407263408, angle diff: 0.4388158049327444, rotation direction: -1
Basic rotation angle: 0.0, rotation gain: 0.0018597584679767977
Rotation gain: 1.24, direction: -1, curvature radius: 2500000
{'type': 'running', 'physical': {'user_x': 781.7303282932043, 'user_y': 187.96043140248378, 'user_direction': 2.965827925631414}, 'virtual': {'user_x': 2069.984884855907, 'user_y': 7811.082823200556, 'user_direction': -2.7489894300041144}, 'user_v': 0, 'user_w': 0.1, 'delta_t': 0.02, 'need_reset': False}
Tangent angle: 1.9861831143779896, User angle: 2.965827925631414, Offset angle: 0.46018384503035764
Target angle: 2.4463669594083473, distance: 403.4879407263408, angle diff: 0.5194609662230669, rotation direction: -1
Basic rotation angle: 0.0, rotation gain: 0.001648693003711253
Rotation gain: 1.24, direction: -1, curvature radius: 2500000
{'type': 'running', 'physical': {'user_x': 781.7303282932043, 'user_y': 187.96043140248378, 'user_direction': 3.0464730869217367}, 'virtual': {'user_x': 2069.984884855907, 'user_y': 7811.082823200556, 'user_direction': -2.6489894300041144}, 'user_v': 0, 'user_w': 0.1, 'delta_t': 0.02, 'need_reset': False}
Tangent angle: 1.9861831143779896, User angle: 3.0464730869217367, Offset angle: 0.46018384503035764
Target angle: 2.4463669594083473, distance: 403.4879407263408, angle diff: 0.6001061275133894, rotation direction: -1
Basic rotation angle: 0.0, rotation gain: 0.0014640107224789013
Rotation gain: 1.24, direction: -1, curvature radius: 2500000
{'type': 'running', 'physical': {'user_x': 781.7303282932043, 'user_y': 187.96043140248378, 'user_direction': 3.127118248212059}, 'virtual': {'user_x': 2069.984884855907, 'user_y': 7811.082823200556, 'user_direction': -2.5489894300041143}, 'user_v': 0, 'user_w': 0.1, 'delta_t': 0.02, 'need_reset': False}
Tangent angle: 1.9861831143779896, User angle: 3.127118248212059, Offset angle: 0.46018384503035764
Target angle: 2.4463669594083473, distance: 403.4879407263408, angle diff: 0.6807512888037119, rotation direction: -1
Basic rotation angle: 0.0, rotation gain: 0.0013024137264005936
Rotation gain: 1.24, direction: -1, curvature radius: 2500000
{'type': 'running', 'physical': {'user_x': 781.7303282932043, 'user_y': 187.96043140248378, 'user_direction': 3.2077634095023817}, 'virtual': {'user_x': 2069.984884855907, 'user_y': 7811.082823200556, 'user_direction': -2.448989430004114}, 'user_v': 0, 'user_w': 0.1, 'delta_t': 0.02, 'need_reset': False}
Tangent angle: 1.9861831143779896, User angle: 3.2077634095023817, Offset angle: 0.46018384503035764
Target angle: 2.4463669594083473, distance: 403.4879407263408, angle diff: 0.7613964500940344, rotation direction: -1
Basic rotation angle: 0.0, rotation gain: 0.0011610163548320745
Rotation gain: 1.24, direction: -1, curvature radius: 2500000
{'type': 'running', 'physical': {'user_x': 781.7303282932043, 'user_y': 187.96043140248378, 'user_direction': 3.288408570792704}, 'virtual': {'user_x': 2069.984884855907, 'user_y': 7811.082823200556, 'user_direction': -2.348989430004114}, 'user_v': 0, 'user_w': 0.1, 'delta_t': 0.02, 'need_reset': False}
Tangent angle: 1.9861831143779896, User angle: 3.288408570792704, Offset angle: 0.46018384503035764
Target angle: 2.4463669594083473, distance: 403.4879407263408, angle diff: 0.842041611384357, rotation direction: -1
Basic rotation angle: 0.0, rotation gain: 0.0010372936547096202
Rotation gain: 1.24, direction: -1, curvature radius: 2500000
{'type': 'running', 'physical': {'user_x': 781.7303282932043, 'user_y': 187.96043140248378, 'user_direction': 3.3690537320830267}, 'virtual': {'user_x': 2069.984884855907, 'user_y': 7811.082823200556, 'user_direction': -2.248989430004114}, 'user_v': 0, 'user_w': 0.1, 'delta_t': 0.02, 'need_reset': False}
Tangent angle: 1.9861831143779896, User angle: 3.3690537320830267, Offset angle: 0.46018384503035764
Target angle: 2.4463669594083473, distance: 403.4879407263408, angle diff: 0.9226867726746795, rotation direction: -1
Basic rotation angle: 0.0, rotation gain: 0.0009290362921024727
Rotation gain: 1.24, direction: -1, curvature radius: 2500000
{'type': 'running', 'physical': {'user_x': 781.7303282932043, 'user_y': 187.96043140248378, 'user_direction': 3.4496988933733492}, 'virtual': {'user_x': 2069.984884855907, 'user_y': 7811.082823200556, 'user_direction': -2.132389390719611}, 'user_v': 7.999999999999999, 'user_w': 0, 'delta_t': 0.02, 'need_reset': False}
Tangent angle: 1.9861831143779896, User angle: 3.4496988933733492, Offset angle: 0.46018384503035764
Target angle: 2.4463669594083473, distance: 403.4879407263408, angle diff: 1.003331933965002, rotation direction: -1
Basic rotation angle: 1.693121693121693, rotation gain: 0.0014550370825363139
Rotation gain: 1.24, direction: -1, curvature radius: 7.5
{'type': 'running', 'physical': {'user_x': 781.7303282932043, 'user_y': 187.96043140248378, 'user_direction': 3.5303440546636717}, 'virtual': {'user_x': 2065.724602816976, 'user_y': 7804.311560618972, 'user_direction': -2.132389390719611}, 'user_v': 7.999999999999999, 'user_w': 0, 'delta_t': 0.02, 'need_reset': False}
Tangent angle: 1.9861831143779896, User angle: 3.5303440546636717, Offset angle: 0.46018384503035764
Target angle: 2.4463669594083473, distance: 403.4879407263408, angle diff: 1.0839770952553245, rotation direction: -1
Basic rotation angle: 1.693121693121693, rotation gain: 0.0019152877741659248
Rotation gain: 1.24, direction: -1, curvature radius: 7.5
{'type': 'running', 'physical': {'user_x': 775.8052675185914, 'user_y': 185.67874867214033, 'user_direction': 3.509180033499651}, 'virtual': {'user_x': 2061.4643207780455, 'user_y': 7797.540298037388, 'user_direction': -2.1323893907196108}, 'user_v': 7.999999999999999, 'user_w': 0, 'delta_t': 0.02, 'need_reset': False}
Tangent angle: 1.9720918369599147, User angle: 3.509180033499651, Offset angle: 0.4604687636034087
Target angle: 2.4325606005633236, distance: 403.1991956702877, angle diff: 1.0766194329363272, rotation direction: -1
Basic rotation angle: 1.693121693121693, rotation gain: 0.0023170043038107614
Rotation gain: 1.24, direction: -1, curvature radius: 7.5
{'type': 'running', 'physical': {'user_x': 769.8332476818621, 'user_y': 183.5229656741294, 'user_direction': 3.4880160123356294}, 'virtual': {'user_x': 2057.204038739115, 'user_y': 7790.769035455804, 'user_direction': -2.1323893907196103}, 'user_v': 7.999999999999999, 'user_w': 0, 'delta_t': 0.02, 'need_reset': False}
Tangent angle: 1.9579961728626878, User angle: 3.4880160123356294, Offset angle: 0.4608035484084217
Target angle: 2.4187997212711094, distance: 402.86033825513414, angle diff: 1.06921629106452, rotation direction: -1
Basic rotation angle: 1.693121693121693, rotation gain: 0.0026674682684571824
Rotation gain: 1.24, direction: -1, curvature radius: 7.5
{'type': 'running', 'physical': {'user_x': 763.8169436451651, 'user_y': 181.4940479816575, 'user_direction': 3.466851991171608}, 'virtual': {'user_x': 2052.943756700184, 'user_y': 7783.997772874221, 'user_direction': -2.1323893907196094}, 'user_v': 7.999999999999999, 'user_w': 0, 'delta_t': 0.02, 'need_reset': False}
Tangent angle: 1.943895412275161, User angle: 3.466851991171608, Offset angle: 0.46118837556166364
Target angle: 2.4050837878368245, distance: 402.4713938903265, angle diff: 1.0617682033347835, rotation direction: -1
Basic rotation angle: 1.693121693121693, rotation gain: 0.0029730514657311
Rotation gain: 1.24, direction: -1, curvature radius: 7.5
{'type': 'running', 'physical': {'user_x': 757.7590501055016, 'user_y': 179.59290434507832, 'user_direction': 3.4456879700075866}, 'virtual': {'user_x': 2048.6834746612535, 'user_y': 7777.226510292637, 'user_direction': -2.1323893907196094}, 'user_v': 7.999999999999999, 'user_w': 0, 'delta_t': 0.02, 'need_reset': False}
Tangent angle: 1.929788841543849, User angle: 3.4456879700075866, Offset angle: 0.4616234478640505
Target angle: 2.3914122894078997, distance: 402.03239168902377, angle diff: 1.054275680599687, rotation direction: -1
Basic rotation angle: 1.693121693121693, rotation gain: 0.0032393296145780226
Rotation gain: 1.24, direction: -1, curvature radius: 7.5
{'type': 'running', 'physical': {'user_x': 751.6622803877726, 'user_y': 177.82038628486438, 'user_direction': 3.4245239488435653}, 'virtual': {'user_x': 2044.4231926223226, 'user_y': 7770.455247711053, 'user_direction': -2.1323893907196085}, 'user_v': 7.999999999999999, 'user_w': 0, 'delta_t': 0.02, 'need_reset': False}
Tangent angle: 1.9156757426267392, User angle: 3.4245239488435653, Offset angle: 0.4621089950587035
Target angle: 2.3777847376854426, distance: 401.5433644440915, angle diff: 1.0467392111581226, rotation direction: -1
Basic rotation angle: 1.693121693121693, rotation gain: 0.003471181861153029
Rotation gain: 1.24, direction: -1, curvature radius: 7.5
{'type': 'running', 'physical': {'user_x': 745.5293652294831, 'user_y': 176.1772877102118, 'user_direction': 3.403359927679544}, 'virtual': {'user_x': 2040.1629105833917, 'user_y': 7763.683985129469, 'user_direction': -2.132389390719606}, 'user_v': 7.999999999999999, 'user_w': 0, 'delta_t': 0.02, 'need_reset': False}
Tangent angle: 1.901555392540586, User angle: 3.403359927679544, Offset angle: 0.46264527412359596
Target angle: 2.364200666664182, distance: 401.0043486008212, angle diff: 1.039159261015362, rotation direction: -1
Basic rotation angle: 1.693121693121693, rotation gain: 0.003672877846764277
Rotation gain: 1.24, direction: -1, curvature radius: 7.5
{'type': 'running', 'physical': {'user_x': 739.3630515576476, 'user_y': 174.66434456344908, 'user_direction': 3.3821959065155225}, 'virtual': {'user_x': 2035.9026285444609, 'user_y': 7756.912722547885, 'user_direction': -2.132389390719603}, 'user_v': 7.999999999999999, 'user_w': 0, 'delta_t': 0.02, 'need_reset': False}
Tangent angle: 1.887427062800855, User angle: 3.3821959065155225, Offset angle: 0.4632325695999923
Target angle: 2.350659632400847, distance: 400.41538422630566, angle diff: 1.0315362741146754, rotation direction: -1
Basic rotation angle: 1.693121693121693, rotation gain: 0.00384815389260874
Rotation gain: 1.24, direction: -1, curvature radius: 7.5
{'type': 'running', 'physical': {'user_x': 733.1661012584436, 'user_y': 173.2822344904092, 'user_direction': 3.361031885351501}, 'virtual': {'user_x': 2031.6423465055302, 'user_y': 7750.1414599663, 'user_direction': -2.1323893907196005}, 'user_v': 7.999999999999999, 'user_w': 0, 'delta_t': 0.02, 'need_reset': False}
Tangent angle: 1.8732900188534578, User angle: 3.361031885351501, Offset angle: 0.46387119395746623
Target angle: 2.337161212810924, distance: 399.7765149753949, angle diff: 1.023870672540577, rotation direction: -1
Basic rotation angle: 1.693121693121693, rotation gain: 0.004000279661697078
Rotation gain: 1.24, direction: -1, curvature radius: 7.5
{'type': 'running', 'physical': {'user_x': 726.9412899401659, 'user_y': 172.0315765369127, 'user_direction': 3.3398678641874797}, 'virtual': {'user_x': 2027.3820644665993, 'user_y': 7743.370197384716, 'user_direction': -2.1323893907196037}, 'user_v': 7.999999999999999, 'user_w': 0, 'delta_t': 0.02, 'need_reset': False}
Tangent angle: 1.8591435194974102, User angle: 3.3398678641874797, Offset angle: 0.4645614879963823
Target angle: 2.3237050074937926, distance: 399.08778805314716, angle diff: 1.016162856693687, rotation direction: -1
Basic rotation angle: 1.693121693121693, rotation gain: 0.004132116488315464
Rotation gain: 1.24, direction: -1, curvature radius: 7.5
{'type': 'running', 'physical': {'user_x': 720.6914056900338, 'user_y': 170.91293087149762, 'user_direction': 3.3187038430234583}, 'virtual': {'user_x': 2023.1217824276687, 'user_y': 7736.598934803132, 'user_direction': -2.1323893907195997}, 'user_v': 7.999999999999999, 'user_w': 0, 'delta_t': 0.02, 'need_reset': False}
Tangent angle: 1.8449868162975143, User angle: 3.3187038430234583, Offset angle: 0.46530382128881953
Target angle: 2.3102906375863337, distance: 398.3492541736767, angle diff: 1.0084132054371246, rotation direction: -1
Basic rotation angle: 1.693121693121693, rotation gain: 0.004246168416579263
Rotation gain: 1.24, direction: -1, curvature radius: 7.5
{'type': 'running', 'physical': {'user_x': 714.4192478254093, 'user_y': 169.9267985345206, 'user_direction': 3.297539821859437}, 'virtual': {'user_x': 2018.8615003887378, 'user_y': 7729.827672221548, 'user_direction': -2.132389390719604}, 'user_v': 7.999999999999999, 'user_w': 0, 'delta_t': 0.02, 'need_reset': False}
Tangent angle: 1.83081915298615, User angle: 3.297539821859437, Offset angle: 0.46609859265901366
Target angle: 2.2969177456451635, distance: 397.5609675152973, angle diff: 1.0006220762142735, rotation direction: -1
Basic rotation angle: 1.693121693121693, rotation gain: 0.004344626859439611
Rotation gain: 1.24, direction: -1, curvature radius: 7.5
{'type': 'running', 'physical': {'user_x': 708.1276256399861, 'user_y': 169.07362121374123, 'user_direction': 3.2763758006954156}, 'virtual': {'user_x': 2014.6012183498071, 'user_y': 7723.056409639963, 'user_direction': -2.1323893907195997}, 'user_v': 7.999999999999999, 'user_w': 0, 'delta_t': 0.02, 'need_reset': False}
Tangent angle: 1.8166397648532366, User angle: 3.2763758006954156, Offset angle: 0.46694623070450236
Target angle: 2.283585995557739, distance: 396.7229856718402, angle diff: 0.9927898051376767, rotation direction: -1
Basic rotation angle: 1.693121693121693, rotation gain: 0.004429409675584379
Rotation gain: 1.24, direction: -1, curvature radius: 7.5
{'type': 'running', 'physical': {'user_x': 701.8193571455089, 'user_y': 168.35378104649064, 'user_direction': 3.255211779531394}, 'virtual': {'user_x': 2010.3409363108763, 'user_y': 7716.285147058379, 'user_direction': -2.132389390719604}, 'user_v': 7.999999999999999, 'user_w': 0, 'delta_t': 0.02, 'need_reset': False}
Tangent angle: 1.8024478781233904, User angle: 3.255211779531394, Offset angle: 0.46784719435926625
Target angle: 2.2702950724826567, distance: 395.8353696000215, angle diff: 0.9849167070487375, rotation direction: -1
Basic rotation angle: 1.693121693121693, rotation gain: 0.004502195361995332
Rotation gain: 1.24, direction: -1, curvature radius: 7.5
{'type': 'running', 'physical': {'user_x': 695.4972678095887, 'user_y': 167.76760044851244, 'user_direction': 3.234047758367373}, 'virtual': {'user_x': 2006.0806542719456, 'user_y': 7709.513884476794, 'user_direction': -2.1323893907195988}, 'user_v': 7.999999999999999, 'user_w': 0, 'delta_t': 0.02, 'need_reset': False}
Tangent angle: 1.7882427093192808, User angle: 3.234047758367373, Offset angle: 0.46880197350027286
Target angle: 2.2570446828195534, distance: 394.8981835627167, angle diff: 0.9770030755478194, rotation direction: -1
Basic rotation angle: 1.693121693121693, rotation gain: 0.004564452972703647
Rotation gain: 1.24, direction: -1, curvature radius: 7.5
{'type': 'running', 'physical': {'user_x': 689.1641892901788, 'user_y': 167.31534196955312, 'user_direction': 3.2128837372033514}, 'virtual': {'user_x': 2001.8203722330147, 'user_y': 7702.7426218952105, 'user_direction': -2.132389390719605}, 'user_v': 7.999999999999999, 'user_w': 0, 'delta_t': 0.02, 'need_reset': False}
Tangent angle: 1.774023464610155, User angle: 3.2128837372033514, Offset angle: 0.46981108959895135
Target angle: 2.2438345542091063, distance: 393.91149506799064, angle diff: 0.9690491829942451, rotation direction: -1
Basic rotation angle: 1.693121693121693, rotation gain: 0.004617468297968715
Rotation gain: 1.24, direction: -1, curvature radius: 7.5
{'type': 'running', 'physical': {'user_x': 682.8229581672774, 'user_y': 166.99720817576616, 'user_direction': 3.19171971603933}, 'virtual': {'user_x': 1997.560090194084, 'user_y': 7695.971359313626, 'user_direction': -2.1323893907195974}, 'user_v': 7.999999999999999, 'user_w': 0, 'delta_t': 0.02, 'need_reset': False}
Tangent angle: 1.759789339144464, User angle: 3.19171971603933, Offset angle: 0.4708750964192559
Target angle: 2.2306644355637197, distance: 392.8753748037148, angle diff: 0.9610552804756103, rotation direction: -1
Basic rotation angle: 1.693121693121693, rotation gain: 0.004662366771327624
Rotation gain: 1.24, direction: -1, curvature radius: 7.5
{'type': 'running', 'physical': {'user_x': 676.4764146724265, 'user_y': 166.81334155898293, 'user_direction': 3.1705556948753086}, 'virtual': {'user_x': 1993.2998081551532, 'user_y': 7689.200096732042, 'user_direction': -2.1323893907196063}, 'user_v': 7.999999999999999, 'user_w': 0, 'delta_t': 0.02, 'need_reset': False}
Tangent angle: 1.7455395163654852, User angle: 3.1705556948753086, Offset angle: 0.4719945807641067
Target angle: 2.217534097129592, distance: 391.7898965675906, angle diff: 0.9530215977457166, rotation direction: -1
Basic rotation angle: 1.693121693121693, rotation gain: 0.004700133513532353
Rotation gain: 1.24, direction: -1, curvature radius: 7.5
{'type': 'running', 'physical': {'user_x': 670.1274014165742, 'user_y': 166.7638244728906, 'user_direction': 3.1493916737112873}, 'virtual': {'user_x': 1989.0395261162225, 'user_y': 7682.428834150457, 'user_direction': -2.1323893907195943}, 'user_v': 7.999999999999999, 'user_w': 0, 'delta_t': 0.02, 'need_reset': False}
Tangent angle: 1.7312731673088018, User angle: 3.1493916737112873, Offset angle: 0.47317016327214323
Target angle: 2.204443330580945, distance: 390.65513719238055, angle diff: 0.944948343130342, rotation direction: -1
Basic rotation angle: 1.693121693121693, rotation gain: 0.004731630871265201
Rotation gain: 1.24, direction: -1, curvature radius: 7.5
{'type': 'running', 'physical': {'user_x': 663.7787621168727, 'user_y': 166.84867909614618, 'user_direction': 3.128227652547266}, 'virtual': {'user_x': 1984.7792440772917, 'user_y': 7675.657571568873, 'user_direction': -2.1323893907196103}, 'user_v': 7.999999999999999, 'user_w': 0, 'delta_t': 0.02, 'need_reset': False}
Tangent angle: 1.7169894498804497, User angle: 3.128227652547266, Offset angle: 0.4744024992668742
Target angle: 2.1913919491473237, distance: 389.4711764661334, angle diff: 0.9368357033999422, rotation direction: -1
Basic rotation angle: 1.693121693121693, rotation gain: 0.004757613763787243
Rotation gain: 1.24, direction: -1, curvature radius: 7.5
{'type': 'running', 'physical': {'user_x': 657.4333403229793, 'user_y': 167.06786742244256, 'user_direction': 3.1070636313832445}, 'virtual': {'user_x': 1980.518962038361, 'user_y': 7668.886308987288, 'user_direction': -2.132389390719582}, 'user_v': 7.999999999999999, 'user_w': 0, 'delta_t': 0.02, 'need_reset': False}
Tangent angle: 1.7026875081145023, User angle: 3.1070636313832445, Offset angle: 0.47569227966047073
Target angle: 2.178379787774973, distance: 388.23809704716894, angle diff: 0.9286838436082716, rotation direction: -1
Basic rotation angle: 1.693121693121693, rotation gain: 0.0047787431115309115
Rotation gain: 1.24, direction: -1, curvature radius: 7.5
{'type': 'running', 'physical': {'user_x': 651.0939781434336, 'user_y': 167.42129127753157, 'user_direction': 3.085899610219223}, 'virtual': {'user_x': 1979.6854601670277, 'user_y': 7667.561546921898, 'user_direction': -2.132389390719582}, 'user_v': 0, 'user_w': 0.1, 'delta_t': 0.02, 'need_reset': False}
Tangent angle: 1.6883664714088096, User angle: 3.085899610219223, Offset angle: 0.47704023191461664
Target angle: 2.165406703323426, distance: 386.9559843735717, angle diff: 0.920492906895797, rotation direction: -1
Basic rotation angle: 0.0, rotation gain: 0.004201873468049798
Rotation gain: 1.24, direction: -1, curvature radius: 2500000
{'type': 'running', 'physical': {'user_x': 644.7635149726791, 'user_y': 167.9087923631961, 'user_direction': 3.0647355890552017}, 'virtual': {'user_x': 1979.6854601670277, 'user_y': 7667.561546921898, 'user_direction': -2.232389390719582}, 'user_v': 0, 'user_w': 0.1, 'delta_t': 0.02, 'need_reset': False}
Tangent angle: 1.6740254537375632, User angle: 3.0647355890552017, Offset angle: 0.4784471210610191
Target angle: 2.1524725747985824, distance: 385.6249265669179, angle diff: 0.9122630142566193, rotation direction: -1
Basic rotation angle: 0.0, rotation gain: 0.0036970571513919087
Rotation gain: 1.24, direction: -1, curvature radius: 2500000
{'type': 'running', 'physical': {'user_x': 644.7635149726791, 'user_y': 167.9087923631961, 'user_direction': 3.1453807503455242}, 'virtual': {'user_x': 1979.6854601670277, 'user_y': 7667.561546921898, 'user_direction': -2.332389390719582}, 'user_v': 0, 'user_w': 0.1, 'delta_t': 0.02, 'need_reset': False}
Tangent angle: 1.6740254537375632, User angle: 3.1453807503455242, Offset angle: 0.4784471210610191
Target angle: 2.1524725747985824, distance: 385.6249265669179, angle diff: 0.9929081755469418, rotation direction: -1
Basic rotation angle: 0.0, rotation gain: 0.0032553428743162557
Rotation gain: 1.24, direction: -1, curvature radius: 2500000
{'type': 'running', 'physical': {'user_x': 644.7635149726791, 'user_y': 167.9087923631961, 'user_direction': 3.2260259116358467}, 'virtual': {'user_x': 1979.6854601670277, 'user_y': 7667.561546921898, 'user_direction': -2.432389390719582}, 'user_v': 0, 'user_w': 0.1, 'delta_t': 0.02, 'need_reset': False}
Tangent angle: 1.6740254537375632, User angle: 3.2260259116358467, Offset angle: 0.4784471210610191
Target angle: 2.1524725747985824, distance: 385.6249265669179, angle diff: 1.0735533368372643, rotation direction: -1
Basic rotation angle: 0.0, rotation gain: 0.0028688428818750594
Rotation gain: 1.24, direction: -1, curvature radius: 2500000
{'type': 'running', 'physical': {'user_x': 644.7635149726791, 'user_y': 167.9087923631961, 'user_direction': 3.3066710729261692}, 'virtual': {'user_x': 1979.6854601670277, 'user_y': 7667.561546921898, 'user_direction': -2.5323893907195822}, 'user_v': 0, 'user_w': 0.1, 'delta_t': 0.02, 'need_reset': False}
Tangent angle: 1.6740254537375632, User angle: 3.3066710729261692, Offset angle: 0.4784471210610191
Target angle: 2.1524725747985824, distance: 385.6249265669179, angle diff: 1.1541984981275868, rotation direction: -1
Basic rotation angle: 0.0, rotation gain: 0.002530655388489013
Rotation gain: 1.24, direction: -1, curvature radius: 2500000
{'type': 'running', 'physical': {'user_x': 644.7635149726791, 'user_y': 167.9087923631961, 'user_direction': 3.3873162342164918}, 'virtual': {'user_x': 1979.6854601670277, 'user_y': 7667.561546921898, 'user_direction': -2.6323893907195823}, 'user_v': 0, 'user_w': 0.1, 'delta_t': 0.02, 'need_reset': False}
Tangent angle: 1.6740254537375632, User angle: 3.3873162342164918, Offset angle: 0.4784471210610191
Target angle: 2.1524725747985824, distance: 385.6249265669179, angle diff: 1.2348436594179093, rotation direction: -1
Basic rotation angle: 0.0, rotation gain: 0.002234741331776222
Rotation gain: 1.24, direction: -1, curvature radius: 2500000
{'type': 'running', 'physical': {'user_x': 644.7635149726791, 'user_y': 167.9087923631961, 'user_direction': 3.4679613955068143}, 'virtual': {'user_x': 1979.6854601670277, 'user_y': 7667.561546921898, 'user_direction': -2.7323893907195824}, 'user_v': 0, 'user_w': 0.1, 'delta_t': 0.02, 'need_reset': False}
Tangent angle: 1.6740254537375632, User angle: 3.4679613955068143, Offset angle: 0.4784471210610191
Target angle: 2.1524725747985824, distance: 385.6249265669179, angle diff: 1.3154888207082318, rotation direction: -1
Basic rotation angle: 0.0, rotation gain: 0.00197581653215253
Rotation gain: 1.24, direction: -1, curvature radius: 2500000
{'type': 'running', 'physical': {'user_x': 644.7635149726791, 'user_y': 167.9087923631961, 'user_direction': 3.5486065567971368}, 'virtual': {'user_x': 1979.6854601670277, 'user_y': 7667.561546921898, 'user_direction': -2.8323893907195825}, 'user_v': 0, 'user_w': 0.1, 'delta_t': 0.02, 'need_reset': False}
Tangent angle: 1.6740254537375632, User angle: 3.5486065567971368, Offset angle: 0.4784471210610191
Target angle: 2.1524725747985824, distance: 385.6249265669179, angle diff: 1.3961339819985543, rotation direction: -1
Basic rotation angle: 0.0, rotation gain: 0.0017492573324817994
Rotation gain: 1.24, direction: -1, curvature radius: 2500000
{'type': 'running', 'physical': {'user_x': 644.7635149726791, 'user_y': 167.9087923631961, 'user_direction': 3.6292517180874593}, 'virtual': {'user_x': 1979.6854601670277, 'user_y': 7667.561546921898, 'user_direction': -2.9323893907195826}, 'user_v': 0, 'user_w': 0.1, 'delta_t': 0.02, 'need_reset': False}
Tangent angle: 1.6740254537375632, User angle: 3.6292517180874593, Offset angle: 0.4784471210610191
Target angle: 2.1524725747985824, distance: 385.6249265669179, angle diff: 1.4767791432888768, rotation direction: -1
Basic rotation angle: 0.0, rotation gain: 0.0015510180327699102
Rotation gain: 1.24, direction: -1, curvature radius: 2500000
{'type': 'running', 'physical': {'user_x': 644.7635149726791, 'user_y': 167.9087923631961, 'user_direction': 3.709896879377782}, 'virtual': {'user_x': 1979.6854601670277, 'user_y': 7667.561546921898, 'user_direction': -3.0323893907195827}, 'user_v': 0, 'user_w': 0.1, 'delta_t': 0.02, 'need_reset': False}
Tangent angle: 1.6740254537375632, User angle: 3.709896879377782, Offset angle: 0.4784471210610191
Target angle: 2.1524725747985824, distance: 385.6249265669179, angle diff: 1.5574243045791993, rotation direction: -1
Basic rotation angle: 0.0, rotation gain: 0.0013775586455220072
Rotation gain: 1.24, direction: -1, curvature radius: 2500000
{'type': 'running', 'physical': {'user_x': 644.7635149726791, 'user_y': 167.9087923631961, 'user_direction': 3.7905420406681043}, 'virtual': {'user_x': 1979.6854601670277, 'user_y': 7667.561546921898, 'user_direction': -3.1323893907195828}, 'user_v': 0, 'user_w': 0.1, 'delta_t': 0.02, 'need_reset': False}
Tangent angle: 1.6740254537375632, User angle: 3.7905420406681043, Offset angle: 0.4784471210610191
Target angle: 2.1524725747985824, distance: 385.6249265669179, angle diff: 1.6380694658695218, rotation direction: -1
Basic rotation angle: 0.0, rotation gain: 0.0012257816816800922
Rotation gain: 1.24, direction: -1, curvature radius: 2500000
{'type': 'running', 'physical': {'user_x': 644.7635149726791, 'user_y': 167.9087923631961, 'user_direction': 3.871187201958427}, 'virtual': {'user_x': 1979.6854601670277, 'user_y': 7667.561546921898, 'user_direction': 2.985800296379451}, 'user_v': 7.999999999999999, 'user_w': 0, 'delta_t': 0.02, 'need_reset': False}
Tangent angle: 1.6740254537375632, User angle: 3.871187201958427, Offset angle: 0.4784471210610191
Target angle: 2.1524725747985824, distance: 385.6249265669179, angle diff: 1.7187146271598444, rotation direction: -1
Basic rotation angle: 1.693121693121693, rotation gain: 0.0016850949769201548
Rotation gain: 1.24, direction: -1, curvature radius: 7.5
{'type': 'running', 'physical': {'user_x': 644.7635149726791, 'user_y': 167.9087923631961, 'user_direction': 3.9518323632487493}, 'virtual': {'user_x': 1971.7823489954226, 'user_y': 7668.802850192357, 'user_direction': 2.985800296379451}, 'user_v': 7.999999999999999, 'user_w': 0, 'delta_t': 0.02, 'need_reset': False}
Tangent angle: 1.6740254537375632, User angle: 3.9518323632487493, Offset angle: 0.4784471210610191
Target angle: 2.1524725747985824, distance: 385.6249265669179, angle diff: 1.7993597884501669, rotation direction: -1
Basic rotation angle: 1.693121693121693, rotation gain: 0.00208699411025521
Rotation gain: 1.24, direction: -1, curvature radius: 7.5
{'type': 'running', 'physical': {'user_x': 640.2904889244545, 'user_y': 163.4027453997584, 'user_direction': 3.9306683420847284}, 'virtual': {'user_x': 1963.8792378238174, 'user_y': 7670.044153462815, 'user_direction': 2.985800296379454}, 'user_v': 7.999999999999999, 'user_w': 0, 'delta_t': 0.02, 'need_reset': False}
Tangent angle: 1.6628186566621042, User angle: 3.9306683420847284, Offset angle: 0.47366393080572033
Target angle: 2.1364825874678246, distance: 390.1800689710327, angle diff: 1.7941857546169038, rotation direction: -1
Basic rotation angle: 1.693121693121693, rotation gain: 0.0024365571673693664
Rotation gain: 1.24, direction: -1, curvature radius: 7.5
{'type': 'running', 'physical': {'user_x': 635.7231056542089, 'user_y': 158.99236771440283, 'user_direction': 3.909504320920707}, 'virtual': {'user_x': 1955.9761266522123, 'user_y': 7671.285456733274, 'user_direction': 2.9858002963794505}, 'user_v': 7.999999999999999, 'user_w': 0, 'delta_t': 0.02, 'need_reset': False}
Tangent angle: 1.6516232247338665, User angle: 3.909504320920707, Offset angle: 0.46903568177479543
Target angle: 2.120658906508662, distance: 394.6693198257629, angle diff: 1.788845414412045, rotation direction: -1
Basic rotation angle: 1.693121693121693, rotation gain: 0.002740299369430133
Rotation gain: 1.24, direction: -1, curvature radius: 7.5
{'type': 'running', 'physical': {'user_x': 631.0634108886752, 'user_y': 154.67963471120638, 'user_direction': 3.8883402997566856}, 'virtual': {'user_x': 1948.0730154806072, 'user_y': 7672.526760003732, 'user_direction': 2.985800296379454}, 'user_v': 7.999999999999999, 'user_w': 0, 'delta_t': 0.02, 'need_reset': False}
Tangent angle: 1.64043871737887, User angle: 3.8883402997566856, Offset angle: 0.4645563317432664
Target angle: 2.1049950491221363, distance: 399.0929255661935, angle diff: 1.7833452506345493, rotation direction: -1
Basic rotation angle: 1.693121693121693, rotation gain: 0.0030039223253546764
Rotation gain: 1.24, direction: -1, curvature radius: 7.5
{'type': 'running', 'physical': {'user_x': 626.3134917008196, 'user_y': 150.46647805928342, 'user_direction': 3.867176278592664}, 'virtual': {'user_x': 1940.169904309002, 'user_y': 7673.768063274191, 'user_direction': 2.98580029637945}, 'user_v': 7.999999999999999, 'user_w': 0, 'delta_t': 0.02, 'need_reset': False}
Tangent angle: 1.6292647143549603, User angle: 3.867176278592664, Offset angle: 0.46022018286117616
Target angle: 2.0894848972161366, distance: 403.4510964093589, angle diff: 1.7776913813765276, rotation direction: -1
Basic rotation angle: 1.693121693121693, rotation gain: 0.0032324156852564507
Rotation gain: 1.24, direction: -1, curvature radius: 7.5
{'type': 'running', 'physical': {'user_x': 621.4754755750431, 'user_y': 146.3547848275929, 'user_direction': 3.846012257428643}, 'virtual': {'user_x': 1932.266793137397, 'user_y': 7675.009366544649, 'user_direction': 2.9858002963794545}, 'user_v': 7.999999999999999, 'user_w': 0, 'delta_t': 0.02, 'need_reset': False}
Tangent angle: 1.6181008145436127, User angle: 3.846012257428643, Offset angle: 0.4560218573771747
Target angle: 2.0741226719207875, distance: 407.74400952067197, angle diff: 1.7718895855078554, rotation direction: -1
Basic rotation angle: 1.693121693121693, rotation gain: 0.0034301460913789095
Rotation gain: 1.24, direction: -1, curvature radius: 7.5
{'type': 'running', 'physical': {'user_x': 616.551529454284, 'user_y': 142.34639663972192, 'user_direction': 3.8248482362646214}, 'virtual': {'user_x': 1924.3636819657918, 'user_y': 7676.250669815108, 'user_direction': 2.985800296379449}, 'user_v': 7.999999999999999, 'user_w': 0, 'delta_t': 0.02, 'need_reset': False}
Tangent angle: 1.6069466348255286, User angle: 3.8248482362646214, Offset angle: 0.4519562754674533
Target angle: 2.058902910292982, distance: 411.97181189484655, angle diff: 1.7659453259716393, rotation direction: -1
Basic rotation angle: 1.693121693121693, rotation gain: 0.0036009350139286195
Rotation gain: 1.24, direction: -1, curvature radius: 7.5
{'type': 'running', 'physical': {'user_x': 611.5438587694454, 'user_y': 138.44310884902416, 'user_direction': 3.8036842151006}, 'virtual': {'user_x': 1916.4605707941867, 'user_y': 7677.491973085566, 'user_direction': 2.9858002963794545}, 'user_v': 7.999999999999999, 'user_w': 0, 'delta_t': 0.02, 'need_reset': False}
Tangent angle: 1.595801809033286, User angle: 3.8036842151006, Offset angle: 0.4480186349549774
Target angle: 2.0438204439882632, distance: 416.1346229818455, angle diff: 1.7598637711123368, rotation direction: -1
Basic rotation angle: 1.693121693121693, rotation gain: 0.003748126860837764
Rotation gain: 1.24, direction: -1, curvature radius: 7.5
{'type': 'running', 'physical': {'user_x': 606.454706451585, 'user_y': 134.64666973448288, 'user_direction': 3.7825201939365787}, 'virtual': {'user_x': 1908.5574596225815, 'user_y': 7678.733276356025, 'user_direction': 2.9858002963794483}, 'user_v': 7.999999999999999, 'user_w': 0, 'delta_t': 0.02, 'need_reset': False}
Tangent angle: 1.5846659869749082, User angle: 3.7825201939365787, Offset angle: 0.44420439272934487
Target angle: 2.0288703797042533, distance: 420.23253708462835, angle diff: 1.7536498142323254, rotation direction: -1
Basic rotation angle: 1.693121693121693, rotation gain: 0.0038746485768960093
Rotation gain: 1.24, direction: -1, curvature radius: 7.5
{'type': 'running', 'physical': {'user_x': 601.2863519273087, 'user_y': 130.9587797176583, 'user_direction': 3.7613561727725573}, 'virtual': {'user_x': 1900.6543484509764, 'user_y': 7679.974579626483, 'user_direction': 2.985800296379455}, 'user_v': 7.999999999999999, 'user_w': 0, 'delta_t': 0.02, 'need_reset': False}
Tangent angle: 1.573538833522773, User angle: 3.7613561727725573, Offset angle: 0.4405092476995784
Target angle: 2.0140480812223513, distance: 424.2656255522347, angle diff: 1.747308091550206, rotation direction: -1
Basic rotation angle: 1.693121693121693, rotation gain: 0.003983061795795772
Rotation gain: 1.24, direction: -1, curvature radius: 7.5
{'type': 'running', 'physical': {'user_x': 596.0411100978168, 'user_y': 127.38109060107043, 'user_direction': 3.740192151608536}, 'virtual': {'user_x': 1892.7512372793713, 'user_y': 7681.215882896942, 'user_direction': 2.9858002963794466}, 'user_v': 7.999999999999999, 'user_w': 0, 'delta_t': 0.02, 'need_reset': False}
Tangent angle: 1.5624200277627684, User angle: 3.740192151608536, Offset angle: 0.43692912513126403
Target angle: 1.9993491528940326, distance: 428.2339387889419, angle diff: 1.7408429987145033, rotation direction: -1
Basic rotation angle: 1.693121693121693, rotation gain: 0.004075608475721884
Rotation gain: 1.24, direction: -1, curvature radius: 7.5
{'type': 'running', 'physical': {'user_x': 590.7213303020628, 'user_y': 123.91520482835817, 'user_direction': 3.7190281304445145}, 'virtual': {'user_x': 1884.8481261077661, 'user_y': 7682.4571861674, 'user_direction': 2.985800296379455}, 'user_v': 7.999999999999999, 'user_w': 0, 'delta_t': 0.02, 'need_reset': False}
Tangent angle: 1.551309262199064, User angle: 3.7190281304445145, Offset angle: 0.43346016223608574
Target angle: 1.9847694244351497, distance: 432.13750809781317, angle diff: 1.7342587060093648, rotation direction: -1
Basic rotation angle: 1.693121693121693, rotation gain: 0.00415425083281425
Rotation gain: 1.24, direction: -1, curvature radius: 7.5
{'type': 'running', 'physical': {'user_x': 585.3293952644858, 'user_y': 120.56267476654637, 'user_direction': 3.697864109280493}, 'virtual': {'user_x': 1876.945014936161, 'user_y': 7683.698489437859, 'user_direction': 2.985800296379444}, 'user_v': 7.999999999999999, 'user_w': 0, 'delta_t': 0.02, 'need_reset': False}
Tangent angle: 1.5402062420102438, User angle: 3.697864109280493, Offset angle: 0.4300986948963379
Target angle: 1.9703049369065817, distance: 435.97634737484793, angle diff: 1.7275591723739114, rotation direction: -1
Basic rotation angle: 1.693121693121693, rotation gain: 0.004220706285064362
Rotation gain: 1.24, direction: -1, curvature radius: 7.5
{'type': 'running', 'physical': {'user_x': 579.867720027791, 'user_y': 117.32500201074203, 'user_direction': 3.6767000881164718}, 'virtual': {'user_x': 1869.0419037645559, 'user_y': 7684.939792708317, 'user_direction': 2.985800296379456}, 'user_v': 7.999999999999999, 'user_w': 0, 'delta_t': 0.02, 'need_reset': False}
Tangent angle: 1.5291106843529403, User angle: 3.6767000881164718, Offset angle: 0.42684124541971885
Target angle: 1.955951929772659, distance: 439.7504546681102, angle diff: 1.7207481583438127, rotation direction: -1
Basic rotation angle: 1.693121693121693, rotation gain: 0.004276478030157207
Rotation gain: 1.24, direction: -1, curvature radius: 7.5
{'type': 'running', 'physical': {'user_x': 574.3387508712543, 'user_y': 114.20363671157128, 'user_direction': 3.6555360669524504}, 'virtual': {'user_x': 1861.1387925929507, 'user_y': 7686.181095978776, 'user_direction': 2.9858002963794363}, 'user_v': 7.999999999999999, 'user_w': 0, 'delta_t': 0.02, 'need_reset': False}
Tangent angle: 1.51802231770941, User angle: 3.6555360669524504, Offset angle: 0.4236845112308695
Target angle: 1.9417068289402795, distance: 443.4598136146167, angle diff: 1.713829238012171, rotation direction: -1
Basic rotation angle: 1.693121693121693, rotation gain: 0.004322881802849457
Rotation gain: 1.24, direction: -1, curvature radius: 7.5
{'type': 'running', 'physical': {'user_x': 568.7449642150356, 'user_y': 111.1999769256582, 'user_direction': 3.634372045788429}, 'virtual': {'user_x': 1853.2356814213456, 'user_y': 7687.422399249234, 'user_direction': 2.985800296379459}, 'user_v': 7.999999999999999, 'user_w': 0, 'delta_t': 0.02, 'need_reset': False}
Tangent angle: 1.50694088127581, User angle: 3.634372045788429, Offset angle: 0.4206253544159386
Target angle: 1.9275662356917487, distance: 447.1043947663638, angle diff: 1.7068058100966803, rotation direction: -1
Basic rotation angle: 1.693121693121693, rotation gain: 0.00436106928929239
Rotation gain: 1.24, direction: -1, curvature radius: 7.5
{'type': 'running', 'physical': {'user_x': 563.088865510993, 'user_y': 108.31536798943664, 'user_direction': 3.6132080246244076}, 'virtual': {'user_x': 1847.3457164592448, 'user_y': 7688.347507426456, 'user_direction': 2.985800296379459}, 'user_v': 0, 'user_w': 0.1, 'delta_t': 0.02, 'need_reset': False}
Tangent angle: 1.4958661243881883, User angle: 3.6132080246244076, Offset angle: 0.4176607920451093
Target angle: 1.9135269164332978, distance: 450.6841568156447, angle diff: 1.6996811081911098, rotation direction: -1
Basic rotation angle: 0.0, rotation gain: 0.003835139394394694
Rotation gain: 1.24, direction: -1, curvature radius: 2500000
{'type': 'running', 'physical': {'user_x': 557.3729881204929, 'user_y': 105.55110191657516, 'user_direction': 3.592044003460386}, 'virtual': {'user_x': 1847.3457164592448, 'user_y': 7688.347507426456, 'user_direction': 2.885800296379459}, 'user_v': 0, 'user_w': 0.1, 'delta_t': 0.02, 'need_reset': False}
Tangent angle: 1.4847978059834603, User angle: 3.592044003460386, Offset angle: 0.41478798720565946
Target angle: 1.8995857931891198, distance: 454.1990477287339, angle diff: 1.6924582102712664, rotation direction: -1
Basic rotation angle: 0.0, rotation gain: 0.0033748689614382966
Rotation gain: 1.24, direction: -1, curvature radius: 2500000
{'type': 'running', 'physical': {'user_x': 557.3729881204929, 'user_y': 105.55110191657516, 'user_direction': 3.6726891647507087}, 'virtual': {'user_x': 1847.3457164592448, 'user_y': 7688.347507426456, 'user_direction': 2.785800296379459}, 'user_v': 0, 'user_w': 0.1, 'delta_t': 0.02, 'need_reset': False}
Tangent angle: 1.4847978059834603, User angle: 3.6726891647507087, Offset angle: 0.41478798720565946
Target angle: 1.8995857931891198, distance: 454.1990477287339, angle diff: 1.773103371561589, rotation direction: -1
Basic rotation angle: 0.0, rotation gain: 0.002972132332601449
Rotation gain: 1.24, direction: -1, curvature radius: 2500000
{'type': 'running', 'physical': {'user_x': 557.3729881204929, 'user_y': 105.55110191657516, 'user_direction': 3.7533343260410312}, 'virtual': {'user_x': 1847.3457164592448, 'user_y': 7688.347507426456, 'user_direction': 2.654840170392644}, 'user_v': 7.999999999999999, 'user_w': 0, 'delta_t': 0.02, 'need_reset': False}
Tangent angle: 1.4847978059834603, User angle: 3.7533343260410312, Offset angle: 0.41478798720565946
Target angle: 1.8995857931891198, distance: 454.1990477287339, angle diff: 1.8537485328519114, rotation direction: -1
Basic rotation angle: 1.693121693121693, rotation gain: 0.0031742755313144515
Rotation gain: 1.24, direction: -1, curvature radius: 7.5
{'type': 'running', 'physical': {'user_x': 557.3729881204929, 'user_y': 105.55110191657516, 'user_direction': 3.8339794873313537}, 'virtual': {'user_x': 1840.2748639096042, 'user_y': 7692.0895715922925, 'user_direction': 2.654840170392644}, 'user_v': 7.999999999999999, 'user_w': 0, 'delta_t': 0.02, 'need_reset': False}
Tangent angle: 1.4847978059834603, User angle: 3.8339794873313537, Offset angle: 0.41478798720565946
Target angle: 1.8995857931891198, distance: 454.1990477287339, angle diff: 1.934393694142234, rotation direction: -1
Basic rotation angle: 1.693121693121693, rotation gain: 0.0033511508301883285
Rotation gain: 1.24, direction: -1, curvature radius: 7.5
{'type': 'running', 'physical': {'user_x': 552.4011676088612, 'user_y': 101.60225118947486, 'user_direction': 3.812815466167333}, 'virtual': {'user_x': 1833.2040113599635, 'user_y': 7695.831635758129, 'user_direction': 2.654840170392643}, 'user_v': 7.999999999999999, 'user_w': 0, 'delta_t': 0.02, 'need_reset': False}
Tangent angle: 1.475581403175693, User angle: 3.812815466167333, Offset angle: 0.4109367764779212
Target angle: 1.8865181796536143, distance: 458.98362156442914, angle diff: 1.9262972865137185, rotation direction: -1
Basic rotation angle: 1.693121693121693, rotation gain: 0.0035035851486549118
Rotation gain: 1.24, direction: -1, curvature radius: 7.5
{'type': 'running', 'physical': {'user_x': 547.3468932126134, 'user_y': 97.75950066514523, 'user_direction': 3.7916514450033114}, 'virtual': {'user_x': 1826.1331588103228, 'user_y': 7699.573699923965, 'user_direction': 2.654840170392642}, 'user_v': 7.999999999999999, 'user_w': 0, 'delta_t': 0.02, 'need_reset': False}
Tangent angle: 1.4663414467223197, User angle: 3.7916514450033114, Offset angle: 0.4072057836629689
Target angle: 1.8735472303852885, distance: 463.70019282558883, angle diff: 1.918104214618023, rotation direction: -1
Basic rotation angle: 1.693121693121693, rotation gain: 0.003634620328884174
Rotation gain: 1.24, direction: -1, curvature radius: 7.5
{'type': 'running', 'physical': {'user_x': 542.2124287365663, 'user_y': 94.02457150798404, 'user_direction': 3.77048742383929}, 'virtual': {'user_x': 1819.0623062606821, 'user_y': 7703.315764089802, 'user_direction': 2.6548401703926405}, 'user_v': 7.999999999999999, 'user_w': 0, 'delta_t': 0.02, 'need_reset': False}
Tangent angle: 1.4570788290222396, User angle: 3.77048742383929, Offset angle: 0.4035906959406293
Target angle: 1.8606695249628689, distance: 468.3487350577618, angle diff: 1.9098178988764212, rotation direction: -1
Basic rotation angle: 1.693121693121693, rotation gain: 0.003746918155930924
Rotation gain: 1.24, direction: -1, curvature radius: 7.5
{'type': 'running', 'physical': {'user_x': 537.0000739025993, 'user_y': 90.39913658929862, 'user_direction': 3.7493234026752686}, 'virtual': {'user_x': 1811.9914537110415, 'user_y': 7707.057828255638, 'user_direction': 2.654840170392639}, 'user_v': 7.999999999999999, 'user_w': 0, 'delta_t': 0.02, 'need_reset': False}
Tangent angle: 1.4477944029199221, User angle: 3.7493234026752686, Offset angle: 0.40008742826463783
Target angle: 1.84788183118456, distance: 472.929202605644, angle diff: 1.9014415714907087, rotation direction: -1
Basic rotation angle: 1.693121693121693, rotation gain: 0.0038428078596634257
Rotation gain: 1.24, direction: -1, curvature radius: 7.5
{'type': 'running', 'physical': {'user_x': 531.7121633196109, 'user_y': 86.88481973802841, 'user_direction': 3.7281593815112473}, 'virtual': {'user_x': 1804.9206011614008, 'user_y': 7710.799892421474, 'user_direction': 2.6548401703926374}, 'user_v': 7.999999999999999, 'user_w': 0, 'delta_t': 0.02, 'need_reset': False}
Tangent angle: 1.43848898397844, User angle: 3.7281593815112473, Offset angle: 0.39669210876082595
Target angle: 1.835181092739266, distance: 477.4415323929863, angle diff: 1.8929782887719813, rotation direction: -1
Basic rotation angle: 1.693121693121693, rotation gain: 0.003924327679619907
Rotation gain: 1.24, direction: -1, curvature radius: 7.5
{'type': 'running', 'physical': {'user_x': 526.3510654378496, 'user_y': 83.48319501343343, 'user_direction': 3.706995360347226}, 'virtual': {'user_x': 1797.84974861176, 'user_y': 7714.541956587311, 'user_direction': 2.6548401703926356}, 'user_v': 7.999999999999999, 'user_w': 0, 'delta_t': 0.02, 'need_reset': False}
Tangent angle: 1.4291633526008956, User angle: 3.706995360347226, Offset angle: 0.3934010652733978
Target angle: 1.8225644178742932, distance: 481.88564555885114, angle diff: 1.8844309424729326, rotation direction: -1
Basic rotation angle: 1.693121693121693, rotation gain: 0.003993261234859624
Rotation gain: 1.24, direction: -1, curvature radius: 7.5
{'type': 'running', 'physical': {'user_x': 520.9191814880869, 'user_y': 80.19578600007465, 'user_direction': 3.6858313391832045}, 'virtual': {'user_x': 1790.7788960621194, 'user_y': 7718.284020753147, 'user_direction': 2.6548401703926334}, 'user_v': 7.999999999999999, 'user_w': 0, 'delta_t': 0.02, 'need_reset': False}
Tangent angle: 1.419818256011967, User angle: 3.6858313391832045, Offset angle: 0.390210812953768
Target angle: 1.810029068965735, distance: 486.2614489640262, angle diff: 1.8758022702174695, rotation direction: -1
Basic rotation angle: 1.693121693121693, rotation gain: 0.004051169348124407
Rotation gain: 1.24, direction: -1, curvature radius: 7.5
{'type': 'running', 'physical': {'user_x': 515.4189444061088, 'user_y': 77.02406512540182, 'user_direction': 3.664667318019183}, 'virtual': {'user_x': 1783.7080435124788, 'user_y': 7722.0260849189835, 'user_direction': 2.654840170392631}, 'user_v': 7.999999999999999, 'user_w': 0, 'delta_t': 0.02, 'need_reset': False}
Tangent angle: 1.410454410110305, User angle: 3.664667318019183, Offset angle: 0.3871180427976052
Target angle: 1.79757245290791, distance: 490.56883657987987, angle diff: 1.867094865111273, rotation direction: -1
Basic rotation angle: 1.693121693121693, rotation gain: 0.004099417892468873
Rotation gain: 1.24, direction: -1, curvature radius: 7.5
{'type': 'running', 'physical': {'user_x': 509.85281774300586, 'user_y': 73.96945300025465, 'user_direction': 3.6435032968551617}, 'virtual': {'user_x': 1776.637190962838, 'user_y': 7725.76814908482, 'user_direction': 2.654840170392628}, 'user_v': 7.999999999999999, 'user_w': 0, 'delta_t': 0.02, 'need_reset': False}
Tangent angle: 1.4010725012015681, User angle: 3.6435032968551617, Offset angle: 0.38411961104556575
Target angle: 1.785192112247134, distance: 494.8076907705933, angle diff: 1.8583111846080278, rotation direction: -1
Basic rotation angle: 1.693121693121693, rotation gain: 0.004139202157503544
Rotation gain: 1.24, direction: -1, curvature radius: 7.5
{'type': 'running', 'physical': {'user_x': 504.2232945617508, 'user_y': 71.03331778257245, 'user_direction': 3.6223392756911403}, 'virtual': {'user_x': 1769.5663384131974, 'user_y': 7729.510213250656, 'user_direction': 2.654840170392625}, 'user_v': 7.999999999999999, 'user_w': 0, 'delta_t': 0.02, 'need_reset': False}
Tangent angle: 1.3916731876210624, User angle: 3.6223392756911403, Offset angle: 0.3812125293718821
Target angle: 1.7728857169929446, distance: 498.9778834785347, angle diff: 1.8494535586981957, rotation direction: -1
Basic rotation angle: 1.693121693121693, rotation gain: 0.004171568170257329
Rotation gain: 1.24, direction: -1, curvature radius: 7.5
{'type': 'running', 'physical': {'user_x': 498.53289632055805, 'user_y': 68.21697456459755, 'user_direction': 3.601175254527119}, 'virtual': {'user_x': 1762.4954858635567, 'user_y': 7733.252277416493, 'user_direction': 2.6548401703926214}, 'user_v': 7.999999999999999, 'user_w': 0, 'delta_t': 0.02, 'need_reset': False}
Tangent angle: 1.3822571012541907, User angle: 3.601175254527119, Offset angle: 0.3783939557926421
Target angle: 1.7606510570468328, distance: 503.07927732150176, angle diff: 1.8405241974802862, rotation direction: -1
Basic rotation angle: 1.693121693121693, rotation gain: 0.004197431351294558
Rotation gain: 1.24, direction: -1, curvature radius: 7.5
{'type': 'running', 'physical': {'user_x': 492.7841717435252, 'user_y': 65.52168478384661, 'user_direction': 3.5800112333630976}, 'virtual': {'user_x': 1755.424633313916, 'user_y': 7736.99434158233, 'user_direction': 2.654840170392617}, 'user_v': 7.999999999999999, 'user_w': 0, 'delta_t': 0.02, 'need_reset': False}
Tangent angle: 1.3728248489622334, User angle: 3.5800112333630976, Offset angle: 0.375661186232397
Target angle: 1.7484860351946305, distance: 507.1117266096494, angle diff: 1.831525198168467, rotation direction: -1
Basic rotation angle: 1.693121693121693, rotation gain: 0.004217592839146439
Rotation gain: 1.24, direction: -1, curvature radius: 7.5
{'type': 'running', 'physical': {'user_x': 486.9796956790613, 'user_y': 62.948655658113985, 'user_direction': 3.558847212199076}, 'virtual': {'user_x': 1748.3537807642754, 'user_y': 7740.736405748166, 'user_direction': 2.654840170392622}, 'user_v': 7.999999999999999, 'user_w': 0, 'delta_t': 0.02, 'need_reset': False}
Tangent angle: 1.3633770139203636, User angle: 3.558847212199076, Offset angle: 0.37301164669376613
Target angle: 1.7363886606141297, distance: 511.0750782891145, angle diff: 1.8224585515849465, rotation direction: -1
Basic rotation angle: 1.693121693121693, rotation gain: 0.004232753774487879
Rotation gain: 1.24, direction: -1, curvature radius: 7.5
{'type': 'running', 'physical': {'user_x': 481.1220679466152, 'user_y': 60.49903964475999, 'user_direction': 3.537683191035055}, 'virtual': {'user_x': 1741.2829282146347, 'user_y': 7744.478469914004, 'user_direction': 2.6548401703926165}, 'user_v': 7.999999999999999, 'user_w': 0, 'delta_t': 0.02, 'need_reset': False}
Tangent angle: 1.3539141568742306, User angle: 3.537683191035055, Offset angle: 0.3704428859800701
Target angle: 1.7243570428543007, distance: 514.9691728186411, angle diff: 1.813326148180754, rotation direction: -1
Basic rotation angle: 1.693121693121693, rotation gain: 0.0042435277990649604
Rotation gain: 1.24, direction: -1, curvature radius: 7.5
{'type': 'running', 'physical': {'user_x': 475.21391217221833, 'user_y': 58.173933924526295, 'user_direction': 3.5165191698710334}, 'virtual': {'user_x': 1734.212075664994, 'user_y': 7748.22053407984, 'user_direction': 2.654840170392623}, 'user_v': 7.999999999999999, 'user_w': 0, 'delta_t': 0.02, 'need_reset': False}
Tangent angle: 1.3444368173209416, User angle: 3.5165191698710334, Offset angle: 0.3679525689258079
Target angle: 1.7123893862467494, distance: 518.793844984871, angle diff: 1.804129783624284, rotation direction: -1
Basic rotation angle: 1.693121693121693, rotation gain: 0.004250451992505499
Rotation gain: 1.24, direction: -1, curvature radius: 7.5
{'type': 'running', 'physical': {'user_x': 469.25787461336546, 'user_y': 55.9743799101097, 'user_direction': 3.495355148707012}, 'virtual': {'user_x': 1727.1412231153533, 'user_y': 7751.962598245677, 'user_direction': 2.6548401703926165}, 'user_v': 7.999999999999999, 'user_w': 0, 'delta_t': 0.02, 'need_reset': False}
Tangent angle: 1.3349455146197975, User angle: 3.495355148707012, Offset angle: 0.3655384700940481
Target angle: 1.7004839847138455, distance: 522.5489246614177, angle diff: 1.7948711639931665, rotation direction: -1
Basic rotation angle: 1.693121693121693, rotation gain: 0.004253996442256093
Rotation gain: 1.24, direction: -1, curvature radius: 7.5
{'type': 'running', 'physical': {'user_x': 463.2566229737581, 'user_y': 53.90136277971435, 'user_direction': 3.4741911275429906}, 'virtual': {'user_x': 1720.0703705657127, 'user_y': 7755.704662411514, 'user_direction': 2.654840170392625}, 'user_v': 7.999999999999999, 'user_w': 0, 'delta_t': 0.02, 'need_reset': False}
Tangent angle: 1.3254407490377178, User angle: 3.4741911275429906, Offset angle: 0.36319846790362276
Target angle: 1.6886392169413407, distance: 526.2342375163308, angle diff: 1.78555191060165, rotation direction: -1
Basic rotation angle: 1.693121693121693, rotation gain: 0.004254572617485868
Rotation gain: 1.24, direction: -1, curvature radius: 7.5
{'type': 'running', 'physical': {'user_x': 457.21284520844273, 'user_y': 51.95581103579133, 'user_direction': 3.4530271063789693}, 'virtual': {'user_x': 1712.999518016072, 'user_y': 7759.446726577351, 'user_direction': 2.6548401703926157}, 'user_v': 7.999999999999999, 'user_w': 0, 'delta_t': 0.02, 'need_reset': False}
Tangent angle: 1.3159230027339028, User angle: 3.4530271063789693, Offset angle: 0.3609305391524206
Target angle: 1.6768535418863235, distance: 529.8496056721241, angle diff: 1.7761735644926457, rotation direction: -1
Basic rotation angle: 1.693121693121693, rotation gain: 0.004252540696444119
Rotation gain: 1.24, direction: -1, curvature radius: 7.5
{'type': 'running', 'physical': {'user_x': 451.12924831987806, 'user_y': 50.138596089163286, 'user_direction': 3.431863085214948}, 'virtual': {'user_x': 1705.9286654664313, 'user_y': 7763.188790743187, 'user_direction': 2.6548401703926285}, 'user_v': 7.999999999999999, 'user_w': 0, 'delta_t': 0.02, 'need_reset': False}
Tangent angle: 1.3063927406879299, User angle: 3.431863085214948, Offset angle: 0.3587327539061325
Target angle: 1.6651254945940623, distance: 533.394848322142, angle diff: 1.7667375906208855, rotation direction: -1
Basic rotation angle: 1.693121693121693, rotation gain: 0.0042482159780749314
Rotation gain: 1.24, direction: -1, curvature radius: 7.5
{'type': 'running', 'physical': {'user_x': 445.0085571454712, 'user_y': 48.45053186872032, 'user_direction': 3.4106990640509265}, 'virtual': {'user_x': 1698.8578129167906, 'user_y': 7766.930854909025, 'user_direction': 2.654840170392614}, 'user_v': 7.999999999999999, 'user_w': 0, 'delta_t': 0.02, 'need_reset': False}
Tangent angle: 1.2968504115751518, User angle: 3.4106990640509265, Offset angle: 0.35660327072455394
Target angle: 1.6534536822997057, distance: 536.869782306684, angle diff: 1.7572453817512208, rotation direction: -1
Basic rotation angle: 1.693121693121693, rotation gain: 0.004241874492343069
Rotation gain: 1.24, direction: -1, curvature radius: 7.5
{'type': 'running', 'physical': {'user_x': 438.8535131371254, 'user_y': 46.89237445686199, 'user_direction': 3.389535042886905}, 'virtual': {'user_x': 1691.78696036715, 'user_y': 7770.672919074861, 'user_direction': 2.6548401703926414}, 'user_v': 7.999999999999999, 'user_w': 0, 'delta_t': 0.02, 'need_reset': False}
Tangent angle: 1.2872964485929803, User angle: 3.389535042886905, Offset angle: 0.3545403322000148
Target angle: 1.6418367807929952, distance: 540.2742226519925, angle diff: 1.7476982620939099, rotation direction: -1
Basic rotation angle: 1.693121693121693, rotation gain: 0.004233757909420088
Rotation gain: 1.24, direction: -1, curvature radius: 7.5
{'type': 'running', 'physical': {'user_x': 432.6668731333466, 'user_y': 45.46482175084871, 'user_direction': 3.3683710217228837}, 'virtual': {'user_x': 1687.0733013171998, 'user_y': 7773.167500102673, 'user_direction': 2.6548401703926414}, 'user_v': 0, 'user_w': 0.1, 'delta_t': 0.02, 'need_reset': False}
Tangent angle: 1.2777312702413604, User angle: 3.3683710217228837, Offset angle: 0.35254226078473455
Target angle: 1.630273531026095, distance: 543.6079830749264, angle diff: 1.7380974906967888, rotation direction: -1
Basic rotation angle: 0.0, rotation gain: 0.003721856159563234
Rotation gain: 1.24, direction: -1, curvature radius: 2500000
{'type': 'running', 'physical': {'user_x': 426.4514081244576, 'user_y': 44.1685131502142, 'user_direction': 3.3472070005588623}, 'virtual': {'user_x': 1687.0733013171998, 'user_y': 7773.167500102673, 'user_direction': 2.7548401703926415}, 'user_v': 0, 'user_w': 0.1, 'delta_t': 0.02, 'need_reset': False}
Tangent angle: 1.2681552810604977, User angle: 3.3472070005588623, Offset angle: 0.35060745488590467
Target angle: 1.6187627359464023, distance: 546.8708764558845, angle diff: 1.72844426461246, rotation direction: -1
Basic rotation angle: 0.0, rotation gain: 0.0032738558551184084
Rotation gain: 1.24, direction: -1, curvature radius: 2500000
{'type': 'running', 'physical': {'user_x': 426.4514081244576, 'user_y': 44.1685131502142, 'user_direction': 3.427852161849185}, 'virtual': {'user_x': 1687.0733013171998, 'user_y': 7773.167500102673, 'user_direction': 2.8548401703926416}, 'user_v': 0, 'user_w': 0.1, 'delta_t': 0.02, 'need_reset': False}
Tangent angle: 1.2681552810604977, User angle: 3.427852161849185, Offset angle: 0.35060745488590467
Target angle: 1.6187627359464023, distance: 546.8708764558845, angle diff: 1.8090894259027825, rotation direction: -1
Basic rotation angle: 0.0, rotation gain: 0.0028818555887291856
Rotation gain: 1.24, direction: -1, curvature radius: 2500000
{'type': 'running', 'physical': {'user_x': 426.4514081244576, 'user_y': 44.1685131502142, 'user_direction': 3.5084973231395074}, 'virtual': {'user_x': 1687.0733013171998, 'user_y': 7773.167500102673, 'user_direction': 2.9548401703926417}, 'user_v': 0, 'user_w': 0.1, 'delta_t': 0.02, 'need_reset': False}
Tangent angle: 1.2681552810604977, User angle: 3.5084973231395074, Offset angle: 0.35060745488590467
Target angle: 1.6187627359464023, distance: 546.8708764558845, angle diff: 1.889734587193105, rotation direction: -1
Basic rotation angle: 0.0, rotation gain: 0.002538855355638616
Rotation gain: 1.24, direction: -1, curvature radius: 2500000
{'type': 'running', 'physical': {'user_x': 426.4514081244576, 'user_y': 44.1685131502142, 'user_direction': 3.58914248442983}, 'virtual': {'user_x': 1687.0733013171998, 'user_y': 7773.167500102673, 'user_direction': 3.0548401703926418}, 'user_v': 0, 'user_w': 0.1, 'delta_t': 0.02, 'need_reset': False}
Tangent angle: 1.2681552810604977, User angle: 3.58914248442983, Offset angle: 0.35060745488590467
Target angle: 1.6187627359464023, distance: 546.8708764558845, angle diff: 1.9703797484834276, rotation direction: -1
Basic rotation angle: 0.0, rotation gain: 0.0022387301516843673
Rotation gain: 1.24, direction: -1, curvature radius: 2500000
{'type': 'running', 'physical': {'user_x': 426.4514081244576, 'user_y': 44.1685131502142, 'user_direction': 3.6697876457201524}, 'virtual': {'user_x': 1687.0733013171998, 'user_y': 7773.167500102673, 'user_direction': -3.1283451367869444}, 'user_v': 0, 'user_w': 0.1, 'delta_t': 0.02, 'need_reset': False}
Tangent angle: 1.2681552810604977, User angle: 3.6697876457201524, Offset angle: 0.35060745488590467
Target angle: 1.6187627359464023, distance: 546.8708764558845, angle diff: 2.05102490977375, rotation direction: -1
Basic rotation angle: 0.0, rotation gain: 0.0019761205982243998
Rotation gain: 1.24, direction: -1, curvature radius: 2500000
{'type': 'running', 'physical': {'user_x': 426.4514081244576, 'user_y': 44.1685131502142, 'user_direction': 3.750432807010475}, 'virtual': {'user_x': 1687.0733013171998, 'user_y': 7773.167500102673, 'user_direction': -3.0283451367869443}, 'user_v': 0, 'user_w': 0.1, 'delta_t': 0.02, 'need_reset': False}
Tangent angle: 1.2681552810604977, User angle: 3.750432807010475, Offset angle: 0.35060745488590467
Target angle: 1.6187627359464023, distance: 546.8708764558845, angle diff: 2.1316700710640726, rotation direction: -1
Basic rotation angle: 0.0, rotation gain: 0.0017463372389469281
Rotation gain: 1.24, direction: -1, curvature radius: 2500000
{'type': 'running', 'physical': {'user_x': 426.4514081244576, 'user_y': 44.1685131502142, 'user_direction': 3.8310779683007974}, 'virtual': {'user_x': 1687.0733013171998, 'user_y': 7773.167500102673, 'user_direction': -2.928345136786944}, 'user_v': 0, 'user_w': 0.1, 'delta_t': 0.02, 'need_reset': False}
Tangent angle: 1.2681552810604977, User angle: 3.8310779683007974, Offset angle: 0.35060745488590467
Target angle: 1.6187627359464023, distance: 546.8708764558845, angle diff: 2.212315232354395, rotation direction: -1
Basic rotation angle: 0.0, rotation gain: 0.0015452767995791405
Rotation gain: 1.24, direction: -1, curvature radius: 2500000
{'type': 'running', 'physical': {'user_x': 426.4514081244576, 'user_y': 44.1685131502142, 'user_direction': 3.91172312959112}, 'virtual': {'user_x': 1687.0733013171998, 'user_y': 7773.167500102673, 'user_direction': -2.828345136786944}, 'user_v': 0, 'user_w': 0.1, 'delta_t': 0.02, 'need_reset': False}
Tangent angle: 1.2681552810604977, User angle: 3.91172312959112, Offset angle: 0.35060745488590467
Target angle: 1.6187627359464023, distance: 546.8708764558845, angle diff: 2.2929603936447176, rotation direction: -1
Basic rotation angle: 0.0, rotation gain: 0.0013693489151323263
Rotation gain: 1.24, direction: -1, curvature radius: 2500000
{'type': 'running', 'physical': {'user_x': 426.4514081244576, 'user_y': 44.1685131502142, 'user_direction': 3.9923682908814424}, 'virtual': {'user_x': 1687.0733013171998, 'user_y': 7773.167500102673, 'user_direction': -2.728345136786944}, 'user_v': 0, 'user_w': 0.1, 'delta_t': 0.02, 'need_reset': False}
Tangent angle: 1.2681552810604977, User angle: 3.9923682908814424, Offset angle: 0.35060745488590467
Target angle: 1.6187627359464023, distance: 546.8708764558845, angle diff: 2.37360555493504, rotation direction: -1
Basic rotation angle: 0.0, rotation gain: 0.0012154120162413639
Rotation gain: 1.24, direction: -1, curvature radius: 2500000
{'type': 'running', 'physical': {'user_x': 426.4514081244576, 'user_y': 44.1685131502142, 'user_direction': 4.073013452171765}, 'virtual': {'user_x': 1687.0733013171998, 'user_y': 7773.167500102673, 'user_direction': -2.628345136786944}, 'user_v': 0, 'user_w': 0.1, 'delta_t': 0.02, 'need_reset': False}
Tangent angle: 1.2681552810604977, User angle: 4.073013452171765, Offset angle: 0.35060745488590467
Target angle: 1.6187627359464023, distance: 546.8708764558845, angle diff: 2.454250716225363, rotation direction: -1
Basic rotation angle: 0.0, rotation gain: 0.0010807172297117719
Rotation gain: 1.24, direction: -1, curvature radius: 2500000
{'type': 'running', 'physical': {'user_x': 426.4514081244576, 'user_y': 44.1685131502142, 'user_direction': 4.153658613462088}, 'virtual': {'user_x': 1687.0733013171998, 'user_y': 7773.167500102673, 'user_direction': -2.528345136786944}, 'user_v': 0, 'user_w': 0.1, 'delta_t': 0.02, 'need_reset': False}
Tangent angle: 1.2681552810604977, User angle: 4.153658613462088, Offset angle: 0.35060745488590467
Target angle: 1.6187627359464023, distance: 546.8708764558845, angle diff: 2.534895877515686, rotation direction: -1
Basic rotation angle: 0.0, rotation gain: 0.0009628592914983788
Rotation gain: 1.24, direction: -1, curvature radius: 2500000
{'type': 'running', 'physical': {'user_x': 426.4514081244576, 'user_y': 44.1685131502142, 'user_direction': 4.234303774752411}, 'virtual': {'user_x': 1687.0733013171998, 'user_y': 7773.167500102673, 'user_direction': -2.4283451367869437}, 'user_v': 0, 'user_w': 0.1, 'delta_t': 0.02, 'need_reset': False}
Tangent angle: 1.2681552810604977, User angle: 4.234303774752411, Offset angle: 0.35060745488590467
Target angle: 1.6187627359464023, distance: 546.8708764558845, angle diff: 2.615541038806009, rotation direction: -1
Basic rotation angle: 0.0, rotation gain: 0.0008597335955616598
Rotation gain: 1.24, direction: -1, curvature radius: 2500000
{'type': 'running', 'physical': {'user_x': 426.4514081244576, 'user_y': 44.1685131502142, 'user_direction': 4.314948936042734}, 'virtual': {'user_x': 1687.0733013171998, 'user_y': 7773.167500102673, 'user_direction': -2.3283451367869437}, 'user_v': 0, 'user_w': 0.1, 'delta_t': 0.02, 'need_reset': False}
Tangent angle: 1.2681552810604977, User angle: 4.314948936042734, Offset angle: 0.35060745488590467
Target angle: 1.6187627359464023, distance: 546.8708764558845, angle diff: 2.696186200096332, rotation direction: -1
Basic rotation angle: 0.0, rotation gain: 0.0007694986116170308
Rotation gain: 1.24, direction: -1, curvature radius: 2500000
{'type': 'running', 'physical': {'user_x': 426.4514081244576, 'user_y': 44.1685131502142, 'user_direction': 4.395594097333057}, 'virtual': {'user_x': 1687.0733013171998, 'user_y': 7773.167500102673, 'user_direction': -2.2283451367869436}, 'user_v': 0, 'user_w': 0.1, 'delta_t': 0.02, 'need_reset': False}
Tangent angle: 1.2681552810604977, User angle: 4.395594097333057, Offset angle: 0.35060745488590467
Target angle: 1.6187627359464023, distance: 546.8708764558845, angle diff: 2.776831361386655, rotation direction: -1
Basic rotation angle: 0.0, rotation gain: 0.0006905430006654803
Rotation gain: 1.24, direction: -1, curvature radius: 2500000
{'type': 'running', 'physical': {'user_x': 426.4514081244576, 'user_y': 44.1685131502142, 'user_direction': 4.47623925862338}, 'virtual': {'user_x': 1687.0733013171998, 'user_y': 7773.167500102673, 'user_direction': -2.1283451367869435}, 'user_v': 0, 'user_w': 0.1, 'delta_t': 0.02, 'need_reset': False}
Tangent angle: 1.2681552810604977, User angle: 4.47623925862338, Offset angle: 0.35060745488590467
Target angle: 0.9175478261745926, distance: 546.8708764558845, angle diff: 2.7244938747307987, rotation direction: 1
Basic rotation angle: 0.0, rotation gain: 0.0006149918399725685
Rotation gain: 1.24, direction: 1, curvature radius: 2500000
{'type': 'running', 'physical': {'user_x': 426.4514081244576, 'user_y': 44.1685131502142, 'user_direction': 4.556884419913703}, 'virtual': {'user_x': 1687.0733013171998, 'user_y': 7773.167500102673, 'user_direction': -2.0283451367869434}, 'user_v': 0, 'user_w': 0.1, 'delta_t': 0.02, 'need_reset': False}
Tangent angle: 1.2681552810604977, User angle: 4.556884419913703, Offset angle: 0.35060745488590467
Target angle: 0.9175478261745926, distance: 546.8708764558845, angle diff: 2.643848713440476, rotation direction: 1
Basic rotation angle: 0.0, rotation gain: 0.0005488845743662705
Rotation gain: 1.24, direction: 1, curvature radius: 2500000
{'type': 'running', 'physical': {'user_x': 426.4514081244576, 'user_y': 44.1685131502142, 'user_direction': 4.637529581204026}, 'virtual': {'user_x': 1687.0733013171998, 'user_y': 7773.167500102673, 'user_direction': -1.9283451367869433}, 'user_v': 0, 'user_w': 0.1, 'delta_t': 0.02, 'need_reset': False}
Tangent angle: 1.2681552810604977, User angle: 4.637529581204026, Offset angle: 0.35060745488590467
Target angle: 0.9175478261745926, distance: 546.8708764558845, angle diff: 2.563203552150153, rotation direction: 1
Basic rotation angle: 0.0, rotation gain: 0.0004910407169607597
Rotation gain: 1.24, direction: 1, curvature radius: 2500000
{'type': 'running', 'physical': {'user_x': 426.4514081244576, 'user_y': 44.1685131502142, 'user_direction': 4.718174742494349}, 'virtual': {'user_x': 1687.0733013171998, 'user_y': 7773.167500102673, 'user_direction': -1.8283451367869432}, 'user_v': 0, 'user_w': 0.1, 'delta_t': 0.02, 'need_reset': False}
Tangent angle: 1.2681552810604977, User angle: 4.718174742494349, Offset angle: 0.35060745488590467
Target angle: 0.9175478261745926, distance: 546.8708764558845, angle diff: 2.48255839085983, rotation direction: 1
Basic rotation angle: 0.0, rotation gain: 0.00044042734173093783
Rotation gain: 1.24, direction: 1, curvature radius: 2500000
{'type': 'running', 'physical': {'user_x': 426.4514081244576, 'user_y': 44.1685131502142, 'user_direction': 4.798819903784672}, 'virtual': {'user_x': 1687.0733013171998, 'user_y': 7773.167500102673, 'user_direction': -1.7283451367869431}, 'user_v': 0, 'user_w': 0.1, 'delta_t': 0.02, 'need_reset': False}
Tangent angle: 1.2681552810604977, User angle: 4.798819903784672, Offset angle: 0.35060745488590467
Target angle: 0.9175478261745926, distance: 546.8708764558845, angle diff: 2.401913229569507, rotation direction: 1
Basic rotation angle: 0.0, rotation gain: 0.00039614063840484365
Rotation gain: 1.24, direction: 1, curvature radius: 2500000
{'type': 'running', 'physical': {'user_x': 426.4514081244576, 'user_y': 44.1685131502142, 'user_direction': 4.879465065074995}, 'virtual': {'user_x': 1687.0733013171998, 'user_y': 7773.167500102673, 'user_direction': -1.6069972814690567}, 'user_v': 7.999999999999999, 'user_w': 0, 'delta_t': 0.02, 'need_reset': False}
Tangent angle: 1.2681552810604977, User angle: 4.879465065074995, Offset angle: 0.35060745488590467
Target angle: 0.9175478261745926, distance: 546.8708764558845, angle diff: 2.321268068279184, rotation direction: 1
Basic rotation angle: 1.693121693121693, rotation gain: 0.0006696244903124304
Rotation gain: 1.24, direction: 1, curvature radius: 7.5
{'type': 'running', 'physical': {'user_x': 426.4514081244576, 'user_y': 44.1685131502142, 'user_direction': 4.960110226365318}, 'virtual': {'user_x': 1686.783756931237, 'user_y': 7765.172741566697, 'user_direction': -1.6069972814690567}, 'user_v': 7.999999999999999, 'user_w': 0, 'delta_t': 0.02, 'need_reset': False}
Tangent angle: 1.2681552810604977, User angle: 4.960110226365318, Offset angle: 0.35060745488590467
Target angle: 0.9175478261745926, distance: 546.8708764558845, angle diff: 2.240622906988861, rotation direction: 1
Basic rotation angle: 1.693121693121693, rotation gain: 0.0009089228607315688
Rotation gain: 1.24, direction: 1, curvature radius: 7.5
{'type': 'running', 'physical': {'user_x': 428.13811875368924, 'user_y': 38.047448821354465, 'user_direction': 4.981274247529339}, 'virtual': {'user_x': 1686.494212545274, 'user_y': 7757.177983030721, 'user_direction': -1.6069972814690572}, 'user_v': 7.999999999999999, 'user_w': 0, 'delta_t': 0.02, 'need_reset': False}
Tangent angle: 1.273999637617976, User angle: 4.981274247529339, Offset angle: 0.34727981195941865
Target angle: 0.9267198256585569, distance: 552.5641826989054, angle diff: 2.228630885308804, rotation direction: 1
Basic rotation angle: 1.693121693121693, rotation gain: 0.0011212414931104277
Rotation gain: 1.24, direction: 1, curvature radius: 7.5
{'type': 'running', 'physical': {'user_x': 429.9539883091013, 'user_y': 31.963450216610223, 'user_direction': 5.002438268693361}, 'virtual': {'user_x': 1686.204668159311, 'user_y': 7749.183224494745, 'user_direction': -1.6069972814690578}, 'user_v': 7.999999999999999, 'user_w': 0, 'delta_t': 0.02, 'need_reset': False}
Tangent angle: 1.279929069500714, User angle: 5.002438268693361, Offset angle: 0.3440480441545141
Target angle: 0.9358810253462, distance: 558.1945610464139, angle diff: 2.2166280638324256, rotation direction: 1
Basic rotation angle: 1.693121693121693, rotation gain: 0.0013099407413934598
Rotation gain: 1.24, direction: 1, curvature radius: 7.5
{'type': 'running', 'physical': {'user_x': 431.89820346440314, 'user_y': 25.91924235331689, 'user_direction': 5.023602289857382}, 'virtual': {'user_x': 1685.915123773348, 'user_y': 7741.1884659587695, 'user_direction': -1.6069972814690585}, 'user_v': 7.999999999999999, 'user_w': 0, 'delta_t': 0.02, 'need_reset': False}
Tangent angle: 1.28594048718464, User angle: 5.023602289857382, Offset angle: 0.3409090461972476
Target angle: 0.9450314409873926, distance: 563.7614125662423, angle diff: 2.204614458309597, rotation direction: 1
Basic rotation angle: 1.693121693121693, rotation gain: 0.001477960873474273
Rotation gain: 1.24, direction: 1, curvature radius: 7.5
{'type': 'running', 'physical': {'user_x': 433.96989340742886, 'user_y': 19.917532426573658, 'user_direction': 5.044766311021403}, 'virtual': {'user_x': 1685.625579387385, 'user_y': 7733.1937074227935, 'user_direction': -1.6069972814690578}, 'user_v': 7.999999999999999, 'user_w': 0, 'delta_t': 0.02, 'need_reset': False}
Tangent angle: 1.2920309314617469, User angle: 5.044766311021403, Offset angle: 0.3378598526827882
Target angle: 0.954171078778959, distance: 569.2641438569759, angle diff: 2.192590074937142, rotation direction: 1
Basic rotation angle: 1.693121693121693, rotation gain: 0.0016278745796108264
Rotation gain: 1.24, direction: 1, curvature radius: 7.5
{'type': 'running', 'physical': {'user_x': 436.1681302301734, 'user_y': 13.96100859669334, 'user_direction': 5.065930332185425}, 'virtual': {'user_x': 1685.3360350014218, 'user_y': 7725.198948886818, 'user_direction': -1.6069972814690585}, 'user_v': 7.999999999999999, 'user_w': 0, 'delta_t': 0.02, 'need_reset': False}
Tangent angle: 1.2981975666171008, User angle: 5.065930332185425, Offset angle: 0.3348976308244
Target angle: 0.9632999357927012, distance: 574.7021672112281, angle diff: 2.1805549107868627, rotation direction: 1
Basic rotation angle: 1.693121693121693, rotation gain: 0.0017619329174666655
Rotation gain: 1.24, direction: 1, curvature radius: 7.5
{'type': 'running', 'physical': {'user_x': 438.49192934440157, 'user_y': 8.052338785177845, 'user_direction': 5.087094353349446}, 'virtual': {'user_x': 1685.0464906154589, 'user_y': 7717.204190350842, 'user_direction': -1.6069972814690578}, 'user_v': 7.999999999999999, 'user_w': 0, 'delta_t': 0.02, 'need_reset': False}
Tangent angle: 1.3044376740053287, User angle: 5.087094353349446, Offset angle: 0.3320196736388849
Target angle: 0.972418000366444, distance: 580.0749007710915, angle diff: 2.168508954196584, rotation direction: 1
Basic rotation angle: 1.693121693121693, rotation gain: 0.001882105514186814
Rotation gain: 1.24, direction: 1, curvature radius: 7.5
{'type': 'running', 'physical': {'user_x': 440.94024992264417, 'user_y': 2.194169479758619, 'user_direction': 5.1082583745134675}, 'virtual': {'user_x': 1684.7569462294957, 'user_y': 7709.209431814866, 'user_direction': -1.6069972814690587}, 'user_v': 7.999999999999999, 'user_w': 0, 'delta_t': 0.02, 'need_reset': False}
Tangent angle: 1.3107486460008357, User angle: 5.1082583745134675, Offset angle: 0.32922339353970415
Target angle: 0.9815252524611315, distance: 585.3817686763624, angle diff: 2.1564521851272502, rotation direction: 1
Basic rotation angle: 1.693121693121693, rotation gain: 0.001990115743366999
Rotation gain: 1.24, direction: 1, curvature radius: 7.5
{'type': 'running', 'physical': {'user_x': 440.94024992264417, 'user_y': 2.194169479758619, 'user_direction': 5.1082583745134675}, 'virtual': {'user_x': 1684.4674018435328, 'user_y': 7701.21467327889, 'user_direction': -1.606997281469058}, 'user_v': 7.999999999999999, 'user_w': 0, 'delta_t': 0.02, 'need_reset': True}
{'type': 'running', 'physical': {'user_x': 440.94024992264417, 'user_y': 2.194169479758619, 'user_direction': 1.9666657209236753}, 'virtual': {'user_x': 1684.1778574575696, 'user_y': 7693.219914742914, 'user_direction': -1.606997281469059}, 'user_v': 7.999999999999999, 'user_w': 0, 'delta_t': 0.02, 'need_reset': False}
Tangent angle: 1.3107486460008357, User angle: 1.9666657209236753, Offset angle: 0.32922339353970415
Target angle: 1.63997203954054, distance: 585.3817686763624, angle diff: 0.32669368138313537, rotation direction: -1
Basic rotation angle: 1.693121693121693, rotation gain: 0.0022630547449629277
Rotation gain: 1.24, direction: -1, curvature radius: 7.5
{'type': 'running', 'physical': {'user_x': 438.616450808416, 'user_y': 8.10283929127411, 'user_direction': 1.9455016997596541}, 'virtual': {'user_x': 1683.8883130716065, 'user_y': 7685.225156206938, 'user_direction': -1.606997281469058}, 'user_v': 7.999999999999999, 'user_w': 0, 'delta_t': 0.02, 'need_reset': False}
Tangent angle: 1.304611817273239, User angle: 1.9455016997596541, Offset angle: 0.332065468839584
Target angle: 1.636677286112823, distance: 579.9887057561756, angle diff: 0.3088244136468312, rotation direction: -1
Basic rotation angle: 1.693121693121693, rotation gain: 0.0025011430270599566
Rotation gain: 1.24, direction: -1, curvature radius: 7.5
{'type': 'running', 'physical': {'user_x': 436.4182139856714, 'user_y': 14.059363121154425, 'user_direction': 1.924337678595633}, 'virtual': {'user_x': 1683.5987686856436, 'user_y': 7677.230397670962, 'user_direction': -1.6069972814690572}, 'user_v': 7.999999999999999, 'user_w': 0, 'delta_t': 0.02, 'need_reset': False}
Tangent angle: 1.298549946059394, User angle: 1.924337678595633, Offset angle: 0.33499031420686465
Target angle: 1.6335402602662585, distance: 574.530617688583, angle diff: 0.29079741832937445, rotation direction: -1
Basic rotation angle: 1.693121693121693, rotation gain: 0.002708770373529656
Rotation gain: 1.24, direction: -1, curvature radius: 7.5
{'type': 'running', 'physical': {'user_x': 434.3465240426456, 'user_y': 20.06107304789765, 'user_direction': 1.9031736574316118}, 'virtual': {'user_x': 1683.3092242996804, 'user_y': 7669.235639134986, 'user_direction': -1.6069972814690583}, 'user_v': 7.999999999999999, 'user_w': 0, 'delta_t': 0.02, 'need_reset': False}
Tangent angle: 1.2925657933957937, User angle: 1.9031736574316118, Offset angle: 0.33800056127215583
Target angle: 1.6305663546679496, distance: 569.0081133789831, angle diff: 0.2726073027636622, rotation direction: -1
Basic rotation angle: 1.693121693121693, rotation gain: 0.0028897792991554334
Rotation gain: 1.24, direction: -1, curvature radius: 7.5
{'type': 'running', 'physical': {'user_x': 432.4023088873438, 'user_y': 26.10528091119098, 'user_direction': 1.8820096362675907}, 'virtual': {'user_x': 1683.0196799137175, 'user_y': 7661.24088059901, 'user_direction': -1.6069972814690572}, 'user_v': 7.999999999999999, 'user_w': 0, 'delta_t': 0.02, 'need_reset': False}
Tangent angle: 1.286662238362205, User angle: 1.8820096362675907, Offset angle: 0.34109896233080755
Target angle: 1.6277612006930127, distance: 563.4218088291544, angle diff: 0.254248435574578, rotation direction: -1
Basic rotation angle: 1.693121693121693, rotation gain: 0.0030475335088790342
Rotation gain: 1.24, direction: -1, curvature radius: 7.5
{'type': 'running', 'physical': {'user_x': 430.58643933193173, 'user_y': 32.18927951593522, 'user_direction': 1.8608456151035695}, 'virtual': {'user_x': 1682.7301355277543, 'user_y': 7653.246122063034, 'user_direction': -1.6069972814690585}, 'user_v': 7.999999999999999, 'user_w': 0, 'delta_t': 0.02, 'need_reset': False}
Tangent angle: 1.2808422844970764, User angle: 1.8608456151035695, Offset angle: 0.34428839674326656
Target angle: 1.625130681240343, distance: 557.7723270608411, angle diff: 0.2357149338632265, rotation direction: -1
Basic rotation angle: 1.693121693121693, rotation gain: 0.0031849778016164966
Rotation gain: 1.24, direction: -1, curvature radius: 7.5
{'type': 'running', 'physical': {'user_x': 428.89972870270003, 'user_y': 38.31034384479496, 'user_direction': 1.8396815939395483}, 'virtual': {'user_x': 1682.4405911417914, 'user_y': 7645.251363527058, 'user_direction': -1.6069972814690572}, 'user_v': 7.999999999999999, 'user_w': 0, 'delta_t': 0.02, 'need_reset': False}
Tangent angle: 1.275109066606351, User angle: 1.8396815939395483, Offset angle: 0.34757187773298515
Target angle: 1.622680944339336, distance: 552.0602980379608, angle diff: 0.21700064960021237, rotation direction: -1
Basic rotation angle: 1.693121693121693, rotation gain: 0.0033046904881326626
Rotation gain: 1.24, direction: -1, curvature radius: 7.5
{'type': 'running', 'physical': {'user_x': 427.342932475776, 'user_y': 44.465732278731316, 'user_direction': 1.8185175727755272}, 'virtual': {'user_x': 1682.1510467558282, 'user_y': 7637.256604991082, 'user_direction': -1.6069972814690587}, 'user_v': 7.999999999999999, 'user_w': 0, 'delta_t': 0.02, 'need_reset': False}
Tangent angle: 1.2694658579922902, User angle: 1.8185175727755272, Offset angle: 0.35095255960872296
Target angle: 1.6204184176010132, distance: 546.2863585873902, angle diff: 0.19809915517451393, rotation direction: -1
Basic rotation angle: 1.693121693121693, rotation gain: 0.0034089292587749006
Rotation gain: 1.24, direction: -1, curvature radius: 7.5
{'type': 'running', 'physical': {'user_x': 425.91674793874665, 'user_y': 50.65268782497056, 'user_direction': 1.797353551611506}, 'virtual': {'user_x': 1681.8615023698653, 'user_y': 7629.261846455106, 'user_direction': -1.6069972814690574}, 'user_v': 7.999999999999999, 'user_w': 0, 'delta_t': 0.02, 'need_reset': False}
Tangent angle: 1.2639160781307552, User angle: 1.797353551611506, Offset angle: 0.35443374543995065
Target angle: 1.618349823570706, distance: 540.4511523182748, angle diff: 0.17900372804080011, rotation direction: -1
Basic rotation angle: 1.693121693121693, rotation gain: 0.003499671319888426
Rotation gain: 1.24, direction: -1, curvature radius: 7.5
{'type': 'running', 'physical': {'user_x': 424.621813878344, 'user_y': 56.86843935185864, 'user_direction': 1.7761895304474848}, 'virtual': {'user_x': 1681.5719579839022, 'user_y': 7621.26708791913, 'user_direction': -1.6069972814690592}, 'user_v': 7.999999999999999, 'user_w': 0, 'delta_t': 0.02, 'need_reset': False}
Tangent angle: 1.25846330082734, User angle: 1.7761895304474848, Offset angle: 0.3580188952160526
Target angle: 1.6164821960433926, distance: 534.5553295398034, angle diff: 0.15970733440409224, rotation direction: -1
Basic rotation angle: 1.693121693121693, rotation gain: 0.0035786485153784975
Rotation gain: 1.24, direction: -1, curvature radius: 7.5
{'type': 'running', 'physical': {'user_x': 423.45871029433346, 'user_y': 63.110202830048436, 'user_direction': 1.7550255092834637}, 'virtual': {'user_x': 1681.2824135979392, 'user_y': 7613.272329383154, 'user_direction': -1.6069972814690574}, 'user_v': 7.999999999999999, 'user_w': 0, 'delta_t': 0.02, 'need_reset': False}
Tangent angle: 1.2531112628848213, User angle: 1.7550255092834637, Offset angle: 0.361711634522129
Target angle: 1.6148228974069503, distance: 528.5995471773806, angle diff: 0.1402026118765134, rotation direction: -1
Basic rotation angle: 1.693121693121693, rotation gain: 0.0036473780603209563
Rotation gain: 1.24, direction: -1, curvature radius: 7.5
{'type': 'running', 'physical': {'user_x': 422.4279581397321, 'user_y': 69.37518257946398, 'user_direction': 1.7338614881194425}, 'virtual': {'user_x': 1680.992869211976, 'user_y': 7605.277570847178, 'user_direction': -1.6069972814690598}, 'user_v': 7.999999999999999, 'user_w': 0, 'delta_t': 0.02, 'need_reset': False}
Tangent angle: 1.2478638733165683, User angle: 1.7338614881194425, Offset angle: 0.3655157637664278
Target angle: 1.6133796370829963, distance: 522.5844686871224, angle diff: 0.12048185103644626, rotation direction: -1
Basic rotation angle: 1.693121693121693, rotation gain: 0.003707189435152732
Rotation gain: 1.24, direction: -1, curvature radius: 7.5
{'type': 'running', 'physical': {'user_x': 421.53001908747444, 'user_y': 75.66057252148292, 'user_direction': 1.7126974669554214}, 'virtual': {'user_x': 1680.7033248260132, 'user_y': 7597.282812311202, 'user_direction': -1.6069972814690574}, 'user_v': 7.999999999999999, 'user_w': 0, 'delta_t': 0.02, 'need_reset': False}
Tangent angle: 1.2427252231428636, User angle: 1.7126974669554214, Offset angle: 0.3694352679967846
Target angle: 1.6121604911396483, distance: 516.5107639685899, angle diff: 0.10053697581577303, rotation direction: -1
Basic rotation angle: 1.693121693121693, rotation gain: 0.003759247920398466
Rotation gain: 1.24, direction: -1, curvature radius: 7.5
{'type': 'running', 'physical': {'user_x': 420.7652953236297, 'user_y': 81.96355743577656, 'user_direction': 1.6915334457914002}, 'virtual': {'user_x': 1680.41378044005, 'user_y': 7589.288053775226, 'user_direction': -1.6069972814690614}, 'user_v': 7.999999999999999, 'user_w': 0, 'delta_t': 0.02, 'need_reset': False}
Tangent angle: 1.2376995958094894, User angle: 1.6915334457914002, Offset angle: 0.3734743273459207
Target angle: 1.61117392315541, distance: 510.3791092756654, angle diff: 0.08035952263599011, rotation direction: -1
Basic rotation angle: 1.693121693121693, rotation gain: 0.0038045751918837313
Rotation gain: 1.24, direction: -1, curvature radius: 7.5
{'type': 'running', 'physical': {'user_x': 420.13412936726274, 'user_y': 88.28131422124446, 'user_direction': 1.670369424627379}, 'virtual': {'user_x': 1680.124236054087, 'user_y': 7581.29329523925, 'user_direction': -1.6069972814690576}, 'user_v': 7.999999999999999, 'user_w': 0, 'delta_t': 0.02, 'need_reset': False}
Tangent angle: 1.232791478270469, User angle: 1.670369424627379, Offset angle: 0.37763732814803325
Target angle: 1.6104288064185022, distance: 504.1901871254629, angle diff: 0.05994061820887686, rotation direction: -1
Basic rotation angle: 1.693121693121693, rotation gain: 0.0038440673438778295
Rotation gain: 1.24, direction: -1, curvature radius: 7.5
{'type': 'running', 'physical': {'user_x': 419.6368039170205, 'user_y': 94.61101316047873, 'user_direction': 1.6492054034633579}, 'virtual': {'user_x': 1679.834691668124, 'user_y': 7573.298536703274, 'user_direction': -1.6069972814690672}, 'user_v': 7.999999999999999, 'user_w': 0, 'delta_t': 0.02, 'need_reset': False}
Tangent angle: 1.228005572779467, User angle: 1.6492054034633579, Offset angle: 0.3819288747718115
Target angle: 1.6099344475512785, distance: 497.9446862051499, angle diff: 0.03927095591207941, rotation direction: -1
Basic rotation angle: 1.693121693121693, rotation gain: 0.003878510661662145
Rotation gain: 1.24, direction: -1, curvature radius: 7.5
{'type': 'running', 'physical': {'user_x': 419.27354172451095, 'user_y': 100.94981918719192, 'user_direction': 1.6280413822993367}, 'virtual': {'user_x': 1679.672340569021, 'user_y': 7568.815777242883, 'user_direction': -1.6069972814690672}, 'user_v': 0, 'user_w': 0.1, 'delta_t': 0.02, 'need_reset': False}
Tangent angle: 1.2233468094370683, User angle: 1.6280413822993367, Offset angle: 0.38635380221780197
Target angle: 1.6097006116548702, distance: 491.643301276544, angle diff: 0.018340770644466486, rotation direction: -1
Basic rotation angle: 0.0, rotation gain: 0.003410860115482995
Rotation gain: 1.24, direction: -1, curvature radius: 2500000
{'type': 'running', 'physical': {'user_x': 419.0445054945335, 'user_y': 107.2948931560405, 'user_direction': 1.6068773611353155}, 'virtual': {'user_x': 1679.672340569021, 'user_y': 7568.815777242883, 'user_direction': -1.506997281469067}, 'user_v': 0, 'user_w': 0.1, 'delta_t': 0.02, 'need_reset': False}
Tangent angle: 1.2188203595439422, User angle: 1.6068773611353155, Offset angle: 0.39091718953092347
Target angle: 1.6097375490748655, distance: 485.286733078327, angle diff: 0.0028601879395500074, rotation direction: 1
Basic rotation angle: 0.0, rotation gain: 0.0030016661674006455
Rotation gain: 1.24, direction: 1, curvature radius: 2500000
{'type': 'running', 'physical': {'user_x': 419.0445054945335, 'user_y': 107.2948931560405, 'user_direction': 1.687522522425638}, 'virtual': {'user_x': 1679.672340569021, 'user_y': 7568.815777242883, 'user_direction': -1.406997281469067}, 'user_v': 0, 'user_w': 0.1, 'delta_t': 0.02, 'need_reset': False}
Tangent angle: 1.2188203595439422, User angle: 1.687522522425638, Offset angle: 0.39091718953092347
Target angle: 1.6097375490748655, distance: 485.286733078327, angle diff: 0.0777849733507725, rotation direction: -1
Basic rotation angle: 0.0, rotation gain: 0.0026436214628285898
Rotation gain: 1.24, direction: -1, curvature radius: 2500000
{'type': 'running', 'physical': {'user_x': 419.0445054945335, 'user_y': 107.2948931560405, 'user_direction': 1.7681676837159606}, 'virtual': {'user_x': 1679.672340569021, 'user_y': 7568.815777242883, 'user_direction': -1.306997281469067}, 'user_v': 0, 'user_w': 0.1, 'delta_t': 0.02, 'need_reset': False}
Tangent angle: 1.2188203595439422, User angle: 1.7681676837159606, Offset angle: 0.39091718953092347
Target angle: 1.6097375490748655, distance: 485.286733078327, angle diff: 0.158430134641095, rotation direction: -1
Basic rotation angle: 0.0, rotation gain: 0.002330332346328041
Rotation gain: 1.24, direction: -1, curvature radius: 2500000
{'type': 'running', 'physical': {'user_x': 419.0445054945335, 'user_y': 107.2948931560405, 'user_direction': 1.848812845006283}, 'virtual': {'user_x': 1679.672340569021, 'user_y': 7568.815777242883, 'user_direction': -1.2069972814690668}, 'user_v': 0, 'user_w': 0.1, 'delta_t': 0.02, 'need_reset': False}
Tangent angle: 1.2188203595439422, User angle: 1.848812845006283, Offset angle: 0.39091718953092347
Target angle: 1.6097375490748655, distance: 485.286733078327, angle diff: 0.23907529593141752, rotation direction: -1
Basic rotation angle: 0.0, rotation gain: 0.002056204369390061
Rotation gain: 1.24, direction: -1, curvature radius: 2500000
{'type': 'running', 'physical': {'user_x': 419.0445054945335, 'user_y': 107.2948931560405, 'user_direction': 1.9294580062966056}, 'virtual': {'user_x': 1679.672340569021, 'user_y': 7568.815777242883, 'user_direction': -1.1069972814690667}, 'user_v': 0, 'user_w': 0.1, 'delta_t': 0.02, 'need_reset': False}
Tangent angle: 1.2188203595439422, User angle: 1.9294580062966056, Offset angle: 0.39091718953092347
Target angle: 1.6097375490748655, distance: 485.286733078327, angle diff: 0.31972045722174003, rotation direction: -1
Basic rotation angle: 0.0, rotation gain: 0.0018163423895693285
Rotation gain: 1.24, direction: -1, curvature radius: 2500000
{'type': 'running', 'physical': {'user_x': 419.0445054945335, 'user_y': 107.2948931560405, 'user_direction': 2.0101031675869283}, 'virtual': {'user_x': 1679.672340569021, 'user_y': 7568.815777242883, 'user_direction': -1.0069972814690666}, 'user_v': 0, 'user_w': 0.1, 'delta_t': 0.02, 'need_reset': False}
Tangent angle: 1.2188203595439422, User angle: 2.0101031675869283, Offset angle: 0.39091718953092347
Target angle: 1.6097375490748655, distance: 485.286733078327, angle diff: 0.40036561851206276, rotation direction: -1
Basic rotation angle: 0.0, rotation gain: 0.0016064631572261876
Rotation gain: 1.24, direction: -1, curvature radius: 2500000
{'type': 'running', 'physical': {'user_x': 419.0445054945335, 'user_y': 107.2948931560405, 'user_direction': 2.090748328877251}, 'virtual': {'user_x': 1679.672340569021, 'user_y': 7568.815777242883, 'user_direction': -0.9069972814690667}, 'user_v': 0, 'user_w': 0.1, 'delta_t': 0.02, 'need_reset': False}
Tangent angle: 1.2188203595439422, User angle: 2.090748328877251, Offset angle: 0.39091718953092347
Target angle: 1.6097375490748655, distance: 485.286733078327, angle diff: 0.48101077980238527, rotation direction: -1
Basic rotation angle: 0.0, rotation gain: 0.0014228188289259393
Rotation gain: 1.24, direction: -1, curvature radius: 2500000
{'type': 'running', 'physical': {'user_x': 419.0445054945335, 'user_y': 107.2948931560405, 'user_direction': 2.1713934901675733}, 'virtual': {'user_x': 1679.672340569021, 'user_y': 7568.815777242883, 'user_direction': -0.8069972814690667}, 'user_v': 0, 'user_w': 0.1, 'delta_t': 0.02, 'need_reset': False}
Tangent angle: 1.2188203595439422, User angle: 2.1713934901675733, Offset angle: 0.39091718953092347
Target angle: 1.6097375490748655, distance: 485.286733078327, angle diff: 0.5616559410927078, rotation direction: -1
Basic rotation angle: 0.0, rotation gain: 0.0012621300416632221
Rotation gain: 1.24, direction: -1, curvature radius: 2500000
{'type': 'running', 'physical': {'user_x': 419.0445054945335, 'user_y': 107.2948931560405, 'user_direction': 2.252038651457896}, 'virtual': {'user_x': 1679.672340569021, 'user_y': 7568.815777242883, 'user_direction': -0.7069972814690667}, 'user_v': 0, 'user_w': 0.1, 'delta_t': 0.02, 'need_reset': False}
Tangent angle: 1.2188203595439422, User angle: 2.252038651457896, Offset angle: 0.39091718953092347
Target angle: 1.6097375490748655, distance: 485.286733078327, angle diff: 0.6423011023830303, rotation direction: -1
Basic rotation angle: 0.0, rotation gain: 0.0011215273528083446
Rotation gain: 1.24, direction: -1, curvature radius: 2500000
{'type': 'running', 'physical': {'user_x': 419.0445054945335, 'user_y': 107.2948931560405, 'user_direction': 2.3326838127482183}, 'virtual': {'user_x': 1679.672340569021, 'user_y': 7568.815777242883, 'user_direction': -0.6069972814690667}, 'user_v': 0, 'user_w': 0.1, 'delta_t': 0.02, 'need_reset': False}
Tangent angle: 1.2188203595439422, User angle: 2.3326838127482183, Offset angle: 0.39091718953092347
Target angle: 1.6097375490748655, distance: 485.286733078327, angle diff: 0.7229462636733528, rotation direction: -1
Basic rotation angle: 0.0, rotation gain: 0.0009985000000603268
Rotation gain: 1.24, direction: -1, curvature radius: 2500000
{'type': 'running', 'physical': {'user_x': 419.0445054945335, 'user_y': 107.2948931560405, 'user_direction': 2.413328974038541}, 'virtual': {'user_x': 1679.672340569021, 'user_y': 7568.815777242883, 'user_direction': -0.5069972814690668}, 'user_v': 0, 'user_w': 0.1, 'delta_t': 0.02, 'need_reset': False}
Tangent angle: 1.2188203595439422, User angle: 2.413328974038541, Offset angle: 0.39091718953092347
Target angle: 1.6097375490748655, distance: 485.286733078327, angle diff: 0.8035914249636753, rotation direction: -1
Basic rotation angle: 0.0, rotation gain: 0.0008908510664058111
Rotation gain: 1.24, direction: -1, curvature radius: 2500000
{'type': 'running', 'physical': {'user_x': 419.0445054945335, 'user_y': 107.2948931560405, 'user_direction': 2.4939741353288634}, 'virtual': {'user_x': 1679.672340569021, 'user_y': 7568.815777242883, 'user_direction': -0.4069972814690668}, 'user_v': 0, 'user_w': 0.1, 'delta_t': 0.02, 'need_reset': False}
Tangent angle: 1.2188203595439422, User angle: 2.4939741353288634, Offset angle: 0.39091718953092347
Target angle: 1.6097375490748655, distance: 485.286733078327, angle diff: 0.8842365862539978, rotation direction: -1
Basic rotation angle: 0.0, rotation gain: 0.0007966582494581099
Rotation gain: 1.24, direction: -1, curvature radius: 2500000
{'type': 'running', 'physical': {'user_x': 419.0445054945335, 'user_y': 107.2948931560405, 'user_direction': 2.574619296619186}, 'virtual': {'user_x': 1679.672340569021, 'user_y': 7568.815777242883, 'user_direction': -0.3069972814690668}, 'user_v': 0, 'user_w': 0.1, 'delta_t': 0.02, 'need_reset': False}
Tangent angle: 1.2188203595439422, User angle: 2.574619296619186, Offset angle: 0.39091718953092347
Target angle: 1.6097375490748655, distance: 485.286733078327, angle diff: 0.9648817475443203, rotation direction: -1
Basic rotation angle: 0.0, rotation gain: 0.0007142395346288713
Rotation gain: 1.24, direction: -1, curvature radius: 2500000
{'type': 'running', 'physical': {'user_x': 419.0445054945335, 'user_y': 107.2948931560405, 'user_direction': 2.6552644579095084}, 'virtual': {'user_x': 1679.672340569021, 'user_y': 7568.815777242883, 'user_direction': -0.2069972814690668}, 'user_v': 0, 'user_w': 0.1, 'delta_t': 0.02, 'need_reset': False}
Tangent angle: 1.2188203595439422, User angle: 2.6552644579095084, Offset angle: 0.39091718953092347
Target angle: 1.6097375490748655, distance: 485.286733078327, angle diff: 1.0455269088346428, rotation direction: -1
Basic rotation angle: 0.0, rotation gain: 0.0006421231591532876
Rotation gain: 1.24, direction: -1, curvature radius: 2500000
{'type': 'running', 'physical': {'user_x': 419.0445054945335, 'user_y': 107.2948931560405, 'user_direction': 2.735909619199831}, 'virtual': {'user_x': 1679.672340569021, 'user_y': 7568.815777242883, 'user_direction': -0.10699728146906679}, 'user_v': 0, 'user_w': 0.1, 'delta_t': 0.02, 'need_reset': False}
Tangent angle: 1.2188203595439422, User angle: 2.735909619199831, Offset angle: 0.39091718953092347
Target angle: 1.6097375490748655, distance: 485.286733078327, angle diff: 1.1261720701249653, rotation direction: -1
Basic rotation angle: 0.0, rotation gain: 0.0005790213306121519
Rotation gain: 1.24, direction: -1, curvature radius: 2500000
{'type': 'running', 'physical': {'user_x': 419.0445054945335, 'user_y': 107.2948931560405, 'user_direction': 2.8165547804901534}, 'virtual': {'user_x': 1679.672340569021, 'user_y': 7568.815777242883, 'user_direction': -0.0069972814690667795}, 'user_v': 0, 'user_w': 0.1, 'delta_t': 0.02, 'need_reset': False}
Tangent angle: 1.2188203595439422, User angle: 2.8165547804901534, Offset angle: 0.39091718953092347
Target angle: 1.6097375490748655, distance: 485.286733078327, angle diff: 1.2068172314152878, rotation direction: -1
Basic rotation angle: 0.0, rotation gain: 0.0005238072306386581
Rotation gain: 1.24, direction: -1, curvature radius: 2500000
{'type': 'running', 'physical': {'user_x': 419.0445054945335, 'user_y': 107.2948931560405, 'user_direction': 2.897199941780476}, 'virtual': {'user_x': 1679.672340569021, 'user_y': 7568.815777242883, 'user_direction': 0.09300271853093323}, 'user_v': 0, 'user_w': 0.1, 'delta_t': 0.02, 'need_reset': False}
Tangent angle: 1.2188203595439422, User angle: 2.897199941780476, Offset angle: 0.39091718953092347
Target angle: 1.6097375490748655, distance: 485.286733078327, angle diff: 1.2874623927056104, rotation direction: -1
Basic rotation angle: 0.0, rotation gain: 0.000475494893161851
Rotation gain: 1.24, direction: -1, curvature radius: 2500000
{'type': 'running', 'physical': {'user_x': 419.0445054945335, 'user_y': 107.2948931560405, 'user_direction': 2.9778451030707984}, 'virtual': {'user_x': 1679.672340569021, 'user_y': 7568.815777242883, 'user_direction': 0.19300271853093323}, 'user_v': 0, 'user_w': 0.1, 'delta_t': 0.02, 'need_reset': False}
Tangent angle: 1.2188203595439422, User angle: 2.9778451030707984, Offset angle: 0.39091718953092347
Target angle: 1.6097375490748655, distance: 485.286733078327, angle diff: 1.3681075539959329, rotation direction: -1
Basic rotation angle: 0.0, rotation gain: 0.0004332215978696448
Rotation gain: 1.24, direction: -1, curvature radius: 2500000
{'type': 'running', 'physical': {'user_x': 419.0445054945335, 'user_y': 107.2948931560405, 'user_direction': 3.058490264361121}, 'virtual': {'user_x': 1679.672340569021, 'user_y': 7568.815777242883, 'user_direction': 0.29300271853093324}, 'user_v': 0, 'user_w': 0.1, 'delta_t': 0.02, 'need_reset': False}
Tangent angle: 1.2188203595439422, User angle: 3.058490264361121, Offset angle: 0.39091718953092347
Target angle: 1.6097375490748655, distance: 485.286733078327, angle diff: 1.4487527152862554, rotation direction: -1
Basic rotation angle: 0.0, rotation gain: 0.0003962324644889644
Rotation gain: 1.24, direction: -1, curvature radius: 2500000
{'type': 'running', 'physical': {'user_x': 419.0445054945335, 'user_y': 107.2948931560405, 'user_direction': 3.1391354256514434}, 'virtual': {'user_x': 1679.672340569021, 'user_y': 7568.815777242883, 'user_direction': 0.39300271853093327}, 'user_v': 0, 'user_w': 0.1, 'delta_t': 0.02, 'need_reset': False}
Tangent angle: 1.2188203595439422, User angle: 3.1391354256514434, Offset angle: 0.39091718953092347
Target angle: 1.6097375490748655, distance: 485.286733078327, angle diff: 1.5293978765765779, rotation direction: -1
Basic rotation angle: 0.0, rotation gain: 0.000363866972780869
Rotation gain: 1.24, direction: -1, curvature radius: 2500000
{'type': 'running', 'physical': {'user_x': 419.0445054945335, 'user_y': 107.2948931560405, 'user_direction': 3.219780586941766}, 'virtual': {'user_x': 1679.672340569021, 'user_y': 7568.815777242883, 'user_direction': 0.49300271853093325}, 'user_v': 0, 'user_w': 0.1, 'delta_t': 0.02, 'need_reset': False}
Tangent angle: 1.2188203595439422, User angle: 3.219780586941766, Offset angle: 0.39091718953092347
Target angle: 1.6097375490748655, distance: 485.286733078327, angle diff: 1.6100430378669004, rotation direction: -1
Basic rotation angle: 0.0, rotation gain: 0.0003355471675362856
Rotation gain: 1.24, direction: -1, curvature radius: 2500000
{'type': 'running', 'physical': {'user_x': 419.0445054945335, 'user_y': 107.2948931560405, 'user_direction': 3.3004257482320885}, 'virtual': {'user_x': 1679.672340569021, 'user_y': 7568.815777242883, 'user_direction': 0.5930027185309332}, 'user_v': 0, 'user_w': 0.1, 'delta_t': 0.02, 'need_reset': False}
Tangent angle: 1.2188203595439422, User angle: 3.3004257482320885, Offset angle: 0.39091718953092347
Target angle: 1.6097375490748655, distance: 485.286733078327, angle diff: 1.690688199157223, rotation direction: -1
Basic rotation angle: 0.0, rotation gain: 0.0003107673379472751
Rotation gain: 1.24, direction: -1, curvature radius: 2500000
{'type': 'running', 'physical': {'user_x': 419.0445054945335, 'user_y': 107.2948931560405, 'user_direction': 3.381070909522411}, 'virtual': {'user_x': 1679.672340569021, 'user_y': 7568.815777242883, 'user_direction': 0.6930027185309332}, 'user_v': 0, 'user_w': 0.1, 'delta_t': 0.02, 'need_reset': False}
Tangent angle: 1.2188203595439422, User angle: 3.381070909522411, Offset angle: 0.39091718953092347
Target angle: 1.6097375490748655, distance: 485.286733078327, angle diff: 1.7713333604475454, rotation direction: -1
Basic rotation angle: 0.0, rotation gain: 0.00028908498705689087
Rotation gain: 1.24, direction: -1, curvature radius: 2500000
{'type': 'running', 'physical': {'user_x': 419.0445054945335, 'user_y': 107.2948931560405, 'user_direction': 3.4617160708127335}, 'virtual': {'user_x': 1679.672340569021, 'user_y': 7568.815777242883, 'user_direction': 0.8328621850266258}, 'user_v': 7.999999999999999, 'user_w': 0, 'delta_t': 0.02, 'need_reset': False}
Tangent angle: 1.2188203595439422, User angle: 3.4617160708127335, Offset angle: 0.39091718953092347
Target angle: 1.6097375490748655, distance: 485.286733078327, angle diff: 1.851978521737868, rotation direction: -1
Basic rotation angle: 1.693121693121693, rotation gain: 0.0007678563542655344
Rotation gain: 1.24, direction: -1, curvature radius: 7.5
{'type': 'running', 'physical': {'user_x': 419.0445054945335, 'user_y': 107.2948931560405, 'user_direction': 3.542361232103056}, 'virtual': {'user_x': 1685.0544277891004, 'user_y': 7574.734656964203, 'user_direction': 0.8328621850266258}, 'user_v': 7.999999999999999, 'user_w': 0, 'delta_t': 0.02, 'need_reset': False}
Tangent angle: 1.2188203595439422, User angle: 3.542361232103056, Offset angle: 0.39091718953092347
Target angle: 1.6097375490748655, distance: 485.286733078327, angle diff: 1.9326236830281904, rotation direction: -1
Basic rotation angle: 1.693121693121693, rotation gain: 0.0011867813005730973
Rotation gain: 1.24, direction: -1, curvature radius: 7.5
{'type': 'running', 'physical': {'user_x': 413.1472912676356, 'user_y': 104.94217438260512, 'user_direction': 3.521197210939035}, 'virtual': {'user_x': 1690.4365150091799, 'user_y': 7580.653536685523, 'user_direction': 0.8328621850266287}, 'user_v': 7.999999999999999, 'user_w': 0, 'delta_t': 0.02, 'need_reset': False}
Tangent angle: 1.209891585717373, User angle: 3.521197210939035, Offset angle: 0.38759946753718977
Target angle: 1.5974910532545628, distance: 489.89405534834236, angle diff: 1.9237061576844723, rotation direction: -1
Basic rotation angle: 1.693121693121693, rotation gain: 0.0015505452209928798
Rotation gain: 1.24, direction: -1, curvature radius: 7.5
{'type': 'running', 'physical': {'user_x': 407.20160844631107, 'user_y': 102.71478194906118, 'user_direction': 3.5000331897750137}, 'virtual': {'user_x': 1695.818602229259, 'user_y': 7586.572416406843, 'user_direction': 0.8328621850266318}, 'user_v': 7.999999999999999, 'user_w': 0, 'delta_t': 0.02, 'need_reset': False}
Tangent angle: 1.200936565086326, User angle: 3.5000331897750137, Offset angle: 0.3843830064772173
Target angle: 1.5853195715635433, distance: 494.43281432127793, angle diff: 1.9147136182114703, rotation direction: -1
Basic rotation angle: 1.693121693121693, rotation gain: 0.0018660362877619874
Rotation gain: 1.24, direction: -1, curvature radius: 7.5
{'type': 'running', 'physical': {'user_x': 401.2101200963842, 'user_y': 100.61371350241494, 'user_direction': 3.4788691686109923}, 'virtual': {'user_x': 1701.2006894493384, 'user_y': 7592.491296128163, 'user_direction': 0.8328621850266339}, 'user_v': 7.999999999999999, 'user_w': 0, 'delta_t': 0.02, 'need_reset': False}
Tangent angle: 1.1919562652338098, User angle: 3.4788691686109923, Offset angle: 0.38126444830062
Target angle: 1.5732207135344298, distance: 498.90287581245923, angle diff: 1.9056484550765624, rotation direction: -1
Basic rotation angle: 1.693121693121693, rotation gain: 0.002139281668186448
Rotation gain: 1.24, direction: -1, curvature radius: 7.5
{'type': 'running', 'physical': {'user_x': 395.1755097999329, 'user_y': 98.63991010927604, 'user_direction': 3.457705147446971}, 'virtual': {'user_x': 1706.5827766694176, 'user_y': 7598.4101758494835, 'user_direction': 0.8328621850266361}, 'user_v': 7.999999999999999, 'user_w': 0, 'delta_t': 0.02, 'need_reset': False}
Tangent angle: 1.182951613272774, User angle: 3.457705147446971, Offset angle: 0.3782406026336575
Target angle: 1.5611922159064315, distance: 503.3040944806153, angle diff: 1.8965129315405393, rotation direction: -1
Basic rotation angle: 1.693121693121693, rotation gain: 0.002375555155323758
Rotation gain: 1.24, direction: -1, curvature radius: 7.5
{'type': 'running', 'physical': {'user_x': 389.1004804533152, 'user_y': 96.79425583435463, 'user_direction': 3.4365411262829495}, 'virtual': {'user_x': 1711.9648638894969, 'user_y': 7604.329055570804, 'user_direction': 0.832862185026639}, 'user_v': 7.999999999999999, 'user_w': 0, 'delta_t': 0.02, 'need_reset': False}
Tangent angle: 1.1739234980745958, User angle: 3.4365411262829495, Offset angle: 0.3753084368010723
Target angle: 1.5492319348756682, distance: 507.636314999551, angle diff: 1.8873091914072813, rotation direction: -1
Basic rotation angle: 1.693121693121693, rotation gain: 0.0025794713447316606
Rotation gain: 1.24, direction: -1, curvature radius: 7.5
{'type': 'running', 'physical': {'user_x': 382.987753056544, 'user_y': 95.07757734448958, 'user_direction': 3.415377105118928}, 'virtual': {'user_x': 1717.3469511095761, 'user_y': 7610.247935292124, 'user_direction': 0.8328621850266426}, 'user_v': 7.999999999999999, 'user_w': 0, 'delta_t': 0.02, 'need_reset': False}
Tangent angle: 1.1648727723564263, User angle: 3.415377105118928, Offset angle: 0.3724650665791077
Target angle: 1.5373378389355339, distance: 511.89937314257133, angle diff: 1.8780392661833942, rotation direction: -1
Basic rotation angle: 1.693121693121693, rotation gain: 0.0027550680390260223
Rotation gain: 1.24, direction: -1, curvature radius: 7.5
{'type': 'running', 'physical': {'user_x': 376.84006549455415, 'user_y': 93.4906435383852, 'user_direction': 3.3942130839549067}, 'virtual': {'user_x': 1722.7290383296554, 'user_y': 7616.166815013444, 'user_direction': 0.8328621850266471}, 'user_v': 7.999999999999999, 'user_w': 0, 'delta_t': 0.02, 'need_reset': False}
Tangent angle: 1.1558002546378046, User angle: 3.3942130839549067, Offset angle: 0.36970774761742337
Target angle: 1.5255080022552279, distance: 516.0930967874247, angle diff: 1.8687050816996789, rotation direction: -1
Basic rotation angle: 1.693121693121693, rotation gain: 0.0029058783517734
Rotation gain: 1.24, direction: -1, curvature radius: 7.5
{'type': 'running', 'physical': {'user_x': 370.66017131090587, 'user_y': 92.03416520222221, 'user_direction': 3.3730490627908853}, 'virtual': {'user_x': 1728.1111255497347, 'user_y': 7622.085694734765, 'user_direction': 0.8328621850266531}, 'user_v': 7.999999999999999, 'user_w': 0, 'delta_t': 0.02, 'need_reset': False}
Tangent angle: 1.1467067310760979, User angle: 3.3730490627908853, Offset angle: 0.3670338674737386
Target angle: 1.5137405985498364, distance: 520.2173068487306, angle diff: 1.859308464241049, rotation direction: -1
Basic rotation angle: 1.693121693121693, rotation gain: 0.003034993798303676
Rotation gain: 1.24, direction: -1, curvature radius: 7.5
{'type': 'running', 'physical': {'user_x': 364.45083847447546, 'user_y': 90.70879469129727, 'user_direction': 3.351885041626864}, 'virtual': {'user_x': 1733.493212769814, 'user_y': 7628.004574456085, 'user_direction': 0.8328621850266467}, 'user_v': 7.999999999999999, 'user_w': 0, 'delta_t': 0.02, 'need_reset': False}
Tangent angle: 1.1375929571895393, User angle: 3.351885041626864, Offset angle: 0.3644409382104703
Target angle: 1.5020338954000096, distance: 524.2718181441463, angle diff: 1.8498511462268543, rotation direction: -1
Basic rotation angle: 1.693121693121693, rotation gain: 0.0031451195000803465
Rotation gain: 1.24, direction: -1, curvature radius: 7.5
{'type': 'running', 'physical': {'user_x': 358.2148481396846, 'user_y': 89.51512563783366, 'user_direction': 3.3307210204628426}, 'virtual': {'user_x': 1738.8752999898932, 'user_y': 7633.923454177406, 'user_direction': 0.8328621850266554}, 'user_v': 7.999999999999999, 'user_w': 0, 'delta_t': 0.02, 'need_reset': False}
Tangent angle: 1.1284596594759226, User angle: 3.3307210204628426, Offset angle: 0.3619265895074726
Target angle: 1.4903862489833952, distance: 528.2564401999019, angle diff: 1.8403347714794474, rotation direction: -1
Basic rotation angle: 1.693121693121693, rotation gain: 0.0032386224884366657
Rotation gain: 1.24, direction: -1, curvature radius: 7.5
{'type': 'running', 'physical': {'user_x': 351.9549934008236, 'user_y': 88.45369268509393, 'user_direction': 3.309556999298821}, 'virtual': {'user_x': 1744.2573872099724, 'user_y': 7639.842333898726, 'user_direction': 0.8328621850266456}, 'user_v': 7.999999999999999, 'user_w': 0, 'delta_t': 0.02, 'need_reset': False}
Tangent angle: 1.1193075369343726, User angle: 3.309556999298821, Offset angle: 0.35948856224930975
Target angle: 1.4787960991836824, distance: 532.1709780007754, angle diff: 1.8307609001151388, rotation direction: -1
Basic rotation angle: 1.693121693121693, rotation gain: 0.0033175739702600545
Rotation gain: 1.24, direction: -1, curvature radius: 7.5
{'type': 'running', 'physical': {'user_x': 345.67407804102737, 'user_y': 87.52497124791368, 'user_direction': 3.2883929781348}, 'virtual': {'user_x': 1749.6394744300517, 'user_y': 7645.761213620047, 'user_direction': 0.832862185026662}, 'user_v': 7.999999999999999, 'user_w': 0, 'delta_t': 0.02, 'need_reset': False}
Tangent angle: 1.1101372624970156, User angle: 3.2883929781348, Offset angle: 0.3571247025493555
Target angle: 1.4672619650463712, distance: 536.0152326890842, angle diff: 1.8211310130884286, rotation direction: -1
Basic rotation angle: 1.693121693121693, rotation gain: 0.003383786310384587
Rotation gain: 1.24, direction: -1, curvature radius: 7.5
{'type': 'running', 'physical': {'user_x': 339.37491527646335, 'user_y': 86.72937729976377, 'user_direction': 3.2672289569707784}, 'virtual': {'user_x': 1755.021561650131, 'user_y': 7651.680093341367, 'user_direction': 0.8328621850266403}, 'user_v': 7.999999999999999, 'user_w': 0, 'delta_t': 0.02, 'need_reset': False}
Tangent angle: 1.1009494843768395, User angle: 3.2672289569707784, Offset angle: 0.35483295617647304
Target angle: 1.4557824405533126, distance: 539.7890022168281, angle diff: 1.8114465164174658, rotation direction: -1
Basic rotation angle: 1.693121693121693, rotation gain: 0.0034388453911065207
Rotation gain: 1.24, direction: -1, curvature radius: 7.5
{'type': 'running', 'physical': {'user_x': 333.06032649629475, 'user_y': 86.06726718643606, 'user_direction': 3.246064935806757}, 'virtual': {'user_x': 1755.7498706856122, 'user_y': 7652.481041636089, 'user_direction': 0.8328621850266403}, 'user_v': 0, 'user_w': 0.1, 'delta_t': 0.02, 'need_reset': False}
Tangent angle: 1.0917448273375472, User angle: 3.246064935806757, Offset angle: 0.3526113633531311
Target angle: 1.4443561906906783, distance: 543.4920819547261, angle diff: 1.8017087451160787, rotation direction: -1
Basic rotation angle: 0.0, rotation gain: 0.0030248280242004683
Rotation gain: 1.24, direction: -1, curvature radius: 2500000
{'type': 'running', 'physical': {'user_x': 326.7331399989827, 'user_y': 85.53893746643656, 'user_direction': 3.2249009146427356}, 'virtual': {'user_x': 1755.7498706856122, 'user_y': 7652.481041636089, 'user_direction': 0.7328621850266404}, 'user_v': 0, 'user_w': 0.1, 'delta_t': 0.02, 'need_reset': False}
Tangent angle: 1.0825238938907513, User angle: 3.2249009146427356, Offset angle: 0.35045805389659934
Target angle: 1.4329819477873507, distance: 547.1242652615389, angle diff: 1.791918966855385, rotation direction: -1
Basic rotation angle: 0.0, rotation gain: 0.0026624665104292623
Rotation gain: 1.24, direction: -1, curvature radius: 2500000
{'type': 'running', 'physical': {'user_x': 326.7331399989827, 'user_y': 85.53893746643656, 'user_direction': 3.305546075933058}, 'virtual': {'user_x': 1755.7498706856122, 'user_y': 7652.481041636089, 'user_direction': 0.6328621850266404}, 'user_v': 0, 'user_w': 0.1, 'delta_t': 0.02, 'need_reset': False}
Tangent angle: 1.0825238938907513, User angle: 3.305546075933058, Offset angle: 0.35045805389659934
Target angle: 1.4329819477873507, distance: 547.1242652615389, angle diff: 1.8725641281457075, rotation direction: -1
Basic rotation angle: 0.0, rotation gain: 0.002345400185879457
Rotation gain: 1.24, direction: -1, curvature radius: 2500000
{'type': 'running', 'physical': {'user_x': 326.7331399989827, 'user_y': 85.53893746643656, 'user_direction': 3.3861912372233807}, 'virtual': {'user_x': 1755.7498706856122, 'user_y': 7652.481041636089, 'user_direction': 0.5328621850266404}, 'user_v': 0, 'user_w': 0.1, 'delta_t': 0.02, 'need_reset': False}
Tangent angle: 1.0825238938907513, User angle: 3.3861912372233807, Offset angle: 0.35045805389659934
Target angle: 1.4329819477873507, distance: 547.1242652615389, angle diff: 1.95320928943603, rotation direction: -1
Basic rotation angle: 0.0, rotation gain: 0.0020679671518983775
Rotation gain: 1.24, direction: -1, curvature radius: 2500000
{'type': 'running', 'physical': {'user_x': 326.7331399989827, 'user_y': 85.53893746643656, 'user_direction': 3.466836398513703}, 'virtual': {'user_x': 1755.7498706856122, 'user_y': 7652.481041636089, 'user_direction': 0.4328621850266404}, 'user_v': 0, 'user_w': 0.1, 'delta_t': 0.02, 'need_reset': False}
Tangent angle: 1.0825238938907513, User angle: 3.466836398513703, Offset angle: 0.35045805389659934
Target angle: 1.4329819477873507, distance: 547.1242652615389, angle diff: 2.0338544507263525, rotation direction: -1
Basic rotation angle: 0.0, rotation gain: 0.0018252132471649328
Rotation gain: 1.24, direction: -1, curvature radius: 2500000
{'type': 'running', 'physical': {'user_x': 326.7331399989827, 'user_y': 85.53893746643656, 'user_direction': 3.5474815598040257}, 'virtual': {'user_x': 1755.7498706856122, 'user_y': 7652.481041636089, 'user_direction': 0.33286218502664044}, 'user_v': 0, 'user_w': 0.1, 'delta_t': 0.02, 'need_reset': False}
Tangent angle: 1.0825238938907513, User angle: 3.5474815598040257, Offset angle: 0.35045805389659934
Target angle: 1.4329819477873507, distance: 547.1242652615389, angle diff: 2.114499612016675, rotation direction: -1
Basic rotation angle: 0.0, rotation gain: 0.0016128035805231687
Rotation gain: 1.24, direction: -1, curvature radius: 2500000
{'type': 'running', 'physical': {'user_x': 326.7331399989827, 'user_y': 85.53893746643656, 'user_direction': 3.628126721094348}, 'virtual': {'user_x': 1755.7498706856122, 'user_y': 7652.481041636089, 'user_direction': 0.23286218502664044}, 'user_v': 0, 'user_w': 0.1, 'delta_t': 0.02, 'need_reset': False}
Tangent angle: 1.0825238938907513, User angle: 3.628126721094348, Offset angle: 0.35045805389659934
Target angle: 1.4329819477873507, distance: 547.1242652615389, angle diff: 2.1951447733069975, rotation direction: -1
Basic rotation angle: 0.0, rotation gain: 0.0014269451222116251
Rotation gain: 1.24, direction: -1, curvature radius: 2500000
{'type': 'running', 'physical': {'user_x': 326.7331399989827, 'user_y': 85.53893746643656, 'user_direction': 3.7087718823846707}, 'virtual': {'user_x': 1755.7498706856122, 'user_y': 7652.481041636089, 'user_direction': 0.13286218502664043}, 'user_v': 0, 'user_w': 0.1, 'delta_t': 0.02, 'need_reset': False}
Tangent angle: 1.0825238938907513, User angle: 3.7087718823846707, Offset angle: 0.35045805389659934
Target angle: 1.4329819477873507, distance: 547.1242652615389, angle diff: 2.27578993459732, rotation direction: -1
Basic rotation angle: 0.0, rotation gain: 0.0012643189711890246
Rotation gain: 1.24, direction: -1, curvature radius: 2500000
{'type': 'running', 'physical': {'user_x': 326.7331399989827, 'user_y': 85.53893746643656, 'user_direction': 3.789417043674993}, 'virtual': {'user_x': 1755.7498706856122, 'user_y': 7652.481041636089, 'user_direction': 0.03286218502664043}, 'user_v': 0, 'user_w': 0.1, 'delta_t': 0.02, 'need_reset': False}
Tangent angle: 1.0825238938907513, User angle: 3.789417043674993, Offset angle: 0.35045805389659934
Target angle: 1.4329819477873507, distance: 547.1242652615389, angle diff: 2.3564350958876426, rotation direction: -1
Basic rotation angle: 0.0, rotation gain: 0.001122021089044249
Rotation gain: 1.24, direction: -1, curvature radius: 2500000
{'type': 'running', 'physical': {'user_x': 326.7331399989827, 'user_y': 85.53893746643656, 'user_direction': 3.8700622049653157}, 'virtual': {'user_x': 1755.7498706856122, 'user_y': 7652.481041636089, 'user_direction': -0.1434153129252916}, 'user_v': 7.999999999999999, 'user_w': 0, 'delta_t': 0.02, 'need_reset': False}
Tangent angle: 1.0825238938907513, User angle: 3.8700622049653157, Offset angle: 0.35045805389659934
Target angle: 1.4329819477873507, distance: 547.1242652615389, angle diff: 2.437080257177965, rotation direction: -1
Basic rotation angle: 1.693121693121693, rotation gain: 0.0014540281305292948
Rotation gain: 1.24, direction: -1, curvature radius: 7.5
{'type': 'running', 'physical': {'user_x': 326.7331399989827, 'user_y': 85.53893746643656, 'user_direction': 3.9507073662556382}, 'virtual': {'user_x': 1763.6677397945928, 'user_y': 7651.337648102326, 'user_direction': -0.1434153129252916}, 'user_v': 7.999999999999999, 'user_w': 0, 'delta_t': 0.02, 'need_reset': False}
Tangent angle: 1.0825238938907513, User angle: 3.9507073662556382, Offset angle: 0.35045805389659934
Target angle: 1.4329819477873507, distance: 547.1242652615389, angle diff: 2.5177254184682876, rotation direction: -1
Basic rotation angle: 1.693121693121693, rotation gain: 0.00174453429182871
Rotation gain: 1.24, direction: -1, curvature radius: 7.5
{'type': 'running', 'physical': {'user_x': 322.2550474931141, 'user_y': 81.03792549425906, 'user_direction': 3.9295433450916173}, 'virtual': {'user_x': 1771.5856089035733, 'user_y': 7650.194254568563, 'user_direction': -0.14341531292529333}, 'user_v': 7.999999999999999, 'user_w': 0, 'delta_t': 0.02, 'need_reset': False}
Tangent angle: 1.0793921570353895, User angle: 3.9295433450916173, Offset angle: 0.34668562681547876
Target angle: 1.4260777838508683, distance: 553.5918111915623, angle diff: 2.5034655612407493, rotation direction: -1
Basic rotation angle: 1.693121693121693, rotation gain: 0.001996963801396058
Rotation gain: 1.24, direction: -1, curvature radius: 7.5
{'type': 'running', 'physical': {'user_x': 317.682705452562, 'user_y': 76.63268889119195, 'user_direction': 3.908379323927596}, 'virtual': {'user_x': 1779.5034780125538, 'user_y': 7649.050861034801, 'user_direction': -0.1434153129252952}, 'user_v': 7.999999999999999, 'user_w': 0, 'delta_t': 0.02, 'need_reset': False}
Tangent angle: 1.076108528143617, User angle: 3.908379323927596, Offset angle: 0.3430156600073276
Target angle: 1.4191241881509444, distance: 560.014640110282, angle diff: 2.4892551357766513, rotation direction: -1
Basic rotation angle: 1.693121693121693, rotation gain: 0.002216056442930494
Rotation gain: 1.24, direction: -1, curvature radius: 7.5
{'type': 'running', 'physical': {'user_x': 313.01816182508804, 'user_y': 72.32520075862625, 'user_direction': 3.8872153027635745}, 'virtual': {'user_x': 1787.4213471215344, 'user_y': 7647.907467501038, 'user_direction': -0.14341531292529722}, 'user_v': 7.999999999999999, 'user_w': 0, 'delta_t': 0.02, 'need_reset': False}
Tangent angle: 1.072678436530694, User angle: 3.8872153027635745, Offset angle: 0.3394451106641542
Target angle: 1.4121235471948483, distance: 566.3914452008217, angle diff: 2.475091755568726, rotation direction: -1
Basic rotation angle: 1.693121693121693, rotation gain: 0.0024059600169338757
Rotation gain: 1.24, direction: -1, curvature radius: 7.5
{'type': 'running', 'physical': {'user_x': 308.2635058554591, 'user_y': 68.11739041650365, 'user_direction': 3.866051281599553}, 'virtual': {'user_x': 1795.339216230515, 'user_y': 7646.764073967275, 'user_direction': -0.1434153129252994}, 'user_v': 7.999999999999999, 'user_w': 0, 'delta_t': 0.02, 'need_reset': False}
Tangent angle: 1.069107091438855, User angle: 3.866051281599553, Offset angle: 0.3359710393070907
Target angle: 1.4050781307459457, distance: 572.7209550846711, angle diff: 2.4609731508536075, rotation direction: -1
Basic rotation angle: 1.693121693121693, rotation gain: 0.0025703043184899747
Rotation gain: 1.24, direction: -1, curvature radius: 7.5
{'type': 'running', 'physical': {'user_x': 303.4208671496765, 'user_y': 64.01114253917588, 'user_direction': 3.8448872604355318}, 'virtual': {'user_x': 1803.2570853394955, 'user_y': 7645.6206804335125, 'user_direction': -0.14341531292530182}, 'user_v': 7.999999999999999, 'user_w': 0, 'delta_t': 0.02, 'need_reset': False}
Tangent angle: 1.0653994918944796, User angle: 3.8448872604355318, Offset angle: 0.3325906073650033
Target angle: 1.397990099259483, distance: 579.0019320903942, angle diff: 2.446897161176049, rotation direction: -1
Basic rotation angle: 1.693121693121693, rotation gain: 0.002712265869239136
Rotation gain: 1.24, direction: -1, curvature radius: 7.5
{'type': 'running', 'physical': {'user_x': 298.4924147211277, 'user_y': 60.00829631126084, 'user_direction': 3.8237232392715104}, 'virtual': {'user_x': 1811.174954448476, 'user_y': 7644.477286899749, 'user_direction': -0.14341531292530446}, 'user_v': 7.999999999999999, 'user_w': 0, 'delta_t': 0.02, 'need_reset': False}
Tangent angle: 1.0615604361646995, User angle: 3.8237232392715104, Offset angle: 0.3293010746244208
Target angle: 1.3908615107891205, distance: 585.2331706536835, angle diff: 2.43286172848239, rotation direction: -1
Basic rotation angle: 1.693121693121693, rotation gain: 0.0028346245591666505
Rotation gain: 1.24, direction: -1, curvature radius: 7.5
{'type': 'running', 'physical': {'user_x': 293.4803560190869, 'user_y': 56.11064460387353, 'user_direction': 3.802559218107489}, 'virtual': {'user_x': 1819.0928235574565, 'user_y': 7643.333893365986, 'user_direction': -0.14341531292530169}, 'user_v': 7.999999999999999, 'user_w': 0, 'delta_t': 0.02, 'need_reset': False}
Tangent angle: 1.0575945308197783, User angle: 3.802559218107489, Offset angle: 0.32609979658657046
Target angle: 1.3836943274063487, distance: 591.4134958380639, angle diff: 2.4188648907011405, rotation direction: -1
Basic rotation angle: 1.693121693121693, rotation gain: 0.0029398132093800176
Rotation gain: 1.24, direction: -1, curvature radius: 7.5
{'type': 'running', 'physical': {'user_x': 288.38693594000074, 'user_y': 52.31993317160069, 'user_direction': 3.7813951969434676}, 'virtual': {'user_x': 1827.010692666437, 'user_y': 7642.1904998322225, 'user_direction': -0.1434153129253046}, 'user_v': 7.999999999999999, 'user_w': 0, 'delta_t': 0.02, 'need_reset': False}
Tangent angle: 1.0535061994094237, User angle: 3.7813951969434676, Offset angle: 0.32298422176190605
Target angle: 1.3764904211713298, distance: 597.5417619664931, angle diff: 2.404904775772138, rotation direction: -1
Basic rotation angle: 1.693121693121693, rotation gain: 0.0030299609406617013
Rotation gain: 1.24, direction: -1, curvature radius: 7.5
{'type': 'running', 'physical': {'user_x': 283.2144358220012, 'user_y': 48.63785987057897, 'user_direction': 3.760231175779446}, 'virtual': {'user_x': 1834.9285617754176, 'user_y': 7641.04710629846, 'user_direction': -0.14341531292530157}, 'user_v': 7.999999999999999, 'user_w': 0, 'delta_t': 0.02, 'need_reset': False}
Tangent angle: 1.049299690762592, User angle: 3.760231175779446, Offset angle: 0.31995188892782744
Target angle: 1.3692515796904194, distance: 603.6168513549537, angle diff: 2.3909795960890268, rotation direction: -1
Basic rotation angle: 1.693121693121693, rotation gain: 0.003106931121993221
Rotation gain: 1.24, direction: -1, curvature radius: 7.5
{'type': 'running', 'physical': {'user_x': 277.9651724230964, 'user_y': 45.06607389802675, 'user_direction': 3.739067154615425}, 'virtual': {'user_x': 1842.8464308843982, 'user_y': 7639.903712764696, 'user_direction': -0.1434153129253048}, 'user_v': 7.999999999999999, 'user_w': 0, 'delta_t': 0.02, 'need_reset': False}
Tangent angle: 1.04497908692142, User angle: 3.739067154615425, Offset angle: 0.31700042437123105
Target angle: 1.361979511292651, distance: 609.637673139904, angle diff: 2.377087643322774, rotation direction: -1
Basic rotation angle: 1.693121693121693, rotation gain: 0.003172354576478815
Rotation gain: 1.24, direction: -1, curvature radius: 7.5
{'type': 'running', 'physical': {'user_x': 272.64149688349687, 'user_y': 41.60617505357021, 'user_direction': 3.7179031334514034}, 'virtual': {'user_x': 1850.7642999933787, 'user_y': 7638.760319230933, 'user_direction': -0.14341531292530138}, 'user_v': 7.999999999999999, 'user_w': 0, 'delta_t': 0.02, 'need_reset': False}
Tangent angle: 1.0405483107207032, User angle: 3.7179031334514034, Offset angle: 0.31412753913402014
Target angle: 1.3546758498547233, distance: 615.6031621921558, angle diff: 2.36322728359668, rotation direction: -1
Basic rotation angle: 1.693121693121693, rotation gain: 0.0032276586374246252
Rotation gain: 1.24, direction: -1, curvature radius: 7.5
{'type': 'running', 'physical': {'user_x': 267.2457936725419, 'user_y': 38.259713022694584, 'user_direction': 3.696739112287382}, 'virtual': {'user_x': 1858.6821691023592, 'user_y': 7637.61692569717, 'user_direction': -0.14341531292530502}, 'user_v': 7.999999999999999, 'user_w': 0, 'delta_t': 0.02, 'need_reset': False}
Tangent angle: 1.0360111330249144, User angle: 3.696739112287382, Offset angle: 0.31133102627667125
Target angle: 1.3473421593015857, distance: 621.5122781103862, angle diff: 2.3493969529857965, rotation direction: -1
Basic rotation angle: 1.693121693121693, rotation gain: 0.003274092573240549
Rotation gain: 1.24, direction: -1, curvature radius: 7.5
{'type': 'running', 'physical': {'user_x': 261.780479520698, 'user_y': 35.02818668264143, 'user_direction': 3.6755750911233607}, 'virtual': {'user_x': 1866.6000382113398, 'user_y': 7636.473532163407, 'user_direction': -0.14341531292530113}, 'user_v': 7.999999999999999, 'user_w': 0, 'delta_t': 0.02, 'need_reset': False}
Tangent angle: 1.0313711796350828, User angle: 3.6755750911233607, Offset angle: 0.3086087581723375
Target angle: 1.3399799378074204, distance: 627.3640042880633, angle diff: 2.33559515331594, rotation direction: -1
Basic rotation angle: 1.693121693121693, rotation gain: 0.003312749835003676
Rotation gain: 1.24, direction: -1, curvature radius: 7.5
{'type': 'running', 'physical': {'user_x': 256.2480023371077, 'user_y': 31.91304343106296, 'user_direction': 3.6544110699593393}, 'virtual': {'user_x': 1874.5179073203203, 'user_y': 7635.330138629643, 'user_direction': -0.14341531292530535}, 'user_v': 7.999999999999999, 'user_w': 0, 'delta_t': 0.02, 'need_reset': False}
Tangent angle: 1.026631937878086, User angle: 3.6544110699593393, Offset angle: 0.30595868384171543
Target angle: 1.3325906217198014, distance: 633.1573470480986, angle diff: 2.3218204482395377, rotation direction: -1
Basic rotation angle: 1.693121693121693, rotation gain: 0.003344587523797093
Rotation gain: 1.24, direction: -1, curvature radius: 7.5
{'type': 'running', 'physical': {'user_x': 250.6508401131731, 'user_y': 28.91567853773391, 'user_direction': 3.633247048795318}, 'virtual': {'user_x': 1882.4357764293009, 'user_y': 7634.186745095881, 'user_direction': -0.1434153129253008}, 'user_v': 7.999999999999999, 'user_w': 0, 'delta_t': 0.02, 'need_reset': False}
Tangent angle: 1.0217967628909372, User angle: 3.633247048795318, Offset angle: 0.30337882633696744
Target angle: 1.3251755892279047, distance: 638.891334840009, angle diff: 2.3080714595674134, rotation direction: -1
Basic rotation angle: 1.693121693121693, rotation gain: 0.0033704434253029065
Rotation gain: 1.24, direction: -1, curvature radius: 7.5
{'type': 'running', 'physical': {'user_x': 244.9914998126659, 'user_y': 26.03743451961156, 'user_direction': 3.6120830276312965}, 'virtual': {'user_x': 1890.3536455382814, 'user_y': 7633.043351562117, 'user_direction': -0.14341531292530574}, 'user_v': 7.999999999999999, 'user_w': 0, 'delta_t': 0.02, 'need_reset': False}
Tangent angle: 1.0168688836126263, User angle: 3.6120830276312965, Offset angle: 0.3008672801813267
Target angle: 1.317736163793953, distance: 644.5650174948138, angle diff: 2.2943468638373434, rotation direction: -1
Basic rotation angle: 1.693121693121693, rotation gain: 0.0033910509156974094
Rotation gain: 1.24, direction: -1, curvature radius: 7.5
{'type': 'running', 'physical': {'user_x': 239.27251624886065, 'user_y': 23.279600539523585, 'user_direction': 3.590919006467275}, 'virtual': {'user_x': 1898.271514647262, 'user_y': 7631.899958028354, 'user_direction': -0.14341531292530033}, 'user_v': 7.999999999999999, 'user_w': 0, 'delta_t': 0.02, 'need_reset': False}
Tangent angle: 1.0118514084959194, User angle: 3.590919006467275, Offset angle: 0.2984222088695915
Target angle: 1.3102736173655107, distance: 650.1774655332804, angle diff: 2.2806453891017644, rotation direction: -1
Basic rotation angle: 1.693121693121693, rotation gain: 0.0034070520048939085
Rotation gain: 1.24, direction: -1, curvature radius: 7.5
{'type': 'running', 'physical': {'user_x': 233.49645094919435, 'user_y': 20.643411828753255, 'user_direction': 3.5697549853032537}, 'virtual': {'user_x': 1906.1893837562425, 'user_y': 7630.756564494591, 'user_direction': -0.14341531292530635}, 'user_v': 7.999999999999999, 'user_w': 0, 'delta_t': 0.02, 'need_reset': False}
Tangent angle: 1.0067473309513262, User angle: 3.5697549853032537, Offset angle: 0.2960418424334968
Target angle: 1.302789173384823, distance: 655.7277695234997, angle diff: 2.266965811918431, rotation direction: -1
Basic rotation angle: 1.693121693121693, rotation gain: 0.0034190087499263227
Rotation gain: 1.24, direction: -1, curvature radius: 7.5
{'type': 'running', 'physical': {'user_x': 227.66589100796045, 'user_y': 18.130049133780467, 'user_direction': 3.5485909641392324}, 'virtual': {'user_x': 1914.107252865223, 'user_y': 7629.613170960828, 'user_direction': -0.14341531292529963}, 'user_v': 7.999999999999999, 'user_w': 0, 'delta_t': 0.02, 'need_reset': False}
Tangent angle: 1.0015595345351729, User angle: 3.5485909641392324, Offset angle: 0.293724475074918
Target angle: 1.2952840096100908, distance: 661.2150394840945, angle diff: 2.2533069545291413, rotation direction: -1
Basic rotation angle: 1.693121693121693, rotation gain: 0.0034274132421705174
Rotation gain: 1.24, direction: -1, curvature radius: 7.5
{'type': 'running', 'physical': {'user_x': 221.78344792755195, 'user_y': 15.740638187426498, 'user_direction': 3.527426942975211}, 'virtual': {'user_x': 1922.0251219742036, 'user_y': 7628.469777427064, 'user_direction': -0.1434153129253073}, 'user_v': 7.999999999999999, 'user_w': 0, 'delta_t': 0.02, 'need_reset': False}
Tangent angle: 0.9962907978934163, User angle: 3.527426942975211, Offset angle: 0.2914684628689796
Target angle: 1.287759260762396, distance: 666.6384043296684, angle diff: 2.239667682212815, rotation direction: -1
Basic rotation angle: 1.693121693121693, rotation gain: 0.003432696346640972
Rotation gain: 1.24, direction: -1, curvature radius: 7.5
{'type': 'running', 'physical': {'user_x': 215.85175644877168, 'user_y': 13.476249204639318, 'user_direction': 3.5062629218111896}, 'virtual': {'user_x': 1929.942991083184, 'user_y': 7627.326383893302, 'user_direction': -0.14341531292529847}, 'user_v': 7.999999999999999, 'user_w': 0, 'delta_t': 0.02, 'need_reset': False}
Tangent angle: 0.9909437994724937, User angle: 3.5062629218111896, Offset angle: 0.2892722215383982
Target angle: 1.280216021010892, distance: 671.9970113553721, angle diff: 2.2260469008002977, rotation direction: -1
Basic rotation angle: 1.693121693121693, rotation gain: 0.0034352353493231867
Rotation gain: 1.24, direction: -1, curvature radius: 7.5
{'type': 'running', 'physical': {'user_x': 209.87347337073456, 'user_y': 11.337896403145306, 'user_direction': 3.485098900647168}, 'virtual': {'user_x': 1937.8608601921646, 'user_y': 7626.182990359538, 'user_direction': -0.143415312925309}, 'user_v': 7.999999999999999, 'user_w': 0, 'delta_t': 0.02, 'need_reset': False}
Tangent angle: 0.9855211220081372, User angle: 3.485098900647168, Offset angle: 0.28713422429976143
Target angle: 1.2726553463078987, distance: 677.290025757717, angle diff: 2.2124435543392695, rotation direction: -1
Basic rotation angle: 1.693121693121693, rotation gain: 0.0034353606490095034
Rotation gain: 1.24, direction: -1, curvature radius: 7.5
{'type': 'running', 'physical': {'user_x': 203.85127636088956, 'user_y': 9.326537549182074, 'user_direction': 3.463934879483147}, 'virtual': {'user_x': 1945.7787293011452, 'user_y': 7625.039596825775, 'user_direction': -0.1434153129252961}, 'user_v': 7.999999999999999, 'user_w': 0, 'delta_t': 0.02, 'need_reset': False}
Tangent angle: 0.9800252568027084, User angle: 3.463934879483147, Offset angle: 0.2850529997819167
Target angle: 1.265078256584625, distance: 682.5166301889898, angle diff: 2.198856622898522, rotation direction: -1
Basic rotation angle: 1.693121693121693, rotation gain: 0.0034333616130496603
Rotation gain: 1.24, direction: -1, curvature radius: 7.5
{'type': 'running', 'physical': {'user_x': 197.78786275569504, 'user_y': 7.443073528515849, 'user_direction': 3.4427708583191254}, 'virtual': {'user_x': 1953.6965984101257, 'user_y': 7623.896203292012, 'user_direction': -0.14341531292531315}, 'user_v': 7.999999999999999, 'user_w': 0, 'delta_t': 0.02, 'need_reset': False}
Tangent angle: 0.9744586078012043, User angle: 3.4427708583191254, Offset angle: 0.28302713001620805
Target angle: 1.2574857378174125, distance: 687.6760243428322, angle diff: 2.185285120501713, rotation direction: -1
Basic rotation angle: 1.693121693121693, rotation gain: 0.003429491701502943
Rotation gain: 1.24, direction: -1, curvature radius: 7.5
{'type': 'running', 'physical': {'user_x': 191.6859483524842, 'user_y': 5.688347942935581, 'user_direction': 3.421606837155104}, 'virtual': {'user_x': 1961.6144675191063, 'user_y': 7622.752809758249, 'user_direction': -0.14341531292528875}, 'user_v': 7.999999999999999, 'user_w': 0, 'delta_t': 0.02, 'need_reset': False}
Tangent angle: 0.9688234954757111, User angle: 3.421606837155104, Offset angle: 0.28105524849792896
Target angle: 1.24987874397364, distance: 692.7674245687418, angle diff: 2.171728093181464, rotation direction: -1
Basic rotation angle: 1.693121693121693, rotation gain: 0.0034239729511197246
Rotation gain: 1.24, direction: -1, curvature radius: 7.5
{'type': 'running', 'physical': {'user_x': 185.54826619306192, 'user_y': 4.0631467324044825, 'user_direction': 3.4004428159910827}, 'virtual': {'user_x': 1968.7036372651646, 'user_y': 7621.729085984109, 'user_direction': -0.14341531292528875}, 'user_v': 0, 'user_w': 0.1, 'delta_t': 0.02, 'need_reset': False}
Tangent angle: 0.9631221605276621, User angle: 3.4004428159910827, Offset angle: 0.2791360383180686
Target angle: 1.2422581988457306, distance: 697.7900635134185, angle diff: 2.158184617145352, rotation direction: -1
Basic rotation angle: 0.0, rotation gain: 0.003010010451127212
Rotation gain: 1.24, direction: -1, curvature radius: 2500000
{'type': 'running', 'physical': {'user_x': 179.377565339578, 'user_y': 2.5681978230382443, 'user_direction': 3.3792787948270613}, 'virtual': {'user_x': 1968.7036372651646, 'user_y': 7621.729085984109, 'user_direction': -0.24341531292528876}, 'user_v': 0, 'user_w': 0.1, 'delta_t': 0.02, 'need_reset': False}
Tangent angle: 0.9573567674168824, User angle: 3.3792787948270613, Offset angle: 0.2772682303641785
Target angle: 1.2346249977810608, distance: 702.7431897870468, angle diff: 2.1446537970460007, rotation direction: -1
Basic rotation angle: 0.0, rotation gain: 0.0026477214149111623
Rotation gain: 1.24, direction: -1, curvature radius: 2500000
{'type': 'running', 'physical': {'user_x': 179.377565339578, 'user_y': 2.5681978230382443, 'user_direction': 3.459923956117384}, 'virtual': {'user_x': 1968.7036372651646, 'user_y': 7621.729085984109, 'user_direction': -0.34341531292528876}, 'user_v': 0, 'user_w': 0.1, 'delta_t': 0.02, 'need_reset': False}
Tangent angle: 0.9573567674168824, User angle: 3.459923956117384, Offset angle: 0.2772682303641785
Target angle: 1.2346249977810608, distance: 702.7431897870468, angle diff: 2.2252989583363227, rotation direction: -1
Basic rotation angle: 0.0, rotation gain: 0.0023307185082221188
Rotation gain: 1.24, direction: -1, curvature radius: 2500000
{'type': 'running', 'physical': {'user_x': 179.377565339578, 'user_y': 2.5681978230382443, 'user_direction': 3.5405691174077063}, 'virtual': {'user_x': 1968.7036372651646, 'user_y': 7621.729085984109, 'user_direction': -0.4434153129252888}, 'user_v': 0, 'user_w': 0.1, 'delta_t': 0.02, 'need_reset': False}
Tangent angle: 0.9573567674168824, User angle: 3.5405691174077063, Offset angle: 0.2772682303641785
Target angle: 1.2346249977810608, distance: 702.7431897870468, angle diff: 2.3059441196266457, rotation direction: -1
Basic rotation angle: 0.0, rotation gain: 0.0020533409648692057
Rotation gain: 1.24, direction: -1, curvature radius: 2500000
{'type': 'running', 'physical': {'user_x': 179.377565339578, 'user_y': 2.5681978230382443, 'user_direction': 3.621214278698029}, 'virtual': {'user_x': 1968.7036372651646, 'user_y': 7621.729085984109, 'user_direction': -0.5434153129252888}, 'user_v': 0, 'user_w': 0.1, 'delta_t': 0.02, 'need_reset': False}
Tangent angle: 0.9573567674168824, User angle: 3.621214278698029, Offset angle: 0.2772682303641785
Target angle: 1.2346249977810608, distance: 702.7431897870468, angle diff: 2.3865892809169678, rotation direction: -1
Basic rotation angle: 0.0, rotation gain: 0.001810635614435407
Rotation gain: 1.24, direction: -1, curvature radius: 2500000
{'type': 'running', 'physical': {'user_x': 179.377565339578, 'user_y': 2.5681978230382443, 'user_direction': 3.7018594399883513}, 'virtual': {'user_x': 1968.7036372651646, 'user_y': 7621.729085984109, 'user_direction': -0.6434153129252888}, 'user_v': 0, 'user_w': 0.1, 'delta_t': 0.02, 'need_reset': False}
Tangent angle: 0.9573567674168824, User angle: 3.7018594399883513, Offset angle: 0.2772682303641785
Target angle: 1.2346249977810608, distance: 702.7431897870468, angle diff: 2.4672344422072907, rotation direction: -1
Basic rotation angle: 0.0, rotation gain: 0.0015982684328058332
Rotation gain: 1.24, direction: -1, curvature radius: 2500000
{'type': 'running', 'physical': {'user_x': 179.377565339578, 'user_y': 2.5681978230382443, 'user_direction': 3.782504601278674}, 'virtual': {'user_x': 1968.7036372651646, 'user_y': 7621.729085984109, 'user_direction': -0.7434153129252887}, 'user_v': 0, 'user_w': 0.1, 'delta_t': 0.02, 'need_reset': False}
Tangent angle: 0.9573567674168824, User angle: 3.782504601278674, Offset angle: 0.2772682303641785
Target angle: 1.2346249977810608, distance: 702.7431897870468, angle diff: 2.5478796034976128, rotation direction: -1
Basic rotation angle: 0.0, rotation gain: 0.0014124471488799562
Rotation gain: 1.24, direction: -1, curvature radius: 2500000
{'type': 'running', 'physical': {'user_x': 179.377565339578, 'user_y': 2.5681978230382443, 'user_direction': 3.8631497625689963}, 'virtual': {'user_x': 1968.7036372651646, 'user_y': 7621.729085984109, 'user_direction': -0.8434153129252887}, 'user_v': 0, 'user_w': 0.1, 'delta_t': 0.02, 'need_reset': False}
Tangent angle: 0.9573567674168824, User angle: 3.8631497625689963, Offset angle: 0.2772682303641785
Target angle: 1.2346249977810608, distance: 702.7431897870468, angle diff: 2.6285247647879357, rotation direction: -1
Basic rotation angle: 0.0, rotation gain: 0.0012498535254448137
Rotation gain: 1.24, direction: -1, curvature radius: 2500000
{'type': 'running', 'physical': {'user_x': 179.377565339578, 'user_y': 2.5681978230382443, 'user_direction': 3.943794923859319}, 'virtual': {'user_x': 1968.7036372651646, 'user_y': 7621.729085984109, 'user_direction': -0.9434153129252887}, 'user_v': 0, 'user_w': 0.1, 'delta_t': 0.02, 'need_reset': False}
Tangent angle: 0.9573567674168824, User angle: 3.943794923859319, Offset angle: 0.2772682303641785
Target angle: 1.2346249977810608, distance: 702.7431897870468, angle diff: 2.709169926078258, rotation direction: -1
Basic rotation angle: 0.0, rotation gain: 0.0011075841049390642
Rotation gain: 1.24, direction: -1, curvature radius: 2500000
{'type': 'running', 'physical': {'user_x': 179.377565339578, 'user_y': 2.5681978230382443, 'user_direction': 4.024440085149641}, 'virtual': {'user_x': 1968.7036372651646, 'user_y': 7621.729085984109, 'user_direction': -1.0434153129252888}, 'user_v': 0, 'user_w': 0.1, 'delta_t': 0.02, 'need_reset': False}
Tangent angle: 0.9573567674168824, User angle: 4.024440085149641, Offset angle: 0.2772682303641785
Target angle: 1.2346249977810608, distance: 702.7431897870468, angle diff: 2.7898150873685807, rotation direction: -1
Basic rotation angle: 0.0, rotation gain: 0.0009830983619965332
Rotation gain: 1.24, direction: -1, curvature radius: 2500000
{'type': 'running', 'physical': {'user_x': 179.377565339578, 'user_y': 2.5681978230382443, 'user_direction': 4.105085246439964}, 'virtual': {'user_x': 1968.7036372651646, 'user_y': 7621.729085984109, 'user_direction': -1.1434153129252889}, 'user_v': 0, 'user_w': 0.1, 'delta_t': 0.02, 'need_reset': False}
Tangent angle: 0.9573567674168824, User angle: 4.105085246439964, Offset angle: 0.2772682303641785
Target angle: 0.6800885370527041, distance: 702.7431897870468, angle diff: 2.858188597792326, rotation direction: 1
Basic rotation angle: 0.0, rotation gain: 0.0008820276823968957
Rotation gain: 1.24, direction: 1, curvature radius: 2500000
{'type': 'running', 'physical': {'user_x': 179.377565339578, 'user_y': 2.5681978230382443, 'user_direction': 4.185730407730287}, 'virtual': {'user_x': 1968.7036372651646, 'user_y': 7621.729085984109, 'user_direction': -1.243415312925289}, 'user_v': 0, 'user_w': 0.1, 'delta_t': 0.02, 'need_reset': False}
Tangent angle: 0.9573567674168824, User angle: 4.185730407730287, Offset angle: 0.2772682303641785
Target angle: 0.6800885370527041, distance: 702.7431897870468, angle diff: 2.777543436502003, rotation direction: 1
Basic rotation angle: 0.0, rotation gain: 0.0007799180848582678
Rotation gain: 1.24, direction: 1, curvature radius: 2500000
{'type': 'running', 'physical': {'user_x': 179.377565339578, 'user_y': 2.5681978230382443, 'user_direction': 4.26637556902061}, 'virtual': {'user_x': 1968.7036372651646, 'user_y': 7621.729085984109, 'user_direction': -1.343415312925289}, 'user_v': 0, 'user_w': 0.1, 'delta_t': 0.02, 'need_reset': False}
Tangent angle: 0.9573567674168824, User angle: 4.26637556902061, Offset angle: 0.2772682303641785
Target angle: 0.6800885370527041, distance: 702.7431897870468, angle diff: 2.69689827521168, rotation direction: 1
Basic rotation angle: 0.0, rotation gain: 0.0006905721870119683
Rotation gain: 1.24, direction: 1, curvature radius: 2500000
{'type': 'running', 'physical': {'user_x': 179.377565339578, 'user_y': 2.5681978230382443, 'user_direction': 4.347020730310933}, 'virtual': {'user_x': 1968.7036372651646, 'user_y': 7621.729085984109, 'user_direction': -1.4434153129252891}, 'user_v': 0, 'user_w': 0.1, 'delta_t': 0.02, 'need_reset': False}
Tangent angle: 0.9573567674168824, User angle: 4.347020730310933, Offset angle: 0.2772682303641785
Target angle: 0.6800885370527041, distance: 702.7431897870468, angle diff: 2.616253113921357, rotation direction: 1
Basic rotation angle: 0.0, rotation gain: 0.0006123945263964563
Rotation gain: 1.24, direction: 1, curvature radius: 2500000
{'type': 'running', 'physical': {'user_x': 179.377565339578, 'user_y': 2.5681978230382443, 'user_direction': 4.427665891601256}, 'virtual': {'user_x': 1968.7036372651646, 'user_y': 7621.729085984109, 'user_direction': -1.642006127971222}, 'user_v': 7.999999999999999, 'user_w': 0, 'delta_t': 0.02, 'need_reset': False}
Tangent angle: 0.9573567674168824, User angle: 4.427665891601256, Offset angle: 0.2772682303641785
Target angle: 0.6800885370527041, distance: 702.7431897870468, angle diff: 2.5356079526310342, rotation direction: 1
Basic rotation angle: 1.693121693121693, rotation gain: 0.0007801610934264197
Rotation gain: 1.24, direction: 1, curvature radius: 7.5
{'type': 'running', 'physical': {'user_x': 179.377565339578, 'user_y': 2.5681978230382443, 'user_direction': 4.508311052891579}, 'virtual': {'user_x': 1968.1344401913097, 'user_y': 7613.749360757566, 'user_direction': -1.642006127971222}, 'user_v': 7.999999999999999, 'user_w': 0, 'delta_t': 0.02, 'need_reset': False}
Tangent angle: 0.9573567674168824, User angle: 4.508311052891579, Offset angle: 0.2772682303641785
Target angle: 0.6800885370527041, distance: 702.7431897870468, angle diff: 2.4549627913407113, rotation direction: 1
Basic rotation angle: 1.693121693121693, rotation gain: 0.0009269568395776377
Rotation gain: 1.24, direction: 1, curvature radius: 7.5
{'type': 'running', 'physical': {'user_x': 179.377565339578, 'user_y': 2.5681978230382443, 'user_direction': 4.508311052891579}, 'virtual': {'user_x': 1967.5652431174549, 'user_y': 7605.769635531024, 'user_direction': -1.6420061279712224}, 'user_v': 7.999999999999999, 'user_w': 0, 'delta_t': 0.02, 'need_reset': True}
{'type': 'running', 'physical': {'user_x': 179.377565339578, 'user_y': 2.5681978230382443, 'user_direction': 1.366718399301786}, 'virtual': {'user_x': 1966.9960460436, 'user_y': 7597.789910304481, 'user_direction': -1.6420061279712233}, 'user_v': 7.999999999999999, 'user_w': 0, 'delta_t': 0.02, 'need_reset': False}
Tangent angle: 0.9573567674168824, User angle: 1.366718399301786, Offset angle: 0.2772682303641785
Target angle: 1.2346249977810608, distance: 702.7431897870468, angle diff: 0.13209340152072513, rotation direction: -1
Basic rotation angle: 1.693121693121693, rotation gain: 0.001229955339875993
Rotation gain: 1.24, direction: -1, curvature radius: 7.5
{'type': 'running', 'physical': {'user_x': 180.79561109020912, 'user_y': 8.757023843691858, 'user_direction': 1.3455543781377648}, 'virtual': {'user_x': 1966.4268489697452, 'user_y': 7589.8101850779385, 'user_direction': -1.6420061279712241}, 'user_v': 7.999999999999999, 'user_w': 0, 'delta_t': 0.02, 'need_reset': False}
Tangent angle: 0.9540408325327983, User angle: 1.3455543781377648, Offset angle: 0.2795750690791158
Target angle: 1.233615901611914, distance: 696.6351818099629, angle diff: 0.11193847652585087, rotation direction: -1
Basic rotation angle: 1.693121693121693, rotation gain: 0.0014947935005145624
Rotation gain: 1.24, direction: -1, curvature radius: 7.5
{'type': 'running', 'physical': {'user_x': 182.34430993721722, 'user_y': 14.914454569739696, 'user_direction': 1.3243903569737436}, 'virtual': {'user_x': 1965.8576518958903, 'user_y': 7581.830459851396, 'user_direction': -1.6420061279712252}, 'user_v': 7.999999999999999, 'user_w': 0, 'delta_t': 0.02, 'need_reset': False}
Tangent angle: 0.9508440486281358, User angle: 1.3243903569737436, Offset angle: 0.2819381939565639
Target angle: 1.2327822425846997, distance: 690.4790879622963, angle diff: 0.09160811438904393, rotation direction: -1
Basic rotation angle: 1.693121693121693, rotation gain: 0.0017262909027397485
Rotation gain: 1.24, direction: -1, curvature radius: 7.5
{'type': 'running', 'physical': {'user_x': 184.02296821982432, 'user_y': 21.037732093667287, 'user_direction': 1.3032263358097225}, 'virtual': {'user_x': 1965.2884548220354, 'user_y': 7573.850734624853, 'user_direction': -1.6420061279712268}, 'user_v': 7.999999999999999, 'user_w': 0, 'delta_t': 0.02, 'need_reset': False}
Tangent angle: 0.947770240223913, User angle: 1.3032263358097225, Offset angle: 0.2843588497020048
Target angle: 1.2321290899259179, distance: 684.2764051374922, angle diff: 0.07109724588380462, rotation direction: -1
Basic rotation angle: 1.693121693121693, rotation gain: 0.0019286661739847475
Rotation gain: 1.24, direction: -1, curvature radius: 7.5
{'type': 'running', 'physical': {'user_x': 185.8308340685417, 'user_y': 27.124113805147733, 'user_direction': 1.2820623146457013}, 'virtual': {'user_x': 1964.7192577481806, 'user_y': 7565.871009398311, 'user_direction': -1.642006127971229}, 'user_v': 7.999999999999999, 'user_w': 0, 'delta_t': 0.02, 'need_reset': False}
Tangent angle: 0.9448233608007093, User angle: 1.2820623146457013, Offset angle: 0.2868383057087178
Target angle: 1.231661666509427, distance: 678.0286712167098, angle diff: 0.050400648136274206, rotation direction: -1
Basic rotation angle: 1.693121693121693, rotation gain: 0.002105612139620106
Rotation gain: 1.24, direction: -1, curvature radius: 7.5
{'type': 'running', 'physical': {'user_x': 187.76709774193154, 'user_y': 33.170873619454326, 'user_direction': 1.2608982934816801}, 'virtual': {'user_x': 1964.1500606743257, 'user_y': 7557.891284171768, 'user_direction': -1.6420061279712324}, 'user_v': 7.999999999999999, 'user_w': 0, 'delta_t': 0.02, 'need_reset': False}
Tangent angle: 0.9420074972480088, User angle: 1.2608982934816801, Offset angle: 0.2893778551061939
Target angle: 1.2313853523542027, distance: 671.737466736405, angle diff: 0.029512941127477488, rotation direction: -1
Basic rotation angle: 1.693121693121693, rotation gain: 0.0022603615805537594
Rotation gain: 1.24, direction: -1, curvature radius: 7.5
{'type': 'running', 'physical': {'user_x': 189.83089198928937, 'user_y': 39.17530319847138, 'user_direction': 1.239734272317659}, 'virtual': {'user_x': 1963.5808636004706, 'user_y': 7549.911558945226, 'user_direction': -1.6420061279712381}, 'user_v': 7.999999999999999, 'user_w': 0, 'delta_t': 0.02, 'need_reset': False}
Tangent angle: 0.9393268743799577, User angle: 1.239734272317659, Offset angle: 0.291978813587917
Target angle: 1.2313056879678745, distance: 665.4044166586426, angle diff: 0.00842858434978444, rotation direction: -1
Basic rotation angle: 1.693121693121693, rotation gain: 0.0023957447708063406
Rotation gain: 1.24, direction: -1, curvature radius: 7.5
{'type': 'running', 'physical': {'user_x': 192.02129243908487, 'user_y': 45.13471316375635, 'user_direction': 1.2185702511536378}, 'virtual': {'user_x': 1963.0116665266155, 'user_y': 7541.931833718683, 'user_direction': -1.6420061279712348}, 'user_v': 7.999999999999999, 'user_w': 0, 'delta_t': 0.02, 'need_reset': False}
Tangent angle: 0.9367858595042273, User angle: 1.2185702511536378, Offset angle: 0.2946425179909164
Target angle: 1.2314283774951438, distance: 659.031192250368, angle diff: 0.01285812634150596, rotation direction: 1
Basic rotation angle: 1.693121693121693, rotation gain: 0.00251423982240285
Rotation gain: 1.24, direction: 1, curvature radius: 7.5
{'type': 'running', 'physical': {'user_x': 194.0850866864427, 'user_y': 51.1391427427734, 'user_direction': 1.239734272317659}, 'virtual': {'user_x': 1962.5035856204813, 'user_y': 7534.808912308801, 'user_direction': -1.6420061279712348}, 'user_v': 0, 'user_w': 0.1, 'delta_t': 0.02, 'need_reset': False}
Tangent angle: 0.9340111014367309, User angle: 1.239734272317659, Offset angle: 0.297336479339172
Target angle: 1.231347580775903, distance: 652.6983663833473, angle diff: 0.008386691541756086, rotation direction: -1
Basic rotation angle: 0.0, rotation gain: 0.002213891186503271
Rotation gain: 1.24, direction: -1, curvature radius: 2500000
{'type': 'running', 'physical': {'user_x': 196.2754871362382, 'user_y': 57.09855270805837, 'user_direction': 1.2185702511536378}, 'virtual': {'user_x': 1962.5035856204813, 'user_y': 7534.808912308801, 'user_direction': -1.7420061279712349}, 'user_v': 0, 'user_w': 0.1, 'delta_t': 0.02, 'need_reset': False}
Tangent angle: 0.931376540613873, User angle: 1.2185702511536378, Offset angle: 0.30009655313525524
Target angle: 1.2314730937491283, distance: 646.3245808096475, angle diff: 0.01290284259549046, rotation direction: 1
Basic rotation angle: 0.0, rotation gain: 0.0019510873154024457
Rotation gain: 1.24, direction: 1, curvature radius: 2500000
{'type': 'running', 'physical': {'user_x': 196.2754871362382, 'user_y': 57.09855270805837, 'user_direction': 1.2992154124439603}, 'virtual': {'user_x': 1962.5035856204813, 'user_y': 7534.808912308801, 'user_direction': -1.842006127971235}, 'user_v': 0, 'user_w': 0.1, 'delta_t': 0.02, 'need_reset': False}
Tangent angle: 0.931376540613873, User angle: 1.2992154124439603, Offset angle: 0.30009655313525524
Target angle: 1.2314730937491283, distance: 646.3245808096475, angle diff: 0.06774231869483205, rotation direction: -1
Basic rotation angle: 0.0, rotation gain: 0.0017211339281892233
Rotation gain: 1.24, direction: -1, curvature radius: 2500000
{'type': 'running', 'physical': {'user_x': 196.2754871362382, 'user_y': 57.09855270805837, 'user_direction': 1.3798605737342828}, 'virtual': {'user_x': 1962.5035856204813, 'user_y': 7534.808912308801, 'user_direction': -1.942006127971235}, 'user_v': 0, 'user_w': 0.1, 'delta_t': 0.02, 'need_reset': False}
Tangent angle: 0.931376540613873, User angle: 1.3798605737342828, Offset angle: 0.30009655313525524
Target angle: 1.2314730937491283, distance: 646.3245808096475, angle diff: 0.14838747998515456, rotation direction: -1
Basic rotation angle: 0.0, rotation gain: 0.0015199247143776538
Rotation gain: 1.24, direction: -1, curvature radius: 2500000
{'type': 'running', 'physical': {'user_x': 196.2754871362382, 'user_y': 57.09855270805837, 'user_direction': 1.4605057350246053}, 'virtual': {'user_x': 1962.5035856204813, 'user_y': 7534.808912308801, 'user_direction': -2.042006127971235}, 'user_v': 0, 'user_w': 0.1, 'delta_t': 0.02, 'need_reset': False}
Tangent angle: 0.931376540613873, User angle: 1.4605057350246053, Offset angle: 0.30009655313525524
Target angle: 1.2314730937491283, distance: 646.3245808096475, angle diff: 0.22903264127547707, rotation direction: -1
Basic rotation angle: 0.0, rotation gain: 0.0013438666522925305
Rotation gain: 1.24, direction: -1, curvature radius: 2500000
{'type': 'running', 'physical': {'user_x': 196.2754871362382, 'user_y': 57.09855270805837, 'user_direction': 1.5411508963149279}, 'virtual': {'user_x': 1962.5035856204813, 'user_y': 7534.808912308801, 'user_direction': -2.1420061279712352}, 'user_v': 0, 'user_w': 0.1, 'delta_t': 0.02, 'need_reset': False}
Tangent angle: 0.931376540613873, User angle: 1.5411508963149279, Offset angle: 0.30009655313525524
Target angle: 1.2314730937491283, distance: 646.3245808096475, angle diff: 0.3096778025657996, rotation direction: -1
Basic rotation angle: 0.0, rotation gain: 0.0011898158479680477
Rotation gain: 1.24, direction: -1, curvature radius: 2500000
{'type': 'running', 'physical': {'user_x': 196.2754871362382, 'user_y': 57.09855270805837, 'user_direction': 1.6217960576052504}, 'virtual': {'user_x': 1962.5035856204813, 'user_y': 7534.808912308801, 'user_direction': -2.2420061279712353}, 'user_v': 0, 'user_w': 0.1, 'delta_t': 0.02, 'need_reset': False}
Tangent angle: 0.931376540613873, User angle: 1.6217960576052504, Offset angle: 0.30009655313525524
Target angle: 1.2314730937491283, distance: 646.3245808096475, angle diff: 0.3903229638561221, rotation direction: -1
Basic rotation angle: 0.0, rotation gain: 0.0010550213941841252
Rotation gain: 1.24, direction: -1, curvature radius: 2500000
{'type': 'running', 'physical': {'user_x': 196.2754871362382, 'user_y': 57.09855270805837, 'user_direction': 1.7024412188955729}, 'virtual': {'user_x': 1962.5035856204813, 'user_y': 7534.808912308801, 'user_direction': -2.3420061279712354}, 'user_v': 0, 'user_w': 0.1, 'delta_t': 0.02, 'need_reset': False}
Tangent angle: 0.931376540613873, User angle: 1.7024412188955729, Offset angle: 0.30009655313525524
Target angle: 1.2314730937491283, distance: 646.3245808096475, angle diff: 0.4709681251464446, rotation direction: -1
Basic rotation angle: 0.0, rotation gain: 0.000937076247123193
Rotation gain: 1.24, direction: -1, curvature radius: 2500000
{'type': 'running', 'physical': {'user_x': 196.2754871362382, 'user_y': 57.09855270805837, 'user_direction': 1.7830863801858954}, 'virtual': {'user_x': 1962.5035856204813, 'user_y': 7534.808912308801, 'user_direction': -2.4420061279712355}, 'user_v': 0, 'user_w': 0.1, 'delta_t': 0.02, 'need_reset': False}
Tangent angle: 0.931376540613873, User angle: 1.7830863801858954, Offset angle: 0.30009655313525524
Target angle: 1.2314730937491283, distance: 646.3245808096475, angle diff: 0.5516132864367671, rotation direction: -1
Basic rotation angle: 0.0, rotation gain: 0.0008338742434448774
Rotation gain: 1.24, direction: -1, curvature radius: 2500000
{'type': 'running', 'physical': {'user_x': 196.2754871362382, 'user_y': 57.09855270805837, 'user_direction': 1.863731541476218}, 'virtual': {'user_x': 1962.5035856204813, 'user_y': 7534.808912308801, 'user_direction': -2.5420061279712356}, 'user_v': 0, 'user_w': 0.1, 'delta_t': 0.02, 'need_reset': False}
Tangent angle: 0.931376540613873, User angle: 1.863731541476218, Offset angle: 0.30009655313525524
Target angle: 1.2314730937491283, distance: 646.3245808096475, angle diff: 0.6322584477270896, rotation direction: -1
Basic rotation angle: 0.0, rotation gain: 0.0007435724902263512
Rotation gain: 1.24, direction: -1, curvature radius: 2500000
{'type': 'running', 'physical': {'user_x': 196.2754871362382, 'user_y': 57.09855270805837, 'user_direction': 1.9443767027665404}, 'virtual': {'user_x': 1962.5035856204813, 'user_y': 7534.808912308801, 'user_direction': -2.6420061279712357}, 'user_v': 0, 'user_w': 0.1, 'delta_t': 0.02, 'need_reset': False}
Tangent angle: 0.931376540613873, User angle: 1.9443767027665404, Offset angle: 0.30009655313525524
Target angle: 1.2314730937491283, distance: 646.3245808096475, angle diff: 0.7129036090174121, rotation direction: -1
Basic rotation angle: 0.0, rotation gain: 0.0006645584561601408
Rotation gain: 1.24, direction: -1, curvature radius: 2500000
{'type': 'running', 'physical': {'user_x': 196.2754871362382, 'user_y': 57.09855270805837, 'user_direction': 2.025021864056863}, 'virtual': {'user_x': 1962.5035856204813, 'user_y': 7534.808912308801, 'user_direction': -2.7420061279712358}, 'user_v': 0, 'user_w': 0.1, 'delta_t': 0.02, 'need_reset': False}
Tangent angle: 0.931376540613873, User angle: 2.025021864056863, Offset angle: 0.30009655313525524
Target angle: 1.2314730937491283, distance: 646.3245808096475, angle diff: 0.7935487703077349, rotation direction: -1
Basic rotation angle: 0.0, rotation gain: 0.0005954211763522067
Rotation gain: 1.24, direction: -1, curvature radius: 2500000
{'type': 'running', 'physical': {'user_x': 196.2754871362382, 'user_y': 57.09855270805837, 'user_direction': 2.1056670253471856}, 'virtual': {'user_x': 1962.5035856204813, 'user_y': 7534.808912308801, 'user_direction': -2.842006127971236}, 'user_v': 0, 'user_w': 0.1, 'delta_t': 0.02, 'need_reset': False}
Tangent angle: 0.931376540613873, User angle: 2.1056670253471856, Offset angle: 0.30009655313525524
Target angle: 1.2314730937491283, distance: 646.3245808096475, angle diff: 0.8741939315980574, rotation direction: -1
Basic rotation angle: 0.0, rotation gain: 0.0005349260565202643
Rotation gain: 1.24, direction: -1, curvature radius: 2500000
{'type': 'running', 'physical': {'user_x': 196.2754871362382, 'user_y': 57.09855270805837, 'user_direction': 2.186312186637508}, 'virtual': {'user_x': 1962.5035856204813, 'user_y': 7534.808912308801, 'user_direction': -2.942006127971236}, 'user_v': 0, 'user_w': 0.1, 'delta_t': 0.02, 'need_reset': False}
Tangent angle: 0.931376540613873, User angle: 2.186312186637508, Offset angle: 0.30009655313525524
Target angle: 1.2314730937491283, distance: 646.3245808096475, angle diff: 0.9548390928883799, rotation direction: -1
Basic rotation angle: 0.0, rotation gain: 0.0004819928266673147
Rotation gain: 1.24, direction: -1, curvature radius: 2500000
{'type': 'running', 'physical': {'user_x': 196.2754871362382, 'user_y': 57.09855270805837, 'user_direction': 2.2669573479278307}, 'virtual': {'user_x': 1962.5035856204813, 'user_y': 7534.808912308801, 'user_direction': -3.042006127971236}, 'user_v': 0, 'user_w': 0.1, 'delta_t': 0.02, 'need_reset': False}
Tangent angle: 0.931376540613873, User angle: 2.2669573479278307, Offset angle: 0.30009655313525524
Target angle: 1.2314730937491283, distance: 646.3245808096475, angle diff: 1.0354842541787024, rotation direction: -1
Basic rotation angle: 0.0, rotation gain: 0.0004356762505459839
Rotation gain: 1.24, direction: -1, curvature radius: 2500000
{'type': 'running', 'physical': {'user_x': 196.2754871362382, 'user_y': 57.09855270805837, 'user_direction': 2.347602509218153}, 'virtual': {'user_x': 1962.5035856204813, 'user_y': 7534.808912308801, 'user_direction': 3.14117917920835}, 'user_v': 0, 'user_w': 0.1, 'delta_t': 0.02, 'need_reset': False}
Tangent angle: 0.931376540613873, User angle: 2.347602509218153, Offset angle: 0.30009655313525524
Target angle: 1.2314730937491283, distance: 646.3245808096475, angle diff: 1.1161294154690249, rotation direction: -1
Basic rotation angle: 0.0, rotation gain: 0.00039514924643981936
Rotation gain: 1.24, direction: -1, curvature radius: 2500000
{'type': 'running', 'physical': {'user_x': 196.2754871362382, 'user_y': 57.09855270805837, 'user_direction': 2.4282476705084757}, 'virtual': {'user_x': 1962.5035856204813, 'user_y': 7534.808912308801, 'user_direction': 3.04117917920835}, 'user_v': 0, 'user_w': 0.1, 'delta_t': 0.02, 'need_reset': False}
Tangent angle: 0.931376540613873, User angle: 2.4282476705084757, Offset angle: 0.30009655313525524
Target angle: 1.2314730937491283, distance: 646.3245808096475, angle diff: 1.1967745767593474, rotation direction: -1
Basic rotation angle: 0.0, rotation gain: 0.0003596881178469254
Rotation gain: 1.24, direction: -1, curvature radius: 2500000
{'type': 'running', 'physical': {'user_x': 196.2754871362382, 'user_y': 57.09855270805837, 'user_direction': 2.508892831798798}, 'virtual': {'user_x': 1962.5035856204813, 'user_y': 7534.808912308801, 'user_direction': 2.94117917920835}, 'user_v': 0, 'user_w': 0.1, 'delta_t': 0.02, 'need_reset': False}
Tangent angle: 0.931376540613873, User angle: 2.508892831798798, Offset angle: 0.30009655313525524
Target angle: 1.2314730937491283, distance: 646.3245808096475, angle diff: 1.27741973804967, rotation direction: -1
Basic rotation angle: 0.0, rotation gain: 0.0003286596303281432
Rotation gain: 1.24, direction: -1, curvature radius: 2500000
{'type': 'running', 'physical': {'user_x': 196.2754871362382, 'user_y': 57.09855270805837, 'user_direction': 2.5895379930891207}, 'virtual': {'user_x': 1962.5035856204813, 'user_y': 7534.808912308801, 'user_direction': 2.7724487708647536}, 'user_v': 7.999999999999999, 'user_w': 0, 'delta_t': 0.02, 'need_reset': False}
Tangent angle: 0.931376540613873, User angle: 2.5895379930891207, Offset angle: 0.30009655313525524
Target angle: 1.2314730937491283, distance: 646.3245808096475, angle diff: 1.3580648993399924, rotation direction: -1
Basic rotation angle: 1.693121693121693, rotation gain: 0.0007055529928996296
Rotation gain: 1.24, direction: -1, curvature radius: 7.5
{'type': 'running', 'physical': {'user_x': 196.2754871362382, 'user_y': 57.09855270805837, 'user_direction': 2.670183154379443}, 'virtual': {'user_x': 1955.042492907538, 'user_y': 7537.695449252764, 'user_direction': 2.7724487708647536}, 'user_v': 7.999999999999999, 'user_w': 0, 'delta_t': 0.02, 'need_reset': False}
Tangent angle: 0.931376540613873, User angle: 2.670183154379443, Offset angle: 0.30009655313525524
Target angle: 1.2314730937491283, distance: 646.3245808096475, angle diff: 1.438710060630315, rotation direction: -1
Basic rotation angle: 1.693121693121693, rotation gain: 0.0010353346851496802
Rotation gain: 1.24, direction: -1, curvature radius: 7.5
{'type': 'running', 'physical': {'user_x': 190.68108222964557, 'user_y': 60.10106082726375, 'user_direction': 2.649019133215422}, 'virtual': {'user_x': 1947.5814001945946, 'user_y': 7540.581986196727, 'user_direction': 2.772448770864753}, 'user_v': 7.999999999999999, 'user_w': 0, 'delta_t': 0.02, 'need_reset': False}
Tangent angle: 0.9221060155540406, User angle: 2.649019133215422, Offset angle: 0.29965898102314614
Target angle: 1.2217649965771868, distance: 647.3274603819461, angle diff: 1.427254136638235, rotation direction: -1
Basic rotation angle: 1.693121693121693, rotation gain: 0.0013211371070006091
Rotation gain: 1.24, direction: -1, curvature radius: 7.5
{'type': 'running', 'physical': {'user_x': 185.15147058911273, 'user_y': 63.221287801329254, 'user_direction': 2.6278551120514004}, 'virtual': {'user_x': 1940.1203074816513, 'user_y': 7543.468523140689, 'user_direction': 2.7724487708647527}, 'user_v': 7.999999999999999, 'user_w': 0, 'delta_t': 0.02, 'need_reset': False}
Tangent angle: 0.9128319304314751, User angle: 2.6278551120514004, Offset angle: 0.29925667389980404
Target angle: 1.2120886043312793, distance: 648.2520252371289, angle diff: 1.4157665077201211, rotation direction: -1
Basic rotation angle: 1.693121693121693, rotation gain: 0.001568454348217574
Rotation gain: 1.24, direction: -1, curvature radius: 7.5
{'type': 'running', 'physical': {'user_x': 179.68912892256776, 'user_y': 66.45783608348553, 'user_direction': 2.606691090887379}, 'virtual': {'user_x': 1932.659214768708, 'user_y': 7546.355060084652, 'user_direction': 2.7724487708647523}, 'user_v': 7.999999999999999, 'user_w': 0, 'delta_t': 0.02, 'need_reset': False}
Tangent angle: 0.9035545870484385, User angle: 2.606691090887379, Offset angle: 0.2988893954133665
Target angle: 1.202443982461805, distance: 649.098196748833, angle diff: 1.404247108425574, rotation direction: -1
Basic rotation angle: 1.693121693121693, rotation gain: 0.0017820939584146033
Rotation gain: 1.24, direction: -1, curvature radius: 7.5
{'type': 'running', 'physical': {'user_x': 174.2965038077797, 'user_y': 69.80925602675718, 'user_direction': 2.5855270697233577}, 'virtual': {'user_x': 1925.1981220557645, 'user_y': 7549.241597028615, 'user_direction': 2.772448770864752}, 'user_v': 7.999999999999999, 'user_w': 0, 'delta_t': 0.02, 'need_reset': False}
Tangent angle: 0.8942742842935423, User angle: 2.5855270697233577, Offset angle: 0.29855693048066867
Target angle: 1.1928312147742108, distance: 649.8659028331772, angle diff: 1.3926958549491468, rotation direction: -1
Basic rotation angle: 1.693121693121693, rotation gain: 0.0019662627685516775
Rotation gain: 1.24, direction: -1, curvature radius: 7.5
{'type': 'running', 'physical': {'user_x': 168.97601059653863, 'user_y': 73.27404653325827, 'user_direction': 2.5643630485593363}, 'virtual': {'user_x': 1917.7370293428212, 'user_y': 7552.128133972577, 'user_direction': 2.772448770864751}, 'user_v': 7.999999999999999, 'user_w': 0, 'delta_t': 0.02, 'need_reset': False}
Tangent angle: 0.8849913184181908, User angle: 2.5643630485593363, Offset angle: 0.29825908497263914
Target angle: 1.18325040339083, distance: 650.5550779885768, angle diff: 1.3811126451685063, rotation direction: -1
Basic rotation angle: 1.693121693121693, rotation gain: 0.002124641984837357
Rotation gain: 1.24, direction: -1, curvature radius: 7.5
{'type': 'running', 'physical': {'user_x': 163.730032332822, 'user_y': 76.85065572653266, 'user_direction': 2.543199027395315}, 'virtual': {'user_x': 1910.2759366298778, 'user_y': 7555.01467091654, 'user_direction': 2.7724487708647505}, 'user_v': 7.999999999999999, 'user_w': 0, 'delta_t': 0.02, 'need_reset': False}
Tangent angle: 0.8757059833080443, User angle: 2.543199027395315, Offset angle: 0.29799568543157234
Target angle: 1.1737016687396167, distance: 651.1656633315974, angle diff: 1.3694973586556982, rotation direction: -1
Basic rotation angle: 1.693121693121693, rotation gain: 0.002260452895990659
Rotation gain: 1.24, direction: -1, curvature radius: 7.5
{'type': 'running', 'physical': {'user_x': 158.56091868543126, 'user_y': 80.5374816466381, 'user_direction': 2.5220350062312935}, 'virtual': {'user_x': 1902.8148439169345, 'user_y': 7557.901207860503, 'user_direction': 2.7724487708647496}, 'user_v': 7.999999999999999, 'user_w': 0, 'delta_t': 0.02, 'need_reset': False}
Tangent angle: 0.8664185707500285, User angle: 2.5220350062312935, Offset angle: 0.2977665788194926
Target angle: 1.164185149569521, distance: 651.6976066289236, angle diff: 1.3578498566617725, rotation direction: -1
Basic rotation angle: 1.693121693121693, rotation gain: 0.002376514367196862
Rotation gain: 1.24, direction: -1, curvature radius: 7.5
{'type': 'running', 'physical': {'user_x': 153.47098489557752, 'user_y': 84.33287296766251, 'user_direction': 2.500870985067272}, 'virtual': {'user_x': 1895.3537512039911, 'user_y': 7560.787744804466, 'user_direction': 2.7724487708647487}, 'user_v': 7.999999999999999, 'user_w': 0, 'delta_t': 0.02, 'need_reset': False}
Tangent angle: 0.857129370695414, User angle: 2.500870985067272, Offset angle: 0.2975716322969157
Target angle: 1.1547010029923297, distance: 652.1508623255131, angle diff: 1.3461699820749424, rotation direction: -1
Basic rotation angle: 1.693121693121693, rotation gain: 0.002475293147425282
Rotation gain: 1.24, direction: -1, curvature radius: 7.5
{'type': 'running', 'physical': {'user_x': 148.46251073988705, 'user_y': 88.23512973735141, 'user_direction': 2.4797069639032507}, 'virtual': {'user_x': 1887.8926584910478, 'user_y': 7563.674281748428, 'user_direction': 2.772448770864748}, 'user_v': 7.999999999999999, 'user_w': 0, 'delta_t': 0.02, 'need_reset': False}
Tangent angle: 0.847838671519463, User angle: 2.4797069639032507, Offset angle: 0.297410733031399
Target angle: 1.1452494045508619, distance: 652.5253915689964, angle diff: 1.3344575593523889, rotation direction: -1
Basic rotation angle: 1.693121693121693, rotation gain: 0.002558947888443748
Rotation gain: 1.24, direction: -1, curvature radius: 7.5
{'type': 'running', 'physical': {'user_x': 143.5377395092915, 'user_y': 92.24250413851493, 'user_direction': 2.4585429427392294}, 'virtual': {'user_x': 1880.4315657781044, 'user_y': 7566.560818692391, 'user_direction': 2.7724487708647465}, 'user_v': 7.999999999999999, 'user_w': 0, 'delta_t': 0.02, 'need_reset': False}
Tangent angle: 0.8385467602781405, User angle: 2.4585429427392294, Offset angle: 0.29728378803535654
Target angle: 1.135830548313497, distance: 652.8211622303718, angle diff: 1.3227123944257324, rotation direction: -1
Basic rotation angle: 1.693121693121693, rotation gain: 0.0026293676615729
Rotation gain: 1.24, direction: -1, curvature radius: 7.5
{'type': 'running', 'physical': {'user_x': 138.69887700425997, 'user_y': 96.35320127187347, 'user_direction': 2.437378921575208}, 'virtual': {'user_x': 1872.970473065161, 'user_y': 7569.447355636354, 'user_direction': 2.772448770864745}, 'user_v': 7.999999999999999, 'user_w': 0, 'delta_t': 0.02, 'need_reset': False}
Tangent angle: 0.8292539229623777, User angle: 2.437378921575208, Offset angle: 0.2971907240326966
Target angle: 1.1264446469950742, distance: 653.0381489210419, angle diff: 1.3109342745801338, rotation direction: -1
Basic rotation angle: 1.693121693121693, rotation gain: 0.002688205659968257
Rotation gain: 1.24, direction: -1, curvature radius: 7.5
{'type': 'running', 'physical': {'user_x': 133.94809054682298, 'user_y': 100.56537995999147, 'user_direction': 2.4162149004111866}, 'virtual': {'user_x': 1865.5093803522177, 'user_y': 7572.333892580316, 'user_direction': 2.772448770864744}, 'user_v': 7.999999999999999, 'user_w': 0, 'delta_t': 0.02, 'need_reset': False}
Tangent angle: 0.8199604447503557, User angle: 2.4162149004111866, Offset angle: 0.2971314873539182
Target angle: 1.1170919321042738, distance: 653.1763330062258, angle diff: 1.2991229683069128, rotation direction: -1
Basic rotation angle: 1.693121693121693, rotation gain: 0.0027369086882447612
Rotation gain: 1.24, direction: -1, curvature radius: 7.5
{'type': 'running', 'physical': {'user_x': 129.28750800983101, 'user_y': 104.87715357193909, 'user_direction': 2.395050879247165}, 'virtual': {'user_x': 1858.0482876392743, 'user_y': 7575.220429524279, 'user_direction': 2.772448770864742}, 'user_v': 7.999999999999999, 'user_w': 0, 'delta_t': 0.02, 'need_reset': False}
Tangent angle: 0.8106666102582882, User angle: 2.395050879247165, Offset angle: 0.2971060438593841
Target angle: 1.1077726541176722, distance: 653.2357026147761, angle diff: 1.287278225129493, rotation direction: -1
Basic rotation angle: 1.693121693121693, rotation gain: 0.0027767429660319064
Rotation gain: 1.24, direction: -1, curvature radius: 7.5
{'type': 'running', 'physical': {'user_x': 124.7192168638822, 'user_y': 109.28659086831237, 'user_direction': 2.373886858083144}, 'virtual': {'user_x': 1850.587194926331, 'user_y': 7578.106966468242, 'user_direction': 2.7724487708647403}, 'user_v': 7.999999999999999, 'user_w': 0, 'delta_t': 0.02, 'need_reset': False}
Tangent angle: 0.8013727037901619, User angle: 2.373886858083144, Offset angle: 0.2971143788905593
Target angle: 1.0984870826807211, distance: 653.2162526454196, angle diff: 1.2753997754024227, rotation direction: -1
Basic rotation angle: 1.693121693121693, rotation gain: 0.0028088167062243407
Rotation gain: 1.24, direction: -1, curvature radius: 7.5
{'type': 'running', 'physical': {'user_x': 120.24526324234613, 'user_y': 113.79171686623368, 'user_direction': 2.3527228369191224}, 'virtual': {'user_x': 1843.1261022133876, 'user_y': 7580.9935034122045, 'user_direction': 2.772448770864738}, 'user_v': 7.999999999999999, 'user_w': 0, 'delta_t': 0.02, 'need_reset': False}
Tangent angle: 0.7920790095869039, User angle: 2.3527228369191224, Offset angle: 0.2971564972490866
Target angle: 1.0892355068359905, distance: 653.1179847694369, angle diff: 1.263487330083132, rotation direction: -1
Basic rotation angle: 1.693121693121693, rotation gain: 0.0028340998710974785
Rotation gain: 1.24, direction: -1, curvature radius: 7.5
{'type': 'running', 'physical': {'user_x': 115.86765102490271, 'user_y': 118.39051372394466, 'user_direction': 2.331558815755101}, 'virtual': {'user_x': 1835.6650095004443, 'user_y': 7583.880040356167, 'user_direction': 2.772448770864735}, 'user_v': 7.999999999999999, 'user_w': 0, 'delta_t': 0.02, 'need_reset': False}
Tangent angle: 0.7827858120754279, User angle: 2.331558815755101, Offset angle: 0.29723242320363963
Target angle: 1.0800182352790675, distance: 652.9409074297852, angle diff: 1.2515405804760336, rotation direction: -1
Basic rotation angle: 1.693121693121693, rotation gain: 0.002853441459061791
Rotation gain: 1.24, direction: -1, curvature radius: 7.5
{'type': 'running', 'physical': {'user_x': 111.58834094000625, 'user_y': 123.08092164459566, 'user_direction': 2.3103947945910797}, 'virtual': {'user_x': 1828.203916787501, 'user_y': 7586.76657730013, 'user_direction': 2.7724487708647314}, 'user_v': 7.999999999999999, 'user_w': 0, 'delta_t': 0.02, 'need_reset': False}
Tangent angle: 0.7734933961180288, User angle: 2.3103947945910797, Offset angle: 0.29734220052457433
Target angle: 1.070835596642603, distance: 652.6850358366613, angle diff: 1.2395591979484766, rotation direction: -1
Basic rotation angle: 1.693121693121693, rotation gain: 0.0028675846307330425
Rotation gain: 1.24, direction: -1, curvature radius: 7.5
{'type': 'running', 'physical': {'user_x': 107.40924968667697, 'user_y': 127.86083979882686, 'user_direction': 2.2892307734270583}, 'virtual': {'user_x': 1820.7428240745576, 'user_y': 7589.653114244093, 'user_direction': 2.772448770864727}, 'user_v': 7.999999999999999, 'user_w': 0, 'delta_t': 0.02, 'need_reset': False}
Tangent angle: 0.7642020472625779, User angle: 2.2892307734270583, Offset angle: 0.2974858925464707
Target angle: 1.0616879398090486, distance: 652.3503919594988, angle diff: 1.2275428336180096, rotation direction: -1
Basic rotation angle: 1.693121693121693, rotation gain: 0.0028771799444114203
Rotation gain: 1.24, direction: -1, curvature radius: 7.5
{'type': 'running', 'physical': {'user_x': 103.33224907601338, 'user_y': 132.7281272657278, 'user_direction': 2.268066752263037}, 'virtual': {'user_x': 1813.2817313616142, 'user_y': 7592.539651188055, 'user_direction': 2.772448770864721}, 'user_v': 7.999999999999999, 'user_w': 0, 'delta_t': 0.02, 'need_reset': False}
Tangent angle: 0.7549120519939887, User angle: 2.268066752263037, Offset angle: 0.2976635822587355
Target angle: 1.0525756342527242, distance: 651.9370045153788, angle diff: 1.2154911180103127, rotation direction: -1
Basic rotation angle: 1.693121693121693, rotation gain: 0.0028827969373012526
Rotation gain: 1.24, direction: -1, curvature radius: 7.5
{'type': 'running', 'physical': {'user_x': 99.35916519280975, 'user_y': 137.68060399175388, 'user_direction': 2.2469027310990155}, 'virtual': {'user_x': 1805.8206386486709, 'user_y': 7595.426188132018, 'user_direction': 2.7724487708647136}, 'user_v': 7.999999999999999, 'user_w': 0, 'delta_t': 0.02, 'need_reset': False}
Tangent angle: 0.7456236979874196, User angle: 2.2469027310990155, Offset angle: 0.29787537242451
Target angle: 1.0434990704119296, distance: 651.4449089538347, angle diff: 1.203403660687086, rotation direction: -1
Basic rotation angle: 1.693121693121693, rotation gain: 0.002884934259261918
Rotation gain: 1.24, direction: -1, curvature radius: 7.5
{'type': 'running', 'physical': {'user_x': 95.49177757765447, 'user_y': 142.71605176717026, 'user_direction': 2.225738709934994}, 'virtual': {'user_x': 1798.3595459357275, 'user_y': 7598.312725075982, 'user_direction': 2.772448770864702}, 'user_v': 7.999999999999999, 'user_w': 0, 'delta_t': 0.02, 'need_reset': False}
Tangent angle: 0.7363372743636822, User angle: 2.225738709934994, Offset angle: 0.2981213857282076
Target angle: 1.03445866009189, distance: 650.874147438013, angle diff: 1.1912800498431042, rotation direction: -1
Basic rotation angle: 1.693121693121693, rotation gain: 0.002884028540032128
Rotation gain: 1.24, direction: -1, curvature radius: 7.5
{'type': 'running', 'physical': {'user_x': 91.73181842987543, 'user_y': 147.83221521958603, 'user_direction': 2.2045746887709727}, 'virtual': {'user_x': 1790.8984532227842, 'user_y': 7601.199262019944, 'user_direction': 2.7724487708647145}, 'user_v': 7.999999999999999, 'user_w': 0, 'delta_t': 0.02, 'need_reset': False}
Tangent angle: 0.7270530719473438, User angle: 2.2045746887709727, Offset angle: 0.29840176495208076
Target angle: 1.0254548368994245, distance: 650.2247688221573, angle diff: 1.1791198518715482, rotation direction: -1
Basic rotation angle: 1.693121693121693, rotation gain: 0.002880462148252418
Rotation gain: 1.24, direction: -1, curvature radius: 7.5
{'type': 'running', 'physical': {'user_x': 88.08097183168955, 'user_y': 153.02680282413337, 'user_direction': 2.1834106676069513}, 'virtual': {'user_x': 1783.4373605098408, 'user_y': 7604.085798963908, 'user_direction': 2.7724487708646945}, 'user_v': 7.999999999999999, 'user_w': 0, 'delta_t': 0.02, 'need_reset': False}
Tangent angle: 0.7177713835280044, User angle: 2.1834106676069513, Offset angle: 0.2987166731823024
Target angle: 1.0164880567103067, distance: 649.4968286253626, angle diff: 1.1669226108966446, rotation direction: -1
Basic rotation angle: 1.693121693121693, rotation gain: 0.002874569980820533
Rotation gain: 1.24, direction: -1, curvature radius: 7.5
{'type': 'running', 'physical': {'user_x': 84.54087299390396, 'user_y': 158.2974879298394, 'user_direction': 2.16224664644293}, 'virtual': {'user_x': 1775.9762677968974, 'user_y': 7606.972335907871, 'user_direction': 2.7724487708647176}, 'user_v': 7.999999999999999, 'user_w': 0, 'delta_t': 0.02, 'need_reset': False}
Tangent angle: 0.7084925041252506, User angle: 2.16224664644293, Offset angle: 0.29906629404512447
Target angle: 1.007558798170375, distance: 648.690389001546, angle diff: 1.1546878482725549, rotation direction: -1
Basic rotation angle: 1.693121693121693, rotation gain: 0.0028666454037980195
Rotation gain: 1.24, direction: -1, curvature radius: 7.5
{'type': 'running', 'physical': {'user_x': 81.11310752350656, 'user_y': 163.64190980173103, 'user_direction': 2.1410826252789086}, 'virtual': {'user_x': 1771.9756257111487, 'user_y': 7608.520098631695, 'user_direction': 2.7724487708647176}, 'user_v': 0, 'user_w': 0.1, 'delta_t': 0.02, 'need_reset': False}
Tangent angle: 0.6992167312578008, User angle: 2.1410826252789086, Offset angle: 0.2994508319737666
Target angle: 0.9986675632315674, distance: 647.8055187055701, angle diff: 1.1424150620473412, rotation direction: -1
Basic rotation angle: 0.0, rotation gain: 0.0025199357524103108
Rotation gain: 1.24, direction: -1, curvature radius: 2500000
{'type': 'running', 'physical': {'user_x': 77.7992107134741, 'user_y': 169.0576746782059, 'user_direction': 2.119918604114887}, 'virtual': {'user_x': 1771.9756257111487, 'user_y': 7608.520098631695, 'user_direction': 2.8724487708647177}, 'user_v': 0, 'user_w': 0.1, 'delta_t': 0.02, 'need_reset': False}
Tangent angle: 0.6899443652173551, User angle: 2.119918604114887, Offset angle: 0.2998705125067716
Target angle: 0.9898148777241267, distance: 646.8422930554447, angle diff: 1.1301037263907605, rotation direction: -1
Basic rotation angle: 0.0, rotation gain: 0.002216472720127394
Rotation gain: 1.24, direction: -1, curvature radius: 2500000
{'type': 'running', 'physical': {'user_x': 77.7992107134741, 'user_y': 169.0576746782059, 'user_direction': 2.2005637654052097}, 'virtual': {'user_x': 1771.9756257111487, 'user_y': 7608.520098631695, 'user_direction': 2.972448770864718}, 'user_v': 0, 'user_w': 0.1, 'delta_t': 0.02, 'need_reset': False}
Tangent angle: 0.6899443652173551, User angle: 2.2005637654052097, Offset angle: 0.2998705125067716
Target angle: 0.9898148777241267, distance: 646.8422930554447, angle diff: 1.210748887681083, rotation direction: -1
Basic rotation angle: 0.0, rotation gain: 0.001950942566879842
Rotation gain: 1.24, direction: -1, curvature radius: 2500000
{'type': 'running', 'physical': {'user_x': 77.7992107134741, 'user_y': 169.0576746782059, 'user_direction': 2.281208926695532}, 'virtual': {'user_x': 1771.9756257111487, 'user_y': 7608.520098631695, 'user_direction': 3.072448770864718}, 'user_v': 0, 'user_w': 0.1, 'delta_t': 0.02, 'need_reset': False}
Tangent angle: 0.6899443652173551, User angle: 2.281208926695532, Offset angle: 0.2998705125067716
Target angle: 0.9898148777241267, distance: 646.8422930554447, angle diff: 1.2913940489714055, rotation direction: -1
Basic rotation angle: 0.0, rotation gain: 0.0017186036827882337
Rotation gain: 1.24, direction: -1, curvature radius: 2500000
{'type': 'running', 'physical': {'user_x': 77.7992107134741, 'user_y': 169.0576746782059, 'user_direction': 2.3618540879858547}, 'virtual': {'user_x': 1771.9756257111487, 'user_y': 7608.520098631695, 'user_direction': -3.1107365363148682}, 'user_v': 0, 'user_w': 0.1, 'delta_t': 0.02, 'need_reset': False}
Tangent angle: 0.6899443652173551, User angle: 2.3618540879858547, Offset angle: 0.2998705125067716
Target angle: 0.9898148777241267, distance: 646.8422930554447, angle diff: 1.372039210261728, rotation direction: -1
Basic rotation angle: 0.0, rotation gain: 0.0015153071592080767
Rotation gain: 1.24, direction: -1, curvature radius: 2500000
{'type': 'running', 'physical': {'user_x': 77.7992107134741, 'user_y': 169.0576746782059, 'user_direction': 2.4424992492761772}, 'virtual': {'user_x': 1771.9756257111487, 'user_y': 7608.520098631695, 'user_direction': -3.010736536314868}, 'user_v': 0, 'user_w': 0.1, 'delta_t': 0.02, 'need_reset': False}
Tangent angle: 0.6899443652173551, User angle: 2.4424992492761772, Offset angle: 0.2998705125067716
Target angle: 0.9898148777241267, distance: 646.8422930554447, angle diff: 1.4526843715520505, rotation direction: -1
Basic rotation angle: 0.0, rotation gain: 0.0013374227010754392
Rotation gain: 1.24, direction: -1, curvature radius: 2500000
{'type': 'running', 'physical': {'user_x': 77.7992107134741, 'user_y': 169.0576746782059, 'user_direction': 2.5231444105664997}, 'virtual': {'user_x': 1771.9756257111487, 'user_y': 7608.520098631695, 'user_direction': -2.910736536314868}, 'user_v': 0, 'user_w': 0.1, 'delta_t': 0.02, 'need_reset': False}
Tangent angle: 0.6899443652173551, User angle: 2.5231444105664997, Offset angle: 0.2998705125067716
Target angle: 0.9898148777241267, distance: 646.8422930554447, angle diff: 1.533329532842373, rotation direction: -1
Basic rotation angle: 0.0, rotation gain: 0.0011817738002093815
Rotation gain: 1.24, direction: -1, curvature radius: 2500000
{'type': 'running', 'physical': {'user_x': 77.7992107134741, 'user_y': 169.0576746782059, 'user_direction': 2.6037895718568222}, 'virtual': {'user_x': 1771.9756257111487, 'user_y': 7608.520098631695, 'user_direction': -2.810736536314868}, 'user_v': 0, 'user_w': 0.1, 'delta_t': 0.02, 'need_reset': False}
Tangent angle: 0.6899443652173551, User angle: 2.6037895718568222, Offset angle: 0.2998705125067716
Target angle: 0.9898148777241267, distance: 646.8422930554447, angle diff: 1.6139746941326956, rotation direction: -1
Basic rotation angle: 0.0, rotation gain: 0.0010455810119515809
Rotation gain: 1.24, direction: -1, curvature radius: 2500000
{'type': 'running', 'physical': {'user_x': 77.7992107134741, 'user_y': 169.0576746782059, 'user_direction': 2.6844347331471448}, 'virtual': {'user_x': 1771.9756257111487, 'user_y': 7608.520098631695, 'user_direction': -2.710736536314868}, 'user_v': 0, 'user_w': 0.1, 'delta_t': 0.02, 'need_reset': False}
Tangent angle: 0.6899443652173551, User angle: 2.6844347331471448, Offset angle: 0.2998705125067716
Target angle: 0.9898148777241267, distance: 646.8422930554447, angle diff: 1.694619855423018, rotation direction: -1
Basic rotation angle: 0.0, rotation gain: 0.0009264123222260055
Rotation gain: 1.24, direction: -1, curvature radius: 2500000
{'type': 'running', 'physical': {'user_x': 77.7992107134741, 'user_y': 169.0576746782059, 'user_direction': 2.7650798944374673}, 'virtual': {'user_x': 1771.9756257111487, 'user_y': 7608.520098631695, 'user_direction': -2.610736536314868}, 'user_v': 0, 'user_w': 0.1, 'delta_t': 0.02, 'need_reset': False}
Tangent angle: 0.6899443652173551, User angle: 2.7650798944374673, Offset angle: 0.2998705125067716
Target angle: 0.9898148777241267, distance: 646.8422930554447, angle diff: 1.7752650167133406, rotation direction: -1
Basic rotation angle: 0.0, rotation gain: 0.000822139718716127
Rotation gain: 1.24, direction: -1, curvature radius: 2500000
{'type': 'running', 'physical': {'user_x': 77.7992107134741, 'user_y': 169.0576746782059, 'user_direction': 2.8457250557277898}, 'virtual': {'user_x': 1771.9756257111487, 'user_y': 7608.520098631695, 'user_direction': -2.5107365363148677}, 'user_v': 0, 'user_w': 0.1, 'delta_t': 0.02, 'need_reset': False}
Tangent angle: 0.6899443652173551, User angle: 2.8457250557277898, Offset angle: 0.2998705125067716
Target angle: 0.9898148777241267, distance: 646.8422930554447, angle diff: 1.855910178003663, rotation direction: -1
Basic rotation angle: 0.0, rotation gain: 0.0007309011906449834
Rotation gain: 1.24, direction: -1, curvature radius: 2500000
{'type': 'running', 'physical': {'user_x': 77.7992107134741, 'user_y': 169.0576746782059, 'user_direction': 2.9263702170181123}, 'virtual': {'user_x': 1771.9756257111487, 'user_y': 7608.520098631695, 'user_direction': -2.4107365363148676}, 'user_v': 0, 'user_w': 0.1, 'delta_t': 0.02, 'need_reset': False}
Tangent angle: 0.6899443652173551, User angle: 2.9263702170181123, Offset angle: 0.2998705125067716
Target angle: 0.9898148777241267, distance: 646.8422930554447, angle diff: 1.9365553392939856, rotation direction: -1
Basic rotation angle: 0.0, rotation gain: 0.0006510674785827327
Rotation gain: 1.24, direction: -1, curvature radius: 2500000
{'type': 'running', 'physical': {'user_x': 77.7992107134741, 'user_y': 169.0576746782059, 'user_direction': 3.007015378308435}, 'virtual': {'user_x': 1771.9756257111487, 'user_y': 7608.520098631695, 'user_direction': -2.3107365363148675}, 'user_v': 0, 'user_w': 0.1, 'delta_t': 0.02, 'need_reset': False}
Tangent angle: 0.6899443652173551, User angle: 3.007015378308435, Offset angle: 0.2998705125067716
Target angle: 0.9898148777241267, distance: 646.8422930554447, angle diff: 2.017200500584308, rotation direction: -1
Basic rotation angle: 0.0, rotation gain: 0.0005812129805282633
Rotation gain: 1.24, direction: -1, curvature radius: 2500000
{'type': 'running', 'physical': {'user_x': 77.7992107134741, 'user_y': 169.0576746782059, 'user_direction': 3.0876605395987573}, 'virtual': {'user_x': 1771.9756257111487, 'user_y': 7608.520098631695, 'user_direction': -2.2107365363148674}, 'user_v': 0, 'user_w': 0.1, 'delta_t': 0.02, 'need_reset': False}
Tangent angle: 0.6899443652173551, User angle: 3.0876605395987573, Offset angle: 0.2998705125067716
Target angle: 0.9898148777241267, distance: 646.8422930554447, angle diff: 2.0978456618746306, rotation direction: -1
Basic rotation angle: 0.0, rotation gain: 0.0005200902947306026
Rotation gain: 1.24, direction: -1, curvature radius: 2500000
{'type': 'running', 'physical': {'user_x': 77.7992107134741, 'user_y': 169.0576746782059, 'user_direction': 3.16830570088908}, 'virtual': {'user_x': 1771.9756257111487, 'user_y': 7608.520098631695, 'user_direction': -2.060442313278942}, 'user_v': 7.999999999999999, 'user_w': 0, 'delta_t': 0.02, 'need_reset': False}
Tangent angle: 0.6899443652173551, User angle: 3.16830570088908, Offset angle: 0.2998705125067716
Target angle: 0.9898148777241267, distance: 646.8422930554447, angle diff: 2.178490823164953, rotation direction: -1
Basic rotation angle: 1.693121693121693, rotation gain: 0.0008009471109404428
Rotation gain: 1.24, direction: -1, curvature radius: 7.5
{'type': 'running', 'physical': {'user_x': 77.7992107134741, 'user_y': 169.0576746782059, 'user_direction': 3.2489508621794023}, 'virtual': {'user_x': 1768.2131177037134, 'user_y': 7601.460103341754, 'user_direction': -2.060442313278942}, 'user_v': 7.999999999999999, 'user_w': 0, 'delta_t': 0.02, 'need_reset': False}
Tangent angle: 0.6899443652173551, User angle: 3.2489508621794023, Offset angle: 0.2998705125067716
Target angle: 0.9898148777241267, distance: 646.8422930554447, angle diff: 2.2591359844552756, rotation direction: -1
Basic rotation angle: 1.693121693121693, rotation gain: 0.001046696825124053
Rotation gain: 1.24, direction: -1, curvature radius: 7.5
{'type': 'running', 'physical': {'user_x': 71.47357528291082, 'user_y': 168.51108738928977, 'user_direction': 3.227786841015381}, 'virtual': {'user_x': 1764.4506096962778, 'user_y': 7594.400108051813, 'user_direction': -2.060442313278945}, 'user_v': 7.999999999999999, 'user_w': 0, 'delta_t': 0.02, 'need_reset': False}
Tangent angle: 0.6846611829835769, User angle: 3.227786841015381, Offset angle: 0.2974984614825443
Target angle: 0.9821596444661211, distance: 652.3211351245658, angle diff: 2.24562719654926, rotation direction: -1
Basic rotation angle: 1.693121693121693, rotation gain: 0.0012593319720282086
Rotation gain: 1.24, direction: -1, curvature radius: 7.5
{'type': 'running', 'physical': {'user_x': 65.13778935408097, 'user_y': 168.09848839650883, 'user_direction': 3.2066228198513596}, 'virtual': {'user_x': 1760.6881016888422, 'user_y': 7587.340112761873, 'user_direction': -2.060442313278946}, 'user_v': 7.999999999999999, 'user_w': 0, 'delta_t': 0.02, 'need_reset': False}
Tangent angle: 0.6792977242221054, User angle: 3.2066228198513596, Offset angle: 0.29518967282310893
Target angle: 0.9744873970452144, distance: 657.7358893221656, angle diff: 2.232135422806145, rotation direction: -1
Basic rotation angle: 1.693121693121693, rotation gain: 0.0014429801577064208
Rotation gain: 1.24, direction: -1, curvature radius: 7.5
{'type': 'running', 'physical': {'user_x': 58.794690719629, 'user_y': 167.8200625025695, 'user_direction': 3.185458798687338}, 'virtual': {'user_x': 1756.9255936814066, 'user_y': 7580.280117471932, 'user_direction': -2.060442313278943}, 'user_v': 7.999999999999999, 'user_w': 0, 'delta_t': 0.02, 'need_reset': False}
Tangent angle: 0.6738566642175314, User angle: 3.185458798687338, Offset angle: 0.2929424831059793
Target angle: 0.9667991473235107, distance: 663.0857298785315, angle diff: 2.2186596513638275, rotation direction: -1
Basic rotation angle: 1.693121693121693, rotation gain: 0.001601253358667475
Rotation gain: 1.24, direction: -1, curvature radius: 7.5
{'type': 'running', 'physical': {'user_x': 52.44712044755347, 'user_y': 167.6759344141716, 'user_direction': 3.164294777523317}, 'virtual': {'user_x': 1753.163085673971, 'user_y': 7573.2201221819905, 'user_direction': -2.0604423132789442}, 'user_v': 7.999999999999999, 'user_w': 0, 'delta_t': 0.02, 'need_reset': False}
Tangent angle: 0.6683405814391441, User angle: 3.164294777523317, Offset angle: 0.2907552905788989
Target angle: 0.9590958720180429, distance: 668.3698479067077, angle diff: 2.2051989055052736, rotation direction: -1
Basic rotation angle: 1.693121693121693, rotation gain: 0.0017373123684206757
Rotation gain: 1.24, direction: -1, curvature radius: 7.5
{'type': 'running', 'physical': {'user_x': 46.09792160869526, 'user_y': 167.6661686861523, 'user_direction': 3.1431307563592954}, 'virtual': {'user_x': 1749.4005776665354, 'user_y': 7566.16012689205, 'user_direction': -2.060442313278946}, 'user_v': 7.999999999999999, 'user_w': 0, 'delta_t': 0.02, 'need_reset': False}
Tangent angle: 0.662751961930609, User angle: 3.1431307563592954, Offset angle: 0.28862655282986444
Target angle: 0.9513785147604734, distance: 673.5874510000298, angle diff: 2.191752241598822, rotation direction: -1
Basic rotation angle: 1.693121693121693, rotation gain: 0.0018539231886731036
Rotation gain: 1.24, direction: -1, curvature radius: 7.5
{'type': 'running', 'physical': {'user_x': 39.7499380033288, 'user_y': 167.79076969257216, 'user_direction': 3.121966735195274}, 'virtual': {'user_x': 1745.6380696591, 'user_y': 7559.100131602109, 'user_direction': -2.0604423132789416}, 'user_v': 7.999999999999999, 'user_w': 0, 'delta_t': 0.02, 'need_reset': False}
Tangent angle: 0.6570932034882797, User angle: 3.121966735195274, Offset angle: 0.28655478454538613
Target angle: 0.9436479880336659, distance: 678.7377628585382, angle diff: 2.178318747161608, rotation direction: -1
Basic rotation angle: 1.693121693121693, rotation gain: 0.0019535063720686587
Rotation gain: 1.24, direction: -1, curvature radius: 7.5
{'type': 'running', 'physical': {'user_x': 33.40601288742657, 'user_y': 168.04968162475586, 'user_direction': 3.1008027140312526}, 'virtual': {'user_x': 1741.8755616516644, 'user_y': 7552.040136312169, 'user_direction': -2.0604423132789464}, 'user_v': 7.999999999999999, 'user_w': 0, 'delta_t': 0.02, 'need_reset': False}
Tangent angle: 0.6513666196387766, User angle: 3.1008027140312526, Offset angle: 0.28453855535521233
Target angle: 0.935905174993989, distance: 683.8200229421466, angle diff: 2.1648975390372636, rotation direction: -1
Basic rotation angle: 1.693121693121693, rotation gain: 0.002038180197499585
Rotation gain: 1.24, direction: -1, curvature radius: 7.5
{'type': 'running', 'physical': {'user_x': 27.068987699167383, 'user_y': 168.442788516289, 'user_direction': 3.0796386928672312}, 'virtual': {'user_x': 1738.113053644229, 'user_y': 7544.980141022228, 'user_direction': -2.0604423132789407}, 'user_v': 7.999999999999999, 'user_w': 0, 'delta_t': 0.02, 'need_reset': False}
Tangent angle: 0.6455744434259967, User angle: 3.0796386928672312, Offset angle: 0.282576487761528
Target angle: 0.9281509311875247, distance: 688.8334861486144, angle diff: 2.1514877616797063, rotation direction: -1
Basic rotation angle: 1.693121693121693, rotation gain: 0.0021097984488943084
Rotation gain: 1.24, direction: -1, curvature radius: 7.5
{'type': 'running', 'physical': {'user_x': 20.74170078625886, 'user_y': 168.96991429495927, 'user_direction': 3.05847467170321}, 'virtual': {'user_x': 1734.3505456367934, 'user_y': 7537.920145732288, 'user_direction': -2.060442313278948}, 'user_v': 7.999999999999999, 'user_w': 0, 'delta_t': 0.02, 'need_reset': False}
Tangent angle: 0.6397188310172521, User angle: 3.05847467170321, Offset angle: 0.28066725515047236
Target angle: 0.9203860861677244, distance: 693.77742251452, angle diff: 2.1380885855354856, rotation direction: -1
Basic rotation angle: 1.693121693121693, rotation gain: 0.002169983472024267
Rotation gain: 1.24, direction: -1, curvature radius: 7.5
{'type': 'running', 'physical': {'user_x': 14.42698613464411, 'user_y': 169.630822861619, 'user_direction': 3.0373106505391885}, 'virtual': {'user_x': 1730.588037629358, 'user_y': 7530.860150442347, 'user_direction': -2.060442313278939}, 'user_v': 7.999999999999999, 'user_w': 0, 'delta_t': 0.02, 'need_reset': False}
Tangent angle: 0.6338018651377761, User angle: 3.0373106505391885, Offset angle: 0.2788095798836919
Target angle: 0.9126114450214681, distance: 698.6511169375766, angle diff: 2.1246992055177203, rotation direction: -1
Basic rotation angle: 1.693121693121693, rotation gain: 0.002220155099556238
Rotation gain: 1.24, direction: -1, curvature radius: 7.5
{'type': 'running', 'physical': {'user_x': 8.127672099162071, 'user_y': 170.42521819593387, 'user_direction': 3.016146629375167}, 'virtual': {'user_x': 1726.8255296219224, 'user_y': 7523.800155152407, 'user_direction': -2.0604423132789504}, 'user_v': 7.999999999999999, 'user_w': 0, 'delta_t': 0.02, 'need_reset': False}
Tangent angle: 0.6278255583424128, User angle: 3.016146629375167, Offset angle: 0.2770022314675611
Target angle: 0.9048277898099739, distance: 703.4538689187572, angle diff: 2.111318839565193, rotation direction: -1
Basic rotation angle: 1.693121693121693, rotation gain: 0.002261555960799916
Rotation gain: 1.24, direction: -1, curvature radius: 7.5
{'type': 'running', 'physical': {'user_x': 1.8465801367299868, 'user_y': 171.35274448896996, 'user_direction': 2.9949826082111457}, 'virtual': {'user_x': 1723.063021614487, 'user_y': 7516.740159862466, 'user_direction': -2.060442313278935}, 'user_v': 7.999999999999999, 'user_w': 0, 'delta_t': 0.02, 'need_reset': False}
Tangent angle: 0.6217918561328593, User angle: 2.9949826082111457, Offset angle: 0.27524402479764265
Target angle: 0.8970358809305019, distance: 708.1849923228137, angle diff: 2.097946727280644, rotation direction: -1
Basic rotation angle: 1.693121693121693, rotation gain: 0.0022952736280456815
Rotation gain: 1.24, direction: -1, curvature radius: 7.5
{'type': 'running', 'physical': {'user_x': 1.8465801367299868, 'user_y': 171.35274448896996, 'user_direction': 2.9949826082111457}, 'virtual': {'user_x': 1719.3005136070515, 'user_y': 7509.680164572525, 'user_direction': -2.0604423132789638}, 'user_v': 7.999999999999999, 'user_w': 0, 'delta_t': 0.02, 'need_reset': True}
{'type': 'running', 'physical': {'user_x': 1.8465801367299868, 'user_y': 171.35274448896996, 'user_direction': 6.136575261800939}, 'virtual': {'user_x': 1719.0337849599177, 'user_y': 7509.179673147993, 'user_direction': -2.0604423132789638}, 'user_v': 0, 'user_w': 0.1, 'delta_t': 0.02, 'need_reset': False}
Tangent angle: 0.6217918561328593, User angle: 6.136575261800939, Offset angle: 0.27524402479764265
Target angle: 0.3465478313352168, distance: 708.1849923228137, angle diff: 0.49315787671386424, rotation direction: 1
Basic rotation angle: 0.0, rotation gain: 0.0020125903238594305
Rotation gain: 1.24, direction: 1, curvature radius: 2500000
{'type': 'running', 'physical': {'user_x': 8.145894172212026, 'user_y': 170.5583491546551, 'user_direction': 6.15773928296496}, 'virtual': {'user_x': 1719.0337849599177, 'user_y': 7509.179673147993, 'user_direction': -1.9604423132789637}, 'user_v': 0, 'user_w': 0.1, 'delta_t': 0.02, 'need_reset': False}
Tangent angle: 0.6276928516771019, User angle: 6.15773928296496, Offset angle: 0.27703836746797594
Target angle: 0.3506544842091257, distance: 703.3572449800922, angle diff: 0.47610050842375173, rotation direction: 1
Basic rotation angle: 0.0, rotation gain: 0.0017652918631175052
Rotation gain: 1.24, direction: 1, curvature radius: 2500000
{'type': 'running', 'physical': {'user_x': 8.145894172212026, 'user_y': 170.5583491546551, 'user_direction': 6.238384444255283}, 'virtual': {'user_x': 1719.0337849599177, 'user_y': 7509.179673147993, 'user_direction': -1.8604423132789636}, 'user_v': 0, 'user_w': 0.1, 'delta_t': 0.02, 'need_reset': False}
Tangent angle: 0.6276928516771019, User angle: 6.238384444255283, Offset angle: 0.27703836746797594
Target angle: 0.3506544842091257, distance: 703.3572449800922, angle diff: 0.3954553471334288, rotation direction: 1
Basic rotation angle: 0.0, rotation gain: 0.0015489057099683206
Rotation gain: 1.24, direction: 1, curvature radius: 2500000
{'type': 'running', 'physical': {'user_x': 8.145894172212026, 'user_y': 170.5583491546551, 'user_direction': 0.03584429836601988}, 'virtual': {'user_x': 1719.0337849599177, 'user_y': 7509.179673147993, 'user_direction': -1.7604423132789635}, 'user_v': 0, 'user_w': 0.1, 'delta_t': 0.02, 'need_reset': False}
Tangent angle: 0.6276928516771019, User angle: 0.03584429836601988, Offset angle: 0.27703836746797594
Target angle: 0.3506544842091257, distance: 703.3572449800922, angle diff: 0.3148101858431058, rotation direction: 1
Basic rotation angle: 0.0, rotation gain: 0.0013595678259627842
Rotation gain: 1.24, direction: 1, curvature radius: 2500000
{'type': 'running', 'physical': {'user_x': 8.145894172212026, 'user_y': 170.5583491546551, 'user_direction': 0.11648945965634247}, 'virtual': {'user_x': 1719.0337849599177, 'user_y': 7509.179673147993, 'user_direction': -1.6604423132789634}, 'user_v': 0, 'user_w': 0.1, 'delta_t': 0.02, 'need_reset': False}
Tangent angle: 0.6276928516771019, User angle: 0.11648945965634247, Offset angle: 0.27703836746797594
Target angle: 0.3506544842091257, distance: 703.3572449800922, angle diff: 0.23416502455278324, rotation direction: 1
Basic rotation angle: 0.0, rotation gain: 0.0011938971774579398
Rotation gain: 1.24, direction: 1, curvature radius: 2500000
{'type': 'running', 'physical': {'user_x': 8.145894172212026, 'user_y': 170.5583491546551, 'user_direction': 0.19713462094666506}, 'virtual': {'user_x': 1719.0337849599177, 'user_y': 7509.179673147993, 'user_direction': -1.5604423132789633}, 'user_v': 0, 'user_w': 0.1, 'delta_t': 0.02, 'need_reset': False}
Tangent angle: 0.6276928516771019, User angle: 0.19713462094666506, Offset angle: 0.27703836746797594
Target angle: 0.3506544842091257, distance: 703.3572449800922, angle diff: 0.15351986326246064, rotation direction: 1
Basic rotation angle: 0.0, rotation gain: 0.0010489353600162009
Rotation gain: 1.24, direction: 1, curvature radius: 2500000
{'type': 'running', 'physical': {'user_x': 8.145894172212026, 'user_y': 170.5583491546551, 'user_direction': 0.2777797822369876}, 'virtual': {'user_x': 1719.0337849599177, 'user_y': 7509.179673147993, 'user_direction': -1.4604423132789632}, 'user_v': 0, 'user_w': 0.1, 'delta_t': 0.02, 'need_reset': False}
Tangent angle: 0.6276928516771019, User angle: 0.2777797822369876, Offset angle: 0.27703836746797594
Target angle: 0.3506544842091257, distance: 703.3572449800922, angle diff: 0.07287470197213808, rotation direction: 1
Basic rotation angle: 0.0, rotation gain: 0.0009220937697546793
Rotation gain: 1.24, direction: 1, curvature radius: 2500000
{'type': 'running', 'physical': {'user_x': 8.145894172212026, 'user_y': 170.5583491546551, 'user_direction': 0.35842494352731025}, 'virtual': {'user_x': 1719.0337849599177, 'user_y': 7509.179673147993, 'user_direction': -1.3604423132789631}, 'user_v': 0, 'user_w': 0.1, 'delta_t': 0.02, 'need_reset': False}
Tangent angle: 0.6276928516771019, User angle: 0.35842494352731025, Offset angle: 0.27703836746797594
Target angle: 0.3506544842091257, distance: 703.3572449800922, angle diff: 0.007770459318184542, rotation direction: -1
Basic rotation angle: 0.0, rotation gain: 0.000811107378275848
Rotation gain: 1.24, direction: -1, curvature radius: 2500000
{'type': 'running', 'physical': {'user_x': 8.145894172212026, 'user_y': 170.5583491546551, 'user_direction': 0.43907010481763287}, 'virtual': {'user_x': 1719.0337849599177, 'user_y': 7509.179673147993, 'user_direction': -1.260442313278963}, 'user_v': 0, 'user_w': 0.1, 'delta_t': 0.02, 'need_reset': False}
Tangent angle: 0.6276928516771019, User angle: 0.43907010481763287, Offset angle: 0.27703836746797594
Target angle: 0.3506544842091257, distance: 703.3572449800922, angle diff: 0.08841562060850716, rotation direction: -1
Basic rotation angle: 0.0, rotation gain: 0.0007139942857318705
Rotation gain: 1.24, direction: -1, curvature radius: 2500000
{'type': 'running', 'physical': {'user_x': 8.145894172212026, 'user_y': 170.5583491546551, 'user_direction': 0.5197152661079555}, 'virtual': {'user_x': 1719.0337849599177, 'user_y': 7509.179673147993, 'user_direction': -1.160442313278963}, 'user_v': 0, 'user_w': 0.1, 'delta_t': 0.02, 'need_reset': False}
Tangent angle: 0.6276928516771019, User angle: 0.5197152661079555, Offset angle: 0.27703836746797594
Target angle: 0.3506544842091257, distance: 703.3572449800922, angle diff: 0.16906078189882978, rotation direction: -1
Basic rotation angle: 0.0, rotation gain: 0.0006290203297558902
Rotation gain: 1.24, direction: -1, curvature radius: 2500000
{'type': 'running', 'physical': {'user_x': 8.145894172212026, 'user_y': 170.5583491546551, 'user_direction': 0.6003604273982781}, 'virtual': {'user_x': 1719.0337849599177, 'user_y': 7509.179673147993, 'user_direction': -1.023090207313871}, 'user_v': 7.999999999999999, 'user_w': 0, 'delta_t': 0.02, 'need_reset': False}
Tangent angle: 0.6276928516771019, User angle: 0.6003604273982781, Offset angle: 0.27703836746797594
Target angle: 0.3506544842091257, distance: 703.3572449800922, angle diff: 0.2497059431891524, rotation direction: -1
Basic rotation angle: 1.693121693121693, rotation gain: 0.0006786526807515095
Rotation gain: 1.24, direction: -1, curvature radius: 7.5
{'type': 'running', 'physical': {'user_x': 8.145894172212026, 'user_y': 170.5583491546551, 'user_direction': 0.6810055886886007}, 'virtual': {'user_x': 1723.1996270886568, 'user_y': 7502.349903067058, 'user_direction': -1.023090207313871}, 'user_v': 7.999999999999999, 'user_w': 0, 'delta_t': 0.02, 'need_reset': False}
Tangent angle: 0.6276928516771019, User angle: 0.6810055886886007, Offset angle: 0.27703836746797594
Target angle: 0.9047312191450778, distance: 703.3572449800922, angle diff: 0.2237256304564771, rotation direction: 1
Basic rotation angle: 1.693121693121693, rotation gain: 0.0009127102972443668
Rotation gain: 1.24, direction: 1, curvature radius: 7.5
{'type': 'running', 'physical': {'user_x': 12.993149329069546, 'user_y': 174.65914648067846, 'user_direction': 0.7021696098526219}, 'virtual': {'user_x': 1727.365469217396, 'user_y': 7495.520132986124, 'user_direction': -1.0230902073138697}, 'user_v': 7.999999999999999, 'user_w': 0, 'delta_t': 0.02, 'need_reset': False}
Tangent angle: 0.6270411397543483, User angle: 0.7021696098526219, Offset angle: 0.2795228056745155
Target angle: 0.9065639454288638, distance: 696.7724767864679, angle diff: 0.20439433557624187, rotation direction: 1
Basic rotation angle: 1.693121693121693, rotation gain: 0.001118099765575719
Rotation gain: 1.24, direction: 1, curvature radius: 7.5
{'type': 'running', 'physical': {'user_x': 17.75253606289314, 'user_y': 178.86160518751976, 'user_direction': 0.723333631016643}, 'virtual': {'user_x': 1731.531311346135, 'user_y': 7488.690362905189, 'user_direction': -1.0230902073138686}, 'user_v': 7.999999999999999, 'user_w': 0, 'delta_t': 0.02, 'need_reset': False}
Tangent angle: 0.6261916459711663, User angle: 0.723333631016643, Offset angle: 0.28204803951318863
Target angle: 0.9082396854843549, distance: 690.1953758512332, angle diff: 0.1849060544677118, rotation direction: 1
Basic rotation angle: 1.693121693121693, rotation gain: 0.0012983538504120393
Rotation gain: 1.24, direction: 1, curvature radius: 7.5
{'type': 'running', 'physical': {'user_x': 22.421922648776516, 'user_y': 183.16384299781973, 'user_direction': 0.7444976521806642}, 'virtual': {'user_x': 1735.697153474874, 'user_y': 7481.860592824255, 'user_direction': -1.023090207313867}, 'user_v': 7.999999999999999, 'user_w': 0, 'delta_t': 0.02, 'need_reset': False}
Tangent angle: 0.6251395401350881, User angle: 0.7444976521806642, Offset angle: 0.2846137785687584
Target angle: 0.9097533187038465, distance: 683.6291518221572, angle diff: 0.16525566652318224, rotation direction: 1
Basic rotation angle: 1.693121693121693, rotation gain: 0.0014565621565175361
Rotation gain: 1.24, direction: 1, curvature radius: 7.5
{'type': 'running', 'physical': {'user_x': 26.99921767279622, 'user_y': 187.56393294325116, 'user_direction': 0.7656616733446854}, 'virtual': {'user_x': 1739.8629956036132, 'user_y': 7475.030822743321, 'user_direction': -1.0230902073138655}, 'user_v': 7.999999999999999, 'user_w': 0, 'delta_t': 0.02, 'need_reset': False}
Tangent angle: 0.623879946432536, User angle: 0.7656616733446854, Offset angle: 0.28721963563273484
Target angle: 0.9110995820652708, distance: 677.0771048830602, angle diff: 0.14543790872058537, rotation direction: 1
Basic rotation angle: 1.693121693121693, rotation gain: 0.001595426473621038
Rotation gain: 1.24, direction: 1, curvature radius: 7.5
{'type': 'running', 'physical': {'user_x': 31.482370968753987, 'user_y': 192.0599042276062, 'user_direction': 0.7868256945087065}, 'virtual': {'user_x': 1744.0288377323523, 'user_y': 7468.201052662386, 'user_direction': -1.0230902073138637}, 'user_v': 7.999999999999999, 'user_w': 0, 'delta_t': 0.02, 'need_reset': False}
Tangent angle: 0.622407951838416, User angle: 0.7868256945087065, Offset angle: 0.2898651180463087
Target angle: 0.9122730698847248, distance: 670.5426282184446, angle diff: 0.12544737537601824, rotation direction: 1
Basic rotation angle: 1.693121693121693, rotation gain: 0.001717309202275058
Rotation gain: 1.24, direction: 1, curvature radius: 7.5
{'type': 'running', 'physical': {'user_x': 35.86937453644428, 'user_y': 196.64974310951425, 'user_direction': 0.8079897156727277}, 'virtual': {'user_x': 1748.1946798610913, 'user_y': 7461.371282581452, 'user_direction': -1.0230902073138617}, 'user_v': 7.999999999999999, 'user_w': 0, 'delta_t': 0.02, 'need_reset': False}
Tangent angle: 0.6207186156438764, User angle: 0.8079897156727277, Offset angle: 0.29254961855342365
Target angle: 0.9132682341973001, distance: 664.029210441471, angle diff: 0.10527851852457237, rotation direction: 1
Basic rotation angle: 1.693121693121693, rotation gain: 0.0018242757257194127
Rotation gain: 1.24, direction: 1, curvature radius: 7.5
{'type': 'running', 'physical': {'user_x': 40.15826344103575, 'user_y': 201.33139380439468, 'user_direction': 0.8291537368367489}, 'virtual': {'user_x': 1752.3605219898307, 'user_y': 7454.5415125005175, 'user_direction': -1.0230902073138595}, 'user_v': 7.999999999999999, 'user_w': 0, 'delta_t': 0.02, 'need_reset': False}
Tangent angle: 0.6188069801892251, User angle: 0.8291537368367489, Offset angle: 0.295272405666909
Target angle: 0.914079385856134, distance: 657.5404379650756, angle diff: 0.08492564901938515, rotation direction: 1
Basic rotation angle: 1.693121693121693, rotation gain: 0.0019181314846618914
Rotation gain: 1.24, direction: 1, curvature radius: 7.5
{'type': 'running', 'physical': {'user_x': 44.34711669316367, 'user_y': 206.102759405241, 'user_direction': 0.85031775800077}, 'virtual': {'user_x': 1756.52636411857, 'user_y': 7447.711742419583, 'user_direction': -1.0230902073138588}, 'user_v': 7.999999999999999, 'user_w': 0, 'delta_t': 0.02, 'need_reset': False}
Tangent angle: 0.6166680828912057, User angle: 0.85031775800077, Offset angle: 0.2980326135568703
Target angle: 0.914700696448076, distance: 651.0799972932405, angle diff: 0.06438293844730592, rotation direction: 1
Basic rotation angle: 1.693121693121693, rotation gain: 0.0020004544173042077
Rotation gain: 1.24, direction: 1, curvature radius: 7.5
{'type': 'running', 'physical': {'user_x': 48.43405810933933, 'user_y': 210.96170282182348, 'user_direction': 0.8714817791647912}, 'virtual': {'user_x': 1760.6922062473093, 'user_y': 7440.881972338649, 'user_direction': -1.0230902073138577}, 'user_v': 7.999999999999999, 'user_w': 0, 'delta_t': 0.02, 'need_reset': False}
Tangent angle: 0.6142969696552232, User angle: 0.8714817791647912, Offset angle: 0.30082923147793605
Target angle: 0.9151262011331592, distance: 644.6516772064019, angle diff: 0.04364442196836804, rotation direction: 1
Basic rotation angle: 1.693121693121693, rotation gain: 0.0020726233441835957
Rotation gain: 1.24, direction: 1, curvature radius: 7.5
{'type': 'running', 'physical': {'user_x': 52.417257152290894, 'user_y': 215.9060477378899, 'user_direction': 0.8926458003288124}, 'virtual': {'user_x': 1764.8580483760486, 'user_y': 7434.052202257714, 'user_direction': -1.0230902073138566}, 'user_v': 7.999999999999999, 'user_w': 0, 'delta_t': 0.02, 'need_reset': False}
Tangent angle: 0.6116887097635728, User angle: 0.8926458003288124, Offset angle: 0.3036610927606208
Target angle: 0.9153498025241936, distance: 638.259370811701, angle diff: 0.022704002195381268, rotation direction: 1
Basic rotation angle: 1.693121693121693, rotation gain: 0.0021358428049908767
Rotation gain: 1.24, direction: 1, curvature radius: 7.5
{'type': 'running', 'physical': {'user_x': 56.2949297508593, 'user_y': 220.93357958593563, 'user_direction': 0.9138098214928335}, 'virtual': {'user_x': 1769.023890504788, 'user_y': 7427.22243217678, 'user_direction': -1.0230902073138552}, 'user_v': 7.999999999999999, 'user_w': 0, 'delta_t': 0.02, 'need_reset': False}
Tangent angle: 0.6088384123299537, User angle: 0.9138098214928335, Offset angle: 0.3065268634020656
Target angle: 0.9153652757320193, distance: 631.9070774252773, angle diff: 0.001555454239185794, rotation direction: 1
Basic rotation angle: 1.693121693121693, rotation gain: 0.002191164791171256
Rotation gain: 1.24, direction: 1, curvature radius: 7.5
{'type': 'running', 'physical': {'user_x': 60.06533909908213, 'user_y': 226.04204653910622, 'user_direction': 0.9349738426568547}, 'virtual': {'user_x': 1773.1897326335272, 'user_y': 7420.3926620958455, 'user_direction': -1.0230902073138537}, 'user_v': 7.999999999999999, 'user_w': 0, 'delta_t': 0.02, 'need_reset': False}
Tangent angle: 0.6057412444083887, User angle: 0.9349738426568547, Offset angle: 0.309425030302893
Target angle: 0.9151662747112816, distance: 625.5989042500387, angle diff: 0.019807567945573035, rotation direction: -1
Basic rotation angle: 1.693121693121693, rotation gain: 0.0022395077626828535
Rotation gain: 1.24, direction: -1, curvature radius: 7.5
{'type': 'running', 'physical': {'user_x': 63.94301169765054, 'user_y': 231.06957838715195, 'user_direction': 0.9138098214928335}, 'virtual': {'user_x': 1777.3555747622665, 'user_y': 7413.562892014911, 'user_direction': -1.0230902073138517}, 'user_v': 7.999999999999999, 'user_w': 0, 'delta_t': 0.02, 'need_reset': False}
Tangent angle: 0.6027827795667835, User angle: 0.9138098214928335, Offset angle: 0.3123974029720448
Target angle: 0.9151801825388284, distance: 619.2469222363717, angle diff: 0.0013703610459948612, rotation direction: 1
Basic rotation angle: 1.693121693121693, rotation gain: 0.0022818123194068094
Rotation gain: 1.24, direction: 1, curvature radius: 7.5
{'type': 'running', 'physical': {'user_x': 67.71342104587336, 'user_y': 236.17804534032254, 'user_direction': 0.9349738426568547}, 'virtual': {'user_x': 1781.5214168910059, 'user_y': 7406.733121933977, 'user_direction': -1.0230902073138495}, 'user_v': 7.999999999999999, 'user_w': 0, 'delta_t': 0.02, 'need_reset': False}
Tangent angle: 0.599571312581666, User angle: 0.9349738426568547, Offset angle: 0.31540384167480107
Target angle: 0.914975154256467, distance: 612.9399781602405, angle diff: 0.019998688400387654, rotation direction: -1
Basic rotation angle: 1.693121693121693, rotation gain: 0.0023187631048812093
Rotation gain: 1.24, direction: -1, curvature radius: 7.5
{'type': 'running', 'physical': {'user_x': 71.59109364444177, 'user_y': 241.20557718836827, 'user_direction': 0.9138098214928335}, 'virtual': {'user_x': 1785.6872590197452, 'user_y': 7399.903351853042, 'user_direction': -1.0230902073138464}, 'user_v': 7.999999999999999, 'user_w': 0, 'delta_t': 0.02, 'need_reset': False}
Tangent angle: 0.5964987181521404, User angle: 0.9138098214928335, Offset angle: 0.3184886337038885
Target angle: 0.914987351856029, distance: 606.5883366473585, angle diff: 0.001177530363195456, rotation direction: 1
Basic rotation angle: 1.693121693121693, rotation gain: 0.0023510989510325646
Rotation gain: 1.24, direction: 1, curvature radius: 7.5
{'type': 'running', 'physical': {'user_x': 75.3615029926646, 'user_y': 246.31404414153886, 'user_direction': 0.9349738426568547}, 'virtual': {'user_x': 1789.8531011484845, 'user_y': 7393.073581772108, 'user_direction': -1.0230902073138424}, 'user_v': 7.999999999999999, 'user_w': 0, 'delta_t': 0.02, 'need_reset': False}
Tangent angle: 0.5931666915195772, User angle: 0.9349738426568547, Offset angle: 0.3216092693074084
Target angle: 0.9147759608269856, distance: 600.2826899999943, angle diff: 0.020197881829869035, rotation direction: -1
Basic rotation angle: 1.693121693121693, rotation gain: 0.002379325071579152
Rotation gain: 1.24, direction: -1, curvature radius: 7.5
{'type': 'running', 'physical': {'user_x': 79.239175591233, 'user_y': 251.34157598958458, 'user_direction': 0.9138098214928335}, 'virtual': {'user_x': 1794.0189432772238, 'user_y': 7386.243811691174, 'user_direction': -1.023090207313837}, 'user_v': 7.999999999999999, 'user_w': 0, 'delta_t': 0.02, 'need_reset': False}
Tangent angle: 0.5899735801737171, User angle: 0.9138098214928335, Offset angle: 0.3248127087924381
Target angle: 0.9147862889661553, distance: 593.9314210178859, angle diff: 0.0009764674733218071, rotation direction: 1
Basic rotation angle: 1.693121693121693, rotation gain: 0.002404026237039242
Rotation gain: 1.24, direction: 1, curvature radius: 7.5
{'type': 'running', 'physical': {'user_x': 83.00958493945583, 'user_y': 256.4500429427552, 'user_direction': 0.9349738426568547}, 'virtual': {'user_x': 1798.184785405963, 'user_y': 7379.41404161024, 'user_direction': -1.0230902073138424}, 'user_v': 7.999999999999999, 'user_w': 0, 'delta_t': 0.02, 'need_reset': False}
Tangent angle: 0.586514287827101, User angle: 0.9349738426568547, Offset angle: 0.32805388494467097
Target angle: 0.914568172771772, distance: 587.6271456106401, angle diff: 0.020405669885082633, rotation direction: -1
Basic rotation angle: 1.693121693121693, rotation gain: 0.0024255698522115967
Rotation gain: 1.24, direction: -1, curvature radius: 7.5
{'type': 'running', 'physical': {'user_x': 86.88725753802424, 'user_y': 261.47757479080093, 'user_direction': 0.9138098214928335}, 'virtual': {'user_x': 1802.3506275347024, 'user_y': 7372.5842715293065, 'user_direction': -1.023090207313834}, 'user_v': 7.999999999999999, 'user_w': 0, 'delta_t': 0.02, 'need_reset': False}
Tangent angle: 0.5831938106778924, User angle: 0.9138098214928335, Offset angle: 0.33138264545509905
Target angle: 0.9145764561329914, distance: 581.2762844348355, angle diff: 0.0007666346401579149, rotation direction: 1
Basic rotation angle: 1.693121693121693, rotation gain: 0.002444423170331145
Rotation gain: 1.24, direction: 1, curvature radius: 7.5
{'type': 'running', 'physical': {'user_x': 90.65766688624707, 'user_y': 266.5860417439715, 'user_direction': 0.9349738426568547}, 'virtual': {'user_x': 1806.5164696634417, 'user_y': 7365.754501448372, 'user_direction': -1.0230902073138424}, 'user_v': 7.999999999999999, 'user_w': 0, 'delta_t': 0.02, 'need_reset': False}
Tangent angle: 0.5796000630027285, User angle: 0.9349738426568547, Offset angle: 0.3347511595864899
Target angle: 0.9143512225892183, distance: 574.9734601368257, angle diff: 0.020622620067636377, rotation direction: -1
Basic rotation angle: 1.693121693121693, rotation gain: 0.0024608476331258924
Rotation gain: 1.24, direction: -1, curvature radius: 7.5
{'type': 'running', 'physical': {'user_x': 94.53533948481548, 'user_y': 271.61357359201725, 'user_direction': 0.9138098214928335}, 'virtual': {'user_x': 1810.6823117921813, 'user_y': 7358.924731367439, 'user_direction': -1.0230902073138226}, 'user_v': 7.999999999999999, 'user_w': 0, 'delta_t': 0.02, 'need_reset': False}
Tangent angle: 0.5761448696720932, User angle: 0.9138098214928335, Offset angle: 0.3382123981583132
Target angle: 0.9143572678304064, distance: 568.6230456802962, angle diff: 0.0005474463375728655, rotation direction: 1
Basic rotation angle: 1.693121693121693, rotation gain: 0.002475220975724728
Rotation gain: 1.24, direction: 1, curvature radius: 7.5
{'type': 'running', 'physical': {'user_x': 98.30574883303831, 'user_y': 276.72204054518784, 'user_direction': 0.9349738426568547}, 'virtual': {'user_x': 1812.7271878775941, 'user_y': 7355.572219900184, 'user_direction': -1.0230902073138226}, 'user_v': 0, 'user_w': 0.1, 'delta_t': 0.02, 'need_reset': False}
Tangent angle: 0.5724089517790802, User angle: 0.9349738426568547, Offset angle: 0.3417155400070467
Target angle: 0.9141244917861269, distance: 562.3217590697035, angle diff: 0.020849350870727812, rotation direction: -1
Basic rotation angle: 0.0, rotation gain: 0.0021765485098729216
Rotation gain: 1.24, direction: -1, curvature radius: 2500000
{'type': 'running', 'physical': {'user_x': 102.18342143160672, 'user_y': 281.74957239323356, 'user_direction': 0.9138098214928335}, 'virtual': {'user_x': 1812.7271878775941, 'user_y': 7355.572219900184, 'user_direction': -1.0547264272650025}, 'user_v': 7.999999999999999, 'user_w': 0, 'delta_t': 0.02, 'need_reset': False}
Tangent angle: 0.5688111465850048, User angle: 0.9138098214928335, Offset angle: 0.34531693873801816
Target angle: 0.9141280853230229, distance: 555.9718343310486, angle diff: 0.0003182638301894025, rotation direction: 1
Basic rotation angle: 1.693121693121693, rotation gain: 0.002226385781455678
Rotation gain: 1.24, direction: 1, curvature radius: 7.5
{'type': 'running', 'physical': {'user_x': 102.18342143160672, 'user_y': 281.74957239323356, 'user_direction': 0.9944549827831561}, 'virtual': {'user_x': 1816.6749134194688, 'user_y': 7348.614097808267, 'user_direction': -1.0547264272650025}, 'user_v': 7.999999999999999, 'user_w': 0, 'delta_t': 0.02, 'need_reset': False}
Tangent angle: 0.5688111465850048, User angle: 0.9944549827831561, Offset angle: 0.34531693873801816
Target angle: 0.9141280853230229, distance: 555.9718343310486, angle diff: 0.08032689746013322, rotation direction: -1
Basic rotation angle: 1.693121693121693, rotation gain: 0.0022699933940905897
Rotation gain: 1.24, direction: -1, curvature radius: 7.5
{'type': 'running', 'physical': {'user_x': 105.75536941651129, 'user_y': 286.9987255494997, 'user_direction': 0.973290961619135}, 'virtual': {'user_x': 1820.6226389613435, 'user_y': 7341.6559757163495, 'user_direction': -1.0547264272650037}, 'user_v': 7.999999999999999, 'user_w': 0, 'delta_t': 0.02, 'need_reset': False}
Tangent angle: 0.5645400427047407, User angle: 0.973290961619135, Offset angle: 0.3489050941641434
Target angle: 0.9134451368688841, distance: 549.7704545246559, angle diff: 0.05984582475025091, rotation direction: -1
Basic rotation angle: 1.693121693121693, rotation gain: 0.0023079311133291786
Rotation gain: 1.24, direction: -1, curvature radius: 7.5
{'type': 'running', 'physical': {'user_x': 109.4376023605994, 'user_y': 292.17111202097243, 'user_direction': 0.9521269404551138}, 'virtual': {'user_x': 1824.5703645032181, 'user_y': 7334.697853624432, 'user_direction': -1.0547264272650048}, 'user_v': 7.999999999999999, 'user_w': 0, 'delta_t': 0.02, 'need_reset': False}
Tangent angle: 0.5603964869281275, User angle: 0.9521269404551138, Offset angle: 0.35259685506437394
Target angle: 0.9129933419925014, distance: 543.516412127658, angle diff: 0.03913359846261244, rotation direction: -1
Basic rotation angle: 1.693121693121693, rotation gain: 0.0023409817537122803
Rotation gain: 1.24, direction: -1, curvature radius: 7.5
{'type': 'running', 'physical': {'user_x': 113.22847099514871, 'user_y': 297.2644151005459, 'user_direction': 0.9309629192910926}, 'virtual': {'user_x': 1828.5180900450928, 'user_y': 7327.739731532515, 'user_direction': -1.054726427265006}, 'user_v': 7.999999999999999, 'user_w': 0, 'delta_t': 0.02, 'need_reset': False}
Tangent angle: 0.5563853216271784, User angle: 0.9309629192910926, Offset angle: 0.3563956438777678
Target angle: 0.9127809655049461, distance: 537.210718260661, angle diff: 0.01818195378614651, rotation direction: -1
Basic rotation angle: 1.693121693121693, rotation gain: 0.0023698329602671276
Rotation gain: 1.24, direction: -1, curvature radius: 7.5
{'type': 'running', 'physical': {'user_x': 117.1262773936118, 'user_y': 302.27635350249204, 'user_direction': 0.9097988981270715}, 'virtual': {'user_x': 1832.4658155869674, 'user_y': 7320.781609440598, 'user_direction': -1.0547264272650074}, 'user_v': 7.999999999999999, 'user_w': 0, 'delta_t': 0.02, 'need_reset': False}
Tangent angle: 0.5525116051632484, User angle: 0.9097988981270715, Offset angle: 0.36030502662911146
Target angle: 0.9128166317923598, distance: 530.854407222474, angle diff: 0.003017733665288347, rotation direction: 1
Basic rotation angle: 1.693121693121693, rotation gain: 0.0023950892036015406
Rotation gain: 1.24, direction: 1, curvature radius: 7.5
{'type': 'running', 'physical': {'user_x': 120.91714602816111, 'user_y': 307.3696565820655, 'user_direction': 0.9309629192910926}, 'virtual': {'user_x': 1836.4135411288419, 'user_y': 7313.823487348681, 'user_direction': -1.0547264272650088}, 'user_v': 7.999999999999999, 'user_w': 0, 'delta_t': 0.02, 'need_reset': False}
Tangent angle: 0.5483327903888098, User angle: 0.9309629192910926, Offset angle: 0.3642641998348878
Target angle: 0.9125969902236976, distance: 524.5501871686831, angle diff: 0.018365929067395093, rotation direction: -1
Basic rotation angle: 1.693121693121693, rotation gain: 0.0024171179789814795
Rotation gain: 1.24, direction: -1, curvature radius: 7.5
{'type': 'running', 'physical': {'user_x': 124.8149524266242, 'user_y': 312.38159498401166, 'user_direction': 0.9097988981270715}, 'virtual': {'user_x': 1840.3612666707163, 'user_y': 7306.865365256764, 'user_direction': -1.0547264272650094}, 'user_v': 7.999999999999999, 'user_w': 0, 'delta_t': 0.02, 'need_reset': False}
Tangent angle: 0.5442903460802251, User angle: 0.9097988981270715, Offset angle: 0.36834092767101856
Target angle: 0.9126312737512436, distance: 518.1941492734674, angle diff: 0.0028323756241721565, rotation direction: 1
Basic rotation angle: 1.693121693121693, rotation gain: 0.002436404152253144
Rotation gain: 1.24, direction: 1, curvature radius: 7.5
{'type': 'running', 'physical': {'user_x': 128.60582106117351, 'user_y': 317.4748980635851, 'user_direction': 0.9309629192910926}, 'virtual': {'user_x': 1844.3089922125907, 'user_y': 7299.9072431648465, 'user_direction': -1.0547264272650099}, 'user_v': 7.999999999999999, 'user_w': 0, 'delta_t': 0.02, 'need_reset': False}
Tangent angle: 0.5399336196140241, User angle: 0.9309629192910926, Offset angle: 0.372470281631723
Target angle: 0.9124039012457471, distance: 511.8914974499889, angle diff: 0.018559018045345543, rotation direction: -1
Basic rotation angle: 1.693121693121693, rotation gain: 0.0024532066326944774
Rotation gain: 1.24, direction: -1, curvature radius: 7.5
{'type': 'running', 'physical': {'user_x': 132.5036274596366, 'user_y': 322.48683646553127, 'user_direction': 0.9097988981270715}, 'virtual': {'user_x': 1848.2567177544652, 'user_y': 7292.949121072929, 'user_direction': -1.0547264272650105}, 'user_v': 7.999999999999999, 'user_w': 0, 'delta_t': 0.02, 'need_reset': False}
Tangent angle: 0.535711901158618, User angle: 0.9097988981270715, Offset angle: 0.3767247170135947
Target angle: 0.9124366181722128, distance: 505.53576952902847, angle diff: 0.0026377200451412897, rotation direction: 1
Basic rotation angle: 1.693121693121693, rotation gain: 0.00246791929612693
Rotation gain: 1.24, direction: 1, curvature radius: 7.5
{'type': 'running', 'physical': {'user_x': 136.2944960941859, 'user_y': 327.5801395451047, 'user_direction': 0.9309629192910926}, 'virtual': {'user_x': 1852.2044432963396, 'user_y': 7285.990998981012, 'user_direction': -1.0547264272650112}, 'user_v': 7.999999999999999, 'user_w': 0, 'delta_t': 0.02, 'need_reset': False}
Tangent angle: 0.53116619948233, User angle: 0.9309629192910926, Offset angle: 0.38103480583789867
Target angle: 0.9122010053202287, distance: 499.23478917520333, angle diff: 0.018761913970863908, rotation direction: -1
Basic rotation angle: 1.693121693121693, rotation gain: 0.002480717307915968
Rotation gain: 1.24, direction: -1, curvature radius: 7.5
{'type': 'running', 'physical': {'user_x': 140.19230249264896, 'user_y': 332.5920779470509, 'user_direction': 0.9097988981270715}, 'virtual': {'user_x': 1856.152168838214, 'user_y': 7279.032876889095, 'user_direction': -1.0547264272650119}, 'user_v': 7.999999999999999, 'user_w': 0, 'delta_t': 0.02, 'need_reset': False}
Tangent angle: 0.5267538246920509, User angle: 0.9097988981270715, Offset angle: 0.3854781240261673
Target angle: 0.9122319487182182, distance: 492.8794127001936, angle diff: 0.002433050591146735, rotation direction: 1
Basic rotation angle: 1.693121693121693, rotation gain: 0.002491925493108718
Rotation gain: 1.24, direction: 1, curvature radius: 7.5
{'type': 'running', 'physical': {'user_x': 143.98317112719826, 'user_y': 337.6853810266243, 'user_direction': 0.9309629192910926}, 'virtual': {'user_x': 1860.0998943800885, 'user_y': 7272.074754797178, 'user_direction': -1.0547264272650128}, 'user_v': 7.999999999999999, 'user_w': 0, 'delta_t': 0.02, 'need_reset': False}
Tangent angle: 0.522007210130293, User angle: 0.9309629192910926, Offset angle: 0.38998032705223706
Target angle: 0.9119875371825301, distance: 486.5802169656647, angle diff: 0.018975382108562533, rotation direction: -1
Basic rotation angle: 1.693121693121693, rotation gain: 0.002501654259218979
Rotation gain: 1.24, direction: -1, curvature radius: 7.5
{'type': 'running', 'physical': {'user_x': 147.88097752566134, 'user_y': 342.6973194285705, 'user_direction': 0.9097988981270715}, 'virtual': {'user_x': 1864.047619921963, 'user_y': 7265.116632705261, 'user_direction': -1.0547264272650136}, 'user_v': 7.999999999999999, 'user_w': 0, 'delta_t': 0.02, 'need_reset': False}
Tangent angle: 0.5173918840663942, User angle: 0.9097988981270715, Offset angle: 0.39462458959227714
Target angle: 0.9120164736586713, distance: 480.22523872907243, angle diff: 0.002217575531599847, rotation direction: 1
Basic rotation angle: 1.693121693121693, rotation gain: 0.0025101762113675617
Rotation gain: 1.24, direction: 1, curvature radius: 7.5
{'type': 'running', 'physical': {'user_x': 151.67184616021063, 'user_y': 347.79062250814394, 'user_direction': 0.9309629192910926}, 'virtual': {'user_x': 1867.9953454638373, 'user_y': 7258.158510613343, 'user_direction': -1.0547264272650148}, 'user_v': 7.999999999999999, 'user_w': 0, 'delta_t': 0.02, 'need_reset': False}
Tangent angle: 0.5124314649328561, User angle: 0.9309629192910926, Offset angle: 0.39933118503914977
Target angle: 0.9117626499720058, distance: 473.9279519296403, angle diff: 0.019200269319086805, rotation direction: -1
Basic rotation angle: 1.693121693121693, rotation gain: 0.002517551498900604
Rotation gain: 1.24, direction: -1, curvature radius: 7.5
{'type': 'running', 'physical': {'user_x': 155.5696525586737, 'user_y': 352.8025609100901, 'user_direction': 0.9097988981270715}, 'virtual': {'user_x': 1871.9430710057118, 'user_y': 7251.200388521426, 'user_direction': -1.0547264272650159}, 'user_v': 7.999999999999999, 'user_w': 0, 'delta_t': 0.02, 'need_reset': False}
Tangent angle: 0.5075998956099994, User angle: 0.9097988981270715, Offset angle: 0.40418942009171077
Target angle: 0.9117893157017102, distance: 467.57342484301614, angle diff: 0.001990417574638692, rotation direction: 1
Basic rotation angle: 1.693121693121693, rotation gain: 0.002524013429531166
Rotation gain: 1.24, direction: 1, curvature radius: 7.5
{'type': 'running', 'physical': {'user_x': 159.360521193223, 'user_y': 357.89586398966355, 'user_direction': 0.9309629192910926}, 'virtual': {'user_x': 1875.8907965475862, 'user_y': 7244.242266429509, 'user_direction': -1.0547264272650172}, 'user_v': 7.999999999999999, 'user_w': 0, 'delta_t': 0.02, 'need_reset': False}
Tangent angle: 0.5024117387794589, User angle: 0.9309629192910926, Offset angle: 0.4091136653014625
Target angle: 0.9115254040809213, distance: 461.27818391554086, angle diff: 0.01943751521017134, rotation direction: -1
Basic rotation angle: 1.693121693121693, rotation gain: 0.0025295829560398084
Rotation gain: 1.24, direction: -1, curvature radius: 7.5
{'type': 'running', 'physical': {'user_x': 163.25832759168608, 'user_y': 362.9078023916097, 'user_direction': 0.9097988981270715}, 'virtual': {'user_x': 1879.8385220894606, 'user_y': 7237.284144337592, 'user_direction': -1.0547264272650188}, 'user_v': 7.999999999999999, 'user_w': 0, 'delta_t': 0.02, 'need_reset': False}
Tangent angle: 0.49734954483017235, User angle: 0.9097988981270715, Offset angle: 0.4141999553085746
Target angle: 0.911549500138747, distance: 454.92416794976606, angle diff: 0.0017506020116755394, rotation direction: 1
Basic rotation angle: 1.693121693121693, rotation gain: 0.0025344640220387625
Rotation gain: 1.24, direction: 1, curvature radius: 7.5
{'type': 'running', 'physical': {'user_x': 167.04919622623538, 'user_y': 368.00110547118317, 'user_direction': 0.9309629192910926}, 'virtual': {'user_x': 1883.786247631335, 'user_y': 7230.326022245675, 'user_direction': -1.0547264272650205}, 'user_v': 7.999999999999999, 'user_w': 0, 'delta_t': 0.02, 'need_reset': False}
Tangent angle: 0.4919185801614341, User angle: 0.9309629192910926, Offset angle: 0.4193561739658003
Target angle: 0.9112747541272344, distance: 448.6311241442594, angle diff: 0.019688165163858296, rotation direction: -1
Basic rotation angle: 1.693121693121693, rotation gain: 0.0025386468094796676
Rotation gain: 1.24, direction: -1, curvature radius: 7.5
{'type': 'running', 'physical': {'user_x': 170.94700262469846, 'user_y': 373.01304387312933, 'user_direction': 0.9097988981270715}, 'virtual': {'user_x': 1887.7339731732095, 'user_y': 7223.367900153758, 'user_direction': -1.0547264272650225}, 'user_v': 7.999999999999999, 'user_w': 0, 'delta_t': 0.02, 'need_reset': False}
Tangent angle: 0.4866101898592663, User angle: 0.9097988981270715, Offset angle: 0.424685751106607
Target angle: 0.9112959409658733, distance: 442.27768744135443, angle diff: 0.0014970428388018098, rotation direction: 1
Basic rotation angle: 1.693121693121693, rotation gain: 0.002542313546024555
Rotation gain: 1.24, direction: 1, curvature radius: 7.5
{'type': 'running', 'physical': {'user_x': 174.73787125924775, 'user_y': 378.1063469527028, 'user_direction': 0.9309629192910926}, 'virtual': {'user_x': 1891.681698715084, 'user_y': 7216.4097780618395, 'user_direction': -1.054726427265025}, 'user_v': 7.999999999999999, 'user_w': 0, 'delta_t': 0.02, 'need_reset': False}
Tangent angle: 0.4809201059196413, User angle: 0.9309629192910926, Offset angle: 0.4300894277535234
Target angle: 0.9110095336731647, distance: 435.9870082970254, angle diff: 0.01995338561792792, rotation direction: -1
Basic rotation angle: 1.693121693121693, rotation gain: 0.0025454300464207323
Rotation gain: 1.24, direction: -1, curvature radius: 7.5
{'type': 'running', 'physical': {'user_x': 178.63567765771083, 'user_y': 383.11828535464895, 'user_direction': 0.9097988981270715}, 'virtual': {'user_x': 1895.6294242569584, 'user_y': 7209.451655969922, 'user_direction': -1.054726427265022}, 'user_v': 7.999999999999999, 'user_w': 0, 'delta_t': 0.02, 'need_reset': False}
Tangent angle: 0.47534864699315493, User angle: 0.9097988981270715, Offset angle: 0.4356787775753355
Target angle: 0.9110274245684904, distance: 429.63422849033344, angle diff: 0.001228526441418909, rotation direction: 1
Basic rotation angle: 1.693121693121693, rotation gain: 0.002548162724823854
Rotation gain: 1.24, direction: 1, curvature radius: 7.5
{'type': 'running', 'physical': {'user_x': 182.42654629226013, 'user_y': 388.2115884342224, 'user_direction': 0.9309629192910926}, 'virtual': {'user_x': 1899.5771497988328, 'user_y': 7202.493533878004, 'user_direction': -1.0547264272650252}, 'user_v': 7.999999999999999, 'user_w': 0, 'delta_t': 0.02, 'need_reset': False}
Tangent angle: 0.46938177759414756, User angle: 0.9309629192910926, Offset angle: 0.4413466596279225
Target angle: 0.9107284372220701, distance: 423.3461001532495, angle diff: 0.020234482069022564, rotation direction: -1
Basic rotation angle: 1.693121693121693, rotation gain: 0.0025504578796798896
Rotation gain: 1.24, direction: -1, curvature radius: 7.5
{'type': 'running', 'physical': {'user_x': 186.3243526907232, 'user_y': 393.22352683616856, 'user_direction': 0.9097988981270715}, 'virtual': {'user_x': 1903.5248753407072, 'user_y': 7195.535411786087, 'user_direction': -1.0547264272650214}, 'user_v': 7.999999999999999, 'user_w': 0, 'delta_t': 0.02, 'need_reset': False}
Tangent angle: 0.4635289573362238, User angle: 0.9097988981270715, Offset angle: 0.44721363311996837
Target angle: 0.9107425904561921, distance: 416.99406594197694, angle diff: 0.0009436923291206156, rotation direction: 1
Basic rotation angle: 1.693121693121693, rotation gain: 0.0025524706818584953
Rotation gain: 1.24, direction: 1, curvature radius: 7.5
{'type': 'running', 'physical': {'user_x': 190.1152213252725, 'user_y': 398.316829915742, 'user_direction': 0.9309629192910926}, 'virtual': {'user_x': 1907.4726008825817, 'user_y': 7188.577289694169, 'user_direction': -1.0547264272650252}, 'user_v': 7.999999999999999, 'user_w': 0, 'delta_t': 0.02, 'need_reset': False}
Tangent angle: 0.4572661584964002, User angle: 0.9309629192910926, Offset angle: 0.45316384041586605
Target angle: 0.9104299989122662, distance: 410.7086958958455, angle diff: 0.02053292037882648, rotation direction: -1
Basic rotation angle: 1.693121693121693, rotation gain: 0.0025541315704636263
Rotation gain: 1.24, direction: -1, curvature radius: 7.5
{'type': 'running', 'physical': {'user_x': 194.01302772373558, 'user_y': 403.3287683176882, 'user_direction': 0.9097988981270715}, 'virtual': {'user_x': 1911.420326424456, 'user_y': 7181.619167602252, 'user_direction': -1.05472642726502}, 'user_v': 7.999999999999999, 'user_w': 0, 'delta_t': 0.02, 'need_reset': False}
Tangent angle: 0.45111213379993353, User angle: 0.9097988981270715, Offset angle: 0.45932777460810825
Target angle: 0.9104399084080418, distance: 404.3575089317445, angle diff: 0.0006410102809703, rotation direction: 1
Basic rotation angle: 1.693121693121693, rotation gain: 0.0025555880281873055
Rotation gain: 1.24, direction: 1, curvature radius: 7.5
{'type': 'running', 'physical': {'user_x': 197.80389635828487, 'user_y': 408.4220713972616, 'user_direction': 0.9309629192910926}, 'virtual': {'user_x': 1915.3680519663305, 'user_y': 7174.661045510334, 'user_direction': -1.0547264272650254}, 'user_v': 7.999999999999999, 'user_w': 0, 'delta_t': 0.02, 'need_reset': False}
Tangent angle: 0.4445326509228389, User angle: 0.9309629192910926, Offset angle: 0.46557991625759476
Target angle: 0.9101125671804337, distance: 398.0751292310199, angle diff: 0.020850352110659, rotation direction: -1
Basic rotation angle: 1.693121693121693, rotation gain: 0.0025567573717952545
Rotation gain: 1.24, direction: -1, curvature radius: 7.5
{'type': 'running', 'physical': {'user_x': 201.70170275674795, 'user_y': 413.4340097992078, 'user_direction': 0.9097988981270715}, 'virtual': {'user_x': 1919.315777508205, 'user_y': 7167.7029234184165, 'user_direction': -1.0547264272650174}, 'user_v': 7.999999999999999, 'user_w': 0, 'delta_t': 0.02, 'need_reset': False}
Tangent angle: 0.4380558880757288, User angle: 0.9097988981270715, Offset angle: 0.4720617631493886
Target angle: 0.9101176512251175, distance: 391.7249063902831, angle diff: 0.0003187530980459652, rotation direction: 1
Basic rotation angle: 1.693121693121693, rotation gain: 0.002557782179208726
Rotation gain: 1.24, direction: 1, curvature radius: 7.5
{'type': 'running', 'physical': {'user_x': 205.49257139129725, 'user_y': 418.52731287878123, 'user_direction': 0.9309629192910926}, 'virtual': {'user_x': 1923.2635030500794, 'user_y': 7160.744801326498, 'user_direction': -1.0547264272650259}, 'user_v': 7.999999999999999, 'user_w': 0, 'delta_t': 0.02, 'need_reset': False}
Tangent angle: 0.431137213392629, User angle: 0.9309629192910926, Offset angle: 0.47863706108618725
Target angle: 0.9097742744788162, distance: 385.44577750761056, angle diff: 0.021188644812276447, rotation direction: -1
Basic rotation angle: 1.693121693121693, rotation gain: 0.002558568670850775
Rotation gain: 1.24, direction: -1, curvature radius: 7.5
{'type': 'running', 'physical': {'user_x': 209.39037778976032, 'user_y': 423.5392512807274, 'user_direction': 0.9097988981270715}, 'virtual': {'user_x': 1927.211228591954, 'user_y': 7153.786679234581, 'user_direction': -1.054726427265007}, 'user_v': 7.999999999999999, 'user_w': 0, 'delta_t': 0.02, 'need_reset': False}
Tangent angle: 0.42431433776985505, User angle: 0.9097988981270715, Offset angle: 0.4854595243058466
Target angle: 0.9097738620757017, distance: 379.0966536409843, angle diff: 2.5036051369831114e-05, rotation direction: -1
Basic rotation angle: 1.693121693121693, rotation gain: 0.002559256718659896
Rotation gain: 1.24, direction: -1, curvature radius: 7.5
{'type': 'running', 'physical': {'user_x': 213.39337612826444, 'user_y': 428.4675801624819, 'user_direction': 0.8886348769630503}, 'virtual': {'user_x': 1928.9006858562107, 'user_y': 7150.80890132447, 'user_direction': -1.054726427265007}, 'user_v': 0, 'user_w': 0.1, 'delta_t': 0.02, 'need_reset': False}
Tangent angle: 0.41759183405173905, User angle: 0.8886348769630503, Offset angle: 0.49254210622937417
Target angle: 0.9101339402811133, distance: 372.6768743520534, angle diff: 0.02149906331806295, rotation direction: 1
Basic rotation angle: 0.0, rotation gain: 0.0022500371190589583
Rotation gain: 1.24, direction: 1, curvature radius: 2500000
{'type': 'running', 'physical': {'user_x': 217.2911825267275, 'user_y': 433.4795185644281, 'user_direction': 0.9097988981270715}, 'virtual': {'user_x': 1928.9006858562107, 'user_y': 7150.80890132447, 'user_direction': -0.954726427265007}, 'user_v': 0, 'user_w': 0.1, 'delta_t': 0.02, 'need_reset': False}
Tangent angle: 0.41040275454817055, User angle: 0.9097988981270715, Offset angle: 0.49973699270655586
Target angle: 0.9101397472547264, distance: 366.3265069706604, angle diff: 0.0003408491276548631, rotation direction: 1
Basic rotation angle: 0.0, rotation gain: 0.001979470031533883
Rotation gain: 1.24, direction: 1, curvature radius: 2500000
{'type': 'running', 'physical': {'user_x': 217.2911825267275, 'user_y': 433.4795185644281, 'user_direction': 0.9904440594173941}, 'virtual': {'user_x': 1928.9006858562107, 'user_y': 7150.80890132447, 'user_direction': -0.854726427265007}, 'user_v': 0, 'user_w': 0.1, 'delta_t': 0.02, 'need_reset': False}
Tangent angle: 0.41040275454817055, User angle: 0.9904440594173941, Offset angle: 0.49973699270655586
Target angle: 0.9101397472547264, distance: 366.3265069706604, angle diff: 0.08030431216266776, rotation direction: -1
Basic rotation angle: 0.0, rotation gain: 0.0017427238299494415
Rotation gain: 1.24, direction: -1, curvature radius: 2500000
{'type': 'running', 'physical': {'user_x': 217.2911825267275, 'user_y': 433.4795185644281, 'user_direction': 1.0710892207077167}, 'virtual': {'user_x': 1928.9006858562107, 'user_y': 7150.80890132447, 'user_direction': -0.7286546140528231}, 'user_v': 7.999999999999999, 'user_w': 0, 'delta_t': 0.02, 'need_reset': False}
Tangent angle: 0.41040275454817055, User angle: 1.0710892207077167, Offset angle: 0.49973699270655586
Target angle: 0.9101397472547264, distance: 366.3265069706604, angle diff: 0.16094947345299038, rotation direction: -1
Basic rotation angle: 1.693121693121693, rotation gain: 0.0018455099219245874
Rotation gain: 1.24, direction: -1, curvature radius: 7.5
{'type': 'running', 'physical': {'user_x': 217.2911825267275, 'user_y': 433.4795185644281, 'user_direction': 1.1517343819980392}, 'virtual': {'user_x': 1934.869253253838, 'user_y': 7145.481969447678, 'user_direction': -0.7286546140528231}, 'user_v': 7.999999999999999, 'user_w': 0, 'delta_t': 0.02, 'need_reset': False}
Tangent angle: 0.41040275454817055, User angle: 1.1517343819980392, Offset angle: 0.49973699270655586
Target angle: 0.9101397472547264, distance: 366.3265069706604, angle diff: 0.24159463474331289, rotation direction: -1
Basic rotation angle: 1.693121693121693, rotation gain: 0.00193544775240284
Rotation gain: 1.24, direction: -1, curvature radius: 7.5
{'type': 'running', 'physical': {'user_x': 219.9968580649423, 'user_y': 439.22336232507377, 'user_direction': 1.130570360834018}, 'virtual': {'user_x': 1940.8378206514653, 'user_y': 7140.155037570887, 'user_direction': -0.7286546140528245}, 'user_v': 7.999999999999999, 'user_w': 0, 'delta_t': 0.02, 'need_reset': False}
Tangent angle: 0.4002542224347354, User angle: 1.130570360834018, Offset angle: 0.5060348051129685
Target angle: 0.9062890275477039, distance: 360.9037476981503, angle diff: 0.22428133328631417, rotation direction: -1
Basic rotation angle: 1.693121693121693, rotation gain: 0.0020129066995119185
Rotation gain: 1.24, direction: -1, curvature radius: 7.5
{'type': 'running', 'physical': {'user_x': 222.82348142450545, 'user_y': 444.90866105495365, 'user_direction': 1.109406339669997}, 'virtual': {'user_x': 1946.8063880490924, 'user_y': 7134.828105694095, 'user_direction': -0.7286546140528262}, 'user_v': 7.999999999999999, 'user_w': 0, 'delta_t': 0.02, 'need_reset': False}
Tangent angle: 0.3901158401224376, User angle: 1.109406339669997, Offset angle: 0.5125658252744267
Target angle: 0.9026816653968643, distance: 355.4088484836832, angle diff: 0.20672467427313257, rotation direction: -1
Basic rotation angle: 1.693121693121693, rotation gain: 0.0020795234181657735
Rotation gain: 1.24, direction: -1, curvature radius: 7.5
{'type': 'running', 'physical': {'user_x': 225.76978656343437, 'user_y': 450.53286831403676, 'user_direction': 1.0882423185059757}, 'virtual': {'user_x': 1952.7749554467196, 'user_y': 7129.501173817303, 'user_direction': -0.728654614052827}, 'user_v': 7.999999999999999, 'user_w': 0, 'delta_t': 0.02, 'need_reset': False}
Tangent angle: 0.3799880710684693, User angle: 1.0882423185059757, Offset angle: 0.5193419601568091
Target angle: 0.8993300312252784, distance: 349.8409297140724, angle diff: 0.1889122872806973, rotation direction: -1
Basic rotation angle: 1.693121693121693, rotation gain: 0.0021367342357211964
Rotation gain: 1.24, direction: -1, curvature radius: 7.5
{'type': 'running', 'physical': {'user_x': 228.83445383438848, 'user_y': 456.09346502510516, 'user_direction': 1.0670782973419546}, 'virtual': {'user_x': 1958.7435228443467, 'user_y': 7124.174241940512, 'user_direction': -0.728654614052828}, 'user_v': 7.999999999999999, 'user_w': 0, 'delta_t': 0.02, 'need_reset': False}
Tangent angle: 0.3698714060286723, User angle: 1.0670782973419546, Offset angle: 0.5263760124564943
Target angle: 0.8962474184851666, distance: 344.1990027133974, angle diff: 0.17083087885678794, rotation direction: -1
Basic rotation angle: 1.693121693121693, rotation gain: 0.002185800486148838
Rotation gain: 1.24, direction: -1, curvature radius: 7.5
{'type': 'running', 'physical': {'user_x': 232.01611057573794, 'user_y': 461.58796060204645, 'user_direction': 1.0459142761779334}, 'virtual': {'user_x': 1964.7120902419738, 'user_y': 7118.84731006372, 'user_direction': -0.7286546140528292}, 'user_v': 7.999999999999999, 'user_w': 0, 'delta_t': 0.02, 'need_reset': False}
Tangent angle: 0.3597663651302345, User angle: 1.0459142761779334, Offset angle: 0.5336817700735623
Target angle: 0.8934481352037968, distance: 338.4819574602288, angle diff: 0.15246614097413658, rotation direction: -1
Basic rotation angle: 1.693121693121693, rotation gain: 0.002227830705208733
Rotation gain: 1.24, direction: -1, curvature radius: 7.5
{'type': 'running', 'physical': {'user_x': 235.3133317263776, 'user_y': 467.013894065385, 'user_direction': 1.0247502550139123}, 'virtual': {'user_x': 1970.680657639601, 'user_y': 7113.520378186929, 'user_direction': -0.7286546140528303}, 'user_v': 7.999999999999999, 'user_w': 0, 'delta_t': 0.02, 'need_reset': False}
Tangent angle: 0.3496735001353044, User angle: 1.0247502550139123, Offset angle: 0.5412741071083808
Target angle: 0.8909476072436852, distance: 332.6885486279438, angle diff: 0.1338026477702271, rotation direction: -1
Basic rotation angle: 1.693121693121693, rotation gain: 0.0022638000823884956
Rotation gain: 1.24, direction: -1, curvature radius: 7.5
{'type': 'running', 'physical': {'user_x': 238.72464046401052, 'user_y': 472.3688351445521, 'user_direction': 1.003586233849891}, 'virtual': {'user_x': 1976.649225037228, 'user_y': 7108.193446310137, 'user_direction': -0.7286546140528316}, 'user_v': 7.999999999999999, 'user_w': 0, 'delta_t': 0.02, 'need_reset': False}
Tangent angle: 0.339593396916384, User angle: 1.003586233849891, Offset angle: 0.549169098233558
Target angle: 0.888762495149942, distance: 326.8173796636541, angle diff: 0.11482373869994911, rotation direction: -1
Basic rotation angle: 1.693121693121693, rotation gain: 0.0022945675164092933
Rotation gain: 1.24, direction: -1, curvature radius: 7.5
{'type': 'running', 'physical': {'user_x': 242.24850886661523, 'user_y': 477.65038536640236, 'user_direction': 0.9824222126858699}, 'virtual': {'user_x': 1982.6177924348551, 'user_y': 7102.866514433345, 'user_direction': -0.7286546140528333}, 'user_v': 7.999999999999999, 'user_w': 0, 'delta_t': 0.02, 'need_reset': False}
Tangent angle: 0.3295266781670012, User angle: 0.9824222126858699, Offset angle: 0.5573841486560651
Target angle: 0.8869108268230663, distance: 320.86688456297594, angle diff: 0.09551138586280361, rotation direction: -1
Basic rotation angle: 1.693121693121693, rotation gain: 0.0023208905783676935
Rotation gain: 1.24, direction: -1, curvature radius: 7.5
{'type': 'running', 'physical': {'user_x': 245.88335859680075, 'user_y': 482.85617912948715, 'user_direction': 0.9612581915218488}, 'virtual': {'user_x': 1988.5863598324822, 'user_y': 7097.539582556554, 'user_direction': -0.728654614052835}, 'user_v': 7.999999999999999, 'user_w': 0, 'delta_t': 0.02, 'need_reset': False}
Tangent angle: 0.31947400637418744, User angle: 0.9612581915218488, Offset angle: 0.5659381423321187
Target angle: 0.8854121487063061, distance: 314.8353069254223, angle diff: 0.07584604281554264, rotation direction: -1
Basic rotation angle: 1.693121693121693, rotation gain: 0.0023434386493054174
Rotation gain: 1.24, direction: -1, curvature radius: 7.5
{'type': 'running', 'physical': {'user_x': 249.6275616087423, 'user_y': 487.9838847636056, 'user_direction': 0.9400941703578276}, 'virtual': {'user_x': 1994.5549272301093, 'user_y': 7092.212650679762, 'user_direction': -0.7286546140528372}, 'user_v': 7.999999999999999, 'user_w': 0, 'delta_t': 0.02, 'need_reset': False}
Tangent angle: 0.3094360870827635, User angle: 0.9400941703578276, Offset angle: 0.5748516116535656
Target angle: 0.8842876987363291, distance: 308.7206757845817, angle diff: 0.05580647162149854, rotation direction: -1
Basic rotation angle: 1.693121693121693, rotation gain: 0.0023628044665291075
Rotation gain: 1.24, direction: -1, curvature radius: 7.5
{'type': 'running', 'physical': {'user_x': 253.47944087738156, 'user_y': 493.0312055741574, 'user_direction': 0.9189301491938064}, 'virtual': {'user_x': 2000.5234946277365, 'user_y': 7086.885718802971, 'user_direction': -0.7286546140528397}, 'user_v': 7.999999999999999, 'user_w': 0, 'delta_t': 0.02, 'need_reset': False}
Tangent angle: 0.29941367248542416, User angle: 0.9189301491938064, Offset angle: 0.5841469325198944
Target angle: 0.8835606050053185, distance: 302.5207775931602, angle diff: 0.03536954418848792, rotation direction: -1
Basic rotation angle: 1.693121693121693, rotation gain: 0.0023795142847731912
Rotation gain: 1.24, direction: -1, curvature radius: 7.5
{'type': 'running', 'physical': {'user_x': 257.4372711495647, 'user_y': 497.9958808708302, 'user_direction': 0.8977661280297853}, 'virtual': {'user_x': 2006.4920620253636, 'user_y': 7081.558786926179, 'user_direction': -0.7286546140528427}, 'user_v': 7.999999999999999, 'user_w': 0, 'delta_t': 0.02, 'need_reset': False}
Tangent angle: 0.28940756537721857, User angle: 0.8977661280297853, Offset angle: 0.5938485495857415
Target angle: 0.8832561149629601, distance: 296.23312359824774, angle diff: 0.0145100130668252, rotation direction: -1
Basic rotation angle: 1.693121693121693, rotation gain: 0.0023940368338264367
Rotation gain: 1.24, direction: -1, curvature radius: 7.5
{'type': 'running', 'physical': {'user_x': 261.49927971678153, 'user_y': 502.8756869801607, 'user_direction': 0.8766021068657641}, 'virtual': {'user_x': 2012.4606294229907, 'user_y': 7076.231855049387, 'user_direction': -0.7286546140528465}, 'user_v': 7.999999999999999, 'user_w': 0, 'delta_t': 0.02, 'need_reset': False}
Tangent angle: 0.27941862351832336, User angle: 0.8766021068657641, Offset angle: 0.6039832375850589
Target angle: 0.8834018611033823, distance: 289.85491165725216, angle diff: 0.006799754237618139, rotation direction: 1
Basic rotation angle: 1.693121693121693, rotation gain: 0.002406791233116756
Rotation gain: 1.24, direction: 1, curvature radius: 7.5
{'type': 'running', 'physical': {'user_x': 265.45710998896465, 'user_y': 507.8403622768335, 'user_direction': 0.8977661280297853}, 'virtual': {'user_x': 2018.4291968206178, 'user_y': 7070.904923172596, 'user_direction': -0.728654614052851}, 'user_v': 7.999999999999999, 'user_w': 0, 'delta_t': 0.02, 'need_reset': False}
Tangent angle: 0.26881174812429354, User angle: 0.8977661280297853, Offset angle: 0.6142684686613337
Target angle: 0.8830802167856272, distance: 283.5707038503819, angle diff: 0.014685911244158079, rotation direction: -1
Basic rotation angle: 1.693121693121693, rotation gain: 0.0024178472336461505
Rotation gain: 1.24, direction: -1, curvature radius: 7.5
{'type': 'running', 'physical': {'user_x': 269.51911855618147, 'user_y': 512.720168386164, 'user_direction': 0.8766021068657641}, 'virtual': {'user_x': 2024.397764218245, 'user_y': 7065.577991295804, 'user_direction': -0.7286546140528571}, 'user_v': 7.999999999999999, 'user_w': 0, 'delta_t': 0.02, 'need_reset': False}
Tangent angle: 0.25820412004961035, User angle: 0.8766021068657641, Offset angle: 0.6250244717746386
Target angle: 0.883228591824249, distance: 277.1919587694109, angle diff: 0.006626484958484835, rotation direction: 1
Basic rotation angle: 1.693121693121693, rotation gain: 0.002427569256344125
Rotation gain: 1.24, direction: 1, curvature radius: 7.5
{'type': 'running', 'physical': {'user_x': 273.4769488283646, 'user_y': 517.6848436828368, 'user_direction': 0.8977661280297853}, 'virtual': {'user_x': 2030.366331615872, 'user_y': 7060.251059419012, 'user_direction': -0.7286546140528652}, 'user_v': 7.999999999999999, 'user_w': 0, 'delta_t': 0.02, 'need_reset': False}
Tangent angle: 0.2469503975228715, User angle: 0.8977661280297853, Offset angle: 0.6359374551724245
Target angle: 0.882887852695296, distance: 270.9115868802098, angle diff: 0.014878275334489266, rotation direction: -1
Basic rotation angle: 1.693121693121693, rotation gain: 0.002435965741250739
Rotation gain: 1.24, direction: -1, curvature radius: 7.5
{'type': 'running', 'physical': {'user_x': 277.5389573955814, 'user_y': 522.5646497921673, 'user_direction': 0.8766021068657641}, 'virtual': {'user_x': 2036.3348990134991, 'user_y': 7054.924127542219, 'user_direction': -0.7286546140528589}, 'user_v': 7.999999999999999, 'user_w': 0, 'delta_t': 0.02, 'need_reset': False}
Tangent angle: 0.23567604821485677, User angle: 0.8766021068657641, Offset angle: 0.6473626630078205
Target angle: 0.8830387112226773, distance: 264.5323372658593, angle diff: 0.006436604356913178, rotation direction: 1
Basic rotation angle: 1.693121693121693, rotation gain: 0.0024433614944162274
Rotation gain: 1.24, direction: 1, curvature radius: 7.5
{'type': 'running', 'physical': {'user_x': 281.4967876677645, 'user_y': 527.5293250888401, 'user_direction': 0.8977661280297853}, 'virtual': {'user_x': 2042.3034664111262, 'user_y': 7049.5971956654275, 'user_direction': -0.7286546140528495}, 'user_v': 7.999999999999999, 'user_w': 0, 'delta_t': 0.02, 'need_reset': False}
Tangent angle: 0.2237261167519935, User angle: 0.8977661280297853, Offset angle: 0.658950484591595
Target angle: 0.8826766013435885, distance: 258.25625837147123, angle diff: 0.015089526686196786, rotation direction: -1
Basic rotation angle: 1.693121693121693, rotation gain: 0.002449715569375138
Rotation gain: 1.24, direction: -1, curvature radius: 7.5
{'type': 'running', 'physical': {'user_x': 285.55879623498134, 'user_y': 532.4091311981706, 'user_direction': 0.8766021068657641}, 'virtual': {'user_x': 2048.2720338087533, 'user_y': 7044.270263788635, 'user_direction': -0.7286546140528636}, 'user_v': 7.999999999999999, 'user_w': 0, 'delta_t': 0.02, 'need_reset': False}
Tangent angle: 0.21173363374152077, User angle: 0.8766021068657641, Offset angle: 0.6710960808537054
Target angle: 0.8828297145952262, distance: 251.87654946536824, angle diff: 0.00622760772946207, rotation direction: 1
Basic rotation angle: 1.693121693121693, rotation gain: 0.002455324946804704
Rotation gain: 1.24, direction: 1, curvature radius: 7.5
{'type': 'running', 'physical': {'user_x': 289.51662650716446, 'user_y': 537.3738064948434, 'user_direction': 0.8977661280297853}, 'virtual': {'user_x': 2054.2406012063807, 'user_y': 7038.943331911843, 'user_direction': -0.7286546140528459}, 'user_v': 7.999999999999999, 'user_w': 0, 'delta_t': 0.02, 'need_reset': False}
Tangent angle: 0.19903489178177036, User angle: 0.8977661280297853, Offset angle: 0.6834086513484168
Target angle: 0.8824435431301871, distance: 245.60530395013245, angle diff: 0.015322584899598146, rotation direction: -1
Basic rotation angle: 1.693121693121693, rotation gain: 0.002460108146231241
Rotation gain: 1.24, direction: -1, curvature radius: 7.5
{'type': 'running', 'physical': {'user_x': 293.5786350743813, 'user_y': 542.2536126041739, 'user_direction': 0.8766021068657641}, 'virtual': {'user_x': 2058.845383685868, 'user_y': 7034.833574755473, 'user_direction': -0.7286546140528459}, 'user_v': 0, 'user_w': 0.1, 'delta_t': 0.02, 'need_reset': False}
Tangent angle: 0.18626956539003015, User angle: 0.8766021068657641, Offset angle: 0.69632900266888
Target angle: 0.8825985680589101, distance: 239.2252038146232, angle diff: 0.005996461193146008, rotation direction: 1
Basic rotation angle: 0.0, rotation gain: 0.002162986261351182
Rotation gain: 1.24, direction: 1, curvature radius: 2500000
{'type': 'running', 'physical': {'user_x': 297.5364653465644, 'user_y': 547.2182879008467, 'user_direction': 0.8977661280297853}, 'virtual': {'user_x': 2058.845383685868, 'user_y': 7034.833574755473, 'user_direction': -0.8286546140528459}, 'user_v': 0, 'user_w': 0.1, 'delta_t': 0.02, 'need_reset': False}
Tangent angle: 0.17276633923539153, User angle: 0.8977661280297853, Offset angle: 0.7094187861510803
Target angle: 0.8821851253864719, distance: 232.95943622692758, angle diff: 0.015581002643313413, rotation direction: -1
Basic rotation angle: 0.0, rotation gain: 0.0019030001506262744
Rotation gain: 1.24, direction: -1, curvature radius: 2500000
{'type': 'running', 'physical': {'user_x': 297.5364653465644, 'user_y': 547.2182879008467, 'user_direction': 0.9784112893201079}, 'virtual': {'user_x': 2058.845383685868, 'user_y': 7034.833574755473, 'user_direction': -0.9286546140528459}, 'user_v': 0, 'user_w': 0.1, 'delta_t': 0.02, 'need_reset': False}
Tangent angle: 0.17276633923539153, User angle: 0.9784112893201079, Offset angle: 0.7094187861510803
Target angle: 0.8821851253864719, distance: 232.95943622692758, angle diff: 0.09622616393363603, rotation direction: -1
Basic rotation angle: 0.0, rotation gain: 0.0016755123037419804
Rotation gain: 1.24, direction: -1, curvature radius: 2500000
{'type': 'running', 'physical': {'user_x': 297.5364653465644, 'user_y': 547.2182879008467, 'user_direction': 1.0590564506104305}, 'virtual': {'user_x': 2058.845383685868, 'user_y': 7034.833574755473, 'user_direction': -1.0286546140528459}, 'user_v': 0, 'user_w': 0.1, 'delta_t': 0.02, 'need_reset': False}
Tangent angle: 0.17276633923539153, User angle: 1.0590564506104305, Offset angle: 0.7094187861510803
Target angle: 0.8821851253864719, distance: 232.95943622692758, angle diff: 0.17687132522395865, rotation direction: -1
Basic rotation angle: 0.0, rotation gain: 0.0014764604377182232
Rotation gain: 1.24, direction: -1, curvature radius: 2500000
{'type': 'running', 'physical': {'user_x': 297.5364653465644, 'user_y': 547.2182879008467, 'user_direction': 1.139701611900753}, 'virtual': {'user_x': 2058.845383685868, 'user_y': 7034.833574755473, 'user_direction': -1.128654614052846}, 'user_v': 0, 'user_w': 0.1, 'delta_t': 0.02, 'need_reset': False}
Tangent angle: 0.17276633923539153, User angle: 1.139701611900753, Offset angle: 0.7094187861510803
Target angle: 0.8821851253864719, distance: 232.95943622692758, angle diff: 0.25751648651428116, rotation direction: -1
Basic rotation angle: 0.0, rotation gain: 0.0013022900549474355
Rotation gain: 1.24, direction: -1, curvature radius: 2500000
{'type': 'running', 'physical': {'user_x': 297.5364653465644, 'user_y': 547.2182879008467, 'user_direction': 1.2203467731910755}, 'virtual': {'user_x': 2058.845383685868, 'user_y': 7034.833574755473, 'user_direction': -1.228654614052846}, 'user_v': 0, 'user_w': 0.1, 'delta_t': 0.02, 'need_reset': False}
Tangent angle: 0.17276633923539153, User angle: 1.2203467731910755, Offset angle: 0.7094187861510803
Target angle: 0.8821851253864719, distance: 232.95943622692758, angle diff: 0.33816164780460367, rotation direction: -1
Basic rotation angle: 0.0, rotation gain: 0.0011498909700229964
Rotation gain: 1.24, direction: -1, curvature radius: 2500000
{'type': 'running', 'physical': {'user_x': 297.5364653465644, 'user_y': 547.2182879008467, 'user_direction': 1.300991934481398}, 'virtual': {'user_x': 2058.845383685868, 'user_y': 7034.833574755473, 'user_direction': -1.3286546140528461}, 'user_v': 0, 'user_w': 0.1, 'delta_t': 0.02, 'need_reset': False}
Tangent angle: 0.17276633923539153, User angle: 1.300991934481398, Offset angle: 0.7094187861510803
Target angle: 0.8821851253864719, distance: 232.95943622692758, angle diff: 0.4188068090949262, rotation direction: -1
Basic rotation angle: 0.0, rotation gain: 0.001016541770714112
Rotation gain: 1.24, direction: -1, curvature radius: 2500000
{'type': 'running', 'physical': {'user_x': 297.5364653465644, 'user_y': 547.2182879008467, 'user_direction': 1.3816370957717206}, 'virtual': {'user_x': 2058.845383685868, 'user_y': 7034.833574755473, 'user_direction': -1.4286546140528462}, 'user_v': 0, 'user_w': 0.1, 'delta_t': 0.02, 'need_reset': False}
Tangent angle: 0.17276633923539153, User angle: 1.3816370957717206, Offset angle: 0.7094187861510803
Target angle: 0.8821851253864719, distance: 232.95943622692758, angle diff: 0.4994519703852487, rotation direction: -1
Basic rotation angle: 0.0, rotation gain: 0.0008998612213188384
Rotation gain: 1.24, direction: -1, curvature radius: 2500000
{'type': 'running', 'physical': {'user_x': 297.5364653465644, 'user_y': 547.2182879008467, 'user_direction': 1.462282257062043}, 'virtual': {'user_x': 2058.845383685868, 'user_y': 7034.833574755473, 'user_direction': -1.5286546140528463}, 'user_v': 0, 'user_w': 0.1, 'delta_t': 0.02, 'need_reset': False}
Tangent angle: 0.17276633923539153, User angle: 1.462282257062043, Offset angle: 0.7094187861510803
Target angle: 0.8821851253864719, distance: 232.95943622692758, angle diff: 0.5800971316755712, rotation direction: -1
Basic rotation angle: 0.0, rotation gain: 0.000797765740597974
Rotation gain: 1.24, direction: -1, curvature radius: 2500000
{'type': 'running', 'physical': {'user_x': 297.5364653465644, 'user_y': 547.2182879008467, 'user_direction': 1.5429274183523656}, 'virtual': {'user_x': 2058.845383685868, 'user_y': 7034.833574755473, 'user_direction': -1.6286546140528464}, 'user_v': 0, 'user_w': 0.1, 'delta_t': 0.02, 'need_reset': False}
Tangent angle: 0.17276633923539153, User angle: 1.5429274183523656, Offset angle: 0.7094187861510803
Target angle: 0.8821851253864719, distance: 232.95943622692758, angle diff: 0.6607422929658937, rotation direction: -1
Basic rotation angle: 0.0, rotation gain: 0.0007084321949672176
Rotation gain: 1.24, direction: -1, curvature radius: 2500000
{'type': 'running', 'physical': {'user_x': 297.5364653465644, 'user_y': 547.2182879008467, 'user_direction': 1.623572579642688}, 'virtual': {'user_x': 2058.845383685868, 'user_y': 7034.833574755473, 'user_direction': -1.7286546140528465}, 'user_v': 0, 'user_w': 0.1, 'delta_t': 0.02, 'need_reset': False}
Tangent angle: 0.17276633923539153, User angle: 1.623572579642688, Offset angle: 0.7094187861510803
Target angle: 0.8821851253864719, distance: 232.95943622692758, angle diff: 0.7413874542562162, rotation direction: -1
Basic rotation angle: 0.0, rotation gain: 0.0006302653425403057
Rotation gain: 1.24, direction: -1, curvature radius: 2500000
{'type': 'running', 'physical': {'user_x': 297.5364653465644, 'user_y': 547.2182879008467, 'user_direction': 1.7042177409330106}, 'virtual': {'user_x': 2058.845383685868, 'user_y': 7034.833574755473, 'user_direction': -1.8286546140528466}, 'user_v': 0, 'user_w': 0.1, 'delta_t': 0.02, 'need_reset': False}
Tangent angle: 0.17276633923539153, User angle: 1.7042177409330106, Offset angle: 0.7094187861510803
Target angle: 0.8821851253864719, distance: 232.95943622692758, angle diff: 0.8220326155465387, rotation direction: -1
Basic rotation angle: 0.0, rotation gain: 0.0005618693466667578
Rotation gain: 1.24, direction: -1, curvature radius: 2500000
{'type': 'running', 'physical': {'user_x': 297.5364653465644, 'user_y': 547.2182879008467, 'user_direction': 1.784862902223333}, 'virtual': {'user_x': 2058.845383685868, 'user_y': 7034.833574755473, 'user_direction': -1.9286546140528467}, 'user_v': 0, 'user_w': 0.1, 'delta_t': 0.02, 'need_reset': False}
Tangent angle: 0.17276633923539153, User angle: 1.784862902223333, Offset angle: 0.7094187861510803
Target angle: 0.8821851253864719, distance: 232.95943622692758, angle diff: 0.9026777768368612, rotation direction: -1
Basic rotation angle: 0.0, rotation gain: 0.0005020228502774035
Rotation gain: 1.24, direction: -1, curvature radius: 2500000
{'type': 'running', 'physical': {'user_x': 297.5364653465644, 'user_y': 547.2182879008467, 'user_direction': 1.8655080635136556}, 'virtual': {'user_x': 2058.845383685868, 'user_y': 7034.833574755473, 'user_direction': -2.0286546140528467}, 'user_v': 0, 'user_w': 0.1, 'delta_t': 0.02, 'need_reset': False}
Tangent angle: 0.17276633923539153, User angle: 1.8655080635136556, Offset angle: 0.7094187861510803
Target angle: 0.8821851253864719, distance: 232.95943622692758, angle diff: 0.9833229381271837, rotation direction: -1
Basic rotation angle: 0.0, rotation gain: 0.0004496571659367183
Rotation gain: 1.24, direction: -1, curvature radius: 2500000
{'type': 'running', 'physical': {'user_x': 297.5364653465644, 'user_y': 547.2182879008467, 'user_direction': 1.9461532248039781}, 'virtual': {'user_x': 2058.845383685868, 'user_y': 7034.833574755473, 'user_direction': -2.128654614052847}, 'user_v': 0, 'user_w': 0.1, 'delta_t': 0.02, 'need_reset': False}
Tangent angle: 0.17276633923539153, User angle: 1.9461532248039781, Offset angle: 0.7094187861510803
Target angle: 0.8821851253864719, distance: 232.95943622692758, angle diff: 1.0639680994175063, rotation direction: -1
Basic rotation angle: 0.0, rotation gain: 0.0004038371921386188
Rotation gain: 1.24, direction: -1, curvature radius: 2500000
{'type': 'running', 'physical': {'user_x': 297.5364653465644, 'user_y': 547.2182879008467, 'user_direction': 2.026798386094301}, 'virtual': {'user_x': 2058.845383685868, 'user_y': 7034.833574755473, 'user_direction': -2.228654614052847}, 'user_v': 0, 'user_w': 0.1, 'delta_t': 0.02, 'need_reset': False}
Tangent angle: 0.17276633923539153, User angle: 2.026798386094301, Offset angle: 0.7094187861510803
Target angle: 0.8821851253864719, distance: 232.95943622692758, angle diff: 1.144613260707829, rotation direction: -1
Basic rotation angle: 0.0, rotation gain: 0.0003637447150652817
Rotation gain: 1.24, direction: -1, curvature radius: 2500000
{'type': 'running', 'physical': {'user_x': 297.5364653465644, 'user_y': 547.2182879008467, 'user_direction': 2.1074435473846234}, 'virtual': {'user_x': 2058.845383685868, 'user_y': 7034.833574755473, 'user_direction': -2.328654614052847}, 'user_v': 0, 'user_w': 0.1, 'delta_t': 0.02, 'need_reset': False}
Tangent angle: 0.17276633923539153, User angle: 2.1074435473846234, Offset angle: 0.7094187861510803
Target angle: 0.8821851253864719, distance: 232.95943622692758, angle diff: 1.2252584219981515, rotation direction: -1
Basic rotation angle: 0.0, rotation gain: 0.0003286637976261118
Rotation gain: 1.24, direction: -1, curvature radius: 2500000
{'type': 'running', 'physical': {'user_x': 297.5364653465644, 'user_y': 547.2182879008467, 'user_direction': 2.188088708674946}, 'virtual': {'user_x': 2058.845383685868, 'user_y': 7034.833574755473, 'user_direction': -2.428654614052847}, 'user_v': 0, 'user_w': 0.1, 'delta_t': 0.02, 'need_reset': False}
Tangent angle: 0.17276633923539153, User angle: 2.188088708674946, Offset angle: 0.7094187861510803
Target angle: 0.8821851253864719, distance: 232.95943622692758, angle diff: 1.305903583288474, rotation direction: -1
Basic rotation angle: 0.0, rotation gain: 0.0002979679948668381
Rotation gain: 1.24, direction: -1, curvature radius: 2500000
{'type': 'running', 'physical': {'user_x': 297.5364653465644, 'user_y': 547.2182879008467, 'user_direction': 2.2687338699652684}, 'virtual': {'user_x': 2058.845383685868, 'user_y': 7034.833574755473, 'user_direction': -2.528654614052847}, 'user_v': 0, 'user_w': 0.1, 'delta_t': 0.02, 'need_reset': False}
Tangent angle: 0.17276633923539153, User angle: 2.2687338699652684, Offset angle: 0.7094187861510803
Target angle: 0.8821851253864719, distance: 232.95943622692758, angle diff: 1.3865487445787965, rotation direction: -1
Basic rotation angle: 0.0, rotation gain: 0.00027110916745247366
Rotation gain: 1.24, direction: -1, curvature radius: 2500000
{'type': 'running', 'physical': {'user_x': 297.5364653465644, 'user_y': 547.2182879008467, 'user_direction': 2.349379031255591}, 'virtual': {'user_x': 2058.845383685868, 'user_y': 7034.833574755473, 'user_direction': -2.6286546140528473}, 'user_v': 0, 'user_w': 0.1, 'delta_t': 0.02, 'need_reset': False}
Tangent angle: 0.17276633923539153, User angle: 2.349379031255591, Offset angle: 0.7094187861510803
Target angle: 0.8821851253864719, distance: 232.95943622692758, angle diff: 1.467193905869119, rotation direction: -1
Basic rotation angle: 0.0, rotation gain: 0.00024760769346490475
Rotation gain: 1.24, direction: -1, curvature radius: 2500000
{'type': 'running', 'physical': {'user_x': 297.5364653465644, 'user_y': 547.2182879008467, 'user_direction': 2.4300241925459134}, 'virtual': {'user_x': 2058.845383685868, 'user_y': 7034.833574755473, 'user_direction': -2.7286546140528474}, 'user_v': 0, 'user_w': 0.1, 'delta_t': 0.02, 'need_reset': False}
Tangent angle: 0.17276633923539153, User angle: 2.4300241925459134, Offset angle: 0.7094187861510803
Target angle: 0.8821851253864719, distance: 232.95943622692758, angle diff: 1.5478390671594415, rotation direction: -1
Basic rotation angle: 0.0, rotation gain: 0.00022704390372578197
Rotation gain: 1.24, direction: -1, curvature radius: 2500000
{'type': 'running', 'physical': {'user_x': 297.5364653465644, 'user_y': 547.2182879008467, 'user_direction': 2.510669353836236}, 'virtual': {'user_x': 2058.845383685868, 'user_y': 7034.833574755473, 'user_direction': -2.8286546140528475}, 'user_v': 0, 'user_w': 0.1, 'delta_t': 0.02, 'need_reset': False}
Tangent angle: 0.17276633923539153, User angle: 2.510669353836236, Offset angle: 0.7094187861510803
Target angle: 0.8821851253864719, distance: 232.95943622692758, angle diff: 1.628484228449764, rotation direction: -1
Basic rotation angle: 0.0, rotation gain: 0.00020905058770404953
Rotation gain: 1.24, direction: -1, curvature radius: 2500000
{'type': 'running', 'physical': {'user_x': 297.5364653465644, 'user_y': 547.2182879008467, 'user_direction': 2.5913145151265584}, 'virtual': {'user_x': 2058.845383685868, 'user_y': 7034.833574755473, 'user_direction': -2.9286546140528475}, 'user_v': 0, 'user_w': 0.1, 'delta_t': 0.02, 'need_reset': False}
Tangent angle: 0.17276633923539153, User angle: 2.5913145151265584, Offset angle: 0.7094187861510803
Target angle: 0.8821851253864719, distance: 232.95943622692758, angle diff: 1.7091293897400865, rotation direction: -1
Basic rotation angle: 0.0, rotation gain: 0.00019330643618503364
Rotation gain: 1.24, direction: -1, curvature radius: 2500000
{'type': 'running', 'physical': {'user_x': 297.5364653465644, 'user_y': 547.2182879008467, 'user_direction': 2.671959676416881}, 'virtual': {'user_x': 2058.845383685868, 'user_y': 7034.833574755473, 'user_direction': -3.0286546140528476}, 'user_v': 0, 'user_w': 0.1, 'delta_t': 0.02, 'need_reset': False}
Tangent angle: 0.17276633923539153, User angle: 2.671959676416881, Offset angle: 0.7094187861510803
Target angle: 0.8821851253864719, distance: 232.95943622692758, angle diff: 1.789774551030409, rotation direction: -1
Basic rotation angle: 0.0, rotation gain: 0.00017953030360589475
Rotation gain: 1.24, direction: -1, curvature radius: 2500000
{'type': 'running', 'physical': {'user_x': 297.5364653465644, 'user_y': 547.2182879008467, 'user_direction': 2.7526048377072034}, 'virtual': {'user_x': 2058.845383685868, 'user_y': 7034.833574755473, 'user_direction': -3.1286546140528477}, 'user_v': 0, 'user_w': 0.1, 'delta_t': 0.02, 'need_reset': False}
Tangent angle: 0.17276633923539153, User angle: 2.7526048377072034, Offset angle: 0.7094187861510803
Target angle: 0.8821851253864719, distance: 232.95943622692758, angle diff: 1.8704197123207316, rotation direction: -1
Basic rotation angle: 0.0, rotation gain: 0.00016747618759914822
Rotation gain: 1.24, direction: -1, curvature radius: 2500000
{'type': 'running', 'physical': {'user_x': 297.5364653465644, 'user_y': 547.2182879008467, 'user_direction': 2.833249998997526}, 'virtual': {'user_x': 2058.845383685868, 'user_y': 7034.833574755473, 'user_direction': 3.0545306931267384}, 'user_v': 0, 'user_w': 0.1, 'delta_t': 0.02, 'need_reset': False}
Tangent angle: 0.17276633923539153, User angle: 2.833249998997526, Offset angle: 0.7094187861510803
Target angle: 0.8821851253864719, distance: 232.95943622692758, angle diff: 1.951064873611054, rotation direction: -1
Basic rotation angle: 0.0, rotation gain: 0.000156928836093245
Rotation gain: 1.24, direction: -1, curvature radius: 2500000
{'type': 'running', 'physical': {'user_x': 297.5364653465644, 'user_y': 547.2182879008467, 'user_direction': 2.9138951602878485}, 'virtual': {'user_x': 2058.845383685868, 'user_y': 7034.833574755473, 'user_direction': 2.9545306931267383}, 'user_v': 0, 'user_w': 0.1, 'delta_t': 0.02, 'need_reset': False}
Tangent angle: 0.17276633923539153, User angle: 2.9138951602878485, Offset angle: 0.7094187861510803
Target angle: 0.8821851253864719, distance: 232.95943622692758, angle diff: 2.0317100349013764, rotation direction: -1
Basic rotation angle: 0.0, rotation gain: 0.0001476999035255797
Rotation gain: 1.24, direction: -1, curvature radius: 2500000
{'type': 'running', 'physical': {'user_x': 297.5364653465644, 'user_y': 547.2182879008467, 'user_direction': 2.994540321578171}, 'virtual': {'user_x': 2058.845383685868, 'user_y': 7034.833574755473, 'user_direction': 2.7759476217652708}, 'user_v': 7.999999999999999, 'user_w': 0, 'delta_t': 0.02, 'need_reset': False}
Tangent angle: 0.17276633923539153, User angle: 2.994540321578171, Offset angle: 0.7094187861510803
Target angle: 0.8821851253864719, distance: 232.95943622692758, angle diff: 2.1123551961916993, rotation direction: -1
Basic rotation angle: 1.693121693121693, rotation gain: 0.0004408525739045916
Rotation gain: 1.24, direction: -1, curvature radius: 7.5
{'type': 'running', 'physical': {'user_x': 297.5364653465644, 'user_y': 547.2182879008467, 'user_direction': 3.0751854828684935}, 'virtual': {'user_x': 2051.374237100289, 'user_y': 7037.693988833328, 'user_direction': 2.7759476217652708}, 'user_v': 7.999999999999999, 'user_w': 0, 'delta_t': 0.02, 'need_reset': False}
Tangent angle: 0.17276633923539153, User angle: 3.0751854828684935, Offset angle: 0.7094187861510803
Target angle: 0.8821851253864719, distance: 232.95943622692758, angle diff: 2.1930003574820214, rotation direction: -1
Basic rotation angle: 1.693121693121693, rotation gain: 0.000697361160486227
Rotation gain: 1.24, direction: -1, curvature radius: 7.5
{'type': 'running', 'physical': {'user_x': 291.21158856604603, 'user_y': 547.7735850970054, 'user_direction': 3.0540214617044725}, 'virtual': {'user_x': 2043.9030905147101, 'user_y': 7040.554402911183, 'user_direction': 2.775947621765272}, 'user_v': 7.999999999999999, 'user_w': 0, 'delta_t': 0.02, 'need_reset': False}
Tangent angle: 0.16754771817824787, User angle: 3.0540214617044725, Offset angle: 0.6927073189317834
Target angle: 0.8602550371100313, distance: 240.9935298914155, angle diff: 2.1937664245944415, rotation direction: -1
Basic rotation angle: 1.693121693121693, rotation gain: 0.0009146827785132246
Rotation gain: 1.24, direction: -1, curvature radius: 7.5
{'type': 'running', 'physical': {'user_x': 284.8998796830409, 'user_y': 548.4626077678926, 'user_direction': 3.032857440540451}, 'virtual': {'user_x': 2036.4319439291312, 'user_y': 7043.414816989039, 'user_direction': 2.775947621765273}, 'user_v': 7.999999999999999, 'user_w': 0, 'delta_t': 0.02, 'need_reset': False}
Tangent angle: 0.16212327517651426, User angle: 3.032857440540451, Offset angle: 0.6769207258098247
Target angle: 0.8390440009863389, distance: 248.88589478282643, angle diff: 2.1938134395541122, rotation direction: -1
Basic rotation angle: 1.693121693121693, rotation gain: 0.0010979052726659262
Rotation gain: 1.24, direction: -1, curvature radius: 7.5
{'type': 'running', 'physical': {'user_x': 278.60416570610704, 'user_y': 549.2850473008926, 'user_direction': 3.0116934193764298}, 'virtual': {'user_x': 2028.9607973435523, 'user_y': 7046.275231066894, 'user_direction': 2.7759476217652743}, 'user_v': 7.999999999999999, 'user_w': 0, 'delta_t': 0.02, 'need_reset': False}
Tangent angle: 0.15650546640110896, User angle: 3.0116934193764298, Offset angle: 0.6619802423898209
Target angle: 0.8184857087909299, distance: 256.64623264084787, angle diff: 2.1932077105855, rotation direction: -1
Basic rotation angle: 1.693121693121693, rotation gain: 0.0012514639840080206
Rotation gain: 1.24, direction: -1, curvature radius: 7.5
{'type': 'running', 'physical': {'user_x': 272.3272664796987, 'user_y': 550.2405353261012, 'user_direction': 2.9905293982124084}, 'virtual': {'user_x': 2021.4896507579733, 'user_y': 7049.135645144749, 'user_direction': 2.7759476217652757}, 'user_v': 7.999999999999999, 'user_w': 0, 'delta_t': 0.02, 'need_reset': False}
Tangent angle: 0.15070578592842754, User angle: 2.9905293982124084, Offset angle: 0.6478166426553525
Target angle: 0.7985224285837801, distance: 264.28284964654694, angle diff: 2.192006969628628, rotation direction: -1
Basic rotation angle: 1.693121693121693, rotation gain: 0.0013792253425913474
Rotation gain: 1.24, direction: -1, curvature radius: 7.5
{'type': 'running', 'physical': {'user_x': 266.07199342116104, 'user_y': 551.3286438813172, 'user_direction': 2.969365377048387}, 'virtual': {'user_x': 2014.0185041723944, 'user_y': 7051.996059222604, 'user_direction': 2.775947621765277}, 'user_v': 7.999999999999999, 'user_w': 0, 'delta_t': 0.02, 'need_reset': False}
Tangent angle: 0.1447348555348893, User angle: 2.969365377048387, Offset angle: 0.6343687267459984
Target angle: 0.7791035822808877, distance: 271.8028963866072, angle diff: 2.1902617947674994, rotation direction: -1
Basic rotation angle: 1.693121693121693, rotation gain: 0.001484559689054295
Rotation gain: 1.24, direction: -1, curvature radius: 7.5
{'type': 'running', 'physical': {'user_x': 259.84114826149846, 'user_y': 552.5488856037277, 'user_direction': 2.9482013558843656}, 'virtual': {'user_x': 2006.5473575868155, 'user_y': 7054.85647330046, 'user_direction': 2.7759476217652788}, 'user_v': 7.999999999999999, 'user_w': 0, 'delta_t': 0.02, 'need_reset': False}
Tangent angle: 0.13860250479657532, User angle: 2.9482013558843656, Offset angle: 0.6215821049140876
Target angle: 0.7601846097106629, distance: 279.21255823029156, angle diff: 2.1880167461737026, rotation direction: -1
Basic rotation angle: 1.693121693121693, rotation gain: 0.0015704047343683622
Rotation gain: 1.24, direction: -1, curvature radius: 7.5
{'type': 'running', 'physical': {'user_x': 253.63752179048223, 'user_y': 553.9007139481963, 'user_direction': 2.927037334720344}, 'virtual': {'user_x': 1999.0762110012365, 'user_y': 7057.716887378315, 'user_direction': 2.7759476217652805}, 'user_v': 7.999999999999999, 'user_w': 0, 'delta_t': 0.02, 'need_reset': False}
Tangent angle: 0.1323178426707199, User angle: 2.927037334720344, Offset angle: 0.6094082091586706
Target angle: 0.7417260518293904, distance: 286.51720801013806, angle diff: 2.1853112828909538, rotation direction: -1
Basic rotation angle: 1.693121693121693, rotation gain: 0.0016393208763220578
Rotation gain: 1.24, direction: -1, curvature radius: 7.5
{'type': 'running', 'physical': {'user_x': 247.46389260665813, 'user_y': 555.3835234320605, 'user_direction': 2.905873313556323}, 'virtual': {'user_x': 1991.6050644156576, 'user_y': 7060.57730145617, 'user_direction': 2.7759476217652828}, 'user_v': 7.999999999999999, 'user_w': 0, 'delta_t': 0.02, 'need_reset': False}
Tangent angle: 0.1258893215787853, User angle: 2.905873313556323, Offset angle: 0.5978034821261898
Target angle: 0.7236928037049751, distance: 293.7215296797076, angle diff: 2.1821805098513476, rotation direction: -1
Basic rotation angle: 1.693121693121693, rotation gain: 0.0016935394283672486
Rotation gain: 1.24, direction: -1, curvature radius: 7.5
{'type': 'running', 'physical': {'user_x': 241.32302587281492, 'user_y': 556.9966499063272, 'user_direction': 2.8847092923923014}, 'virtual': {'user_x': 1984.1339178300786, 'user_y': 7063.437715534025, 'user_direction': 2.775947621765285}, 'user_v': 7.999999999999999, 'user_w': 0, 'delta_t': 0.02, 'need_reset': False}
Tangent angle: 0.1193247948764129, User angle: 2.8847092923923014, Offset angle: 0.5867287056362489
Target angle: 0.7060535005126618, distance: 300.829619366698, angle diff: 2.1786557918796396, rotation direction: -1
Basic rotation angle: 1.693121693121693, rotation gain: 0.0017350046765353983
Rotation gain: 1.24, direction: -1, curvature radius: 7.5
{'type': 'running', 'physical': {'user_x': 235.21767207747027, 'user_y': 558.7393708531437, 'user_direction': 2.86354527122828}, 'virtual': {'user_x': 1976.6627712444997, 'user_y': 7066.2981296118805, 'user_direction': 2.7759476217652876}, 'user_v': 7.999999999999999, 'user_w': 0, 'delta_t': 0.02, 'need_reset': False}
Tangent angle: 0.11263156848032274, User angle: 2.86354527122828, Offset angle: 0.5761484403499344
Target angle: 0.6887800088302571, distance: 307.8450686338412, angle diff: 2.174765262398023, rotation direction: -1
Basic rotation angle: 1.693121693121693, rotation gain: 0.0017654105596278432
Rotation gain: 1.24, direction: -1, curvature radius: 7.5
{'type': 'running', 'physical': {'user_x': 229.15056580292966, 'user_y': 560.6109057094134, 'user_direction': 2.8423812500642587}, 'virtual': {'user_x': 1969.1916246589208, 'user_y': 7069.158543689736, 'user_direction': 2.7759476217652908}, 'user_v': 7.999999999999999, 'user_w': 0, 'delta_t': 0.02, 'need_reset': False}
Tangent angle: 0.10581644732320017, User angle: 2.8423812500642587, Offset angle: 0.5660305547655928
Target angle: 0.671847002088793, distance: 314.77103359953543, angle diff: 2.170534247975466, rotation direction: -1
Basic rotation angle: 1.693121693121693, rotation gain: 0.001786232663848523
Rotation gain: 1.24, direction: -1, curvature radius: 7.5
{'type': 'running', 'physical': {'user_x': 223.1244245004695, 'user_y': 562.610416216409, 'user_direction': 2.8212172289002373}, 'virtual': {'user_x': 1961.7204780733416, 'user_y': 7072.018957767591, 'user_direction': 2.7759476217652943}, 'user_v': 7.999999999999999, 'user_w': 0, 'delta_t': 0.02, 'need_reset': False}
Tangent angle: 0.09888577722244651, User angle: 2.8212172289002373, Offset angle: 0.5563458266467244
Target angle: 0.6552316038691709, distance: 321.61029272026184, angle diff: 2.1659856250310665, rotation direction: -1
Basic rotation angle: 1.693121693121693, rotation gain: 0.001798756133055311
Rotation gain: 1.24, direction: -1, curvature radius: 7.5
{'type': 'running', 'physical': {'user_x': 217.1419472731931, 'user_y': 564.737006795228, 'user_direction': 2.800053207736216}, 'virtual': {'user_x': 1954.2493314877624, 'user_y': 7074.879371845446, 'user_direction': 2.775947621765298}, 'user_v': 7.999999999999999, 'user_w': 0, 'delta_t': 0.02, 'need_reset': False}
Tangent angle: 0.09184548267521686, User angle: 2.800053207736216, Offset angle: 0.5470676036622661
Target angle: 0.638913086337483, distance: 328.3652954066892, angle diff: 2.161140121398733, rotation direction: -1
Basic rotation angle: 1.693121693121693, rotation gain: 0.0018041000178408326
Rotation gain: 1.24, direction: -1, curvature radius: 7.5
{'type': 'running', 'physical': {'user_x': 211.20581366710502, 'user_y': 566.9897249479213, 'user_direction': 2.7788891865721945}, 'virtual': {'user_x': 1946.7781849021833, 'user_y': 7077.7397859233015, 'user_direction': 2.775947621765302}, 'user_v': 7.999999999999999, 'user_w': 0, 'delta_t': 0.02, 'need_reset': False}
Tangent angle: 0.08470110102874884, User angle: 2.7788891865721945, Offset angle: 0.5381715127973022
Target angle: 0.6228726138260511, distance: 335.03820317281986, angle diff: 2.1560165727461436, rotation direction: -1
Basic rotation angle: 1.693121693121693, rotation gain: 0.0018032385190232267
Rotation gain: 1.24, direction: -1, curvature radius: 7.5
{'type': 'running', 'physical': {'user_x': 205.31868247094482, 'user_y': 569.3675616841166, 'user_direction': 2.757725165408173}, 'virtual': {'user_x': 1939.3070383166041, 'user_y': 7080.600200001157, 'user_direction': 2.775947621765307}, 'user_v': 7.999999999999999, 'user_w': 0, 'delta_t': 0.02, 'need_reset': False}
Tangent angle: 0.07745781342011604, User angle: 2.757725165408173, Offset angle: 0.5296352102138944
Target angle: 0.6070930236340104, distance: 341.6309246594155, angle diff: 2.150632141774163, rotation direction: -1
Basic rotation angle: 1.693121693121693, rotation gain: 0.001797019522401549
Rotation gain: 1.24, direction: -1, curvature radius: 7.5
{'type': 'running', 'physical': {'user_x': 199.48319052531812, 'user_y': 571.8694519729438, 'user_direction': 2.7365611442441518}, 'virtual': {'user_x': 1931.835891731025, 'user_y': 7083.460614079011, 'user_direction': 2.7759476217653134}, 'user_v': 7.999999999999999, 'user_w': 0, 'delta_t': 0.02, 'need_reset': False}
Tangent angle: 0.07012047283197553, User angle: 2.7365611442441518, Offset angle: 0.5214381648782677
Target angle: 0.5915586377102432, distance: 348.1451455989027, angle diff: 2.1450025065339084, rotation direction: -1
Basic rotation angle: 1.693121693121693, rotation gain: 0.001786180770593857
Rotation gain: 1.24, direction: -1, curvature radius: 7.5
{'type': 'running', 'physical': {'user_x': 193.70195154165805, 'user_y': 574.4942752200618, 'user_direction': 2.7153971230801304}, 'virtual': {'user_x': 1924.3647451454458, 'user_y': 7086.321028156866, 'user_direction': 2.775947621765306}, 'user_v': 7.999999999999999, 'user_w': 0, 'delta_t': 0.02, 'need_reset': False}
Tangent angle: 0.06269362956958746, User angle: 2.7153971230801304, Offset angle: 0.5135614705445537
Target angle: 0.5762551001141412, distance: 354.5823545773353, angle diff: 2.139142022965989, rotation direction: -1
Basic rotation angle: 1.693121693121693, rotation gain: 0.001771363973390567
Rotation gain: 1.24, direction: -1, curvature radius: 7.5
{'type': 'running', 'physical': {'user_x': 187.97755493154636, 'user_y': 577.2408557695713, 'user_direction': 2.694233101916109}, 'virtual': {'user_x': 1916.8935985598666, 'user_y': 7089.181442234721, 'user_direction': 2.775947621765314}, 'user_v': 7.999999999999999, 'user_w': 0, 'delta_t': 0.02, 'need_reset': False}
Tangent angle: 0.055181554428466395, User angle: 2.694233101916109, Offset angle: 0.5059876816855168
Target angle: 0.5611692361139832, distance: 360.9438652841856, angle diff: 2.133063865802126, rotation direction: -1
Basic rotation angle: 1.693121693121693, rotation gain: 0.0017531271194319601
Rotation gain: 1.24, direction: -1, curvature radius: 7.5
{'type': 'running', 'physical': {'user_x': 182.31256464691845, 'user_y': 580.1079634305903, 'user_direction': 2.6730690807520876}, 'virtual': {'user_x': 1909.4224519742875, 'user_y': 7092.041856312576, 'user_direction': 2.7759476217653036}, 'user_v': 7.999999999999999, 'user_w': 0, 'delta_t': 0.02, 'need_reset': False}
Tangent angle: 0.04758825979072023, User angle: 2.6730690807520876, Offset angle: 0.4987006697522882
Target angle: 0.5462889295430085, distance: 367.23083581136456, angle diff: 2.126780151209079, rotation direction: -1
Basic rotation angle: 1.693121693121693, rotation gain: 0.0017319552183921905
Rotation gain: 1.24, direction: -1, curvature radius: 7.5
{'type': 'running', 'physical': {'user_x': 176.7095180316715, 'user_y': 583.094314028255, 'user_direction': 2.651905059588066}, 'virtual': {'user_x': 1901.9513053887083, 'user_y': 7094.90227039043, 'user_direction': 2.7759476217653156}, 'user_v': 7.999999999999999, 'user_w': 0, 'delta_t': 0.02, 'need_reset': False}
Tangent angle: 0.03991751886082895, User angle: 2.651905059588066, Offset angle: 0.4916854967762969
Target angle: 0.5316030156371259, distance: 373.4442854605691, angle diff: 2.1203020439509404, rotation direction: -1
Basic rotation angle: 1.693121693121693, rotation gain: 0.0017082696735640094
Rotation gain: 1.24, direction: -1, curvature radius: 7.5
{'type': 'running', 'physical': {'user_x': 171.1709246851907, 'user_y': 586.1985699789009, 'user_direction': 2.630741038424045}, 'virtual': {'user_x': 1894.4801588031291, 'user_y': 7097.762684468285, 'user_direction': 2.7759476217652983}, 'user_v': 7.999999999999999, 'user_w': 0, 'delta_t': 0.02, 'need_reset': False}
Tangent angle: 0.03217288322771328, User angle: 2.630741038424045, Offset angle: 0.48492830383338686
Target angle: 0.5171011870611002, distance: 379.58510943658166, angle diff: 2.1136398513629446, rotation direction: -1
Basic rotation angle: 1.693121693121693, rotation gain: 0.0016824364592198594
Rotation gain: 1.24, direction: -1, curvature radius: 7.5
{'type': 'running', 'physical': {'user_x': 165.6992653383018, 'user_y': 589.4193408891654, 'user_direction': 2.6095770172600234}, 'virtual': {'user_x': 1887.00901221755, 'user_y': 7100.62309854614, 'user_direction': 2.7759476217653205}, 'user_v': 7.999999999999999, 'user_w': 0, 'delta_t': 0.02, 'need_reset': False}
Tangent angle: 0.02435769891904771, User angle: 2.6095770172600234, Offset angle: 0.47841621229973336
Target angle: 0.502773911218781, distance: 385.6540917388411, angle diff: 2.1068031060412427, rotation direction: -1
Basic rotation angle: 1.693121693121693, rotation gain: 0.00165477325488406
Rotation gain: 1.24, direction: -1, curvature radius: 7.5
{'type': 'running', 'physical': {'user_x': 160.29699074215426, 'user_y': 592.7551841787432, 'user_direction': 2.588412996096002}, 'virtual': {'user_x': 1880.9537957208329, 'user_y': 7102.941407565147, 'user_direction': 2.7759476217653205}, 'user_v': 0, 'user_w': 0.1, 'delta_t': 0.02, 'need_reset': False}
Tangent angle: 0.016475121095408607, User angle: 2.588412996096002, Offset angle: 0.47213723616229547
Target angle: 0.4886123572577041, distance: 391.65191651093596, angle diff: 2.099800638838298, rotation direction: -1
Basic rotation angle: 0.0, rotation gain: 0.0014538475670648158
Rotation gain: 1.24, direction: -1, curvature radius: 2500000
{'type': 'running', 'physical': {'user_x': 154.96652057053197, 'user_y': 596.2046057265171, 'user_direction': 2.5672489749319807}, 'virtual': {'user_x': 1880.9537957208329, 'user_y': 7102.941407565147, 'user_direction': 2.6759476217653204}, 'user_v': 0, 'user_w': 0.1, 'delta_t': 0.02, 'need_reset': False}
Tangent angle: 0.008528127515734063, User angle: 2.5672489749319807, Offset angle: 0.4660802039190571
Target angle: 0.47460833143479114, distance: 397.57917806493583, angle diff: 2.0926406434971896, rotation direction: -1
Basic rotation angle: 0.0, rotation gain: 0.0012778720031502758
Rotation gain: 1.24, direction: -1, curvature radius: 2500000
{'type': 'running', 'physical': {'user_x': 154.96652057053197, 'user_y': 596.2046057265171, 'user_direction': 2.647894136222303}, 'virtual': {'user_x': 1880.9537957208329, 'user_y': 7102.941407565147, 'user_direction': 2.5759476217653203}, 'user_v': 0, 'user_w': 0.1, 'delta_t': 0.02, 'need_reset': False}
Tangent angle: 0.008528127515734063, User angle: 2.647894136222303, Offset angle: 0.4660802039190571
Target angle: 0.47460833143479114, distance: 397.57917806493583, angle diff: 2.173285804787512, rotation direction: -1
Basic rotation angle: 0.0, rotation gain: 0.0011238933847250534
Rotation gain: 1.24, direction: -1, curvature radius: 2500000
{'type': 'running', 'physical': {'user_x': 154.96652057053197, 'user_y': 596.2046057265171, 'user_direction': 2.7285392975126257}, 'virtual': {'user_x': 1880.9537957208329, 'user_y': 7102.941407565147, 'user_direction': 2.4759476217653202}, 'user_v': 0, 'user_w': 0.1, 'delta_t': 0.02, 'need_reset': False}
Tangent angle: 0.008528127515734063, User angle: 2.7285392975126257, Offset angle: 0.4660802039190571
Target angle: 0.47460833143479114, distance: 397.57917806493583, angle diff: 2.2539309660778346, rotation direction: -1
Basic rotation angle: 0.0, rotation gain: 0.000989162093602984
Rotation gain: 1.24, direction: -1, curvature radius: 2500000
{'type': 'running', 'physical': {'user_x': 154.96652057053197, 'user_y': 596.2046057265171, 'user_direction': 2.809184458802948}, 'virtual': {'user_x': 1880.9537957208329, 'user_y': 7102.941407565147, 'user_direction': 2.37594762176532}, 'user_v': 0, 'user_w': 0.1, 'delta_t': 0.02, 'need_reset': False}
Tangent angle: 0.008528127515734063, User angle: 2.809184458802948, Offset angle: 0.4660802039190571
Target angle: 0.47460833143479114, distance: 397.57917806493583, angle diff: 2.334576127368157, rotation direction: -1
Basic rotation angle: 0.0, rotation gain: 0.000871272213871173
Rotation gain: 1.24, direction: -1, curvature radius: 2500000
{'type': 'running', 'physical': {'user_x': 154.96652057053197, 'user_y': 596.2046057265171, 'user_direction': 2.8898296200932707}, 'virtual': {'user_x': 1880.9537957208329, 'user_y': 7102.941407565147, 'user_direction': 2.27594762176532}, 'user_v': 0, 'user_w': 0.1, 'delta_t': 0.02, 'need_reset': False}
Tangent angle: 0.008528127515734063, User angle: 2.8898296200932707, Offset angle: 0.4660802039190571
Target angle: 0.47460833143479114, distance: 397.57917806493583, angle diff: 2.4152212886584796, rotation direction: -1
Basic rotation angle: 0.0, rotation gain: 0.0007681185691058386
Rotation gain: 1.24, direction: -1, curvature radius: 2500000
{'type': 'running', 'physical': {'user_x': 154.96652057053197, 'user_y': 596.2046057265171, 'user_direction': 2.970474781383593}, 'virtual': {'user_x': 1880.9537957208329, 'user_y': 7102.941407565147, 'user_direction': 2.17594762176532}, 'user_v': 0, 'user_w': 0.1, 'delta_t': 0.02, 'need_reset': False}
Tangent angle: 0.008528127515734063, User angle: 2.970474781383593, Offset angle: 0.4660802039190571
Target angle: 0.47460833143479114, distance: 397.57917806493583, angle diff: 2.495866449948802, rotation direction: -1
Basic rotation angle: 0.0, rotation gain: 0.0006778591299361708
Rotation gain: 1.24, direction: -1, curvature radius: 2500000
{'type': 'running', 'physical': {'user_x': 154.96652057053197, 'user_y': 596.2046057265171, 'user_direction': 3.0511199426739157}, 'virtual': {'user_x': 1880.9537957208329, 'user_y': 7102.941407565147, 'user_direction': 2.07594762176532}, 'user_v': 0, 'user_w': 0.1, 'delta_t': 0.02, 'need_reset': False}
Tangent angle: 0.008528127515734063, User angle: 3.0511199426739157, Offset angle: 0.4660802039190571
Target angle: 0.47460833143479114, distance: 397.57917806493583, angle diff: 2.5765116112391246, rotation direction: -1
Basic rotation angle: 0.0, rotation gain: 0.0005988821206627116
Rotation gain: 1.24, direction: -1, curvature radius: 2500000
{'type': 'running', 'physical': {'user_x': 154.96652057053197, 'user_y': 596.2046057265171, 'user_direction': 3.1317651039642382}, 'virtual': {'user_x': 1880.9537957208329, 'user_y': 7102.941407565147, 'user_direction': 1.9759476217653198}, 'user_v': 0, 'user_w': 0.1, 'delta_t': 0.02, 'need_reset': False}
Tangent angle: 0.008528127515734063, User angle: 3.1317651039642382, Offset angle: 0.4660802039190571
Target angle: 0.47460833143479114, distance: 397.57917806493583, angle diff: 2.657156772529447, rotation direction: -1
Basic rotation angle: 0.0, rotation gain: 0.0005297772375484347
Rotation gain: 1.24, direction: -1, curvature radius: 2500000
{'type': 'running', 'physical': {'user_x': 154.96652057053197, 'user_y': 596.2046057265171, 'user_direction': 3.2124102652545607}, 'virtual': {'user_x': 1880.9537957208329, 'user_y': 7102.941407565147, 'user_direction': 1.8759476217653197}, 'user_v': 0, 'user_w': 0.1, 'delta_t': 0.02, 'need_reset': False}
Tangent angle: 0.008528127515734063, User angle: 3.2124102652545607, Offset angle: 0.4660802039190571
Target angle: 5.825633230776263, distance: 397.57917806493583, angle diff: 2.613222965521702, rotation direction: 1
Basic rotation angle: 0.0, rotation gain: 0.00046061172958352883
Rotation gain: 1.24, direction: 1, curvature radius: 2500000
{'type': 'running', 'physical': {'user_x': 154.96652057053197, 'user_y': 596.2046057265171, 'user_direction': 3.2930554265448833}, 'virtual': {'user_x': 1880.9537957208329, 'user_y': 7102.941407565147, 'user_direction': 1.7759476217653196}, 'user_v': 0, 'user_w': 0.1, 'delta_t': 0.02, 'need_reset': False}
Tangent angle: 0.008528127515734063, User angle: 3.2930554265448833, Offset angle: 0.4660802039190571
Target angle: 5.825633230776263, distance: 397.57917806493583, angle diff: 2.5325778042313796, rotation direction: 1
Basic rotation angle: 0.0, rotation gain: 0.0004000919101142362
Rotation gain: 1.24, direction: 1, curvature radius: 2500000
{'type': 'running', 'physical': {'user_x': 154.96652057053197, 'user_y': 596.2046057265171, 'user_direction': 3.3737005878352058}, 'virtual': {'user_x': 1880.9537957208329, 'user_y': 7102.941407565147, 'user_direction': 1.6759476217653195}, 'user_v': 0, 'user_w': 0.1, 'delta_t': 0.02, 'need_reset': False}
Tangent angle: 0.008528127515734063, User angle: 3.3737005878352058, Offset angle: 0.4660802039190571
Target angle: 5.825633230776263, distance: 397.57917806493583, angle diff: 2.451932642941057, rotation direction: 1
Basic rotation angle: 0.0, rotation gain: 0.0003471370680786051
Rotation gain: 1.24, direction: 1, curvature radius: 2500000
{'type': 'running', 'physical': {'user_x': 154.96652057053197, 'user_y': 596.2046057265171, 'user_direction': 3.4543457491255283}, 'virtual': {'user_x': 1880.9537957208329, 'user_y': 7102.941407565147, 'user_direction': 1.5759476217653194}, 'user_v': 0, 'user_w': 0.1, 'delta_t': 0.02, 'need_reset': False}
Tangent angle: 0.008528127515734063, User angle: 3.4543457491255283, Offset angle: 0.4660802039190571
Target angle: 5.825633230776263, distance: 397.57917806493583, angle diff: 2.3712874816507346, rotation direction: 1
Basic rotation angle: 0.0, rotation gain: 0.0003008015812974279
Rotation gain: 1.24, direction: 1, curvature radius: 2500000
{'type': 'running', 'physical': {'user_x': 154.96652057053197, 'user_y': 596.2046057265171, 'user_direction': 3.534990910415851}, 'virtual': {'user_x': 1880.9537957208329, 'user_y': 7102.941407565147, 'user_direction': 1.4759476217653194}, 'user_v': 0, 'user_w': 0.1, 'delta_t': 0.02, 'need_reset': False}
Tangent angle: 0.008528127515734063, User angle: 3.534990910415851, Offset angle: 0.4660802039190571
Target angle: 5.825633230776263, distance: 397.57917806493583, angle diff: 2.290642320360412, rotation direction: 1
Basic rotation angle: 0.0, rotation gain: 0.00026025803036389784
Rotation gain: 1.24, direction: 1, curvature radius: 2500000
{'type': 'running', 'physical': {'user_x': 154.96652057053197, 'user_y': 596.2046057265171, 'user_direction': 3.6156360717061733}, 'virtual': {'user_x': 1880.9537957208329, 'user_y': 7102.941407565147, 'user_direction': 1.3759476217653193}, 'user_v': 0, 'user_w': 0.1, 'delta_t': 0.02, 'need_reset': False}
Tangent angle: 0.008528127515734063, User angle: 3.6156360717061733, Offset angle: 0.4660802039190571
Target angle: 5.825633230776263, distance: 397.57917806493583, angle diff: 2.2099971590700895, rotation direction: 1
Basic rotation angle: 0.0, rotation gain: 0.00022478242329705906
Rotation gain: 1.24, direction: 1, curvature radius: 2500000
{'type': 'running', 'physical': {'user_x': 154.96652057053197, 'user_y': 596.2046057265171, 'user_direction': 3.696281232996496}, 'virtual': {'user_x': 1880.9537957208329, 'user_y': 7102.941407565147, 'user_direction': 1.2759476217653192}, 'user_v': 0, 'user_w': 0.1, 'delta_t': 0.02, 'need_reset': False}
Tangent angle: 0.008528127515734063, User angle: 3.696281232996496, Offset angle: 0.4660802039190571
Target angle: 5.825633230776263, distance: 397.57917806493583, angle diff: 2.129351997779767, rotation direction: 1
Basic rotation angle: 0.0, rotation gain: 0.00019374126711357512
Rotation gain: 1.24, direction: 1, curvature radius: 2500000
{'type': 'running', 'physical': {'user_x': 154.96652057053197, 'user_y': 596.2046057265171, 'user_direction': 3.7769263942868183}, 'virtual': {'user_x': 1880.9537957208329, 'user_y': 7102.941407565147, 'user_direction': 1.175947621765319}, 'user_v': 0, 'user_w': 0.1, 'delta_t': 0.02, 'need_reset': False}
Tangent angle: 0.008528127515734063, User angle: 3.7769263942868183, Offset angle: 0.4660802039190571
Target angle: 5.825633230776263, distance: 397.57917806493583, angle diff: 2.0487068364894445, rotation direction: 1
Basic rotation angle: 0.0, rotation gain: 0.00016658025545302667
Rotation gain: 1.24, direction: 1, curvature radius: 2500000
{'type': 'running', 'physical': {'user_x': 154.96652057053197, 'user_y': 596.2046057265171, 'user_direction': 3.857571555577141}, 'virtual': {'user_x': 1880.9537957208329, 'user_y': 7102.941407565147, 'user_direction': 1.075947621765319}, 'user_v': 0, 'user_w': 0.1, 'delta_t': 0.02, 'need_reset': False}
Tangent angle: 0.008528127515734063, User angle: 3.857571555577141, Offset angle: 0.4660802039190571
Target angle: 5.825633230776263, distance: 397.57917806493583, angle diff: 1.968061675199122, rotation direction: 1
Basic rotation angle: 0.0, rotation gain: 0.00014281437025004677
Rotation gain: 1.24, direction: 1, curvature radius: 2500000
{'type': 'running', 'physical': {'user_x': 154.96652057053197, 'user_y': 596.2046057265171, 'user_direction': 3.9382167168674633}, 'virtual': {'user_x': 1880.9537957208329, 'user_y': 7102.941407565147, 'user_direction': 0.975947621765319}, 'user_v': 0, 'user_w': 0.1, 'delta_t': 0.02, 'need_reset': False}
Tangent angle: 0.008528127515734063, User angle: 3.9382167168674633, Offset angle: 0.4660802039190571
Target angle: 5.825633230776263, distance: 397.57917806493583, angle diff: 1.8874165139087995, rotation direction: 1
Basic rotation angle: 0.0, rotation gain: 0.00012201922069743935
Rotation gain: 1.24, direction: 1, curvature radius: 2500000
{'type': 'running', 'physical': {'user_x': 154.96652057053197, 'user_y': 596.2046057265171, 'user_direction': 4.018861878157786}, 'virtual': {'user_x': 1880.9537957208329, 'user_y': 7102.941407565147, 'user_direction': 0.875947621765319}, 'user_v': 0, 'user_w': 0.1, 'delta_t': 0.02, 'need_reset': False}
Tangent angle: 0.008528127515734063, User angle: 4.018861878157786, Offset angle: 0.4660802039190571
Target angle: 5.825633230776263, distance: 397.57917806493583, angle diff: 1.806771352618477, rotation direction: 1
Basic rotation angle: 0.0, rotation gain: 0.00010382346483890786
Rotation gain: 1.24, direction: 1, curvature radius: 2500000
{'type': 'running', 'physical': {'user_x': 154.96652057053197, 'user_y': 596.2046057265171, 'user_direction': 4.099507039448109}, 'virtual': {'user_x': 1880.9537957208329, 'user_y': 7102.941407565147, 'user_direction': 0.7759476217653191}, 'user_v': 0, 'user_w': 0.1, 'delta_t': 0.02, 'need_reset': False}
Tangent angle: 0.008528127515734063, User angle: 4.099507039448109, Offset angle: 0.4660802039190571
Target angle: 5.825633230776263, distance: 397.57917806493583, angle diff: 1.726126191328154, rotation direction: 1
Basic rotation angle: 0.0, rotation gain: 8.79021784626928e-05
Rotation gain: 1.24, direction: 1, curvature radius: 2500000
{'type': 'running', 'physical': {'user_x': 154.96652057053197, 'user_y': 596.2046057265171, 'user_direction': 4.180152200738432}, 'virtual': {'user_x': 1880.9537957208329, 'user_y': 7102.941407565147, 'user_direction': 0.6759476217653191}, 'user_v': 0, 'user_w': 0.1, 'delta_t': 0.02, 'need_reset': False}
Tangent angle: 0.008528127515734063, User angle: 4.180152200738432, Offset angle: 0.4660802039190571
Target angle: 5.825633230776263, distance: 397.57917806493583, angle diff: 1.645481030037831, rotation direction: 1
Basic rotation angle: 0.0, rotation gain: 7.397105288350462e-05
Rotation gain: 1.24, direction: 1, curvature radius: 2500000
{'type': 'running', 'physical': {'user_x': 154.96652057053197, 'user_y': 596.2046057265171, 'user_direction': 4.260797362028755}, 'virtual': {'user_x': 1880.9537957208329, 'user_y': 7102.941407565147, 'user_direction': 0.5759476217653191}, 'user_v': 0, 'user_w': 0.1, 'delta_t': 0.02, 'need_reset': False}
Tangent angle: 0.008528127515734063, User angle: 4.260797362028755, Offset angle: 0.4660802039190571
Target angle: 5.825633230776263, distance: 397.57917806493583, angle diff: 1.5648358687475081, rotation direction: 1
Basic rotation angle: 0.0, rotation gain: 6.178131800171498e-05
Rotation gain: 1.24, direction: 1, curvature radius: 2500000
{'type': 'running', 'physical': {'user_x': 154.96652057053197, 'user_y': 596.2046057265171, 'user_direction': 4.341442523319078}, 'virtual': {'user_x': 1880.9537957208329, 'user_y': 7102.941407565147, 'user_direction': 0.47594762176531913}, 'user_v': 0, 'user_w': 0.1, 'delta_t': 0.02, 'need_reset': False}
Tangent angle: 0.008528127515734063, User angle: 4.341442523319078, Offset angle: 0.4660802039190571
Target angle: 5.825633230776263, distance: 397.57917806493583, angle diff: 1.4841907074571852, rotation direction: 1
Basic rotation angle: 0.0, rotation gain: 5.111529998014903e-05
Rotation gain: 1.24, direction: 1, curvature radius: 2500000
{'type': 'running', 'physical': {'user_x': 154.96652057053197, 'user_y': 596.2046057265171, 'user_direction': 4.422087684609401}, 'virtual': {'user_x': 1880.9537957208329, 'user_y': 7102.941407565147, 'user_direction': 0.37594762176531915}, 'user_v': 0, 'user_w': 0.1, 'delta_t': 0.02, 'need_reset': False}
Tangent angle: 0.008528127515734063, User angle: 4.422087684609401, Offset angle: 0.4660802039190571
Target angle: 5.825633230776263, distance: 397.57917806493583, angle diff: 1.4035455461668622, rotation direction: 1
Basic rotation angle: 0.0, rotation gain: 4.178253421127883e-05
Rotation gain: 1.24, direction: 1, curvature radius: 2500000
{'type': 'running', 'physical': {'user_x': 154.96652057053197, 'user_y': 596.2046057265171, 'user_direction': 4.502732845899724}, 'virtual': {'user_x': 1880.9537957208329, 'user_y': 7102.941407565147, 'user_direction': 0.2759476217653192}, 'user_v': 0, 'user_w': 0.1, 'delta_t': 0.02, 'need_reset': False}
Tangent angle: 0.008528127515734063, User angle: 4.502732845899724, Offset angle: 0.4660802039190571
Target angle: 5.825633230776263, distance: 397.57917806493583, angle diff: 1.3229003848765393, rotation direction: 1
Basic rotation angle: 0.0, rotation gain: 3.361636416351741e-05
Rotation gain: 1.24, direction: 1, curvature radius: 2500000
{'type': 'running', 'physical': {'user_x': 154.96652057053197, 'user_y': 596.2046057265171, 'user_direction': 4.5833780071900465}, 'virtual': {'user_x': 1880.9537957208329, 'user_y': 7102.941407565147, 'user_direction': 0.11804128505035563}, 'user_v': 7.999999999999999, 'user_w': 0, 'delta_t': 0.02, 'need_reset': False}
Tangent angle: 0.008528127515734063, User angle: 4.5833780071900465, Offset angle: 0.4660802039190571
Target angle: 5.825633230776263, distance: 397.57917806493583, angle diff: 1.2422552235862163, rotation direction: 1
Basic rotation angle: 1.693121693121693, rotation gain: 5.8886279497469445e-05
Rotation gain: 1.24, direction: 1, curvature radius: 7.5
{'type': 'running', 'physical': {'user_x': 154.96652057053197, 'user_y': 596.2046057265171, 'user_direction': 4.6640231684803695}, 'virtual': {'user_x': 1888.8981254272933, 'user_y': 7103.883546363334, 'user_direction': 0.11804128505035563}, 'user_v': 7.999999999999999, 'user_w': 0, 'delta_t': 0.02, 'need_reset': False}
Tangent angle: 0.008528127515734063, User angle: 4.6640231684803695, Offset angle: 0.4660802039190571
Target angle: 5.825633230776263, distance: 397.57917806493583, angle diff: 1.1616100622958934, rotation direction: 1
Basic rotation angle: 1.693121693121693, rotation gain: 3.677510358026141e-05
Rotation gain: 1.24, direction: 1, curvature radius: 7.5
{'type': 'running', 'physical': {'user_x': 154.7938320863377, 'user_y': 589.857748240152, 'user_direction': 4.685187189644391}, 'virtual': {'user_x': 1896.8424551337537, 'user_y': 7104.8256851615215, 'user_direction': 0.11804128505035777}, 'user_v': 7.999999999999999, 'user_w': 0, 'delta_t': 0.02, 'need_reset': False}
Tangent angle: 0.022777082870390597, User angle: 4.685187189644391, Offset angle: 0.4657729539300467
Target angle: 5.84018943611993, distance: 397.8836478408333, angle diff: 1.1550022464755392, rotation direction: 1
Basic rotation angle: 1.693121693121693, rotation gain: 6.142931403796406e-05
Rotation gain: 1.24, direction: 1, curvature radius: 7.5
{'type': 'running', 'physical': {'user_x': 154.7554972743237, 'user_y': 583.508657619678, 'user_direction': 4.706351210808412}, 'virtual': {'user_x': 1904.786784840214, 'user_y': 7105.767823959709, 'user_direction': 0.11804128505036016}, 'user_v': 7.999999999999999, 'user_w': 0, 'delta_t': 0.02, 'need_reset': False}
Tangent angle: 0.03702192193600018, User angle: 4.706351210808412, Offset angle: 0.46551559950628324
Target angle: 5.854691629609303, distance: 398.1389601394716, angle diff: 1.148340418800891, rotation direction: 1
Basic rotation angle: 1.693121693121693, rotation gain: 4.513787946586778e-05
Rotation gain: 1.24, direction: 1, curvature radius: 7.5
{'type': 'running', 'physical': {'user_x': 154.85153330461677, 'user_y': 577.1601776168989, 'user_direction': 4.727515231972434}, 'virtual': {'user_x': 1912.7311145466745, 'user_y': 7106.709962757896, 'user_direction': 0.11804128505036282}, 'user_v': 7.999999999999999, 'user_w': 0, 'delta_t': 0.02, 'need_reset': False}
Tangent angle: 0.05126337257621438, User angle: 4.727515231972434, Offset angle: 0.4653080078616057
Target angle: 5.869140671894195, distance: 398.3450952223993, angle diff: 1.1416254399217616, rotation direction: 1
Basic rotation angle: 1.693121693121693, rotation gain: 6.464798529253434e-05
Rotation gain: 1.24, direction: 1, curvature radius: 7.5
{'type': 'running', 'physical': {'user_x': 155.08189716276794, 'user_y': 570.8151517101228, 'user_direction': 4.748679253136455}, 'virtual': {'user_x': 1920.6754442531349, 'user_y': 7107.652101556084, 'user_direction': 0.11804128505036582}, 'user_v': 7.999999999999999, 'user_w': 0, 'delta_t': 0.02, 'need_reset': False}
Tangent angle: 0.06550216015505628, User angle: 4.748679253136455, Offset angle: 0.46515007200465236
Target angle: 5.8835373953299905, distance: 398.5020371365558, angle diff: 1.1348581421935355, rotation direction: 1
Basic rotation angle: 1.693121693121693, rotation gain: 5.280587325279177e-05
Rotation gain: 1.24, direction: 1, curvature radius: 7.5
{'type': 'running', 'physical': {'user_x': 155.4464856690187, 'user_y': 564.4764218305718, 'user_direction': 4.769843274300476}, 'virtual': {'user_x': 1928.6197739595952, 'user_y': 7108.594240354271, 'user_direction': 0.11804128505036922}, 'user_v': 7.999999999999999, 'user_w': 0, 'delta_t': 0.02, 'need_reset': False}
Tangent angle: 0.07973900807392242, User angle: 4.769843274300476, Offset angle: 0.46504171060740995
Target angle: 5.897882604646099, distance: 398.60977372611615, angle diff: 1.1280393303456222, rotation direction: 1
Basic rotation angle: 1.693121693121693, rotation gain: 6.837110690829439e-05
Rotation gain: 1.24, direction: 1, curvature radius: 7.5
{'type': 'running', 'physical': {'user_x': 155.94513552451505, 'user_y': 558.1468270894833, 'user_direction': 4.791007295464498}, 'virtual': {'user_x': 1936.5641036660556, 'user_y': 7109.53637915246, 'user_direction': 0.11804128505037312}, 'user_v': 7.999999999999999, 'user_w': 0, 'delta_t': 0.02, 'need_reset': False}
Tangent angle: 0.09397463830577024, User angle: 4.791007295464498, Offset angle: 0.46498286790542326
Target angle: 5.912177077579933, distance: 398.66829664147974, angle diff: 1.1211697821154356, rotation direction: 1
Basic rotation angle: 1.693121693121693, rotation gain: 5.9929089375087736e-05
Rotation gain: 1.24, direction: 1, curvature radius: 7.5
{'type': 'running', 'physical': {'user_x': 156.57762338444894, 'user_y': 551.8292025064744, 'user_direction': 4.812171316628519}, 'virtual': {'user_x': 1944.508433372516, 'user_y': 7110.478517950647, 'user_direction': 0.1180412850503688}, 'user_v': 7.999999999999999, 'user_w': 0, 'delta_t': 0.02, 'need_reset': False}
Tangent angle: 0.10820977192725945, User angle: 4.812171316628519, Offset angle: 0.46497351362943395
Target angle: 5.926421565477412, distance: 398.6776013454303, angle diff: 1.1142502488488928, rotation direction: 1
Basic rotation angle: 1.693121693121693, rotation gain: 7.246761036854664e-05
Rotation gain: 1.24, direction: 1, curvature radius: 7.5
{'type': 'running', 'physical': {'user_x': 157.34366595809422, 'user_y': 545.5263777397397, 'user_direction': 4.8333353377925405}, 'virtual': {'user_x': 1952.4527630789764, 'user_y': 7111.420656748835, 'user_direction': 0.11804128505037333}, 'user_v': 7.999999999999999, 'user_w': 0, 'delta_t': 0.02, 'need_reset': False}
Tangent angle: 0.12244512964961363, User angle: 4.8333353377925405, Offset angle: 0.4650136429682965
Target angle: 5.940616793860904, distance: 398.6376871164752, angle diff: 1.107281456068363, rotation direction: 1
Basic rotation angle: 1.693121693121693, rotation gain: 6.662236759401183e-05
Rotation gain: 1.24, direction: 1, curvature radius: 7.5
{'type': 'running', 'physical': {'user_x': 158.24292013569223, 'user_y': 539.2411758186496, 'user_direction': 4.854499358956562}, 'virtual': {'user_x': 1960.3970927854368, 'user_y': 7112.362795547023, 'user_direction': 0.1180412850503682}, 'user_v': 7.999999999999999, 'user_w': 0, 'delta_t': 0.02, 'need_reset': False}
Tangent angle: 0.1366814323489569, User angle: 4.854499358956562, Offset angle: 0.4651032765630851
Target angle: 5.954763462965458, distance: 398.54855704937717, angle diff: 1.1002641040088958, rotation direction: 1
Basic rotation angle: 1.693121693121693, rotation gain: 7.683713558323259e-05
Rotation gain: 1.24, direction: 1, curvature radius: 7.5
{'type': 'running', 'physical': {'user_x': 159.27498314213042, 'user_y': 532.9764118793184, 'user_direction': 4.875663380120583}, 'virtual': {'user_x': 1968.3414224918972, 'user_y': 7113.304934345211, 'user_direction': 0.1180412850503736}, 'user_v': 7.999999999999999, 'user_w': 0, 'delta_t': 0.02, 'need_reset': False}
Tangent angle: 0.1509194015968851, User angle: 4.875663380120583, Offset angle: 0.465242460532379
Target angle: 5.9688622482440925, distance: 398.410218052876, angle diff: 1.0931988681235092, rotation direction: 1
Basic rotation angle: 1.693121693121693, rotation gain: 7.297361801391947e-05
Rotation gain: 1.24, direction: 1, curvature radius: 7.5
{'type': 'running', 'physical': {'user_x': 160.43939271734487, 'user_y': 526.7348919037074, 'user_direction': 4.896827401284605}, 'virtual': {'user_x': 1976.2857521983576, 'user_y': 7114.247073143399, 'user_direction': 0.11804128505036736}, 'user_v': 7.999999999999999, 'user_w': 0, 'delta_t': 0.02, 'need_reset': False}
Tangent angle: 0.16515976019203737, User angle: 4.896827401284605, Offset angle: 0.4654312665287827
Target angle: 5.982913800842841, distance: 398.22268084459733, angle diff: 1.0860863995582362, rotation direction: 1
Basic rotation angle: 1.693121693121693, rotation gain: 8.140282697967017e-05
Rotation gain: 1.24, direction: 1, curvature radius: 7.5
{'type': 'running', 'physical': {'user_x': 161.73562732336623, 'user_y': 520.519411462828, 'user_direction': 4.917991422448626}, 'virtual': {'user_x': 1984.230081904818, 'user_y': 7115.189211941587, 'user_direction': 0.11804128505037405}, 'user_v': 7.999999999999999, 'user_w': 0, 'delta_t': 0.02, 'need_reset': False}
Tangent angle: 0.17940323269341674, User angle: 4.917991422448626, Offset angle: 0.4656697918268117
Target angle: 5.996918748046191, distance: 397.9859599431349, angle diff: 1.078927325597565, rotation direction: 1
Basic rotation angle: 1.693121693121693, rotation gain: 7.905012617632454e-05
Rotation gain: 1.24, direction: 1, curvature radius: 7.5
{'type': 'running', 'physical': {'user_x': 163.16310637791602, 'user_y': 514.332754464608, 'user_direction': 4.9391554436126475}, 'virtual': {'user_x': 1992.1744116112784, 'user_y': 7116.1313507397745, 'user_direction': 0.118041285050366}, 'user_v': 7.999999999999999, 'user_w': 0, 'delta_t': 0.02, 'need_reset': False}
Tangent angle: 0.1936505459562401, User angle: 4.9391554436126475, Offset angle: 0.46595815944234026
Target angle: 6.0108776936934865, distance: 397.7000736572889, angle diff: 1.071722250080839, rotation direction: 1
Basic rotation angle: 1.693121693121693, rotation gain: 8.610581815934643e-05
Rotation gain: 1.24, direction: 1, curvature radius: 7.5
{'type': 'running', 'physical': {'user_x': 164.72119051444892, 'user_y': 508.1776919069822, 'user_direction': 4.960319464776669}, 'virtual': {'user_x': 2000.1187413177388, 'user_y': 7117.073489537963, 'user_direction': 0.11804128505037477}, 'user_v': 7.999999999999999, 'user_w': 0, 'delta_t': 0.02, 'need_reset': False}
Tangent angle: 0.20790242967107408, User angle: 4.960319464776669, Offset angle: 0.4662965182838865
Target angle: 6.024791218566774, distance: 397.36504407243444, angle diff: 1.0644717537901052, rotation direction: 1
Basic rotation angle: 1.693121693121693, rotation gain: 8.490338053687618e-05
Rotation gain: 1.24, direction: 1, curvature radius: 7.5
{'type': 'running', 'physical': {'user_x': 166.40918186852448, 'user_y': 502.05698063676465, 'user_direction': 4.98148348594069}, 'virtual': {'user_x': 2008.0630710241992, 'user_y': 7118.01562833615, 'user_direction': 0.1180412850503635}, 'user_v': 7.999999999999999, 'user_w': 0, 'delta_t': 0.02, 'need_reset': False}
Tangent angle: 0.22215961690704766, User angle: 4.98148348594069, Offset angle: 0.4666850433360789
Target angle: 6.038659880750555, distance: 396.98089703398756, angle diff: 1.057176394809865, rotation direction: 1
Basic rotation angle: 1.693121693121693, rotation gain: 9.09010093417988e-05
Rotation gain: 1.24, direction: 1, curvature radius: 7.5
{'type': 'running', 'physical': {'user_x': 168.22632439037992, 'user_y': 495.9733621148595, 'user_direction': 5.002647507104712}, 'virtual': {'user_x': 2016.0074007306596, 'user_y': 7118.957767134339, 'user_direction': 0.11804128505037625}, 'user_v': 7.999999999999999, 'user_w': 0, 'delta_t': 0.02, 'need_reset': False}
Tangent angle: 0.2364228446599146, User angle: 5.002647507104712, Offset angle: 0.4671239358757226
Target angle: 6.052484215963778, distance: 396.5476621279308, angle diff: 1.0498367088590665, rotation direction: 1
Basic rotation angle: 1.693121693121693, rotation gain: 9.057276861980441e-05
Rotation gain: 1.24, direction: 1, curvature radius: 7.5
{'type': 'running', 'physical': {'user_x': 170.17180418356412, 'user_y': 489.9295611883635, 'user_direction': 5.023811528268733}, 'virtual': {'user_x': 2023.95173043712, 'user_y': 7119.899905932526, 'user_direction': 0.11804128505035738}, 'user_v': 7.999999999999999, 'user_w': 0, 'delta_t': 0.02, 'need_reset': False}
Tangent angle: 0.25069285440577715, User angle: 5.023811528268733, Offset angle: 0.46761342372096476
Target angle: 6.066264737864398, distance: 396.0653726583512, angle diff: 1.0424532095956653, rotation direction: 1
Basic rotation angle: 1.693121693121693, rotation gain: 9.575383457600012e-05
Rotation gain: 1.24, direction: 1, curvature radius: 7.5
{'type': 'running', 'physical': {'user_x': 172.24474986948113, 'user_y': 483.92828487010917, 'user_direction': 5.044975549432754}, 'virtual': {'user_x': 2031.8960601435804, 'user_y': 7120.842044730714, 'user_direction': 0.11804128505038113}, 'user_v': 7.999999999999999, 'user_w': 0, 'delta_t': 0.02, 'need_reset': False}
Tangent angle: 0.264970392661267, User angle: 5.044975549432754, Offset angle: 0.4681537615141306
Target angle: 6.080001938326722, distance: 395.53406562193516, angle diff: 1.035026388893968, rotation direction: 1
Basic rotation angle: 1.693121693121693, rotation gain: 9.608840698022893e-05
Rotation gain: 1.24, direction: 1, curvature radius: 7.5
{'type': 'running', 'physical': {'user_x': 174.44423297767975, 'user_y': 477.9722211261965, 'user_direction': 5.066139570596776}, 'virtual': {'user_x': 2037.9683677037442, 'user_y': 7121.562175535747, 'user_direction': 0.11804128505038113}, 'user_v': 0, 'user_w': 0.1, 'delta_t': 0.02, 'need_reset': False}
Tangent angle: 0.27925621155101865, User angle: 5.066139570596776, Offset angle: 0.46874523103888543
Target angle: 6.09369628769172, distance: 394.9537816793621, angle diff: 1.027556717094944, rotation direction: 1
Basic rotation angle: 0.0, rotation gain: 7.792018468016439e-05
Rotation gain: 1.24, direction: 1, curvature radius: 2500000
{'type': 'running', 'physical': {'user_x': 176.76926836171467, 'user_y': 472.0640376720553, 'user_direction': 5.087303591760797}, 'virtual': {'user_x': 2037.9683677037442, 'user_y': 7121.562175535747, 'user_direction': 0.01804128505038112}, 'user_v': 0, 'user_w': 0.1, 'delta_t': 0.02, 'need_reset': False}
Tangent angle: 0.293551069383267, User angle: 5.087303591760797, Offset angle: 0.4693881415724599
Target angle: 6.107348234990393, distance: 394.32456512352303, angle diff: 1.0200446432295962, rotation direction: 1
Basic rotation angle: 0.0, rotation gain: 6.186244921708502e-05
Rotation gain: 1.24, direction: 1, curvature radius: 2500000
{'type': 'running', 'physical': {'user_x': 176.76926836171467, 'user_y': 472.0640376720553, 'user_direction': 5.16794875305112}, 'virtual': {'user_x': 2037.9683677037442, 'user_y': 7121.562175535747, 'user_direction': -0.08195871494961889}, 'user_v': 0, 'user_w': 0.1, 'delta_t': 0.02, 'need_reset': False}
Tangent angle: 0.293551069383267, User angle: 5.16794875305112, Offset angle: 0.4693881415724599
Target angle: 6.107348234990393, distance: 394.32456512352303, angle diff: 0.9393994819392733, rotation direction: 1
Basic rotation angle: 0.0, rotation gain: 4.781193068689058e-05
Rotation gain: 1.24, direction: 1, curvature radius: 2500000
{'type': 'running', 'physical': {'user_x': 176.76926836171467, 'user_y': 472.0640376720553, 'user_direction': 5.248593914341443}, 'virtual': {'user_x': 2037.9683677037442, 'user_y': 7121.562175535747, 'user_direction': -0.1819587149496189}, 'user_v': 0, 'user_w': 0.1, 'delta_t': 0.02, 'need_reset': False}
Tangent angle: 0.293551069383267, User angle: 5.248593914341443, Offset angle: 0.4693881415724599
Target angle: 6.107348234990393, distance: 394.32456512352303, angle diff: 0.8587543206489503, rotation direction: 1
Basic rotation angle: 0.0, rotation gain: 3.5517726972970434e-05
Rotation gain: 1.24, direction: 1, curvature radius: 2500000
{'type': 'running', 'physical': {'user_x': 176.76926836171467, 'user_y': 472.0640376720553, 'user_direction': 5.329239075631766}, 'virtual': {'user_x': 2037.9683677037442, 'user_y': 7121.562175535747, 'user_direction': -0.2819587149496189}, 'user_v': 0, 'user_w': 0.1, 'delta_t': 0.02, 'need_reset': False}
Tangent angle: 0.293551069383267, User angle: 5.329239075631766, Offset angle: 0.4693881415724599
Target angle: 6.107348234990393, distance: 394.32456512352303, angle diff: 0.7781091593586273, rotation direction: 1
Basic rotation angle: 0.0, rotation gain: 2.4760298723290313e-05
Rotation gain: 1.24, direction: 1, curvature radius: 2500000
{'type': 'running', 'physical': {'user_x': 176.76926836171467, 'user_y': 472.0640376720553, 'user_direction': 5.409884236922089}, 'virtual': {'user_x': 2037.9683677037442, 'user_y': 7121.562175535747, 'user_direction': -0.38195871494961886}, 'user_v': 0, 'user_w': 0.1, 'delta_t': 0.02, 'need_reset': False}
Tangent angle: 0.293551069383267, User angle: 5.409884236922089, Offset angle: 0.4693881415724599
Target angle: 6.107348234990393, distance: 394.32456512352303, angle diff: 0.6974639980683044, rotation direction: 1
Basic rotation angle: 0.0, rotation gain: 1.5347549004820203e-05
Rotation gain: 1.24, direction: 1, curvature radius: 2500000
{'type': 'running', 'physical': {'user_x': 176.76926836171467, 'user_y': 472.0640376720553, 'user_direction': 5.490529398212412}, 'virtual': {'user_x': 2037.9683677037442, 'user_y': 7121.562175535747, 'user_direction': -0.48195871494961884}, 'user_v': 0, 'user_w': 0.1, 'delta_t': 0.02, 'need_reset': False}
Tangent angle: 0.293551069383267, User angle: 5.490529398212412, Offset angle: 0.4693881415724599
Target angle: 6.107348234990393, distance: 394.32456512352303, angle diff: 0.6168188367779814, rotation direction: 1
Basic rotation angle: 0.0, rotation gain: 7.111393001158858e-06
Rotation gain: 1.24, direction: 1, curvature radius: 2500000
{'type': 'running', 'physical': {'user_x': 176.76926836171467, 'user_y': 472.0640376720553, 'user_direction': 5.571174559502735}, 'virtual': {'user_x': 2037.9683677037442, 'user_y': 7121.562175535747, 'user_direction': -0.5819587149496188}, 'user_v': 0, 'user_w': 0.1, 'delta_t': 0.02, 'need_reset': False}
Tangent angle: 0.293551069383267, User angle: 5.571174559502735, Offset angle: 0.4693881415724599
Target angle: 6.107348234990393, distance: 394.32456512352303, angle diff: 0.5361736754876585, rotation direction: 1
Basic rotation angle: 0.0, rotation gain: 9.52435020448182e-08
Rotation gain: 1.24, direction: 1, curvature radius: 2500000
{'type': 'running', 'physical': {'user_x': 176.76926836171467, 'user_y': 472.0640376720553, 'user_direction': 5.651819720793058}, 'virtual': {'user_x': 2037.9683677037442, 'user_y': 7121.562175535747, 'user_direction': -0.6819587149496188}, 'user_v': 0, 'user_w': 0.1, 'delta_t': 0.02, 'need_reset': False}
Tangent angle: 0.293551069383267, User angle: 5.651819720793058, Offset angle: 0.4693881415724599
Target angle: 6.107348234990393, distance: 394.32456512352303, angle diff: 0.45552851419733553, rotation direction: 1
Basic rotation angle: 0.0, rotation gain: 6.234374313769603e-06
Rotation gain: 1.24, direction: 1, curvature radius: 2500000
{'type': 'running', 'physical': {'user_x': 176.76926836171467, 'user_y': 472.0640376720553, 'user_direction': 5.732464882083381}, 'virtual': {'user_x': 2037.9683677037442, 'user_y': 7121.562175535747, 'user_direction': -0.7819587149496188}, 'user_v': 0, 'user_w': 0.1, 'delta_t': 0.02, 'need_reset': False}
Tangent angle: 0.293551069383267, User angle: 5.732464882083381, Offset angle: 0.4693881415724599
Target angle: 6.107348234990393, distance: 394.32456512352303, angle diff: 0.3748833529070126, rotation direction: 1
Basic rotation angle: 0.0, rotation gain: 8.626348535104162e-07
Rotation gain: 1.24, direction: 1, curvature radius: 2500000
{'type': 'running', 'physical': {'user_x': 176.76926836171467, 'user_y': 472.0640376720553, 'user_direction': 5.813110043373704}, 'virtual': {'user_x': 2037.9683677037442, 'user_y': 7121.562175535747, 'user_direction': -0.8819587149496187}, 'user_v': 0, 'user_w': 0.1, 'delta_t': 0.02, 'need_reset': False}
Tangent angle: 0.293551069383267, User angle: 5.813110043373704, Offset angle: 0.4693881415724599
Target angle: 6.107348234990393, distance: 394.32456512352303, angle diff: 0.2942381916166896, rotation direction: 1
Basic rotation angle: 0.0, rotation gain: 5.562906881237205e-06
Rotation gain: 1.24, direction: 1, curvature radius: 2500000
{'type': 'running', 'physical': {'user_x': 176.76926836171467, 'user_y': 472.0640376720553, 'user_direction': 5.893755204664027}, 'virtual': {'user_x': 2037.9683677037442, 'user_y': 7121.562175535747, 'user_direction': -0.9819587149496187}, 'user_v': 0, 'user_w': 0.1, 'delta_t': 0.02, 'need_reset': False}
Tangent angle: 0.293551069383267, User angle: 5.893755204664027, Offset angle: 0.4693881415724599
Target angle: 6.107348234990393, distance: 394.32456512352303, angle diff: 0.21359303032636667, rotation direction: 1
Basic rotation angle: 0.0, rotation gain: 1.4501688569762646e-06
Rotation gain: 1.24, direction: 1, curvature radius: 2500000
{'type': 'running', 'physical': {'user_x': 176.76926836171467, 'user_y': 472.0640376720553, 'user_direction': 5.97440036595435}, 'virtual': {'user_x': 2037.9683677037442, 'user_y': 7121.562175535747, 'user_direction': -1.0819587149496188}, 'user_v': 0, 'user_w': 0.1, 'delta_t': 0.02, 'need_reset': False}
Tangent angle: 0.293551069383267, User angle: 5.97440036595435, Offset angle: 0.4693881415724599
Target angle: 6.107348234990393, distance: 394.32456512352303, angle diff: 0.13294786903604372, rotation direction: 1
Basic rotation angle: 0.0, rotation gain: 5.048814628204587e-06
Rotation gain: 1.24, direction: 1, curvature radius: 2500000
{'type': 'running', 'physical': {'user_x': 176.76926836171467, 'user_y': 472.0640376720553, 'user_direction': 6.055045527244673}, 'virtual': {'user_x': 2037.9683677037442, 'user_y': 7121.562175535747, 'user_direction': -1.1899333824982166}, 'user_v': 7.999999999999999, 'user_w': 0, 'delta_t': 0.02, 'need_reset': False}
Tangent angle: 0.293551069383267, User angle: 6.055045527244673, Offset angle: 0.4693881415724599
Target angle: 6.107348234990393, distance: 394.32456512352303, angle diff: 0.05230270774572077, rotation direction: 1
Basic rotation angle: 1.693121693121693, rotation gain: 0.00018511365854208554
Rotation gain: 1.24, direction: 1, curvature radius: 7.5
{'type': 'running', 'physical': {'user_x': 176.76926836171467, 'user_y': 472.0640376720553, 'user_direction': 6.1356906885349956}, 'virtual': {'user_x': 2040.942141440201, 'user_y': 7114.135421886651, 'user_direction': -1.1899333824982166}, 'user_v': 7.999999999999999, 'user_w': 0, 'delta_t': 0.02, 'need_reset': False}
Tangent angle: 0.293551069383267, User angle: 6.1356906885349956, Offset angle: 0.4693881415724599
Target angle: 6.107348234990393, distance: 394.32456512352303, angle diff: 0.028342453544602186, rotation direction: -1
Basic rotation angle: 1.693121693121693, rotation gain: 2.755692011743971e-05
Rotation gain: 1.24, direction: -1, curvature radius: 7.5
{'type': 'running', 'physical': {'user_x': 183.0283846452351, 'user_y': 470.99825879528413, 'user_direction': 6.114526667370974}, 'virtual': {'user_x': 2043.915915176658, 'user_y': 7106.708668237555, 'user_direction': -1.1899333824982143}, 'user_v': 7.999999999999999, 'user_w': 0, 'delta_t': 0.02, 'need_reset': False}
Tangent angle: 0.3000378778861581, User angle: 6.114526667370974, Offset angle: 0.4759924274270722
Target angle: 6.107230757638672, distance: 387.95202956733004, angle diff: 0.007295909732301986, rotation direction: -1
Basic rotation angle: 1.693121693121693, rotation gain: 0.00016537766903329052
Rotation gain: 1.24, direction: -1, curvature radius: 7.5
{'type': 'running', 'physical': {'user_x': 189.26354471970018, 'user_y': 469.8002604185745, 'user_direction': 6.093362646206953}, 'virtual': {'user_x': 2046.8896889131152, 'user_y': 7099.281914588459, 'user_direction': -1.1899333824982117}, 'user_v': 7.999999999999999, 'user_w': 0, 'delta_t': 0.02, 'need_reset': False}
Tangent angle: 0.306971021427068, User angle: 6.093362646206953, Offset angle: 0.4826948514663486
Target angle: 6.107461477140306, distance: 381.6495878201583, angle diff: 0.014098830933352957, rotation direction: 1
Basic rotation angle: 1.693121693121693, rotation gain: 4.4865814940187e-05
Rotation gain: 1.24, direction: 1, curvature radius: 7.5
{'type': 'running', 'physical': {'user_x': 195.5226610032206, 'user_y': 468.73448154180335, 'user_direction': 6.114526667370974}, 'virtual': {'user_x': 2049.8634626495723, 'user_y': 7091.855160939363, 'user_direction': -1.1899333824982117}, 'user_v': 7.999999999999999, 'user_w': 0, 'delta_t': 0.02, 'need_reset': False}
Tangent angle: 0.31380783216054775, User angle: 6.114526667370974, Offset angle: 0.48965119148692293
Target angle: 6.107341947853211, distance: 375.2766367601569, angle diff: 0.007184719517763227, rotation direction: -1
Basic rotation angle: 1.693121693121693, rotation gain: 0.000150271567799947
Rotation gain: 1.24, direction: -1, curvature radius: 7.5
{'type': 'running', 'physical': {'user_x': 201.7578210776857, 'user_y': 467.5364831650937, 'user_direction': 6.093362646206953}, 'virtual': {'user_x': 2052.8372363860294, 'user_y': 7084.4284072902665, 'user_direction': -1.1899333824982115}, 'user_v': 7.999999999999999, 'user_w': 0, 'delta_t': 0.02, 'need_reset': False}
Tangent angle: 0.321108876666766, User angle: 6.093362646206953, Offset angle: 0.4967116774581835
Target angle: 6.107582506388169, distance: 368.9761731671357, angle diff: 0.014219860181215793, rotation direction: 1
Basic rotation angle: 1.693121693121693, rotation gain: 5.812630067082933e-05
Rotation gain: 1.24, direction: 1, curvature radius: 7.5
{'type': 'running', 'physical': {'user_x': 208.01693736120612, 'user_y': 466.47070428832257, 'user_direction': 6.114526667370974}, 'virtual': {'user_x': 2055.8110101224866, 'user_y': 7077.00165364117, 'user_direction': -1.1899333824982112}, 'user_v': 7.999999999999999, 'user_w': 0, 'delta_t': 0.02, 'need_reset': False}
Tangent angle: 0.3283216441499994, User angle: 6.114526667370974, Offset angle: 0.5040460327443672
Target angle: 6.107460918585218, distance: 362.6028050207902, angle diff: 0.007065748785755943, rotation direction: -1
Basic rotation angle: 1.693121693121693, rotation gain: 0.0001387105654368992
Rotation gain: 1.24, direction: -1, curvature radius: 7.5
{'type': 'running', 'physical': {'user_x': 214.2520974356712, 'user_y': 465.27270591161295, 'user_direction': 6.093362646206953}, 'virtual': {'user_x': 2058.7847838589437, 'user_y': 7069.574899992074, 'user_direction': -1.1899333824982108}, 'user_v': 7.999999999999999, 'user_w': 0, 'delta_t': 0.02, 'need_reset': False}
Tangent angle: 0.33601769267245096, User angle: 6.093362646206953, Offset angle: 0.511490846182415
Target angle: 6.107712153669622, distance: 356.3044879104916, angle diff: 0.014349507462669386, rotation direction: 1
Basic rotation angle: 1.693121693121693, rotation gain: 6.828786065691705e-05
Rotation gain: 1.24, direction: 1, curvature radius: 7.5
{'type': 'running', 'physical': {'user_x': 220.51121371919163, 'user_y': 464.2069270348418, 'user_direction': 6.114526667370974}, 'virtual': {'user_x': 2061.758557595401, 'user_y': 7062.148146342978, 'user_direction': -1.1899333824982103}, 'user_v': 7.999999999999999, 'user_w': 0, 'delta_t': 0.02, 'need_reset': False}
Tangent angle: 0.34363462244283616, User angle: 6.114526667370974, Offset angle: 0.5192314144039735
Target angle: 6.107588515218449, distance: 349.9307039660879, angle diff: 0.006938152152525134, rotation direction: -1
Basic rotation angle: 1.693121693121693, rotation gain: 0.0001298641617333526
Rotation gain: 1.24, direction: -1, curvature radius: 7.5
{'type': 'running', 'physical': {'user_x': 226.74637379365672, 'user_y': 463.00892865813216, 'user_direction': 6.093362646206953}, 'virtual': {'user_x': 2064.732331331858, 'user_y': 7054.721392693882, 'user_direction': -1.1899333824982095}, 'user_v': 7.999999999999999, 'user_w': 0, 'delta_t': 0.02, 'need_reset': False}
Tangent angle: 0.3517550973275334, User angle: 6.093362646206953, Offset angle: 0.5270890321451888
Target angle: 6.107851372361931, distance: 343.6347233670913, angle diff: 0.014488726154977982, rotation direction: 1
Basic rotation angle: 1.693121693121693, rotation gain: 7.6077518304854e-05
Rotation gain: 1.24, direction: 1, curvature radius: 7.5
{'type': 'running', 'physical': {'user_x': 233.00549007717714, 'user_y': 461.943149781361, 'user_direction': 6.114526667370974}, 'virtual': {'user_x': 2067.706105068315, 'user_y': 7047.294639044786, 'user_direction': -1.189933382498208}, 'user_v': 7.999999999999999, 'user_w': 0, 'delta_t': 0.02, 'need_reset': False}
Tangent angle: 0.3598068313240774, User angle: 6.114526667370974, Offset angle: 0.5352664284357195
Target angle: 6.107725710067944, distance: 337.2605286804026, angle diff: 0.006800957303029875, rotation direction: -1
Basic rotation angle: 1.693121693121693, rotation gain: 0.00012309655361379354
Rotation gain: 1.24, direction: -1, curvature radius: 7.5
{'type': 'running', 'physical': {'user_x': 239.24065015164223, 'user_y': 460.7451514046514, 'user_direction': 6.093362646206953}, 'virtual': {'user_x': 2070.679878804772, 'user_y': 7039.86788539569, 'user_direction': -1.189933382498204}, 'user_v': 7.999999999999999, 'user_w': 0, 'delta_t': 0.02, 'need_reset': False}
Tangent angle: 0.36838365612369683, User angle: 6.093362646206953, Offset angle: 0.5435677016328881
Target angle: 6.108001261670395, distance: 330.9671001177054, angle diff: 0.014638615463442584, rotation direction: 1
Basic rotation angle: 1.693121693121693, rotation gain: 8.205198836156485e-05
Rotation gain: 1.24, direction: 1, curvature radius: 7.5
{'type': 'running', 'physical': {'user_x': 245.49976643516266, 'user_y': 459.6793725278802, 'user_direction': 6.114526667370974}, 'virtual': {'user_x': 2071.7327822805155, 'user_y': 7037.238346155782, 'user_direction': -1.189933382498204}, 'user_v': 0, 'user_w': 0.1, 'delta_t': 0.02, 'need_reset': False}
Tangent angle: 0.3769034620496896, User angle: 6.114526667370974, Offset angle: 0.5522151421275596
Target angle: 6.107873627101716, distance: 324.59250467577596, angle diff: 0.00665304026925817, rotation direction: -1
Basic rotation angle: 0.0, rotation gain: 6.547160644025821e-05
Rotation gain: 1.24, direction: -1, curvature radius: 2500000
{'type': 'running', 'physical': {'user_x': 251.73492650962774, 'user_y': 458.4813741511706, 'user_direction': 6.093362646206953}, 'virtual': {'user_x': 2071.7327822805155, 'user_y': 7037.238346155782, 'user_direction': -1.0899333824982038}, 'user_v': 0, 'user_w': 0.1, 'delta_t': 0.02, 'need_reset': False}
Tangent angle: 0.3859712439437293, User angle: 6.093362646206953, Offset angle: 0.5609934555429725
Target angle: 6.108163095580343, distance: 318.30187381697164, angle diff: 0.014800449373390201, rotation direction: 1
Basic rotation angle: 0.0, rotation gain: 5.096037254028966e-05
Rotation gain: 1.24, direction: 1, curvature radius: 2500000
{'type': 'running', 'physical': {'user_x': 251.73492650962774, 'user_y': 458.4813741511706, 'user_direction': 6.174007807497276}, 'virtual': {'user_x': 2071.7327822805155, 'user_y': 7037.238346155782, 'user_direction': -0.9899333824982038}, 'user_v': 0, 'user_w': 0.1, 'delta_t': 0.02, 'need_reset': False}
Tangent angle: 0.3859712439437293, User angle: 6.174007807497276, Offset angle: 0.5609934555429725
Target angle: 6.108163095580343, distance: 318.30187381697164, angle diff: 0.06584471191693275, rotation direction: -1
Basic rotation angle: 0.0, rotation gain: 3.826304287781718e-05
Rotation gain: 1.24, direction: -1, curvature radius: 2500000
{'type': 'running', 'physical': {'user_x': 251.73492650962774, 'user_y': 458.4813741511706, 'user_direction': 6.254652968787599}, 'virtual': {'user_x': 2071.7327822805155, 'user_y': 7037.238346155782, 'user_direction': -0.8899333824982039}, 'user_v': 0, 'user_w': 0.1, 'delta_t': 0.02, 'need_reset': False}
Tangent angle: 0.3859712439437293, User angle: 6.254652968787599, Offset angle: 0.5609934555429725
Target angle: 6.108163095580343, distance: 318.30187381697164, angle diff: 0.1464898732072557, rotation direction: -1
Basic rotation angle: 0.0, rotation gain: 2.7152879423153762e-05
Rotation gain: 1.24, direction: -1, curvature radius: 2500000
{'type': 'running', 'physical': {'user_x': 251.73492650962774, 'user_y': 458.4813741511706, 'user_direction': 0.05211282289833541}, 'virtual': {'user_x': 2071.7327822805155, 'user_y': 7037.238346155782, 'user_direction': -0.7899333824982039}, 'user_v': 0, 'user_w': 0.1, 'delta_t': 0.02, 'need_reset': False}
Tangent angle: 0.3859712439437293, User angle: 0.05211282289833541, Offset angle: 0.5609934555429725
Target angle: 6.108163095580343, distance: 318.30187381697164, angle diff: 0.22713503449757866, rotation direction: -1
Basic rotation angle: 0.0, rotation gain: 1.743148640032327e-05
Rotation gain: 1.24, direction: -1, curvature radius: 2500000
{'type': 'running', 'physical': {'user_x': 251.73492650962774, 'user_y': 458.4813741511706, 'user_direction': 0.132757984188658}, 'virtual': {'user_x': 2071.7327822805155, 'user_y': 7037.238346155782, 'user_direction': -0.6899333824982039}, 'user_v': 0, 'user_w': 0.1, 'delta_t': 0.02, 'need_reset': False}
Tangent angle: 0.3859712439437293, User angle: 0.132757984188658, Offset angle: 0.5609934555429725
Target angle: 6.108163095580343, distance: 318.30187381697164, angle diff: 0.3077801957879016, rotation direction: -1
Basic rotation angle: 0.0, rotation gain: 8.925267505346589e-06
Rotation gain: 1.24, direction: -1, curvature radius: 2500000
{'type': 'running', 'physical': {'user_x': 251.73492650962774, 'user_y': 458.4813741511706, 'user_direction': 0.2134031454789806}, 'virtual': {'user_x': 2071.7327822805155, 'user_y': 7037.238346155782, 'user_direction': -0.5899333824982039}, 'user_v': 0, 'user_w': 0.1, 'delta_t': 0.02, 'need_reset': False}
Tangent angle: 0.3859712439437293, User angle: 0.2134031454789806, Offset angle: 0.5609934555429725
Target angle: 6.108163095580343, distance: 318.30187381697164, angle diff: 0.3884253570782237, rotation direction: -1
Basic rotation angle: 0.0, rotation gain: 1.482325972241993e-06
Rotation gain: 1.24, direction: -1, curvature radius: 2500000
{'type': 'running', 'physical': {'user_x': 251.73492650962774, 'user_y': 458.4813741511706, 'user_direction': 0.29404830676930316}, 'virtual': {'user_x': 2071.7327822805155, 'user_y': 7037.238346155782, 'user_direction': -0.48993338249820395}, 'user_v': 0, 'user_w': 0.1, 'delta_t': 0.02, 'need_reset': False}
Tangent angle: 0.3859712439437293, User angle: 0.29404830676930316, Offset angle: 0.5609934555429725
Target angle: 6.108163095580343, distance: 318.30187381697164, angle diff: 0.46907051836854663, rotation direction: -1
Basic rotation angle: 0.0, rotation gain: 5.030247869224529e-06
Rotation gain: 1.24, direction: -1, curvature radius: 2500000
{'type': 'running', 'physical': {'user_x': 251.73492650962774, 'user_y': 458.4813741511706, 'user_direction': 0.3746934680596258}, 'virtual': {'user_x': 2071.7327822805155, 'user_y': 7037.238346155782, 'user_direction': -0.389933382498204}, 'user_v': 0, 'user_w': 0.1, 'delta_t': 0.02, 'need_reset': False}
Tangent angle: 0.3859712439437293, User angle: 0.3746934680596258, Offset angle: 0.5609934555429725
Target angle: 6.108163095580343, distance: 318.30187381697164, angle diff: 0.5497156796588687, rotation direction: -1
Basic rotation angle: 0.0, rotation gain: 1.9258162093648104e-06
Rotation gain: 1.24, direction: -1, curvature radius: 2500000
{'type': 'running', 'physical': {'user_x': 251.73492650962774, 'user_y': 458.4813741511706, 'user_direction': 0.4553386293499484}, 'virtual': {'user_x': 2071.7327822805155, 'user_y': 7037.238346155782, 'user_direction': -0.289933382498204}, 'user_v': 0, 'user_w': 0.1, 'delta_t': 0.02, 'need_reset': False}
Tangent angle: 0.3859712439437293, User angle: 0.4553386293499484, Offset angle: 0.5609934555429725
Target angle: 0.9469646994867018, distance: 318.30187381697164, angle diff: 0.4916260701367534, rotation direction: 1
Basic rotation angle: 0.0, rotation gain: 1.2764290951256731e-05
Rotation gain: 1.24, direction: 1, curvature radius: 2500000
{'type': 'running', 'physical': {'user_x': 251.73492650962774, 'user_y': 458.4813741511706, 'user_direction': 0.535983790640271}, 'virtual': {'user_x': 2071.7327822805155, 'user_y': 7037.238346155782, 'user_direction': -0.189933382498204}, 'user_v': 0, 'user_w': 0.1, 'delta_t': 0.02, 'need_reset': False}
Tangent angle: 0.3859712439437293, User angle: 0.535983790640271, Offset angle: 0.5609934555429725
Target angle: 0.9469646994867018, distance: 318.30187381697164, angle diff: 0.4109809088464308, rotation direction: 1
Basic rotation angle: 0.0, rotation gain: 2.2247956350412164e-05
Rotation gain: 1.24, direction: 1, curvature radius: 2500000
{'type': 'running', 'physical': {'user_x': 251.73492650962774, 'user_y': 458.4813741511706, 'user_direction': 0.6166289519305936}, 'virtual': {'user_x': 2071.7327822805155, 'user_y': 7037.238346155782, 'user_direction': -0.08993338249820398}, 'user_v': 0, 'user_w': 0.1, 'delta_t': 0.02, 'need_reset': False}
Tangent angle: 0.3859712439437293, User angle: 0.6166289519305936, Offset angle: 0.5609934555429725
Target angle: 0.9469646994867018, distance: 318.30187381697164, angle diff: 0.3303357475561082, rotation direction: 1
Basic rotation angle: 0.0, rotation gain: 3.0546163574673163e-05
Rotation gain: 1.24, direction: 1, curvature radius: 2500000
{'type': 'running', 'physical': {'user_x': 251.73492650962774, 'user_y': 458.4813741511706, 'user_direction': 0.6972741132209163}, 'virtual': {'user_x': 2071.7327822805155, 'user_y': 7037.238346155782, 'user_direction': 0.010066617501796021}, 'user_v': 0, 'user_w': 0.1, 'delta_t': 0.02, 'need_reset': False}
Tangent angle: 0.3859712439437293, User angle: 0.6972741132209163, Offset angle: 0.5609934555429725
Target angle: 0.9469646994867018, distance: 318.30187381697164, angle diff: 0.24969058626578555, rotation direction: 1
Basic rotation angle: 0.0, rotation gain: 3.780709489590154e-05
Rotation gain: 1.24, direction: 1, curvature radius: 2500000
{'type': 'running', 'physical': {'user_x': 251.73492650962774, 'user_y': 458.4813741511706, 'user_direction': 0.7779192745112389}, 'virtual': {'user_x': 2071.7327822805155, 'user_y': 7037.238346155782, 'user_direction': 0.11006661750179603}, 'user_v': 0, 'user_w': 0.1, 'delta_t': 0.02, 'need_reset': False}
Tangent angle: 0.3859712439437293, User angle: 0.7779192745112389, Offset angle: 0.5609934555429725
Target angle: 0.9469646994867018, distance: 318.30187381697164, angle diff: 0.16904542497546293, rotation direction: 1
Basic rotation angle: 0.0, rotation gain: 4.4160409801976374e-05
Rotation gain: 1.24, direction: 1, curvature radius: 2500000
{'type': 'running', 'physical': {'user_x': 251.73492650962774, 'user_y': 458.4813741511706, 'user_direction': 0.8585644358015615}, 'virtual': {'user_x': 2071.7327822805155, 'user_y': 7037.238346155782, 'user_direction': 0.21006661750179603}, 'user_v': 0, 'user_w': 0.1, 'delta_t': 0.02, 'need_reset': False}
Tangent angle: 0.3859712439437293, User angle: 0.8585644358015615, Offset angle: 0.5609934555429725
Target angle: 0.9469646994867018, distance: 318.30187381697164, angle diff: 0.08840026368514031, rotation direction: 1
Basic rotation angle: 0.0, rotation gain: 4.971956034479185e-05
Rotation gain: 1.24, direction: 1, curvature radius: 2500000
{'type': 'running', 'physical': {'user_x': 251.73492650962774, 'user_y': 458.4813741511706, 'user_direction': 0.9392095970918841}, 'virtual': {'user_x': 2071.7327822805155, 'user_y': 7037.238346155782, 'user_direction': 0.31006661750179604}, 'user_v': 0, 'user_w': 0.1, 'delta_t': 0.02, 'need_reset': False}
Tangent angle: 0.3859712439437293, User angle: 0.9392095970918841, Offset angle: 0.5609934555429725
Target angle: 0.9469646994867018, distance: 318.30187381697164, angle diff: 0.007755102394817692, rotation direction: 1
Basic rotation angle: 0.0, rotation gain: 5.458381706975539e-05
Rotation gain: 1.24, direction: 1, curvature radius: 2500000
{'type': 'running', 'physical': {'user_x': 251.73492650962774, 'user_y': 458.4813741511706, 'user_direction': 1.0198547583822066}, 'virtual': {'user_x': 2071.7327822805155, 'user_y': 7037.238346155782, 'user_direction': 0.41006661750179607}, 'user_v': 0, 'user_w': 0.1, 'delta_t': 0.02, 'need_reset': False}
Tangent angle: 0.3859712439437293, User angle: 1.0198547583822066, Offset angle: 0.5609934555429725
Target angle: 0.9469646994867018, distance: 318.30187381697164, angle diff: 0.07289005889550482, rotation direction: -1
Basic rotation angle: 0.0, rotation gain: 5.8840041704098493e-05
Rotation gain: 1.24, direction: -1, curvature radius: 2500000
{'type': 'running', 'physical': {'user_x': 251.73492650962774, 'user_y': 458.4813741511706, 'user_direction': 1.1004999196725291}, 'virtual': {'user_x': 2071.7327822805155, 'user_y': 7037.238346155782, 'user_direction': 0.510066617501796}, 'user_v': 0, 'user_w': 0.1, 'delta_t': 0.02, 'need_reset': False}
Tangent angle: 0.3859712439437293, User angle: 1.1004999196725291, Offset angle: 0.5609934555429725
Target angle: 0.9469646994867018, distance: 318.30187381697164, angle diff: 0.15353522018582733, rotation direction: -1
Basic rotation angle: 0.0, rotation gain: 6.25642382591487e-05
Rotation gain: 1.24, direction: -1, curvature radius: 2500000
{'type': 'running', 'physical': {'user_x': 251.73492650962774, 'user_y': 458.4813741511706, 'user_direction': 1.1811450809628516}, 'virtual': {'user_x': 2071.7327822805155, 'user_y': 7037.238346155782, 'user_direction': 0.6305731372644543}, 'user_v': 7.999999999999999, 'user_w': 0, 'delta_t': 0.02, 'need_reset': False}
Tangent angle: 0.3859712439437293, User angle: 1.1811450809628516, Offset angle: 0.5609934555429725
Target angle: 0.9469646994867018, distance: 318.30187381697164, angle diff: 0.23418038147614983, rotation direction: -1
Basic rotation angle: 1.693121693121693, rotation gain: 0.00038711976151863077
Rotation gain: 1.24, direction: -1, curvature radius: 7.5
{'type': 'running', 'physical': {'user_x': 251.73492650962774, 'user_y': 458.4813741511706, 'user_direction': 1.2617902422531742}, 'virtual': {'user_x': 2078.1942999989374, 'user_y': 7041.955208330419, 'user_direction': 0.6305731372644543}, 'user_v': 7.999999999999999, 'user_w': 0, 'delta_t': 0.02, 'need_reset': False}
Tangent angle: 0.3859712439437293, User angle: 1.2617902422531742, Offset angle: 0.5609934555429725
Target angle: 0.9469646994867018, distance: 318.30187381697164, angle diff: 0.31482554276647234, rotation direction: -1
Basic rotation angle: 1.693121693121693, rotation gain: 0.0006711058443706775
Rotation gain: 1.24, direction: -1, curvature radius: 7.5
{'type': 'running', 'physical': {'user_x': 253.79336429316015, 'user_y': 464.4876421402074, 'user_direction': 1.240626221089153}, 'virtual': {'user_x': 2084.6558177173592, 'user_y': 7046.672070505056, 'user_direction': 0.6305731372644561}, 'user_v': 7.999999999999999, 'user_w': 0, 'delta_t': 0.02, 'need_reset': False}
Tangent angle: 0.3730884049603511, User angle: 1.240626221089153, Offset angle: 0.5680011573890952
Target angle: 0.9410895623494463, distance: 313.40490382278483, angle diff: 0.2995366587397067, rotation direction: -1
Basic rotation angle: 1.693121693121693, rotation gain: 0.0009177285587002888
Rotation gain: 1.24, direction: -1, curvature radius: 7.5
{'type': 'running', 'physical': {'user_x': 255.97844838395187, 'user_y': 470.4490034596521, 'user_direction': 1.2194621999251318}, 'virtual': {'user_x': 2091.117335435781, 'user_y': 7051.3889326796925, 'user_direction': 0.6305731372644581}, 'user_v': 7.999999999999999, 'user_w': 0, 'delta_t': 0.02, 'need_reset': False}
Tangent angle: 0.360153528006804, User angle: 1.2194621999251318, Offset angle: 0.5752690125745761
Target angle: 0.9354225405813801, distance: 308.4384682248803, angle diff: 0.28403965934375175, rotation direction: -1
Basic rotation angle: 1.693121693121693, rotation gain: 0.001131720973065155
Rotation gain: 1.24, direction: -1, curvature radius: 7.5
{'type': 'running', 'physical': {'user_x': 258.28920008486415, 'user_y': 476.3627880212956, 'user_direction': 1.1982981787611107}, 'virtual': {'user_x': 2097.578853154203, 'user_y': 7056.105794854329, 'user_direction': 0.6305731372644603}, 'user_v': 7.999999999999999, 'user_w': 0, 'delta_t': 0.02, 'need_reset': False}
Tangent angle: 0.3471643091757297, User angle: 1.1982981787611107, Offset angle: 0.5828104289299079
Target angle: 0.9299747381056376, distance: 303.40143533692964, angle diff: 0.2683234406554731, rotation direction: -1
Basic rotation angle: 1.693121693121693, rotation gain: 0.001317228451092582
Rotation gain: 1.24, direction: -1, curvature radius: 7.5
{'type': 'running', 'physical': {'user_x': 260.7245844123521, 'user_y': 482.2263470465147, 'user_direction': 1.1771341575970895}, 'virtual': {'user_x': 2104.040370872625, 'user_y': 7060.822657028966, 'user_direction': 0.6305731372644627}, 'user_v': 7.999999999999999, 'user_w': 0, 'delta_t': 0.02, 'need_reset': False}
Tangent angle: 0.33411831449120033, User angle: 1.1771341575970895, Offset angle: 0.5906398465366288
Target angle: 0.9247581610278292, distance: 298.29254256883326, angle diff: 0.25237599656926035, rotation direction: -1
Basic rotation angle: 1.693121693121693, rotation gain: 0.0014778824094198203
Rotation gain: 1.24, direction: -1, curvature radius: 7.5
{'type': 'running', 'physical': {'user_x': 263.28351056003294, 'user_y': 488.0370542526573, 'user_direction': 1.1559701364330683}, 'virtual': {'user_x': 2110.5018885910467, 'user_y': 7065.539519203603, 'user_direction': 0.6305731372644654}, 'user_v': 7.999999999999999, 'user_w': 0, 'delta_t': 0.02, 'need_reset': False}
Tangent angle: 0.3210129704990985, User angle: 1.1559701364330683, Offset angle: 0.5987728448369586
Target angle: 0.9197858153360571, distance: 293.11038105327805, angle diff: 0.23618432109701126, rotation direction: -1
Basic rotation angle: 1.693121693121693, rotation gain: 0.0016168648869397092
Rotation gain: 1.24, direction: -1, curvature radius: 7.5
{'type': 'running', 'physical': {'user_x': 265.9648323872572, 'user_y': 493.79230702935206, 'user_direction': 1.1348061152690472}, 'virtual': {'user_x': 2116.963406309468, 'user_y': 7070.25638137824, 'user_direction': 0.6305731372644685}, 'user_v': 7.999999999999999, 'user_w': 0, 'delta_t': 0.02, 'need_reset': False}
Tangent angle: 0.30784555403923974, User angle: 1.1348061152690472, Offset angle: 0.6072262642800896
Target angle: 0.9150718183193294, distance: 287.8533780385781, angle diff: 0.2197342969497178, rotation direction: -1
Basic rotation angle: 1.693121693121693, rotation gain: 0.0017369650781685134
Rotation gain: 1.24, direction: -1, curvature radius: 7.5
{'type': 'running', 'physical': {'user_x': 268.76734893246396, 'user_y': 499.48952760421525, 'user_direction': 1.113642094105026}, 'virtual': {'user_x': 2123.4249240278896, 'user_y': 7074.973243552877, 'user_direction': 0.6305731372644697}, 'user_v': 7.999999999999999, 'user_w': 0, 'delta_t': 0.02, 'need_reset': False}
Tangent angle: 0.29461318111560164, User angle: 1.113642094105026, Offset angle: 0.6160183449964713
Target angle: 0.910631526112073, distance: 282.5197766430731, angle diff: 0.20301056799295303, rotation direction: -1
Basic rotation angle: 1.693121693121693, rotation gain: 0.0018406288401735431
Rotation gain: 1.24, direction: -1, curvature radius: 7.5
{'type': 'running', 'physical': {'user_x': 271.6898049510905, 'user_y': 505.1261641974325, 'user_direction': 1.0924780729410049}, 'virtual': {'user_x': 2129.886441746311, 'user_y': 7079.690105727514, 'user_direction': 0.6305731372644712}, 'user_v': 7.999999999999999, 'user_w': 0, 'delta_t': 0.02, 'need_reset': False}
Tangent angle: 0.2813127947712095, User angle: 1.0924780729410049, Offset angle: 0.6251688855164131
Target angle: 0.9064816802876227, distance: 277.10761247743727, angle diff: 0.1859963926533822, rotation direction: -1
Basic rotation angle: 1.693121693121693, rotation gain: 0.0019300020571924046
Rotation gain: 1.24, direction: -1, curvature radius: 7.5
{'type': 'running', 'physical': {'user_x': 274.73089147779496, 'user_y': 510.6996921646987, 'user_direction': 1.0713140517769837}, 'virtual': {'user_x': 2136.3479594647324, 'user_y': 7084.40696790215, 'user_direction': 0.6305731372644728}, 'user_v': 7.999999999999999, 'user_w': 0, 'delta_t': 0.02, 'need_reset': False}
Tangent angle: 0.26794115186310075, User angle: 1.0713140517769837, Offset angle: 0.6346994252073322
Target angle: 0.902640577070433, distance: 271.6146865291153, angle diff: 0.1686734747065507, rotation direction: -1
Basic rotation angle: 1.693121693121693, rotation gain: 0.00200696863762221
Rotation gain: 1.24, direction: -1, curvature radius: 7.5
{'type': 'running', 'physical': {'user_x': 277.8892464127411, 'user_y': 516.2076151280038, 'user_direction': 1.0501500306129625}, 'virtual': {'user_x': 2142.809477183154, 'user_y': 7089.123830076787, 'user_direction': 0.6305731372644747}, 'user_v': 7.999999999999999, 'user_w': 0, 'delta_t': 0.02, 'need_reset': False}
Tangent angle: 0.25449480862018925, User angle: 1.0501500306129625, Offset angle: 0.6446334549347559
Target angle: 0.8991282635549451, distance: 266.0385335606265, angle diff: 0.1510217670580174, rotation direction: -1
Basic rotation angle: 1.693121693121693, rotation gain: 0.002073183822523421
Rotation gain: 1.24, direction: -1, curvature radius: 7.5
{'type': 'running', 'physical': {'user_x': 281.16345513168125, 'user_y': 521.6474660937581, 'user_direction': 1.0289860094489414}, 'virtual': {'user_x': 2149.2709949015752, 'user_y': 7093.840692251424, 'user_direction': 0.630573137264477}, 'user_v': 7.999999999999999, 'user_w': 0, 'delta_t': 0.02, 'need_reset': False}
Tangent angle: 0.24097010485251236, User angle: 1.0289860094489414, Offset angle: 0.6549966615093696
Target angle: 0.895966766361882, distance: 260.37638509107586, angle diff: 0.13301924308705937, rotation direction: -1
Basic rotation angle: 1.693121693121693, rotation gain: 0.0021301034014933723
Rotation gain: 1.24, direction: -1, curvature radius: 7.5
{'type': 'running', 'physical': {'user_x': 284.5520511195653, 'user_y': 527.0168085577567, 'user_direction': 1.0078219882849202}, 'virtual': {'user_x': 2155.7325126199967, 'user_y': 7098.557554426061, 'user_direction': 0.6305731372644796}, 'user_v': 7.999999999999999, 'user_w': 0, 'delta_t': 0.02, 'need_reset': False}
Tangent angle: 0.22736314666402846, User angle: 1.0078219882849202, Offset angle: 0.6658172128390604
Target angle: 0.8931803595030888, distance: 254.62512579470334, angle diff: 0.11464162878183137, rotation direction: -1
Basic rotation angle: 1.693121693121693, rotation gain: 0.002179009359273145
Rotation gain: 1.24, direction: -1, curvature radius: 7.5
{'type': 'running', 'physical': {'user_x': 288.05351662739133, 'user_y': 532.313237596487, 'user_direction': 0.986657967120899}, 'virtual': {'user_x': 2162.194030338418, 'user_y': 7103.274416600698, 'user_direction': 0.6305731372644829}, 'user_v': 7.999999999999999, 'user_w': 0, 'delta_t': 0.02, 'need_reset': False}
Tangent angle: 0.21366978750255639, User angle: 0.986657967120899, Offset angle: 0.6771260924615217
Target angle: 0.890795879964078, distance: 248.78124184352572, angle diff: 0.09586208715682099, rotation direction: -1
Basic rotation angle: 1.693121693121693, rotation gain: 0.0022210324135213738
Rotation gain: 1.24, direction: -1, curvature radius: 7.5
{'type': 'running', 'physical': {'user_x': 291.66628335200414, 'user_y': 537.5343809442925, 'user_direction': 0.9654939459568779}, 'virtual': {'user_x': 2168.6555480568395, 'user_y': 7107.991278775336, 'user_direction': 0.630573137264487}, 'user_v': 7.999999999999999, 'user_w': 0, 'delta_t': 0.02, 'need_reset': False}
Tangent angle: 0.19988560735920036, User angle: 0.9654939459568779, Offset angle: 0.6889574944295755
Target angle: 0.8888431017887759, distance: 242.84075931766347, angle diff: 0.07665084416810197, rotation direction: -1
Basic rotation angle: 1.693121693121693, rotation gain: 0.0022571718497764307
Rotation gain: 1.24, direction: -1, curvature radius: 7.5
{'type': 'running', 'physical': {'user_x': 295.38873313853674, 'user_y': 542.6779000559072, 'user_direction': 0.9443299247928567}, 'virtual': {'user_x': 2175.117065775261, 'user_y': 7112.708140949972, 'user_direction': 0.6305731372644793}, 'user_v': 7.999999999999999, 'user_w': 0, 'delta_t': 0.02, 'need_reset': False}
Tangent angle: 0.18600588990533184, User angle: 0.9443299247928567, Offset angle: 0.7013492925552333
Target angle: 0.8873551824605651, distance: 236.7991702708144, angle diff: 0.056974742332291606, rotation direction: -1
Basic rotation angle: 1.693121693121693, rotation gain: 0.0022883130128763525
Rotation gain: 1.24, direction: -1, curvature radius: 7.5
{'type': 'running', 'physical': {'user_x': 299.21919870518025, 'user_y': 547.741491153889, 'user_direction': 0.9231659036288355}, 'virtual': {'user_x': 2181.5785834936823, 'user_y': 7117.425003124609, 'user_direction': 0.630573137264484}, 'user_v': 7.999999999999999, 'user_w': 0, 'delta_t': 0.02, 'need_reset': False}
Tangent angle: 0.17202559732735923, User angle: 0.9231659036288355, Offset angle: 0.7143436020715555
Target angle: 0.8863691993989147, distance: 230.65134331794584, angle diff: 0.036796704229920874, rotation direction: -1
Basic rotation angle: 1.693121693121693, rotation gain: 0.0023152427743412395
Rotation gain: 1.24, direction: -1, curvature radius: 7.5
{'type': 'running', 'physical': {'user_x': 303.1559643899581, 'user_y': 552.7228862604788, 'user_direction': 0.9020018824648144}, 'virtual': {'user_x': 2188.0401012121038, 'user_y': 7122.141865299247, 'user_direction': 0.6305731372644909}, 'user_v': 7.999999999999999, 'user_w': 0, 'delta_t': 0.02, 'need_reset': False}
Tangent angle: 0.15793934258758702, User angle: 0.9020018824648144, Offset angle: 0.7279874572521042
Target angle: 0.8859267998396912, distance: 224.39141463254657, angle diff: 0.016075082625123138, rotation direction: -1
Basic rotation angle: 1.693121693121693, rotation gain: 0.002338663261970325
Rotation gain: 1.24, direction: -1, curvature radius: 7.5
{'type': 'running', 'physical': {'user_x': 307.19726691916935, 'user_y': 557.6198542134262, 'user_direction': 0.8808378613007932}, 'virtual': {'user_x': 2194.501618930525, 'user_y': 7126.858727473884, 'user_direction': 0.6305731372644783}, 'user_v': 7.999999999999999, 'user_w': 0, 'delta_t': 0.02, 'need_reset': False}
Tangent angle: 0.14374135880271366, User angle: 0.8808378613007932, Offset angle: 0.7423336360375332
Target angle: 0.8860749948402469, distance: 218.0126538907671, angle diff: 0.005237133539453653, rotation direction: 1
Basic rotation angle: 1.693121693121693, rotation gain: 0.0023592041109153136
Rotation gain: 1.24, direction: 1, curvature radius: 7.5
{'type': 'running', 'physical': {'user_x': 311.1340326039472, 'user_y': 562.601249320016, 'user_direction': 0.9020018824648144}, 'virtual': {'user_x': 2200.9631366489466, 'user_y': 7131.575589648522, 'user_direction': 0.6305731372644877}, 'user_v': 7.999999999999999, 'user_w': 0, 'delta_t': 0.02, 'need_reset': False}
Tangent angle: 0.128751304674676, User angle: 0.9020018824648144, Offset angle: 0.7568460658180295
Target angle: 0.8855973704927055, distance: 211.75980183236155, angle diff: 0.016404511972108904, rotation direction: -1
Basic rotation angle: 1.693121693121693, rotation gain: 0.002377022895113024
Rotation gain: 1.24, direction: -1, curvature radius: 7.5
{'type': 'running', 'physical': {'user_x': 315.17533513315846, 'user_y': 567.4982172729633, 'user_direction': 0.8808378613007932}, 'virtual': {'user_x': 2207.4246543673685, 'user_y': 7136.292451823158, 'user_direction': 0.6305731372644611}, 'user_v': 7.999999999999999, 'user_w': 0, 'delta_t': 0.02, 'need_reset': False}
Tangent angle: 0.11362008058806472, User angle: 0.8808378613007932, Offset angle: 0.7721244154490257
Target angle: 0.8857444960370904, distance: 205.38124451113865, angle diff: 0.004906634736297155, rotation direction: 1
Basic rotation angle: 1.693121693121693, rotation gain: 0.002392661912526902
Rotation gain: 1.24, direction: 1, curvature radius: 7.5
{'type': 'running', 'physical': {'user_x': 319.1121008179363, 'user_y': 572.4796123795531, 'user_direction': 0.9020018824648144}, 'virtual': {'user_x': 2213.88617208579, 'user_y': 7141.009313997796, 'user_direction': 0.6305731372645047}, 'user_v': 7.999999999999999, 'user_w': 0, 'delta_t': 0.02, 'need_reset': False}
Tangent angle: 0.09766469796695221, User angle: 0.9020018824648144, Offset angle: 0.7875613406844362
Target angle: 0.8852260386513884, distance: 199.13659543562753, angle diff: 0.016775843813426006, rotation direction: -1
Basic rotation angle: 1.693121693121693, rotation gain: 0.0024061783711622066
Rotation gain: 1.24, direction: -1, curvature radius: 7.5
{'type': 'running', 'physical': {'user_x': 323.15340334714756, 'user_y': 577.3765803325005, 'user_direction': 0.8808378613007932}, 'virtual': {'user_x': 2214.0429244652482, 'user_y': 7141.123742124696, 'user_direction': 0.6305731372645047}, 'user_v': 0, 'user_w': 0.1, 'delta_t': 0.02, 'need_reset': False}
Tangent angle: 0.08153707499247265, User angle: 0.8808378613007932, Offset angle: 0.8038334929979704
Target angle: 0.885370567990443, distance: 192.75854636233112, angle diff: 0.004532706689649779, rotation direction: 1
Basic rotation angle: 0.0, rotation gain: 0.002115827606255019
Rotation gain: 1.24, direction: 1, curvature radius: 2500000
{'type': 'running', 'physical': {'user_x': 327.0901690319254, 'user_y': 582.3579754390903, 'user_direction': 0.9020018824648144}, 'virtual': {'user_x': 2214.0429244652482, 'user_y': 7141.123742124696, 'user_direction': 0.7305731372645047}, 'user_v': 0, 'user_w': 0.1, 'delta_t': 0.02, 'need_reset': False}
Tangent angle: 0.06455433055296433, User angle: 0.9020018824648144, Offset angle: 0.8202499664301149
Target angle: 0.8848042969830793, distance: 186.5235021910932, angle diff: 0.01719758548173511, rotation direction: -1
Basic rotation angle: 0.0, rotation gain: 0.0018617645813625002
Rotation gain: 1.24, direction: -1, curvature radius: 2500000
{'type': 'running', 'physical': {'user_x': 327.0901690319254, 'user_y': 582.3579754390903, 'user_direction': 0.982647043755137}, 'virtual': {'user_x': 2214.0429244652482, 'user_y': 7141.123742124696, 'user_direction': 0.8305731372645047}, 'user_v': 0, 'user_w': 0.1, 'delta_t': 0.02, 'need_reset': False}
Tangent angle: 0.06455433055296433, User angle: 0.982647043755137, Offset angle: 0.8202499664301149
Target angle: 0.8848042969830793, distance: 186.5235021910932, angle diff: 0.09784274677205773, rotation direction: -1
Basic rotation angle: 0.0, rotation gain: 0.001639459434581546
Rotation gain: 1.24, direction: -1, curvature radius: 2500000
{'type': 'running', 'physical': {'user_x': 327.0901690319254, 'user_y': 582.3579754390903, 'user_direction': 1.0632922050454596}, 'virtual': {'user_x': 2214.0429244652482, 'user_y': 7141.123742124696, 'user_direction': 0.9305731372645046}, 'user_v': 0, 'user_w': 0.1, 'delta_t': 0.02, 'need_reset': False}
Tangent angle: 0.06455433055296433, User angle: 1.0632922050454596, Offset angle: 0.8202499664301149
Target angle: 0.8848042969830793, distance: 186.5235021910932, angle diff: 0.17848790806238035, rotation direction: -1
Basic rotation angle: 0.0, rotation gain: 0.0014449424311482114
Rotation gain: 1.24, direction: -1, curvature radius: 2500000
{'type': 'running', 'physical': {'user_x': 327.0901690319254, 'user_y': 582.3579754390903, 'user_direction': 1.1439373663357821}, 'virtual': {'user_x': 2214.0429244652482, 'user_y': 7141.123742124696, 'user_direction': 1.0305731372645046}, 'user_v': 0, 'user_w': 0.1, 'delta_t': 0.02, 'need_reset': False}
Tangent angle: 0.06455433055296433, User angle: 1.1439373663357821, Offset angle: 0.8202499664301149
Target angle: 0.8848042969830793, distance: 186.5235021910932, angle diff: 0.25913306935270286, rotation direction: -1
Basic rotation angle: 0.0, rotation gain: 0.0012747400531440433
Rotation gain: 1.24, direction: -1, curvature radius: 2500000
{'type': 'running', 'physical': {'user_x': 327.0901690319254, 'user_y': 582.3579754390903, 'user_direction': 1.2245825276261046}, 'virtual': {'user_x': 2214.0429244652482, 'user_y': 7141.123742124696, 'user_direction': 1.1305731372645047}, 'user_v': 0, 'user_w': 0.1, 'delta_t': 0.02, 'need_reset': False}
Tangent angle: 0.06455433055296433, User angle: 1.2245825276261046, Offset angle: 0.8202499664301149
Target angle: 0.8848042969830793, distance: 186.5235021910932, angle diff: 0.33977823064302537, rotation direction: -1
Basic rotation angle: 0.0, rotation gain: 0.0011258129723903964
Rotation gain: 1.24, direction: -1, curvature radius: 2500000
{'type': 'running', 'physical': {'user_x': 327.0901690319254, 'user_y': 582.3579754390903, 'user_direction': 1.3052276889164272}, 'virtual': {'user_x': 2214.0429244652482, 'user_y': 7141.123742124696, 'user_direction': 1.2305731372645048}, 'user_v': 0, 'user_w': 0.1, 'delta_t': 0.02, 'need_reset': False}
Tangent angle: 0.06455433055296433, User angle: 1.3052276889164272, Offset angle: 0.8202499664301149
Target angle: 0.8848042969830793, distance: 186.5235021910932, angle diff: 0.4204233919333479, rotation direction: -1
Basic rotation angle: 0.0, rotation gain: 0.0009955017767309554
Rotation gain: 1.24, direction: -1, curvature radius: 2500000
{'type': 'running', 'physical': {'user_x': 327.0901690319254, 'user_y': 582.3579754390903, 'user_direction': 1.3858728502067497}, 'virtual': {'user_x': 2214.0429244652482, 'user_y': 7141.123742124696, 'user_direction': 1.3305731372645049}, 'user_v': 0, 'user_w': 0.1, 'delta_t': 0.02, 'need_reset': False}
Tangent angle: 0.06455433055296433, User angle: 1.3858728502067497, Offset angle: 0.8202499664301149
Target angle: 0.8848042969830793, distance: 186.5235021910932, angle diff: 0.5010685532236704, rotation direction: -1
Basic rotation angle: 0.0, rotation gain: 0.0008814794805289446
Rotation gain: 1.24, direction: -1, curvature radius: 2500000
{'type': 'running', 'physical': {'user_x': 327.0901690319254, 'user_y': 582.3579754390903, 'user_direction': 1.4665180114970722}, 'virtual': {'user_x': 2214.0429244652482, 'user_y': 7141.123742124696, 'user_direction': 1.430573137264505}, 'user_v': 0, 'user_w': 0.1, 'delta_t': 0.02, 'need_reset': False}
Tangent angle: 0.06455433055296433, User angle: 1.4665180114970722, Offset angle: 0.8202499664301149
Target angle: 0.8848042969830793, distance: 186.5235021910932, angle diff: 0.5817137145139929, rotation direction: -1
Basic rotation angle: 0.0, rotation gain: 0.000781709971352185
Rotation gain: 1.24, direction: -1, curvature radius: 2500000
{'type': 'running', 'physical': {'user_x': 327.0901690319254, 'user_y': 582.3579754390903, 'user_direction': 1.5471631727873947}, 'virtual': {'user_x': 2214.0429244652482, 'user_y': 7141.123742124696, 'user_direction': 1.530573137264505}, 'user_v': 0, 'user_w': 0.1, 'delta_t': 0.02, 'need_reset': False}
Tangent angle: 0.06455433055296433, User angle: 1.5471631727873947, Offset angle: 0.8202499664301149
Target angle: 0.8848042969830793, distance: 186.5235021910932, angle diff: 0.6623588758043154, rotation direction: -1
Basic rotation angle: 0.0, rotation gain: 0.0006944116508225205
Rotation gain: 1.24, direction: -1, curvature radius: 2500000
{'type': 'running', 'physical': {'user_x': 327.0901690319254, 'user_y': 582.3579754390903, 'user_direction': 1.6278083340777172}, 'virtual': {'user_x': 2214.0429244652482, 'user_y': 7141.123742124696, 'user_direction': 1.6305731372645051}, 'user_v': 0, 'user_w': 0.1, 'delta_t': 0.02, 'need_reset': False}
Tangent angle: 0.06455433055296433, User angle: 1.6278083340777172, Offset angle: 0.8202499664301149
Target angle: 0.8848042969830793, distance: 186.5235021910932, angle diff: 0.7430040370946379, rotation direction: -1
Basic rotation angle: 0.0, rotation gain: 0.0006180256203590639
Rotation gain: 1.24, direction: -1, curvature radius: 2500000
{'type': 'running', 'physical': {'user_x': 327.0901690319254, 'user_y': 582.3579754390903, 'user_direction': 1.7084534953680397}, 'virtual': {'user_x': 2214.0429244652482, 'user_y': 7141.123742124696, 'user_direction': 1.7305731372645052}, 'user_v': 0, 'user_w': 0.1, 'delta_t': 0.02, 'need_reset': False}
Tangent angle: 0.06455433055296433, User angle: 1.7084534953680397, Offset angle: 0.8202499664301149
Target angle: 0.8848042969830793, distance: 186.5235021910932, angle diff: 0.8236491983849604, rotation direction: -1
Basic rotation angle: 0.0, rotation gain: 0.0005511878437035395
Rotation gain: 1.24, direction: -1, curvature radius: 2500000
{'type': 'running', 'physical': {'user_x': 327.0901690319254, 'user_y': 582.3579754390903, 'user_direction': 1.7890986566583622}, 'virtual': {'user_x': 2214.0429244652482, 'user_y': 7141.123742124696, 'user_direction': 1.8305731372645053}, 'user_v': 0, 'user_w': 0.1, 'delta_t': 0.02, 'need_reset': False}
Tangent angle: 0.06455433055296433, User angle: 1.7890986566583622, Offset angle: 0.8202499664301149
Target angle: 0.8848042969830793, distance: 186.5235021910932, angle diff: 0.9042943596752829, rotation direction: -1
Basic rotation angle: 0.0, rotation gain: 0.0004927047891299556
Rotation gain: 1.24, direction: -1, curvature radius: 2500000
{'type': 'running', 'physical': {'user_x': 327.0901690319254, 'user_y': 582.3579754390903, 'user_direction': 1.8697438179486847}, 'virtual': {'user_x': 2214.0429244652482, 'user_y': 7141.123742124696, 'user_direction': 1.9305731372645054}, 'user_v': 0, 'user_w': 0.1, 'delta_t': 0.02, 'need_reset': False}
Tangent angle: 0.06455433055296433, User angle: 1.8697438179486847, Offset angle: 0.8202499664301149
Target angle: 0.8848042969830793, distance: 186.5235021910932, angle diff: 0.9849395209656054, rotation direction: -1
Basic rotation angle: 0.0, rotation gain: 0.0004415321163780697
Rotation gain: 1.24, direction: -1, curvature radius: 2500000
{'type': 'running', 'physical': {'user_x': 327.0901690319254, 'user_y': 582.3579754390903, 'user_direction': 1.9503889792390072}, 'virtual': {'user_x': 2214.0429244652482, 'user_y': 7141.123742124696, 'user_direction': 2.0305731372645055}, 'user_v': 0, 'user_w': 0.1, 'delta_t': 0.02, 'need_reset': False}
Tangent angle: 0.06455433055296433, User angle: 1.9503889792390072, Offset angle: 0.8202499664301149
Target angle: 0.8848042969830793, distance: 186.5235021910932, angle diff: 1.065584682255928, rotation direction: -1
Basic rotation angle: 0.0, rotation gain: 0.00039675602772016954
Rotation gain: 1.24, direction: -1, curvature radius: 2500000
{'type': 'running', 'physical': {'user_x': 327.0901690319254, 'user_y': 582.3579754390903, 'user_direction': 2.03103414052933}, 'virtual': {'user_x': 2214.0429244652482, 'user_y': 7141.123742124696, 'user_direction': 2.1305731372645056}, 'user_v': 0, 'user_w': 0.1, 'delta_t': 0.02, 'need_reset': False}
Tangent angle: 0.06455433055296433, User angle: 2.03103414052933, Offset angle: 0.8202499664301149
Target angle: 0.8848042969830793, distance: 186.5235021910932, angle diff: 1.1462298435462506, rotation direction: -1
Basic rotation angle: 0.0, rotation gain: 0.0003575769501445069
Rotation gain: 1.24, direction: -1, curvature radius: 2500000
{'type': 'running', 'physical': {'user_x': 327.0901690319254, 'user_y': 582.3579754390903, 'user_direction': 2.1116793018196525}, 'virtual': {'user_x': 2214.0429244652482, 'user_y': 7141.123742124696, 'user_direction': 2.2305731372645057}, 'user_v': 0, 'user_w': 0.1, 'delta_t': 0.02, 'need_reset': False}
Tangent angle: 0.06455433055296433, User angle: 2.1116793018196525, Offset angle: 0.8202499664301149
Target angle: 0.8848042969830793, distance: 186.5235021910932, angle diff: 1.226875004836573, rotation direction: -1
Basic rotation angle: 0.0, rotation gain: 0.00032329525726580206
Rotation gain: 1.24, direction: -1, curvature radius: 2500000
{'type': 'running', 'physical': {'user_x': 327.0901690319254, 'user_y': 582.3579754390903, 'user_direction': 2.192324463109975}, 'virtual': {'user_x': 2214.0429244652482, 'user_y': 7141.123742124696, 'user_direction': 2.3305731372645058}, 'user_v': 0, 'user_w': 0.1, 'delta_t': 0.02, 'need_reset': False}
Tangent angle: 0.06455433055296433, User angle: 2.192324463109975, Offset angle: 0.8202499664301149
Target angle: 0.8848042969830793, distance: 186.5235021910932, angle diff: 1.3075201661268956, rotation direction: -1
Basic rotation angle: 0.0, rotation gain: 0.0002932987759969354
Rotation gain: 1.24, direction: -1, curvature radius: 2500000
{'type': 'running', 'physical': {'user_x': 327.0901690319254, 'user_y': 582.3579754390903, 'user_direction': 2.2729696244002975}, 'virtual': {'user_x': 2214.0429244652482, 'user_y': 7141.123742124696, 'user_direction': 2.430573137264506}, 'user_v': 0, 'user_w': 0.1, 'delta_t': 0.02, 'need_reset': False}
Tangent angle: 0.06455433055296433, User angle: 2.2729696244002975, Offset angle: 0.8202499664301149
Target angle: 0.8848042969830793, distance: 186.5235021910932, angle diff: 1.388165327417218, rotation direction: -1
Basic rotation angle: 0.0, rotation gain: 0.000267051854886677
Rotation gain: 1.24, direction: -1, curvature radius: 2500000
{'type': 'running', 'physical': {'user_x': 327.0901690319254, 'user_y': 582.3579754390903, 'user_direction': 2.35361478569062}, 'virtual': {'user_x': 2214.0429244652482, 'user_y': 7141.123742124696, 'user_direction': 2.530573137264506}, 'user_v': 0, 'user_w': 0.1, 'delta_t': 0.02, 'need_reset': False}
Tangent angle: 0.06455433055296433, User angle: 2.35361478569062, Offset angle: 0.8202499664301149
Target angle: 0.8848042969830793, distance: 186.5235021910932, angle diff: 1.4688104887075406, rotation direction: -1
Basic rotation angle: 0.0, rotation gain: 0.0002440857989152009
Rotation gain: 1.24, direction: -1, curvature radius: 2500000
{'type': 'running', 'physical': {'user_x': 327.0901690319254, 'user_y': 582.3579754390903, 'user_direction': 2.4342599469809425}, 'virtual': {'user_x': 2214.0429244652482, 'user_y': 7141.123742124696, 'user_direction': 2.630573137264506}, 'user_v': 0, 'user_w': 0.1, 'delta_t': 0.02, 'need_reset': False}
Tangent angle: 0.06455433055296433, User angle: 2.4342599469809425, Offset angle: 0.8202499664301149
Target angle: 0.8848042969830793, distance: 186.5235021910932, angle diff: 1.5494556499978631, rotation direction: -1
Basic rotation angle: 0.0, rotation gain: 0.00022399049994015931
Rotation gain: 1.24, direction: -1, curvature radius: 2500000
{'type': 'running', 'physical': {'user_x': 327.0901690319254, 'user_y': 582.3579754390903, 'user_direction': 2.514905108271265}, 'virtual': {'user_x': 2214.0429244652482, 'user_y': 7141.123742124696, 'user_direction': 2.730573137264506}, 'user_v': 0, 'user_w': 0.1, 'delta_t': 0.02, 'need_reset': False}
Tangent angle: 0.06455433055296433, User angle: 2.514905108271265, Offset angle: 0.8202499664301149
Target angle: 0.8848042969830793, distance: 186.5235021910932, angle diff: 1.6301008112881856, rotation direction: -1
Basic rotation angle: 0.0, rotation gain: 0.00020640711333699794
Rotation gain: 1.24, direction: -1, curvature radius: 2500000
{'type': 'running', 'physical': {'user_x': 327.0901690319254, 'user_y': 582.3579754390903, 'user_direction': 2.5955502695615875}, 'virtual': {'user_x': 2214.0429244652482, 'user_y': 7141.123742124696, 'user_direction': 2.830573137264506}, 'user_v': 0, 'user_w': 0.1, 'delta_t': 0.02, 'need_reset': False}
Tangent angle: 0.06455433055296433, User angle: 2.5955502695615875, Offset angle: 0.8202499664301149
Target angle: 0.8848042969830793, distance: 186.5235021910932, angle diff: 1.7107459725785081, rotation direction: -1
Basic rotation angle: 0.0, rotation gain: 0.00019102165005923172
Rotation gain: 1.24, direction: -1, curvature radius: 2500000
{'type': 'running', 'physical': {'user_x': 327.0901690319254, 'user_y': 582.3579754390903, 'user_direction': 2.67619543085191}, 'virtual': {'user_x': 2214.0429244652482, 'user_y': 7141.123742124696, 'user_direction': 2.9305731372645063}, 'user_v': 0, 'user_w': 0.1, 'delta_t': 0.02, 'need_reset': False}
Tangent angle: 0.06455433055296433, User angle: 2.67619543085191, Offset angle: 0.8202499664301149
Target angle: 0.8848042969830793, distance: 186.5235021910932, angle diff: 1.7913911338688306, rotation direction: -1
Basic rotation angle: 0.0, rotation gain: 0.00017755936969118629
Rotation gain: 1.24, direction: -1, curvature radius: 2500000
{'type': 'running', 'physical': {'user_x': 327.0901690319254, 'user_y': 582.3579754390903, 'user_direction': 2.7568405921422325}, 'virtual': {'user_x': 2214.0429244652482, 'user_y': 7141.123742124696, 'user_direction': 3.0305731372645064}, 'user_v': 0, 'user_w': 0.1, 'delta_t': 0.02, 'need_reset': False}
Tangent angle: 0.06455433055296433, User angle: 2.7568405921422325, Offset angle: 0.8202499664301149
Target angle: 0.8848042969830793, distance: 186.5235021910932, angle diff: 1.8720362951591532, rotation direction: -1
Basic rotation angle: 0.0, rotation gain: 0.00016577987436914652
Rotation gain: 1.24, direction: -1, curvature radius: 2500000
{'type': 'running', 'physical': {'user_x': 327.0901690319254, 'user_y': 582.3579754390903, 'user_direction': 2.837485753432555}, 'virtual': {'user_x': 2214.0429244652482, 'user_y': 7141.123742124696, 'user_direction': 3.1305731372645065}, 'user_v': 0, 'user_w': 0.1, 'delta_t': 0.02, 'need_reset': False}
Tangent angle: 0.06455433055296433, User angle: 2.837485753432555, Offset angle: 0.8202499664301149
Target angle: 0.8848042969830793, distance: 186.5235021910932, angle diff: 1.9526814564494757, rotation direction: -1
Basic rotation angle: 0.0, rotation gain: 0.00015547281596236173
Rotation gain: 1.24, direction: -1, curvature radius: 2500000
{'type': 'running', 'physical': {'user_x': 327.0901690319254, 'user_y': 582.3579754390903, 'user_direction': 2.9181309147228776}, 'virtual': {'user_x': 2214.0429244652482, 'user_y': 7141.123742124696, 'user_direction': -3.0526121699150797}, 'user_v': 0, 'user_w': 0.1, 'delta_t': 0.02, 'need_reset': False}
Tangent angle: 0.06455433055296433, User angle: 2.9181309147228776, Offset angle: 0.8202499664301149
Target angle: 0.8848042969830793, distance: 186.5235021910932, angle diff: 2.033326617739798, rotation direction: -1
Basic rotation angle: 0.0, rotation gain: 0.00014645413985642504
Rotation gain: 1.24, direction: -1, curvature radius: 2500000
{'type': 'running', 'physical': {'user_x': 327.0901690319254, 'user_y': 582.3579754390903, 'user_direction': 2.9987760760132}, 'virtual': {'user_x': 2214.0429244652482, 'user_y': 7141.123742124696, 'user_direction': -2.8973127382623844}, 'user_v': 7.999999999999999, 'user_w': 0, 'delta_t': 0.02, 'need_reset': False}
Tangent angle: 0.06455433055296433, User angle: 2.9987760760132, Offset angle: 0.8202499664301149
Target angle: 0.8848042969830793, distance: 186.5235021910932, angle diff: 2.1139717790301207, rotation direction: -1
Basic rotation angle: 1.693121693121693, rotation gain: 0.00044061014905512813
Rotation gain: 1.24, direction: -1, curvature radius: 7.5
{'type': 'running', 'physical': {'user_x': 327.0901690319254, 'user_y': 582.3579754390903, 'user_direction': 3.0794212373035226}, 'virtual': {'user_x': 2206.280430589004, 'user_y': 7139.188880677132, 'user_direction': -2.8973127382623844}, 'user_v': 7.999999999999999, 'user_w': 0, 'delta_t': 0.02, 'need_reset': False}
Tangent angle: 0.06455433055296433, User angle: 3.0794212373035226, Offset angle: 0.8202499664301149
Target angle: 0.8848042969830793, distance: 186.5235021910932, angle diff: 2.194616940320443, rotation direction: -1
Basic rotation angle: 1.693121693121693, rotation gain: 0.0006979966571039934
Rotation gain: 1.24, direction: -1, curvature radius: 7.5
{'type': 'running', 'physical': {'user_x': 320.76299689504833, 'user_y': 582.886477109029, 'user_direction': 3.058257216139501}, 'virtual': {'user_x': 2198.51793671276, 'user_y': 7137.254019229568, 'user_direction': -2.8973127382623813}, 'user_v': 7.999999999999999, 'user_w': 0, 'delta_t': 0.02, 'need_reset': False}
Tangent angle: 0.061210170455570534, User angle: 3.058257216139501, Offset angle: 0.7964755237034385
Target angle: 0.8576856941590091, distance: 195.6174239907442, angle diff: 2.200571521980492, rotation direction: -1
Basic rotation angle: 1.693121693121693, rotation gain: 0.0009144012033978941
Rotation gain: 1.24, direction: -1, curvature radius: 7.5
{'type': 'running', 'physical': {'user_x': 314.4484261109791, 'user_y': 583.548758829886, 'user_direction': 3.03709319497548}, 'virtual': {'user_x': 2190.7554428365156, 'user_y': 7135.3191577820035, 'user_direction': -2.897312738262378}, 'user_v': 7.999999999999999, 'user_w': 0, 'delta_t': 0.02, 'need_reset': False}
Tangent angle: 0.05754853903759516, User angle: 3.03709319497548, Offset angle: 0.7743329828743184
Target angle: 0.8318815219119136, distance: 204.47578019544082, angle diff: 2.205211673063566, rotation direction: -1
Basic rotation angle: 1.693121693121693, rotation gain: 0.0010953078525809058
Rotation gain: 1.24, direction: -1, curvature radius: 7.5
{'type': 'running', 'physical': {'user_x': 308.1492849701185, 'user_y': 584.3445239662923, 'user_direction': 3.0159291738114584}, 'virtual': {'user_x': 2182.9929489602714, 'user_y': 7133.38429633444, 'user_direction': -2.897312738262382}, 'user_v': 7.999999999999999, 'user_w': 0, 'delta_t': 0.02, 'need_reset': False}
Tangent angle: 0.05359070592593396, User angle: 3.0159291738114584, Offset angle: 0.7536406231194794
Target angle: 0.8072313290454134, distance: 213.12422150777488, angle diff: 2.208697844766045, rotation direction: -1
Basic rotation angle: 1.693121693121693, rotation gain: 0.0012454735034136614
Rotation gain: 1.24, direction: -1, curvature radius: 7.5
{'type': 'running', 'physical': {'user_x': 301.8683948519445, 'user_y': 585.273416095781, 'user_direction': 2.994765152647437}, 'virtual': {'user_x': 2175.230455084027, 'user_y': 7131.449434886875, 'user_direction': -2.897312738262378}, 'user_v': 7.999999999999999, 'user_w': 0, 'delta_t': 0.02, 'need_reset': False}
Tangent angle: 0.049356135289365, User angle: 2.994765152647437, Offset angle: 0.7342461599472763
Target angle: 0.7836022952366413, distance: 221.58367778707003, angle diff: 2.2111628574107955, rotation direction: -1
Basic rotation angle: 1.693121693121693, rotation gain: 0.0013690256468430698
Rotation gain: 1.24, direction: -1, curvature radius: 7.5
{'type': 'running', 'physical': {'user_x': 295.60856896131884, 'user_y': 586.3350191684285, 'user_direction': 2.9736011314834156}, 'virtual': {'user_x': 2167.467961207783, 'user_y': 7129.514573439311, 'user_direction': -2.8973127382623822}, 'user_v': 7.999999999999999, 'user_w': 0, 'delta_t': 0.02, 'need_reset': False}
Tangent angle: 0.04486266878647527, User angle: 2.9736011314834156, Offset angle: 0.7160204669499748
Target angle: 0.7608831357364501, distance: 229.8714314370174, angle diff: 2.2127179957469654, rotation direction: -1
Basic rotation angle: 1.693121693121693, rotation gain: 0.0014695464378806878
Rotation gain: 1.24, direction: -1, curvature radius: 7.5
{'type': 'running', 'physical': {'user_x': 289.3726110684552, 'user_y': 587.5288576932026, 'user_direction': 2.9524371103193943}, 'virtual': {'user_x': 2159.705467331539, 'user_y': 7127.579711991746, 'user_direction': -2.897312738262378}, 'user_v': 7.999999999999999, 'user_w': 0, 'delta_t': 0.02, 'need_reset': False}
Tangent angle: 0.04012668733694946, User angle: 2.9524371103193943, Offset angle: 0.6988529382407214
Target angle: 0.7389796255776708, distance: 238.00189945642362, angle diff: 2.213457484741723, rotation direction: -1
Basic rotation angle: 1.693121693121693, rotation gain: 0.0015501451737061013
Rotation gain: 1.24, direction: -1, curvature radius: 7.5
{'type': 'running', 'physical': {'user_x': 283.1633142531134, 'user_y': 588.8543969509345, 'user_direction': 2.931273089155373}, 'virtual': {'user_x': 2151.9429734552946, 'user_y': 7125.644850544182, 'user_direction': -2.897312738262383}, 'user_v': 7.999999999999999, 'user_w': 0, 'delta_t': 0.02, 'need_reset': False}
Tangent angle: 0.035163254429409374, User angle: 2.931273089155373, Offset angle: 0.6826479921153898
Target angle: 0.7178112465447992, distance: 245.98721491654544, angle diff: 2.213461842610574, rotation direction: -1
Basic rotation angle: 1.693121693121693, rotation gain: 0.0016135208933667868
Rotation gain: 1.24, direction: -1, curvature radius: 7.5
{'type': 'running', 'physical': {'user_x': 276.9834596535812, 'user_y': 590.3110432338195, 'user_direction': 2.9101090679913515}, 'virtual': {'user_x': 2144.1804795790504, 'user_y': 7123.709989096617, 'user_direction': -2.897312738262378}, 'user_v': 7.999999999999999, 'user_w': 0, 'delta_t': 0.02, 'need_reset': False}
Tangent angle: 0.02998624330449351, User angle: 2.9101090679913515, Offset angle: 0.6673223876212966
Target angle: 0.6973086309257901, distance: 253.83766706418203, angle diff: 2.212800437065561, rotation direction: -1
Basic rotation angle: 1.693121693121693, rotation gain: 0.001662016523880827
Rotation gain: 1.24, direction: -1, curvature radius: 7.5
{'type': 'running', 'physical': {'user_x': 270.8358152210052, 'user_y': 591.8981441113378, 'user_direction': 2.88894504682733}, 'virtual': {'user_x': 2136.417985702806, 'user_y': 7121.7751276490535, 'user_direction': -2.897312738262385}, 'user_v': 7.999999999999999, 'user_w': 0, 'delta_t': 0.02, 'need_reset': False}
Tangent angle: 0.024608450031553986, User angle: 2.88894504682733, Offset angle: 0.6528031323889701
Target angle: 0.6774115824205241, distance: 261.5620396962466, angle diff: 2.211533464406806, rotation direction: -1
Basic rotation angle: 1.693121693121693, rotation gain: 0.0016976657679019201
Rotation gain: 1.24, direction: -1, curvature radius: 7.5
{'type': 'running', 'physical': {'user_x': 264.7231344796281, 'user_y': 593.6149887224776, 'user_direction': 2.8677810256633087}, 'virtual': {'user_x': 2128.655491826562, 'user_y': 7119.840266201489, 'user_direction': -2.897312738262378}, 'user_v': 7.999999999999999, 'user_w': 0, 'delta_t': 0.02, 'need_reset': False}
Tangent angle: 0.01904169422328872, User angle: 2.8677810256633087, Offset angle: 0.6390258285425534
Target angle: 0.6580675227658421, distance: 269.1678749817289, angle diff: 2.2097135028974666, rotation direction: -1
Basic rotation angle: 1.693121693121693, rotation gain: 0.0017222337429951995
Rotation gain: 1.24, direction: -1, curvature radius: 7.5
{'type': 'running', 'physical': {'user_x': 258.64815529348766, 'user_y': 595.4608080941289, 'user_direction': 2.8466170044992873}, 'virtual': {'user_x': 2120.8929979503177, 'user_y': 7117.905404753925, 'user_direction': -2.8973127382623867}, 'user_v': 7.999999999999999, 'user_w': 0, 'delta_t': 0.02, 'need_reset': False}
Tangent angle: 0.013296908898000837, User angle: 2.8466170044992873, Offset angle: 0.6259333485865716
Target angle: 0.6392302574845724, distance: 276.66168174811855, angle diff: 2.207386747014715, rotation direction: -1
Basic rotation angle: 1.693121693121693, rotation gain: 0.001737252231053218
Rotation gain: 1.24, direction: -1, curvature radius: 7.5
{'type': 'running', 'physical': {'user_x': 252.61359864013014, 'user_y': 597.4347754855062, 'user_direction': 2.825452983335266}, 'virtual': {'user_x': 2113.1305040740735, 'user_y': 7115.97054330636, 'user_direction': -2.8973127382623782}, 'user_v': 7.999999999999999, 'user_w': 0, 'delta_t': 0.02, 'need_reset': False}
Tangent angle: 0.007384220798106078, User angle: 2.825452983335266, Offset angle: 0.6134747635440532
Target angle: 0.6208589843421592, distance: 284.04910178800134, angle diff: 2.204593998993107, rotation direction: -1
Basic rotation angle: 1.693121693121693, rotation gain: 0.0017440502708637585
Rotation gain: 1.24, direction: -1, curvature radius: 7.5
{'type': 'running', 'physical': {'user_x': 246.6221673918867, 'user_y': 599.5360067584446, 'user_direction': 2.8042889621712446}, 'virtual': {'user_x': 2105.3680101978293, 'user_y': 7114.035681858796, 'user_direction': -2.897312738262391}, 'user_v': 7.999999999999999, 'user_w': 0, 'delta_t': 0.02, 'need_reset': False}
Tangent angle: 0.0013130223010455744, User angle: 2.8042889621712446, Offset angle: 0.6016044665156013
Target angle: 0.6029174888166469, distance: 291.3350440103901, angle diff: 2.2013714733545977, rotation direction: -1
Basic rotation angle: 1.693121693121693, rotation gain: 0.0017437807218823188
Rotation gain: 1.24, direction: -1, curvature radius: 7.5
{'type': 'running', 'physical': {'user_x': 240.67654510525963, 'user_y': 601.7635607734048, 'user_direction': 2.783124941007223}, 'virtual': {'user_x': 2097.605516321585, 'user_y': 7112.100820411231, 'user_direction': -2.8973127382623782}, 'user_v': 7.999999999999999, 'user_w': 0, 'delta_t': 0.02, 'need_reset': False}
Tangent angle: 6.2782773430901955, User angle: 2.783124941007223, Offset angle: 0.5902814494704638
Target angle: 0.5853734853810728, distance: 298.52379366491715, angle diff: 2.1977514556261504, rotation direction: -1
Basic rotation angle: 1.693121693121693, rotation gain: 0.0017374433388428524
Rotation gain: 1.24, direction: -1, curvature radius: 7.5
{'type': 'running', 'physical': {'user_x': 234.77939481895967, 'user_y': 604.1164398110085, 'user_direction': 2.761960919843202}, 'virtual': {'user_x': 2089.843022445341, 'user_y': 7110.165958963667, 'user_direction': -2.897312738262403}, 'user_v': 7.999999999999999, 'user_w': 0, 'delta_t': 0.02, 'need_reset': False}
Tangent angle: 6.271914679368883, User angle: 2.761960919843202, Offset angle: 0.5794687015145449
Target angle: 0.568198073703841, distance: 305.6191020298355, angle diff: 2.193762846139361, rotation direction: -1
Basic rotation angle: 1.693121693121693, rotation gain: 0.0017259048219156303
Rotation gain: 1.24, direction: -1, curvature radius: 7.5
{'type': 'running', 'physical': {'user_x': 228.93335786113363, 'user_y': 606.5935900189156, 'user_direction': 2.7407968986791804}, 'virtual': {'user_x': 2082.0805285690967, 'user_y': 7108.231097516104, 'user_direction': -2.8973127382623787}, 'user_v': 7.999999999999999, 'user_w': 0, 'delta_t': 0.02, 'need_reset': False}
Tangent angle: 6.2654178890622045, User angle: 2.7407968986791804, Offset angle: 0.5691327044307001
Target angle: 0.5513652863133185, distance: 312.62426063495303, angle diff: 2.189431612365862, rotation direction: -1
Basic rotation angle: 1.693121693121693, rotation gain: 0.001709916243332552
Rotation gain: 1.24, direction: -1, curvature radius: 7.5
{'type': 'running', 'physical': {'user_x': 223.14105266631583, 'user_y': 609.1939018838443, 'user_direction': 2.719632877515159}, 'virtual': {'user_x': 2080.1788550004662, 'user_y': 7107.7570907171985, 'user_direction': -2.8973127382623787}, 'user_v': 0, 'user_w': 0.1, 'delta_t': 0.02, 'need_reset': False}
Tangent angle: 6.2587940100711945, User angle: 2.719632877515159, Offset angle: 0.5592430068276306
Target angle: 0.5348517097192387, distance: 319.542163129222, angle diff: 2.1847811677959204, rotation direction: -1
Basic rotation angle: 0.0, rotation gain: 0.0015026417623816787
Rotation gain: 1.24, direction: -1, curvature radius: 2500000
{'type': 'running', 'physical': {'user_x': 217.40507360263376, 'user_y': 611.9162107285207, 'user_direction': 2.6984688563511376}, 'virtual': {'user_x': 2080.1788550004662, 'user_y': 7107.7570907171985, 'user_direction': -2.7973127382623786}, 'user_v': 0, 'user_w': 0.1, 'delta_t': 0.02, 'need_reset': False}
Tangent angle: 6.2520496098476785, User angle: 2.6984688563511376, Offset angle: 0.5497718623527489
Target angle: 0.5186361650208413, distance: 326.3753571934202, angle diff: 2.1798326913302963, rotation direction: -1
Basic rotation angle: 0.0, rotation gain: 0.0013210862686742386
Rotation gain: 1.24, direction: -1, curvature radius: 2500000
{'type': 'running', 'physical': {'user_x': 217.40507360263376, 'user_y': 611.9162107285207, 'user_direction': 2.77911401764146}, 'virtual': {'user_x': 2080.1788550004662, 'user_y': 7107.7570907171985, 'user_direction': -2.6973127382623785}, 'user_v': 0, 'user_w': 0.1, 'delta_t': 0.02, 'need_reset': False}
Tangent angle: 6.2520496098476785, User angle: 2.77911401764146, Offset angle: 0.5497718623527489
Target angle: 0.5186361650208413, distance: 326.3753571934202, angle diff: 2.260477852620619, rotation direction: -1
Basic rotation angle: 0.0, rotation gain: 0.0011622252116802287
Rotation gain: 1.24, direction: -1, curvature radius: 2500000
{'type': 'running', 'physical': {'user_x': 217.40507360263376, 'user_y': 611.9162107285207, 'user_direction': 2.8597591789317827}, 'virtual': {'user_x': 2080.1788550004662, 'user_y': 7107.7570907171985, 'user_direction': -2.5973127382623784}, 'user_v': 0, 'user_w': 0.1, 'delta_t': 0.02, 'need_reset': False}
Tangent angle: 6.2520496098476785, User angle: 2.8597591789317827, Offset angle: 0.5497718623527489
Target angle: 0.5186361650208413, distance: 326.3753571934202, angle diff: 2.3411230139109414, rotation direction: -1
Basic rotation angle: 0.0, rotation gain: 0.00102322178681047
Rotation gain: 1.24, direction: -1, curvature radius: 2500000
{'type': 'running', 'physical': {'user_x': 217.40507360263376, 'user_y': 611.9162107285207, 'user_direction': 2.940404340222105}, 'virtual': {'user_x': 2080.1788550004662, 'user_y': 7107.7570907171985, 'user_direction': -2.4973127382623783}, 'user_v': 0, 'user_w': 0.1, 'delta_t': 0.02, 'need_reset': False}
Tangent angle: 6.2520496098476785, User angle: 2.940404340222105, Offset angle: 0.5497718623527489
Target angle: 0.5186361650208413, distance: 326.3753571934202, angle diff: 2.421768175201264, rotation direction: -1
Basic rotation angle: 0.0, rotation gain: 0.000901593790049431
Rotation gain: 1.24, direction: -1, curvature radius: 2500000
{'type': 'running', 'physical': {'user_x': 217.40507360263376, 'user_y': 611.9162107285207, 'user_direction': 3.0210495015124277}, 'virtual': {'user_x': 2080.1788550004662, 'user_y': 7107.7570907171985, 'user_direction': -2.3973127382623782}, 'user_v': 0, 'user_w': 0.1, 'delta_t': 0.02, 'need_reset': False}
Tangent angle: 6.2520496098476785, User angle: 3.0210495015124277, Offset angle: 0.5497718623527489
Target angle: 0.5186361650208413, distance: 326.3753571934202, angle diff: 2.5024133364915864, rotation direction: -1
Basic rotation angle: 0.0, rotation gain: 0.000795169292883522
Rotation gain: 1.24, direction: -1, curvature radius: 2500000
{'type': 'running', 'physical': {'user_x': 217.40507360263376, 'user_y': 611.9162107285207, 'user_direction': 3.10169466280275}, 'virtual': {'user_x': 2080.1788550004662, 'user_y': 7107.7570907171985, 'user_direction': -2.297312738262378}, 'user_v': 0, 'user_w': 0.1, 'delta_t': 0.02, 'need_reset': False}
Tangent angle: 6.2520496098476785, User angle: 3.10169466280275, Offset angle: 0.5497718623527489
Target angle: 0.5186361650208413, distance: 326.3753571934202, angle diff: 2.583058497781909, rotation direction: -1
Basic rotation angle: 0.0, rotation gain: 0.0007020478578633516
Rotation gain: 1.24, direction: -1, curvature radius: 2500000
{'type': 'running', 'physical': {'user_x': 217.40507360263376, 'user_y': 611.9162107285207, 'user_direction': 3.1823398240930727}, 'virtual': {'user_x': 2080.1788550004662, 'user_y': 7107.7570907171985, 'user_direction': -2.197312738262378}, 'user_v': 0, 'user_w': 0.1, 'delta_t': 0.02, 'need_reset': False}
Tangent angle: 6.2520496098476785, User angle: 3.1823398240930727, Offset angle: 0.5497718623527489
Target angle: 5.702277747494929, distance: 326.3753571934202, angle diff: 2.519937923401856, rotation direction: 1
Basic rotation angle: 0.0, rotation gain: 0.0006128543612102543
Rotation gain: 1.24, direction: 1, curvature radius: 2500000
{'type': 'running', 'physical': {'user_x': 217.40507360263376, 'user_y': 611.9162107285207, 'user_direction': 3.262984985383395}, 'virtual': {'user_x': 2080.1788550004662, 'user_y': 7107.7570907171985, 'user_direction': -2.097312738262378}, 'user_v': 0, 'user_w': 0.1, 'delta_t': 0.02, 'need_reset': False}
Tangent angle: 6.2520496098476785, User angle: 3.262984985383395, Offset angle: 0.5497718623527489
Target angle: 5.702277747494929, distance: 326.3753571934202, angle diff: 2.4392927621115335, rotation direction: 1
Basic rotation angle: 0.0, rotation gain: 0.0005348100516387943
Rotation gain: 1.24, direction: 1, curvature radius: 2500000
{'type': 'running', 'physical': {'user_x': 217.40507360263376, 'user_y': 611.9162107285207, 'user_direction': 3.3436301466737177}, 'virtual': {'user_x': 2080.1788550004662, 'user_y': 7107.7570907171985, 'user_direction': -1.9973127382623779}, 'user_v': 0, 'user_w': 0.1, 'delta_t': 0.02, 'need_reset': False}
Tangent angle: 6.2520496098476785, User angle: 3.3436301466737177, Offset angle: 0.5497718623527489
Target angle: 5.702277747494929, distance: 326.3753571934202, angle diff: 2.358647600821211, rotation direction: 1
Basic rotation angle: 0.0, rotation gain: 0.00046652128076376674
Rotation gain: 1.24, direction: 1, curvature radius: 2500000
{'type': 'running', 'physical': {'user_x': 217.40507360263376, 'user_y': 611.9162107285207, 'user_direction': 3.4242753079640402}, 'virtual': {'user_x': 2080.1788550004662, 'user_y': 7107.7570907171985, 'user_direction': -1.8973127382623778}, 'user_v': 0, 'user_w': 0.1, 'delta_t': 0.02, 'need_reset': False}
Tangent angle: 6.2520496098476785, User angle: 3.4242753079640402, Offset angle: 0.5497718623527489
Target angle: 5.702277747494929, distance: 326.3753571934202, angle diff: 2.2780024395308884, rotation direction: 1
Basic rotation angle: 0.0, rotation gain: 0.00040676860624811763
Rotation gain: 1.24, direction: 1, curvature radius: 2500000
{'type': 'running', 'physical': {'user_x': 217.40507360263376, 'user_y': 611.9162107285207, 'user_direction': 3.5049204692543627}, 'virtual': {'user_x': 2080.1788550004662, 'user_y': 7107.7570907171985, 'user_direction': -1.7973127382623777}, 'user_v': 0, 'user_w': 0.1, 'delta_t': 0.02, 'need_reset': False}
Tangent angle: 6.2520496098476785, User angle: 3.5049204692543627, Offset angle: 0.5497718623527489
Target angle: 5.702277747494929, distance: 326.3753571934202, angle diff: 2.197357278240566, rotation direction: 1
Basic rotation angle: 0.0, rotation gain: 0.0003544850160469246
Rotation gain: 1.24, direction: 1, curvature radius: 2500000
{'type': 'running', 'physical': {'user_x': 217.40507360263376, 'user_y': 611.9162107285207, 'user_direction': 3.5855656305446852}, 'virtual': {'user_x': 2080.1788550004662, 'user_y': 7107.7570907171985, 'user_direction': -1.6973127382623776}, 'user_v': 0, 'user_w': 0.1, 'delta_t': 0.02, 'need_reset': False}
Tangent angle: 6.2520496098476785, User angle: 3.5855656305446852, Offset angle: 0.5497718623527489
Target angle: 5.702277747494929, distance: 326.3753571934202, angle diff: 2.1167121169502434, rotation direction: 1
Basic rotation angle: 0.0, rotation gain: 0.00030873687462088076
Rotation gain: 1.24, direction: 1, curvature radius: 2500000
{'type': 'running', 'physical': {'user_x': 217.40507360263376, 'user_y': 611.9162107285207, 'user_direction': 3.6662107918350078}, 'virtual': {'user_x': 2080.1788550004662, 'user_y': 7107.7570907171985, 'user_direction': -1.5973127382623775}, 'user_v': 0, 'user_w': 0.1, 'delta_t': 0.02, 'need_reset': False}
Tangent angle: 6.2520496098476785, User angle: 3.6662107918350078, Offset angle: 0.5497718623527489
Target angle: 5.702277747494929, distance: 326.3753571934202, angle diff: 2.036066955659921, rotation direction: 1
Basic rotation angle: 0.0, rotation gain: 0.00026870725087309235
Rotation gain: 1.24, direction: 1, curvature radius: 2500000
{'type': 'running', 'physical': {'user_x': 217.40507360263376, 'user_y': 611.9162107285207, 'user_direction': 3.7468559531253303}, 'virtual': {'user_x': 2080.1788550004662, 'user_y': 7107.7570907171985, 'user_direction': -1.4973127382623774}, 'user_v': 0, 'user_w': 0.1, 'delta_t': 0.02, 'need_reset': False}
Tangent angle: 6.2520496098476785, User angle: 3.7468559531253303, Offset angle: 0.5497718623527489
Target angle: 5.702277747494929, distance: 326.3753571934202, angle diff: 1.9554217943695984, rotation direction: 1
Basic rotation angle: 0.0, rotation gain: 0.00023368133009377755
Rotation gain: 1.24, direction: 1, curvature radius: 2500000
{'type': 'running', 'physical': {'user_x': 217.40507360263376, 'user_y': 611.9162107285207, 'user_direction': 3.8275011144156528}, 'virtual': {'user_x': 2080.1788550004662, 'user_y': 7107.7570907171985, 'user_direction': -1.3973127382623773}, 'user_v': 0, 'user_w': 0.1, 'delta_t': 0.02, 'need_reset': False}
Tangent angle: 6.2520496098476785, User angle: 3.8275011144156528, Offset angle: 0.5497718623527489
Target angle: 5.702277747494929, distance: 326.3753571934202, angle diff: 1.874776633079276, rotation direction: 1
Basic rotation angle: 0.0, rotation gain: 0.0002030336494118771
Rotation gain: 1.24, direction: 1, curvature radius: 2500000
{'type': 'running', 'physical': {'user_x': 217.40507360263376, 'user_y': 611.9162107285207, 'user_direction': 3.9081462757059753}, 'virtual': {'user_x': 2080.1788550004662, 'user_y': 7107.7570907171985, 'user_direction': -1.2973127382623773}, 'user_v': 0, 'user_w': 0.1, 'delta_t': 0.02, 'need_reset': False}
Tangent angle: 6.2520496098476785, User angle: 3.9081462757059753, Offset angle: 0.5497718623527489
Target angle: 5.702277747494929, distance: 326.3753571934202, angle diff: 1.7941314717889534, rotation direction: 1
Basic rotation angle: 0.0, rotation gain: 0.00017621692881521417
Rotation gain: 1.24, direction: 1, curvature radius: 2500000
{'type': 'running', 'physical': {'user_x': 217.40507360263376, 'user_y': 611.9162107285207, 'user_direction': 3.988791436996298}, 'virtual': {'user_x': 2080.1788550004662, 'user_y': 7107.7570907171985, 'user_direction': -1.1973127382623772}, 'user_v': 0, 'user_w': 0.1, 'delta_t': 0.02, 'need_reset': False}
Tangent angle: 6.2520496098476785, User angle: 3.988791436996298, Offset angle: 0.5497718623527489
Target angle: 5.702277747494929, distance: 326.3753571934202, angle diff: 1.7134863104986309, rotation direction: 1
Basic rotation angle: 0.0, rotation gain: 0.00015275229829313412
Rotation gain: 1.24, direction: 1, curvature radius: 2500000
{'type': 'running', 'physical': {'user_x': 217.40507360263376, 'user_y': 611.9162107285207, 'user_direction': 4.069436598286621}, 'virtual': {'user_x': 2080.1788550004662, 'user_y': 7107.7570907171985, 'user_direction': -1.097312738262377}, 'user_v': 0, 'user_w': 0.1, 'delta_t': 0.02, 'need_reset': False}
Tangent angle: 6.2520496098476785, User angle: 4.069436598286621, Offset angle: 0.5497718623527489
Target angle: 5.702277747494929, distance: 326.3753571934202, angle diff: 1.632841149208308, rotation direction: 1
Basic rotation angle: 0.0, rotation gain: 0.0001322207465863141
Rotation gain: 1.24, direction: 1, curvature radius: 2500000
{'type': 'running', 'physical': {'user_x': 217.40507360263376, 'user_y': 611.9162107285207, 'user_direction': 4.150081759576944}, 'virtual': {'user_x': 2080.1788550004662, 'user_y': 7107.7570907171985, 'user_direction': -0.9973127382623771}, 'user_v': 0, 'user_w': 0.1, 'delta_t': 0.02, 'need_reset': False}
Tangent angle: 6.2520496098476785, User angle: 4.150081759576944, Offset angle: 0.5497718623527489
Target angle: 5.702277747494929, distance: 326.3753571934202, angle diff: 1.552195987917985, rotation direction: 1
Basic rotation angle: 0.0, rotation gain: 0.00011425563884284655
Rotation gain: 1.24, direction: 1, curvature radius: 2500000
{'type': 'running', 'physical': {'user_x': 217.40507360263376, 'user_y': 611.9162107285207, 'user_direction': 4.230726920867267}, 'virtual': {'user_x': 2080.1788550004662, 'user_y': 7107.7570907171985, 'user_direction': -0.8973127382623771}, 'user_v': 0, 'user_w': 0.1, 'delta_t': 0.02, 'need_reset': False}
Tangent angle: 6.2520496098476785, User angle: 4.230726920867267, Offset angle: 0.5497718623527489
Target angle: 5.702277747494929, distance: 326.3753571934202, angle diff: 1.471550826627662, rotation direction: 1
Basic rotation angle: 0.0, rotation gain: 9.853616956731245e-05
Rotation gain: 1.24, direction: 1, curvature radius: 2500000
{'type': 'running', 'physical': {'user_x': 217.40507360263376, 'user_y': 611.9162107285207, 'user_direction': 4.31137208215759}, 'virtual': {'user_x': 2080.1788550004662, 'user_y': 7107.7570907171985, 'user_direction': -0.7969016983996324}, 'user_v': 7.999999999999999, 'user_w': 0, 'delta_t': 0.02, 'need_reset': False}
Tangent angle: 6.2520496098476785, User angle: 4.31137208215759, Offset angle: 0.5497718623527489
Target angle: 5.702277747494929, distance: 326.3753571934202, angle diff: 1.390905665337339, rotation direction: 1
Basic rotation angle: 1.693121693121693, rotation gain: 4.309371576604999e-05
Rotation gain: 1.24, direction: 1, curvature radius: 7.5
{'type': 'running', 'physical': {'user_x': 217.40507360263376, 'user_y': 611.9162107285207, 'user_direction': 4.3920172434479126}, 'virtual': {'user_x': 2085.7702625789448, 'user_y': 7102.035538367413, 'user_direction': -0.7969016983996324}, 'user_v': 7.999999999999999, 'user_w': 0, 'delta_t': 0.02, 'need_reset': False}
Tangent angle: 6.2520496098476785, User angle: 4.3920172434479126, Offset angle: 0.5497718623527489
Target angle: 5.702277747494929, distance: 326.3753571934202, angle diff: 1.310260504047016, rotation direction: 1
Basic rotation angle: 1.693121693121693, rotation gain: 5.418431310054669e-06
Rotation gain: 1.24, direction: 1, curvature radius: 7.5
{'type': 'running', 'physical': {'user_x': 215.53356112036482, 'user_y': 605.8490975522635, 'user_direction': 4.413181264611934}, 'virtual': {'user_x': 2091.3616701574233, 'user_y': 7096.313986017628, 'user_direction': -0.7969016983996324}, 'user_v': 7.999999999999999, 'user_w': 0, 'delta_t': 0.02, 'need_reset': False}
Tangent angle: 6.26797293553469, User angle: 4.413181264611934, Offset angle: 0.5470163393257284
Target angle: 5.720956596208961, distance: 328.40318903287795, angle diff: 1.3077753315970266, rotation direction: 1
Basic rotation angle: 1.693121693121693, rotation gain: 4.524357319051943e-05
Rotation gain: 1.24, direction: 1, curvature radius: 7.5
{'type': 'running', 'physical': {'user_x': 213.79086268859564, 'user_y': 599.7437373302364, 'user_direction': 4.434345285775955}, 'virtual': {'user_x': 2096.953077735902, 'user_y': 7090.592433667843, 'user_direction': -0.7969016983996325}, 'user_v': 7.999999999999999, 'user_w': 0, 'delta_t': 0.02, 'need_reset': False}
Tangent angle: 0.0006635333227449358, User angle: 4.434345285775955, Offset angle: 0.5443405034230686
Target angle: 5.739508337079263, distance: 330.39001712124275, angle diff: 1.3051630513033077, rotation direction: 1
Basic rotation angle: 1.693121693121693, rotation gain: 1.7203705277728544e-05
Rotation gain: 1.24, direction: 1, curvature radius: 7.5
{'type': 'running', 'physical': {'user_x': 212.17775886033834, 'user_y': 593.6028646476233, 'user_direction': 4.455509306939977}, 'virtual': {'user_x': 2102.5444853143804, 'user_y': 7084.870881318057, 'user_direction': -0.7969016983996327}, 'user_v': 7.999999999999999, 'user_w': 0, 'delta_t': 0.02, 'need_reset': False}
Tangent angle: 0.016493523524272913, User angle: 4.455509306939977, Offset angle: 0.54174281557548
Target angle: 5.757936015128379, distance: 332.33569483777467, angle diff: 1.3024267081884027, rotation direction: 1
Basic rotation angle: 1.693121693121693, rotation gain: 4.84940781081994e-05
Rotation gain: 1.24, direction: 1, curvature radius: 7.5
{'type': 'running', 'physical': {'user_x': 210.69497214330235, 'user_y': 587.4292299956064, 'user_direction': 4.476673328103998}, 'virtual': {'user_x': 2108.135892892859, 'user_y': 7079.149328968272, 'user_direction': -0.7969016983996328}, 'user_v': 7.999999999999999, 'user_w': 0, 'delta_t': 0.02, 'need_reset': False}
Tangent angle: 0.03227906863028185, User angle: 4.476673328103998, Offset angle: 0.5392217947446667
Target angle: 5.776242581065201, distance: 334.2400768504691, angle diff: 1.299569252961203, rotation direction: 1
Basic rotation angle: 1.693121693121693, rotation gain: 2.7819332189714795e-05
Rotation gain: 1.24, direction: 1, curvature radius: 7.5
{'type': 'running', 'physical': {'user_x': 209.34316667628372, 'user_y': 581.2255985394236, 'user_direction': 4.4978373492680195}, 'virtual': {'user_x': 2113.7273004713375, 'user_y': 7073.427776618487, 'user_direction': -0.7969016983996329}, 'user_v': 7.999999999999999, 'user_w': 0, 'delta_t': 0.02, 'need_reset': False}
Tangent angle: 0.04802160340986017, User angle: 4.4978373492680195, Offset angle: 0.536776015909764
Target angle: 5.7944308946796825, distance: 336.1030192853327, angle diff: 1.296593545411663, rotation direction: 1
Basic rotation angle: 1.693121693121693, rotation gain: 5.256338247195866e-05
Rotation gain: 1.24, direction: 1, curvature radius: 7.5
{'type': 'running', 'physical': {'user_x': 208.12294793169804, 'user_y': 574.9947488798535, 'user_direction': 4.519001370432041}, 'virtual': {'user_x': 2119.318708049816, 'user_y': 7067.706224268702, 'user_direction': -0.796901698399633}, 'user_v': 7.999999999999999, 'user_w': 0, 'delta_t': 0.02, 'need_reset': False}
Tangent angle: 0.06372252906715303, User angle: 4.519001370432041, Offset angle: 0.5344041081509445
Target angle: 5.812503728095795, distance: 337.92437988598016, angle diff: 1.2935023576637539, rotation direction: 1
Basic rotation angle: 1.693121693121693, rotation gain: 3.751576933043188e-05
Rotation gain: 1.24, direction: 1, curvature radius: 7.5
{'type': 'running', 'physical': {'user_x': 207.03486244438992, 'user_y': 568.739471808683, 'user_direction': 4.540165391596062}, 'virtual': {'user_x': 2124.9101156282945, 'user_y': 7061.984671918916, 'user_direction': -0.7969016983996331}, 'user_v': 7.999999999999999, 'user_w': 0, 'delta_t': 0.02, 'need_reset': False}
Tangent angle: 0.07938321453495245, User angle: 4.540165391596062, Offset angle: 0.5321047528252951
Target angle: 5.830463768889244, distance: 339.7040181641949, angle diff: 1.2902983772931815, rotation direction: 1
Basic rotation angle: 1.693121693121693, rotation gain: 5.723610138124142e-05
Rotation gain: 1.24, direction: 1, curvature radius: 7.5
{'type': 'running', 'physical': {'user_x': 206.0793975668405, 'user_y': 562.4625690587137, 'user_direction': 4.561329412760084}, 'virtual': {'user_x': 2130.501523206773, 'user_y': 7056.263119569131, 'user_direction': -0.7969016983996332}, 'user_v': 7.999999999999999, 'user_w': 0, 'delta_t': 0.02, 'need_reset': False}
Tangent angle: 0.0950049977268872, User angle: 4.561329412760084, Offset angle: 0.5298766818303818
Target angle: 5.848313623076091, distance: 341.44179554204425, angle diff: 1.2869842103160076, rotation direction: 1
Basic rotation angle: 1.693121693121693, rotation gain: 4.648516797094783e-05
Rotation gain: 1.24, direction: 1, curvature radius: 7.5
{'type': 'running', 'physical': {'user_x': 205.25698125088275, 'user_y': 556.1668520488689, 'user_direction': 4.582493433924105}, 'virtual': {'user_x': 2136.0929307852516, 'user_y': 7050.541567219346, 'user_direction': -0.7969016983996333}, 'user_v': 7.999999999999999, 'user_w': 0, 'delta_t': 0.02, 'need_reset': False}
Tangent angle: 0.11058918674978147, User angle: 4.582493433924105, Offset angle: 0.5277186759512059
Target angle: 5.866055817978162, distance: 343.1375754860893, angle diff: 1.2835623840540569, rotation direction: 1
Basic rotation angle: 1.693121693121693, rotation gain: 6.234771572513365e-05
Rotation gain: 1.24, direction: 1, curvature radius: 7.5
{'type': 'running', 'physical': {'user_x': 204.56798185602224, 'user_y': 549.8551406249615, 'user_direction': 4.603657455088126}, 'virtual': {'user_x': 2141.68433836373, 'user_y': 7044.8200148695605, 'user_direction': -0.7969016983996335}, 'user_v': 7.999999999999999, 'user_w': 0, 'delta_t': 0.02, 'need_reset': False}
Tangent angle: 0.1261370610776984, User angle: 4.603657455088126, Offset angle: 0.5256295632865221
Target angle: 5.883692804970763, distance: 344.79122363418935, angle diff: 1.2800353498826365, rotation direction: 1
Basic rotation angle: 1.693121693121693, rotation gain: 5.487501906753158e-05
Rotation gain: 1.24, direction: 1, curvature radius: 7.5
{'type': 'running', 'physical': {'user_x': 204.01270798444926, 'user_y': 543.5302617966873, 'user_direction': 4.624821476252148}, 'virtual': {'user_x': 2147.2757459422087, 'user_y': 7039.098462519775, 'user_direction': -0.7969016983996338}, 'user_v': 7.999999999999999, 'user_w': 0, 'delta_t': 0.02, 'need_reset': False}
Tangent angle: 0.14164987268916285, User angle: 4.624821476252148, Offset angle: 0.5236082177507403
Target angle: 5.901226962118009, distance: 346.4026079153558, angle diff: 1.276405485865861, rotation direction: 1
Basic rotation angle: 1.693121693121693, rotation gain: 6.777263103462514e-05
Rotation gain: 1.24, direction: 1, curvature radius: 7.5
{'type': 'running', 'physical': {'user_x': 203.59140834281615, 'user_y': 537.1950484714107, 'user_direction': 4.645985497416169}, 'virtual': {'user_x': 2152.867153520687, 'user_y': 7033.37691016999, 'user_direction': -0.7969016983996339}, 'user_v': 7.999999999999999, 'user_w': 0, 'delta_t': 0.02, 'need_reset': False}
Tangent angle: 0.15712884716902797, User angle: 4.645985497416169, Offset angle: 0.5216535576478621
Target angle: 5.918660596700752, distance: 347.97159866308107, angle diff: 1.2726750992845828, rotation direction: 1
Basic rotation angle: 1.693121693121693, rotation gain: 6.279860134936175e-05
Rotation gain: 1.24, direction: 1, curvature radius: 7.5
{'type': 'running', 'physical': {'user_x': 203.30427163084187, 'user_y': 530.8523381853075, 'user_direction': 4.667149518580191}, 'virtual': {'user_x': 2158.4585610991658, 'user_y': 7027.655357820205, 'user_direction': -0.7969016983996342}, 'user_v': 7.999999999999999, 'user_w': 0, 'delta_t': 0.02, 'need_reset': False}
Tangent angle: 0.17257518477639744, User angle: 4.667149518580191, Offset angle: 0.5197645443141214
Target angle: 5.935995947641862, distance: 349.4980687225266, angle diff: 1.2688464290616714, rotation direction: 1
Basic rotation angle: 1.693121693121693, rotation gain: 7.341503565891935e-05
Rotation gain: 1.24, direction: 1, curvature radius: 7.5
{'type': 'running', 'physical': {'user_x': 203.15142645679356, 'user_y': 524.5049718324354, 'user_direction': 4.688313539744212}, 'virtual': {'user_x': 2164.0499686776443, 'user_y': 7021.933805470419, 'user_direction': -0.7969016983996344}, 'user_v': 7.999999999999999, 'user_w': 0, 'delta_t': 0.02, 'need_reset': False}
Tangent angle: 0.18799006148000297, User angle: 4.688313539744212, Offset angle: 0.5179401808261989
Target angle: 5.95323518783339, distance: 350.98189355193114, angle diff: 1.264921648089178, rotation direction: 1
Basic rotation angle: 1.693121693121693, rotation gain: 7.034298126799549e-05
Rotation gain: 1.24, direction: 1, curvature radius: 7.5
{'type': 'running', 'physical': {'user_x': 203.13294127988297, 'user_y': 518.1557923923001, 'user_direction': 4.709477560908233}, 'virtual': {'user_x': 2169.641376256123, 'user_y': 7016.212253120634, 'user_direction': -0.7969016983996348}, 'user_v': 7.999999999999999, 'user_w': 0, 'delta_t': 0.02, 'need_reset': False}
Tangent angle: 0.20337462996238598, User angle: 4.709477560908233, Offset angle: 0.5161795107720684
Target angle: 5.970380426369903, distance: 352.42295131856713, angle diff: 1.26090286546167, rotation direction: 1
Basic rotation angle: 1.693121693121693, rotation gain: 7.920190220100961e-05
Rotation gain: 1.24, direction: 1, curvature radius: 7.5
{'type': 'running', 'physical': {'user_x': 203.24882437960372, 'user_y': 511.8076436564873, 'user_direction': 4.730641582072255}, 'virtual': {'user_x': 2175.2327838346014, 'user_y': 7010.490700770849, 'user_direction': -0.7969016983996351}, 'user_v': 7.999999999999999, 'user_w': 0, 'delta_t': 0.02, 'need_reset': False}
Tangent angle: 0.21873002059419555, User angle: 4.730641582072255, Offset angle: 0.514481617081711
Target angle: 5.987433710692071, distance: 353.82112298955195, angle diff: 1.256792128619816, rotation direction: 1
Basic rotation angle: 1.693121693121693, rotation gain: 7.757513861257486e-05
Rotation gain: 1.24, direction: 1, curvature radius: 7.5
{'type': 'running', 'physical': {'user_x': 203.49902385202287, 'user_y': 505.4633689549313, 'user_direction': 4.751805603236276}, 'virtual': {'user_x': 2180.82419141308, 'user_y': 7004.769148421064, 'user_direction': -0.7969016983996355}, 'user_v': 7.999999999999999, 'user_w': 0, 'delta_t': 0.02, 'need_reset': False}
Tangent angle: 0.23405734237989773, User angle: 4.751805603236276, Offset angle: 0.5128456209150971
Target angle: 6.004397028644387, distance: 355.1762924177938, angle diff: 1.2525914254081112, rotation direction: 1
Basic rotation angle: 1.693121693121693, rotation gain: 8.507762990300049e-05
Rotation gain: 1.24, direction: 1, curvature radius: 7.5
{'type': 'running', 'physical': {'user_x': 203.88342763302865, 'user_y': 499.12580988239, 'user_direction': 4.7729696244002975}, 'virtual': {'user_x': 2186.4155989915585, 'user_y': 6999.047596071278, 'user_direction': -0.796901698399636}, 'user_v': 7.999999999999999, 'user_w': 0, 'delta_t': 0.02, 'need_reset': False}
Tangent angle: 0.24935768387612978, User angle: 4.7729696244002975, Offset angle: 0.5112706806049917
Target angle: 6.021272310450724, distance: 356.48834642333236, angle diff: 1.248302686050427, rotation direction: 1
Basic rotation angle: 1.693121693121693, rotation gain: 8.45466571004593e-05
Rotation gain: 1.24, direction: 1, curvature radius: 7.5
{'type': 'running', 'physical': {'user_x': 204.40186354852386, 'user_y': 492.79780502569724, 'user_direction': 4.794133645564319}, 'virtual': {'user_x': 2192.007006570037, 'user_y': 6993.326043721493, 'user_direction': -0.7969016983996366}, 'user_v': 7.999999999999999, 'user_w': 0, 'delta_t': 0.02, 'need_reset': False}
Tangent angle: 0.2646321140839225, User angle: 4.794133645564319, Offset angle: 0.5097559906522849
Target angle: 6.038061430611224, distance: 357.757174870315, angle diff: 1.243927785046905, rotation direction: 1
Basic rotation angle: 1.693121693121693, rotation gain: 9.099994339231532e-05
Rotation gain: 1.24, direction: 1, curvature radius: 7.5
{'type': 'running', 'physical': {'user_x': 205.05409939154254, 'user_y': 486.48218869236257, 'user_direction': 4.81529766672834}, 'virtual': {'user_x': 2197.5984141485155, 'user_y': 6987.604491371708, 'user_direction': -0.7969016983996375}, 'user_v': 7.999999999999999, 'user_w': 0, 'delta_t': 0.02, 'need_reset': False}
Tangent angle: 0.2798816833159692, User angle: 4.81529766672834, Offset angle: 0.5083007807716855
Target angle: 6.05476620972387, distance: 358.98267073983106, angle diff: 1.2394685429955299, rotation direction: 1
Basic rotation angle: 1.693121693121693, rotation gain: 9.12973162824246e-05
Rotation gain: 1.24, direction: 1, curvature radius: 7.5
{'type': 'running', 'physical': {'user_x': 205.83984302625518, 'user_y': 480.1817896410873, 'user_direction': 4.836461687892362}, 'virtual': {'user_x': 2203.189821726994, 'user_y': 6981.8829390219225, 'user_direction': -0.7969016983996386}, 'user_v': 7.999999999999999, 'user_w': 0, 'delta_t': 0.02, 'need_reset': False}
Tangent angle: 0.29510742404008194, User angle: 4.836461687892362, Offset angle: 0.5069043149857453
Target angle: 6.071388416233923, distance: 360.16473019880755, angle diff: 1.234926728341561, rotation direction: 1
Basic rotation angle: 1.693121693121693, rotation gain: 9.693675333131501e-05
Rotation gain: 1.24, direction: 1, curvature radius: 7.5
{'type': 'running', 'physical': {'user_x': 206.75874251881618, 'user_y': 473.89942981476617, 'user_direction': 4.857625709056383}, 'virtual': {'user_x': 2208.7812293054726, 'user_y': 6976.161386672137, 'user_direction': -0.79690169839964}, 'user_v': 7.999999999999999, 'user_w': 0, 'delta_t': 0.02, 'need_reset': False}
Tangent angle: 0.3103103516999579, User angle: 4.857625709056383, Offset angle: 0.5055658907653037
Target angle: 6.087929768114241, distance: 361.3032526651591, angle diff: 1.2303040590578576, rotation direction: 1
Basic rotation angle: 1.693121693121693, rotation gain: 9.785784226611412e-05
Rotation gain: 1.24, direction: 1, curvature radius: 7.5
{'type': 'running', 'physical': {'user_x': 207.8103862949946, 'user_y': 467.63792307654194, 'user_direction': 4.878789730220404}, 'virtual': {'user_x': 2214.372636883951, 'user_y': 6970.439834322352, 'user_direction': -0.7969016983996422}, 'user_v': 7.999999999999999, 'user_w': 0, 'delta_t': 0.02, 'need_reset': False}
Tangent angle: 0.32549146551433505, User angle: 4.878789730220404, Offset angle: 0.5042848382145562
Target angle: 6.104391934479365, distance: 362.39814086936593, angle diff: 1.2256022042589603, rotation direction: 1
Basic rotation angle: 1.693121693121693, rotation gain: 0.00010286375352098241
Rotation gain: 1.24, direction: 1, curvature radius: 7.5
{'type': 'running', 'physical': {'user_x': 208.99430332451792, 'user_y': 461.40007394947844, 'user_direction': 4.899953751384426}, 'virtual': {'user_x': 2219.9640444624297, 'user_y': 6964.718281972567, 'user_direction': -0.7969016983996454}, 'user_v': 7.999999999999999, 'user_w': 0, 'delta_t': 0.02, 'need_reset': False}
Tangent angle: 0.34065174925559116, User angle: 4.899953751384426, Offset angle: 0.5030605192990599
Target angle: 6.120776537136117, distance: 363.44930091264337, angle diff: 1.2208227857516913, rotation direction: 1
Basic rotation angle: 1.693121693121693, rotation gain: 0.00010425201440420842
Rotation gain: 1.24, direction: 1, curvature radius: 7.5
{'type': 'running', 'physical': {'user_x': 210.30996333204607, 'user_y': 455.1886763604174, 'user_direction': 4.921117772548447}, 'virtual': {'user_x': 2225.555452040908, 'user_y': 6958.9967296227815, 'user_direction': -0.7969016983996511}, 'user_v': 7.999999999999999, 'user_w': 0, 'delta_t': 0.02, 'need_reset': False}
Tangent angle: 0.3557921720088153, User angle: 4.921117772548447, Offset angle: 0.5018923271150918
Target angle: 6.137085152073309, distance: 364.4566423218531, angle diff: 1.2159673795248622, rotation direction: 1
Basic rotation angle: 1.693121693121693, rotation gain: 0.00010876258184471138
Rotation gain: 1.24, direction: 1, curvature radius: 7.5
{'type': 'running', 'physical': {'user_x': 211.75677703468122, 'user_y': 449.0065123885812, 'user_direction': 4.942281793712469}, 'virtual': {'user_x': 2231.1468596193868, 'user_y': 6953.275177272996, 'user_direction': -0.7969016983996638}, 'user_v': 7.999999999999999, 'user_w': 0, 'delta_t': 0.02, 'need_reset': False}
Tangent angle: 0.3709136889123372, User angle: 4.942281793712469, Offset angle: 0.5007796851988705
Target angle: 6.153319310893053, distance: 365.42007810129684, angle diff: 1.2110375171805847, rotation direction: 1
Basic rotation angle: 1.693121693121693, rotation gain: 0.00011049827888374616
Rotation gain: 1.24, direction: 1, curvature radius: 7.5
{'type': 'running', 'physical': {'user_x': 213.33409640590716, 'user_y': 442.8563510194822, 'user_direction': 4.96344581487649}, 'virtual': {'user_x': 2234.637834878882, 'user_y': 6949.702946592498, 'user_direction': -0.7969016983996638}, 'user_v': 0, 'user_w': 0.1, 'delta_t': 0.02, 'need_reset': False}
Tangent angle: 0.3860172418807011, User angle: 4.96344581487649, Offset angle: 0.4997220468742505
Target angle: 6.169480502186037, distance: 366.3395247815181, angle diff: 1.2060346873095469, rotation direction: 1
Basic rotation angle: 0.0, rotation gain: 8.964248045946088e-05
Rotation gain: 1.24, direction: 1, curvature radius: 2500000
{'type': 'running', 'physical': {'user_x': 215.0412149658396, 'user_y': 436.7409469046966, 'user_direction': 4.984609836040511}, 'virtual': {'user_x': 2234.637834878882, 'user_y': 6949.702946592498, 'user_direction': -0.6969016983996639}, 'user_v': 0, 'user_w': 0.1, 'delta_t': 0.02, 'need_reset': False}
Tangent angle: 0.4011037603110088, User angle: 4.984609836040511, Offset angle: 0.49871889463757785
Target angle: 6.1855701728530175, distance: 367.214902465235, angle diff: 1.2009603368125061, rotation direction: 1
Basic rotation angle: 0.0, rotation gain: 7.120707136689193e-05
Rotation gain: 1.24, direction: 1, curvature radius: 2500000
{'type': 'running', 'physical': {'user_x': 215.0412149658396, 'user_y': 436.7409469046966, 'user_direction': 5.065254997330834}, 'virtual': {'user_x': 2234.637834878882, 'user_y': 6949.702946592498, 'user_direction': -0.5969016983996639}, 'user_v': 0, 'user_w': 0.1, 'delta_t': 0.02, 'need_reset': False}
Tangent angle: 0.4011037603110088, User angle: 5.065254997330834, Offset angle: 0.49871889463757785
Target angle: 6.1855701728530175, distance: 367.214902465235, angle diff: 1.1203151755221832, rotation direction: 1
Basic rotation angle: 0.0, rotation gain: 5.5076088410894104e-05
Rotation gain: 1.24, direction: 1, curvature radius: 2500000
{'type': 'running', 'physical': {'user_x': 215.0412149658396, 'user_y': 436.7409469046966, 'user_direction': 5.145900158621157}, 'virtual': {'user_x': 2234.637834878882, 'user_y': 6949.702946592498, 'user_direction': -0.4969016983996639}, 'user_v': 0, 'user_w': 0.1, 'delta_t': 0.02, 'need_reset': False}
Tangent angle: 0.4011037603110088, User angle: 5.145900158621157, Offset angle: 0.49871889463757785
Target angle: 6.1855701728530175, distance: 367.214902465235, angle diff: 1.0396700142318602, rotation direction: 1
Basic rotation angle: 0.0, rotation gain: 4.0961478324396004e-05
Rotation gain: 1.24, direction: 1, curvature radius: 2500000
{'type': 'running', 'physical': {'user_x': 215.0412149658396, 'user_y': 436.7409469046966, 'user_direction': 5.22654531991148}, 'virtual': {'user_x': 2234.637834878882, 'user_y': 6949.702946592498, 'user_direction': -0.39690169839966394}, 'user_v': 0, 'user_w': 0.1, 'delta_t': 0.02, 'need_reset': False}
Tangent angle: 0.4011037603110088, User angle: 5.22654531991148, Offset angle: 0.49871889463757785
Target angle: 6.1855701728530175, distance: 367.214902465235, angle diff: 0.9590248529415373, rotation direction: 1
Basic rotation angle: 0.0, rotation gain: 2.861119449871017e-05
Rotation gain: 1.24, direction: 1, curvature radius: 2500000
{'type': 'running', 'physical': {'user_x': 215.0412149658396, 'user_y': 436.7409469046966, 'user_direction': 5.307190481201803}, 'virtual': {'user_x': 2234.637834878882, 'user_y': 6949.702946592498, 'user_direction': -0.29690169839966396}, 'user_v': 0, 'user_w': 0.1, 'delta_t': 0.02, 'need_reset': False}
Tangent angle: 0.4011037603110088, User angle: 5.307190481201803, Offset angle: 0.49871889463757785
Target angle: 6.1855701728530175, distance: 367.214902465235, angle diff: 0.8783796916512143, rotation direction: 1
Basic rotation angle: 0.0, rotation gain: 1.780469615123506e-05
Rotation gain: 1.24, direction: 1, curvature radius: 2500000
{'type': 'running', 'physical': {'user_x': 215.0412149658396, 'user_y': 436.7409469046966, 'user_direction': 5.387835642492126}, 'virtual': {'user_x': 2234.637834878882, 'user_y': 6949.702946592498, 'user_direction': -0.19690169839966395}, 'user_v': 0, 'user_w': 0.1, 'delta_t': 0.02, 'need_reset': False}
Tangent angle: 0.4011037603110088, User angle: 5.387835642492126, Offset angle: 0.49871889463757785
Target angle: 6.1855701728530175, distance: 367.214902465235, angle diff: 0.7977345303608914, rotation direction: 1
Basic rotation angle: 0.0, rotation gain: 8.349010097194342e-06
Rotation gain: 1.24, direction: 1, curvature radius: 2500000
{'type': 'running', 'physical': {'user_x': 215.0412149658396, 'user_y': 436.7409469046966, 'user_direction': 5.468480803782449}, 'virtual': {'user_x': 2234.637834878882, 'user_y': 6949.702946592498, 'user_direction': -0.09690169839966395}, 'user_v': 0, 'user_w': 0.1, 'delta_t': 0.02, 'need_reset': False}
Tangent angle: 0.4011037603110088, User angle: 5.468480803782449, Offset angle: 0.49871889463757785
Target angle: 6.1855701728530175, distance: 367.214902465235, angle diff: 0.7170893690705684, rotation direction: 1
Basic rotation angle: 0.0, rotation gain: 7.528479990871088e-08
Rotation gain: 1.24, direction: 1, curvature radius: 2500000
{'type': 'running', 'physical': {'user_x': 215.0412149658396, 'user_y': 436.7409469046966, 'user_direction': 5.549125965072772}, 'virtual': {'user_x': 2234.637834878882, 'user_y': 6949.702946592498, 'user_direction': 0.0030983016003360564}, 'user_v': 0, 'user_w': 0.1, 'delta_t': 0.02, 'need_reset': False}
Tangent angle: 0.4011037603110088, User angle: 5.549125965072772, Offset angle: 0.49871889463757785
Target angle: 6.1855701728530175, distance: 367.214902465235, angle diff: 0.6364442077802455, rotation direction: 1
Basic rotation angle: 0.0, rotation gain: 7.164224835216216e-06
Rotation gain: 1.24, direction: 1, curvature radius: 2500000
{'type': 'running', 'physical': {'user_x': 215.0412149658396, 'user_y': 436.7409469046966, 'user_direction': 5.629771126363095}, 'virtual': {'user_x': 2234.637834878882, 'user_y': 6949.702946592498, 'user_direction': 0.10309830160033606}, 'user_v': 0, 'user_w': 0.1, 'delta_t': 0.02, 'need_reset': False}
Tangent angle: 0.4011037603110088, User angle: 5.629771126363095, Offset angle: 0.49871889463757785
Target angle: 6.1855701728530175, distance: 367.214902465235, angle diff: 0.5557990464899225, rotation direction: 1
Basic rotation angle: 0.0, rotation gain: 9.614023043221492e-07
Rotation gain: 1.24, direction: 1, curvature radius: 2500000
{'type': 'running', 'physical': {'user_x': 215.0412149658396, 'user_y': 436.7409469046966, 'user_direction': 5.710416287653418}, 'virtual': {'user_x': 2234.637834878882, 'user_y': 6949.702946592498, 'user_direction': 0.2723318687836789}, 'user_v': 7.999999999999999, 'user_w': 0, 'delta_t': 0.02, 'need_reset': False}
Tangent angle: 0.4011037603110088, User angle: 5.710416287653418, Offset angle: 0.49871889463757785
Target angle: 6.1855701728530175, distance: 367.214902465235, angle diff: 0.47515388519959956, rotation direction: 1
Basic rotation angle: 1.693121693121693, rotation gain: 0.00021606174403780823
Rotation gain: 1.24, direction: 1, curvature radius: 7.5
{'type': 'running', 'physical': {'user_x': 215.0412149658396, 'user_y': 436.7409469046966, 'user_direction': 5.791061448943741}, 'virtual': {'user_x': 2242.343005230193, 'user_y': 6951.854771366332, 'user_direction': 0.2723318687836789}, 'user_v': 7.999999999999999, 'user_w': 0, 'delta_t': 0.02, 'need_reset': False}
Tangent angle: 0.4011037603110088, User angle: 5.791061448943741, Offset angle: 0.49871889463757785
Target angle: 6.1855701728530175, distance: 367.214902465235, angle diff: 0.3945087239092766, rotation direction: 1
Basic rotation angle: 1.693121693121693, rotation gain: 2.7848945021007894e-05
Rotation gain: 1.24, direction: 1, curvature radius: 7.5
{'type': 'running', 'physical': {'user_x': 220.69920341359105, 'user_y': 433.86004635280085, 'user_direction': 5.812225470107762}, 'virtual': {'user_x': 2250.0481755815035, 'user_y': 6954.006596140166, 'user_direction': 0.2723318687836784}, 'user_v': 7.999999999999999, 'user_w': 0, 'delta_t': 0.02, 'need_reset': False}
Tangent angle: 0.4128437618410832, User angle: 5.812225470107762, Offset angle: 0.5040608545769868
Target angle: 6.1919682144436825, distance: 362.59009706413366, angle diff: 0.37974274433592026, rotation direction: 1
Basic rotation angle: 1.693121693121693, rotation gain: 0.0001947560984480761
Rotation gain: 1.24, direction: 1, curvature radius: 7.5
{'type': 'running', 'physical': {'user_x': 226.4168916461272, 'user_y': 431.0995278253644, 'user_direction': 5.833389491271784}, 'virtual': {'user_x': 2257.753345932814, 'user_y': 6956.158420914, 'user_direction': 0.2723318687836779}, 'user_v': 7.999999999999999, 'user_w': 0, 'delta_t': 0.02, 'need_reset': False}
Tangent angle: 0.4246068022014189, User angle: 5.833389491271784, Offset angle: 0.5095871688274912
Target angle: 6.198204940553514, distance: 357.89901976417354, angle diff: 0.36481544928173015, rotation direction: 1
Basic rotation angle: 1.693121693121693, rotation gain: 5.087456455261263e-05
Rotation gain: 1.24, direction: 1, curvature radius: 7.5
{'type': 'running', 'physical': {'user_x': 232.19171871618883, 'user_y': 428.4606277560769, 'user_direction': 5.854553512435805}, 'virtual': {'user_x': 2265.458516284125, 'user_y': 6958.310245687834, 'user_direction': 0.2723318687836773}, 'user_v': 7.999999999999999, 'user_w': 0, 'delta_t': 0.02, 'need_reset': False}
Tangent angle: 0.43639384503656764, User angle: 5.854553512435805, Offset angle: 0.5153060545919631
Target angle: 6.204273097624191, distance: 353.1411729192596, angle diff: 0.3497195851883861, rotation direction: 1
Basic rotation angle: 1.693121693121693, rotation gain: 0.00017887207670926365
Rotation gain: 1.24, direction: 1, curvature radius: 7.5
{'type': 'running', 'physical': {'user_x': 238.02109808408431, 'user_y': 425.9445281058332, 'user_direction': 5.875717533599826}, 'virtual': {'user_x': 2273.1636866354356, 'user_y': 6960.462070461668, 'user_direction': 0.27233186878367655}, 'user_v': 7.999999999999999, 'user_w': 0, 'delta_t': 0.02, 'need_reset': False}
Tangent angle: 0.44820590426134377, User angle: 5.875717533599826, Offset angle: 0.5212262770978546
Target angle: 6.210164934343076, distance: 348.3159955106185, angle diff: 0.3344474007432492, rotation direction: 1
Basic rotation angle: 1.693121693121693, rotation gain: 6.891188050538372e-05
Rotation gain: 1.24, direction: 1, curvature radius: 7.5
{'type': 'running', 'physical': {'user_x': 243.9024187761984, 'user_y': 423.55235583333416, 'user_direction': 5.896881554763848}, 'virtual': {'user_x': 2280.8688569867463, 'user_y': 6962.613895235502, 'user_direction': 0.27233186878367566}, 'user_v': 7.999999999999999, 'user_w': 0, 'delta_t': 0.02, 'need_reset': False}
Tangent angle: 0.46004404747379857, User angle: 5.896881554763848, Offset angle: 0.5273571974294194
Target angle: 6.2158721572239655, distance: 343.4228566729482, angle diff: 0.3189906024601177, rotation direction: 1
Basic rotation angle: 1.693121693121693, rotation gain: 0.00016709847184661364
Rotation gain: 1.24, direction: 1, curvature radius: 7.5
{'type': 'running', 'physical': {'user_x': 249.83304655444488, 'user_y': 421.2851823903233, 'user_direction': 5.918045575927869}, 'virtual': {'user_x': 2288.574027338057, 'user_y': 6964.765720009336, 'user_direction': 0.27233186878367455}, 'user_v': 7.999999999999999, 'user_w': 0, 'delta_t': 0.02, 'need_reset': False}
Tangent angle: 0.47190939964701517, User angle: 5.918045575927869, Offset angle: 0.5337088257269876
Target angle: 6.221385881099613, distance: 338.4610484510759, angle diff: 0.30334030517174426, rotation direction: 1
Basic rotation angle: 1.693121693121693, rotation gain: 8.308755910406247e-05
Rotation gain: 1.24, direction: 1, curvature radius: 7.5
{'type': 'running', 'physical': {'user_x': 255.81032509613934, 'user_y': 419.1440232416842, 'user_direction': 5.939209597091891}, 'virtual': {'user_x': 2296.2791976893677, 'user_y': 6966.91754478317, 'user_direction': 0.2723318687836731}, 'user_v': 7.999999999999999, 'user_w': 0, 'delta_t': 0.02, 'need_reset': False}
Tangent angle: 0.48380314712668104, User angle: 5.939209597091891, Offset angle: 0.5402918805004627
Target angle: 6.226696573805804, distance: 333.42977767384514, angle diff: 0.28748697671391366, rotation direction: 1
Basic rotation angle: 1.693121693121693, rotation gain: 0.0001584273271601811
Rotation gain: 1.24, direction: 1, curvature radius: 7.5
{'type': 'running', 'physical': {'user_x': 261.8315771837637, 'user_y': 417.12983741061464, 'user_direction': 5.960373618255912}, 'virtual': {'user_x': 2303.9843680406784, 'user_y': 6969.069369557004, 'user_direction': 0.2723318687836711}, 'user_v': 7.999999999999999, 'user_w': 0, 'delta_t': 0.02, 'need_reset': False}
Tangent angle: 0.49572654196442434, User angle: 5.960373618255912, Offset angle: 0.5471178549304461
Target angle: 6.2317939942135645, distance: 328.32815681188384, angle diff: 0.27142037595765256, rotation direction: 1
Basic rotation angle: 1.693121693121693, rotation gain: 9.42598099218933e-05
Rotation gain: 1.24, direction: 1, curvature radius: 7.5
{'type': 'running', 'physical': {'user_x': 267.89410590408943, 'user_y': 415.2435270490813, 'user_direction': 5.981537639419933}, 'virtual': {'user_x': 2311.689538391989, 'user_y': 6971.221194330838, 'user_direction': 0.27233186878366833}, 'user_v': 7.999999999999999, 'user_w': 0, 'delta_t': 0.02, 'need_reset': False}
Tangent angle: 0.5076809066202768, User angle: 5.981537639419933, Offset angle: 0.5541990911820012
Target angle: 6.236667122617861, distance: 323.1551936616642, angle diff: 0.25512948319792805, rotation direction: 1
Basic rotation angle: 1.693121693121693, rotation gain: 0.0001520821651924411
Rotation gain: 1.24, direction: 1, curvature radius: 7.5
{'type': 'running', 'physical': {'user_x': 273.99519585612245, 'user_y': 413.4859370337466, 'user_direction': 6.002701660583955}, 'virtual': {'user_x': 2319.3947087433, 'user_y': 6973.3730191046725, 'user_direction': 0.27233186878366417}, 'user_v': 7.999999999999999, 'user_w': 0, 'delta_t': 0.02, 'need_reset': False}
Tangent angle: 0.5196676390714834, User angle: 6.002701660583955, Offset angle: 0.5615488639390324
Target angle: 6.241304082312038, distance: 317.909779668804, angle diff: 0.23860242172808288, rotation direction: 1
Basic rotation angle: 1.693121693121693, rotation gain: 0.0001030805318198476
Rotation gain: 1.24, direction: 1, curvature radius: 7.5
{'type': 'running', 'physical': {'user_x': 280.1321143673287, 'user_y': 411.8578545875492, 'user_direction': 6.023865681747976}, 'virtual': {'user_x': 2327.0998790946105, 'user_y': 6975.5248438785065, 'user_direction': 0.27233186878365706}, 'user_v': 7.999999999999999, 'user_w': 0, 'delta_t': 0.02, 'need_reset': False}
Tangent angle: 0.5316882183691889, User angle: 6.023865681747976, Offset angle: 0.5691814745891486
Target angle: 6.245692050959627, distance: 312.5906766676118, angle diff: 0.22182636921165066, rotation direction: 1
Basic rotation angle: 1.693121693121693, rotation gain: 0.0001474628736864806
Rotation gain: 1.24, direction: 1, curvature radius: 7.5
{'type': 'running', 'physical': {'user_x': 286.3021127175958, 'user_y': 410.3600089271075, 'user_direction': 6.0450297029119975}, 'virtual': {'user_x': 2334.805049445921, 'user_y': 6977.676668652341, 'user_direction': 0.2723318687836423}, 'user_v': 7.999999999999999, 'user_w': 0, 'delta_t': 0.02, 'need_reset': False}
Tangent angle: 0.5437442106894679, User angle: 6.0450297029119975, Offset angle: 0.5771123577594545
Target angle: 6.2498171601095995, distance: 307.1965017697479, angle diff: 0.20478745719760205, rotation direction: 1
Basic rotation angle: 1.693121693121693, rotation gain: 0.00011004270594031367
Rotation gain: 1.24, direction: 1, curvature radius: 7.5
{'type': 'running', 'physical': {'user_x': 292.50242737038195, 'user_y': 408.99307093610446, 'user_direction': 6.066193724076019}, 'virtual': {'user_x': 2341.444124045266, 'user_y': 6979.530764609579, 'user_direction': 0.2723318687836423}, 'user_v': 0, 'user_w': 0.1, 'delta_t': 0.02, 'need_reset': False}
Tangent angle: 0.5558372759307129, User angle: 6.066193724076019, Offset angle: 0.5853582022354792
Target angle: 6.25366438087482, distance: 301.7257100804094, angle diff: 0.18747065679880137, rotation direction: 1
Basic rotation angle: 0.0, rotation gain: 8.82743456323073e-05
Rotation gain: 1.24, direction: 1, curvature radius: 2500000
{'type': 'running', 'physical': {'user_x': 298.7302812105017, 'user_y': 407.75765286479907, 'user_direction': 6.08735774524004}, 'virtual': {'user_x': 2341.444124045266, 'user_y': 6979.530764609579, 'user_direction': 0.1723318687836423}, 'user_v': 0, 'user_w': 0.1, 'delta_t': 0.02, 'need_reset': False}
Tangent angle: 0.5679691749157487, User angle: 6.08735774524004, Offset angle: 0.5939370887046969
Target angle: 6.257217393390638, distance: 296.1765748528308, angle diff: 0.16985964815059784, rotation direction: 1
Basic rotation angle: 0.0, rotation gain: 6.918649186638166e-05
Rotation gain: 1.24, direction: 1, curvature radius: 2500000
{'type': 'running', 'physical': {'user_x': 298.7302812105017, 'user_y': 407.75765286479907, 'user_direction': 6.168002906530363}, 'virtual': {'user_x': 2341.444124045266, 'user_y': 6979.530764609579, 'user_direction': 0.07233186878364228}, 'user_v': 0, 'user_w': 0.1, 'delta_t': 0.02, 'need_reset': False}
Tangent angle: 0.5679691749157487, User angle: 6.168002906530363, Offset angle: 0.5939370887046969
Target angle: 6.257217393390638, distance: 296.1765748528308, angle diff: 0.08921448686027489, rotation direction: 1
Basic rotation angle: 0.0, rotation gain: 5.248461982119674e-05
Rotation gain: 1.24, direction: 1, curvature radius: 2500000
{'type': 'running', 'physical': {'user_x': 298.7302812105017, 'user_y': 407.75765286479907, 'user_direction': 6.248648067820686}, 'virtual': {'user_x': 2341.444124045266, 'user_y': 6979.530764609579, 'user_direction': -0.027668131216357722}, 'user_v': 0, 'user_w': 0.1, 'delta_t': 0.02, 'need_reset': False}
Tangent angle: 0.5679691749157487, User angle: 6.248648067820686, Offset angle: 0.5939370887046969
Target angle: 6.257217393390638, distance: 296.1765748528308, angle diff: 0.008569325569951936, rotation direction: 1
Basic rotation angle: 0.0, rotation gain: 3.787048178165994e-05
Rotation gain: 1.24, direction: 1, curvature radius: 2500000
{'type': 'running', 'physical': {'user_x': 298.7302812105017, 'user_y': 407.75765286479907, 'user_direction': 0.04610792193142288}, 'virtual': {'user_x': 2341.444124045266, 'user_y': 6979.530764609579, 'user_direction': -0.12766813121635773}, 'user_v': 0, 'user_w': 0.1, 'delta_t': 0.02, 'need_reset': False}
Tangent angle: 0.5679691749157487, User angle: 0.04610792193142288, Offset angle: 0.5939370887046969
Target angle: 6.257217393390638, distance: 296.1765748528308, angle diff: 0.07207583572037102, rotation direction: -1
Basic rotation angle: 0.0, rotation gain: 2.5083110997065235e-05
Rotation gain: 1.24, direction: -1, curvature radius: 2500000
{'type': 'running', 'physical': {'user_x': 298.7302812105017, 'user_y': 407.75765286479907, 'user_direction': 0.12675308322174547}, 'virtual': {'user_x': 2341.444124045266, 'user_y': 6979.530764609579, 'user_direction': -0.22766813121635773}, 'user_v': 0, 'user_w': 0.1, 'delta_t': 0.02, 'need_reset': False}
Tangent angle: 0.5679691749157487, User angle: 0.12675308322174547, Offset angle: 0.5939370887046969
Target angle: 6.257217393390638, distance: 296.1765748528308, angle diff: 0.15272099701069397, rotation direction: -1
Basic rotation angle: 0.0, rotation gain: 1.389416156054487e-05
Rotation gain: 1.24, direction: -1, curvature radius: 2500000
{'type': 'running', 'physical': {'user_x': 298.7302812105017, 'user_y': 407.75765286479907, 'user_direction': 0.20739824451206806}, 'virtual': {'user_x': 2341.444124045266, 'user_y': 6979.530764609579, 'user_direction': -0.32766813121635774}, 'user_v': 0, 'user_w': 0.1, 'delta_t': 0.02, 'need_reset': False}
Tangent angle: 0.5679691749157487, User angle: 0.20739824451206806, Offset angle: 0.5939370887046969
Target angle: 6.257217393390638, distance: 296.1765748528308, angle diff: 0.23336615830101604, rotation direction: -1
Basic rotation angle: 0.0, rotation gain: 4.103830803589551e-06
Rotation gain: 1.24, direction: -1, curvature radius: 2500000
{'type': 'running', 'physical': {'user_x': 298.7302812105017, 'user_y': 407.75765286479907, 'user_direction': 0.28804340580239063}, 'virtual': {'user_x': 2341.444124045266, 'user_y': 6979.530764609579, 'user_direction': -0.4276681312163577}, 'user_v': 0, 'user_w': 0.1, 'delta_t': 0.02, 'need_reset': False}
Tangent angle: 0.5679691749157487, User angle: 0.28804340580239063, Offset angle: 0.5939370887046969
Target angle: 6.257217393390638, distance: 296.1765748528308, angle diff: 0.314011319591339, rotation direction: -1
Basic rotation angle: 0.0, rotation gain: 4.462708608746354e-06
Rotation gain: 1.24, direction: -1, curvature radius: 2500000
{'type': 'running', 'physical': {'user_x': 298.7302812105017, 'user_y': 407.75765286479907, 'user_direction': 0.36868856709271325}, 'virtual': {'user_x': 2341.444124045266, 'user_y': 6979.530764609579, 'user_direction': -0.5276681312163577}, 'user_v': 0, 'user_w': 0.1, 'delta_t': 0.02, 'need_reset': False}
Tangent angle: 0.5679691749157487, User angle: 0.36868856709271325, Offset angle: 0.5939370887046969
Target angle: 6.257217393390638, distance: 296.1765748528308, angle diff: 0.39465648088166105, rotation direction: -1
Basic rotation angle: 0.0, rotation gain: 4.148690529234151e-06
Rotation gain: 1.24, direction: -1, curvature radius: 2500000
{'type': 'running', 'physical': {'user_x': 298.7302812105017, 'user_y': 407.75765286479907, 'user_direction': 0.44933372838303587}, 'virtual': {'user_x': 2341.444124045266, 'user_y': 6979.530764609579, 'user_direction': -0.6276681312163577}, 'user_v': 0, 'user_w': 0.1, 'delta_t': 0.02, 'need_reset': False}
Tangent angle: 0.5679691749157487, User angle: 0.44933372838303587, Offset angle: 0.5939370887046969
Target angle: 6.257217393390638, distance: 296.1765748528308, angle diff: 0.475301642171984, rotation direction: -1
Basic rotation angle: 0.0, rotation gain: 4.423456348807329e-06
Rotation gain: 1.24, direction: -1, curvature radius: 2500000
{'type': 'running', 'physical': {'user_x': 298.7302812105017, 'user_y': 407.75765286479907, 'user_direction': 0.5299788896733585}, 'virtual': {'user_x': 2341.444124045266, 'user_y': 6979.530764609579, 'user_direction': -0.7276681312163576}, 'user_v': 0, 'user_w': 0.1, 'delta_t': 0.02, 'need_reset': False}
Tangent angle: 0.5679691749157487, User angle: 0.5299788896733585, Offset angle: 0.5939370887046969
Target angle: 6.257217393390638, distance: 296.1765748528308, angle diff: 0.555946803462307, rotation direction: -1
Basic rotation angle: 0.0, rotation gain: 4.183036256680798e-06
Rotation gain: 1.24, direction: -1, curvature radius: 2500000
{'type': 'running', 'physical': {'user_x': 298.7302812105017, 'user_y': 407.75765286479907, 'user_direction': 0.6106240509636811}, 'virtual': {'user_x': 2341.444124045266, 'user_y': 6979.530764609579, 'user_direction': -0.8276681312163576}, 'user_v': 0, 'user_w': 0.1, 'delta_t': 0.02, 'need_reset': False}
Tangent angle: 0.5679691749157487, User angle: 0.6106240509636811, Offset angle: 0.5939370887046969
Target angle: 1.1619062636204456, distance: 296.1765748528308, angle diff: 0.5512822126567645, rotation direction: 1
Basic rotation angle: 0.0, rotation gain: 1.6925234281641845e-05
Rotation gain: 1.24, direction: 1, curvature radius: 2500000
{'type': 'running', 'physical': {'user_x': 298.7302812105017, 'user_y': 407.75765286479907, 'user_direction': 0.6912692122540037}, 'virtual': {'user_x': 2341.444124045266, 'user_y': 6979.530764609579, 'user_direction': -0.9276681312163576}, 'user_v': 0, 'user_w': 0.1, 'delta_t': 0.02, 'need_reset': False}
Tangent angle: 0.5679691749157487, User angle: 0.6912692122540037, Offset angle: 0.5939370887046969
Target angle: 1.1619062636204456, distance: 296.1765748528308, angle diff: 0.47063705136644185, rotation direction: 1
Basic rotation angle: 0.0, rotation gain: 2.8074657553482763e-05
Rotation gain: 1.24, direction: 1, curvature radius: 2500000
{'type': 'running', 'physical': {'user_x': 298.7302812105017, 'user_y': 407.75765286479907, 'user_direction': 0.7719143735443263}, 'virtual': {'user_x': 2341.444124045266, 'user_y': 6979.530764609579, 'user_direction': -1.0276681312163576}, 'user_v': 0, 'user_w': 0.1, 'delta_t': 0.02, 'need_reset': False}
Tangent angle: 0.5679691749157487, User angle: 0.7719143735443263, Offset angle: 0.5939370887046969
Target angle: 1.1619062636204456, distance: 296.1765748528308, angle diff: 0.38999189007611923, rotation direction: 1
Basic rotation angle: 0.0, rotation gain: 3.783040291634357e-05
Rotation gain: 1.24, direction: 1, curvature radius: 2500000
{'type': 'running', 'physical': {'user_x': 298.7302812105017, 'user_y': 407.75765286479907, 'user_direction': 0.852559534834649}, 'virtual': {'user_x': 2341.444124045266, 'user_y': 6979.530764609579, 'user_direction': -1.1276681312163577}, 'user_v': 0, 'user_w': 0.1, 'delta_t': 0.02, 'need_reset': False}
Tangent angle: 0.5679691749157487, User angle: 0.852559534834649, Offset angle: 0.5939370887046969
Target angle: 1.1619062636204456, distance: 296.1765748528308, angle diff: 0.3093467287857966, rotation direction: 1
Basic rotation angle: 0.0, rotation gain: 4.636668010884677e-05
Rotation gain: 1.24, direction: 1, curvature radius: 2500000
{'type': 'running', 'physical': {'user_x': 298.7302812105017, 'user_y': 407.75765286479907, 'user_direction': 0.9332046961249716}, 'virtual': {'user_x': 2341.444124045266, 'user_y': 6979.530764609579, 'user_direction': -1.2276681312163578}, 'user_v': 0, 'user_w': 0.1, 'delta_t': 0.02, 'need_reset': False}
Tangent angle: 0.5679691749157487, User angle: 0.9332046961249716, Offset angle: 0.5939370887046969
Target angle: 1.1619062636204456, distance: 296.1765748528308, angle diff: 0.228701567495474, rotation direction: 1
Basic rotation angle: 0.0, rotation gain: 5.383592265228707e-05
Rotation gain: 1.24, direction: 1, curvature radius: 2500000
{'type': 'running', 'physical': {'user_x': 298.7302812105017, 'user_y': 407.75765286479907, 'user_direction': 1.013849857415294}, 'virtual': {'user_x': 2341.444124045266, 'user_y': 6979.530764609579, 'user_direction': -1.3276681312163578}, 'user_v': 0, 'user_w': 0.1, 'delta_t': 0.02, 'need_reset': False}
Tangent angle: 0.5679691749157487, User angle: 1.013849857415294, Offset angle: 0.5939370887046969
Target angle: 1.1619062636204456, distance: 296.1765748528308, angle diff: 0.14805640620515148, rotation direction: 1
Basic rotation angle: 0.0, rotation gain: 6.037150987779734e-05
Rotation gain: 1.24, direction: 1, curvature radius: 2500000
{'type': 'running', 'physical': {'user_x': 298.7302812105017, 'user_y': 407.75765286479907, 'user_direction': 1.0944950187056166}, 'virtual': {'user_x': 2341.444124045266, 'user_y': 6979.530764609579, 'user_direction': -1.427668131216358}, 'user_v': 0, 'user_w': 0.1, 'delta_t': 0.02, 'need_reset': False}
Tangent angle: 0.5679691749157487, User angle: 1.0944950187056166, Offset angle: 0.5939370887046969
Target angle: 1.1619062636204456, distance: 296.1765748528308, angle diff: 0.06741124491482897, rotation direction: 1
Basic rotation angle: 0.0, rotation gain: 6.609014870011881e-05
Rotation gain: 1.24, direction: 1, curvature radius: 2500000
{'type': 'running', 'physical': {'user_x': 298.7302812105017, 'user_y': 407.75765286479907, 'user_direction': 1.1751401799959391}, 'virtual': {'user_x': 2341.444124045266, 'user_y': 6979.530764609579, 'user_direction': -1.527668131216358}, 'user_v': 0, 'user_w': 0.1, 'delta_t': 0.02, 'need_reset': False}
Tangent angle: 0.5679691749157487, User angle: 1.1751401799959391, Offset angle: 0.5939370887046969
Target angle: 1.1619062636204456, distance: 296.1765748528308, angle diff: 0.013233916375493537, rotation direction: -1
Basic rotation angle: 0.0, rotation gain: 7.10939576696501e-05
Rotation gain: 1.24, direction: -1, curvature radius: 2500000
{'type': 'running', 'physical': {'user_x': 298.7302812105017, 'user_y': 407.75765286479907, 'user_direction': 1.2557853412862616}, 'virtual': {'user_x': 2341.444124045266, 'user_y': 6979.530764609579, 'user_direction': -1.6276681312163581}, 'user_v': 0, 'user_w': 0.1, 'delta_t': 0.02, 'need_reset': False}
Tangent angle: 0.5679691749157487, User angle: 1.2557853412862616, Offset angle: 0.5939370887046969
Target angle: 1.1619062636204456, distance: 296.1765748528308, angle diff: 0.09387907766581605, rotation direction: -1
Basic rotation angle: 0.0, rotation gain: 7.547229051798998e-05
Rotation gain: 1.24, direction: -1, curvature radius: 2500000
{'type': 'running', 'physical': {'user_x': 298.7302812105017, 'user_y': 407.75765286479907, 'user_direction': 1.3364305025765841}, 'virtual': {'user_x': 2341.444124045266, 'user_y': 6979.530764609579, 'user_direction': -1.7276681312163582}, 'user_v': 0, 'user_w': 0.1, 'delta_t': 0.02, 'need_reset': False}
Tangent angle: 0.5679691749157487, User angle: 1.3364305025765841, Offset angle: 0.5939370887046969
Target angle: 1.1619062636204456, distance: 296.1765748528308, angle diff: 0.17452423895613856, rotation direction: -1
Basic rotation angle: 0.0, rotation gain: 7.930333176028737e-05
Rotation gain: 1.24, direction: -1, curvature radius: 2500000
{'type': 'running', 'physical': {'user_x': 298.7302812105017, 'user_y': 407.75765286479907, 'user_direction': 1.4170756638669066}, 'virtual': {'user_x': 2341.444124045266, 'user_y': 6979.530764609579, 'user_direction': -1.8276681312163583}, 'user_v': 0, 'user_w': 0.1, 'delta_t': 0.02, 'need_reset': False}
Tangent angle: 0.5679691749157487, User angle: 1.4170756638669066, Offset angle: 0.5939370887046969
Target angle: 1.1619062636204456, distance: 296.1765748528308, angle diff: 0.25516940024646106, rotation direction: -1
Basic rotation angle: 0.0, rotation gain: 8.265549284729759e-05
Rotation gain: 1.24, direction: -1, curvature radius: 2500000
{'type': 'running', 'physical': {'user_x': 298.7302812105017, 'user_y': 407.75765286479907, 'user_direction': 1.4977208251572292}, 'virtual': {'user_x': 2341.444124045266, 'user_y': 6979.530764609579, 'user_direction': -1.9276681312163584}, 'user_v': 0, 'user_w': 0.1, 'delta_t': 0.02, 'need_reset': False}
Tangent angle: 0.5679691749157487, User angle: 1.4977208251572292, Offset angle: 0.5939370887046969
Target angle: 1.1619062636204456, distance: 296.1765748528308, angle diff: 0.3358145615367836, rotation direction: -1
Basic rotation angle: 0.0, rotation gain: 8.558863379843154e-05
Rotation gain: 1.24, direction: -1, curvature radius: 2500000
{'type': 'running', 'physical': {'user_x': 298.7302812105017, 'user_y': 407.75765286479907, 'user_direction': 1.5783659864475517}, 'virtual': {'user_x': 2341.444124045266, 'user_y': 6979.530764609579, 'user_direction': -2.0276681312163585}, 'user_v': 0, 'user_w': 0.1, 'delta_t': 0.02, 'need_reset': False}
Tangent angle: 0.5679691749157487, User angle: 1.5783659864475517, Offset angle: 0.5939370887046969
Target angle: 1.1619062636204456, distance: 296.1765748528308, angle diff: 0.4164597228271061, rotation direction: -1
Basic rotation angle: 0.0, rotation gain: 8.815513213067374e-05
Rotation gain: 1.24, direction: -1, curvature radius: 2500000
{'type': 'running', 'physical': {'user_x': 298.7302812105017, 'user_y': 407.75765286479907, 'user_direction': 1.6590111477378742}, 'virtual': {'user_x': 2341.444124045266, 'user_y': 6979.530764609579, 'user_direction': -2.1276681312163586}, 'user_v': 0, 'user_w': 0.1, 'delta_t': 0.02, 'need_reset': False}
Tangent angle: 0.5679691749157487, User angle: 1.6590111477378742, Offset angle: 0.5939370887046969
Target angle: 1.1619062636204456, distance: 296.1765748528308, angle diff: 0.4971048841174286, rotation direction: -1
Basic rotation angle: 0.0, rotation gain: 9.040081817138566e-05
Rotation gain: 1.24, direction: -1, curvature radius: 2500000
{'type': 'running', 'physical': {'user_x': 298.7302812105017, 'user_y': 407.75765286479907, 'user_direction': 1.7396563090281967}, 'virtual': {'user_x': 2341.444124045266, 'user_y': 6979.530764609579, 'user_direction': -2.2276681312163586}, 'user_v': 0, 'user_w': 0.1, 'delta_t': 0.02, 'need_reset': False}
Tangent angle: 0.5679691749157487, User angle: 1.7396563090281967, Offset angle: 0.5939370887046969
Target angle: 1.1619062636204456, distance: 296.1765748528308, angle diff: 0.5777500454077511, rotation direction: -1
Basic rotation angle: 0.0, rotation gain: 9.23657934570086e-05
Rotation gain: 1.24, direction: -1, curvature radius: 2500000
{'type': 'running', 'physical': {'user_x': 298.7302812105017, 'user_y': 407.75765286479907, 'user_direction': 1.8203014703185192}, 'virtual': {'user_x': 2341.444124045266, 'user_y': 6979.530764609579, 'user_direction': -2.3632851779365383}, 'user_v': 7.999999999999999, 'user_w': 0, 'delta_t': 0.02, 'need_reset': False}
Tangent angle: 0.5679691749157487, User angle: 1.8203014703185192, Offset angle: 0.5939370887046969
Target angle: 1.1619062636204456, distance: 296.1765748528308, angle diff: 0.6583952066980736, rotation direction: -1
Basic rotation angle: 1.693121693121693, rotation gain: 0.0004787723959862669
Rotation gain: 1.24, direction: -1, curvature radius: 7.5
{'type': 'running', 'physical': {'user_x': 298.7302812105017, 'user_y': 407.75765286479907, 'user_direction': 1.9009466316088417}, 'virtual': {'user_x': 2335.7473013514377, 'user_y': 6973.914163217716, 'user_direction': -2.3632851779365383}, 'user_v': 7.999999999999999, 'user_w': 0, 'delta_t': 0.02, 'need_reset': False}
Tangent angle: 0.5679691749157487, User angle: 1.9009466316088417, Offset angle: 0.5939370887046969
Target angle: 1.1619062636204456, distance: 296.1765748528308, angle diff: 0.7390403679883961, rotation direction: -1
Basic rotation angle: 1.693121693121693, rotation gain: 0.0008168781731993679
Rotation gain: 1.24, direction: -1, curvature radius: 7.5
{'type': 'running', 'physical': {'user_x': 296.7995314723685, 'user_y': 413.8061755533157, 'user_direction': 1.8797826104448205}, 'virtual': {'user_x': 2330.0504786576093, 'user_y': 6968.297561825853, 'user_direction': -2.363285177936537}, 'user_v': 7.999999999999999, 'user_w': 0, 'delta_t': 0.02, 'need_reset': False}
Tangent angle: 0.5507188966774637, User angle: 1.8797826104448205, Offset angle: 0.5969255943207877
Target angle: 1.1476444909982515, distance: 294.2765100674159, angle diff: 0.732138119446569, rotation direction: -1
Basic rotation angle: 1.693121693121693, rotation gain: 0.0011085394688485955
Rotation gain: 1.24, direction: -1, curvature radius: 7.5
{'type': 'running', 'physical': {'user_x': 294.99721563078646, 'user_y': 419.89420305588044, 'user_direction': 1.8586185892807994}, 'virtual': {'user_x': 2324.353655963781, 'user_y': 6962.680960433991, 'user_direction': -2.363285177936536}, 'user_v': 7.999999999999999, 'user_w': 0, 'delta_t': 0.02, 'need_reset': False}
Tangent angle: 0.5334089392594366, User angle: 1.8586185892807994, Offset angle: 0.5999929252270767
Target angle: 1.1334018644865131, distance: 292.3436275444522, angle diff: 0.7252167247942862, rotation direction: -1
Basic rotation angle: 1.693121693121693, rotation gain: 0.0013595421656922501
Rotation gain: 1.24, direction: -1, curvature radius: 7.5
{'type': 'running', 'physical': {'user_x': 293.32414094135027, 'user_y': 426.01900855061825, 'user_direction': 1.8374545681167782}, 'virtual': {'user_x': 2318.6568332699526, 'user_y': 6957.064359042128, 'user_direction': -2.363285177936535}, 'user_v': 7.999999999999999, 'user_w': 0, 'delta_t': 0.02, 'need_reset': False}
Tangent angle: 0.5160375879950512, User angle: 1.8374545681167782, Offset angle: 0.6031404494182152
Target angle: 1.1191780374132665, distance: 290.3781464144136, angle diff: 0.7182765307035117, rotation direction: -1
Basic rotation angle: 1.693121693121693, rotation gain: 0.0015749491789921759
Rotation gain: 1.24, direction: -1, curvature radius: 7.5
{'type': 'running', 'physical': {'user_x': 291.7810567726625, 'user_y': 432.1778487428255, 'user_direction': 1.816290546952757}, 'virtual': {'user_x': 2312.960010576124, 'user_y': 6951.447757650265, 'user_direction': -2.3632851779365334}, 'user_v': 7.999999999999999, 'user_w': 0, 'delta_t': 0.02, 'need_reset': False}
Tangent angle: 0.4986030916723885, User angle: 1.816290546952757, Offset angle: 0.6063695760494119
Target angle: 1.1049726677218004, distance: 288.38028957743046, angle diff: 0.7113178792309567, rotation direction: -1
Basic rotation angle: 1.693121693121693, rotation gain: 0.0017591908257304093
Rotation gain: 1.24, direction: -1, curvature radius: 7.5
{'type': 'running', 'physical': {'user_x': 290.3686542706919, 'user_y': 438.3679650936892, 'user_direction': 1.7951265257887359}, 'virtual': {'user_x': 2307.263187882296, 'user_y': 6945.831156258402, 'user_direction': -2.363285177936532}, 'user_v': 7.999999999999999, 'user_w': 0, 'delta_t': 0.02, 'need_reset': False}
Tangent angle: 0.48110366152881, User angle: 1.7951265257887359, Offset angle: 0.6096817562949287
Target angle: 1.0907854178237386, distance: 286.3502836843317, angle diff: 0.7043411079649973, rotation direction: -1
Basic rotation angle: 1.693121693121693, rotation gain: 0.0019161438977114034
Rotation gain: 1.24, direction: -1, curvature radius: 7.5
{'type': 'running', 'physical': {'user_x': 289.08756604920984, 'user_y': 444.58658505583367, 'user_direction': 1.7739625046247147}, 'virtual': {'user_x': 2301.5663651884674, 'user_y': 6940.2145548665385, 'user_direction': -2.3632851779365303}, 'user_v': 7.999999999999999, 'user_w': 0, 'delta_t': 0.02, 'need_reset': False}
Tangent angle: 0.4635374702389865, User angle: 1.7739625046247147, Offset angle: 0.6130784842140388
Target angle: 1.0766159544530254, distance: 284.28835911766083, angle diff: 0.6973465501716893, rotation direction: -1
Basic rotation angle: 1.693121693121693, rotation gain: 0.0020492008505619075
Rotation gain: 1.24, direction: -1, curvature radius: 7.5
{'type': 'running', 'physical': {'user_x': 287.9383659064432, 'user_y': 450.83092331514246, 'user_direction': 1.7527984834606936}, 'virtual': {'user_x': 2295.869542494639, 'user_y': 6934.597953474676, 'user_direction': -2.3632851779365343}, 'user_v': 7.999999999999999, 'user_w': 0, 'delta_t': 0.02, 'need_reset': False}
Tangent angle: 0.44590265089811965, User angle: 1.7527984834606936, Offset angle: 0.6165612976224631
Target angle: 1.0624639485205827, distance: 282.19474997269856, angle diff: 0.6903345349401109, rotation direction: -1
Basic rotation angle: 1.693121693121693, rotation gain: 0.002161330344139065
Rotation gain: 1.24, direction: -1, curvature radius: 7.5
{'type': 'running', 'physical': {'user_x': 286.92156856807065, 'user_y': 457.09818303829746, 'user_direction': 1.7316344622966724}, 'virtual': {'user_x': 2290.1727198008107, 'user_y': 6928.981352082813, 'user_direction': -2.3632851779365325}, 'user_v': 7.999999999999999, 'user_w': 0, 'delta_t': 0.02, 'need_reset': False}
Tangent angle: 0.4281972960023599, User angle: 1.7316344622966724, Offset angle: 0.6201317789670524
Target angle: 1.0483290749694123, distance: 280.06969403852537, angle diff: 0.6833053873272601, rotation direction: -1
Basic rotation angle: 1.693121693121693, rotation gain: 0.002255130215418458
Rotation gain: 1.24, direction: -1, curvature radius: 7.5
{'type': 'running', 'physical': {'user_x': 286.03762945667756, 'user_y': 463.3855571254782, 'user_direction': 1.7104704411326512}, 'virtual': {'user_x': 2284.4758971069823, 'user_y': 6923.364750690949, 'user_direction': -2.3632851779365303}, 'user_v': 7.999999999999999, 'user_w': 0, 'delta_t': 0.02, 'need_reset': False}
Tangent angle: 0.41041945642868516, User angle: 1.7104704411326512, Offset angle: 0.6237915562011994
Target angle: 1.0342110126298847, distance: 277.9134327791632, angle diff: 0.6762594285027665, rotation direction: -1
Basic rotation angle: 1.693121693121693, rotation gain: 0.0023328738297998582
Rotation gain: 1.24, direction: -1, curvature radius: 7.5
{'type': 'running', 'physical': {'user_x': 285.2869444877725, 'user_y': 469.6902294676592, 'user_direction': 1.68930641996863}, 'virtual': {'user_x': 2278.779074413154, 'user_y': 6917.748149299086, 'user_direction': -2.3632851779365356}, 'user_v': 7.999999999999999, 'user_w': 0, 'delta_t': 0.02, 'need_reset': False}
Tangent angle: 0.39256714041678853, User angle: 1.68930641996863, Offset angle: 0.627542303658166
Target angle: 1.0201094440749545, distance: 275.7262113148362, angle diff: 0.6691969758936755, rotation direction: -1
Basic rotation angle: 1.693121693121693, rotation gain: 0.002396550638526175
Rotation gain: 1.24, direction: -1, curvature radius: 7.5
{'type': 'running', 'physical': {'user_x': 284.66984989245714, 'user_y': 476.00937620794264, 'user_direction': 1.668142398804609}, 'virtual': {'user_x': 2273.0822517193255, 'user_y': 6912.131547907224, 'user_direction': -2.3632851779365334}, 'user_v': 7.999999999999999, 'user_w': 0, 'delta_t': 0.02, 'need_reset': False}
Tangent angle: 0.3746383125558608, User angle: 1.668142398804609, Offset angle: 0.6313857429191744
Target angle: 1.0060240554750353, distance: 273.50827840339497, angle diff: 0.6621183433295736, rotation direction: -1
Basic rotation angle: 1.693121693121693, rotation gain: 0.0024479016664491473
Rotation gain: 1.24, direction: -1, curvature radius: 7.5
{'type': 'running', 'physical': {'user_x': 284.18662206682876, 'user_y': 482.3401670063612, 'user_direction': 1.6469783776405877}, 'virtual': {'user_x': 2267.385429025497, 'user_y': 6906.51494651536, 'user_direction': -2.3632851779365303}, 'user_v': 7.999999999999999, 'user_w': 0, 'delta_t': 0.02, 'need_reset': False}
Tangent angle: 0.3566308927794686, User angle: 1.6469783776405877, Offset angle: 0.6353236436727474
Target angle: 0.991954536452216, distance: 271.25988642195335, angle diff: 0.6550238411883718, rotation direction: -1
Basic rotation angle: 1.693121693121693, rotation gain: 0.0024884505638460694
Rotation gain: 1.24, direction: -1, curvature radius: 7.5
{'type': 'running', 'physical': {'user_x': 283.83747744818254, 'user_y': 488.6797663075846, 'user_direction': 1.6258143564765666}, 'virtual': {'user_x': 2261.688606331669, 'user_y': 6900.898345123497, 'user_direction': -2.363285177936538}, 'user_v': 7.999999999999999, 'user_w': 0, 'delta_t': 0.02, 'need_reset': False}
Tangent angle: 0.3385427553721434, User angle: 1.6258143564765666, Offset angle: 0.6393578245613911
Target angle: 0.9779005799335345, distance: 268.9812913487897, angle diff: 0.6479137765430321, rotation direction: -1
Basic rotation angle: 1.693121693121693, rotation gain: 0.002519530776778773
Rotation gain: 1.24, direction: -1, curvature radius: 7.5
{'type': 'running', 'physical': {'user_x': 283.62257241806947, 'user_y': 495.0253346109625, 'user_direction': 1.6046503353125454}, 'virtual': {'user_x': 2255.9917836378404, 'user_y': 6895.281743731634, 'user_direction': -2.3632851779365343}, 'user_v': 7.999999999999999, 'user_w': 0, 'delta_t': 0.02, 'need_reset': False}
Tangent angle: 0.32037172799167424, User angle: 1.6046503353125454, Offset angle: 0.6434901540112702
Target angle: 0.9638618820029444, distance: 266.67275274557034, angle diff: 0.640788453309601, rotation direction: -1
Basic rotation angle: 1.693121693121693, rotation gain: 0.0025423093211746134
Rotation gain: 1.24, direction: -1, curvature radius: 7.5
{'type': 'running', 'physical': {'user_x': 283.54200323225336, 'user_y': 501.3740297423339, 'user_direction': 1.5834863141485243}, 'virtual': {'user_x': 2250.294960944012, 'user_y': 6889.665142339771, 'user_direction': -2.3632851779365303}, 'user_v': 7.999999999999999, 'user_w': 0, 'delta_t': 0.02, 'need_reset': False}
Tangent angle: 0.30211559071156247, User angle: 1.5834863141485243, Offset angle: 0.6477225510400689
Target angle: 0.9498381417516314, distance: 264.3345337399584, angle diff: 0.6336481723968929, rotation direction: -1
Basic rotation angle: 1.693121693121693, rotation gain: 0.002557807585161661
Rotation gain: 1.24, direction: -1, curvature radius: 7.5
{'type': 'running', 'physical': {'user_x': 283.5958059775979, 'user_y': 507.7230081270345, 'user_direction': 1.562322292984503}, 'virtual': {'user_x': 2244.5981382501836, 'user_y': 6884.048540947908, 'user_direction': -2.3632851779365427}, 'user_v': 7.999999999999999, 'user_w': 0, 'delta_t': 0.02, 'need_reset': False}
Tangent angle: 0.28377207508858016, User angle: 1.562322292984503, Offset angle: 0.6520569860377073
Target angle: 0.9358290611262875, distance: 261.9669010086756, angle diff: 0.6264932318582156, rotation direction: -1
Basic rotation angle: 1.693121693121693, rotation gain: 0.0025669195311237144
Rotation gain: 1.24, direction: -1, curvature radius: 7.5
{'type': 'running', 'physical': {'user_x': 283.7839565559032, 'user_y': 514.0694260635311, 'user_direction': 1.541158271820482}, 'virtual': {'user_x': 2238.9013155563553, 'user_y': 6878.431939556045, 'user_direction': -2.3632851779365383}, 'user_v': 7.999999999999999, 'user_w': 0, 'delta_t': 0.02, 'need_reset': False}
Tangent angle: 0.2653388632608924, User angle: 1.541158271820482, Offset angle: 0.6564954815140303
Target angle: 0.9218343447749227, distance: 259.5701247610939, angle diff: 0.6193239270455593, rotation direction: -1
Basic rotation angle: 1.693121693121693, rotation gain: 0.0025704276225074272
Rotation gain: 1.24, direction: -1, curvature radius: 7.5
{'type': 'running', 'physical': {'user_x': 284.10637069469976, 'user_y': 520.4104409971128, 'user_direction': 1.5199942506564608}, 'virtual': {'user_x': 2233.204492862527, 'user_y': 6872.815338164181, 'user_direction': -2.3632851779365303}, 'user_v': 7.999999999999999, 'user_w': 0, 'delta_t': 0.02, 'need_reset': False}
Tangent angle: 0.2468135870827748, User angle: 1.5199942506564608, Offset angle: 0.6610401128069853
Target angle: 0.9078536998897601, distance: 257.1444787234377, angle diff: 0.6121405507667007, rotation direction: -1
Basic rotation angle: 1.693121693121693, rotation gain: 0.0025690167597847043
Rotation gain: 1.24, direction: -1, curvature radius: 7.5
{'type': 'running', 'physical': {'user_x': 284.5629039849936, 'user_y': 526.7432127930688, 'user_direction': 1.4988302294924396}, 'virtual': {'user_x': 2227.507670168698, 'user_y': 6867.198736772319, 'user_direction': -2.36328517793657}, 'user_v': 7.999999999999999, 'user_w': 0, 'delta_t': 0.02, 'need_reset': False}
Tangent angle: 0.22819382730258297, User angle: 1.4988302294924396, Offset angle: 0.6656930087441476
Target angle: 0.8938868360467306, distance: 254.69024012368817, angle diff: 0.604943393445709, rotation direction: -1
Basic rotation angle: 1.693121693121693, rotation gain: 0.0025632864744230066
Rotation gain: 1.24, direction: -1, curvature radius: 7.5
{'type': 'running', 'physical': {'user_x': 285.15335194594724, 'user_y': 533.0649050087819, 'user_direction': 1.4776662083284184}, 'virtual': {'user_x': 2225.358181665457, 'user_y': 6865.079516854841, 'user_direction': -2.36328517793657}, 'user_v': 0, 'user_w': 0.1, 'delta_t': 0.02, 'need_reset': False}
Tangent angle: 0.20947711279127734, User angle: 1.4776662083284184, Offset angle: 0.6704563522497464
Target angle: 0.8799334650410238, distance: 252.20768967728947, angle diff: 0.5977327432873947, rotation direction: -1
Basic rotation angle: 0.0, rotation gain: 0.0022532385295697755
Rotation gain: 1.24, direction: -1, curvature radius: 2500000
{'type': 'running', 'physical': {'user_x': 285.87745011646626, 'user_y': 539.3726861641687, 'user_direction': 1.4565021871643973}, 'virtual': {'user_x': 2225.358181665457, 'user_y': 6865.079516854841, 'user_direction': -2.2632851779365697}, 'user_v': 0, 'user_w': 0.1, 'delta_t': 0.02, 'need_reset': False}
Tangent angle: 0.19066091982953415, User angle: 1.4565021871643973, Offset angle: 0.6753323808885785
Target angle: 0.8659933007181126, distance: 249.69711157376557, angle diff: 0.5905088864462846, rotation direction: -1
Basic rotation angle: 0.0, rotation gain: 0.0019817957201226557
Rotation gain: 1.24, direction: -1, curvature radius: 2500000
{'type': 'running', 'physical': {'user_x': 285.87745011646626, 'user_y': 539.3726861641687, 'user_direction': 1.5371473484547198}, 'virtual': {'user_x': 2225.358181665457, 'user_y': 6865.079516854841, 'user_direction': -2.1632851779365696}, 'user_v': 0, 'user_w': 0.1, 'delta_t': 0.02, 'need_reset': False}
Tangent angle: 0.19066091982953415, User angle: 1.5371473484547198, Offset angle: 0.6753323808885785
Target angle: 0.8659933007181126, distance: 249.69711157376557, angle diff: 0.6711540477366071, rotation direction: -1
Basic rotation angle: 0.0, rotation gain: 0.0017442832618564258
Rotation gain: 1.24, direction: -1, curvature radius: 2500000
{'type': 'running', 'physical': {'user_x': 285.87745011646626, 'user_y': 539.3726861641687, 'user_direction': 1.6177925097450423}, 'virtual': {'user_x': 2225.358181665457, 'user_y': 6865.079516854841, 'user_direction': -2.0632851779365695}, 'user_v': 0, 'user_w': 0.1, 'delta_t': 0.02, 'need_reset': False}
Tangent angle: 0.19066091982953415, User angle: 1.6177925097450423, Offset angle: 0.6753323808885785
Target angle: 0.8659933007181126, distance: 249.69711157376557, angle diff: 0.7517992090269296, rotation direction: -1
Basic rotation angle: 0.0, rotation gain: 0.0015364598608734745
Rotation gain: 1.24, direction: -1, curvature radius: 2500000
{'type': 'running', 'physical': {'user_x': 285.87745011646626, 'user_y': 539.3726861641687, 'user_direction': 1.6984376710353648}, 'virtual': {'user_x': 2225.358181665457, 'user_y': 6865.079516854841, 'user_direction': -1.9632851779365694}, 'user_v': 0, 'user_w': 0.1, 'delta_t': 0.02, 'need_reset': False}
Tangent angle: 0.19066091982953415, User angle: 1.6984376710353648, Offset angle: 0.6753323808885785
Target angle: 0.8659933007181126, distance: 249.69711157376557, angle diff: 0.8324443703172522, rotation direction: -1
Basic rotation angle: 0.0, rotation gain: 0.0013546143850133923
Rotation gain: 1.24, direction: -1, curvature radius: 2500000
{'type': 'running', 'physical': {'user_x': 285.87745011646626, 'user_y': 539.3726861641687, 'user_direction': 1.7790828323256873}, 'virtual': {'user_x': 2225.358181665457, 'user_y': 6865.079516854841, 'user_direction': -1.8632851779365693}, 'user_v': 0, 'user_w': 0.1, 'delta_t': 0.02, 'need_reset': False}
Tangent angle: 0.19066091982953415, User angle: 1.7790828323256873, Offset angle: 0.6753323808885785
Target angle: 0.8659933007181126, distance: 249.69711157376557, angle diff: 0.9130895316075747, rotation direction: -1
Basic rotation angle: 0.0, rotation gain: 0.0011954995936358202
Rotation gain: 1.24, direction: -1, curvature radius: 2500000
{'type': 'running', 'physical': {'user_x': 285.87745011646626, 'user_y': 539.3726861641687, 'user_direction': 1.8597279936160098}, 'virtual': {'user_x': 2225.358181665457, 'user_y': 6865.079516854841, 'user_direction': -1.7632851779365692}, 'user_v': 0, 'user_w': 0.1, 'delta_t': 0.02, 'need_reset': False}
Tangent angle: 0.19066091982953415, User angle: 1.8597279936160098, Offset angle: 0.6753323808885785
Target angle: 0.8659933007181126, distance: 249.69711157376557, angle diff: 0.9937346928978972, rotation direction: -1
Basic rotation angle: 0.0, rotation gain: 0.0010562741511804447
Rotation gain: 1.24, direction: -1, curvature radius: 2500000
{'type': 'running', 'physical': {'user_x': 285.87745011646626, 'user_y': 539.3726861641687, 'user_direction': 1.9403731549063323}, 'virtual': {'user_x': 2225.358181665457, 'user_y': 6865.079516854841, 'user_direction': -1.6632851779365692}, 'user_v': 0, 'user_w': 0.1, 'delta_t': 0.02, 'need_reset': False}
Tangent angle: 0.19066091982953415, User angle: 1.9403731549063323, Offset angle: 0.6753323808885785
Target angle: 0.8659933007181126, distance: 249.69711157376557, angle diff: 1.0743798541882197, rotation direction: -1
Basic rotation angle: 0.0, rotation gain: 0.0009344518890319914
Rotation gain: 1.24, direction: -1, curvature radius: 2500000
{'type': 'running', 'physical': {'user_x': 285.87745011646626, 'user_y': 539.3726861641687, 'user_direction': 2.021018316196655}, 'virtual': {'user_x': 2225.358181665457, 'user_y': 6865.079516854841, 'user_direction': -1.563285177936569}, 'user_v': 0, 'user_w': 0.1, 'delta_t': 0.02, 'need_reset': False}
Tangent angle: 0.19066091982953415, User angle: 2.021018316196655, Offset angle: 0.6753323808885785
Target angle: 0.8659933007181126, distance: 249.69711157376557, angle diff: 1.1550250154785422, rotation direction: -1
Basic rotation angle: 0.0, rotation gain: 0.0008278574096520946
Rotation gain: 1.24, direction: -1, curvature radius: 2500000
{'type': 'running', 'physical': {'user_x': 285.87745011646626, 'user_y': 539.3726861641687, 'user_direction': 2.1016634774869773}, 'virtual': {'user_x': 2225.358181665457, 'user_y': 6865.079516854841, 'user_direction': -1.463285177936569}, 'user_v': 0, 'user_w': 0.1, 'delta_t': 0.02, 'need_reset': False}
Tangent angle: 0.19066091982953415, User angle: 2.1016634774869773, Offset angle: 0.6753323808885785
Target angle: 0.8659933007181126, distance: 249.69711157376557, angle diff: 1.2356701767688647, rotation direction: -1
Basic rotation angle: 0.0, rotation gain: 0.0007345872401946849
Rotation gain: 1.24, direction: -1, curvature radius: 2500000
{'type': 'running', 'physical': {'user_x': 285.87745011646626, 'user_y': 539.3726861641687, 'user_direction': 2.1823086387773}, 'virtual': {'user_x': 2225.358181665457, 'user_y': 6865.079516854841, 'user_direction': -1.363285177936569}, 'user_v': 0, 'user_w': 0.1, 'delta_t': 0.02, 'need_reset': False}
Tangent angle: 0.19066091982953415, User angle: 2.1823086387773, Offset angle: 0.6753323808885785
Target angle: 0.8659933007181126, distance: 249.69711157376557, angle diff: 1.3163153380591872, rotation direction: -1
Basic rotation angle: 0.0, rotation gain: 0.0006529758419194514
Rotation gain: 1.24, direction: -1, curvature radius: 2500000
{'type': 'running', 'physical': {'user_x': 285.87745011646626, 'user_y': 539.3726861641687, 'user_direction': 2.2629538000676224}, 'virtual': {'user_x': 2225.358181665457, 'user_y': 6865.079516854841, 'user_direction': -1.2632851779365688}, 'user_v': 0, 'user_w': 0.1, 'delta_t': 0.02, 'need_reset': False}
Tangent angle: 0.19066091982953415, User angle: 2.2629538000676224, Offset angle: 0.6753323808885785
Target angle: 0.8659933007181126, distance: 249.69711157376557, angle diff: 1.3969604993495097, rotation direction: -1
Basic rotation angle: 0.0, rotation gain: 0.0005815658684286221
Rotation gain: 1.24, direction: -1, curvature radius: 2500000
{'type': 'running', 'physical': {'user_x': 285.87745011646626, 'user_y': 539.3726861641687, 'user_direction': 2.343598961357945}, 'virtual': {'user_x': 2225.358181665457, 'user_y': 6865.079516854841, 'user_direction': -1.1632851779365687}, 'user_v': 0, 'user_w': 0.1, 'delta_t': 0.02, 'need_reset': False}
Tangent angle: 0.19066091982953415, User angle: 2.343598961357945, Offset angle: 0.6753323808885785
Target angle: 0.8659933007181126, distance: 249.69711157376557, angle diff: 1.4776056606398322, rotation direction: -1
Basic rotation angle: 0.0, rotation gain: 0.0005190821416241465
Rotation gain: 1.24, direction: -1, curvature radius: 2500000
{'type': 'running', 'physical': {'user_x': 285.87745011646626, 'user_y': 539.3726861641687, 'user_direction': 2.4242441226482674}, 'virtual': {'user_x': 2225.358181665457, 'user_y': 6865.079516854841, 'user_direction': -1.0632851779365686}, 'user_v': 0, 'user_w': 0.1, 'delta_t': 0.02, 'need_reset': False}
Tangent angle: 0.19066091982953415, User angle: 2.4242441226482674, Offset angle: 0.6753323808885785
Target angle: 0.8659933007181126, distance: 249.69711157376557, angle diff: 1.5582508219301547, rotation direction: -1
Basic rotation angle: 0.0, rotation gain: 0.00046440888067023024
Rotation gain: 1.24, direction: -1, curvature radius: 2500000
{'type': 'running', 'physical': {'user_x': 285.87745011646626, 'user_y': 539.3726861641687, 'user_direction': 2.50488928393859}, 'virtual': {'user_x': 2225.358181665457, 'user_y': 6865.079516854841, 'user_direction': -0.9632851779365686}, 'user_v': 0, 'user_w': 0.1, 'delta_t': 0.02, 'need_reset': False}
Tangent angle: 0.19066091982953415, User angle: 2.50488928393859, Offset angle: 0.6753323808885785
Target angle: 0.8659933007181126, distance: 249.69711157376557, angle diff: 1.6388959832204772, rotation direction: -1
Basic rotation angle: 0.0, rotation gain: 0.00041656977733555355
Rotation gain: 1.24, direction: -1, curvature radius: 2500000
{'type': 'running', 'physical': {'user_x': 285.87745011646626, 'user_y': 539.3726861641687, 'user_direction': 2.5855344452289124}, 'virtual': {'user_x': 2225.358181665457, 'user_y': 6865.079516854841, 'user_direction': -0.7977598163371686}, 'user_v': 7.999999999999999, 'user_w': 0, 'delta_t': 0.02, 'need_reset': False}
Tangent angle: 0.19066091982953415, User angle: 2.5855344452289124, Offset angle: 0.6753323808885785
Target angle: 0.8659933007181126, distance: 249.69711157376557, angle diff: 1.7195411445107998, rotation direction: -1
Basic rotation angle: 1.693121693121693, rotation gain: 0.0006708587576416726
Rotation gain: 1.24, direction: -1, curvature radius: 7.5
{'type': 'running', 'physical': {'user_x': 285.87745011646626, 'user_y': 539.3726861641687, 'user_direction': 2.666179606519235}, 'virtual': {'user_x': 2230.944677419174, 'user_y': 6859.353168525085, 'user_direction': -0.7977598163371686}, 'user_v': 7.999999999999999, 'user_w': 0, 'delta_t': 0.02, 'need_reset': False}
Tangent angle: 0.19066091982953415, User angle: 2.666179606519235, Offset angle: 0.6753323808885785
Target angle: 0.8659933007181126, distance: 249.69711157376557, angle diff: 1.8001863058011223, rotation direction: -1
Basic rotation angle: 1.693121693121693, rotation gain: 0.0008933616154095268
Rotation gain: 1.24, direction: -1, curvature radius: 7.5
{'type': 'running', 'physical': {'user_x': 280.29511069732473, 'user_y': 542.3975676286728, 'user_direction': 2.645015585355214}, 'virtual': {'user_x': 2236.5311731728907, 'user_y': 6853.626820195328, 'user_direction': -0.7977598163371656}, 'user_v': 7.999999999999999, 'user_w': 0, 'delta_t': 0.02, 'need_reset': False}
Tangent angle: 0.17826124112560038, User angle: 2.645015585355214, Offset angle: 0.66322795430769
Target angle: 0.8414891954332904, distance: 255.98682868290152, angle diff: 1.8035263899219236, rotation direction: -1
Basic rotation angle: 1.693121693121693, rotation gain: 0.0010800507717359724
Rotation gain: 1.24, direction: -1, curvature radius: 7.5
{'type': 'running', 'physical': {'user_x': 274.77803531678813, 'user_y': 545.5399076023675, 'user_direction': 2.6238515641911926}, 'virtual': {'user_x': 2242.1176689266076, 'user_y': 6847.9004718655715, 'user_direction': -0.7977598163371618}, 'user_v': 7.999999999999999, 'user_w': 0, 'delta_t': 0.02, 'need_reset': False}
Tangent angle: 0.16591575071658493, User angle: 2.6238515641911926, Offset angle: 0.6516757961020097
Target angle: 0.8175915468185946, distance: 262.1740413854258, angle diff: 1.806260017372598, rotation direction: -1
Basic rotation angle: 1.693121693121693, rotation gain: 0.001235546345130515
Rotation gain: 1.24, direction: -1, curvature radius: 7.5
{'type': 'running', 'physical': {'user_x': 269.32869506780526, 'user_y': 548.7982986340912, 'user_direction': 2.602687543027171}, 'virtual': {'user_x': 2247.7041646803245, 'user_y': 6842.174123535815, 'user_direction': -0.797759816337157}, 'user_v': 7.999999999999999, 'user_w': 0, 'delta_t': 0.02, 'need_reset': False}
Tangent angle: 0.15362169371666257, User angle: 2.602687543027171, Offset angle: 0.6406383869913636
Target angle: 0.7942600807080261, distance: 268.26316580612445, angle diff: 1.8084274623191452, rotation direction: -1
Basic rotation angle: 1.693121693121693, rotation gain: 0.001363883038999212
Rotation gain: 1.24, direction: -1, curvature radius: 7.5
{'type': 'running', 'physical': {'user_x': 263.9495307048223, 'user_y': 552.1712812935214, 'user_direction': 2.58152352186315}, 'virtual': {'user_x': 2253.2906604340415, 'user_y': 6836.447775206058, 'user_direction': -0.7977598163371507}, 'user_v': 7.999999999999999, 'user_w': 0, 'delta_t': 0.02, 'need_reset': False}
Tangent angle: 0.14137649481536263, User angle: 2.58152352186315, Offset angle: 0.6300818442790591
Target angle: 0.7714583390944217, distance: 274.25809786880063, angle diff: 1.810065182768728, rotation direction: -1
Basic rotation angle: 1.693121693121693, rotation gain: 0.001468583965937666
Rotation gain: 1.24, direction: -1, curvature radius: 7.5
{'type': 'running', 'physical': {'user_x': 258.6429515505711, 'user_y': 555.6573448248514, 'user_direction': 2.5603595006991284}, 'virtual': {'user_x': 2258.8771561877584, 'user_y': 6830.721426876302, 'user_direction': -0.7977598163371422}, 'user_v': 7.999999999999999, 'user_w': 0, 'delta_t': 0.02, 'need_reset': False}
Tangent angle: 0.12917774382639058, User angle: 2.5603595006991284, Offset angle: 0.6199754621191911
Target angle: 0.7491532059455817, distance: 280.16228438904454, angle diff: 1.8112062947535468, rotation direction: -1
Basic rotation angle: 1.693121693121693, rotation gain: 0.0015527251729226664
Rotation gain: 1.24, direction: -1, curvature radius: 7.5
{'type': 'running', 'physical': {'user_x': 253.41133441693592, 'user_y': 559.2549278234571, 'user_direction': 2.539195479535107}, 'virtual': {'user_x': 2264.4636519414757, 'user_y': 6824.995078546546, 'user_direction': -0.7977598163371302}, 'user_v': 7.999999999999999, 'user_w': 0, 'delta_t': 0.02, 'need_reset': False}
Tangent angle: 0.11702318260469102, User angle: 2.539195479535107, Offset angle: 0.6102913237028995
Target angle: 0.7273145063075905, distance: 285.9787824600292, angle diff: 1.8118809732275165, rotation direction: -1
Basic rotation angle: 1.693121693121693, rotation gain: 0.0016189920399504489
Rotation gain: 1.24, direction: -1, curvature radius: 7.5
{'type': 'running', 'physical': {'user_x': 248.25702254038129, 'user_y': 562.9624189352483, 'user_direction': 2.5180314583710857}, 'virtual': {'user_x': 2270.0501476951927, 'user_y': 6819.26873021679, 'user_direction': -0.7977598163371443}, 'user_v': 7.999999999999999, 'user_w': 0, 'delta_t': 0.02, 'need_reset': False}
Tangent angle: 0.10491069318325863, User angle: 2.5180314583710857, Offset angle: 0.6010039720178156
Target angle: 0.7059146652010743, distance: 291.7103093880741, angle diff: 1.8121167931700115, rotation direction: -1
Basic rotation angle: 1.693121693121693, rotation gain: 0.0016697285763021593
Rotation gain: 1.24, direction: -1, curvature radius: 7.5
{'type': 'running', 'physical': {'user_x': 243.1823245324189, 'user_y': 566.7781575783926, 'user_direction': 2.4968674372070643}, 'virtual': {'user_x': 2275.63664344891, 'user_y': 6813.542381887034, 'user_direction': -0.797759816337124}, 'user_v': 7.999999999999999, 'user_w': 0, 'delta_t': 0.02, 'need_reset': False}
Tangent angle: 0.09283828699930385, User angle: 2.4968674372070643, Offset angle: 0.5920901286813252
Target angle: 0.684928415680629, distance: 297.3592849399093, angle diff: 1.8119390215264353, rotation direction: -1
Basic rotation angle: 1.693121693121693, rotation gain: 0.0017069805091721646
Rotation gain: 1.24, direction: -1, curvature radius: 7.5
{'type': 'running', 'physical': {'user_x': 238.18951334558244, 'user_y': 570.7004346870888, 'user_direction': 2.475703416043043}, 'virtual': {'user_x': 2281.223139202627, 'user_y': 6807.8160335572775, 'user_direction': -0.7977598163371512}, 'user_v': 7.999999999999999, 'user_w': 0, 'delta_t': 0.02, 'need_reset': False}
Tangent angle: 0.08080409509502351, User angle: 2.475703416043043, Offset angle: 0.58352845251344
Target angle: 0.6643325476084635, distance: 302.92786728961073, angle diff: 1.8113708684345795, rotation direction: -1
Basic rotation angle: 1.693121693121693, rotation gain: 0.0017325329464172676
Rotation gain: 1.24, direction: -1, curvature radius: 7.5
{'type': 'running', 'physical': {'user_x': 233.2808252553743, 'user_y': 574.7274934770559, 'user_direction': 2.4545393948790215}, 'virtual': {'user_x': 2284.9364277681907, 'user_y': 6804.009786365347, 'user_direction': -0.7977598163371512}, 'user_v': 0, 'user_w': 0.1, 'delta_t': 0.02, 'need_reset': False}
Tangent angle: 0.06880635919180644, User angle: 2.4545393948790215, Offset angle: 0.5752993311786416
Target angle: 0.6441056903704481, distance: 308.4179837676972, angle diff: 1.8104337045085734, rotation direction: -1
Basic rotation angle: 0.0, rotation gain: 0.0015236988937296107
Rotation gain: 1.24, direction: -1, curvature radius: 2500000
{'type': 'running', 'physical': {'user_x': 228.45845885863994, 'user_y': 578.8575302323947, 'user_direction': 2.433375373715}, 'virtual': {'user_x': 2284.9364277681907, 'user_y': 6804.009786365347, 'user_direction': -0.7961083363433177}, 'user_v': 7.999999999999999, 'user_w': 0, 'delta_t': 0.02, 'need_reset': False}
Tangent angle: 0.056843423548513794, User angle: 2.433375373715, Offset angle: 0.567384700516241
Target angle: 0.6242281240647548, distance: 313.83135729491886, angle diff: 1.8091472496502452, rotation direction: -1
Basic rotation angle: 1.693121693121693, rotation gain: 0.0015583561904986118
Rotation gain: 1.24, direction: -1, curvature radius: 7.5
{'type': 'running', 'physical': {'user_x': 228.45845885863994, 'user_y': 578.8575302323947, 'user_direction': 2.5140205350053226}, 'virtual': {'user_x': 2290.5323728490494, 'user_y': 6798.29267182635, 'user_direction': -0.7961083363433177}, 'user_v': 7.999999999999999, 'user_w': 0, 'delta_t': 0.02, 'need_reset': False}
Tangent angle: 0.056843423548513794, User angle: 2.5140205350053226, Offset angle: 0.567384700516241
Target angle: 0.6242281240647548, distance: 313.83135729491886, angle diff: 1.8897924109405677, rotation direction: -1
Basic rotation angle: 1.693121693121693, rotation gain: 0.0015886813251714878
Rotation gain: 1.24, direction: -1, curvature radius: 7.5
{'type': 'running', 'physical': {'user_x': 223.39910626448668, 'user_y': 582.6935923529601, 'user_direction': 2.4928565138413017}, 'virtual': {'user_x': 2296.128317929908, 'user_y': 6792.575557287352, 'user_direction': -0.7961083363433157}, 'user_v': 7.999999999999999, 'user_w': 0, 'delta_t': 0.02, 'need_reset': False}
Tangent angle: 0.04592193177405335, User angle: 2.4928565138413017, Offset angle: 0.5591977553084385
Target angle: 0.6051196870824919, distance: 319.57431828611146, angle diff: 1.8877368267588097, rotation direction: -1
Basic rotation angle: 1.693121693121693, rotation gain: 0.001608597298535701
Rotation gain: 1.24, direction: -1, curvature radius: 7.5
{'type': 'running', 'physical': {'user_x': 218.4220671492579, 'user_y': 586.6358636412259, 'user_direction': 2.4716924926772803}, 'virtual': {'user_x': 2301.7242630107667, 'user_y': 6786.858442748355, 'user_direction': -0.7961083363433136}, 'user_v': 7.999999999999999, 'user_w': 0, 'delta_t': 0.02, 'need_reset': False}
Tangent angle: 0.03500903726796434, User angle: 2.4716924926772803, Offset angle: 0.5513271030842187
Target angle: 0.5863361403521831, distance: 325.2388644969438, angle diff: 1.8853563523250974, rotation direction: -1
Basic rotation angle: 1.693121693121693, rotation gain: 0.0016194931794856378
Rotation gain: 1.24, direction: -1, curvature radius: 7.5
{'type': 'running', 'physical': {'user_x': 213.52957072415984, 'user_y': 590.6825783575365, 'user_direction': 2.450528471513259}, 'virtual': {'user_x': 2307.3202080916253, 'user_y': 6781.141328209357, 'user_direction': -0.7961083363433109}, 'user_v': 7.999999999999999, 'user_w': 0, 'delta_t': 0.02, 'need_reset': False}
Tangent angle: 0.02410434623792268, User angle: 2.450528471513259, Offset angle: 0.5437557359695734
Target angle: 0.5678600822074961, distance: 330.8265513085605, angle diff: 1.882668389305763, rotation direction: -1
Basic rotation angle: 1.693121693121693, rotation gain: 0.0016225802969792146
Rotation gain: 1.24, direction: -1, curvature radius: 7.5
{'type': 'running', 'physical': {'user_x': 208.7238083338061, 'user_y': 594.8319239821216, 'user_direction': 2.4293644503492375}, 'virtual': {'user_x': 2312.916153172484, 'user_y': 6775.42421367036, 'user_direction': -0.796108336343308}, 'user_v': 7.999999999999999, 'user_w': 0, 'delta_t': 0.02, 'need_reset': False}
Tangent angle: 0.013207487759195224, User angle: 2.4293644503492375, Offset angle: 0.5364679366089697
Target angle: 0.549675424368165, distance: 336.3387684679342, angle diff: 1.8796890259810726, rotation direction: -1
Basic rotation angle: 1.693121693121693, rotation gain: 0.0016189147440212489
Rotation gain: 1.24, direction: -1, curvature radius: 7.5
{'type': 'running', 'physical': {'user_x': 204.0069324747165, 'user_y': 599.0820420269222, 'user_direction': 2.408200429185216}, 'virtual': {'user_x': 2318.5120982533426, 'user_y': 6769.707099131362, 'user_direction': -0.7961083363433046}, 'user_v': 7.999999999999999, 'user_w': 0, 'delta_t': 0.02, 'need_reset': False}
Tangent angle: 0.0023181121188664555, User angle: 2.408200429185216, Offset angle: 0.5294491528801009
Target angle: 0.5317672649989673, distance: 341.77675780386835, angle diff: 1.8764331641862488, rotation direction: -1
Basic rotation angle: 1.693121693121693, rotation gain: 0.0016094170435489471
Rotation gain: 1.24, direction: -1, curvature radius: 7.5
{'type': 'running', 'physical': {'user_x': 199.381055831216, 'user_y': 603.4310288680058, 'user_direction': 2.3870364080211948}, 'virtual': {'user_x': 2324.1080433342013, 'user_y': 6763.989984592365, 'user_direction': -0.7961083363433002}, 'user_v': 7.999999999999999, 'user_w': 0, 'delta_t': 0.02, 'need_reset': False}
Tangent angle: 6.274621196481004, User angle: 2.3870364080211948, Offset angle: 0.52268588756845
Target angle: 0.5141217768698674, distance: 347.1416287137057, angle diff: 1.8729146311513274, rotation direction: -1
Basic rotation angle: 1.693121693121693, rotation gain: 0.001594889333734147
Rotation gain: 1.24, direction: -1, curvature radius: 7.5
{'type': 'running', 'physical': {'user_x': 194.84825032916518, 'user_y': 607.8769365981977, 'user_direction': 2.3658723868571734}, 'virtual': {'user_x': 2329.70398841506, 'user_y': 6758.272870053367, 'user_direction': -0.7961083363432953}, 'user_v': 7.999999999999999, 'user_w': 0, 'delta_t': 0.02, 'need_reset': False}
Tangent angle: 6.26374581478134, User angle: 2.3658723868571734, Offset angle: 0.5161656008843687
Target angle: 0.496726108486123, distance: 352.43437175098404, angle diff: 1.8691462783710504, rotation direction: -1
Basic rotation angle: 1.693121693121693, rotation gain: 0.001576030385162313
Rotation gain: 1.24, direction: -1, curvature radius: 7.5
{'type': 'running', 'physical': {'user_x': 190.41054620794665, 'user_y': 612.4177738995468, 'user_direction': 2.344708365693152}, 'virtual': {'user_x': 2335.2999334959186, 'user_y': 6752.5557555143705, 'user_direction': -0.796108336343289}, 'user_v': 7.999999999999999, 'user_w': 0, 'delta_t': 0.02, 'need_reset': False}
Tangent angle: 6.252876979532935, User angle: 2.344708365693152, Offset angle: 0.5098766240511228
Target angle: 0.47956829640447207, distance: 357.6558705883253, angle diff: 1.86514006928868, rotation direction: -1
Basic rotation angle: 1.693121693121693, rotation gain: 0.0015534487229825204
Rotation gain: 1.24, direction: -1, curvature radius: 7.5
{'type': 'running', 'physical': {'user_x': 186.0699311111227, 'user_y': 617.0515069352348, 'user_direction': 2.3235443445291306}, 'virtual': {'user_x': 2340.8958785767772, 'user_y': 6746.838640975373, 'user_direction': -0.7961083363432918}, 'user_v': 7.999999999999999, 'user_w': 0, 'delta_t': 0.02, 'need_reset': False}
Tangent angle: 6.242014411940053, User angle: 2.3235443445291306, Offset angle: 0.5038080824743641
Target angle: 0.46263718723483116, distance: 362.8069125845221, angle diff: 1.8609071572942995, rotation direction: -1
Basic rotation angle: 1.693121693121693, rotation gain: 0.0015276740927244218
Rotation gain: 1.24, direction: -1, curvature radius: 7.5
{'type': 'running', 'physical': {'user_x': 181.82834919617162, 'user_y': 621.7760602605305, 'user_direction': 2.3023803233651092}, 'virtual': {'user_x': 2346.4918236576364, 'user_y': 6741.121526436376, 'user_direction': -0.796108336343283}, 'user_v': 7.999999999999999, 'user_w': 0, 'delta_t': 0.02, 'need_reset': False}
Tangent angle: 6.23115784800426, User angle: 2.3023803233651092, Offset angle: 0.49794982723479003
Target angle: 0.44592236805946417, distance: 367.8881981478466, angle diff: 1.856457955305645, rotation direction: -1
Basic rotation angle: 1.693121693121693, rotation gain: 0.0014991674784183922
Rotation gain: 1.24, direction: -1, curvature radius: 7.5
{'type': 'running', 'physical': {'user_x': 177.6877002637013, 'user_y': 626.5893177523789, 'user_direction': 2.281216302201088}, 'virtual': {'user_x': 2352.087768738495, 'user_y': 6735.404411897379, 'user_direction': -0.7961083363432935}, 'user_v': 7.999999999999999, 'user_w': 0, 'delta_t': 0.02, 'need_reset': False}
Tangent angle: 6.220307037536434, User angle: 2.281216302201088, Offset angle: 0.49229237383647995
Target angle: 0.42941410419332815, distance: 372.90034905735655, angle diff: 1.8518021980077597, rotation direction: -1
Basic rotation angle: 1.693121693121693, rotation gain: 0.001468329855384827
Rotation gain: 1.24, direction: -1, curvature radius: 7.5
{'type': 'running', 'physical': {'user_x': 173.64983890653033, 'user_y': 631.4891235572111, 'user_direction': 2.2600522810370665}, 'virtual': {'user_x': 2357.683713819354, 'user_y': 6729.687297358382, 'user_direction': -0.7961083363432809}, 'user_v': 7.999999999999999, 'user_w': 0, 'delta_t': 0.02, 'need_reset': False}
Tangent angle: 6.209461743246411, User angle: 2.2600522810370665, Offset angle: 0.4868268473014449
Target angle: 0.41310328336826974, distance: 377.8439158790688, angle diff: 1.8469489976687967, rotation direction: -1
Basic rotation angle: 1.693121693121693, rotation gain: 0.0014355098370989097
Rotation gain: 1.24, direction: -1, curvature radius: 7.5
{'type': 'running', 'physical': {'user_x': 169.71657367901764, 'user_y': 636.4732830565491, 'user_direction': 2.238888259873045}, 'virtual': {'user_x': 2363.279658900213, 'user_y': 6723.970182819385, 'user_direction': -0.796108336343297}, 'user_v': 7.999999999999999, 'user_w': 0, 'delta_t': 0.02, 'need_reset': False}
Tangent angle: 6.198621739903253, User angle: 2.238888259873045, Offset angle: 0.48154493283252964
Target angle: 0.39698136555619623, distance: 382.71938459326486, angle diff: 1.8419068943168488, rotation direction: -1
Basic rotation angle: 1.693121693121693, rotation gain: 0.00140101035546994
Rotation gain: 1.24, direction: -1, curvature radius: 7.5
{'type': 'running', 'physical': {'user_x': 165.88966628701266, 'user_y': 641.5395638499734, 'user_direction': 2.2177242387090237}, 'virtual': {'user_x': 2368.875603981072, 'user_y': 6718.253068280388, 'user_direction': -0.7961083363432754}, 'user_v': 7.999999999999999, 'user_w': 0, 'delta_t': 0.02, 'need_reset': False}
Tangent angle: 6.187786813559779, User angle: 2.2177242387090237, Offset angle: 0.47643883137687454
Target angle: 0.38104033775706725, distance: 387.52718253207377, angle diff: 1.8366839009519564, rotation direction: -1
Basic rotation angle: 1.693121693121693, rotation gain: 0.0013650944963344137
Rotation gain: 1.24, direction: -1, curvature radius: 7.5
{'type': 'running', 'physical': {'user_x': 162.17083079878884, 'user_y': 646.6856967550128, 'user_direction': 2.1965602175450023}, 'virtual': {'user_x': 2374.4715490619305, 'user_y': 6712.535953741391, 'user_direction': -0.7961083363433114}, 'user_v': 7.999999999999999, 'user_w': 0, 'delta_t': 0.02, 'need_reset': False}
Tangent angle: 6.17695676083571, User angle: 2.1965602175450023, Offset angle: 0.47150121951459806
Target angle: 0.3652726731707219, distance: 392.2676837121862, angle diff: 1.8312875443742804, rotation direction: -1
Basic rotation angle: 1.693121693121693, rotation gain: 0.0013279905966306685
Rotation gain: 1.24, direction: -1, curvature radius: 7.5
{'type': 'running', 'physical': {'user_x': 158.5617328773141, 'user_y': 651.9093768235094, 'user_direction': 2.175396196380981}, 'virtual': {'user_x': 2376.3564338865835, 'user_y': 6710.610255350923, 'user_direction': -0.7961083363433114}, 'user_v': 0, 'user_w': 0.1, 'delta_t': 0.02, 'need_reset': False}
Tangent angle: 6.166131388254288, User angle: 2.175396196380981, Offset angle: 0.4667252131753425
Target angle: 0.3496712942500446, distance: 396.9412136355771, angle diff: 1.8257249021309363, rotation direction: -1
Basic rotation angle: 0.0, rotation gain: 0.0011662552695274927
Rotation gain: 1.24, direction: -1, curvature radius: 2500000
{'type': 'running', 'physical': {'user_x': 155.063989034202, 'user_y': 657.2082643740029, 'user_direction': 2.1542321752169595}, 'virtual': {'user_x': 2376.3564338865835, 'user_y': 6710.610255350923, 'user_direction': -0.8961083363433113}, 'user_v': 0, 'user_w': 0.1, 'delta_t': 0.02, 'need_reset': False}
Tangent angle: 6.155310511627771, User angle: 2.1542321752169595, Offset angle: 0.4621043347513478
Target angle: 0.3342295391995327, distance: 401.5480536210362, angle diff: 1.8200026360174268, rotation direction: -1
Basic rotation angle: 0.0, rotation gain: 0.0010245508547410806
Rotation gain: 1.24, direction: -1, curvature radius: 2500000
{'type': 'running', 'physical': {'user_x': 155.063989034202, 'user_y': 657.2082643740029, 'user_direction': 2.234877336507282}, 'virtual': {'user_x': 2376.3564338865835, 'user_y': 6710.610255350923, 'user_direction': -0.9961083363433113}, 'user_v': 0, 'user_w': 0.1, 'delta_t': 0.02, 'need_reset': False}
Tangent angle: 6.155310511627771, User angle: 2.234877336507282, Offset angle: 0.4621043347513478
Target angle: 0.3342295391995327, distance: 401.5480536210362, angle diff: 1.9006477973077494, rotation direction: -1
Basic rotation angle: 0.0, rotation gain: 0.00090055949180297
Rotation gain: 1.24, direction: -1, curvature radius: 2500000
{'type': 'running', 'physical': {'user_x': 155.063989034202, 'user_y': 657.2082643740029, 'user_direction': 2.3155224977976046}, 'virtual': {'user_x': 2376.3564338865835, 'user_y': 6710.610255350923, 'user_direction': -1.0961083363433113}, 'user_v': 0, 'user_w': 0.1, 'delta_t': 0.02, 'need_reset': False}
Tangent angle: 6.155310511627771, User angle: 2.3155224977976046, Offset angle: 0.4621043347513478
Target angle: 0.3342295391995327, distance: 401.5480536210362, angle diff: 1.9812929585980719, rotation direction: -1
Basic rotation angle: 0.0, rotation gain: 0.0007920670492321232
Rotation gain: 1.24, direction: -1, curvature radius: 2500000
{'type': 'running', 'physical': {'user_x': 155.063989034202, 'user_y': 657.2082643740029, 'user_direction': 2.396167659087927}, 'virtual': {'user_x': 2376.3564338865835, 'user_y': 6710.610255350923, 'user_direction': -1.1961083363433114}, 'user_v': 0, 'user_w': 0.1, 'delta_t': 0.02, 'need_reset': False}
Tangent angle: 6.155310511627771, User angle: 2.396167659087927, Offset angle: 0.4621043347513478
Target angle: 0.3342295391995327, distance: 401.5480536210362, angle diff: 2.0619381198883944, rotation direction: -1
Basic rotation angle: 0.0, rotation gain: 0.0006971361619826323
Rotation gain: 1.24, direction: -1, curvature radius: 2500000
{'type': 'running', 'physical': {'user_x': 155.063989034202, 'user_y': 657.2082643740029, 'user_direction': 2.4768128203782496}, 'virtual': {'user_x': 2376.3564338865835, 'user_y': 6710.610255350923, 'user_direction': -1.2961083363433115}, 'user_v': 0, 'user_w': 0.1, 'delta_t': 0.02, 'need_reset': False}
Tangent angle: 6.155310511627771, User angle: 2.4768128203782496, Offset angle: 0.4621043347513478
Target angle: 0.3342295391995327, distance: 401.5480536210362, angle diff: 2.142583281178717, rotation direction: -1
Basic rotation angle: 0.0, rotation gain: 0.0006140716356393277
Rotation gain: 1.24, direction: -1, curvature radius: 2500000
{'type': 'running', 'physical': {'user_x': 155.063989034202, 'user_y': 657.2082643740029, 'user_direction': 2.557457981668572}, 'virtual': {'user_x': 2376.3564338865835, 'user_y': 6710.610255350923, 'user_direction': -1.3961083363433116}, 'user_v': 0, 'user_w': 0.1, 'delta_t': 0.02, 'need_reset': False}
Tangent angle: 6.155310511627771, User angle: 2.557457981668572, Offset angle: 0.4621043347513478
Target angle: 0.3342295391995327, distance: 401.5480536210362, angle diff: 2.2232284424690394, rotation direction: -1
Basic rotation angle: 0.0, rotation gain: 0.0005413901750889363
Rotation gain: 1.24, direction: -1, curvature radius: 2500000
{'type': 'running', 'physical': {'user_x': 155.063989034202, 'user_y': 657.2082643740029, 'user_direction': 2.6381031429588946}, 'virtual': {'user_x': 2376.3564338865835, 'user_y': 6710.610255350923, 'user_direction': -1.4961083363433116}, 'user_v': 0, 'user_w': 0.1, 'delta_t': 0.02, 'need_reset': False}
Tangent angle: 6.155310511627771, User angle: 2.6381031429588946, Offset angle: 0.4621043347513478
Target angle: 0.3342295391995327, distance: 401.5480536210362, angle diff: 2.303873603759362, rotation direction: -1
Basic rotation angle: 0.0, rotation gain: 0.0004777938971073437
Rotation gain: 1.24, direction: -1, curvature radius: 2500000
{'type': 'running', 'physical': {'user_x': 155.063989034202, 'user_y': 657.2082643740029, 'user_direction': 2.718748304249217}, 'virtual': {'user_x': 2376.3564338865835, 'user_y': 6710.610255350923, 'user_direction': -1.5961083363433117}, 'user_v': 0, 'user_w': 0.1, 'delta_t': 0.02, 'need_reset': False}
Tangent angle: 6.155310511627771, User angle: 2.718748304249217, Offset angle: 0.4621043347513478
Target angle: 0.3342295391995327, distance: 401.5480536210362, angle diff: 2.3845187650496844, rotation direction: -1
Basic rotation angle: 0.0, rotation gain: 0.0004221471538734502
Rotation gain: 1.24, direction: -1, curvature radius: 2500000
{'type': 'running', 'physical': {'user_x': 155.063989034202, 'user_y': 657.2082643740029, 'user_direction': 2.7993934655395396}, 'virtual': {'user_x': 2376.3564338865835, 'user_y': 6710.610255350923, 'user_direction': -1.6961083363433118}, 'user_v': 0, 'user_w': 0.1, 'delta_t': 0.02, 'need_reset': False}
Tangent angle: 6.155310511627771, User angle: 2.7993934655395396, Offset angle: 0.4621043347513478
Target angle: 0.3342295391995327, distance: 401.5480536210362, angle diff: 2.465163926340007, rotation direction: -1
Basic rotation angle: 0.0, rotation gain: 0.0003734562535437934
Rotation gain: 1.24, direction: -1, curvature radius: 2500000
{'type': 'running', 'physical': {'user_x': 155.063989034202, 'user_y': 657.2082643740029, 'user_direction': 2.880038626829862}, 'virtual': {'user_x': 2376.3564338865835, 'user_y': 6710.610255350923, 'user_direction': -1.796108336343312}, 'user_v': 0, 'user_w': 0.1, 'delta_t': 0.02, 'need_reset': False}
Tangent angle: 6.155310511627771, User angle: 2.880038626829862, Offset angle: 0.4621043347513478
Target angle: 0.3342295391995327, distance: 401.5480536210362, angle diff: 2.5458090876303294, rotation direction: -1
Basic rotation angle: 0.0, rotation gain: 0.00033085171575534373
Rotation gain: 1.24, direction: -1, curvature radius: 2500000
{'type': 'running', 'physical': {'user_x': 155.063989034202, 'user_y': 657.2082643740029, 'user_direction': 2.9606837881201846}, 'virtual': {'user_x': 2376.3564338865835, 'user_y': 6710.610255350923, 'user_direction': -1.896108336343312}, 'user_v': 0, 'user_w': 0.1, 'delta_t': 0.02, 'need_reset': False}
Tangent angle: 6.155310511627771, User angle: 2.9606837881201846, Offset angle: 0.4621043347513478
Target angle: 0.3342295391995327, distance: 401.5480536210362, angle diff: 2.626454248920652, rotation direction: -1
Basic rotation angle: 0.0, rotation gain: 0.00029357274519045023
Rotation gain: 1.24, direction: -1, curvature radius: 2500000
{'type': 'running', 'physical': {'user_x': 155.063989034202, 'user_y': 657.2082643740029, 'user_direction': 3.041328949410507}, 'virtual': {'user_x': 2376.3564338865835, 'user_y': 6710.610255350923, 'user_direction': -1.996108336343312}, 'user_v': 0, 'user_w': 0.1, 'delta_t': 0.02, 'need_reset': False}
Tangent angle: 6.155310511627771, User angle: 3.041328949410507, Offset angle: 0.4621043347513478
Target angle: 5.693206176876423, distance: 401.5480536210362, angle diff: 2.6518772274659157, rotation direction: 1
Basic rotation angle: 0.0, rotation gain: 0.00025554973884789475
Rotation gain: 1.24, direction: 1, curvature radius: 2500000
{'type': 'running', 'physical': {'user_x': 155.063989034202, 'user_y': 657.2082643740029, 'user_direction': 3.1219741107008296}, 'virtual': {'user_x': 2376.3564338865835, 'user_y': 6710.610255350923, 'user_direction': -2.096108336343312}, 'user_v': 0, 'user_w': 0.1, 'delta_t': 0.02, 'need_reset': False}
Tangent angle: 6.155310511627771, User angle: 3.1219741107008296, Offset angle: 0.4621043347513478
Target angle: 5.693206176876423, distance: 401.5480536210362, angle diff: 2.571232066175593, rotation direction: 1
Basic rotation angle: 0.0, rotation gain: 0.00022227960829815873
Rotation gain: 1.24, direction: 1, curvature radius: 2500000
{'type': 'running', 'physical': {'user_x': 155.063989034202, 'user_y': 657.2082643740029, 'user_direction': 3.202619271991152}, 'virtual': {'user_x': 2376.3564338865835, 'user_y': 6710.610255350923, 'user_direction': -2.196108336343312}, 'user_v': 0, 'user_w': 0.1, 'delta_t': 0.02, 'need_reset': False}
Tangent angle: 6.155310511627771, User angle: 3.202619271991152, Offset angle: 0.4621043347513478
Target angle: 5.693206176876423, distance: 401.5480536210362, angle diff: 2.4905869048852707, rotation direction: 1
Basic rotation angle: 0.0, rotation gain: 0.0001931682440671397
Rotation gain: 1.24, direction: 1, curvature radius: 2500000
{'type': 'running', 'physical': {'user_x': 155.063989034202, 'user_y': 657.2082643740029, 'user_direction': 3.2832644332814747}, 'virtual': {'user_x': 2376.3564338865835, 'user_y': 6710.610255350923, 'user_direction': -2.296108336343312}, 'user_v': 0, 'user_w': 0.1, 'delta_t': 0.02, 'need_reset': False}
Tangent angle: 6.155310511627771, User angle: 3.2832644332814747, Offset angle: 0.4621043347513478
Target angle: 5.693206176876423, distance: 401.5480536210362, angle diff: 2.409941743594948, rotation direction: 1
Basic rotation angle: 0.0, rotation gain: 0.00016769580036499806
Rotation gain: 1.24, direction: 1, curvature radius: 2500000
{'type': 'running', 'physical': {'user_x': 155.063989034202, 'user_y': 657.2082643740029, 'user_direction': 3.363909594571797}, 'virtual': {'user_x': 2376.3564338865835, 'user_y': 6710.610255350923, 'user_direction': -2.396108336343312}, 'user_v': 0, 'user_w': 0.1, 'delta_t': 0.02, 'need_reset': False}
Tangent angle: 6.155310511627771, User angle: 3.363909594571797, Offset angle: 0.4621043347513478
Target angle: 5.693206176876423, distance: 401.5480536210362, angle diff: 2.3292965823046257, rotation direction: 1
Basic rotation angle: 0.0, rotation gain: 0.0001454074121256241
Rotation gain: 1.24, direction: 1, curvature radius: 2500000
{'type': 'running', 'physical': {'user_x': 155.063989034202, 'user_y': 657.2082643740029, 'user_direction': 3.4445547558621197}, 'virtual': {'user_x': 2376.3564338865835, 'user_y': 6710.610255350923, 'user_direction': -2.526765298093637}, 'user_v': 7.999999999999999, 'user_w': 0, 'delta_t': 0.02, 'need_reset': False}
Tangent angle: 6.155310511627771, User angle: 3.4445547558621197, Offset angle: 0.4621043347513478
Target angle: 5.693206176876423, distance: 401.5480536210362, angle diff: 2.248651421014303, rotation direction: 1
Basic rotation angle: 1.693121693121693, rotation gain: 8.743908979744577e-05
Rotation gain: 1.24, direction: 1, curvature radius: 7.5
{'type': 'running', 'physical': {'user_x': 155.063989034202, 'user_y': 657.2082643740029, 'user_direction': 3.525199917152442}, 'virtual': {'user_x': 2369.821449539018, 'user_y': 6705.995715332993, 'user_direction': -2.526765298093637}, 'user_v': 7.999999999999999, 'user_w': 0, 'delta_t': 0.02, 'need_reset': False}
Tangent angle: 6.155310511627771, User angle: 3.525199917152442, Offset angle: 0.4621043347513478
Target angle: 5.693206176876423, distance: 401.5480536210362, angle diff: 2.1680062597239806, rotation direction: 1
Basic rotation angle: 1.693121693121693, rotation gain: 3.671680776028971e-05
Rotation gain: 1.24, direction: 1, curvature radius: 7.5
{'type': 'running', 'physical': {'user_x': 149.22784623271608, 'user_y': 654.7078927085366, 'user_direction': 3.546363938316463}, 'virtual': {'user_x': 2363.2864651914524, 'user_y': 6701.381175315064, 'user_direction': -2.5267652980936397}, 'user_v': 7.999999999999999, 'user_w': 0, 'delta_t': 0.02, 'need_reset': False}
Tangent angle: 6.162411128645912, User angle: 3.546363938316463, Offset angle: 0.45610117626246377
Target angle: 5.7063099523834495, distance: 407.66222309235945, angle diff: 2.1599460140669864, rotation direction: 1
Basic rotation angle: 1.693121693121693, rotation gain: 1.247936556971442e-05
Rotation gain: 1.24, direction: 1, curvature radius: 7.5
{'type': 'running', 'physical': {'user_x': 143.44592440117802, 'user_y': 652.0845739709857, 'user_direction': 3.5675279594804845}, 'virtual': {'user_x': 2356.751480843887, 'user_y': 6696.766635297135, 'user_direction': -2.5267652980936424}, 'user_v': 7.999999999999999, 'user_w': 0, 'delta_t': 0.02, 'need_reset': False}
Tangent angle: 6.169594453204199, User angle: 3.5675279594804845, Offset angle: 0.4503060561091112
Target angle: 5.719288397095088, distance: 413.70814204174656, angle diff: 2.1517604376146036, rotation direction: 1
Basic rotation angle: 1.693121693121693, rotation gain: 3.8452870965041724e-05
Rotation gain: 1.24, direction: 1, curvature radius: 7.5
{'type': 'running', 'physical': {'user_x': 137.7208132570165, 'user_y': 649.339483143381, 'user_direction': 3.588691980644506}, 'virtual': {'user_x': 2350.216496496321, 'user_y': 6692.152095279205, 'user_direction': -2.526765298093646}, 'user_v': 7.999999999999999, 'user_w': 0, 'delta_t': 0.02, 'need_reset': False}
Tangent angle: 6.176856913696682, User angle: 3.588691980644506, Offset angle: 0.444709488215467
Target angle: 5.732147425481216, distance: 419.6861101973833, angle diff: 2.14345544483671, rotation direction: 1
Basic rotation angle: 1.693121693121693, rotation gain: 2.0445352672627055e-05
Rotation gain: 1.24, direction: 1, curvature radius: 7.5
{'type': 'running', 'physical': {'user_x': 132.055077072206, 'user_y': 646.4738497493595, 'user_direction': 3.6098560018085273}, 'virtual': {'user_x': 2343.681512148755, 'user_y': 6687.537555261276, 'user_direction': -2.5267652980936464}, 'user_v': 7.999999999999999, 'user_w': 0, 'delta_t': 0.02, 'need_reset': False}
Tangent angle: 6.184195130594311, User angle: 3.6098560018085273, Offset angle: 0.43930258511671344
Target angle: 5.744892545477597, distance: 425.59636935061496, angle diff: 2.13503654366907, rotation direction: 1
Basic rotation angle: 1.693121693121693, rotation gain: 4.087663360550867e-05
Rotation gain: 1.24, direction: 1, curvature radius: 7.5
{'type': 'running', 'physical': {'user_x': 126.45125352473177, 'user_y': 643.488957303462, 'user_direction': 3.6310200229725487}, 'virtual': {'user_x': 2337.1465278011888, 'user_y': 6682.9230152433465, 'user_direction': -2.526765298093647}, 'user_v': 7.999999999999999, 'user_w': 0, 'delta_t': 0.02, 'need_reset': False}
Tangent angle: 6.191605903680178, User angle: 3.6310200229725487, Offset angle: 0.4340770108057428
Target angle: 5.757528892874435, distance: 431.43910890836054, angle diff: 2.126508869901886, rotation direction: 1
Basic rotation angle: 1.693121693121693, rotation gain: 2.7631088062918523e-05
Rotation gain: 1.24, direction: 1, curvature radius: 7.5
{'type': 'running', 'physical': {'user_x': 120.91185256196617, 'user_y': 640.3861427362483, 'user_direction': 3.65218404413657}, 'virtual': {'user_x': 2330.6115434536227, 'user_y': 6678.308475225417, 'user_direction': -2.5267652980936472}, 'user_v': 7.999999999999999, 'user_w': 0, 'delta_t': 0.02, 'need_reset': False}
Tangent angle: 6.199086200271509, User angle: 3.65218404413657, Offset angle: 0.4290249380980758
Target angle: 5.770061262173433, distance: 437.2144708729571, angle diff: 2.1178772180368632, rotation direction: 1
Basic rotation angle: 1.693121693121693, rotation gain: 4.3811489759655816e-05
Rotation gain: 1.24, direction: 1, curvature radius: 7.5
{'type': 'running', 'physical': {'user_x': 115.43935527646559, 'user_y': 637.1667957954867, 'user_direction': 3.6733480653005914}, 'virtual': {'user_x': 2324.0765591060567, 'user_y': 6673.693935207488, 'user_direction': -2.526765298093648}, 'user_v': 7.999999999999999, 'user_w': 0, 'delta_t': 0.02, 'need_reset': False}
Tangent angle: 6.206633144341694, User angle: 3.6733480653005914, Offset angle: 0.42413901000458437
Target angle: 5.78249413433711, distance: 442.9225543191392, angle diff: 2.1091460690365187, rotation direction: 1
Basic rotation angle: 1.693121693121693, rotation gain: 3.42044043296451e-05
Rotation gain: 1.24, direction: 1, curvature radius: 7.5
{'type': 'running', 'physical': {'user_x': 110.03621279469138, 'user_y': 633.8323584236878, 'user_direction': 3.694512086464613}, 'virtual': {'user_x': 2317.5415747584907, 'user_y': 6669.079395189558, 'user_direction': -2.526765298093649}, 'user_v': 7.999999999999999, 'user_w': 0, 'delta_t': 0.02, 'need_reset': False}
Tangent angle: 6.2142440064640745, User angle: 3.694512086464613, Offset angle: 0.41941230466820767
Target angle: 5.794831701795868, distance: 448.5634194281538, angle diff: 2.100319615331255, rotation direction: 1
Basic rotation angle: 1.693121693121693, rotation gain: 4.712297948685959e-05
Rotation gain: 1.24, direction: 1, curvature radius: 7.5
{'type': 'running', 'physical': {'user_x': 104.70484517915261, 'user_y': 630.3843241122595, 'user_direction': 3.715676107628634}, 'virtual': {'user_x': 2311.0065904109247, 'user_y': 6664.464855171629, 'user_direction': -2.5267652980936512}, 'user_v': 7.999999999999999, 'user_w': 0, 'delta_t': 0.02, 'need_reset': False}
Tangent angle: 6.221916194506805, User angle: 3.715676107628634, Offset angle: 0.41483830347758466
Target angle: 5.80707789102922, distance: 454.1370911308237, angle diff: 2.0914017834005856, rotation direction: 1
Basic rotation angle: 1.693121693121693, rotation gain: 4.0294511414085326e-05
Rotation gain: 1.24, direction: 1, curvature radius: 7.5
{'type': 'running', 'physical': {'user_x': 99.44764034446229, 'user_y': 626.8242372325738, 'user_direction': 3.7368401287926556}, 'virtual': {'user_x': 2304.4716060633586, 'user_y': 6659.8503151537, 'user_direction': -2.5267652980936557}, 'user_v': 7.999999999999999, 'user_w': 0, 'delta_t': 0.02, 'need_reset': False}
Tangent angle: 6.229647245014831, User angle: 3.7368401287926556, Offset angle: 0.41041086201904253
Target angle: 5.819236382995788, distance: 459.6435624044311, angle diff: 2.0823962542031325, rotation direction: 1
Basic rotation angle: 1.693121693121693, rotation gain: 5.0708831222314595e-05
Rotation gain: 1.24, direction: 1, curvature radius: 7.5
{'type': 'running', 'physical': {'user_x': 94.2669529877926, 'user_y': 623.1536923442438, 'user_direction': 3.758004149956677}, 'virtual': {'user_x': 2300.584669271867, 'user_y': 6657.105637520588, 'user_direction': -2.5267652980936557}, 'user_v': 0, 'user_w': 0.1, 'delta_t': 0.02, 'need_reset': False}
Tangent angle: 6.237434815221128, User angle: 3.758004149956677, Offset angle: 0.40612418356999874
Target angle: 5.83131063165113, distance: 465.0827972624052, angle diff: 2.073306481694453, rotation direction: 1
Basic rotation angle: 0.0, rotation gain: 4.135785396892438e-05
Rotation gain: 1.24, direction: 1, curvature radius: 2500000
{'type': 'running', 'physical': {'user_x': 89.16510353420831, 'user_y': 619.3743334809227, 'user_direction': 3.7791681711206984}, 'virtual': {'user_x': 2300.584669271867, 'user_y': 6657.105637520588, 'user_direction': -2.6267652980936558}, 'user_v': 0, 'user_w': 0.1, 'delta_t': 0.02, 'need_reset': False}
Tangent angle: 6.245276675634724, User angle: 3.7791681711206984, Offset angle: 0.40197279487265875
Target angle: 5.843303880762065, distance: 470.45473347076245, angle diff: 2.0641357096413664, rotation direction: 1
Basic rotation angle: 0.0, rotation gain: 3.3030048974227066e-05
Rotation gain: 1.24, direction: 1, curvature radius: 2500000
{'type': 'running', 'physical': {'user_x': 89.16510353420831, 'user_y': 619.3743334809227, 'user_direction': 3.859813332411021}, 'virtual': {'user_x': 2300.584669271867, 'user_y': 6657.105637520588, 'user_direction': -2.726765298093656}, 'user_v': 0, 'user_w': 0.1, 'delta_t': 0.02, 'need_reset': False}
Tangent angle: 6.245276675634724, User angle: 3.859813332411021, Offset angle: 0.40197279487265875
Target angle: 5.843303880762065, distance: 470.45473347076245, angle diff: 1.9834905483510439, rotation direction: 1
Basic rotation angle: 0.0, rotation gain: 2.5743219603866915e-05
Rotation gain: 1.24, direction: 1, curvature radius: 2500000
{'type': 'running', 'physical': {'user_x': 89.16510353420831, 'user_y': 619.3743334809227, 'user_direction': 3.9404584937013434}, 'virtual': {'user_x': 2300.584669271867, 'user_y': 6657.105637520588, 'user_direction': -2.826765298093656}, 'user_v': 0, 'user_w': 0.1, 'delta_t': 0.02, 'need_reset': False}
Tangent angle: 6.245276675634724, User angle: 3.9404584937013434, Offset angle: 0.40197279487265875
Target angle: 5.843303880762065, distance: 470.45473347076245, angle diff: 1.9028453870607214, rotation direction: 1
Basic rotation angle: 0.0, rotation gain: 1.9367243904801784e-05
Rotation gain: 1.24, direction: 1, curvature radius: 2500000
{'type': 'running', 'physical': {'user_x': 89.16510353420831, 'user_y': 619.3743334809227, 'user_direction': 4.021103654991666}, 'virtual': {'user_x': 2300.584669271867, 'user_y': 6657.105637520588, 'user_direction': -2.926765298093656}, 'user_v': 0, 'user_w': 0.1, 'delta_t': 0.02, 'need_reset': False}
Tangent angle: 6.245276675634724, User angle: 4.021103654991666, Offset angle: 0.40197279487265875
Target angle: 5.843303880762065, distance: 470.45473347076245, angle diff: 1.8222002257703984, rotation direction: 1
Basic rotation angle: 0.0, rotation gain: 1.3788265168119793e-05
Rotation gain: 1.24, direction: 1, curvature radius: 2500000
{'type': 'running', 'physical': {'user_x': 89.16510353420831, 'user_y': 619.3743334809227, 'user_direction': 4.101748816281989}, 'virtual': {'user_x': 2300.584669271867, 'user_y': 6657.105637520588, 'user_direction': -3.026765298093656}, 'user_v': 0, 'user_w': 0.1, 'delta_t': 0.02, 'need_reset': False}
Tangent angle: 6.245276675634724, User angle: 4.101748816281989, Offset angle: 0.40197279487265875
Target angle: 5.843303880762065, distance: 470.45473347076245, angle diff: 1.7415550644800755, rotation direction: 1
Basic rotation angle: 0.0, rotation gain: 8.906658773523053e-06
Rotation gain: 1.24, direction: 1, curvature radius: 2500000
{'type': 'running', 'physical': {'user_x': 89.16510353420831, 'user_y': 619.3743334809227, 'user_direction': 4.182393977572312}, 'virtual': {'user_x': 2300.584669271867, 'user_y': 6657.105637520588, 'user_direction': -3.135789705287129}, 'user_v': 7.999999999999999, 'user_w': 0, 'delta_t': 0.02, 'need_reset': False}
Tangent angle: 6.245276675634724, User angle: 4.182393977572312, Offset angle: 0.40197279487265875
Target angle: 5.843303880762065, distance: 470.45473347076245, angle diff: 1.6609099031897525, rotation direction: 1
Basic rotation angle: 1.693121693121693, rotation gain: 8.694887103062029e-05
Rotation gain: 1.24, direction: 1, curvature radius: 7.5
{'type': 'running', 'physical': {'user_x': 89.16510353420831, 'user_y': 619.3743334809227, 'user_direction': 4.263039138862635}, 'virtual': {'user_x': 2292.584803968325, 'user_y': 6657.059214194713, 'user_direction': -3.135789705287129}, 'user_v': 7.999999999999999, 'user_w': 0, 'delta_t': 0.02, 'need_reset': False}
Tangent angle: 6.245276675634724, User angle: 4.263039138862635, Offset angle: 0.40197279487265875
Target angle: 5.843303880762065, distance: 470.45473347076245, angle diff: 1.5802647418994296, rotation direction: 1
Basic rotation angle: 1.693121693121693, rotation gain: 1.866193530566021e-05
Rotation gain: 1.24, direction: 1, curvature radius: 7.5
{'type': 'running', 'physical': {'user_x': 86.52877915222035, 'user_y': 613.5983301033494, 'user_direction': 4.284203160026657}, 'virtual': {'user_x': 2284.5849386647833, 'user_y': 6657.012790868837, 'user_direction': -3.1357897052871277}, 'user_v': 7.999999999999999, 'user_w': 0, 'delta_t': 0.02, 'need_reset': False}
Tangent angle: 6.256708356193375, User angle: 4.284203160026657, Offset angle: 0.39994669461306875
Target angle: 5.856761661580306, distance: 473.114794971061, angle diff: 1.5725585015536492, rotation direction: 1
Basic rotation angle: 1.693121693121693, rotation gain: 8.331261318754118e-05
Rotation gain: 1.24, direction: 1, curvature radius: 7.5
{'type': 'running', 'physical': {'user_x': 84.01527950599079, 'user_y': 607.767829199207, 'user_direction': 4.305367181190678}, 'virtual': {'user_x': 2276.5850733612415, 'user_y': 6656.966367542962, 'user_direction': -3.135789705287126}, 'user_v': 7.999999999999999, 'user_w': 0, 'delta_t': 0.02, 'need_reset': False}
Tangent angle: 6.268132065965989, User angle: 4.305367181190678, Offset angle: 0.39798808789687745
Target angle: 5.8701439780691125, distance: 475.71059579722305, angle diff: 1.5647767968784345, rotation direction: 1
Basic rotation angle: 1.693121693121693, rotation gain: 3.160974318825909e-05
Rotation gain: 1.24, direction: 1, curvature radius: 7.5
{'type': 'running', 'physical': {'user_x': 81.62573038968124, 'user_y': 601.8854422444456, 'user_direction': 4.326531202354699}, 'virtual': {'user_x': 2268.5852080576997, 'user_y': 6656.919944217087, 'user_direction': -3.1357897052871238}, 'user_v': 7.999999999999999, 'user_w': 0, 'delta_t': 0.02, 'need_reset': False}
Tangent angle: 6.279548101321517, User angle: 4.326531202354699, Offset angle: 0.39609546379530797
Target angle: 5.883452637526208, distance: 478.2420289837443, angle diff: 1.5569214351715086, rotation direction: 1
Basic rotation angle: 1.693121693121693, rotation gain: 8.168356970765124e-05
Rotation gain: 1.24, direction: 1, curvature radius: 7.5
{'type': 'running', 'physical': {'user_x': 79.36120208012586, 'user_y': 595.9538039547297, 'user_direction': 4.347695223518721}, 'virtual': {'user_x': 2260.585342754158, 'user_y': 6656.873520891211, 'user_direction': -3.135789705287121}, 'user_v': 7.999999999999999, 'user_w': 0, 'delta_t': 0.02, 'need_reset': False}
Tangent angle: 0.007771442704623599, User angle: 4.347695223518721, Offset angle: 0.3942673806805467
Target angle: 5.8966893692036635, distance: 480.7089863960193, angle diff: 1.5489941456849428, rotation direction: 1
Basic rotation angle: 1.693121693121693, rotation gain: 4.267058435729738e-05
Rotation gain: 1.24, direction: 1, curvature radius: 7.5
{'type': 'running', 'physical': {'user_x': 77.22270885745537, 'user_y': 589.9755711053506, 'user_direction': 4.368859244682742}, 'virtual': {'user_x': 2252.585477450616, 'user_y': 6656.827097565336, 'user_direction': -3.1357897052871175}, 'user_v': 7.999999999999999, 'user_w': 0, 'delta_t': 0.02, 'need_reset': False}
Tangent angle: 0.01917298378608079, User angle: 4.368859244682742, Offset angle: 0.392502463125956
Target angle: 5.909855827839711, distance: 483.11135911816524, angle diff: 1.5409965831569687, rotation direction: 1
Basic rotation angle: 1.693121693121693, rotation gain: 8.157679082208518e-05
Rotation gain: 1.24, direction: 1, curvature radius: 7.5
{'type': 'running', 'physical': {'user_x': 75.21120855080189, 'user_y': 583.9534213412601, 'user_direction': 4.3900232658467635}, 'virtual': {'user_x': 2244.5856121470742, 'user_y': 6656.7806742394605, 'user_direction': -3.1357897052871126}, 'user_v': 7.999999999999999, 'user_w': 0, 'delta_t': 0.02, 'need_reset': False}
Tangent angle: 0.030567688796187653, User angle: 4.3900232658467635, Offset angle: 0.39079939899961175
Target angle: 5.922953596976162, distance: 485.4490378169073, angle diff: 1.532930331129399, rotation direction: 1
Basic rotation angle: 1.693121693121693, rotation gain: 5.227234906979205e-05
Rotation gain: 1.24, direction: 1, curvature radius: 7.5
{'type': 'running', 'physical': {'user_x': 73.32760210928816, 'user_y': 577.8900519777551, 'user_direction': 4.411187287010785}, 'virtual': {'user_x': 2236.5857468435324, 'user_y': 6656.734250913585, 'user_direction': -3.135789705287106}, 'user_v': 7.999999999999999, 'user_w': 0, 'delta_t': 0.02, 'need_reset': False}
Tangent angle: 0.04195582163426392, User angle: 4.411187287010785, Offset angle: 0.38915693673814294
Target angle: 5.935984192075707, distance: 487.72191308316116, angle diff: 1.524796905064922, rotation direction: 1
Basic rotation angle: 1.693121693121693, rotation gain: 8.262126257818349e-05
Rotation gain: 1.24, direction: 1, curvature radius: 7.5
{'type': 'running', 'physical': {'user_x': 71.57273319849334, 'user_y': 571.788178792353, 'user_direction': 4.432351308174806}, 'virtual': {'user_x': 2228.5858815399906, 'user_y': 6656.68782758771, 'user_direction': -3.1357897052870953}, 'user_v': 7.999999999999999, 'user_w': 0, 'delta_t': 0.02, 'need_reset': False}
Tangent angle: 0.05333763906167244, User angle: 4.432351308174806, Offset angle: 0.3875738827889065
Target angle: 5.9489490634523525, distance: 489.92987575280915, angle diff: 1.5165977552775463, rotation direction: 1
Basic rotation angle: 1.693121693121693, rotation gain: 6.074290287213298e-05
Rotation gain: 1.24, direction: 1, curvature radius: 7.5
{'type': 'running', 'physical': {'user_x': 69.94738782257583, 'user_y': 565.6505348083975, 'user_direction': 4.453515329338828}, 'virtual': {'user_x': 2220.586016236449, 'user_y': 6656.6414042618335, 'user_direction': -3.135789705287077}, 'user_v': 7.999999999999999, 'user_w': 0, 'delta_t': 0.02, 'need_reset': False}
Tangent angle: 0.06471339105705498, User angle: 4.453515329338828, Offset angle: 0.38604909920949537
Target angle: 5.961849599027146, distance: 492.07281720804286, angle diff: 1.5083342696883184, rotation direction: 1
Basic rotation angle: 1.693121693121693, rotation gain: 8.45331763678903e-05
Rotation gain: 1.24, direction: 1, curvature radius: 7.5
{'type': 'running', 'physical': {'user_x': 68.45229397222289, 'user_y': 559.4798690709395, 'user_direction': 4.474679350502849}, 'virtual': {'user_x': 2212.586150932907, 'user_y': 6656.594980935958, 'user_direction': -3.135789705287104}, 'user_v': 7.999999999999999, 'user_w': 0, 'delta_t': 0.02, 'need_reset': False}
Tangent angle: 0.07608332115528071, User angle: 4.474679350502849, Offset angle: 0.38458150141445385
Target angle: 5.974687126920413, distance: 494.1506296605322, angle diff: 1.500007776417564, rotation direction: 1
Basic rotation angle: 1.693121693121693, rotation gain: 6.833350415485558e-05
Rotation gain: 1.24, direction: 1, curvature radius: 7.5
{'type': 'running', 'physical': {'user_x': 67.08812129858418, 'user_y': 553.2789454154426, 'user_direction': 4.49584337166687}, 'virtual': {'user_x': 2206.9463368818206, 'user_y': 6656.5622530192195, 'user_direction': -3.135789705287104}, 'user_v': 0, 'user_w': 0.1, 'delta_t': 0.02, 'need_reset': False}
Tangent angle: 0.08744766677113214, User angle: 4.49584337166687, Offset angle: 0.38317005605988125
Target angle: 5.987462917890837, distance: 496.16320641757164, angle diff: 1.4916195462239665, rotation direction: 1
Basic rotation angle: 0.0, rotation gain: 5.489557341711754e-05
Rotation gain: 1.24, direction: 1, curvature radius: 2500000
{'type': 'running', 'physical': {'user_x': 65.85548081333569, 'user_y': 547.0505412298644, 'user_direction': 4.517007392830892}, 'virtual': {'user_x': 2206.9463368818206, 'user_y': 6656.5622530192195, 'user_direction': 3.047395601892482}, 'user_v': 0, 'user_w': 0.1, 'delta_t': 0.02, 'need_reset': False}
Tangent angle: 0.09880665950867273, User angle: 4.517007392830892, Offset angle: 0.381813779057333
Target angle: 6.000178187630926, distance: 498.1104421322676, angle diff: 1.483170794800034, rotation direction: 1
Basic rotation angle: 0.0, rotation gain: 4.29854511611638e-05
Rotation gain: 1.24, direction: 1, curvature radius: 2500000
{'type': 'running', 'physical': {'user_x': 65.85548081333569, 'user_y': 547.0505412298644, 'user_direction': 4.597652554121215}, 'virtual': {'user_x': 2206.9463368818206, 'user_y': 6656.5622530192195, 'user_direction': 2.947395601892482}, 'user_v': 0, 'user_w': 0.1, 'delta_t': 0.02, 'need_reset': False}
Tangent angle: 0.09880665950867273, User angle: 4.597652554121215, Offset angle: 0.381813779057333
Target angle: 6.000178187630926, distance: 498.1104421322676, angle diff: 1.4025256335097112, rotation direction: 1
Basic rotation angle: 0.0, rotation gain: 3.256409418720428e-05
Rotation gain: 1.24, direction: 1, curvature radius: 2500000
{'type': 'running', 'physical': {'user_x': 65.85548081333569, 'user_y': 547.0505412298644, 'user_direction': 4.678297715411538}, 'virtual': {'user_x': 2206.9463368818206, 'user_y': 6656.5622530192195, 'user_direction': 2.8473956018924818}, 'user_v': 0, 'user_w': 0.1, 'delta_t': 0.02, 'need_reset': False}
Tangent angle: 0.09880665950867273, User angle: 4.678297715411538, Offset angle: 0.381813779057333
Target angle: 6.000178187630926, distance: 498.1104421322676, angle diff: 1.3218804722193882, rotation direction: 1
Basic rotation angle: 0.0, rotation gain: 2.3445406834989705e-05
Rotation gain: 1.24, direction: 1, curvature radius: 2500000
{'type': 'running', 'physical': {'user_x': 65.85548081333569, 'user_y': 547.0505412298644, 'user_direction': 4.758942876701861}, 'virtual': {'user_x': 2206.9463368818206, 'user_y': 6656.5622530192195, 'user_direction': 2.7473956018924817}, 'user_v': 0, 'user_w': 0.1, 'delta_t': 0.02, 'need_reset': False}
Tangent angle: 0.09880665950867273, User angle: 4.758942876701861, Offset angle: 0.381813779057333
Target angle: 6.000178187630926, distance: 498.1104421322676, angle diff: 1.2412353109290652, rotation direction: 1
Basic rotation angle: 0.0, rotation gain: 1.5466555401801946e-05
Rotation gain: 1.24, direction: 1, curvature radius: 2500000
{'type': 'running', 'physical': {'user_x': 65.85548081333569, 'user_y': 547.0505412298644, 'user_direction': 4.839588037992184}, 'virtual': {'user_x': 2206.9463368818206, 'user_y': 6656.5622530192195, 'user_direction': 2.6473956018924816}, 'user_v': 0, 'user_w': 0.1, 'delta_t': 0.02, 'need_reset': False}
Tangent angle: 0.09880665950867273, User angle: 4.839588037992184, Offset angle: 0.381813779057333
Target angle: 6.000178187630926, distance: 498.1104421322676, angle diff: 1.1605901496387423, rotation direction: 1
Basic rotation angle: 0.0, rotation gain: 8.485060397762659e-06
Rotation gain: 1.24, direction: 1, curvature radius: 2500000
{'type': 'running', 'physical': {'user_x': 65.85548081333569, 'user_y': 547.0505412298644, 'user_direction': 4.920233199282507}, 'virtual': {'user_x': 2206.9463368818206, 'user_y': 6656.5622530192195, 'user_direction': 2.5473956018924815}, 'user_v': 0, 'user_w': 0.1, 'delta_t': 0.02, 'need_reset': False}
Tangent angle: 0.09880665950867273, User angle: 4.920233199282507, Offset angle: 0.381813779057333
Target angle: 6.000178187630926, distance: 498.1104421322676, angle diff: 1.0799449883484193, rotation direction: 1
Basic rotation angle: 0.0, rotation gain: 2.3762522692282813e-06
Rotation gain: 1.24, direction: 1, curvature radius: 2500000
{'type': 'running', 'physical': {'user_x': 65.85548081333569, 'user_y': 547.0505412298644, 'user_direction': 5.0008783605728295}, 'virtual': {'user_x': 2206.9463368818206, 'user_y': 6656.5622530192195, 'user_direction': 2.4473956018924814}, 'user_v': 0, 'user_w': 0.1, 'delta_t': 0.02, 'need_reset': False}
Tangent angle: 0.09880665950867273, User angle: 5.0008783605728295, Offset angle: 0.381813779057333
Target angle: 6.000178187630926, distance: 498.1104421322676, angle diff: 0.9992998270580964, rotation direction: 1
Basic rotation angle: 0.0, rotation gain: 2.9689548432392987e-06
Rotation gain: 1.24, direction: 1, curvature radius: 2500000
{'type': 'running', 'physical': {'user_x': 65.85548081333569, 'user_y': 547.0505412298644, 'user_direction': 5.0815235218631525}, 'virtual': {'user_x': 2206.9463368818206, 'user_y': 6656.5622530192195, 'user_direction': 2.3473956018924813}, 'user_v': 0, 'user_w': 0.1, 'delta_t': 0.02, 'need_reset': False}
Tangent angle: 0.09880665950867273, User angle: 5.0815235218631525, Offset angle: 0.381813779057333
Target angle: 6.000178187630926, distance: 498.1104421322676, angle diff: 0.9186546657677734, rotation direction: 1
Basic rotation angle: 0.0, rotation gain: 2.4503400909796584e-06
Rotation gain: 1.24, direction: 1, curvature radius: 2500000
{'type': 'running', 'physical': {'user_x': 65.85548081333569, 'user_y': 547.0505412298644, 'user_direction': 5.162168683153475}, 'virtual': {'user_x': 2206.9463368818206, 'user_y': 6656.5622530192195, 'user_direction': 2.247395601892481}, 'user_v': 0, 'user_w': 0.1, 'delta_t': 0.02, 'need_reset': False}
Tangent angle: 0.09880665950867273, User angle: 5.162168683153475, Offset angle: 0.381813779057333
Target angle: 6.000178187630926, distance: 498.1104421322676, angle diff: 0.8380095044774505, rotation direction: 1
Basic rotation angle: 0.0, rotation gain: 2.9041279992068436e-06
Rotation gain: 1.24, direction: 1, curvature radius: 2500000
{'type': 'running', 'physical': {'user_x': 65.85548081333569, 'user_y': 547.0505412298644, 'user_direction': 5.242813844443798}, 'virtual': {'user_x': 2206.9463368818206, 'user_y': 6656.5622530192195, 'user_direction': 2.147395601892481}, 'user_v': 0, 'user_w': 0.1, 'delta_t': 0.02, 'need_reset': False}
Tangent angle: 0.09880665950867273, User angle: 5.242813844443798, Offset angle: 0.381813779057333
Target angle: 6.000178187630926, distance: 498.1104421322676, angle diff: 0.7573643431871275, rotation direction: 1
Basic rotation angle: 0.0, rotation gain: 2.5070635795080565e-06
Rotation gain: 1.24, direction: 1, curvature radius: 2500000
{'type': 'running', 'physical': {'user_x': 65.85548081333569, 'user_y': 547.0505412298644, 'user_direction': 5.323459005734121}, 'virtual': {'user_x': 2206.9463368818206, 'user_y': 6656.5622530192195, 'user_direction': 2.047395601892481}, 'user_v': 0, 'user_w': 0.1, 'delta_t': 0.02, 'need_reset': False}
Tangent angle: 0.09880665950867273, User angle: 5.323459005734121, Offset angle: 0.381813779057333
Target angle: 6.000178187630926, distance: 498.1104421322676, angle diff: 0.6767191818968046, rotation direction: 1
Basic rotation angle: 0.0, rotation gain: 2.8544949467444954e-06
Rotation gain: 1.24, direction: 1, curvature radius: 2500000
{'type': 'running', 'physical': {'user_x': 65.85548081333569, 'user_y': 547.0505412298644, 'user_direction': 5.404104167024444}, 'virtual': {'user_x': 2206.9463368818206, 'user_y': 6656.5622530192195, 'user_direction': 1.947395601892481}, 'user_v': 0, 'user_w': 0.1, 'delta_t': 0.02, 'need_reset': False}
Tangent angle: 0.09880665950867273, User angle: 5.404104167024444, Offset angle: 0.381813779057333
Target angle: 6.000178187630926, distance: 498.1104421322676, angle diff: 0.5960740206064816, rotation direction: 1
Basic rotation angle: 0.0, rotation gain: 2.5504925004126112e-06
Rotation gain: 1.24, direction: 1, curvature radius: 2500000
{'type': 'running', 'physical': {'user_x': 65.85548081333569, 'user_y': 547.0505412298644, 'user_direction': 5.484749328314767}, 'virtual': {'user_x': 2206.9463368818206, 'user_y': 6656.5622530192195, 'user_direction': 1.8473956018924809}, 'user_v': 0, 'user_w': 0.1, 'delta_t': 0.02, 'need_reset': False}
Tangent angle: 0.09880665950867273, User angle: 5.484749328314767, Offset angle: 0.381813779057333
Target angle: 6.000178187630926, distance: 498.1104421322676, angle diff: 0.5154288593161587, rotation direction: 1
Basic rotation angle: 0.0, rotation gain: 2.81649464095301e-06
Rotation gain: 1.24, direction: 1, curvature radius: 2500000
{'type': 'running', 'physical': {'user_x': 65.85548081333569, 'user_y': 547.0505412298644, 'user_direction': 5.56539448960509}, 'virtual': {'user_x': 2206.9463368818206, 'user_y': 6656.5622530192195, 'user_direction': 1.7473956018924808}, 'user_v': 0, 'user_w': 0.1, 'delta_t': 0.02, 'need_reset': False}
Tangent angle: 0.09880665950867273, User angle: 5.56539448960509, Offset angle: 0.381813779057333
Target angle: 6.000178187630926, distance: 498.1104421322676, angle diff: 0.4347836980258357, rotation direction: 1
Basic rotation angle: 0.0, rotation gain: 2.583742767980161e-06
Rotation gain: 1.24, direction: 1, curvature radius: 2500000
{'type': 'running', 'physical': {'user_x': 65.85548081333569, 'user_y': 547.0505412298644, 'user_direction': 5.646039650895413}, 'virtual': {'user_x': 2206.9463368818206, 'user_y': 6656.5622530192195, 'user_direction': 1.6473956018924807}, 'user_v': 0, 'user_w': 0.1, 'delta_t': 0.02, 'need_reset': False}
Tangent angle: 0.09880665950867273, User angle: 5.646039650895413, Offset angle: 0.381813779057333
Target angle: 6.000178187630926, distance: 498.1104421322676, angle diff: 0.35413853673551277, rotation direction: 1
Basic rotation angle: 0.0, rotation gain: 2.787400656831404e-06
Rotation gain: 1.24, direction: 1, curvature radius: 2500000
{'type': 'running', 'physical': {'user_x': 65.85548081333569, 'user_y': 547.0505412298644, 'user_direction': 5.726684812185736}, 'virtual': {'user_x': 2206.9463368818206, 'user_y': 6656.5622530192195, 'user_direction': 1.5473956018924806}, 'user_v': 0, 'user_w': 0.1, 'delta_t': 0.02, 'need_reset': False}
Tangent angle: 0.09880665950867273, User angle: 5.726684812185736, Offset angle: 0.381813779057333
Target angle: 6.000178187630926, distance: 498.1104421322676, angle diff: 0.2734933754451898, rotation direction: 1
Basic rotation angle: 0.0, rotation gain: 2.6092000040865663e-06
Rotation gain: 1.24, direction: 1, curvature radius: 2500000
{'type': 'running', 'physical': {'user_x': 65.85548081333569, 'user_y': 547.0505412298644, 'user_direction': 5.807329973476059}, 'virtual': {'user_x': 2206.9463368818206, 'user_y': 6656.5622530192195, 'user_direction': 1.3487352801177872}, 'user_v': 7.999999999999999, 'user_w': 0, 'delta_t': 0.02, 'need_reset': False}
Tangent angle: 0.09880665950867273, User angle: 5.807329973476059, Offset angle: 0.381813779057333
Target angle: 6.000178187630926, distance: 498.1104421322676, angle diff: 0.19284821415486686, rotation direction: 1
Basic rotation angle: 1.693121693121693, rotation gain: 0.00014916221736084557
Rotation gain: 1.24, direction: 1, curvature radius: 7.5
{'type': 'running', 'physical': {'user_x': 65.85548081333569, 'user_y': 547.0505412298644, 'user_direction': 5.887975134766382}, 'virtual': {'user_x': 2208.7082611085557, 'user_y': 6664.36581778279, 'user_direction': 1.3487352801177872}, 'user_v': 7.999999999999999, 'user_w': 0, 'delta_t': 0.02, 'need_reset': False}
Tangent angle: 0.09880665950867273, User angle: 5.887975134766382, Offset angle: 0.381813779057333
Target angle: 6.000178187630926, distance: 498.1104421322676, angle diff: 0.1122030528645439, rotation direction: 1
Basic rotation angle: 1.693121693121693, rotation gain: 2.092832717368143e-05
Rotation gain: 1.24, direction: 1, curvature radius: 7.5
{'type': 'running', 'physical': {'user_x': 71.76568123970402, 'user_y': 544.7306377437345, 'user_direction': 5.909139155930403}, 'virtual': {'user_x': 2210.470185335291, 'user_y': 6672.169382546361, 'user_direction': 1.3487352801177879}, 'user_v': 7.999999999999999, 'user_w': 0, 'delta_t': 0.02, 'need_reset': False}
Tangent angle: 0.10425106314215027, User angle: 5.909139155930403, Offset angle: 0.3860847297776912
Target angle: 6.001351640544045, distance: 492.02255834500943, angle diff: 0.09221248461364162, rotation direction: 1
Basic rotation angle: 1.693121693121693, rotation gain: 0.00013355323657367933
Rotation gain: 1.24, direction: 1, curvature radius: 7.5
{'type': 'running', 'physical': {'user_x': 77.72365290065594, 'user_y': 542.536328068211, 'user_direction': 5.930303177094425}, 'virtual': {'user_x': 2212.232109562026, 'user_y': 6679.972947309931, 'user_direction': 1.3487352801177885}, 'user_v': 7.999999999999999, 'user_w': 0, 'delta_t': 0.02, 'need_reset': False}
Tangent angle: 0.10958463804404994, User angle: 5.930303177094425, Offset angle: 0.3904904776670062
Target angle: 6.0022794675566296, distance: 485.8751447968077, angle diff: 0.07197629046220477, rotation direction: 1
Basic rotation angle: 1.693121693121693, rotation gain: 3.5338682077095263e-05
Rotation gain: 1.24, direction: 1, curvature radius: 7.5
{'type': 'running', 'physical': {'user_x': 83.72672722620732, 'user_y': 540.4685950325635, 'user_direction': 5.951467198258446}, 'virtual': {'user_x': 2213.994033788761, 'user_y': 6687.776512073502, 'user_direction': 1.3487352801177894}, 'user_v': 7.999999999999999, 'user_w': 0, 'delta_t': 0.02, 'need_reset': False}
Tangent angle: 0.11480284337117519, User angle: 5.951467198258446, Offset angle: 0.3950362939144792
Target angle: 6.002951856636282, distance: 479.6687193865781, angle diff: 0.05148465837783611, rotation direction: 1
Basic rotation angle: 1.693121693121693, rotation gain: 0.00012151716401511041
Rotation gain: 1.24, direction: 1, curvature radius: 7.5
{'type': 'running', 'physical': {'user_x': 89.7722154449324, 'user_y': 538.528364772502, 'user_direction': 5.9726312194224676}, 'virtual': {'user_x': 2215.755958015496, 'user_y': 6695.580076837073, 'user_direction': 1.3487352801177903}, 'user_v': 7.999999999999999, 'user_w': 0, 'delta_t': 0.02, 'need_reset': False}
Tangent angle: 0.11990091016650117, User angle: 5.9726312194224676, Offset angle: 0.3997277331587985
Target angle: 6.003358484187289, distance: 473.403796002435, angle diff: 0.03072726476482135, rotation direction: 1
Basic rotation angle: 1.693121693121693, rotation gain: 4.625657343086948e-05
Rotation gain: 1.24, direction: 1, curvature radius: 7.5
{'type': 'running', 'physical': {'user_x': 95.85740978826198, 'user_y': 536.7165063153614, 'user_direction': 5.993795240586489}, 'virtual': {'user_x': 2217.5178822422313, 'user_y': 6703.383641600643, 'user_direction': 1.3487352801177912}, 'user_v': 7.999999999999999, 'user_w': 0, 'delta_t': 0.02, 'need_reset': False}
Tangent angle: 0.1248738273050205, User angle: 5.993795240586489, Offset angle: 0.40457065188861085
Target angle: 6.003488482595996, distance: 467.08088361474836, angle diff: 0.009693242009507053, rotation direction: 1
Basic rotation angle: 1.693121693121693, rotation gain: 0.00011215613063969332
Rotation gain: 1.24, direction: 1, curvature radius: 7.5
{'type': 'running', 'physical': {'user_x': 101.97958470329044, 'user_y': 535.0338311908652, 'user_direction': 6.01495926175051}, 'virtual': {'user_x': 2219.2798064689664, 'user_y': 6711.187206364214, 'user_direction': 1.3487352801177925}, 'user_v': 7.999999999999999, 'user_w': 0, 'delta_t': 0.02, 'need_reset': False}
Tangent angle: 0.12971632646355147, User angle: 6.01495926175051, Offset angle: 0.40957122825887304
Target angle: 6.003330405384265, distance: 460.7004852852274, angle diff: 0.011628856366245444, rotation direction: -1
Basic rotation angle: 1.693121693121693, rotation gain: 5.443742509599354e-05
Rotation gain: 1.24, direction: -1, curvature radius: 7.5
{'type': 'running', 'physical': {'user_x': 108.06477904662002, 'user_y': 533.2219727337246, 'user_direction': 5.993795240586489}, 'virtual': {'user_x': 2221.0417306957015, 'user_y': 6718.990771127785, 'user_direction': 1.3487352801177939}, 'user_v': 7.999999999999999, 'user_w': 0, 'delta_t': 0.02, 'need_reset': False}
Tangent angle: 0.1349208812323921, User angle: 5.993795240586489, Offset angle: 0.41464254251496696
Target angle: 6.003463645897011, distance: 454.3782197025142, angle diff: 0.009668405310522488, rotation direction: 1
Basic rotation angle: 1.693121693121693, rotation gain: 0.00010498899376317493
Rotation gain: 1.24, direction: 1, curvature radius: 7.5
{'type': 'running', 'physical': {'user_x': 114.18695396164847, 'user_y': 531.5392976092284, 'user_direction': 6.01495926175051}, 'virtual': {'user_x': 2222.8036549224366, 'user_y': 6726.794335891355, 'user_direction': 1.3487352801177956}, 'user_v': 7.999999999999999, 'user_w': 0, 'delta_t': 0.02, 'need_reset': False}
Tangent angle: 0.13999799646653788, User angle: 6.01495926175051, Offset angle: 0.41988256910634647
Target angle: 6.003300734539778, distance: 447.9968565435468, angle diff: 0.011658527210732572, rotation direction: -1
Basic rotation angle: 1.693121693121693, rotation gain: 6.069804731384462e-05
Rotation gain: 1.24, direction: -1, curvature radius: 7.5
{'type': 'running', 'physical': {'user_x': 120.27214830497805, 'user_y': 529.7274391520878, 'user_direction': 5.993795240586489}, 'virtual': {'user_x': 2224.5655791491718, 'user_y': 6734.597900654926, 'user_direction': 1.3487352801177976}, 'user_v': 7.999999999999999, 'user_w': 0, 'delta_t': 0.02, 'need_reset': False}
Tangent angle: 0.14544977260034875, User angle: 5.993795240586489, Offset angle: 0.4251976989183773
Target angle: 6.003437380861557, distance: 441.67527041939366, angle diff: 0.009642140275068378, rotation direction: 1
Basic rotation angle: 1.693121693121693, rotation gain: 9.950154626860641e-05
Rotation gain: 1.24, direction: 1, curvature radius: 7.5
{'type': 'running', 'physical': {'user_x': 126.3943232200065, 'user_y': 528.0447640275916, 'user_direction': 6.01495926175051}, 'virtual': {'user_x': 2226.327503375907, 'user_y': 6742.401465418497, 'user_direction': 1.3487352801178005}, 'user_v': 7.999999999999999, 'user_w': 0, 'delta_t': 0.02, 'need_reset': False}
Tangent angle: 0.15077761344022456, User angle: 6.01495926175051, Offset angle: 0.4306935883527912
Target angle: 6.00326933226702, distance: 435.2928819336248, angle diff: 0.01168992948349068, rotation direction: -1
Basic rotation angle: 1.693121693121693, rotation gain: 6.548832140230938e-05
Rotation gain: 1.24, direction: -1, curvature radius: 7.5
{'type': 'running', 'physical': {'user_x': 132.4795175633361, 'user_y': 526.232905570451, 'user_direction': 5.993795240586489}, 'virtual': {'user_x': 2228.089427602642, 'user_y': 6750.205030182067, 'user_direction': 1.3487352801178039}, 'user_v': 7.999999999999999, 'user_w': 0, 'delta_t': 0.02, 'need_reset': False}
Tangent angle: 0.15649350346433, User angle: 5.993795240586489, Offset angle: 0.43626925004423633
Target angle: 6.00340956059968, distance: 428.9720104137203, angle diff: 0.009614320013191069, rotation direction: 1
Basic rotation angle: 1.693121693121693, rotation gain: 9.530009656972274e-05
Rotation gain: 1.24, direction: 1, curvature radius: 7.5
{'type': 'running', 'physical': {'user_x': 138.60169247836455, 'user_y': 524.5502304459548, 'user_direction': 6.01495926175051}, 'virtual': {'user_x': 2229.851351829377, 'user_y': 6758.008594945638, 'user_direction': 1.3487352801178087}, 'user_v': 7.999999999999999, 'user_w': 0, 'delta_t': 0.02, 'need_reset': False}
Tangent angle: 0.16208955164168692, User angle: 6.01495926175051, Offset angle: 0.44203881640725484
Target angle: 6.003236042414018, distance: 422.5885302626992, angle diff: 0.011723219336492008, rotation direction: -1
Basic rotation angle: 1.693121693121693, rotation gain: 6.915267158645963e-05
Rotation gain: 1.24, direction: -1, curvature radius: 7.5
{'type': 'running', 'physical': {'user_x': 144.68688682169415, 'user_y': 522.7383719888142, 'user_direction': 5.993795240586489}, 'virtual': {'user_x': 2231.6132760561118, 'user_y': 6765.812159709209, 'user_direction': 1.3487352801178156}, 'user_v': 7.999999999999999, 'user_w': 0, 'delta_t': 0.02, 'need_reset': False}
Tangent angle: 0.16808787952276605, User angle: 5.993795240586489, Offset angle: 0.44789314397342456
Target angle: 6.003380042728928, distance: 416.26841123854166, angle diff: 0.009584802142438953, rotation direction: 1
Basic rotation angle: 1.693121693121693, rotation gain: 9.208322248899036e-05
Rotation gain: 1.24, direction: 1, curvature radius: 7.5
{'type': 'running', 'physical': {'user_x': 150.8090617367226, 'user_y': 521.055696864318, 'user_direction': 6.01495926175051}, 'virtual': {'user_x': 2233.375200282847, 'user_y': 6773.615724472779, 'user_direction': 1.3487352801178107}, 'user_v': 7.999999999999999, 'user_w': 0, 'delta_t': 0.02, 'need_reset': False}
Tangent angle: 0.17397111869682114, User angle: 6.01495926175051, Offset angle: 0.45395573641225784
Target angle: 6.003200689464149, distance: 409.88376646974194, angle diff: 0.011758572286360902, rotation direction: -1
Basic rotation angle: 1.693121693121693, rotation gain: 7.195477942433044e-05
Rotation gain: 1.24, direction: -1, curvature radius: 7.5
{'type': 'running', 'physical': {'user_x': 156.8942560800522, 'user_y': 519.2438384071773, 'user_direction': 5.993795240586489}, 'virtual': {'user_x': 2235.1371245095816, 'user_y': 6781.41928923635, 'user_direction': 1.3487352801178236}, 'user_v': 7.999999999999999, 'user_w': 0, 'delta_t': 0.02, 'need_reset': False}
Tangent angle: 0.18027177328045063, User angle: 5.993795240586489, Offset angle: 0.4601084135251663
Target angle: 6.003348666934871, distance: 403.5644408642274, angle diff: 0.009553426348381855, rotation direction: 1
Basic rotation angle: 1.693121693121693, rotation gain: 8.962014526147468e-05
Rotation gain: 1.24, direction: 1, curvature radius: 7.5
{'type': 'running', 'physical': {'user_x': 163.01643099508067, 'user_y': 517.5611632826812, 'user_direction': 6.01495926175051}, 'virtual': {'user_x': 2236.899048736316, 'user_y': 6789.2228539999205, 'user_direction': 1.3487352801178178}, 'user_v': 7.999999999999999, 'user_w': 0, 'delta_t': 0.02, 'need_reset': False}
Tangent angle: 0.1864628301372977, User angle: 6.01495926175051, Offset angle: 0.46648506187953237
Target angle: 6.003163075437351, distance: 397.17855100644834, angle diff: 0.01179618631315904, rotation direction: -1
Basic rotation angle: 1.693121693121693, rotation gain: 7.40965054437856e-05
Rotation gain: 1.24, direction: -1, curvature radius: 7.5
{'type': 'running', 'physical': {'user_x': 169.10162533841026, 'user_y': 515.7493048255405, 'user_direction': 5.993795240586489}, 'virtual': {'user_x': 2237.91788854514, 'user_y': 6793.735296879825, 'user_direction': 1.3487352801178178}, 'user_v': 0, 'user_w': 0.1, 'delta_t': 0.02, 'need_reset': False}
Tangent angle: 0.19308740970581306, User angle: 5.993795240586489, Offset angle: 0.4729574648298616
Target angle: 6.003315252055538, distance: 390.86006309596206, angle diff: 0.009520011469049017, rotation direction: 1
Basic rotation angle: 0.0, rotation gain: 5.974882178591844e-05
Rotation gain: 1.24, direction: 1, curvature radius: 2500000
{'type': 'running', 'physical': {'user_x': 175.22380025343872, 'user_y': 514.0666297010443, 'user_direction': 6.01495926175051}, 'virtual': {'user_x': 2237.91788854514, 'user_y': 6793.735296879825, 'user_direction': 1.448735280117818}, 'user_v': 0, 'user_w': 0.1, 'delta_t': 0.02, 'need_reset': False}
Tangent angle: 0.19960870672407793, User angle: 6.01495926175051, Offset angle: 0.47967103772725506
Target angle: 6.003122976176409, distance: 384.47283909538777, angle diff: 0.011836285574100991, rotation direction: -1
Basic rotation angle: 0.0, rotation gain: 4.719689319082833e-05
Rotation gain: 1.24, direction: -1, curvature radius: 2500000
{'type': 'running', 'physical': {'user_x': 175.22380025343872, 'user_y': 514.0666297010443, 'user_direction': 6.095604423040833}, 'virtual': {'user_x': 2237.91788854514, 'user_y': 6793.735296879825, 'user_direction': 1.548735280117818}, 'user_v': 0, 'user_w': 0.1, 'delta_t': 0.02, 'need_reset': False}
Tangent angle: 0.19960870672407793, User angle: 6.095604423040833, Offset angle: 0.47967103772725506
Target angle: 6.003122976176409, distance: 384.47283909538777, angle diff: 0.09248144686442394, rotation direction: -1
Basic rotation angle: 0.0, rotation gain: 3.621395567012448e-05
Rotation gain: 1.24, direction: -1, curvature radius: 2500000
{'type': 'running', 'physical': {'user_x': 175.22380025343872, 'user_y': 514.0666297010443, 'user_direction': 6.176249584331156}, 'virtual': {'user_x': 2237.91788854514, 'user_y': 6793.735296879825, 'user_direction': 1.6487352801178181}, 'user_v': 0, 'user_w': 0.1, 'delta_t': 0.02, 'need_reset': False}
Tangent angle: 0.19960870672407793, User angle: 6.176249584331156, Offset angle: 0.47967103772725506
Target angle: 6.003122976176409, distance: 384.47283909538777, angle diff: 0.1731266081547469, rotation direction: -1
Basic rotation angle: 0.0, rotation gain: 2.660388533950861e-05
Rotation gain: 1.24, direction: -1, curvature radius: 2500000
{'type': 'running', 'physical': {'user_x': 175.22380025343872, 'user_y': 514.0666297010443, 'user_direction': 6.256894745621479}, 'virtual': {'user_x': 2237.91788854514, 'user_y': 6793.735296879825, 'user_direction': 1.7487352801178182}, 'user_v': 0, 'user_w': 0.1, 'delta_t': 0.02, 'need_reset': False}
Tangent angle: 0.19960870672407793, User angle: 6.256894745621479, Offset angle: 0.47967103772725506
Target angle: 6.003122976176409, distance: 384.47283909538777, angle diff: 0.25377176944506985, rotation direction: -1
Basic rotation angle: 0.0, rotation gain: 1.8195073800219724e-05
Rotation gain: 1.24, direction: -1, curvature radius: 2500000
{'type': 'running', 'physical': {'user_x': 175.22380025343872, 'user_y': 514.0666297010443, 'user_direction': 0.0543545997322159}, 'virtual': {'user_x': 2237.91788854514, 'user_y': 6793.735296879825, 'user_direction': 1.9041538949348296}, 'user_v': 7.999999999999999, 'user_w': 0, 'delta_t': 0.02, 'need_reset': False}
Tangent angle: 0.19960870672407793, User angle: 0.0543545997322159, Offset angle: 0.47967103772725506
Target angle: 6.003122976176409, distance: 384.47283909538777, angle diff: 0.3344169307353928, rotation direction: -1
Basic rotation angle: 1.693121693121693, rotation gain: 0.00013657908658031703
Rotation gain: 1.24, direction: -1, curvature radius: 7.5
{'type': 'running', 'physical': {'user_x': 175.22380025343872, 'user_y': 514.0666297010443, 'user_direction': 0.1349997610225385}, 'virtual': {'user_x': 2235.300147764749, 'user_y': 6801.2948890121215, 'user_direction': 1.9041538949348296}, 'user_v': 7.999999999999999, 'user_w': 0, 'delta_t': 0.02, 'need_reset': False}
Tangent angle: 0.19960870672407793, User angle: 0.1349997610225385, Offset angle: 0.47967103772725506
Target angle: 6.003122976176409, distance: 384.47283909538777, angle diff: 0.41506209202571576, rotation direction: -1
Basic rotation angle: 1.693121693121693, rotation gain: 3.299307539773191e-05
Rotation gain: 1.24, direction: -1, curvature radius: 7.5
{'type': 'running', 'physical': {'user_x': 181.53191267252205, 'user_y': 514.7878363101438, 'user_direction': 0.11383573985851733}, 'virtual': {'user_x': 2232.682406984358, 'user_y': 6808.854481144418, 'user_direction': 1.9041538949348304}, 'user_v': 7.999999999999999, 'user_w': 0, 'delta_t': 0.02, 'need_reset': False}
Tangent angle: 0.20088236441676877, User angle: 0.11383573985851733, Offset angle: 0.4873916752367604
Target angle: 5.996675996359595, distance: 377.3283092377573, angle diff: 0.4003450506785091, rotation direction: -1
Basic rotation angle: 1.693121693121693, rotation gain: 0.00012132167474306668
Rotation gain: 1.24, direction: -1, curvature radius: 7.5
{'type': 'running', 'physical': {'user_x': 187.85387488524668, 'user_y': 515.3753863468932, 'user_direction': 0.09267171869449617}, 'virtual': {'user_x': 2230.0646662039667, 'user_y': 6816.414073276715, 'user_direction': 1.9041538949348313}, 'user_v': 7.999999999999999, 'user_w': 0, 'delta_t': 0.02, 'need_reset': False}
Tangent angle: 0.20251212383919626, User angle: 0.09267171869449617, Offset angle: 0.4953596576043835
Target angle: 5.990337773414399, distance: 370.16989840213034, angle diff: 0.3855192524596829, rotation direction: -1
Basic rotation angle: 1.693121693121693, rotation gain: 4.176201847800009e-05
Rotation gain: 1.24, direction: -1, curvature radius: 7.5
{'type': 'running', 'physical': {'user_x': 194.18685529059775, 'user_y': 515.8290166481756, 'user_direction': 0.071507697530475}, 'virtual': {'user_x': 2227.4469254235755, 'user_y': 6823.973665409011, 'user_direction': 1.9041538949348324}, 'user_v': 7.999999999999999, 'user_w': 0, 'delta_t': 0.02, 'need_reset': False}
Tangent angle: 0.2045133228442393, User angle: 0.071507697530475, Offset angle: 0.5035830676993044
Target angle: 5.984115562324521, distance: 363.000086580358, angle diff: 0.3705774423855397, rotation direction: -1
Basic rotation angle: 1.693121693121693, rotation gain: 0.00010914434484917779
Rotation gain: 1.24, direction: -1, curvature radius: 7.5
{'type': 'running', 'physical': {'user_x': 200.52801735252217, 'user_y': 516.1485240333998, 'user_direction': 0.05034367636645384}, 'virtual': {'user_x': 2224.8291846431844, 'user_y': 6831.533257541308, 'user_direction': 1.9041538949348336}, 'user_v': 7.999999999999999, 'user_w': 0, 'delta_t': 0.02, 'need_reset': False}
Tangent angle: 0.20690194698250908, User angle: 0.05034367636645384, Offset angle: 0.5120700432903752
Target angle: 5.97801721087172, distance: 355.821493086188, angle diff: 0.35551177267432, rotation direction: -1
Basic rotation angle: 1.693121693121693, rotation gain: 4.7995142248043386e-05
Rotation gain: 1.24, direction: -1, curvature radius: 7.5
{'type': 'running', 'physical': {'user_x': 206.87452087041044, 'user_y': 516.333765395504, 'user_direction': 0.02917965520243268}, 'virtual': {'user_x': 2222.211443862793, 'user_y': 6839.092849673604, 'user_direction': 1.904153894934835}, 'user_v': 7.999999999999999, 'user_w': 0, 'delta_t': 0.02, 'need_reset': False}
Tangent angle: 0.20969463821294987, User angle: 0.02917965520243268, Offset angle: 0.5208287263892979
Target angle: 5.972051219003238, distance: 348.63689012174825, angle diff: 0.34031374337878084, rotation direction: -1
Basic rotation angle: 1.693121693121693, rotation gain: 9.935691823398984e-05
Rotation gain: 1.24, direction: -1, curvature radius: 7.5
{'type': 'running', 'physical': {'user_x': 213.22352325121986, 'user_y': 516.3846577650537, 'user_direction': 0.008015634038411518}, 'virtual': {'user_x': 2219.593703082402, 'user_y': 6846.652441805901, 'user_direction': 1.9041538949348362}, 'user_v': 7.999999999999999, 'user_w': 0, 'delta_t': 0.02, 'need_reset': False}
Tangent angle: 0.21290869927203993, User angle: 0.008015634038411518, Offset angle: 0.5298672015049475
Target angle: 5.966226804946679, distance: 341.4492179274494, angle diff: 0.32497413627131877, rotation direction: -1
Basic rotation angle: 1.693121693121693, rotation gain: 5.23209256407907e-05
Rotation gain: 1.24, direction: -1, curvature radius: 7.5
{'type': 'running', 'physical': {'user_x': 219.57218078266942, 'user_y': 516.301178347404, 'user_direction': -0.013148387125609645}, 'virtual': {'user_x': 2216.975962302011, 'user_y': 6854.212033938197, 'user_direction': 1.904153894934838}, 'user_v': 7.999999999999999, 'user_w': 0, 'delta_t': 0.02, 'need_reset': False}
Tangent angle: 0.21656209267640625, User angle: -0.013148387125609645, Offset angle: 0.5391934209645611
Target angle: 5.960553978891431, distance: 334.2616017141171, angle diff: 0.30948294116254527, rotation direction: -1
Basic rotation angle: 1.693121693121693, rotation gain: 9.143605396674626e-05
Rotation gain: 1.24, direction: -1, curvature radius: 7.5
{'type': 'running', 'physical': {'user_x': 225.91764990693574, 'user_y': 516.0833645329084, 'user_direction': -0.03431240828963081}, 'virtual': {'user_x': 2214.3582215216197, 'user_y': 6861.771626070494, 'user_direction': 1.90415389493484}, 'user_v': 7.999999999999999, 'user_w': 0, 'delta_t': 0.02, 'need_reset': False}
Tangent angle: 0.22067343317089128, User angle: -0.03431240828963081, Offset angle: 0.5488151151994755
Target angle: 5.955043625151002, distance: 327.0773706010042, angle diff: 0.29382927373895384, rotation direction: -1
Basic rotation angle: 1.693121693121693, rotation gain: 5.5226079199293285e-05
Rotation gain: 1.24, direction: -1, curvature radius: 7.5
{'type': 'running', 'physical': {'user_x': 232.25708849428008, 'user_y': 515.7313138801727, 'user_direction': -0.05547642945365197}, 'virtual': {'user_x': 2211.7404807412286, 'user_y': 6869.33121820279, 'user_direction': 1.9041538949348424}, 'user_v': 7.999999999999999, 'user_w': 0, 'delta_t': 0.02, 'need_reset': False}
Tangent angle: 0.22526197225418487, User angle: -0.05547642945365197, Offset angle: 0.5587396856107356
Target angle: 5.949707593823035, distance: 319.90007881065884, angle diff: 0.27800128390289913, rotation direction: -1
Basic rotation angle: 1.693121693121693, rotation gain: 8.49871034287019e-05
Rotation gain: 1.24, direction: -1, curvature radius: 7.5
{'type': 'running', 'physical': {'user_x': 238.58765711603564, 'user_y': 515.2451840723579, 'user_direction': -0.07664045061767313}, 'virtual': {'user_x': 2209.1227399608374, 'user_y': 6876.890810335087, 'user_direction': 1.904153894934845}, 'user_v': 7.999999999999999, 'user_w': 0, 'delta_t': 0.02, 'need_reset': False}
Tangent angle: 0.2303475732177107, User angle: -0.07664045061767313, Offset angle: 0.5689740773252315
Target angle: 5.9445588030720655, distance: 312.73352940131747, angle diff: 0.2619860534898475, rotation direction: -1
Basic rotation angle: 1.693121693121693, rotation gain: 5.708983221410318e-05
Rotation gain: 1.24, direction: -1, curvature radius: 7.5
{'type': 'running', 'physical': {'user_x': 244.90652031638496, 'user_y': 514.6251928465543, 'user_direction': -0.0978044717816943}, 'virtual': {'user_x': 2206.5049991804462, 'user_y': 6884.450402467383, 'user_direction': 1.9041538949348487}, 'user_v': 7.999999999999999, 'user_w': 0, 'delta_t': 0.02, 'need_reset': False}
Tangent angle: 0.2359506749221194, User angle: -0.0978044717816943, Offset angle: 0.5795246288301203
Target angle: 5.9396113532715855, distance: 305.58180084930774, angle diff: 0.24576948212630612, rotation direction: -1
Basic rotation angle: 1.693121693121693, rotation gain: 7.971512317006221e-05
Rotation gain: 1.24, direction: -1, curvature radius: 7.5
{'type': 'running', 'physical': {'user_x': 251.21084788235794, 'user_y': 513.8716178962572, 'user_direction': -0.11896849294571546}, 'virtual': {'user_x': 2203.8872584000546, 'user_y': 6892.00999459968, 'user_direction': 1.9041538949348527}, 'user_v': 7.999999999999999, 'user_w': 0, 'delta_t': 0.02, 'need_reset': False}
Tangent angle: 0.2420922423125993, User angle: -0.11896849294571546, Offset angle: 0.5903968951392818
Target angle: 5.934880654352904, distance: 298.4492768273228, angle diff: 0.22933615988096712, rotation direction: -1
Basic rotation angle: 1.693121693121693, rotation gain: 5.8210426961446775e-05
Rotation gain: 1.24, direction: -1, curvature radius: 7.5
{'type': 'running', 'physical': {'user_x': 257.4978161114817, 'user_y': 512.9847967469883, 'user_direction': -0.14013251410973662}, 'virtual': {'user_x': 2201.269517619663, 'user_y': 6899.569586731976, 'user_direction': 1.9041538949348509}, 'user_v': 7.999999999999999, 'user_w': 0, 'delta_t': 0.02, 'need_reset': False}
Tangent angle: 0.2487937014441699, User angle: -0.14013251410973662, Offset angle: 0.6015954408115788
Target angle: 5.930383567812178, distance: 291.3406795584292, angle diff: 0.21266922525767207, rotation direction: -1
Basic rotation angle: 1.693121693121693, rotation gain: 7.540295267250018e-05
Rotation gain: 1.24, direction: -1, curvature radius: 7.5
{'type': 'running', 'physical': {'user_x': 263.7646090765142, 'user_y': 511.9651266051183, 'user_direction': -0.16129653527375779}, 'virtual': {'user_x': 2198.651776839272, 'user_y': 6907.129178864273, 'user_direction': 1.9041538949348482}, 'user_v': 7.999999999999999, 'user_w': 0, 'delta_t': 0.02, 'need_reset': False}
Tangent angle: 0.256076856558495, User angle: -0.16129653527375779, Offset angle: 0.6131235988234797
Target angle: 5.926138564914601, distance: 284.2611071587567, angle diff: 0.19575020699122714, rotation direction: -1
Basic rotation angle: 1.693121693121693, rotation gain: 5.882570511043961e-05
Rotation gain: 1.24, direction: -1, curvature radius: 7.5
{'type': 'running', 'physical': {'user_x': 270.00841988669555, 'user_y': 510.8130641799586, 'user_direction': -0.18246055643777895}, 'virtual': {'user_x': 2196.0340360588802, 'user_y': 6914.6887709965695, 'user_direction': 1.9041538949348549}, 'user_v': 7.999999999999999, 'user_w': 0, 'delta_t': 0.02, 'need_reset': False}
Tangent angle: 0.26396378653490205, User angle: -0.18246055643777895, Offset angle: 0.624983191022138
Target angle: 5.922165902692351, distance: 277.2160754116608, angle diff: 0.1785588480494562, rotation direction: -1
Basic rotation angle: 1.693121693121693, rotation gain: 7.189476547132733e-05
Rotation gain: 1.24, direction: -1, curvature radius: 7.5
{'type': 'running', 'physical': {'user_x': 276.22645194495163, 'user_y': 509.5291254792014, 'user_direction': -0.2036245776018001}, 'virtual': {'user_x': 2193.4162952784886, 'user_y': 6922.248363128866, 'user_direction': 1.904153894934852}, 'user_v': 7.999999999999999, 'user_w': 0, 'delta_t': 0.02, 'need_reset': False}
Tangent angle: 0.27247671784425664, User angle: -0.2036245776018001, Offset angle: 0.6371742056829489
Target angle: 5.918487819340894, distance: 270.2115644392608, angle diff: 0.16107291023689285, rotation direction: -1
Basic rotation angle: 1.693121693121693, rotation gain: 5.9129240904019277e-05
Rotation gain: 1.24, direction: -1, curvature radius: 7.5
{'type': 'running', 'physical': {'user_x': 282.41592020048745, 'user_y': 508.1138855778007, 'user_direction': -0.22478859876582127}, 'virtual': {'user_x': 2190.7985544980975, 'user_y': 6929.8079552611625, 'user_direction': 1.9041538949348475}, 'user_v': 7.999999999999999, 'user_w': 0, 'delta_t': 0.02, 'need_reset': False}
Tangent angle: 0.2816378709836229, User angle: -0.22478859876582127, Offset angle: 0.6496944276138836
Target angle: 5.915128750549325, distance: 263.25407074860715, angle diff: 0.14326795786444002, rotation direction: -1
Basic rotation angle: 1.693121693121693, rotation gain: 6.908388612437111e-05
Rotation gain: 1.24, direction: -1, curvature radius: 7.5
{'type': 'running', 'physical': {'user_x': 288.5740523962088, 'user_y': 506.5679783603964, 'user_direction': -0.24595261992984244}, 'virtual': {'user_x': 2188.180813717706, 'user_y': 6937.367547393459, 'user_direction': 1.9041538949348615}, 'user_v': 7.999999999999999, 'user_w': 0, 'delta_t': 0.02, 'need_reset': False}
Tangent angle: 0.29146927728574834, User angle: -0.24595261992984244, Offset angle: 0.6625390163492918
Target angle: 5.912115568116043, distance: 256.35066512217725, angle diff: 0.1251171191337006, rotation direction: -1
Basic rotation angle: 1.693121693121693, rotation gain: 5.9283144732492736e-05
Rotation gain: 1.24, direction: -1, curvature radius: 7.5
{'type': 'running', 'physical': {'user_x': 294.69809031041353, 'user_y': 504.8920962373982, 'user_direction': -0.26711664109386357}, 'virtual': {'user_x': 2185.5630729373142, 'user_y': 6944.927139525756, 'user_direction': 1.904153894934858}, 'user_v': 7.999999999999999, 'user_w': 0, 'delta_t': 0.02, 'need_reset': False}
Tangent angle: 0.3019925630096765, User angle: -0.26711664109386357, Offset angle: 0.6757000283396972
Target angle: 5.909477841849565, distance: 249.50905678597067, angle diff: 0.10659082423615729, rotation direction: -1
Basic rotation angle: 1.693121693121693, rotation gain: 6.69039562968578e-05
Rotation gain: 1.24, direction: -1, curvature radius: 7.5
{'type': 'running', 'physical': {'user_x': 300.78529099219674, 'user_y': 503.08698983485556, 'user_direction': -0.28828066225788473}, 'virtual': {'user_x': 2184.4535240697437, 'user_y': 6948.131328784109, 'user_direction': 1.904153894934858}, 'user_v': 0, 'user_w': 0.1, 'delta_t': 0.02, 'need_reset': False}
Tangent angle: 0.3132286977623959, User angle: -0.28828066225788473, Offset angle: 0.6891658797768521
Target angle: 5.90724812516513, distance: 242.7376642095202, angle diff: 0.08765651975657196, rotation direction: -1
Basic rotation angle: 0.0, rotation gain: 5.4608649653907163e-05
Rotation gain: 1.24, direction: -1, curvature radius: 2500000
{'type': 'running', 'physical': {'user_x': 306.8329279900156, 'user_y': 501.1534676582528, 'user_direction': -0.3094446834219059}, 'virtual': {'user_x': 2184.4535240697437, 'user_y': 6948.131328784109, 'user_direction': 1.804153894934858}, 'user_v': 0, 'user_w': 0.1, 'delta_t': 0.02, 'need_reset': False}
Tangent angle: 0.3251977046174739, User angle: -0.3094446834219059, Offset angle: 0.7029207479290174
Target angle: 5.905462263868043, distance: 236.04569275226243, angle diff: 0.06827835988963749, rotation direction: -1
Basic rotation angle: 0.0, rotation gain: 4.387181519872877e-05
Rotation gain: 1.24, direction: -1, curvature radius: 2500000
{'type': 'running', 'physical': {'user_x': 306.8329279900156, 'user_y': 501.1534676582528, 'user_direction': -0.2287995221315833}, 'virtual': {'user_x': 2184.4535240697437, 'user_y': 6948.131328784109, 'user_direction': 1.7041538949348578}, 'user_v': 0, 'user_w': 0.1, 'delta_t': 0.02, 'need_reset': False}
Tangent angle: 0.3251977046174739, User angle: -0.2287995221315833, Offset angle: 0.7029207479290174
Target angle: 5.905462263868043, distance: 236.04569275226243, angle diff: 0.14892352117995955, rotation direction: -1
Basic rotation angle: 0.0, rotation gain: 3.447708505044768e-05
Rotation gain: 1.24, direction: -1, curvature radius: 2500000
{'type': 'running', 'physical': {'user_x': 306.8329279900156, 'user_y': 501.1534676582528, 'user_direction': -0.1481543608412607}, 'virtual': {'user_x': 2184.4535240697437, 'user_y': 6948.131328784109, 'user_direction': 1.6041538949348577}, 'user_v': 0, 'user_w': 0.1, 'delta_t': 0.02, 'need_reset': False}
Tangent angle: 0.3251977046174739, User angle: -0.1481543608412607, Offset angle: 0.7029207479290174
Target angle: 5.905462263868043, distance: 236.04569275226243, angle diff: 0.2295686824702825, rotation direction: -1
Basic rotation angle: 0.0, rotation gain: 2.625669617070172e-05
Rotation gain: 1.24, direction: -1, curvature radius: 2500000
{'type': 'running', 'physical': {'user_x': 306.8329279900156, 'user_y': 501.1534676582528, 'user_direction': -0.06750919955093812}, 'virtual': {'user_x': 2184.4535240697437, 'user_y': 6948.131328784109, 'user_direction': 1.5041538949348576}, 'user_v': 0, 'user_w': 0.1, 'delta_t': 0.02, 'need_reset': False}
Tangent angle: 0.3251977046174739, User angle: -0.06750919955093812, Offset angle: 0.7029207479290174
Target angle: 5.905462263868043, distance: 236.04569275226243, angle diff: 0.31021384376060546, rotation direction: -1
Basic rotation angle: 0.0, rotation gain: 1.906385590092401e-05
Rotation gain: 1.24, direction: -1, curvature radius: 2500000
{'type': 'running', 'physical': {'user_x': 306.8329279900156, 'user_y': 501.1534676582528, 'user_direction': 0.013135961739384472}, 'virtual': {'user_x': 2184.4535240697437, 'user_y': 6948.131328784109, 'user_direction': 1.4041538949348575}, 'user_v': 0, 'user_w': 0.1, 'delta_t': 0.02, 'need_reset': False}
Tangent angle: 0.3251977046174739, User angle: 0.013135961739384472, Offset angle: 0.7029207479290174
Target angle: 5.905462263868043, distance: 236.04569275226243, angle diff: 0.3908590050509275, rotation direction: -1
Basic rotation angle: 0.0, rotation gain: 1.2770120664868513e-05
Rotation gain: 1.24, direction: -1, curvature radius: 2500000
{'type': 'running', 'physical': {'user_x': 306.8329279900156, 'user_y': 501.1534676582528, 'user_direction': 0.09378112302970706}, 'virtual': {'user_x': 2184.4535240697437, 'user_y': 6948.131328784109, 'user_direction': 1.3041538949348574}, 'user_v': 0, 'user_w': 0.1, 'delta_t': 0.02, 'need_reset': False}
Tangent angle: 0.3251977046174739, User angle: 0.09378112302970706, Offset angle: 0.7029207479290174
Target angle: 5.905462263868043, distance: 236.04569275226243, angle diff: 0.4715041663412505, rotation direction: -1
Basic rotation angle: 0.0, rotation gain: 7.263102333319954e-06
Rotation gain: 1.24, direction: -1, curvature radius: 2500000
{'type': 'running', 'physical': {'user_x': 306.8329279900156, 'user_y': 501.1534676582528, 'user_direction': 0.17442628432002966}, 'virtual': {'user_x': 2184.4535240697437, 'user_y': 6948.131328784109, 'user_direction': 1.2041538949348574}, 'user_v': 0, 'user_w': 0.1, 'delta_t': 0.02, 'need_reset': False}
Tangent angle: 0.3251977046174739, User angle: 0.17442628432002966, Offset angle: 0.7029207479290174
Target angle: 5.905462263868043, distance: 236.04569275226243, angle diff: 0.5521493276315725, rotation direction: -1
Basic rotation angle: 0.0, rotation gain: 2.4444612932149636e-06
Rotation gain: 1.24, direction: -1, curvature radius: 2500000
{'type': 'running', 'physical': {'user_x': 306.8329279900156, 'user_y': 501.1534676582528, 'user_direction': 0.2550714456103522}, 'virtual': {'user_x': 2184.4535240697437, 'user_y': 6948.131328784109, 'user_direction': 1.1041538949348573}, 'user_v': 0, 'user_w': 0.1, 'delta_t': 0.02, 'need_reset': False}
Tangent angle: 0.3251977046174739, User angle: 0.2550714456103522, Offset angle: 0.7029207479290174
Target angle: 5.905462263868043, distance: 236.04569275226243, angle diff: 0.6327944889218955, rotation direction: -1
Basic rotation angle: 0.0, rotation gain: 1.7718496168769028e-06
Rotation gain: 1.24, direction: -1, curvature radius: 2500000
{'type': 'running', 'physical': {'user_x': 306.8329279900156, 'user_y': 501.1534676582528, 'user_direction': 0.33571660690067484}, 'virtual': {'user_x': 2184.4535240697437, 'user_y': 6948.131328784109, 'user_direction': 1.0041538949348572}, 'user_v': 0, 'user_w': 0.1, 'delta_t': 0.02, 'need_reset': False}
Tangent angle: 0.3251977046174739, User angle: 0.33571660690067484, Offset angle: 0.7029207479290174
Target angle: 1.0281184525464913, distance: 236.04569275226243, angle diff: 0.6924018456458164, rotation direction: 1
Basic rotation angle: 0.0, rotation gain: 1.3475659621283444e-05
Rotation gain: 1.24, direction: 1, curvature radius: 2500000
{'type': 'running', 'physical': {'user_x': 306.8329279900156, 'user_y': 501.1534676582528, 'user_direction': 0.41636176819099746}, 'virtual': {'user_x': 2184.4535240697437, 'user_y': 6948.131328784109, 'user_direction': 0.9041538949348572}, 'user_v': 0, 'user_w': 0.1, 'delta_t': 0.02, 'need_reset': False}
Tangent angle: 0.3251977046174739, User angle: 0.41636176819099746, Offset angle: 0.7029207479290174
Target angle: 1.0281184525464913, distance: 236.04569275226243, angle diff: 0.6117566843554938, rotation direction: 1
Basic rotation angle: 0.0, rotation gain: 2.3716493375139166e-05
Rotation gain: 1.24, direction: 1, curvature radius: 2500000
{'type': 'running', 'physical': {'user_x': 306.8329279900156, 'user_y': 501.1534676582528, 'user_direction': 0.4970069294813201}, 'virtual': {'user_x': 2184.4535240697437, 'user_y': 6948.131328784109, 'user_direction': 0.8041538949348572}, 'user_v': 0, 'user_w': 0.1, 'delta_t': 0.02, 'need_reset': False}
Tangent angle: 0.3251977046174739, User angle: 0.4970069294813201, Offset angle: 0.7029207479290174
Target angle: 1.0281184525464913, distance: 236.04569275226243, angle diff: 0.5311115230651712, rotation direction: 1
Basic rotation angle: 0.0, rotation gain: 3.2677222909762926e-05
Rotation gain: 1.24, direction: 1, curvature radius: 2500000
{'type': 'running', 'physical': {'user_x': 306.8329279900156, 'user_y': 501.1534676582528, 'user_direction': 0.5776520907716427}, 'virtual': {'user_x': 2184.4535240697437, 'user_y': 6948.131328784109, 'user_direction': 0.7041538949348572}, 'user_v': 0, 'user_w': 0.1, 'delta_t': 0.02, 'need_reset': False}
Tangent angle: 0.3251977046174739, User angle: 0.5776520907716427, Offset angle: 0.7029207479290174
Target angle: 1.0281184525464913, distance: 236.04569275226243, angle diff: 0.45046636177484856, rotation direction: 1
Basic rotation angle: 0.0, rotation gain: 4.0517861252558717e-05
Rotation gain: 1.24, direction: 1, curvature radius: 2500000
{'type': 'running', 'physical': {'user_x': 306.8329279900156, 'user_y': 501.1534676582528, 'user_direction': 0.6582972520619653}, 'virtual': {'user_x': 2184.4535240697437, 'user_y': 6948.131328784109, 'user_direction': 0.6041538949348573}, 'user_v': 0, 'user_w': 0.1, 'delta_t': 0.02, 'need_reset': False}
Tangent angle: 0.3251977046174739, User angle: 0.6582972520619653, Offset angle: 0.7029207479290174
Target angle: 1.0281184525464913, distance: 236.04569275226243, angle diff: 0.36982120048452594, rotation direction: 1
Basic rotation angle: 0.0, rotation gain: 4.7378419802505034e-05
Rotation gain: 1.24, direction: 1, curvature radius: 2500000
{'type': 'running', 'physical': {'user_x': 306.8329279900156, 'user_y': 501.1534676582528, 'user_direction': 0.7389424133522879}, 'virtual': {'user_x': 2184.4535240697437, 'user_y': 6948.131328784109, 'user_direction': 0.5041538949348573}, 'user_v': 0, 'user_w': 0.1, 'delta_t': 0.02, 'need_reset': False}
Tangent angle: 0.3251977046174739, User angle: 0.7389424133522879, Offset angle: 0.7029207479290174
Target angle: 1.0281184525464913, distance: 236.04569275226243, angle diff: 0.2891760391942033, rotation direction: 1
Basic rotation angle: 0.0, rotation gain: 5.338140853370806e-05
Rotation gain: 1.24, direction: 1, curvature radius: 2500000
{'type': 'running', 'physical': {'user_x': 306.8329279900156, 'user_y': 501.1534676582528, 'user_direction': 0.8195875746426106}, 'virtual': {'user_x': 2184.4535240697437, 'user_y': 6948.131328784109, 'user_direction': 0.354708704881422}, 'user_v': 7.999999999999999, 'user_w': 0, 'delta_t': 0.02, 'need_reset': False}
Tangent angle: 0.3251977046174739, User angle: 0.8195875746426106, Offset angle: 0.7029207479290174
Target angle: 1.0281184525464913, distance: 236.04569275226243, angle diff: 0.2085308779038807, rotation direction: 1
Basic rotation angle: 1.693121693121693, rotation gain: 0.00040446746866247915
Rotation gain: 1.24, direction: 1, curvature radius: 7.5
{'type': 'running', 'physical': {'user_x': 306.8329279900156, 'user_y': 501.1534676582528, 'user_direction': 0.9002327359329332}, 'virtual': {'user_x': 2191.9555056730524, 'user_y': 6950.9098665332895, 'user_direction': 0.354708704881422}, 'user_v': 7.999999999999999, 'user_w': 0, 'delta_t': 0.02, 'need_reset': False}
Tangent angle: 0.3251977046174739, User angle: 0.9002327359329332, Offset angle: 0.7029207479290174
Target angle: 1.0281184525464913, distance: 236.04569275226243, angle diff: 0.12788571661355808, rotation direction: 1
Basic rotation angle: 1.693121693121693, rotation gain: 0.0007116677712751538
Rotation gain: 1.24, direction: 1, curvature radius: 7.5
{'type': 'running', 'physical': {'user_x': 310.6723457921698, 'user_y': 506.2102741806841, 'user_direction': 0.9213967570969543}, 'virtual': {'user_x': 2199.457487276361, 'user_y': 6953.6884042824695, 'user_direction': 0.3547087048814201}, 'user_v': 7.999999999999999, 'user_w': 0, 'delta_t': 0.02, 'need_reset': False}
Tangent angle: 0.31347594314196403, User angle: 0.9213967570969543, Offset angle: 0.7175901948665903
Target angle: 1.0310661380085544, distance: 229.1440685653203, angle diff: 0.10966938091160006, rotation direction: 1
Basic rotation angle: 1.693121693121693, rotation gain: 0.0009813762782420363
Rotation gain: 1.24, direction: 1, curvature radius: 7.5
{'type': 'running', 'physical': {'user_x': 314.4038893875455, 'user_y': 511.34719968730894, 'user_direction': 0.9425607782609755}, 'virtual': {'user_x': 2206.9594688796697, 'user_y': 6956.4669420316495, 'user_direction': 0.35470870488141776}, 'user_v': 7.999999999999999, 'user_w': 0, 'delta_t': 0.02, 'need_reset': False}
Tangent angle: 0.30098259156612395, User angle: 0.9425607782609755, Offset angle: 0.732605047116079
Target angle: 1.033587638682203, distance: 222.31612042369585, angle diff: 0.09102686042122743, rotation direction: 1
Basic rotation angle: 1.693121693121693, rotation gain: 0.0012181473653572288
Rotation gain: 1.24, direction: 1, curvature radius: 7.5
{'type': 'running', 'physical': {'user_x': 318.02588742122543, 'user_y': 516.5619433539546, 'user_direction': 0.9637247994249967}, 'virtual': {'user_x': 2214.4614504829783, 'user_y': 6959.24547978083, 'user_direction': 0.35470870488141487}, 'user_v': 7.999999999999999, 'user_w': 0, 'delta_t': 0.02, 'need_reset': False}
Tangent angle: 0.28769734528591284, User angle: 0.9637247994249967, Offset angle: 0.7479443223934044
Target angle: 1.0356416676793172, distance: 215.57205167056355, angle diff: 0.07191686825432053, rotation direction: 1
Basic rotation angle: 1.693121693121693, rotation gain: 0.0014259537832103338
Rotation gain: 1.24, direction: 1, curvature radius: 7.5
{'type': 'running', 'physical': {'user_x': 321.53671760364773, 'user_y': 521.8521695017666, 'user_direction': 0.9848888205890178}, 'virtual': {'user_x': 2221.963432086287, 'user_y': 6962.02401753001, 'user_direction': 0.3547087048814112}, 'user_v': 7.999999999999999, 'user_w': 0, 'delta_t': 0.02, 'need_reset': False}
Tangent angle: 0.273601726440341, User angle: 0.9848888205890178, Offset angle: 0.7635805304961427
Target angle: 1.0371822569364837, distance: 208.92315107362145, angle diff: 0.05229343634746586, rotation direction: 1
Basic rotation angle: 1.693121693121693, rotation gain: 0.0016082578916485994
Rotation gain: 1.24, direction: 1, curvature radius: 7.5
{'type': 'running', 'physical': {'user_x': 324.93480743722813, 'user_y': 527.2155086433575, 'user_direction': 1.006052841753039}, 'virtual': {'user_x': 2229.4654136895956, 'user_y': 6964.80255527919, 'user_direction': 0.3547087048814063}, 'user_v': 7.999999999999999, 'user_w': 0, 'delta_t': 0.02, 'need_reset': False}
Tangent angle: 0.2586795557351351, User angle: 1.006052841753039, Offset angle: 0.7794786774013158
Target angle: 1.038158233136451, distance: 202.38192197338165, angle diff: 0.03210539138341195, rotation direction: 1
Basic rotation angle: 1.693121693121693, rotation gain: 0.0017680738081243734
Rotation gain: 1.24, direction: 1, curvature radius: 7.5
{'type': 'running', 'physical': {'user_x': 328.2186349206801, 'user_y': 532.649558544097, 'user_direction': 1.0272168629170602}, 'virtual': {'user_x': 2236.9673952929043, 'user_y': 6967.58109302837, 'user_direction': 0.3547087048813995}, 'user_v': 7.999999999999999, 'user_w': 0, 'delta_t': 0.02, 'need_reset': False}
Tangent angle: 0.24291747165276334, User angle: 1.0272168629170602, Offset angle: 0.7955951924035989
Target angle: 1.0385126640563622, distance: 195.96222178951638, angle diff: 0.011295801139302064, rotation direction: 1
Basic rotation angle: 1.693121693121693, rotation gain: 0.0019080215899239129
Rotation gain: 1.24, direction: 1, curvature radius: 7.5
{'type': 'running', 'physical': {'user_x': 331.3867292307177, 'user_y': 538.151885298072, 'user_direction': 1.0483808840810813}, 'virtual': {'user_x': 2244.469376896213, 'user_y': 6970.35963077755, 'user_direction': 0.3547087048813894}, 'user_v': 7.999999999999999, 'user_w': 0, 'delta_t': 0.02, 'need_reset': False}
Tangent angle: 0.22630549313462245, User angle: 1.0483808840810813, Offset angle: 0.811876796295147
Target angle: 1.0381822894297694, distance: 189.67940986188938, angle diff: 0.010198594651311899, rotation direction: -1
Basic rotation angle: 1.693121693121693, rotation gain: 0.00203037443287759
Rotation gain: 1.24, direction: -1, curvature radius: 7.5
{'type': 'running', 'physical': {'user_x': 334.67055671416966, 'user_y': 543.5859351988115, 'user_direction': 1.0272168629170602}, 'virtual': {'user_x': 2251.9713584995216, 'user_y': 6973.138168526729, 'user_direction': 0.3547087048813729}, 'user_v': 7.999999999999999, 'user_w': 0, 'delta_t': 0.02, 'need_reset': False}
Tangent angle: 0.20949919071434797, User angle: 1.0272168629170602, Offset angle: 0.8290629305051004
Target angle: 1.0385621212194485, distance: 183.25463208814494, angle diff: 0.011345258302388306, rotation direction: 1
Basic rotation angle: 1.693121693121693, rotation gain: 0.0021375498250136593
Rotation gain: 1.24, direction: 1, curvature radius: 7.5
{'type': 'running', 'physical': {'user_x': 337.8386510242073, 'user_y': 549.0882619527865, 'user_direction': 1.0483808840810813}, 'virtual': {'user_x': 2259.47334010283, 'user_y': 6975.916706275909, 'user_direction': 0.3547087048813908}, 'user_v': 7.999999999999999, 'user_w': 0, 'delta_t': 0.02, 'need_reset': False}
Tangent angle: 0.19181248240667115, User angle: 1.0483808840810813, Offset angle: 0.8463973159487654
Target angle: 1.0382097983554366, distance: 176.97620734944982, angle diff: 0.010171085725644735, rotation direction: -1
Basic rotation angle: 1.693121693121693, rotation gain: 0.002231220087720085
Rotation gain: 1.24, direction: -1, curvature radius: 7.5
{'type': 'running', 'physical': {'user_x': 341.12247850765925, 'user_y': 554.522311853526, 'user_direction': 1.0272168629170602}, 'virtual': {'user_x': 2266.9753217061393, 'user_y': 6978.695244025088, 'user_direction': 0.35470870488134665}, 'user_v': 7.999999999999999, 'user_w': 0, 'delta_t': 0.02, 'need_reset': False}
Tangent angle: 0.17389820877913476, User angle: 1.0272168629170602, Offset angle: 0.8647207369482242
Target angle: 1.038618945727359, distance: 170.54556943282134, angle diff: 0.011402082810298753, rotation direction: 1
Basic rotation angle: 1.693121693121693, rotation gain: 0.002313307223618471
Rotation gain: 1.24, direction: 1, curvature radius: 7.5
{'type': 'running', 'physical': {'user_x': 344.2905728176969, 'user_y': 560.0246386075011, 'user_direction': 1.0483808840810813}, 'virtual': {'user_x': 2268.0579050064493, 'user_y': 6979.0962045613305, 'user_direction': 0.35470870488134665}, 'user_v': 0, 'user_w': 0.1, 'delta_t': 0.02, 'need_reset': False}
Tangent angle: 0.15507600496321894, User angle: 1.0483808840810813, Offset angle: 0.8831655559282966
Target angle: 1.0382415608915156, distance: 164.272154269561, angle diff: 0.010139323189565674, rotation direction: -1
Basic rotation angle: 0.0, rotation gain: 0.0020361729455436912
Rotation gain: 1.24, direction: -1, curvature radius: 2500000
{'type': 'running', 'physical': {'user_x': 347.57440030114884, 'user_y': 565.4586885082406, 'user_direction': 1.0272168629170602}, 'virtual': {'user_x': 2268.0579050064493, 'user_y': 6979.0962045613305, 'user_direction': 0.25470870488134667}, 'user_v': 0, 'user_w': 0.1, 'delta_t': 0.02, 'need_reset': False}
Tangent angle: 0.13599298878156052, User angle: 1.0272168629170602, Offset angle: 0.9026919284819471
Target angle: 1.0386849172635078, distance: 157.83467801118803, angle diff: 0.011468054346447598, rotation direction: 1
Basic rotation angle: 0.0, rotation gain: 0.0017936849908854087
Rotation gain: 1.24, direction: 1, curvature radius: 2500000
{'type': 'running', 'physical': {'user_x': 347.57440030114884, 'user_y': 565.4586885082406, 'user_direction': 1.1078620242073827}, 'virtual': {'user_x': 2268.0579050064493, 'user_y': 6979.0962045613305, 'user_direction': 0.15470870488134666}, 'user_v': 0, 'user_w': 0.1, 'delta_t': 0.02, 'need_reset': False}
Tangent angle: 0.13599298878156052, User angle: 1.1078620242073827, Offset angle: 0.9026919284819471
Target angle: 1.0386849172635078, distance: 157.83467801118803, angle diff: 0.06917710694387491, rotation direction: -1
Basic rotation angle: 0.0, rotation gain: 0.0015815080305594115
Rotation gain: 1.24, direction: -1, curvature radius: 2500000
{'type': 'running', 'physical': {'user_x': 347.57440030114884, 'user_y': 565.4586885082406, 'user_direction': 1.1885071854977052}, 'virtual': {'user_x': 2268.0579050064493, 'user_y': 6979.0962045613305, 'user_direction': 0.05470870488134666}, 'user_v': 0, 'user_w': 0.1, 'delta_t': 0.02, 'need_reset': False}
Tangent angle: 0.13599298878156052, User angle: 1.1885071854977052, Offset angle: 0.9026919284819471
Target angle: 1.0386849172635078, distance: 157.83467801118803, angle diff: 0.14982226823419742, rotation direction: -1
Basic rotation angle: 0.0, rotation gain: 0.001395853190274164
Rotation gain: 1.24, direction: -1, curvature radius: 2500000
{'type': 'running', 'physical': {'user_x': 347.57440030114884, 'user_y': 565.4586885082406, 'user_direction': 1.2691523467880277}, 'virtual': {'user_x': 2268.0579050064493, 'user_y': 6979.0962045613305, 'user_direction': -0.045291295118653346}, 'user_v': 0, 'user_w': 0.1, 'delta_t': 0.02, 'need_reset': False}
Tangent angle: 0.13599298878156052, User angle: 1.2691523467880277, Offset angle: 0.9026919284819471
Target angle: 1.0386849172635078, distance: 157.83467801118803, angle diff: 0.23046742952451993, rotation direction: -1
Basic rotation angle: 0.0, rotation gain: 0.0012334052050245723
Rotation gain: 1.24, direction: -1, curvature radius: 2500000
{'type': 'running', 'physical': {'user_x': 347.57440030114884, 'user_y': 565.4586885082406, 'user_direction': 1.3497975080783502}, 'virtual': {'user_x': 2268.0579050064493, 'user_y': 6979.0962045613305, 'user_direction': -0.14529129511865335}, 'user_v': 0, 'user_w': 0.1, 'delta_t': 0.02, 'need_reset': False}
Tangent angle: 0.13599298878156052, User angle: 1.3497975080783502, Offset angle: 0.9026919284819471
Target angle: 1.0386849172635078, distance: 157.83467801118803, angle diff: 0.31111259081484244, rotation direction: -1
Basic rotation angle: 0.0, rotation gain: 0.0010912632179311797
Rotation gain: 1.24, direction: -1, curvature radius: 2500000
{'type': 'running', 'physical': {'user_x': 347.57440030114884, 'user_y': 565.4586885082406, 'user_direction': 1.4304426693686727}, 'virtual': {'user_x': 2268.0579050064493, 'user_y': 6979.0962045613305, 'user_direction': -0.24529129511865336}, 'user_v': 0, 'user_w': 0.1, 'delta_t': 0.02, 'need_reset': False}
Tangent angle: 0.13599298878156052, User angle: 1.4304426693686727, Offset angle: 0.9026919284819471
Target angle: 1.0386849172635078, distance: 157.83467801118803, angle diff: 0.39175775210516495, rotation direction: -1
Basic rotation angle: 0.0, rotation gain: 0.0009668889792244611
Rotation gain: 1.24, direction: -1, curvature radius: 2500000
{'type': 'running', 'physical': {'user_x': 347.57440030114884, 'user_y': 565.4586885082406, 'user_direction': 1.5110878306589952}, 'virtual': {'user_x': 2268.0579050064493, 'user_y': 6979.0962045613305, 'user_direction': -0.34529129511865336}, 'user_v': 0, 'user_w': 0.1, 'delta_t': 0.02, 'need_reset': False}
Tangent angle: 0.13599298878156052, User angle: 1.5110878306589952, Offset angle: 0.9026919284819471
Target angle: 1.0386849172635078, distance: 157.83467801118803, angle diff: 0.47240291339548746, rotation direction: -1
Basic rotation angle: 0.0, rotation gain: 0.0008580615203560824
Rotation gain: 1.24, direction: -1, curvature radius: 2500000
{'type': 'running', 'physical': {'user_x': 347.57440030114884, 'user_y': 565.4586885082406, 'user_direction': 1.5917329919493177}, 'virtual': {'user_x': 2268.0579050064493, 'user_y': 6979.0962045613305, 'user_direction': -0.4452912951186534}, 'user_v': 0, 'user_w': 0.1, 'delta_t': 0.02, 'need_reset': False}
Tangent angle: 0.13599298878156052, User angle: 1.5917329919493177, Offset angle: 0.9026919284819471
Target angle: 1.0386849172635078, distance: 157.83467801118803, angle diff: 0.55304807468581, rotation direction: -1
Basic rotation angle: 0.0, rotation gain: 0.0007628374938462509
Rotation gain: 1.24, direction: -1, curvature radius: 2500000
{'type': 'running', 'physical': {'user_x': 347.57440030114884, 'user_y': 565.4586885082406, 'user_direction': 1.6723781532396402}, 'virtual': {'user_x': 2268.0579050064493, 'user_y': 6979.0962045613305, 'user_direction': -0.5452912951186534}, 'user_v': 0, 'user_w': 0.1, 'delta_t': 0.02, 'need_reset': False}
Tangent angle: 0.13599298878156052, User angle: 1.6723781532396402, Offset angle: 0.9026919284819471
Target angle: 1.0386849172635078, distance: 157.83467801118803, angle diff: 0.6336932359761325, rotation direction: -1
Basic rotation angle: 0.0, rotation gain: 0.0006795164706501484
Rotation gain: 1.24, direction: -1, curvature radius: 2500000
{'type': 'running', 'physical': {'user_x': 347.57440030114884, 'user_y': 565.4586885082406, 'user_direction': 1.7530233145299627}, 'virtual': {'user_x': 2268.0579050064493, 'user_y': 6979.0962045613305, 'user_direction': -0.6452912951186534}, 'user_v': 0, 'user_w': 0.1, 'delta_t': 0.02, 'need_reset': False}
Tangent angle: 0.13599298878156052, User angle: 1.7530233145299627, Offset angle: 0.9026919284819471
Target angle: 1.0386849172635078, distance: 157.83467801118803, angle diff: 0.714338397266455, rotation direction: -1
Basic rotation angle: 0.0, rotation gain: 0.0006066105753535587
Rotation gain: 1.24, direction: -1, curvature radius: 2500000
{'type': 'running', 'physical': {'user_x': 347.57440030114884, 'user_y': 565.4586885082406, 'user_direction': 1.8336684758202852}, 'virtual': {'user_x': 2268.0579050064493, 'user_y': 6979.0962045613305, 'user_direction': -0.7452912951186533}, 'user_v': 0, 'user_w': 0.1, 'delta_t': 0.02, 'need_reset': False}
Tangent angle: 0.13599298878156052, User angle: 1.8336684758202852, Offset angle: 0.9026919284819471
Target angle: 1.0386849172635078, distance: 157.83467801118803, angle diff: 0.7949835585567775, rotation direction: -1
Basic rotation angle: 0.0, rotation gain: 0.0005428179169690427
Rotation gain: 1.24, direction: -1, curvature radius: 2500000
{'type': 'running', 'physical': {'user_x': 347.57440030114884, 'user_y': 565.4586885082406, 'user_direction': 1.9143136371106078}, 'virtual': {'user_x': 2268.0579050064493, 'user_y': 6979.0962045613305, 'user_direction': -0.8452912951186533}, 'user_v': 0, 'user_w': 0.1, 'delta_t': 0.02, 'need_reset': False}
Tangent angle: 0.13599298878156052, User angle: 1.9143136371106078, Offset angle: 0.9026919284819471
Target angle: 1.0386849172635078, distance: 157.83467801118803, angle diff: 0.8756287198471, rotation direction: -1
Basic rotation angle: 0.0, rotation gain: 0.00048699934088259126
Rotation gain: 1.24, direction: -1, curvature radius: 2500000
{'type': 'running', 'physical': {'user_x': 347.57440030114884, 'user_y': 565.4586885082406, 'user_direction': 1.9949587984009303}, 'virtual': {'user_x': 2268.0579050064493, 'user_y': 6979.0962045613305, 'user_direction': -0.9452912951186533}, 'user_v': 0, 'user_w': 0.1, 'delta_t': 0.02, 'need_reset': False}
Tangent angle: 0.13599298878156052, User angle: 1.9949587984009303, Offset angle: 0.9026919284819471
Target angle: 1.0386849172635078, distance: 157.83467801118803, angle diff: 0.9562738811374225, rotation direction: -1
Basic rotation angle: 0.0, rotation gain: 0.0004381580868069462
Rotation gain: 1.24, direction: -1, curvature radius: 2500000
{'type': 'running', 'physical': {'user_x': 347.57440030114884, 'user_y': 565.4586885082406, 'user_direction': 2.0756039596912528}, 'virtual': {'user_x': 2268.0579050064493, 'user_y': 6979.0962045613305, 'user_direction': -1.0452912951186533}, 'user_v': 0, 'user_w': 0.1, 'delta_t': 0.02, 'need_reset': False}
Tangent angle: 0.13599298878156052, User angle: 2.0756039596912528, Offset angle: 0.9026919284819471
Target angle: 1.0386849172635078, distance: 157.83467801118803, angle diff: 1.036919042427745, rotation direction: -1
Basic rotation angle: 0.0, rotation gain: 0.00039542198949075677
Rotation gain: 1.24, direction: -1, curvature radius: 2500000
{'type': 'running', 'physical': {'user_x': 347.57440030114884, 'user_y': 565.4586885082406, 'user_direction': 2.1562491209815753}, 'virtual': {'user_x': 2268.0579050064493, 'user_y': 6979.0962045613305, 'user_direction': -1.1452912951186534}, 'user_v': 0, 'user_w': 0.1, 'delta_t': 0.02, 'need_reset': False}
Tangent angle: 0.13599298878156052, User angle: 2.1562491209815753, Offset angle: 0.9026919284819471
Target angle: 1.0386849172635078, distance: 157.83467801118803, angle diff: 1.1175642037180675, rotation direction: -1
Basic rotation angle: 0.0, rotation gain: 0.00035802790433909105
Rotation gain: 1.24, direction: -1, curvature radius: 2500000
{'type': 'running', 'physical': {'user_x': 347.57440030114884, 'user_y': 565.4586885082406, 'user_direction': 2.236894282271898}, 'virtual': {'user_x': 2268.0579050064493, 'user_y': 6979.0962045613305, 'user_direction': -1.2452912951186534}, 'user_v': 0, 'user_w': 0.1, 'delta_t': 0.02, 'need_reset': False}
Tangent angle: 0.13599298878156052, User angle: 2.236894282271898, Offset angle: 0.9026919284819471
Target angle: 1.0386849172635078, distance: 157.83467801118803, angle diff: 1.19820936500839, rotation direction: -1
Basic rotation angle: 0.0, rotation gain: 0.00032530807983138354
Rotation gain: 1.24, direction: -1, curvature radius: 2500000
{'type': 'running', 'physical': {'user_x': 347.57440030114884, 'user_y': 565.4586885082406, 'user_direction': 2.3175394435622203}, 'virtual': {'user_x': 2268.0579050064493, 'user_y': 6979.0962045613305, 'user_direction': -1.3452912951186535}, 'user_v': 0, 'user_w': 0.1, 'delta_t': 0.02, 'need_reset': False}
Tangent angle: 0.13599298878156052, User angle: 2.3175394435622203, Offset angle: 0.9026919284819471
Target angle: 1.0386849172635078, distance: 157.83467801118803, angle diff: 1.2788545262987125, rotation direction: -1
Basic rotation angle: 0.0, rotation gain: 0.00029667823338713946
Rotation gain: 1.24, direction: -1, curvature radius: 2500000
{'type': 'running', 'physical': {'user_x': 347.57440030114884, 'user_y': 565.4586885082406, 'user_direction': 2.398184604852543}, 'virtual': {'user_x': 2268.0579050064493, 'user_y': 6979.0962045613305, 'user_direction': -1.4452912951186536}, 'user_v': 0, 'user_w': 0.1, 'delta_t': 0.02, 'need_reset': False}
Tangent angle: 0.13599298878156052, User angle: 2.398184604852543, Offset angle: 0.9026919284819471
Target angle: 1.0386849172635078, distance: 157.83467801118803, angle diff: 1.359499687589035, rotation direction: -1
Basic rotation angle: 0.0, rotation gain: 0.0002716271177484259
Rotation gain: 1.24, direction: -1, curvature radius: 2500000
{'type': 'running', 'physical': {'user_x': 347.57440030114884, 'user_y': 565.4586885082406, 'user_direction': 2.4788297661428653}, 'virtual': {'user_x': 2268.0579050064493, 'user_y': 6979.0962045613305, 'user_direction': -1.5452912951186537}, 'user_v': 0, 'user_w': 0.1, 'delta_t': 0.02, 'need_reset': False}
Tangent angle: 0.13599298878156052, User angle: 2.4788297661428653, Offset angle: 0.9026919284819471
Target angle: 1.0386849172635078, distance: 157.83467801118803, angle diff: 1.4401448488793576, rotation direction: -1
Basic rotation angle: 0.0, rotation gain: 0.00024970739156455145
Rotation gain: 1.24, direction: -1, curvature radius: 2500000
{'type': 'running', 'physical': {'user_x': 347.57440030114884, 'user_y': 565.4586885082406, 'user_direction': 2.559474927433188}, 'virtual': {'user_x': 2268.0579050064493, 'user_y': 6979.0962045613305, 'user_direction': -1.6452912951186538}, 'user_v': 0, 'user_w': 0.1, 'delta_t': 0.02, 'need_reset': False}
Tangent angle: 0.13599298878156052, User angle: 2.559474927433188, Offset angle: 0.9026919284819471
Target angle: 1.0386849172635078, distance: 157.83467801118803, angle diff: 1.52079001016968, rotation direction: -1
Basic rotation angle: 0.0, rotation gain: 0.00023052763115366135
Rotation gain: 1.24, direction: -1, curvature radius: 2500000
{'type': 'running', 'physical': {'user_x': 347.57440030114884, 'user_y': 565.4586885082406, 'user_direction': 2.6401200887235103}, 'virtual': {'user_x': 2268.0579050064493, 'user_y': 6979.0962045613305, 'user_direction': -1.7452912951186539}, 'user_v': 0, 'user_w': 0.1, 'delta_t': 0.02, 'need_reset': False}
Tangent angle: 0.13599298878156052, User angle: 2.6401200887235103, Offset angle: 0.9026919284819471
Target angle: 1.0386849172635078, distance: 157.83467801118803, angle diff: 1.6014351714600026, rotation direction: -1
Basic rotation angle: 0.0, rotation gain: 0.00021374534079413252
Rotation gain: 1.24, direction: -1, curvature radius: 2500000
{'type': 'running', 'physical': {'user_x': 347.57440030114884, 'user_y': 565.4586885082406, 'user_direction': 2.720765250013833}, 'virtual': {'user_x': 2268.0579050064493, 'user_y': 6979.0962045613305, 'user_direction': -1.845291295118654}, 'user_v': 0, 'user_w': 0.1, 'delta_t': 0.02, 'need_reset': False}
Tangent angle: 0.13599298878156052, User angle: 2.720765250013833, Offset angle: 0.9026919284819471
Target angle: 1.0386849172635078, distance: 157.83467801118803, angle diff: 1.682080332750325, rotation direction: -1
Basic rotation angle: 0.0, rotation gain: 0.0001990608367295448
Rotation gain: 1.24, direction: -1, curvature radius: 2500000
{'type': 'running', 'physical': {'user_x': 347.57440030114884, 'user_y': 565.4586885082406, 'user_direction': 2.8014104113041554}, 'virtual': {'user_x': 2268.0579050064493, 'user_y': 6979.0962045613305, 'user_direction': -1.945291295118654}, 'user_v': 0, 'user_w': 0.1, 'delta_t': 0.02, 'need_reset': False}
Tangent angle: 0.13599298878156052, User angle: 2.8014104113041554, Offset angle: 0.9026919284819471
Target angle: 1.0386849172635078, distance: 157.83467801118803, angle diff: 1.7627254940406476, rotation direction: -1
Basic rotation angle: 0.0, rotation gain: 0.00018621189567303052
Rotation gain: 1.24, direction: -1, curvature radius: 2500000
{'type': 'running', 'physical': {'user_x': 347.57440030114884, 'user_y': 565.4586885082406, 'user_direction': 2.882055572594478}, 'virtual': {'user_x': 2268.0579050064493, 'user_y': 6979.0962045613305, 'user_direction': -2.045291295118654}, 'user_v': 0, 'user_w': 0.1, 'delta_t': 0.02, 'need_reset': False}
Tangent angle: 0.13599298878156052, User angle: 2.882055572594478, Offset angle: 0.9026919284819471
Target angle: 1.0386849172635078, distance: 157.83467801118803, angle diff: 1.84337065533097, rotation direction: -1
Basic rotation angle: 0.0, rotation gain: 0.00017496907224858054
Rotation gain: 1.24, direction: -1, curvature radius: 2500000
{'type': 'running', 'physical': {'user_x': 347.57440030114884, 'user_y': 565.4586885082406, 'user_direction': 2.9627007338848004}, 'virtual': {'user_x': 2268.0579050064493, 'user_y': 6979.0962045613305, 'user_direction': -2.1452912951186542}, 'user_v': 0, 'user_w': 0.1, 'delta_t': 0.02, 'need_reset': False}
Tangent angle: 0.13599298878156052, User angle: 2.9627007338848004, Offset angle: 0.9026919284819471
Target angle: 1.0386849172635078, distance: 157.83467801118803, angle diff: 1.9240158166212926, rotation direction: -1
Basic rotation angle: 0.0, rotation gain: 0.00016513160175218682
Rotation gain: 1.24, direction: -1, curvature radius: 2500000
{'type': 'running', 'physical': {'user_x': 347.57440030114884, 'user_y': 565.4586885082406, 'user_direction': 3.043345895175123}, 'virtual': {'user_x': 2268.0579050064493, 'user_y': 6979.0962045613305, 'user_direction': -2.331015701900087}, 'user_v': 7.999999999999999, 'user_w': 0, 'delta_t': 0.02, 'need_reset': False}
Tangent angle: 0.13599298878156052, User angle: 3.043345895175123, Offset angle: 0.9026919284819471
Target angle: 1.0386849172635078, distance: 157.83467801118803, angle diff: 2.004660977911615, rotation direction: -1
Basic rotation angle: 1.693121693121693, rotation gain: 0.0005055000575735284
Rotation gain: 1.24, direction: -1, curvature radius: 7.5
{'type': 'running', 'physical': {'user_x': 347.57440030114884, 'user_y': 565.4586885082406, 'user_direction': 3.1239910564654454}, 'virtual': {'user_x': 2262.5452614903847, 'user_y': 6973.298725672642, 'user_direction': -2.331015701900087}, 'user_v': 7.999999999999999, 'user_w': 0, 'delta_t': 0.02, 'need_reset': False}
Tangent angle: 0.13599298878156052, User angle: 3.1239910564654454, Offset angle: 0.9026919284819471
Target angle: 1.0386849172635078, distance: 157.83467801118803, angle diff: 2.0853061392019376, rotation direction: -1
Basic rotation angle: 1.693121693121693, rotation gain: 0.0008033224564172023
Rotation gain: 1.24, direction: -1, curvature radius: 7.5
{'type': 'running', 'physical': {'user_x': 341.2299640629799, 'user_y': 565.7047577761523, 'user_direction': 3.1028270353014245}, 'virtual': {'user_x': 2257.03261797432, 'user_y': 6967.501246783953, 'user_direction': -2.3310157019000854}, 'user_v': 7.999999999999999, 'user_w': 0, 'delta_t': 0.02, 'need_reset': False}
Tangent angle: 0.13176385462786966, User angle: 3.1028270353014245, Offset angle: 0.8728870453885931
Target angle: 1.0046509000164627, distance: 167.74413592742687, angle diff: 2.0981761352849615, rotation direction: -1
Basic rotation angle: 1.693121693121693, rotation gain: 0.0010534001743896823
Rotation gain: 1.24, direction: -1, curvature radius: 7.5
{'type': 'running', 'physical': {'user_x': 334.8921560847914, 'user_y': 566.0850356961171, 'user_direction': 3.081663014137403}, 'virtual': {'user_x': 2251.5199744582555, 'user_y': 6961.703767895265, 'user_direction': -2.331015701900084}, 'user_v': 7.999999999999999, 'user_w': 0, 'delta_t': 0.02, 'need_reset': False}
Tangent angle: 0.1272378224424071, User angle: 3.081663014137403, Offset angle: 0.8455129215221047
Target angle: 0.9727507439645118, distance: 177.29183204283348, angle diff: 2.1089122701728913, rotation direction: -1
Basic rotation angle: 1.693121693121693, rotation gain: 0.0012622439860021837
Rotation gain: 1.24, direction: -1, curvature radius: 7.5
{'type': 'running', 'physical': {'user_x': 328.5638150649019, 'user_y': 566.5993519420072, 'user_direction': 3.0604989929733817}, 'virtual': {'user_x': 2246.007330942191, 'user_y': 6955.906289006576, 'user_direction': -2.331015701900083}, 'user_v': 7.999999999999999, 'user_w': 0, 'delta_t': 0.02, 'need_reset': False}
Tangent angle: 0.12243608020942798, User angle: 3.0604989929733817, Offset angle: 0.8202342760902155
Target angle: 0.9426703562996435, distance: 186.52936975933494, angle diff: 2.117828636673738, rotation direction: -1
Basic rotation angle: 1.693121693121693, rotation gain: 0.0014354766238149185
Rotation gain: 1.24, direction: -1, curvature radius: 7.5
{'type': 'running', 'physical': {'user_x': 322.2477754613881, 'user_y': 567.2474761520527, 'user_direction': 3.0393349718093603}, 'virtual': {'user_x': 2240.4946874261263, 'user_y': 6950.1088101178875, 'user_direction': -2.331015701900081}, 'user_v': 7.999999999999999, 'user_w': 0, 'delta_t': 0.02, 'need_reset': False}
Tangent angle: 0.11737788546614558, User angle: 3.0393349718093603, Offset angle: 0.7967836788936118
Target angle: 0.9141615643597574, distance: 195.4968696796904, angle diff: 2.125173407449603, rotation direction: -1
Basic rotation angle: 1.693121693121693, rotation gain: 0.001577958612751219
Rotation gain: 1.24, direction: -1, curvature radius: 7.5
{'type': 'running', 'physical': {'user_x': 315.9468662225336, 'user_y': 568.0291180320208, 'user_direction': 3.018170950645339}, 'virtual': {'user_x': 2234.9820439100617, 'user_y': 6944.311331229199, 'user_direction': -2.3310157019000792}, 'user_v': 7.999999999999999, 'user_w': 0, 'delta_t': 0.02, 'need_reset': False}
Tangent angle: 0.1120807768718719, User angle: 3.018170950645339, Offset angle: 0.7749436308402119
Target angle: 0.8870244077120838, distance: 204.22614940944686, angle diff: 2.131146542933255, rotation direction: -1
Basic rotation angle: 1.693121693121693, rotation gain: 0.0016938945057911887
Rotation gain: 1.24, direction: -1, curvature radius: 7.5
{'type': 'running', 'physical': {'user_x': 309.66390951974574, 'user_y': 568.9439274852381, 'user_direction': 2.9970069294813175}, 'virtual': {'user_x': 2229.469400393997, 'user_y': 6938.51385234051, 'user_direction': -2.3310157019000775}, 'user_v': 7.999999999999999, 'user_w': 0, 'delta_t': 0.02, 'need_reset': False}
Tangent angle: 0.1065607590294162, User angle: 2.9970069294813175, Offset angle: 0.7545343589398202
Target angle: 0.8610951179692364, distance: 212.74286139704088, angle diff: 2.135911811512081, rotation direction: -1
Basic rotation angle: 1.693121693121693, rotation gain: 0.0017869231935619036
Rotation gain: 1.24, direction: -1, curvature radius: 7.5
{'type': 'running', 'physical': {'user_x': 303.4017194835077, 'user_y': 569.9914947693983, 'user_direction': 2.975842908317296}, 'virtual': {'user_x': 2223.9567568779325, 'user_y': 6932.716373451822, 'user_direction': -2.3310157019000752}, 'user_v': 7.999999999999999, 'user_w': 0, 'delta_t': 0.02, 'need_reset': False}
Tangent angle: 0.10083246434976045, User angle: 2.975842908317296, Offset angle: 0.735405232551962
Target angle: 0.8362376969017224, distance: 221.06797685670102, angle diff: 2.1396052114155735, rotation direction: -1
Basic rotation angle: 1.693121693121693, rotation gain: 0.0018601950562998275
Rotation gain: 1.24, direction: -1, curvature radius: 7.5
{'type': 'running', 'physical': {'user_x': 297.16310094293175, 'user_y': 571.171350680086, 'user_direction': 2.9546788871532748}, 'virtual': {'user_x': 2218.4441133618684, 'user_y': 6926.918894563133, 'user_direction': -2.331015701900073}, 'user_v': 7.999999999999999, 'user_w': 0, 'delta_t': 0.02, 'need_reset': False}
Tangent angle: 0.09490929516170565, User angle: 2.9546788871532748, Offset angle: 0.7174285603971257
Target angle: 0.8123378555588313, distance: 229.21884401617496, angle diff: 2.1423410315944436, rotation direction: -1
Basic rotation angle: 1.693121693121693, rotation gain: 0.0019164381160836738
Rotation gain: 1.24, direction: -1, curvature radius: 7.5
{'type': 'running', 'physical': {'user_x': 290.95084816947934, 'user_y': 572.4829667609324, 'user_direction': 2.9335148659892534}, 'virtual': {'user_x': 2212.9314698458043, 'user_y': 6921.1214156744445, 'user_direction': -2.3310157019000726}, 'user_v': 7.999999999999999, 'user_w': 0, 'delta_t': 0.02, 'need_reset': False}
Tangent angle: 0.0888035487775678, User angle: 2.9335148659892534, Offset angle: 0.7004950025520631
Target angle: 0.7892985513296309, distance: 237.20996051060786, angle diff: 2.1442163146596225, rotation direction: -1
Basic rotation angle: 1.693121693121693, rotation gain: 0.0019580149136918024
Rotation gain: 1.24, direction: -1, curvature radius: 7.5
{'type': 'running', 'physical': {'user_x': 284.7677436254091, 'user_y': 573.9257555403108, 'user_direction': 2.912350844825232}, 'virtual': {'user_x': 2207.41882632974, 'user_y': 6915.323936785756, 'user_direction': -2.331015701900072}, 'user_v': 7.999999999999999, 'user_w': 0, 'delta_t': 0.02, 'need_reset': False}
Tangent angle: 0.08252652781650749, User angle: 2.912350844825232, Offset angle: 0.6845101079154889
Target angle: 0.7670366357319964, distance: 245.0535486034827, angle diff: 2.1453142090932356, rotation direction: -1
Basic rotation angle: 1.693121693121693, rotation gain: 0.0019869715138498625
Rotation gain: 1.24, direction: -1, curvature radius: 7.5
{'type': 'running', 'physical': {'user_x': 278.6165567175148, 'user_y': 575.4990707944643, 'user_direction': 2.8911868236612106}, 'virtual': {'user_x': 2201.906182813676, 'user_y': 6909.526457897067, 'user_direction': -2.3310157019000717}, 'user_v': 7.999999999999999, 'user_w': 0, 'delta_t': 0.02, 'need_reset': False}
Tangent angle: 0.07608863774454822, User angle: 2.8911868236612106, Offset angle: 0.6693916546442501
Target angle: 0.7454802923887983, distance: 252.75999119330783, angle diff: 2.1457065312724124, rotation direction: -1
Basic rotation angle: 1.693121693121693, rotation gain: 0.0020050797977390154
Rotation gain: 1.24, direction: -1, curvature radius: 7.5
{'type': 'running', 'physical': {'user_x': 272.5000425567106, 'user_y': 577.2022078369489, 'user_direction': 2.870022802497189}, 'virtual': {'user_x': 2196.393539297612, 'user_y': 6903.728979008379, 'user_direction': -2.3310157019000712}, 'user_v': 7.999999999999999, 'user_w': 0, 'delta_t': 0.02, 'need_reset': False}
Tangent angle: 0.06949947330299766, User angle: 2.870022802497189, Offset angle: 0.6550675754147385
Target angle: 0.7245670487177361, distance: 260.33816749156483, angle diff: 2.145455753779453, rotation direction: -1
Basic rotation angle: 1.693121693121693, rotation gain: 0.0020138740096682646
Rotation gain: 1.24, direction: -1, curvature radius: 7.5
{'type': 'running', 'physical': {'user_x': 266.4209407240192, 'user_y': 579.0344038342622, 'user_direction': 2.848858781333168}, 'virtual': {'user_x': 2190.8808957815477, 'user_y': 6897.93150011969, 'user_direction': -2.331015701900071}, 'user_v': 7.999999999999999, 'user_w': 0, 'delta_t': 0.02, 'need_reset': False}
Tangent angle: 0.06276789525540671, User angle: 2.848858781333168, Offset angle: 0.6414743164813789
Target angle: 0.7042422117367856, distance: 267.795715070337, angle diff: 2.144616569596382, rotation direction: -1
Basic rotation angle: 1.693121693121693, rotation gain: 0.0020146823712363683
Rotation gain: 1.24, direction: -1, curvature radius: 7.5
{'type': 'running', 'physical': {'user_x': 260.3819740435165, 'user_y': 580.9948381475152, 'user_direction': 2.8276947601691464}, 'virtual': {'user_x': 2185.3682522654835, 'user_y': 6892.1340212310015, 'user_direction': -2.33101570190007}, 'user_v': 7.999999999999999, 'user_w': 0, 'delta_t': 0.02, 'need_reset': False}
Tangent angle: 0.055902098679576184, User angle: 2.8276947601691464, Offset angle: 0.6285555237889738
Target angle: 0.68445762246855, distance: 275.1392369903243, angle diff: 2.1432371377005963, rotation direction: -1
Basic rotation angle: 1.693121693121693, rotation gain: 0.002008654451451004
Rotation gain: 1.24, direction: -1, curvature radius: 7.5
{'type': 'running', 'physical': {'user_x': 254.38584736278068, 'user_y': 583.0826326999965, 'user_direction': 2.806530739005125}, 'virtual': {'user_x': 2179.8556087494194, 'user_y': 6886.336542342313, 'user_direction': -2.3310157019000695}, 'user_v': 7.999999999999999, 'user_w': 0, 'delta_t': 0.02, 'need_reset': False}
Tangent angle: 0.04890967385901712, User angle: 2.806530739005125, Offset angle: 0.6162609792886079
Target angle: 0.665170653147625, distance: 282.3744673647148, angle diff: 2.1413600858575, rotation direction: -1
Basic rotation angle: 1.693121693121693, rotation gain: 0.00199678487846823
Rotation gain: 1.24, direction: -1, curvature radius: 7.5
{'type': 'running', 'physical': {'user_x': 248.43524634139385, 'user_y': 585.296852370461, 'user_direction': 2.7853667178411037}, 'virtual': {'user_x': 2174.3429652333552, 'user_y': 6880.539063453624, 'user_direction': -2.3310157019000686}, 'user_v': 7.999999999999999, 'user_w': 0, 'delta_t': 0.02, 'need_reset': False}
Tangent angle: 0.04179766068251434, User angle: 2.7853667178411037, Offset angle: 0.6045457312010947
Target angle: 0.646343391883609, distance: 289.50640505047977, angle diff: 2.1390233259574947, rotation direction: -1
Basic rotation angle: 1.693121693121693, rotation gain: 0.0019799338931142645
Rotation gain: 1.24, direction: -1, curvature radius: 7.5
{'type': 'running', 'physical': {'user_x': 242.5328362480375, 'user_y': 587.6365054119711, 'user_direction': 2.7642026966770823}, 'virtual': {'user_x': 2168.830321717291, 'user_y': 6874.741584564936, 'user_direction': -2.3310157019000672}, 'user_v': 7.999999999999999, 'user_w': 0, 'delta_t': 0.02, 'need_reset': False}
Tangent angle: 0.034572597336633315, User angle: 2.7642026966770823, Offset angle: 0.5933693764236844
Target angle: 0.6279419737603177, distance: 296.539422605664, angle diff: 2.1362607229167647, rotation direction: -1
Basic rotation angle: 1.693121693121693, rotation gain: 0.001958845172671498
Rotation gain: 1.24, direction: -1, curvature radius: 7.5
{'type': 'running', 'physical': {'user_x': 236.68126076672112, 'user_y': 590.1005438960982, 'user_direction': 2.743038675513061}, 'virtual': {'user_x': 2163.317678201227, 'user_y': 6868.944105676247, 'user_direction': -2.331015701900066}, 'user_v': 7.999999999999999, 'user_w': 0, 'delta_t': 0.02, 'need_reset': False}
Tangent angle: 0.02724056397064567, User angle: 2.743038675513061, Offset angle: 0.5826954635877442
Target angle: 0.6099360275583898, distance: 303.4773558425939, angle diff: 2.1331026479546713, rotation direction: -1
Basic rotation angle: 1.693121693121693, rotation gain: 0.0019341612929322455
Rotation gain: 1.24, direction: -1, curvature radius: 7.5
{'type': 'running', 'physical': {'user_x': 230.8831408126786, 'user_y': 592.6878641822893, 'user_direction': 2.7218746543490395}, 'virtual': {'user_x': 2157.805034685163, 'user_y': 6863.1466267875585, 'user_direction': -2.3310157019000646}, 'user_v': 7.999999999999999, 'user_w': 0, 'delta_t': 0.02, 'need_reset': False}
Tangent angle: 0.01980722192342732, User angle: 2.7218746543490395, Offset angle: 0.5724909927459098
Target angle: 0.5922982146693371, distance: 310.3235780061346, angle diff: 2.1295764396797026, rotation direction: -1
Basic rotation angle: 1.693121693121693, rotation gain: 0.0019064371452333743
Rotation gain: 1.24, direction: -1, curvature radius: 7.5
{'type': 'running', 'physical': {'user_x': 225.14107335846265, 'user_y': 595.3973074121866, 'user_direction': 2.700710633185018}, 'virtual': {'user_x': 2152.2923911690987, 'user_y': 6857.34914789887, 'user_direction': -2.3310157019000624}, 'user_v': 7.999999999999999, 'user_w': 0, 'delta_t': 0.02, 'need_reset': False}
Tangent angle: 0.012277849024985521, User angle: 2.700710633185018, Offset angle: 0.5627259931553819
Target angle: 0.5750038421803674, distance: 317.08106165758835, angle diff: 2.1257067910046508, rotation direction: -1
Basic rotation angle: 1.693121693121693, rotation gain: 0.001876151581504991
Rotation gain: 1.24, direction: -1, curvature radius: 7.5
{'type': 'running', 'physical': {'user_x': 219.45763027076333, 'user_y': 598.227660028679, 'user_direction': 2.6795466120209968}, 'virtual': {'user_x': 2146.7797476530345, 'user_y': 6851.551669010181, 'user_direction': -2.3310157019000597}, 'user_v': 7.999999999999999, 'user_w': 0, 'delta_t': 0.02, 'need_reset': False}
Tangent angle: 0.004657371419352074, User angle: 2.6795466120209968, Offset angle: 0.5533731647075286
Target angle: 0.5580305361268807, distance: 323.7524306443382, angle diff: 2.121516075894116, rotation direction: -1
Basic rotation angle: 1.693121693121693, rotation gain: 0.0018437175230407977
Rotation gain: 1.24, direction: -1, curvature radius: 7.5
{'type': 'running', 'physical': {'user_x': 213.83535715847128, 'user_y': 601.1776543194532, 'user_direction': 2.6583825908569754}, 'virtual': {'user_x': 2141.2671041369704, 'user_y': 6845.754190121493, 'user_direction': -2.3310157019000566}, 'user_v': 7.999999999999999, 'user_w': 0, 'delta_t': 0.02, 'need_reset': False}
Tangent angle: 6.280135699478542, User angle: 2.6583825908569754, Offset angle: 0.5444075716282367
Target angle: 0.5413579639271928, distance: 330.34000401195965, angle diff: 2.1170246269297825, rotation direction: -1
Basic rotation angle: 1.693121693121693, rotation gain: 0.0018094907367127463
Rotation gain: 1.24, direction: -1, curvature radius: 7.5
{'type': 'running', 'physical': {'user_x': 208.27677223250186, 'user_y': 604.2459689848008, 'user_direction': 2.637218569692954}, 'virtual': {'user_x': 2135.7544606209062, 'user_y': 6839.956711232804, 'user_direction': -2.3310157019000517}, 'user_v': 7.999999999999999, 'user_w': 0, 'delta_t': 0.02, 'need_reset': False}
Tangent angle: 6.272346525071397, User angle: 2.637218569692954, Offset angle: 0.5358063794131926
Target angle: 0.524967597305003, distance: 336.8458333202403, angle diff: 2.112250972387951, rotation direction: -1
Basic rotation angle: 1.693121693121693, rotation gain: 0.0017737774548805577
Rotation gain: 1.24, direction: -1, curvature radius: 7.5
{'type': 'running', 'physical': {'user_x': 202.78436517789075, 'user_y': 607.4312297294276, 'user_direction': 2.6160545485289326}, 'virtual': {'user_x': 2130.241817104842, 'user_y': 6834.159232344115, 'user_direction': -2.3310157019000437}, 'user_v': 7.999999999999999, 'user_w': 0, 'delta_t': 0.02, 'need_reset': False}
Tangent angle: 6.264479188180385, User angle: 2.6160545485289326, Offset angle: 0.5275486277610341
Target angle: 0.5088425087618322, distance: 343.2717345229909, angle diff: 2.1072120397671004, rotation direction: -1
Basic rotation angle: 1.693121693121693, rotation gain: 0.0017368409916052273
Rotation gain: 1.24, direction: -1, curvature radius: 7.5
{'type': 'running', 'physical': {'user_x': 197.36059603866647, 'user_y': 610.7320098779986, 'user_direction': 2.594890527364911}, 'virtual': {'user_x': 2124.729173588778, 'user_y': 6828.361753455426, 'user_direction': -2.3310157019000597}, 'user_v': 7.999999999999999, 'user_w': 0, 'delta_t': 0.02, 'need_reset': False}
Tangent angle: 6.256537469537534, User angle: 2.594890527364911, Offset angle: 0.5196150336631301
Target angle: 0.49296719602107775, distance: 349.61931533935507, angle diff: 2.1019233313438335, rotation direction: -1
Basic rotation angle: 1.693121693121693, rotation gain: 0.0016989074873977618
Rotation gain: 1.24, direction: -1, curvature radius: 7.5
{'type': 'running', 'physical': {'user_x': 192.00789411599882, 'user_y': 614.146831014145, 'user_direction': 2.57372650620089}, 'virtual': {'user_x': 2119.216530072714, 'user_y': 6822.564274566737, 'user_direction': -2.331015701900048}, 'user_v': 7.999999999999999, 'user_w': 0, 'delta_t': 0.02, 'need_reset': False}
Tangent angle: 6.248524917204637, User angle: 2.57372650620089, Offset angle: 0.511987819901399
Target angle: 0.47732742992644983, distance: 355.8899988639816, angle diff: 2.09639907627444, rotation direction: -1
Basic rotation angle: 1.693121693121693, rotation gain: 0.0016601708971456129
Rotation gain: 1.24, direction: -1, curvature radius: 7.5
{'type': 'running', 'physical': {'user_x': 186.72865688011717, 'user_y': 617.6741636426453, 'user_direction': 2.5525624850368684}, 'virtual': {'user_x': 2115.4158218816438, 'user_y': 6818.567185795155, 'user_direction': -2.331015701900048}, 'user_v': 0, 'user_w': 0.1, 'delta_t': 0.02, 'need_reset': False}
Tangent angle: 6.240444864224246, User angle: 2.5525624850368684, Offset angle: 0.5046505650678602
Target angle: 0.4619101221125197, distance: 362.0850440222282, angle diff: 2.0906523629243488, rotation direction: -1
Basic rotation angle: 0.0, rotation gain: 0.0014582544611910085
Rotation gain: 1.24, direction: -1, curvature radius: 2500000
{'type': 'running', 'physical': {'user_x': 181.52524889648583, 'user_y': 621.312427874485, 'user_direction': 2.531398463872847}, 'virtual': {'user_x': 2115.4158218816438, 'user_y': 6818.567185795155, 'user_direction': -2.231015701900048}, 'user_v': 0, 'user_w': 0.1, 'delta_t': 0.02, 'need_reset': False}
Tangent angle: 6.232300444701211, User angle: 2.531398463872847, Offset angle: 0.49758807190532633
Target angle: 0.44670320942695163, distance: 368.20556336515784, angle diff: 2.0846952544458954, rotation direction: -1
Basic rotation angle: 0.0, rotation gain: 0.0012813970237609796
Rotation gain: 1.24, direction: -1, curvature radius: 2500000
{'type': 'running', 'physical': {'user_x': 181.52524889648583, 'user_y': 621.312427874485, 'user_direction': 2.6120436251631696}, 'virtual': {'user_x': 2115.4158218816438, 'user_y': 6818.567185795155, 'user_direction': -2.131015701900048}, 'user_v': 0, 'user_w': 0.1, 'delta_t': 0.02, 'need_reset': False}
Tangent angle: 6.232300444701211, User angle: 2.6120436251631696, Offset angle: 0.49758807190532633
Target angle: 0.44670320942695163, distance: 368.20556336515784, angle diff: 2.165340415736218, rotation direction: -1
Basic rotation angle: 0.0, rotation gain: 0.0011266467660097043
Rotation gain: 1.24, direction: -1, curvature radius: 2500000
{'type': 'running', 'physical': {'user_x': 181.52524889648583, 'user_y': 621.312427874485, 'user_direction': 2.692688786453492}, 'virtual': {'user_x': 2115.4158218816438, 'user_y': 6818.567185795155, 'user_direction': -2.031015701900048}, 'user_v': 0, 'user_w': 0.1, 'delta_t': 0.02, 'need_reset': False}
Tangent angle: 6.232300444701211, User angle: 2.692688786453492, Offset angle: 0.49758807190532633
Target angle: 0.44670320942695163, distance: 368.20556336515784, angle diff: 2.2459855770265404, rotation direction: -1
Basic rotation angle: 0.0, rotation gain: 0.0009912402904773384
Rotation gain: 1.24, direction: -1, curvature radius: 2500000
{'type': 'running', 'physical': {'user_x': 181.52524889648583, 'user_y': 621.312427874485, 'user_direction': 2.7733339477438146}, 'virtual': {'user_x': 2115.4158218816438, 'user_y': 6818.567185795155, 'user_direction': -1.9310157019000478}, 'user_v': 0, 'user_w': 0.1, 'delta_t': 0.02, 'need_reset': False}
Tangent angle: 6.232300444701211, User angle: 2.7733339477438146, Offset angle: 0.49758807190532633
Target angle: 0.44670320942695163, distance: 368.20556336515784, angle diff: 2.326630738316863, rotation direction: -1
Basic rotation angle: 0.0, rotation gain: 0.000872759624386518
Rotation gain: 1.24, direction: -1, curvature radius: 2500000
{'type': 'running', 'physical': {'user_x': 181.52524889648583, 'user_y': 621.312427874485, 'user_direction': 2.853979109034137}, 'virtual': {'user_x': 2115.4158218816438, 'user_y': 6818.567185795155, 'user_direction': -1.8310157019000477}, 'user_v': 0, 'user_w': 0.1, 'delta_t': 0.02, 'need_reset': False}
Tangent angle: 6.232300444701211, User angle: 2.853979109034137, Offset angle: 0.49758807190532633
Target angle: 0.44670320942695163, distance: 368.20556336515784, angle diff: 2.4072758996071855, rotation direction: -1
Basic rotation angle: 0.0, rotation gain: 0.0007690890415570503
Rotation gain: 1.24, direction: -1, curvature radius: 2500000
{'type': 'running', 'physical': {'user_x': 181.52524889648583, 'user_y': 621.312427874485, 'user_direction': 2.9346242703244596}, 'virtual': {'user_x': 2115.4158218816438, 'user_y': 6818.567185795155, 'user_direction': -1.7310157019000476}, 'user_v': 0, 'user_w': 0.1, 'delta_t': 0.02, 'need_reset': False}
Tangent angle: 6.232300444701211, User angle: 2.9346242703244596, Offset angle: 0.49758807190532633
Target angle: 0.44670320942695163, distance: 368.20556336515784, angle diff: 2.487921060897508, rotation direction: -1
Basic rotation angle: 0.0, rotation gain: 0.000678377281581266
Rotation gain: 1.24, direction: -1, curvature radius: 2500000
{'type': 'running', 'physical': {'user_x': 181.52524889648583, 'user_y': 621.312427874485, 'user_direction': 3.015269431614782}, 'virtual': {'user_x': 2115.4158218816438, 'user_y': 6818.567185795155, 'user_direction': -1.6310157019000475}, 'user_v': 0, 'user_w': 0.1, 'delta_t': 0.02, 'need_reset': False}
Tangent angle: 6.232300444701211, User angle: 3.015269431614782, Offset angle: 0.49758807190532633
Target angle: 0.44670320942695163, distance: 368.20556336515784, angle diff: 2.5685662221878305, rotation direction: -1
Basic rotation angle: 0.0, rotation gain: 0.0005990044916024547
Rotation gain: 1.24, direction: -1, curvature radius: 2500000
{'type': 'running', 'physical': {'user_x': 181.52524889648583, 'user_y': 621.312427874485, 'user_direction': 3.0959145929051046}, 'virtual': {'user_x': 2115.4158218816438, 'user_y': 6818.567185795155, 'user_direction': -1.5310157019000474}, 'user_v': 0, 'user_w': 0.1, 'delta_t': 0.02, 'need_reset': False}
Tangent angle: 6.232300444701211, User angle: 3.0959145929051046, Offset angle: 0.49758807190532633
Target angle: 5.734712372795885, distance: 368.20556336515784, angle diff: 2.6387977798907802, rotation direction: 1
Basic rotation angle: 0.0, rotation gain: 0.0005222945092572201
Rotation gain: 1.24, direction: 1, curvature radius: 2500000
{'type': 'running', 'physical': {'user_x': 181.52524889648583, 'user_y': 621.312427874485, 'user_direction': 3.176559754195427}, 'virtual': {'user_x': 2115.4158218816438, 'user_y': 6818.567185795155, 'user_direction': -1.4310157019000473}, 'user_v': 0, 'user_w': 0.1, 'delta_t': 0.02, 'need_reset': False}
Tangent angle: 6.232300444701211, User angle: 3.176559754195427, Offset angle: 0.49758807190532633
Target angle: 5.734712372795885, distance: 368.20556336515784, angle diff: 2.5581526186004577, rotation direction: 1
Basic rotation angle: 0.0, rotation gain: 0.00045517327470513994
Rotation gain: 1.24, direction: 1, curvature radius: 2500000
{'type': 'running', 'physical': {'user_x': 181.52524889648583, 'user_y': 621.312427874485, 'user_direction': 3.2572049154857496}, 'virtual': {'user_x': 2115.4158218816438, 'user_y': 6818.567185795155, 'user_direction': -1.3310157019000473}, 'user_v': 0, 'user_w': 0.1, 'delta_t': 0.02, 'need_reset': False}
Tangent angle: 6.232300444701211, User angle: 3.2572049154857496, Offset angle: 0.49758807190532633
Target angle: 5.734712372795885, distance: 368.20556336515784, angle diff: 2.477507457310135, rotation direction: 1
Basic rotation angle: 0.0, rotation gain: 0.0003964421944720698
Rotation gain: 1.24, direction: 1, curvature radius: 2500000
{'type': 'running', 'physical': {'user_x': 181.52524889648583, 'user_y': 621.312427874485, 'user_direction': 3.337850076776072}, 'virtual': {'user_x': 2115.4158218816438, 'user_y': 6818.567185795155, 'user_direction': -1.2310157019000472}, 'user_v': 0, 'user_w': 0.1, 'delta_t': 0.02, 'need_reset': False}
Tangent angle: 6.232300444701211, User angle: 3.337850076776072, Offset angle: 0.49758807190532633
Target angle: 5.734712372795885, distance: 368.20556336515784, angle diff: 2.3968622960198127, rotation direction: 1
Basic rotation angle: 0.0, rotation gain: 0.0003450524992681334
Rotation gain: 1.24, direction: 1, curvature radius: 2500000
{'type': 'running', 'physical': {'user_x': 181.52524889648583, 'user_y': 621.312427874485, 'user_direction': 3.4184952380663947}, 'virtual': {'user_x': 2115.4158218816438, 'user_y': 6818.567185795155, 'user_direction': -1.131015701900047}, 'user_v': 0, 'user_w': 0.1, 'delta_t': 0.02, 'need_reset': False}
Tangent angle: 6.232300444701211, User angle: 3.4184952380663947, Offset angle: 0.49758807190532633
Target angle: 5.734712372795885, distance: 368.20556336515784, angle diff: 2.31621713472949, rotation direction: 1
Basic rotation angle: 0.0, rotation gain: 0.000300086515964689
Rotation gain: 1.24, direction: 1, curvature radius: 2500000
{'type': 'running', 'physical': {'user_x': 181.52524889648583, 'user_y': 621.312427874485, 'user_direction': 3.499140399356717}, 'virtual': {'user_x': 2115.4158218816438, 'user_y': 6818.567185795155, 'user_direction': -1.031015701900047}, 'user_v': 0, 'user_w': 0.1, 'delta_t': 0.02, 'need_reset': False}
Tangent angle: 6.232300444701211, User angle: 3.499140399356717, Offset angle: 0.49758807190532633
Target angle: 5.734712372795885, distance: 368.20556336515784, angle diff: 2.2355719734391677, rotation direction: 1
Basic rotation angle: 0.0, rotation gain: 0.0002607412805741752
Rotation gain: 1.24, direction: 1, curvature radius: 2500000
{'type': 'running', 'physical': {'user_x': 181.52524889648583, 'user_y': 621.312427874485, 'user_direction': 3.5797855606470397}, 'virtual': {'user_x': 2115.4158218816438, 'user_y': 6818.567185795155, 'user_direction': -0.931015701900047}, 'user_v': 0, 'user_w': 0.1, 'delta_t': 0.02, 'need_reset': False}
Tangent angle: 6.232300444701211, User angle: 3.5797855606470397, Offset angle: 0.49758807190532633
Target angle: 5.734712372795885, distance: 368.20556336515784, angle diff: 2.154926812148845, rotation direction: 1
Basic rotation angle: 0.0, rotation gain: 0.00022631419960747565
Rotation gain: 1.24, direction: 1, curvature radius: 2500000
{'type': 'running', 'physical': {'user_x': 181.52524889648583, 'user_y': 621.312427874485, 'user_direction': 3.660430721937362}, 'virtual': {'user_x': 2115.4158218816438, 'user_y': 6818.567185795155, 'user_direction': -0.831015701900047}, 'user_v': 0, 'user_w': 0.1, 'delta_t': 0.02, 'need_reset': False}
Tangent angle: 6.232300444701211, User angle: 3.660430721937362, Offset angle: 0.49758807190532633
Target angle: 5.734712372795885, distance: 368.20556336515784, angle diff: 2.0742816508585227, rotation direction: 1
Basic rotation angle: 0.0, rotation gain: 0.00019619050376161354
Rotation gain: 1.24, direction: 1, curvature radius: 2500000
{'type': 'running', 'physical': {'user_x': 181.52524889648583, 'user_y': 621.312427874485, 'user_direction': 3.7410758832276847}, 'virtual': {'user_x': 2115.4158218816438, 'user_y': 6818.567185795155, 'user_direction': -0.731015701900047}, 'user_v': 0, 'user_w': 0.1, 'delta_t': 0.02, 'need_reset': False}
Tangent angle: 6.232300444701211, User angle: 3.7410758832276847, Offset angle: 0.49758807190532633
Target angle: 5.734712372795885, distance: 368.20556336515784, angle diff: 1.9936364895682002, rotation direction: 1
Basic rotation angle: 0.0, rotation gain: 0.00016983226989648417
Rotation gain: 1.24, direction: 1, curvature radius: 2500000
{'type': 'running', 'physical': {'user_x': 181.52524889648583, 'user_y': 621.312427874485, 'user_direction': 3.821721044518007}, 'virtual': {'user_x': 2115.4158218816438, 'user_y': 6818.567185795155, 'user_direction': -0.6310157019000471}, 'user_v': 0, 'user_w': 0.1, 'delta_t': 0.02, 'need_reset': False}
Tangent angle: 6.232300444701211, User angle: 3.821721044518007, Offset angle: 0.49758807190532633
Target angle: 5.734712372795885, distance: 368.20556336515784, angle diff: 1.9129913282778777, rotation direction: 1
Basic rotation angle: 0.0, rotation gain: 0.00014676881526449597
Rotation gain: 1.24, direction: 1, curvature radius: 2500000
{'type': 'running', 'physical': {'user_x': 181.52524889648583, 'user_y': 621.312427874485, 'user_direction': 3.9023662058083297}, 'virtual': {'user_x': 2115.4158218816438, 'user_y': 6818.567185795155, 'user_direction': -0.5310157019000471}, 'user_v': 0, 'user_w': 0.1, 'delta_t': 0.02, 'need_reset': False}
Tangent angle: 6.232300444701211, User angle: 3.9023662058083297, Offset angle: 0.49758807190532633
Target angle: 5.734712372795885, distance: 368.20556336515784, angle diff: 1.8323461669875551, rotation direction: 1
Basic rotation angle: 0.0, rotation gain: 0.0001265882924615063
Rotation gain: 1.24, direction: 1, curvature radius: 2500000
{'type': 'running', 'physical': {'user_x': 181.52524889648583, 'user_y': 621.312427874485, 'user_direction': 3.9830113670986522}, 'virtual': {'user_x': 2115.4158218816438, 'user_y': 6818.567185795155, 'user_direction': -0.4310157019000471}, 'user_v': 0, 'user_w': 0.1, 'delta_t': 0.02, 'need_reset': False}
Tangent angle: 6.232300444701211, User angle: 3.9830113670986522, Offset angle: 0.49758807190532633
Target angle: 5.734712372795885, distance: 368.20556336515784, angle diff: 1.7517010056972326, rotation direction: 1
Basic rotation angle: 0.0, rotation gain: 0.00010893033500889035
Rotation gain: 1.24, direction: 1, curvature radius: 2500000
{'type': 'running', 'physical': {'user_x': 181.52524889648583, 'user_y': 621.312427874485, 'user_direction': 4.063656528388975}, 'virtual': {'user_x': 2115.4158218816438, 'user_y': 6818.567185795155, 'user_direction': -0.33101570190004714}, 'user_v': 0, 'user_w': 0.1, 'delta_t': 0.02, 'need_reset': False}
Tangent angle: 6.232300444701211, User angle: 4.063656528388975, Offset angle: 0.49758807190532633
Target angle: 5.734712372795885, distance: 368.20556336515784, angle diff: 1.6710558444069097, rotation direction: 1
Basic rotation angle: 0.0, rotation gain: 9.34796222378514e-05
Rotation gain: 1.24, direction: 1, curvature radius: 2500000
{'type': 'running', 'physical': {'user_x': 181.52524889648583, 'user_y': 621.312427874485, 'user_direction': 4.144301689679298}, 'virtual': {'user_x': 2115.4158218816438, 'user_y': 6818.567185795155, 'user_direction': -0.23101570190004714}, 'user_v': 0, 'user_w': 0.1, 'delta_t': 0.02, 'need_reset': False}
Tangent angle: 6.232300444701211, User angle: 4.144301689679298, Offset angle: 0.49758807190532633
Target angle: 5.734712372795885, distance: 368.20556336515784, angle diff: 1.5904106831165867, rotation direction: 1
Basic rotation angle: 0.0, rotation gain: 7.996024856319233e-05
Rotation gain: 1.24, direction: 1, curvature radius: 2500000
{'type': 'running', 'physical': {'user_x': 181.52524889648583, 'user_y': 621.312427874485, 'user_direction': 4.224946850969621}, 'virtual': {'user_x': 2115.4158218816438, 'user_y': 6818.567185795155, 'user_direction': -0.13101570190004713}, 'user_v': 0, 'user_w': 0.1, 'delta_t': 0.02, 'need_reset': False}
Tangent angle: 6.232300444701211, User angle: 4.224946850969621, Offset angle: 0.49758807190532633
Target angle: 5.734712372795885, distance: 368.20556336515784, angle diff: 1.5097655218262638, rotation direction: 1
Basic rotation angle: 0.0, rotation gain: 6.813079659786563e-05
Rotation gain: 1.24, direction: 1, curvature radius: 2500000
{'type': 'running', 'physical': {'user_x': 181.52524889648583, 'user_y': 621.312427874485, 'user_direction': 4.305592012259944}, 'virtual': {'user_x': 2115.4158218816438, 'user_y': 6818.567185795155, 'user_direction': -0.031015701900047127}, 'user_v': 0, 'user_w': 0.1, 'delta_t': 0.02, 'need_reset': False}
Tangent angle: 6.232300444701211, User angle: 4.305592012259944, Offset angle: 0.49758807190532633
Target angle: 5.734712372795885, distance: 368.20556336515784, angle diff: 1.4291203605359408, rotation direction: 1
Basic rotation angle: 0.0, rotation gain: 5.778002612820476e-05
Rotation gain: 1.24, direction: 1, curvature radius: 2500000
{'type': 'running', 'physical': {'user_x': 181.52524889648583, 'user_y': 621.312427874485, 'user_direction': 4.386237173550267}, 'virtual': {'user_x': 2115.4158218816438, 'user_y': 6818.567185795155, 'user_direction': 0.14784700522771338}, 'user_v': 7.999999999999999, 'user_w': 0, 'delta_t': 0.02, 'need_reset': False}
Tangent angle: 6.232300444701211, User angle: 4.386237173550267, Offset angle: 0.49758807190532633
Target angle: 5.734712372795885, distance: 368.20556336515784, angle diff: 1.3484751992456179, rotation direction: 1
Basic rotation angle: 1.693121693121693, rotation gain: 4.475103985650698e-06
Rotation gain: 1.24, direction: 1, curvature radius: 7.5
{'type': 'running', 'physical': {'user_x': 181.52524889648583, 'user_y': 621.312427874485, 'user_direction': 4.46688233484059}, 'virtual': {'user_x': 2123.32854608595, 'user_y': 6819.7456575455935, 'user_direction': 0.14784700522771338}, 'user_v': 7.999999999999999, 'user_w': 0, 'delta_t': 0.02, 'need_reset': False}
Tangent angle: 6.232300444701211, User angle: 4.46688233484059, Offset angle: 0.49758807190532633
Target angle: 5.734712372795885, distance: 368.20556336515784, angle diff: 1.267830037955295, rotation direction: 1
Basic rotation angle: 1.693121693121693, rotation gain: 5.1116910860385506e-05
Rotation gain: 1.24, direction: 1, curvature radius: 7.5
{'type': 'running', 'physical': {'user_x': 180.11276948003774, 'user_y': 615.1223290737458, 'user_direction': 4.488046356004611}, 'virtual': {'user_x': 2131.2412702902566, 'user_y': 6820.924129296032, 'user_direction': 0.1478470052277132}, 'user_v': 7.999999999999999, 'user_w': 0, 'delta_t': 0.02, 'need_reset': False}
Tangent angle: 6.247185651345111, User angle: 4.488046356004611, Offset angle: 0.49611185153970755
Target angle: 5.751073799805404, distance: 369.50503540593144, angle diff: 1.2630274438007927, rotation direction: 1
Basic rotation angle: 1.693121693121693, rotation gain: 1.630513080628721e-05
Rotation gain: 1.24, direction: 1, curvature radius: 7.5
{'type': 'running', 'physical': {'user_x': 178.83160398989966, 'user_y': 608.9037250300973, 'user_direction': 4.509210377168633}, 'virtual': {'user_x': 2139.153994494563, 'user_y': 6822.102601046471, 'user_direction': 0.14784700522771307}, 'user_v': 7.999999999999999, 'user_w': 0, 'delta_t': 0.02, 'need_reset': False}
Tangent angle: 6.262047921169917, User angle: 4.509210377168633, Offset angle: 0.4946951376321236
Target angle: 5.767352783537794, distance: 370.758808549618, angle diff: 1.2581424063691609, rotation direction: 1
Basic rotation angle: 1.693121693121693, rotation gain: 5.272987742985241e-05
Rotation gain: 1.24, direction: 1, curvature radius: 7.5
{'type': 'running', 'physical': {'user_x': 177.68232625890707, 'user_y': 602.6594010505263, 'user_direction': 4.530374398332654}, 'virtual': {'user_x': 2147.0667186988694, 'user_y': 6823.28107279691, 'user_direction': 0.14784700522771288}, 'user_v': 7.999999999999999, 'user_w': 0, 'delta_t': 0.02, 'need_reset': False}
Tangent angle: 6.276888232573006, User angle: 4.530374398332654, Offset angle: 0.49333717341246947
Target angle: 5.783551059160537, distance: 371.96678610870055, angle diff: 1.253176660827883, rotation direction: 1
Basic rotation angle: 1.693121693121693, rotation gain: 2.6787517577942154e-05
Rotation gain: 1.24, direction: 1, curvature radius: 7.5
{'type': 'running', 'physical': {'user_x': 176.6654510474903, 'user_y': 596.3921539619548, 'user_direction': 4.5515384194966755}, 'virtual': {'user_x': 2154.979442903176, 'user_y': 6824.459544547349, 'user_direction': 0.14784700522771274}, 'user_v': 7.999999999999999, 'user_w': 0, 'delta_t': 0.02, 'need_reset': False}
Tangent angle: 0.008522240158067795, User angle: 4.5515384194966755, Offset angle: 0.49203723768279084
Target angle: 5.799670309654863, distance: 373.1288743716561, angle diff: 1.248131890158188, rotation direction: 1
Basic rotation angle: 1.693121693121693, rotation gain: 5.538143990052172e-05
Rotation gain: 1.24, direction: 1, curvature radius: 7.5
{'type': 'running', 'physical': {'user_x': 175.78143381311398, 'user_y': 590.1047908585443, 'user_direction': 4.572702440660697}, 'virtual': {'user_x': 2162.8921671074822, 'user_y': 6825.6380162977875, 'user_direction': 0.14784700522771255}, 'user_v': 7.999999999999999, 'user_w': 0, 'delta_t': 0.02, 'need_reset': False}
Tangent angle: 0.02332150426241464, User angle: 4.572702440660697, Offset angle: 0.49079464389848776
Target angle: 5.815712167543513, distance: 374.2449826806107, angle diff: 1.243009726882816, rotation direction: 1
Basic rotation angle: 1.693121693121693, rotation gain: 3.6221382438295046e-05
Rotation gain: 1.24, direction: 1, curvature radius: 7.5
{'type': 'running', 'physical': {'user_x': 175.0306705062779, 'user_y': 583.8001278444007, 'user_direction': 4.593866461824718}, 'virtual': {'user_x': 2170.8048913117887, 'user_y': 6826.816488048226, 'user_direction': 0.14784700522771232}, 'user_v': 7.999999999999999, 'user_w': 0, 'delta_t': 0.02, 'need_reset': False}
Tangent angle: 0.03810164866611654, User angle: 4.593866461824718, Offset angle: 0.4896087393003914
Target angle: 5.831678216545312, distance: 375.3150235045241, angle diff: 1.2378117547205933, rotation direction: 1
Basic rotation angle: 1.693121693121693, rotation gain: 5.8811521067994874e-05
Rotation gain: 1.24, direction: 1, curvature radius: 7.5
{'type': 'running', 'physical': {'user_x': 174.41349739317127, 'user_y': 577.4809887722437, 'user_direction': 4.61503048298874}, 'virtual': {'user_x': 2178.717615516095, 'user_y': 6827.994959798665, 'user_direction': 0.14784700522771207}, 'user_v': 7.999999999999999, 'user_w': 0, 'delta_t': 0.02, 'need_reset': False}
Tangent angle: 0.052863590075879596, User angle: 4.61503048298874, Offset angle: 0.48847890409565425
Target angle: 5.847569993159811, distance: 376.33891250811155, angle diff: 1.2325395101710717, rotation direction: 1
Basic rotation angle: 1.693121693121693, rotation gain: 4.4835892201032726e-05
Rotation gain: 1.24, direction: 1, curvature radius: 7.5
{'type': 'running', 'physical': {'user_x': 173.93019090505936, 'user_y': 571.1502039786062, 'user_direction': 4.636194504152761}, 'virtual': {'user_x': 2186.6303397204015, 'user_y': 6829.173431549104, 'user_direction': 0.14784700522771183}, 'user_v': 7.999999999999999, 'user_w': 0, 'delta_t': 0.02, 'need_reset': False}
Tangent angle: 0.06760823169102315, User angle: 4.636194504152761, Offset angle: 0.4874045506855306
Target angle: 5.863388988185079, distance: 377.31656861669245, angle diff: 1.2271944840323181, rotation direction: 1
Basic rotation angle: 1.693121693121693, rotation gain: 6.282114801369973e-05
Rotation gain: 1.24, direction: 1, curvature radius: 7.5
{'type': 'running', 'physical': {'user_x': 173.58096751447016, 'user_y': 564.8106090161289, 'user_direction': 4.657358525316782}, 'virtual': {'user_x': 2194.543063924708, 'user_y': 6830.351903299543, 'user_direction': 0.14784700522771152}, 'user_v': 7.999999999999999, 'user_w': 0, 'delta_t': 0.02, 'need_reset': False}
Tangent angle: 0.08233646393018601, User angle: 4.657358525316782, Offset angle: 0.4863851229382487
Target angle: 5.8791366481715235, distance: 378.2479140771448, angle diff: 1.221778122854741, rotation direction: 1
Basic rotation angle: 1.693121693121693, rotation gain: 5.280664571496183e-05
Rotation gain: 1.24, direction: 1, curvature radius: 7.5
{'type': 'running', 'physical': {'user_x': 173.36598363823663, 'user_y': 558.4650433835188, 'user_direction': 4.678522546480804}, 'virtual': {'user_x': 2202.4557881290143, 'user_y': 6831.530375049982, 'user_direction': 0.14784700522771124}, 'user_v': 7.999999999999999, 'user_w': 0, 'delta_t': 0.02, 'need_reset': False}
Tangent angle: 0.0970491651402603, User angle: 4.678522546480804, Offset angle: 0.4854200955053027
Target angle: 5.894814376814544, distance: 379.13287451512605, angle diff: 1.2162918303337404, rotation direction: 1
Basic rotation angle: 1.693121693121693, rotation gain: 6.725811953359592e-05
Rotation gain: 1.24, direction: 1, curvature radius: 7.5
{'type': 'running', 'physical': {'user_x': 173.28533556743764, 'user_y': 552.1163492537407, 'user_direction': 4.699686567644825}, 'virtual': {'user_x': 2210.3685123333207, 'user_y': 6832.70884680042, 'user_direction': 0.14784700522771088}, 'user_v': 7.999999999999999, 'user_w': 0, 'delta_t': 0.02, 'need_reset': False}
Tangent angle: 0.11174720228858881, User angle: 4.699686567644825, Offset angle: 0.4845089731796001
Target angle: 5.910423536288575, distance: 379.9713789887129, angle diff: 1.21073696864375, rotation direction: 1
Basic rotation angle: 1.693121693121693, rotation gain: 6.026821782769434e-05
Rotation gain: 1.24, direction: 1, curvature radius: 7.5
{'type': 'running', 'physical': {'user_x': 173.33905942426935, 'user_y': 545.7673702010103, 'user_direction': 4.720850588808847}, 'virtual': {'user_x': 2218.281236537627, 'user_y': 6833.887318550859, 'user_direction': 0.14784700522771047}, 'user_v': 7.999999999999999, 'user_w': 0, 'delta_t': 0.02, 'need_reset': False}
Tangent angle: 0.12643143163944215, User angle: 4.720850588808847, Offset angle: 0.48365129029401605
Target angle: 5.925965448525012, distance: 380.76336003859586, angle diff: 1.2051148597161658, rotation direction: 1
Basic rotation angle: 1.693121693121693, rotation gain: 7.200603321349967e-05
Rotation gain: 1.24, direction: 1, curvature radius: 7.5
{'type': 'running', 'physical': {'user_x': 173.52713114586606, 'user_y': 539.42094992716, 'user_direction': 4.742014609972868}, 'virtual': {'user_x': 2226.1939607419336, 'user_y': 6835.065790301298, 'user_direction': 0.14784700522771005}, 'user_v': 7.999999999999999, 'user_w': 0, 'delta_t': 0.02, 'need_reset': False}
Tangent angle: 0.14110269941576004, User angle: 4.742014609972868, Offset angle: 0.48284661015899766
Target angle: 5.941441396436349, distance: 381.5087537349608, angle diff: 1.1994267864634809, rotation direction: 1
Basic rotation angle: 1.693121693121693, rotation gain: 6.732376380336536e-05
Rotation gain: 1.24, direction: 1, curvature radius: 7.5
{'type': 'running', 'physical': {'user_x': 173.84946649507802, 'user_y': 533.0799309879476, 'user_direction': 4.763178631136889}, 'virtual': {'user_x': 2234.10668494624, 'user_y': 6836.244262051737, 'user_direction': 0.14784700522770955}, 'user_v': 7.999999999999999, 'user_w': 0, 'delta_t': 0.02, 'need_reset': False}
Tangent angle: 0.155761842447105, User angle: 4.763178631136889, Offset angle: 0.4820945245379741
Target angle: 5.956852625088717, distance: 382.2074997211692, angle diff: 1.193673993951828, rotation direction: 1
Basic rotation angle: 1.693121693121693, rotation gain: 7.697588472394852e-05
Rotation gain: 1.24, direction: 1, curvature radius: 7.5
{'type': 'running', 'physical': {'user_x': 174.3059210982011, 'user_y': 526.747153519878, 'user_direction': 4.784342652300911}, 'virtual': {'user_x': 2242.0194091505464, 'user_y': 6837.422733802176, 'user_direction': 0.14784700522770897}, 'user_v': 7.999999999999999, 'user_w': 0, 'delta_t': 0.02, 'need_reset': False}
Tangent angle: 0.17040968880476415, User angle: 4.784342652300911, Offset angle: 0.48139465315940444
Target angle: 5.972200342824946, distance: 382.85954125434995, angle diff: 1.1878576905240354, rotation direction: 1
Basic rotation angle: 1.693121693121693, rotation gain: 7.405237313961438e-05
Rotation gain: 1.24, direction: 1, curvature radius: 7.5
{'type': 'running', 'physical': {'user_x': 174.89629050964172, 'user_y': 520.4254539681089, 'user_direction': 4.805506673464932}, 'virtual': {'user_x': 2249.932133354853, 'user_y': 6838.601205552614, 'user_direction': 0.14784700522770827}, 'user_v': 7.999999999999999, 'user_w': 0, 'delta_t': 0.02, 'need_reset': False}
Tangent angle: 0.18504705842489333, User angle: 4.805506673464932, Offset angle: 0.48074664326439664
Target angle: 5.987485722340083, distance: 383.4648252429999, angle diff: 1.1819790488751512, rotation direction: 1
Basic rotation angle: 1.693121693121693, rotation gain: 8.209963645893676e-05
Rotation gain: 1.24, direction: 1, curvature radius: 7.5
{'type': 'running', 'physical': {'user_x': 175.6203103034877, 'user_y': 514.1176638160096, 'user_direction': 4.8266706946289535}, 'virtual': {'user_x': 2257.844857559159, 'user_y': 6839.779677303053, 'user_direction': 0.1478470052277075}, 'user_v': 7.999999999999999, 'user_w': 0, 'delta_t': 0.02, 'need_reset': False}
Tangent angle: 0.19967476372059068, User angle: 4.8266706946289535, Offset angle: 0.48015016918890946
Target angle: 6.002709901711268, distance: 384.0233022816819, angle diff: 1.1760392070823142, rotation direction: 1
Basic rotation angle: 1.693121693121693, rotation gain: 8.051470025589295e-05
Rotation gain: 1.24, direction: 1, curvature radius: 7.5
{'type': 'running', 'physical': {'user_x': 176.47765619194456, 'user_y': 507.826608316942, 'user_direction': 4.847834715792975}, 'virtual': {'user_x': 2265.7575817634656, 'user_y': 6840.958149053492, 'user_direction': 0.14784700522770652}, 'user_v': 7.999999999999999, 'user_w': 0, 'delta_t': 0.02, 'need_reset': False}
Tangent angle: 0.2142936101837547, User angle: 4.847834715792975, Offset angle: 0.4796049319796309
Target angle: 6.01787398538371, distance: 384.534926682905, angle diff: 1.1700392695907356, rotation direction: 1
Basic rotation angle: 1.693121693121693, rotation gain: 8.732529394038928e-05
Rotation gain: 1.24, direction: 1, curvature radius: 7.5
{'type': 'running', 'physical': {'user_x': 177.46794417058354, 'user_y': 501.55510522883264, 'user_direction': 4.868998736956996}, 'virtual': {'user_x': 2273.670305967772, 'user_y': 6842.136620803931, 'user_direction': 0.14784700522770539}, 'user_v': 7.999999999999999, 'user_w': 0, 'delta_t': 0.02, 'need_reset': False}
Tangent angle: 0.2289043969775708, User angle: 4.868998736956996, Offset angle: 0.47911065904270517
Target angle: 6.032979045114452, distance: 384.99965650626143, angle diff: 1.1639803081574556, rotation direction: 1
Basic rotation angle: 1.693121693121693, rotation gain: 8.675727589761332e-05
Rotation gain: 1.24, direction: 1, curvature radius: 7.5
{'type': 'running', 'physical': {'user_x': 178.590730690337, 'user_y': 495.30596355210116, 'user_direction': 4.890162758121018}, 'virtual': {'user_x': 2281.5830301720785, 'user_y': 6843.31509255437, 'user_direction': 0.14784700522770397}, 'user_v': 7.999999999999999, 'user_w': 0, 'delta_t': 0.02, 'need_reset': False}
Tangent angle: 0.2435079175204371, User angle: 4.890162758121018, Offset angle: 0.47866710382455613
Target angle: 6.048026120875467, distance: 385.4174535848864, angle diff: 1.1578633627544495, rotation direction: 1
Basic rotation angle: 1.693121693121693, rotation gain: 9.261313659146485e-05
Rotation gain: 1.24, direction: 1, curvature radius: 7.5
{'type': 'running', 'physical': {'user_x': 179.84551285616354, 'user_y': 489.0819822715119, 'user_direction': 4.911326779285039}, 'virtual': {'user_x': 2289.495754376385, 'user_y': 6844.493564304808, 'user_direction': 0.14784700522770217}, 'user_v': 7.999999999999999, 'user_w': 0, 'delta_t': 0.02, 'need_reset': False}
Tangent angle: 0.258104960062151, User angle: 4.911326779285039, Offset angle: 0.4782740455241239
Target angle: 6.063016221717613, distance: 385.78828354930306, angle diff: 1.1516894424325743, rotation direction: 1
Basic rotation angle: 1.693121693121693, rotation gain: 9.281580844856887e-05
Rotation gain: 1.24, direction: 1, curvature radius: 7.5
{'type': 'running', 'physical': {'user_x': 181.2317286522942, 'user_y': 482.88594910251095, 'user_direction': 4.93249080044906}, 'virtual': {'user_x': 2297.4084785806913, 'user_y': 6845.672036055247, 'user_direction': 0.14784700522769978}, 'user_v': 7.999999999999999, 'user_w': 0, 'delta_t': 0.02, 'need_reset': False}
Tangent angle: 0.27269630825312996, User angle: 4.93249080044906, Offset angle: 0.4779312888359051
Target angle: 6.077950326596811, distance: 386.11211584870705, angle diff: 1.145459526147751, rotation direction: 1
Basic rotation angle: 1.693121693121693, rotation gain: 9.793283230827079e-05
Rotation gain: 1.24, direction: 1, curvature radius: 7.5
{'type': 'running', 'physical': {'user_x': 182.74875719395888, 'user_y': 476.7206392426112, 'user_direction': 4.953654821613082}, 'virtual': {'user_x': 2305.3212027849977, 'user_y': 6846.850507805686, 'user_direction': 0.1478470052276965}, 'user_v': 7.999999999999999, 'user_w': 0, 'delta_t': 0.02, 'need_reset': False}
Tangent angle: 0.2872827417074548, User angle: 4.953654821613082, Offset angle: 0.47763866372325137
Target angle: 6.09282938516379, distance: 386.38892376973774, angle diff: 1.139174563550708, rotation direction: 1
Basic rotation angle: 1.693121693121693, rotation gain: 9.871771187626681e-05
Rotation gain: 1.24, direction: 1, curvature radius: 7.5
{'type': 'running', 'physical': {'user_x': 184.39591900547998, 'user_y': 470.5888141283839, 'user_direction': 4.974818842777103}, 'virtual': {'user_x': 2313.233926989304, 'user_y': 6848.028979556125, 'user_direction': 0.14784700522769173}, 'user_v': 7.999999999999999, 'user_w': 0, 'delta_t': 0.02, 'need_reset': False}
Tangent angle: 0.30186503656049357, User angle: 4.974818842777103, Offset angle: 0.4773960252214502
Target angle: 6.107654318518629, distance: 386.61868445277906, angle diff: 1.1328354757415262, rotation direction: 1
Basic rotation angle: 1.693121693121693, rotation gain: 0.000103261228673793
Rotation gain: 1.24, direction: 1, curvature radius: 7.5
{'type': 'running', 'physical': {'user_x': 186.17247632460902, 'user_y': 464.4932201986137, 'user_direction': 4.995982863941125}, 'virtual': {'user_x': 2321.1466511936105, 'user_y': 6849.207451306564, 'user_direction': 0.14784700522768413}, 'user_v': 7.999999999999999, 'user_w': 0, 'delta_t': 0.02, 'need_reset': False}
Tangent angle: 0.3164439660218661, User angle: 4.995982863941125, Offset angle: 0.4772032532701724
Target angle: 6.12242601993128, distance: 386.80137890582506, angle diff: 1.126443155990155, rotation direction: 1
Basic rotation angle: 1.693121693121693, rotation gain: 0.000104484041551839
Rotation gain: 1.24, direction: 1, curvature radius: 7.5
{'type': 'running', 'physical': {'user_x': 188.07763343296955, 'user_y': 458.4365876641713, 'user_direction': 5.017146885105146}, 'virtual': {'user_x': 2329.059375397917, 'user_y': 6850.385923057002, 'user_direction': 0.1478470052276701}, 'user_v': 7.999999999999999, 'user_w': 0, 'delta_t': 0.02, 'need_reset': False}
Tangent angle: 0.3310203009244872, User angle: 5.017146885105146, Offset angle: 0.47706025257493484
Target angle: 6.137145355529139, distance: 386.9369920159442, angle diff: 1.119998470423993, rotation direction: 1
Basic rotation angle: 1.693121693121693, rotation gain: 0.00010858066220950218
Rotation gain: 1.24, direction: 1, curvature radius: 7.5
{'type': 'running', 'physical': {'user_x': 190.11053701245874, 'user_y': 452.4216292851547, 'user_direction': 5.038310906269167}, 'virtual': {'user_x': 2336.9720996022234, 'user_y': 6851.56439480744, 'user_direction': 0.14784700522763544}, 'user_v': 7.999999999999999, 'user_w': 0, 'delta_t': 0.02, 'need_reset': False}
Tangent angle: 0.34559481027043715, User angle: 5.038310906269167, Offset angle: 0.4769669524972905
Target angle: 6.151813164952733, distance: 387.02551255836255, angle diff: 1.1135022586835657, rotation direction: 1
Basic rotation angle: 1.693121693121693, rotation gain: 0.00011013097670716437
Rotation gain: 1.24, direction: 1, curvature radius: 7.5
{'type': 'running', 'physical': {'user_x': 192.27027652744778, 'user_y': 446.45103915584616, 'user_direction': 5.059474927433189}, 'virtual': {'user_x': 2339.8322759184484, 'user_y': 6851.990371614279, 'user_direction': 0.14784700522763544}, 'user_v': 0, 'user_w': 0.1, 'delta_t': 0.02, 'need_reset': False}
Tangent angle: 0.3601682617743789, User angle: 5.059474927433189, Offset angle: 0.4769233069735149
Target angle: 6.16643026198045, distance: 387.06693320319084, angle diff: 1.1069553345472611, rotation direction: 1
Basic rotation angle: 0.0, rotation gain: 8.93565289903908e-05
Rotation gain: 1.24, direction: 1, curvature radius: 2500000
{'type': 'running', 'physical': {'user_x': 194.55588463260992, 'user_y': 440.52749149803, 'user_direction': 5.08063894859721}, 'virtual': {'user_x': 2339.8322759184484, 'user_y': 6851.990371614279, 'user_direction': 0.24784700522763545}, 'user_v': 0, 'user_w': 0.1, 'delta_t': 0.02, 'need_reset': False}
Tangent angle: 0.3747414224052621, User angle: 5.08063894859721, Offset angle: 0.47692929446162086
Target angle: 6.180997435123228, distance: 387.0612505198065, angle diff: 1.1003584865260176, rotation direction: 1
Basic rotation angle: 0.0, rotation gain: 7.100983246751136e-05
Rotation gain: 1.24, direction: 1, curvature radius: 2500000
{'type': 'running', 'physical': {'user_x': 194.55588463260992, 'user_y': 440.52749149803, 'user_direction': 5.161284109887533}, 'virtual': {'user_x': 2339.8322759184484, 'user_y': 6851.990371614279, 'user_direction': 0.34784700522763545}, 'user_v': 0, 'user_w': 0.1, 'delta_t': 0.02, 'need_reset': False}
Tangent angle: 0.3747414224052621, User angle: 5.161284109887533, Offset angle: 0.47692929446162086
Target angle: 6.180997435123228, distance: 387.0612505198065, angle diff: 1.0197133252356947, rotation direction: 1
Basic rotation angle: 0.0, rotation gain: 5.4956473009991846e-05
Rotation gain: 1.24, direction: 1, curvature radius: 2500000
{'type': 'running', 'physical': {'user_x': 194.55588463260992, 'user_y': 440.52749149803, 'user_direction': 5.241929271177856}, 'virtual': {'user_x': 2339.8322759184484, 'user_y': 6851.990371614279, 'user_direction': 0.44784700522763543}, 'user_v': 0, 'user_w': 0.1, 'delta_t': 0.02, 'need_reset': False}
Tangent angle: 0.3747414224052621, User angle: 5.241929271177856, Offset angle: 0.47692929446162086
Target angle: 6.180997435123228, distance: 387.0612505198065, angle diff: 0.9390681639453717, rotation direction: 1
Basic rotation angle: 0.0, rotation gain: 4.090978348466228e-05
Rotation gain: 1.24, direction: 1, curvature radius: 2500000
{'type': 'running', 'physical': {'user_x': 194.55588463260992, 'user_y': 440.52749149803, 'user_direction': 5.322574432468179}, 'virtual': {'user_x': 2339.8322759184484, 'user_y': 6851.990371614279, 'user_direction': 0.5478470052276354}, 'user_v': 0, 'user_w': 0.1, 'delta_t': 0.02, 'need_reset': False}
Tangent angle: 0.3747414224052621, User angle: 5.322574432468179, Offset angle: 0.47692929446162086
Target angle: 6.180997435123228, distance: 387.0612505198065, angle diff: 0.8584230026550488, rotation direction: 1
Basic rotation angle: 0.0, rotation gain: 2.8618930149998906e-05
Rotation gain: 1.24, direction: 1, curvature radius: 2500000
{'type': 'running', 'physical': {'user_x': 194.55588463260992, 'user_y': 440.52749149803, 'user_direction': 5.403219593758502}, 'virtual': {'user_x': 2339.8322759184484, 'user_y': 6851.990371614279, 'user_direction': 0.6478470052276354}, 'user_v': 0, 'user_w': 0.1, 'delta_t': 0.02, 'need_reset': False}
Tangent angle: 0.3747414224052621, User angle: 5.403219593758502, Offset angle: 0.47692929446162086
Target angle: 6.180997435123228, distance: 387.0612505198065, angle diff: 0.7777778413647258, rotation direction: 1
Basic rotation angle: 0.0, rotation gain: 1.786443348216846e-05
Rotation gain: 1.24, direction: 1, curvature radius: 2500000
{'type': 'running', 'physical': {'user_x': 194.55588463260992, 'user_y': 440.52749149803, 'user_direction': 5.483864755048825}, 'virtual': {'user_x': 2339.8322759184484, 'user_y': 6851.990371614279, 'user_direction': 0.7478470052276354}, 'user_v': 0, 'user_w': 0.1, 'delta_t': 0.02, 'need_reset': False}
Tangent angle: 0.3747414224052621, User angle: 5.483864755048825, Offset angle: 0.47692929446162086
Target angle: 6.180997435123228, distance: 387.0612505198065, angle diff: 0.6971326800744029, rotation direction: 1
Basic rotation angle: 0.0, rotation gain: 8.454248897816817e-06
Rotation gain: 1.24, direction: 1, curvature radius: 2500000
{'type': 'running', 'physical': {'user_x': 194.55588463260992, 'user_y': 440.52749149803, 'user_direction': 5.564509916339148}, 'virtual': {'user_x': 2339.8322759184484, 'user_y': 6851.990371614279, 'user_direction': 0.8478470052276353}, 'user_v': 0, 'user_w': 0.1, 'delta_t': 0.02, 'need_reset': False}
Tangent angle: 0.3747414224052621, User angle: 5.564509916339148, Offset angle: 0.47692929446162086
Target angle: 6.180997435123228, distance: 387.0612505198065, angle diff: 0.6164875187840799, rotation direction: 1
Basic rotation angle: 0.0, rotation gain: 2.203373865091296e-07
Rotation gain: 1.24, direction: 1, curvature radius: 2500000
{'type': 'running', 'physical': {'user_x': 194.55588463260992, 'user_y': 440.52749149803, 'user_direction': 5.645155077629471}, 'virtual': {'user_x': 2339.8322759184484, 'user_y': 6851.990371614279, 'user_direction': 0.9478470052276353}, 'user_v': 0, 'user_w': 0.1, 'delta_t': 0.02, 'need_reset': False}
Tangent angle: 0.3747414224052621, User angle: 5.645155077629471, Offset angle: 0.47692929446162086
Target angle: 6.180997435123228, distance: 387.0612505198065, angle diff: 0.535842357493757, rotation direction: 1
Basic rotation angle: 0.0, rotation gain: 6.984335185885096e-06
Rotation gain: 1.24, direction: 1, curvature radius: 2500000
{'type': 'running', 'physical': {'user_x': 194.55588463260992, 'user_y': 440.52749149803, 'user_direction': 5.725800238919794}, 'virtual': {'user_x': 2339.8322759184484, 'user_y': 6851.990371614279, 'user_direction': 1.0478470052276354}, 'user_v': 0, 'user_w': 0.1, 'delta_t': 0.02, 'need_reset': False}
Tangent angle: 0.3747414224052621, User angle: 5.725800238919794, Offset angle: 0.47692929446162086
Target angle: 6.180997435123228, distance: 387.0612505198065, angle diff: 0.455197196203434, rotation direction: 1
Basic rotation angle: 0.0, rotation gain: 1.0658371114311259e-06
Rotation gain: 1.24, direction: 1, curvature radius: 2500000
{'type': 'running', 'physical': {'user_x': 194.55588463260992, 'user_y': 440.52749149803, 'user_direction': 5.806445400210117}, 'virtual': {'user_x': 2339.8322759184484, 'user_y': 6851.990371614279, 'user_direction': 1.1478470052276355}, 'user_v': 0, 'user_w': 0.1, 'delta_t': 0.02, 'need_reset': False}
Tangent angle: 0.3747414224052621, User angle: 5.806445400210117, Offset angle: 0.47692929446162086
Target angle: 6.180997435123228, distance: 387.0612505198065, angle diff: 0.37455203491311106, rotation direction: 1
Basic rotation angle: 0.0, rotation gain: 6.24452292657835e-06
Rotation gain: 1.24, direction: 1, curvature radius: 2500000
{'type': 'running', 'physical': {'user_x': 194.55588463260992, 'user_y': 440.52749149803, 'user_direction': 5.88709056150044}, 'virtual': {'user_x': 2339.8322759184484, 'user_y': 6851.990371614279, 'user_direction': 1.2478470052276356}, 'user_v': 0, 'user_w': 0.1, 'delta_t': 0.02, 'need_reset': False}
Tangent angle: 0.3747414224052621, User angle: 5.88709056150044, Offset angle: 0.47692929446162086
Target angle: 6.180997435123228, distance: 387.0612505198065, angle diff: 0.2939068736227881, rotation direction: 1
Basic rotation angle: 0.0, rotation gain: 1.7131728383245287e-06
Rotation gain: 1.24, direction: 1, curvature radius: 2500000
{'type': 'running', 'physical': {'user_x': 194.55588463260992, 'user_y': 440.52749149803, 'user_direction': 5.967735722790763}, 'virtual': {'user_x': 2339.8322759184484, 'user_y': 6851.990371614279, 'user_direction': 1.3478470052276357}, 'user_v': 0, 'user_w': 0.1, 'delta_t': 0.02, 'need_reset': False}
Tangent angle: 0.3747414224052621, User angle: 5.967735722790763, Offset angle: 0.47692929446162086
Target angle: 6.180997435123228, distance: 387.0612505198065, angle diff: 0.21326171233246516, rotation direction: 1
Basic rotation angle: 0.0, rotation gain: 5.678104165546623e-06
Rotation gain: 1.24, direction: 1, curvature radius: 2500000
{'type': 'running', 'physical': {'user_x': 194.55588463260992, 'user_y': 440.52749149803, 'user_direction': 6.0483808840810855}, 'virtual': {'user_x': 2339.8322759184484, 'user_y': 6851.990371614279, 'user_direction': 1.4478470052276358}, 'user_v': 0, 'user_w': 0.1, 'delta_t': 0.02, 'need_reset': False}
Tangent angle: 0.3747414224052621, User angle: 6.0483808840810855, Offset angle: 0.47692929446162086
Target angle: 6.180997435123228, distance: 387.0612505198065, angle diff: 0.1326165510421422, rotation direction: 1
Basic rotation angle: 0.0, rotation gain: 2.2087892542272904e-06
Rotation gain: 1.24, direction: 1, curvature radius: 2500000
{'type': 'running', 'physical': {'user_x': 194.55588463260992, 'user_y': 440.52749149803, 'user_direction': 6.1290260453714085}, 'virtual': {'user_x': 2339.8322759184484, 'user_y': 6851.990371614279, 'user_direction': 1.5478470052276359}, 'user_v': 0, 'user_w': 0.1, 'delta_t': 0.02, 'need_reset': False}
Tangent angle: 0.3747414224052621, User angle: 6.1290260453714085, Offset angle: 0.47692929446162086
Target angle: 6.180997435123228, distance: 387.0612505198065, angle diff: 0.05197138975181925, rotation direction: 1
Basic rotation angle: 0.0, rotation gain: 5.244439801631706e-06
Rotation gain: 1.24, direction: 1, curvature radius: 2500000
{'type': 'running', 'physical': {'user_x': 194.55588463260992, 'user_y': 440.52749149803, 'user_direction': 6.2096712066617314}, 'virtual': {'user_x': 2339.8322759184484, 'user_y': 6851.990371614279, 'user_direction': 1.647847005227636}, 'user_v': 0, 'user_w': 0.1, 'delta_t': 0.02, 'need_reset': False}
Tangent angle: 0.3747414224052621, User angle: 6.2096712066617314, Offset angle: 0.47692929446162086
Target angle: 6.180997435123228, distance: 387.0612505198065, angle diff: 0.0286737715385037, rotation direction: -1
Basic rotation angle: 0.0, rotation gain: 2.588245572652842e-06
Rotation gain: 1.24, direction: -1, curvature radius: 2500000
{'type': 'running', 'physical': {'user_x': 194.55588463260992, 'user_y': 440.52749149803, 'user_direction': 0.007131060772468167}, 'virtual': {'user_x': 2339.8322759184484, 'user_y': 6851.990371614279, 'user_direction': 1.747847005227636}, 'user_v': 0, 'user_w': 0.1, 'delta_t': 0.02, 'need_reset': False}
Tangent angle: 0.3747414224052621, User angle: 0.007131060772468167, Offset angle: 0.47692929446162086
Target angle: 6.180997435123228, distance: 387.0612505198065, angle diff: 0.10931893282882665, rotation direction: -1
Basic rotation angle: 0.0, rotation gain: 4.912415523009348e-06
Rotation gain: 1.24, direction: -1, curvature radius: 2500000
{'type': 'running', 'physical': {'user_x': 194.55588463260992, 'user_y': 440.52749149803, 'user_direction': 0.08777622206279076}, 'virtual': {'user_x': 2339.8322759184484, 'user_y': 6851.990371614279, 'user_direction': 1.8478470052276361}, 'user_v': 0, 'user_w': 0.1, 'delta_t': 0.02, 'need_reset': False}
Tangent angle: 0.3747414224052621, User angle: 0.08777622206279076, Offset angle: 0.47692929446162086
Target angle: 6.180997435123228, distance: 387.0612505198065, angle diff: 0.1899640941191496, rotation direction: -1
Basic rotation angle: 0.0, rotation gain: 2.8787668164474055e-06
Rotation gain: 1.24, direction: -1, curvature radius: 2500000
{'type': 'running', 'physical': {'user_x': 194.55588463260992, 'user_y': 440.52749149803, 'user_direction': 0.16842138335311335}, 'virtual': {'user_x': 2339.8322759184484, 'user_y': 6851.990371614279, 'user_direction': 1.9478470052276362}, 'user_v': 0, 'user_w': 0.1, 'delta_t': 0.02, 'need_reset': False}
Tangent angle: 0.3747414224052621, User angle: 0.16842138335311335, Offset angle: 0.47692929446162086
Target angle: 6.180997435123228, distance: 387.0612505198065, angle diff: 0.27060925540947167, rotation direction: -1
Basic rotation angle: 0.0, rotation gain: 4.658209434689105e-06
Rotation gain: 1.24, direction: -1, curvature radius: 2500000
{'type': 'running', 'physical': {'user_x': 194.55588463260992, 'user_y': 440.52749149803, 'user_direction': 0.24906654464343594}, 'virtual': {'user_x': 2339.8322759184484, 'user_y': 6851.990371614279, 'user_direction': 2.047847005227636}, 'user_v': 0, 'user_w': 0.1, 'delta_t': 0.02, 'need_reset': False}
Tangent angle: 0.3747414224052621, User angle: 0.24906654464343594, Offset angle: 0.47692929446162086
Target angle: 6.180997435123228, distance: 387.0612505198065, angle diff: 0.3512544166997946, rotation direction: -1
Basic rotation angle: 0.0, rotation gain: 3.1011971437276178e-06
Rotation gain: 1.24, direction: -1, curvature radius: 2500000
{'type': 'running', 'physical': {'user_x': 194.55588463260992, 'user_y': 440.52749149803, 'user_direction': 0.32971170593375854}, 'virtual': {'user_x': 2339.8322759184484, 'user_y': 6851.990371614279, 'user_direction': 2.147847005227636}, 'user_v': 0, 'user_w': 0.1, 'delta_t': 0.02, 'need_reset': False}
Tangent angle: 0.3747414224052621, User angle: 0.32971170593375854, Offset angle: 0.47692929446162086
Target angle: 6.180997435123228, distance: 387.0612505198065, angle diff: 0.4318995779901167, rotation direction: -1
Basic rotation angle: 0.0, rotation gain: 4.46358289831892e-06
Rotation gain: 1.24, direction: -1, curvature radius: 2500000
{'type': 'running', 'physical': {'user_x': 194.55588463260992, 'user_y': 440.52749149803, 'user_direction': 0.41035686722408116}, 'virtual': {'user_x': 2339.8322759184484, 'user_y': 6851.990371614279, 'user_direction': 2.2478470052276363}, 'user_v': 0, 'user_w': 0.1, 'delta_t': 0.02, 'need_reset': False}
Tangent angle: 0.3747414224052621, User angle: 0.41035686722408116, Offset angle: 0.47692929446162086
Target angle: 0.8516707168668829, distance: 387.0612505198065, angle diff: 0.44131384964280174, rotation direction: 1
Basic rotation angle: 0.0, rotation gain: 1.3961991731923668e-05
Rotation gain: 1.24, direction: 1, curvature radius: 2500000
{'type': 'running', 'physical': {'user_x': 194.55588463260992, 'user_y': 440.52749149803, 'user_direction': 0.4910020285144038}, 'virtual': {'user_x': 2339.8322759184484, 'user_y': 6851.990371614279, 'user_direction': 2.3478470052276363}, 'user_v': 0, 'user_w': 0.1, 'delta_t': 0.02, 'need_reset': False}
Tangent angle: 0.3747414224052621, User angle: 0.4910020285144038, Offset angle: 0.47692929446162086
Target angle: 0.8516707168668829, distance: 387.0612505198065, angle diff: 0.3606686883524791, rotation direction: 1
Basic rotation angle: 0.0, rotation gain: 2.2273099461327824e-05
Rotation gain: 1.24, direction: 1, curvature radius: 2500000
{'type': 'running', 'physical': {'user_x': 194.55588463260992, 'user_y': 440.52749149803, 'user_direction': 0.5716471898047264}, 'virtual': {'user_x': 2339.8322759184484, 'user_y': 6851.990371614279, 'user_direction': 2.4478470052276364}, 'user_v': 0, 'user_w': 0.1, 'delta_t': 0.02, 'need_reset': False}
Tangent angle: 0.3747414224052621, User angle: 0.5716471898047264, Offset angle: 0.47692929446162086
Target angle: 0.8516707168668829, distance: 387.0612505198065, angle diff: 0.2800235270621565, rotation direction: 1
Basic rotation angle: 0.0, rotation gain: 2.954531872455646e-05
Rotation gain: 1.24, direction: 1, curvature radius: 2500000
{'type': 'running', 'physical': {'user_x': 194.55588463260992, 'user_y': 440.52749149803, 'user_direction': 0.652292351095049}, 'virtual': {'user_x': 2339.8322759184484, 'user_y': 6851.990371614279, 'user_direction': 2.566584854279289}, 'user_v': 7.999999999999999, 'user_w': 0, 'delta_t': 0.02, 'need_reset': False}
Tangent angle: 0.3747414224052621, User angle: 0.652292351095049, Offset angle: 0.47692929446162086
Target angle: 0.8516707168668829, distance: 387.0612505198065, angle diff: 0.19937836577183388, rotation direction: 1
Basic rotation angle: 1.693121693121693, rotation gain: 0.00032754285476082533
Rotation gain: 1.24, direction: 1, curvature radius: 7.5
{'type': 'running', 'physical': {'user_x': 194.55588463260992, 'user_y': 440.52749149803, 'user_direction': 0.7329375123853716}, 'virtual': {'user_x': 2333.1187714315784, 'user_y': 6856.3411023005865, 'user_direction': 2.566584854279289}, 'user_v': 7.999999999999999, 'user_w': 0, 'delta_t': 0.02, 'need_reset': False}
Tangent angle: 0.3747414224052621, User angle: 0.7329375123853716, Offset angle: 0.47692929446162086
Target angle: 0.8516707168668829, distance: 387.0612505198065, angle diff: 0.11873320448151126, rotation direction: 1
Basic rotation angle: 1.693121693121693, rotation gain: 0.0005882906987925606
Rotation gain: 1.24, direction: 1, curvature radius: 7.5
{'type': 'running', 'physical': {'user_x': 199.18373833440018, 'user_y': 444.8743744478721, 'user_direction': 0.7541015335493928}, 'virtual': {'user_x': 2326.4052669447083, 'user_y': 6860.691832986894, 'user_direction': 2.5665848542792875}, 'user_v': 7.999999999999999, 'user_w': 0, 'delta_t': 0.02, 'need_reset': False}
Tangent angle: 0.36927061016560847, User angle: 0.7541015335493928, Offset angle: 0.48402526922926087
Target angle: 0.8532958793948693, distance: 380.41771162568864, angle diff: 0.09919434584547648, rotation direction: 1
Basic rotation angle: 1.693121693121693, rotation gain: 0.0008169758943572586
Rotation gain: 1.24, direction: 1, curvature radius: 7.5
{'type': 'running', 'physical': {'user_x': 203.71856497545426, 'user_y': 449.3182205973679, 'user_direction': 0.775265554713414}, 'virtual': {'user_x': 2319.691762457838, 'user_y': 6865.042563673202, 'user_direction': 2.566584854279286}, 'user_v': 7.999999999999999, 'user_w': 0, 'delta_t': 0.02, 'need_reset': False}
Tangent angle: 0.36335610723645395, User angle: 0.775265554713414, Offset angle: 0.49126326592219727
Target angle: 0.8546193731586512, distance: 373.8234535031969, angle diff: 0.07935381844523726, rotation direction: 1
Basic rotation angle: 1.693121693121693, rotation gain: 0.0010175075509106062
Rotation gain: 1.24, direction: 1, curvature radius: 7.5
{'type': 'running', 'physical': {'user_x': 208.15833341112327, 'user_y': 453.8570395519462, 'user_direction': 0.7964295758774351}, 'virtual': {'user_x': 2312.978257970968, 'user_y': 6869.393294359509, 'user_direction': 2.5665848542792844}, 'user_v': 7.999999999999999, 'user_w': 0, 'delta_t': 0.02, 'need_reset': False}
Tangent angle: 0.35698477055047917, User angle: 0.7964295758774351, Offset angle: 0.49863968163172206
Target angle: 0.8556244521822012, distance: 367.2841632355932, angle diff: 0.05919487630476605, rotation direction: 1
Basic rotation angle: 1.693121693121693, rotation gain: 0.0011933007888422149
Rotation gain: 1.24, direction: 1, curvature radius: 7.5
{'type': 'running', 'physical': {'user_x': 212.5010550732404, 'user_y': 458.4887983788046, 'user_direction': 0.8175935970414563}, 'virtual': {'user_x': 2306.264753484098, 'user_y': 6873.744025045817, 'user_direction': 2.5665848542792826}, 'user_v': 7.999999999999999, 'user_w': 0, 'delta_t': 0.02, 'need_reset': False}
Tangent angle: 0.3501435599460221, User angle: 0.8175935970414563, Offset angle: 0.5061498470775562
Target angle: 0.8562934070235783, distance: 360.80583767952874, angle diff: 0.03869980998212197, rotation direction: 1
Basic rotation angle: 1.693121693121693, rotation gain: 0.0013473381523454466
Rotation gain: 1.24, direction: 1, curvature radius: 7.5
{'type': 'running', 'physical': {'user_x': 216.74478486079872, 'user_y': 463.21142251745806, 'user_direction': 0.8387576182054775}, 'virtual': {'user_x': 2299.5512489972284, 'user_y': 6878.094755732124, 'user_direction': 2.5665848542792804}, 'user_v': 7.999999999999999, 'user_w': 0, 'delta_t': 0.02, 'need_reset': False}
Tangent angle: 0.3428196280519482, User angle: 0.8387576182054775, Offset angle: 0.5137878997488228
Target angle: 0.856607527800771, distance: 354.3948008381229, angle diff: 0.017849909595293534, rotation direction: 1
Basic rotation angle: 1.693121693121693, rotation gain: 0.0014822233283733437
Rotation gain: 1.24, direction: 1, curvature radius: 7.5
{'type': 'running', 'physical': {'user_x': 220.88762201116018, 'user_y': 468.02279670893256, 'user_direction': 0.8599216393694986}, 'virtual': {'user_x': 2292.837744510359, 'user_y': 6882.445486418432, 'user_direction': 2.5665848542792817}, 'user_v': 7.999999999999999, 'user_w': 0, 'delta_t': 0.02, 'need_reset': False}
Tangent angle: 0.3350004225524694, User angle: 0.8599216393694986, Offset angle: 0.5215466488816698
Target angle: 0.8565470714341392, distance: 348.05772126600607, angle diff: 0.003374567935359396, rotation direction: -1
Basic rotation angle: 1.693121693121693, rotation gain: 0.0016002281340400772
Rotation gain: 1.24, direction: -1, curvature radius: 7.5
{'type': 'running', 'physical': {'user_x': 225.1313517987185, 'user_y': 472.74542084758605, 'user_direction': 0.8387576182054775}, 'virtual': {'user_x': 2286.1242400234887, 'user_y': 6886.796217104739, 'user_direction': 2.566584854279284}, 'user_v': 7.999999999999999, 'user_w': 0, 'delta_t': 0.02, 'need_reset': False}
Tangent angle: 0.327258372082162, User angle: 0.8387576182054775, Offset angle: 0.5296192545990448
Target angle: 0.8568776266812068, distance: 341.6434271569031, angle diff: 0.018120008475729366, rotation direction: 1
Basic rotation angle: 1.693121693121693, rotation gain: 0.0017035901754549653
Rotation gain: 1.24, direction: 1, curvature radius: 7.5
{'type': 'running', 'physical': {'user_x': 229.27418894907996, 'user_y': 477.55679503906055, 'user_direction': 0.8599216393694986}, 'virtual': {'user_x': 2279.410735536619, 'user_y': 6891.146947791047, 'user_direction': 2.56658485427928}, 'user_v': 7.999999999999999, 'user_w': 0, 'delta_t': 0.02, 'need_reset': False}
Tangent angle: 0.3189997599444334, User angle: 0.8599216393694986, Offset angle: 0.5378202257168124
Target angle: 0.8568199856612458, distance: 335.3057789845995, angle diff: 0.0031016537082527718, rotation direction: -1
Basic rotation angle: 1.693121693121693, rotation gain: 0.0017940131583194382
Rotation gain: 1.24, direction: -1, curvature radius: 7.5
{'type': 'running', 'physical': {'user_x': 233.51791873663828, 'user_y': 482.27941917771403, 'user_direction': 0.8387576182054775}, 'virtual': {'user_x': 2272.6972310497495, 'user_y': 6895.497678477354, 'user_direction': 2.5665848542792826}, 'user_v': 7.999999999999999, 'user_w': 0, 'delta_t': 0.02, 'need_reset': False}
Tangent angle: 0.31080726643089607, User angle: 0.8387576182054775, Offset angle: 0.5463613587201686
Target angle: 0.8571686251510646, distance: 328.8879004102487, angle diff: 0.01841100694558717, rotation direction: 1
Basic rotation angle: 1.693121693121693, rotation gain: 0.0018732469949368784
Rotation gain: 1.24, direction: 1, curvature radius: 7.5
{'type': 'running', 'physical': {'user_x': 237.66075588699974, 'user_y': 487.09079336918853, 'user_direction': 0.8599216393694986}, 'virtual': {'user_x': 2265.9837265628794, 'user_y': 6899.848409163662, 'user_direction': 2.566584854279287}, 'user_v': 7.999999999999999, 'user_w': 0, 'delta_t': 0.02, 'need_reset': False}
Tangent angle: 0.3020755419933763, User angle: 0.8599216393694986, Offset angle: 0.5550388907814098
Target angle: 0.857114432774786, distance: 322.5495570705062, angle diff: 0.0028072065947125635, rotation direction: -1
Basic rotation angle: 1.693121693121693, rotation gain: 0.0019425589251263647
Rotation gain: 1.24, direction: -1, curvature radius: 7.5
{'type': 'running', 'physical': {'user_x': 241.90448567455806, 'user_y': 491.813417507842, 'user_direction': 0.8387576182054775}, 'virtual': {'user_x': 2259.2702220760098, 'user_y': 6904.1991398499695, 'user_direction': 2.566584854279279}, 'user_v': 7.999999999999999, 'user_w': 0, 'delta_t': 0.02, 'need_reset': False}
Tangent angle: 0.2933974534287054, User angle: 0.8387576182054775, Offset angle: 0.5640855995774774
Target angle: 0.8574830530061828, distance: 316.12771787892206, angle diff: 0.01872543480070532, rotation direction: 1
Basic rotation angle: 1.693121693121693, rotation gain: 0.0020033270976187265
Rotation gain: 1.24, direction: 1, curvature radius: 7.5
{'type': 'running', 'physical': {'user_x': 246.04732282491952, 'user_y': 496.6247916993165, 'user_direction': 0.8599216393694986}, 'virtual': {'user_x': 2254.627146350597, 'user_y': 6907.208115575972, 'user_direction': 2.566584854279279}, 'user_v': 0, 'user_w': 0.1, 'delta_t': 0.02, 'need_reset': False}
Tangent angle: 0.2841560186520775, User angle: 0.8599216393694986, Offset angle: 0.57327705405741
Target angle: 0.8574330727094875, distance: 309.78852685439534, angle diff: 0.002488566660011071, rotation direction: -1
Basic rotation angle: 0.0, rotation gain: 0.001763030268307303
Rotation gain: 1.24, direction: -1, curvature radius: 2500000
{'type': 'running', 'physical': {'user_x': 250.29105261247784, 'user_y': 501.34741583797, 'user_direction': 0.8387576182054775}, 'virtual': {'user_x': 2254.627146350597, 'user_y': 6907.208115575972, 'user_direction': 2.666584854279279}, 'user_v': 0, 'user_w': 0.1, 'delta_t': 0.02, 'need_reset': False}
Tangent angle: 0.27495414796698414, User angle: 0.8387576182054775, Offset angle: 0.5828697187072794
Target angle: 0.8578238666742636, distance: 303.36229206138177, angle diff: 0.01906624846878613, rotation direction: 1
Basic rotation angle: 0.0, rotation gain: 0.001552774791114774
Rotation gain: 1.24, direction: 1, curvature radius: 2500000
{'type': 'running', 'physical': {'user_x': 250.29105261247784, 'user_y': 501.34741583797, 'user_direction': 0.9194027794958001}, 'virtual': {'user_x': 2254.627146350597, 'user_y': 6907.208115575972, 'user_direction': 2.7665848542792792}, 'user_v': 0, 'user_w': 0.1, 'delta_t': 0.02, 'need_reset': False}
Tangent angle: 0.27495414796698414, User angle: 0.9194027794958001, Offset angle: 0.5828697187072794
Target angle: 0.8578238666742636, distance: 303.36229206138177, angle diff: 0.06157891282153649, rotation direction: -1
Basic rotation angle: 0.0, rotation gain: 0.0013688012485713109
Rotation gain: 1.24, direction: -1, curvature radius: 2500000
{'type': 'running', 'physical': {'user_x': 250.29105261247784, 'user_y': 501.34741583797, 'user_direction': 1.0000479407861227}, 'virtual': {'user_x': 2254.627146350597, 'user_y': 6907.208115575972, 'user_direction': 2.8665848542792793}, 'user_v': 0, 'user_w': 0.1, 'delta_t': 0.02, 'need_reset': False}
Tangent angle: 0.27495414796698414, User angle: 1.0000479407861227, Offset angle: 0.5828697187072794
Target angle: 0.8578238666742636, distance: 303.36229206138177, angle diff: 0.1422240741118591, rotation direction: -1
Basic rotation angle: 0.0, rotation gain: 0.0012078243988457808
Rotation gain: 1.24, direction: -1, curvature radius: 2500000
{'type': 'running', 'physical': {'user_x': 250.29105261247784, 'user_y': 501.34741583797, 'user_direction': 1.0806931020764452}, 'virtual': {'user_x': 2254.627146350597, 'user_y': 6907.208115575972, 'user_direction': 2.9665848542792794}, 'user_v': 0, 'user_w': 0.1, 'delta_t': 0.02, 'need_reset': False}
Tangent angle: 0.27495414796698414, User angle: 1.0806931020764452, Offset angle: 0.5828697187072794
Target angle: 0.8578238666742636, distance: 303.36229206138177, angle diff: 0.22286923540218162, rotation direction: -1
Basic rotation angle: 0.0, rotation gain: 0.0010669696553359418
Rotation gain: 1.24, direction: -1, curvature radius: 2500000
{'type': 'running', 'physical': {'user_x': 250.29105261247784, 'user_y': 501.34741583797, 'user_direction': 1.1613382633667677}, 'virtual': {'user_x': 2254.627146350597, 'user_y': 6907.208115575972, 'user_direction': 3.0665848542792795}, 'user_v': 0, 'user_w': 0.1, 'delta_t': 0.02, 'need_reset': False}
Tangent angle: 0.27495414796698414, User angle: 1.1613382633667677, Offset angle: 0.5828697187072794
Target angle: 0.8578238666742636, distance: 303.36229206138177, angle diff: 0.30351439669250413, rotation direction: -1
Basic rotation angle: 0.0, rotation gain: 0.0009437217547648329
Rotation gain: 1.24, direction: -1, curvature radius: 2500000
{'type': 'running', 'physical': {'user_x': 250.29105261247784, 'user_y': 501.34741583797, 'user_direction': 1.2419834246570902}, 'virtual': {'user_x': 2254.627146350597, 'user_y': 6907.208115575972, 'user_direction': -3.1166004529003066}, 'user_v': 0, 'user_w': 0.1, 'delta_t': 0.02, 'need_reset': False}
Tangent angle: 0.27495414796698414, User angle: 1.2419834246570902, Offset angle: 0.5828697187072794
Target angle: 0.8578238666742636, distance: 303.36229206138177, angle diff: 0.38415955798282664, rotation direction: -1
Basic rotation angle: 0.0, rotation gain: 0.0008358798417651126
Rotation gain: 1.24, direction: -1, curvature radius: 2500000
{'type': 'running', 'physical': {'user_x': 250.29105261247784, 'user_y': 501.34741583797, 'user_direction': 1.3226285859474127}, 'virtual': {'user_x': 2254.627146350597, 'user_y': 6907.208115575972, 'user_direction': -3.0166004529003065}, 'user_v': 0, 'user_w': 0.1, 'delta_t': 0.02, 'need_reset': False}
Tangent angle: 0.27495414796698414, User angle: 1.3226285859474127, Offset angle: 0.5828697187072794
Target angle: 0.8578238666742636, distance: 303.36229206138177, angle diff: 0.46480471927314915, rotation direction: -1
Basic rotation angle: 0.0, rotation gain: 0.0007415181678903573
Rotation gain: 1.24, direction: -1, curvature radius: 2500000
{'type': 'running', 'physical': {'user_x': 250.29105261247784, 'user_y': 501.34741583797, 'user_direction': 1.4032737472377352}, 'virtual': {'user_x': 2254.627146350597, 'user_y': 6907.208115575972, 'user_direction': -2.9166004529003065}, 'user_v': 0, 'user_w': 0.1, 'delta_t': 0.02, 'need_reset': False}
Tangent angle: 0.27495414796698414, User angle: 1.4032737472377352, Offset angle: 0.5828697187072794
Target angle: 0.8578238666742636, distance: 303.36229206138177, angle diff: 0.5454498805634717, rotation direction: -1
Basic rotation angle: 0.0, rotation gain: 0.0006589517032499464
Rotation gain: 1.24, direction: -1, curvature radius: 2500000
{'type': 'running', 'physical': {'user_x': 250.29105261247784, 'user_y': 501.34741583797, 'user_direction': 1.4839189085280577}, 'virtual': {'user_x': 2254.627146350597, 'user_y': 6907.208115575972, 'user_direction': -2.8166004529003064}, 'user_v': 0, 'user_w': 0.1, 'delta_t': 0.02, 'need_reset': False}
Tangent angle: 0.27495414796698414, User angle: 1.4839189085280577, Offset angle: 0.5828697187072794
Target angle: 0.8578238666742636, distance: 303.36229206138177, angle diff: 0.6260950418537942, rotation direction: -1
Basic rotation angle: 0.0, rotation gain: 0.0005867060466895869
Rotation gain: 1.24, direction: -1, curvature radius: 2500000
{'type': 'running', 'physical': {'user_x': 250.29105261247784, 'user_y': 501.34741583797, 'user_direction': 1.5645640698183803}, 'virtual': {'user_x': 2254.627146350597, 'user_y': 6907.208115575972, 'user_direction': -2.7166004529003063}, 'user_v': 0, 'user_w': 0.1, 'delta_t': 0.02, 'need_reset': False}
Tangent angle: 0.27495414796698414, User angle: 1.5645640698183803, Offset angle: 0.5828697187072794
Target angle: 0.8578238666742636, distance: 303.36229206138177, angle diff: 0.7067402031441167, rotation direction: -1
Basic rotation angle: 0.0, rotation gain: 0.0005234910971992722
Rotation gain: 1.24, direction: -1, curvature radius: 2500000
{'type': 'running', 'physical': {'user_x': 250.29105261247784, 'user_y': 501.34741583797, 'user_direction': 1.6452092311087028}, 'virtual': {'user_x': 2254.627146350597, 'user_y': 6907.208115575972, 'user_direction': -2.616600452900306}, 'user_v': 0, 'user_w': 0.1, 'delta_t': 0.02, 'need_reset': False}
Tangent angle: 0.27495414796698414, User angle: 1.6452092311087028, Offset angle: 0.5828697187072794
Target angle: 0.8578238666742636, distance: 303.36229206138177, angle diff: 0.7873853644344392, rotation direction: -1
Basic rotation angle: 0.0, rotation gain: 0.00046817801639524695
Rotation gain: 1.24, direction: -1, curvature radius: 2500000
{'type': 'running', 'physical': {'user_x': 250.29105261247784, 'user_y': 501.34741583797, 'user_direction': 1.7258543923990253}, 'virtual': {'user_x': 2254.627146350597, 'user_y': 6907.208115575972, 'user_direction': -2.516600452900306}, 'user_v': 0, 'user_w': 0.1, 'delta_t': 0.02, 'need_reset': False}
Tangent angle: 0.27495414796698414, User angle: 1.7258543923990253, Offset angle: 0.5828697187072794
Target angle: 0.8578238666742636, distance: 303.36229206138177, angle diff: 0.8680305257247617, rotation direction: -1
Basic rotation angle: 0.0, rotation gain: 0.00041977907069172483
Rotation gain: 1.24, direction: -1, curvature radius: 2500000
{'type': 'running', 'physical': {'user_x': 250.29105261247784, 'user_y': 501.34741583797, 'user_direction': 1.8064995536893478}, 'virtual': {'user_x': 2254.627146350597, 'user_y': 6907.208115575972, 'user_direction': -2.416600452900306}, 'user_v': 0, 'user_w': 0.1, 'delta_t': 0.02, 'need_reset': False}
Tangent angle: 0.27495414796698414, User angle: 1.8064995536893478, Offset angle: 0.5828697187072794
Target angle: 0.8578238666742636, distance: 303.36229206138177, angle diff: 0.9486756870150842, rotation direction: -1
Basic rotation angle: 0.0, rotation gain: 0.00037742999320114295
Rotation gain: 1.24, direction: -1, curvature radius: 2500000
{'type': 'running', 'physical': {'user_x': 250.29105261247784, 'user_y': 501.34741583797, 'user_direction': 1.8871447149796703}, 'virtual': {'user_x': 2254.627146350597, 'user_y': 6907.208115575972, 'user_direction': -2.316600452900306}, 'user_v': 0, 'user_w': 0.1, 'delta_t': 0.02, 'need_reset': False}
Tangent angle: 0.27495414796698414, User angle: 1.8871447149796703, Offset angle: 0.5828697187072794
Target angle: 0.8578238666742636, distance: 303.36229206138177, angle diff: 1.0293208483054066, rotation direction: -1
Basic rotation angle: 0.0, rotation gain: 0.0003403745503968838
Rotation gain: 1.24, direction: -1, curvature radius: 2500000
{'type': 'running', 'physical': {'user_x': 250.29105261247784, 'user_y': 501.34741583797, 'user_direction': 1.9677898762699928}, 'virtual': {'user_x': 2254.627146350597, 'user_y': 6907.208115575972, 'user_direction': -2.216600452900306}, 'user_v': 0, 'user_w': 0.1, 'delta_t': 0.02, 'need_reset': False}
Tangent angle: 0.27495414796698414, User angle: 1.9677898762699928, Offset angle: 0.5828697187072794
Target angle: 0.8578238666742636, distance: 303.36229206138177, angle diff: 1.109966009595729, rotation direction: -1
Basic rotation angle: 0.0, rotation gain: 0.000307951037943157
Rotation gain: 1.24, direction: -1, curvature radius: 2500000
{'type': 'running', 'physical': {'user_x': 250.29105261247784, 'user_y': 501.34741583797, 'user_direction': 2.0484350375603153}, 'virtual': {'user_x': 2254.627146350597, 'user_y': 6907.208115575972, 'user_direction': -2.1166004529003057}, 'user_v': 0, 'user_w': 0.1, 'delta_t': 0.02, 'need_reset': False}
Tangent angle: 0.27495414796698414, User angle: 2.0484350375603153, Offset angle: 0.5828697187072794
Target angle: 0.8578238666742636, distance: 303.36229206138177, angle diff: 1.1906111708860516, rotation direction: -1
Basic rotation angle: 0.0, rotation gain: 0.0002795804645461461
Rotation gain: 1.24, direction: -1, curvature radius: 2500000
{'type': 'running', 'physical': {'user_x': 250.29105261247784, 'user_y': 501.34741583797, 'user_direction': 2.129080198850638}, 'virtual': {'user_x': 2254.627146350597, 'user_y': 6907.208115575972, 'user_direction': -2.0166004529003057}, 'user_v': 0, 'user_w': 0.1, 'delta_t': 0.02, 'need_reset': False}
Tangent angle: 0.27495414796698414, User angle: 2.129080198850638, Offset angle: 0.5828697187072794
Target angle: 0.8578238666742636, distance: 303.36229206138177, angle diff: 1.2712563321763741, rotation direction: -1
Basic rotation angle: 0.0, rotation gain: 0.00025475621282376157
Rotation gain: 1.24, direction: -1, curvature radius: 2500000
{'type': 'running', 'physical': {'user_x': 250.29105261247784, 'user_y': 501.34741583797, 'user_direction': 2.2097253601409603}, 'virtual': {'user_x': 2254.627146350597, 'user_y': 6907.208115575972, 'user_direction': -1.9166004529003056}, 'user_v': 0, 'user_w': 0.1, 'delta_t': 0.02, 'need_reset': False}
Tangent angle: 0.27495414796698414, User angle: 2.2097253601409603, Offset angle: 0.5828697187072794
Target angle: 0.8578238666742636, distance: 303.36229206138177, angle diff: 1.3519014934666966, rotation direction: -1
Basic rotation angle: 0.0, rotation gain: 0.00023303499256667514
Rotation gain: 1.24, direction: -1, curvature radius: 2500000
{'type': 'running', 'physical': {'user_x': 250.29105261247784, 'user_y': 501.34741583797, 'user_direction': 2.290370521431283}, 'virtual': {'user_x': 2254.627146350597, 'user_y': 6907.208115575972, 'user_direction': -1.7793071878193651}, 'user_v': 7.999999999999999, 'user_w': 0, 'delta_t': 0.02, 'need_reset': False}
Tangent angle: 0.27495414796698414, User angle: 2.290370521431283, Offset angle: 0.5828697187072794
Target angle: 0.8578238666742636, distance: 303.36229206138177, angle diff: 1.4325466547570191, rotation direction: -1
Basic rotation angle: 1.693121693121693, rotation gain: 0.0005076048088723533
Rotation gain: 1.24, direction: -1, curvature radius: 7.5
{'type': 'running', 'physical': {'user_x': 250.29105261247784, 'user_y': 501.34741583797, 'user_direction': 2.3710156827216053}, 'virtual': {'user_x': 2252.971120388225, 'user_y': 6899.381393528272, 'user_direction': -1.7793071878193651}, 'user_v': 7.999999999999999, 'user_w': 0, 'delta_t': 0.02, 'need_reset': False}
Tangent angle: 0.27495414796698414, User angle: 2.3710156827216053, Offset angle: 0.5828697187072794
Target angle: 0.8578238666742636, distance: 303.36229206138177, angle diff: 1.5131918160473417, rotation direction: -1
Basic rotation angle: 1.693121693121693, rotation gain: 0.0007478533981398216
Rotation gain: 1.24, direction: -1, curvature radius: 7.5
{'type': 'running', 'physical': {'user_x': 245.83005242077235, 'user_y': 505.8653687543256, 'user_direction': 2.349851661557584}, 'virtual': {'user_x': 2251.3150944258527, 'user_y': 6891.554671480572, 'user_direction': -1.7793071878193645}, 'user_v': 7.999999999999999, 'user_w': 0, 'delta_t': 0.02, 'need_reset': False}
Tangent angle: 0.25978322340200144, User angle: 2.349851661557584, Offset angle: 0.5772868898530102
Target angle: 0.8370701132550117, distance: 307.0792740776101, angle diff: 1.5127815483025722, rotation direction: -1
Basic rotation angle: 1.693121693121693, rotation gain: 0.000951282128242341
Rotation gain: 1.24, direction: -1, curvature radius: 7.5
{'type': 'running', 'physical': {'user_x': 241.46566218115268, 'user_y': 510.4767155316906, 'user_direction': 2.3286876403935626}, 'virtual': {'user_x': 2249.6590684634807, 'user_y': 6883.727949432872, 'user_direction': -1.7793071878193636}, 'user_v': 7.999999999999999, 'user_w': 0, 'delta_t': 0.02, 'need_reset': False}
Tangent angle: 0.24468909737781974, User angle: 2.3286876403935626, Offset angle: 0.5718759604017497
Target angle: 0.8165650577795694, distance: 310.74312519699157, angle diff: 1.5121225826139932, rotation direction: -1
Basic rotation angle: 1.693121693121693, rotation gain: 0.0011225350911603267
Rotation gain: 1.24, direction: -1, curvature radius: 7.5
{'type': 'running', 'physical': {'user_x': 237.1998366999615, 'user_y': 515.179390752118, 'user_direction': 2.307523619229541}, 'virtual': {'user_x': 2248.0030425011087, 'user_y': 6875.901227385172, 'user_direction': -1.7793071878193627}, 'user_v': 7.999999999999999, 'user_w': 0, 'delta_t': 0.02, 'need_reset': False}
Tangent angle: 0.22966905156082174, User angle: 2.307523619229541, Offset angle: 0.5666306905218339
Target angle: 0.7962997420826556, distance: 314.3540905471352, angle diff: 1.5112238771468856, rotation direction: -1
Basic rotation angle: 1.693121693121693, rotation gain: 0.0012656752133778815
Rotation gain: 1.24, direction: -1, curvature radius: 7.5
{'type': 'running', 'physical': {'user_x': 233.0344866364776, 'user_y': 519.9712880917359, 'user_direction': 2.28635959806552}, 'virtual': {'user_x': 2246.347016538737, 'user_y': 6868.074505337472, 'user_direction': -1.7793071878193618}, 'user_v': 7.999999999999999, 'user_w': 0, 'delta_t': 0.02, 'need_reset': False}
Tangent angle: 0.21472047712221976, User angle: 2.28635959806552, Offset angle: 0.5615451742335773
Target angle: 0.7762656513557971, distance: 317.9123821556019, angle diff: 1.5100939467097227, rotation direction: -1
Basic rotation angle: 1.693121693121693, rotation gain: 0.0013842569091562825
Rotation gain: 1.24, direction: -1, curvature radius: 7.5
{'type': 'running', 'physical': {'user_x': 228.97147764713324, 'user_y': 524.8502612641677, 'user_direction': 2.2651955769014984}, 'virtual': {'user_x': 2244.690990576365, 'user_y': 6860.247783289772, 'user_direction': -1.7793071878193634}, 'user_v': 7.999999999999999, 'user_w': 0, 'delta_t': 0.02, 'need_reset': False}
Tangent angle: 0.1998408691922302, User angle: 2.2651955769014984, Offset angle: 0.5566138171381477
Target angle: 0.7564546863303779, distance: 321.41818186190955, angle diff: 1.5087408905711204, rotation direction: -1
Basic rotation angle: 1.693121693121693, rotation gain: 0.0014813896534732304
Rotation gain: 1.24, direction: -1, curvature radius: 7.5
{'type': 'running', 'physical': {'user_x': 225.0126295498885, 'user_y': 529.814124981852, 'user_direction': 2.244031555737477}, 'virtual': {'user_x': 2243.034964613993, 'user_y': 6852.421061242072, 'user_direction': -1.7793071878193625}, 'user_v': 7.999999999999999, 'user_w': 0, 'delta_t': 0.02, 'need_reset': False}
Tangent angle: 0.18502782162698495, User angle: 2.244031555737477, Offset angle: 0.5518313160128259
Target angle: 0.7368591376398108, distance: 324.87164395981415, angle diff: 1.5071724180976662, rotation direction: -1
Basic rotation angle: 1.693121693121693, rotation gain: 0.001559793609465951
Rotation gain: 1.24, direction: -1, curvature radius: 7.5
{'type': 'running', 'physical': {'user_x': 221.1597155091364, 'user_y': 534.8606559348312, 'user_direction': 2.2228675345734557}, 'virtual': {'user_x': 2241.3789386516214, 'user_y': 6844.594339194372, 'user_direction': -1.7793071878193614}, 'user_v': 7.999999999999999, 'user_w': 0, 'delta_t': 0.02, 'need_reset': False}
Tangent angle: 0.1702790220686734, User angle: 2.2228675345734557, Offset angle: 0.54719264008453
Target angle: 0.7174716621532033, distance: 328.2728975994804, angle diff: 1.5053958724202523, rotation direction: -1
Basic rotation angle: 1.693121693121693, rotation gain: 0.0016218483033856488
Rotation gain: 1.24, direction: -1, curvature radius: 7.5
{'type': 'running', 'physical': {'user_x': 217.41446124150428, 'user_y': 539.9875937865694, 'user_direction': 2.2017035134094343}, 'virtual': {'user_x': 2239.7229126892494, 'user_y': 6836.767617146672, 'user_direction': -1.7793071878193631}, 'user_v': 7.999999999999999, 'user_w': 0, 'delta_t': 0.02, 'need_reset': False}
Tangent angle: 0.15559224728066212, User angle: 2.2017035134094343, Offset angle: 0.5426930138158133
Target angle: 0.6982852610964754, distance: 331.6220489754175, angle diff: 1.503418252312959, rotation direction: -1
Basic rotation angle: 1.693121693121693, rotation gain: 0.0016696352159662484
Rotation gain: 1.24, direction: -1, curvature radius: 7.5
{'type': 'running', 'physical': {'user_x': 213.77854424290692, 'user_y': 545.1926421863552, 'user_direction': 2.180539492245413}, 'virtual': {'user_x': 2238.066886726878, 'user_y': 6828.940895098972, 'user_direction': -1.7793071878193618}, 'user_v': 7.999999999999999, 'user_w': 0, 'delta_t': 0.02, 'need_reset': False}
Tangent angle: 0.14096535874054528, User angle: 2.180539492245413, Offset angle: 0.5383279010568405
Target angle: 0.6792932597973858, distance: 334.91918332284445, angle diff: 1.5012462324480271, rotation direction: -1
Basic rotation angle: 1.693121693121693, rotation gain: 0.0017049750505164292
Rotation gain: 1.24, direction: -1, curvature radius: 7.5
{'type': 'running', 'physical': {'user_x': 210.2535930371976, 'user_y': 550.4734697978353, 'user_direction': 2.1593754710813915}, 'virtual': {'user_x': 2236.4108607645057, 'user_y': 6821.114173051272, 'user_direction': -1.779307187819364}, 'user_v': 7.999999999999999, 'user_w': 0, 'delta_t': 0.02, 'need_reset': False}
Tangent angle: 0.12639629847518385, User angle: 2.1593754710813915, Offset angle: 0.5340929904335565
Target angle: 0.6604892889087404, distance: 338.16436674238815, angle diff: 1.4988861821726511, rotation direction: -1
Basic rotation angle: 1.693121693121693, rotation gain: 0.001729460343022082
Rotation gain: 1.24, direction: -1, curvature radius: 7.5
{'type': 'running', 'physical': {'user_x': 206.84118644675382, 'user_y': 555.8277113432176, 'user_direction': 2.13821144991737}, 'virtual': {'user_x': 2234.7548348021337, 'user_y': 6813.287451003572, 'user_direction': -1.7793071878193627}, 'user_v': 7.999999999999999, 'user_w': 0, 'delta_t': 0.02, 'need_reset': False}
Tangent angle: 0.11188308512283429, User angle: 2.13821144991737, Offset angle: 0.5299841818567868
Target angle: 0.641867266979621, distance: 341.3576478706378, angle diff: 1.496344182937749, rotation direction: -1
Basic rotation angle: 1.693121693121693, rotation gain: 0.0017444839964002804
Rotation gain: 1.24, direction: -1, curvature radius: 7.5
{'type': 'running', 'physical': {'user_x': 203.5428528853243, 'user_y': 561.2529686626772, 'user_direction': 2.1170474287533487}, 'virtual': {'user_x': 2233.098808839762, 'user_y': 6805.460728955872, 'user_direction': -1.7793071878193614}, 'user_v': 7.999999999999999, 'user_w': 0, 'delta_t': 0.02, 'need_reset': False}
Tangent angle: 0.09742381020843283, User angle: 2.1170474287533487, Offset angle: 0.5259975740496634
Target angle: 0.6234213842580962, distance: 344.499059412015, angle diff: 1.4936260444952525, rotation direction: -1
Basic rotation angle: 1.693121693121693, rotation gain: 0.0017512642482913712
Rotation gain: 1.24, direction: -1, curvature radius: 7.5
{'type': 'running', 'physical': {'user_x': 200.36006967345372, 'user_y': 566.7468117884897, 'user_direction': 2.0958834075893273}, 'virtual': {'user_x': 2231.44278287739, 'user_y': 6797.634006908172, 'user_direction': -1.7793071878193636}, 'user_v': 7.999999999999999, 'user_w': 0, 'delta_t': 0.02, 'need_reset': False}
Tangent angle: 0.0830166346190171, User angle: 2.0958834075893273, Offset angle: 0.5221294530018337
Target angle: 0.6051460876208508, distance: 347.5886195456303, angle diff: 1.4907373199684766, rotation direction: -1
Basic rotation angle: 1.693121693121693, rotation gain: 0.0017508665181141267
Rotation gain: 1.24, direction: -1, curvature radius: 7.5
{'type': 'running', 'physical': {'user_x': 197.2942623767924, 'user_y': 572.3067800334117, 'user_direction': 2.074719386425306}, 'virtual': {'user_x': 2229.786756915018, 'user_y': 6789.807284860472, 'user_direction': -1.779307187819362}, 'user_v': 7.999999999999999, 'user_w': 0, 'delta_t': 0.02, 'need_reset': False}
Tangent angle: 0.0686597852670987, User angle: 2.074719386425306, Offset angle: 0.5183762812685948
Target angle: 0.5870360665356935, distance: 350.62633321924005, angle diff: 1.4876833198896124, rotation direction: -1
Basic rotation angle: 1.693121693121693, rotation gain: 0.0017442225234036183
Rotation gain: 1.24, direction: -1, curvature radius: 7.5
{'type': 'running', 'physical': {'user_x': 194.34680416758658, 'user_y': 577.9303830928201, 'user_direction': 2.0535553652612846}, 'virtual': {'user_x': 2228.1307309526464, 'user_y': 6781.9805628127715, 'user_direction': -1.7793071878193603}, 'user_v': 7.999999999999999, 'user_w': 0, 'delta_t': 0.02, 'need_reset': False}
Tangent angle: 0.05435155193060037, User angle: 2.0535553652612846, Offset angle: 0.5147346880416138
Target angle: 0.5690862399722142, distance: 353.61219334106687, angle diff: 1.4844691252890705, rotation direction: -1
Basic rotation angle: 1.693121693121693, rotation gain: 0.0017321470067081764
Rotation gain: 1.24, direction: -1, curvature radius: 7.5
{'type': 'running', 'physical': {'user_x': 191.51901520963597, 'user_y': 583.6151021601175, 'user_direction': 2.032391344097263}, 'virtual': {'user_x': 2226.4747049902744, 'user_y': 6774.153840765071, 'user_direction': -1.7793071878193631}, 'user_v': 7.999999999999999, 'user_w': 0, 'delta_t': 0.02, 'need_reset': False}
Tangent angle: 0.04009028425869943, User angle: 2.032391344097263, Offset angle: 0.5112014599253877
Target angle: 0.5512917441840871, distance: 356.5461818790505, angle diff: 1.481099599913176, rotation direction: -1
Basic rotation angle: 1.693121693121693, rotation gain: 0.0017153523716703842
Rotation gain: 1.24, direction: -1, curvature radius: 7.5
{'type': 'running', 'physical': {'user_x': 188.81216206699358, 'user_y': 589.3583910549033, 'user_direction': 2.011227322933242}, 'virtual': {'user_x': 2224.818679027903, 'user_y': 6766.327118717371, 'user_direction': -1.7793071878193611}, 'user_v': 7.999999999999999, 'user_w': 0, 'delta_t': 0.02, 'need_reset': False}
Tangent angle: 0.025874388933605275, User angle: 2.011227322933242, Offset angle: 0.5077735323602146
Target angle: 0.5336479212938199, distance: 359.4282708760689, angle diff: 1.477579401639422, rotation direction: -1
Basic rotation angle: 1.693121693121693, rotation gain: 0.0016944614895961357
Rotation gain: 1.24, direction: -1, curvature radius: 7.5
{'type': 'running', 'physical': {'user_x': 186.22745713667285, 'user_y': 595.1576773634052, 'user_direction': 1.9900633017692206}, 'virtual': {'user_x': 2223.162653065531, 'user_y': 6758.500396669671, 'user_direction': -1.779307187819365}, 'user_v': 7.999999999999999, 'user_w': 0, 'delta_t': 0.02, 'need_reset': False}
Tangent angle: 0.011702326978944022, User angle: 1.9900633017692206, Offset angle: 0.5044479816383018
Target angle: 0.5161503086172459, distance: 362.25842338874713, angle diff: 1.4739129931519748, rotation direction: -1
Basic rotation angle: 1.693121693121693, rotation gain: 0.0016700189051591786
Rotation gain: 1.24, direction: -1, curvature radius: 7.5
{'type': 'running', 'physical': {'user_x': 183.76605810561614, 'user_y': 601.0103635906615, 'user_direction': 1.9688992806051995}, 'virtual': {'user_x': 2221.5066271031587, 'user_y': 6750.673674621971, 'user_direction': -1.7793071878193625}, 'user_v': 7.999999999999999, 'user_w': 0, 'delta_t': 0.02, 'need_reset': False}
Tangent angle: 6.280757918385594, User angle: 1.9688992806051995, Offset angle: 0.501222017464826
Target angle: 0.4987946286708338, distance: 365.0365943566791, angle diff: 1.4701046519343657, rotation direction: -1
Basic rotation angle: 1.693121693121693, rotation gain: 0.001642500641313293
Rotation gain: 1.24, direction: -1, curvature radius: 7.5
{'type': 'running', 'physical': {'user_x': 181.4290674321678, 'user_y': 606.9138283239362, 'user_direction': 1.9477352594411783}, 'virtual': {'user_x': 2219.850601140787, 'user_y': 6742.846952574271, 'user_direction': -1.7793071878193591}, 'user_v': 7.999999999999999, 'user_w': 0, 'delta_t': 0.02, 'need_reset': False}
Tangent angle: 6.266669110969278, User angle: 1.9477352594411783, Offset angle: 0.49809297602037456
Target angle: 0.48157677981006586, distance: 367.76273140816977, angle diff: 1.4661584796311125, rotation direction: -1
Basic rotation angle: 1.693121693121693, rotation gain: 0.00161232277848026
Rotation gain: 1.24, direction: -1, curvature radius: 7.5
{'type': 'running', 'physical': {'user_x': 179.2175318522842, 'user_y': 612.8654274068475, 'user_direction': 1.9265712382771571}, 'virtual': {'user_x': 2218.194575178415, 'user_y': 6735.020230526571, 'user_direction': -1.779307187819365}, 'user_v': 7.999999999999999, 'user_w': 0, 'delta_t': 0.02, 'need_reset': False}
Tangent angle: 6.252619821146041, User angle: 1.9265712382771571, Offset angle: 0.49505831348530155
Target angle: 0.4644928274517568, distance: 370.43677560799006, angle diff: 1.4620784108254004, rotation direction: -1
Basic rotation angle: 1.693121693121693, rotation gain: 0.0015798489612027073
Rotation gain: 1.24, direction: -1, curvature radius: 7.5
{'type': 'running', 'physical': {'user_x': 177.1324419107015, 'user_y': 618.8624951236832, 'user_direction': 1.905407217113136}, 'virtual': {'user_x': 2216.5385492160435, 'user_y': 6727.193508478871, 'user_direction': -1.7793071878193607}, 'user_v': 7.999999999999999, 'user_w': 0, 'delta_t': 0.02, 'need_reset': False}
Tangent angle: 6.2386087030267126, User angle: 1.905407217113136, Offset angle: 0.49211559999019655
Target angle: 0.4475389958373226, distance: 373.0586621520767, angle diff: 1.4578682212758134, rotation direction: -1
Basic rotation angle: 1.693121693121693, rotation gain: 0.001545396966306215
Rotation gain: 1.24, direction: -1, curvature radius: 7.5
{'type': 'running', 'physical': {'user_x': 175.17473151727174, 'user_y': 624.9023453933719, 'user_direction': 1.8842431959491148}, 'virtual': {'user_x': 2214.8825232536715, 'user_y': 6719.366786431171, 'user_direction': -1.77930718781937}, 'user_v': 7.999999999999999, 'user_w': 0, 'delta_t': 0.02, 'need_reset': False}
Tangent angle: 6.224634453517407, User angle: 1.8842431959491148, Offset angle: 0.48926251395993925
Target angle: 0.4307116602977601, distance: 375.6283210136223, angle diff: 1.4535315356513547, rotation direction: -1
Basic rotation angle: 1.693121693121693, rotation gain: 0.0015092444498630221
Rotation gain: 1.24, direction: -1, curvature radius: 7.5
{'type': 'running', 'physical': {'user_x': 173.34527752866543, 'user_y': 630.9822729725767, 'user_direction': 1.8630791747850937}, 'virtual': {'user_x': 2213.2264972912994, 'user_y': 6711.540064383471, 'user_direction': -1.7793071878193647}, 'user_v': 7.999999999999999, 'user_w': 0, 'delta_t': 0.02, 'need_reset': False}
Tangent angle: 6.210695810342244, User angle: 1.8630791747850937, Offset angle: 0.48649683682174294
Target angle: 0.4140073399844013, distance: 378.14567754456584, angle diff: 1.4490718348006923, rotation direction: -1
Basic rotation angle: 1.693121693121693, rotation gain: 0.0014716339755911966
Rotation gain: 1.24, direction: -1, curvature radius: 7.5
{'type': 'running', 'physical': {'user_x': 171.64489935562824, 'user_y': 637.0995546673706, 'user_direction': 1.8419151536210725}, 'virtual': {'user_x': 2211.570471328928, 'user_y': 6703.713342335771, 'user_direction': -1.779307187819352}, 'user_v': 7.999999999999999, 'user_w': 0, 'delta_t': 0.02, 'need_reset': False}
Tangent angle: 6.196791550161953, User angle: 1.8419151536210725, Offset angle: 0.48381644805022594
Target angle: 0.39742269103259265, distance: 380.6106530361008, angle diff: 1.4444924625884799, rotation direction: -1
Basic rotation angle: 1.693121693121693, rotation gain: 0.0014327774144966554
Rotation gain: 1.24, direction: -1, curvature radius: 7.5
{'type': 'running', 'physical': {'user_x': 170.07435859596765, 'user_y': 643.2514505529531, 'user_direction': 1.8207511324570513}, 'virtual': {'user_x': 2210.7499436873445, 'user_y': 6699.8353585788445, 'user_direction': -1.779307187819352}, 'user_v': 0, 'user_w': 0.1, 'delta_t': 0.02, 'need_reset': False}
Tangent angle: 6.1829204867828, User angle: 1.8207511324570513, Offset angle: 0.48121932052490723
Target angle: 0.38095450012812115, distance: 383.0231652414815, angle diff: 1.4397966323289302, rotation direction: -1
Basic rotation angle: 0.0, rotation gain: 0.0012583195562398176
Rotation gain: 1.24, direction: -1, curvature radius: 2500000
{'type': 'running', 'physical': {'user_x': 168.63435869343408, 'user_y': 649.4352052008596, 'user_direction': 1.7995871112930302}, 'virtual': {'user_x': 2210.7499436873445, 'user_y': 6699.8353585788445, 'user_direction': -1.679307187819352}, 'user_v': 0, 'user_w': 0.1, 'delta_t': 0.02, 'need_reset': False}
Tangent angle: 6.169081469450637, User angle: 1.7995871112930302, Offset angle: 0.47870351617765744
Target angle: 0.364599678448708, distance: 385.3831288640902, angle diff: 1.4349874328443222, rotation direction: -1
Basic rotation angle: 0.0, rotation gain: 0.00110547262329835
Rotation gain: 1.24, direction: -1, curvature radius: 2500000
{'type': 'running', 'physical': {'user_x': 168.63435869343408, 'user_y': 649.4352052008596, 'user_direction': 1.8802322725833527}, 'virtual': {'user_x': 2210.7499436873445, 'user_y': 6699.8353585788445, 'user_direction': -1.5793071878193519}, 'user_v': 0, 'user_w': 0.1, 'delta_t': 0.02, 'need_reset': False}
Tangent angle: 6.169081469450637, User angle: 1.8802322725833527, Offset angle: 0.47870351617765744
Target angle: 0.364599678448708, distance: 385.3831288640902, angle diff: 1.5156325941346447, rotation direction: -1
Basic rotation angle: 0.0, rotation gain: 0.0009717315569745656
Rotation gain: 1.24, direction: -1, curvature radius: 2500000
{'type': 'running', 'physical': {'user_x': 168.63435869343408, 'user_y': 649.4352052008596, 'user_direction': 1.9608774338736752}, 'virtual': {'user_x': 2210.7499436873445, 'user_y': 6699.8353585788445, 'user_direction': -1.4793071878193518}, 'user_v': 0, 'user_w': 0.1, 'delta_t': 0.02, 'need_reset': False}
Tangent angle: 6.169081469450637, User angle: 1.9608774338736752, Offset angle: 0.47870351617765744
Target angle: 0.364599678448708, distance: 385.3831288640902, angle diff: 1.5962777554249672, rotation direction: -1
Basic rotation angle: 0.0, rotation gain: 0.0008547081239412544
Rotation gain: 1.24, direction: -1, curvature radius: 2500000
{'type': 'running', 'physical': {'user_x': 168.63435869343408, 'user_y': 649.4352052008596, 'user_direction': 2.0415225951639977}, 'virtual': {'user_x': 2210.7499436873445, 'user_y': 6699.8353585788445, 'user_direction': -1.3793071878193517}, 'user_v': 0, 'user_w': 0.1, 'delta_t': 0.02, 'need_reset': False}
Tangent angle: 6.169081469450637, User angle: 2.0415225951639977, Offset angle: 0.47870351617765744
Target angle: 0.364599678448708, distance: 385.3831288640902, angle diff: 1.6769229167152897, rotation direction: -1
Basic rotation angle: 0.0, rotation gain: 0.0007523126200371072
Rotation gain: 1.24, direction: -1, curvature radius: 2500000
{'type': 'running', 'physical': {'user_x': 168.63435869343408, 'user_y': 649.4352052008596, 'user_direction': 2.12216775645432}, 'virtual': {'user_x': 2210.7499436873445, 'user_y': 6699.8353585788445, 'user_direction': -1.2793071878193516}, 'user_v': 0, 'user_w': 0.1, 'delta_t': 0.02, 'need_reset': False}
Tangent angle: 6.169081469450637, User angle: 2.12216775645432, Offset angle: 0.47870351617765744
Target angle: 0.364599678448708, distance: 385.3831288640902, angle diff: 1.7575680780056122, rotation direction: -1
Basic rotation angle: 0.0, rotation gain: 0.0006627165541209782
Rotation gain: 1.24, direction: -1, curvature radius: 2500000
{'type': 'running', 'physical': {'user_x': 168.63435869343408, 'user_y': 649.4352052008596, 'user_direction': 2.2028129177446427}, 'virtual': {'user_x': 2210.7499436873445, 'user_y': 6699.8353585788445, 'user_direction': -1.1793071878193515}, 'user_v': 0, 'user_w': 0.1, 'delta_t': 0.02, 'need_reset': False}
Tangent angle: 6.169081469450637, User angle: 2.2028129177446427, Offset angle: 0.47870351617765744
Target angle: 0.364599678448708, distance: 385.3831288640902, angle diff: 1.8382132392959347, rotation direction: -1
Basic rotation angle: 0.0, rotation gain: 0.0005843199964443654
Rotation gain: 1.24, direction: -1, curvature radius: 2500000
{'type': 'running', 'physical': {'user_x': 168.63435869343408, 'user_y': 649.4352052008596, 'user_direction': 2.2834580790349652}, 'virtual': {'user_x': 2210.7499436873445, 'user_y': 6699.8353585788445, 'user_direction': -1.0793071878193514}, 'user_v': 0, 'user_w': 0.1, 'delta_t': 0.02, 'need_reset': False}
Tangent angle: 6.169081469450637, User angle: 2.2834580790349652, Offset angle: 0.47870351617765744
Target angle: 0.364599678448708, distance: 385.3831288640902, angle diff: 1.9188584005862572, rotation direction: -1
Basic rotation angle: 0.0, rotation gain: 0.0005157230084773292
Rotation gain: 1.24, direction: -1, curvature radius: 2500000
{'type': 'running', 'physical': {'user_x': 168.63435869343408, 'user_y': 649.4352052008596, 'user_direction': 2.3641032403252877}, 'virtual': {'user_x': 2210.7499436873445, 'user_y': 6699.8353585788445, 'user_direction': -0.9793071878193514}, 'user_v': 0, 'user_w': 0.1, 'delta_t': 0.02, 'need_reset': False}
Tangent angle: 6.169081469450637, User angle: 2.3641032403252877, Offset angle: 0.47870351617765744
Target angle: 0.364599678448708, distance: 385.3831288640902, angle diff: 1.9995035618765797, rotation direction: -1
Basic rotation angle: 0.0, rotation gain: 0.0004557006440061725
Rotation gain: 1.24, direction: -1, curvature radius: 2500000
{'type': 'running', 'physical': {'user_x': 168.63435869343408, 'user_y': 649.4352052008596, 'user_direction': 2.4447484016156102}, 'virtual': {'user_x': 2210.7499436873445, 'user_y': 6699.8353585788445, 'user_direction': -0.8793071878193515}, 'user_v': 0, 'user_w': 0.1, 'delta_t': 0.02, 'need_reset': False}
Tangent angle: 6.169081469450637, User angle: 2.4447484016156102, Offset angle: 0.47870351617765744
Target angle: 0.364599678448708, distance: 385.3831288640902, angle diff: 2.0801487231669022, rotation direction: -1
Basic rotation angle: 0.0, rotation gain: 0.0004031810750939104
Rotation gain: 1.24, direction: -1, curvature radius: 2500000
{'type': 'running', 'physical': {'user_x': 168.63435869343408, 'user_y': 649.4352052008596, 'user_direction': 2.5253935629059328}, 'virtual': {'user_x': 2210.7499436873445, 'user_y': 6699.8353585788445, 'user_direction': -0.7793071878193515}, 'user_v': 0, 'user_w': 0.1, 'delta_t': 0.02, 'need_reset': False}
Tangent angle: 6.169081469450637, User angle: 2.5253935629059328, Offset angle: 0.47870351617765744
Target angle: 0.364599678448708, distance: 385.3831288640902, angle diff: 2.1607938844572248, rotation direction: -1
Basic rotation angle: 0.0, rotation gain: 0.000357226452295681
Rotation gain: 1.24, direction: -1, curvature radius: 2500000
{'type': 'running', 'physical': {'user_x': 168.63435869343408, 'user_y': 649.4352052008596, 'user_direction': 2.6060387241962553}, 'virtual': {'user_x': 2210.7499436873445, 'user_y': 6699.8353585788445, 'user_direction': -0.6793071878193515}, 'user_v': 0, 'user_w': 0.1, 'delta_t': 0.02, 'need_reset': False}
Tangent angle: 6.169081469450637, User angle: 2.6060387241962553, Offset angle: 0.47870351617765744
Target angle: 0.364599678448708, distance: 385.3831288640902, angle diff: 2.2414390457475473, rotation direction: -1
Basic rotation angle: 0.0, rotation gain: 0.0003170161573472303
Rotation gain: 1.24, direction: -1, curvature radius: 2500000
{'type': 'running', 'physical': {'user_x': 168.63435869343408, 'user_y': 649.4352052008596, 'user_direction': 2.6866838854865778}, 'virtual': {'user_x': 2210.7499436873445, 'user_y': 6699.8353585788445, 'user_direction': -0.534285840371088}, 'user_v': 7.999999999999999, 'user_w': 0, 'delta_t': 0.02, 'need_reset': False}
Tangent angle: 6.169081469450637, User angle: 2.6866838854865778, Offset angle: 0.47870351617765744
Target angle: 0.364599678448708, distance: 385.3831288640902, angle diff: 2.3220842070378698, rotation direction: -1
Basic rotation angle: 1.693121693121693, rotation gain: 0.00041067948533410966
Rotation gain: 1.24, direction: -1, curvature radius: 7.5
{'type': 'running', 'physical': {'user_x': 168.63435869343408, 'user_y': 649.4352052008596, 'user_direction': 2.7673290467769003}, 'virtual': {'user_x': 2217.635003829365, 'user_y': 6695.7615462561225, 'user_direction': -0.534285840371088}, 'user_v': 7.999999999999999, 'user_w': 0, 'delta_t': 0.02, 'need_reset': False}
Tangent angle: 6.169081469450637, User angle: 2.7673290467769003, Offset angle: 0.47870351617765744
Target angle: 0.364599678448708, distance: 385.3831288640902, angle diff: 2.4027293683281923, rotation direction: -1
Basic rotation angle: 1.693121693121693, rotation gain: 0.0004926348973226291
Rotation gain: 1.24, direction: -1, curvature radius: 7.5
{'type': 'running', 'physical': {'user_x': 162.775108374522, 'user_y': 651.8809375993716, 'user_direction': 2.7461650256128793}, 'virtual': {'user_x': 2224.5200639713853, 'user_y': 6691.6877339334005, 'user_direction': -0.5342858403710928}, 'user_v': 7.999999999999999, 'user_w': 0, 'delta_t': 0.02, 'need_reset': False}
Tangent angle: 6.165077946740441, User angle: 2.7461650256128793, Offset angle: 0.4715231777114351
Target angle: 0.3534158172722899, distance: 392.2463990186537, angle diff: 2.3927492083405895, rotation direction: -1
Basic rotation angle: 1.693121693121693, rotation gain: 0.000560312160597801
Rotation gain: 1.24, direction: -1, curvature radius: 7.5
{'type': 'running', 'physical': {'user_x': 156.96892790019874, 'user_y': 654.4501183178866, 'user_direction': 2.725001004448858}, 'virtual': {'user_x': 2231.4051241134052, 'user_y': 6687.613921610678, 'user_direction': -0.5342858403710988}, 'user_v': 7.999999999999999, 'user_w': 0, 'delta_t': 0.02, 'need_reset': False}
Tangent angle: 6.16089497978847, User angle: 2.725001004448858, Offset angle: 0.46459885904827286
Target angle: 0.3423085316571566, distance: 399.05055598348827, angle diff: 2.3826924727917014, rotation direction: -1
Basic rotation angle: 1.693121693121693, rotation gain: 0.0006155185991758449
Rotation gain: 1.24, direction: -1, curvature radius: 7.5
{'type': 'running', 'physical': {'user_x': 151.21841785331662, 'user_y': 657.1415966227424, 'user_direction': 2.7038369832848366}, 'virtual': {'user_x': 2238.2901842554256, 'user_y': 6683.540109287956, 'user_direction': -0.5342858403710923}, 'user_v': 7.999999999999999, 'user_w': 0, 'delta_t': 0.02, 'need_reset': False}
Tangent angle: 6.156540684569409, User angle: 2.7038369832848366, Offset angle: 0.4579184780143109
Target angle: 0.3312738554041337, distance: 405.7956019213078, angle diff: 2.372563127880703, rotation direction: -1
Basic rotation angle: 1.693121693121693, rotation gain: 0.0006598344459961026
Rotation gain: 1.24, direction: -1, curvature radius: 7.5
{'type': 'running', 'physical': {'user_x': 145.5261538819951, 'user_y': 659.9541670033013, 'user_direction': 2.682672962120815}, 'virtual': {'user_x': 2245.1752443974456, 'user_y': 6679.466296965233, 'user_direction': -0.5342858403710996}, 'user_v': 7.999999999999999, 'user_w': 0, 'delta_t': 0.02, 'need_reset': False}
Tangent angle: 6.152022726696583, User angle: 2.682672962120815, Offset angle: 0.45147070840284886
Target angle: 0.3203081279198452, distance: 412.48148921660925, angle diff: 2.36236483420097, rotation direction: -1
Basic rotation angle: 1.693121693121693, rotation gain: 0.0006946413264877253
Rotation gain: 1.24, direction: -1, curvature radius: 7.5
{'type': 'running', 'physical': {'user_x': 139.89468554599043, 'user_y': 662.886569711897, 'user_direction': 2.661508940956794}, 'virtual': {'user_x': 2252.060304539466, 'user_y': 6675.392484642511, 'user_direction': -0.5342858403710915}, 'user_v': 7.999999999999999, 'user_w': 0, 'delta_t': 0.02, 'need_reset': False}
Tangent angle: 6.147348350887235, User angle: 2.661508940956794, Offset angle: 0.44524492209153427
Target angle: 0.30940796579918306, distance: 419.1081257133442, angle diff: 2.3521009751576107, rotation direction: -1
Basic rotation angle: 1.693121693121693, rotation gain: 0.0007211471727330693
Rotation gain: 1.24, direction: -1, curvature radius: 7.5
{'type': 'running', 'physical': {'user_x': 134.3265351747501, 'user_y': 665.9374913280744, 'user_direction': 2.6403449197927724}, 'virtual': {'user_x': 2258.945364681486, 'user_y': 6671.318672319788, 'user_direction': -0.534285840371101}, 'user_v': 7.999999999999999, 'user_w': 0, 'delta_t': 0.02, 'need_reset': False}
Tangent angle: 6.142524408297616, User angle: 2.6403449197927724, Offset angle: 0.4392311364671305
Target angle: 0.2985702375851602, distance: 425.6753793737584, angle diff: 2.341774682207612, rotation direction: -1
Basic rotation angle: 1.693121693121693, rotation gain: 0.0007404080153941055
Rotation gain: 1.24, direction: -1, curvature radius: 7.5
{'type': 'running', 'physical': {'user_x': 128.82419673766393, 'user_y': 669.1055653468698, 'user_direction': 2.619180898628751}, 'virtual': {'user_x': 2265.8304248235063, 'user_y': 6667.244859997066, 'user_direction': -0.53428584037109}, 'user_v': 7.999999999999999, 'user_w': 0, 'delta_t': 0.02, 'need_reset': False}
Tangent angle: 6.137557381889187, User angle: 2.619180898628751, Offset angle: 0.43341996658495535
Target angle: 0.2877920412945558, distance: 432.18308243361184, angle diff: 2.331388857334195, rotation direction: -1
Basic rotation angle: 1.693121693121693, rotation gain: 0.0007533470445451244
Rotation gain: 1.24, direction: -1, curvature radius: 7.5
{'type': 'running', 'physical': {'user_x': 123.3901347270174, 'user_y': 672.3893727908668, 'user_direction': 2.5980168774647296}, 'virtual': {'user_x': 2272.7154849655262, 'user_y': 6663.171047674343, 'user_direction': -0.5342858403711035}, 'user_v': 7.999999999999999, 'user_w': 0, 'delta_t': 0.02, 'need_reset': False}
Tangent angle: 6.132453409975557, User angle: 2.5980168774647296, Offset angle: 0.42780258156230083
Target angle: 0.2770706843582724, distance: 438.6310351178832, angle diff: 2.3209461931064572, rotation direction: -1
Basic rotation angle: 1.693121693121693, rotation gain: 0.0007607712815534233
Rotation gain: 1.24, direction: -1, curvature radius: 7.5
{'type': 'running', 'physical': {'user_x': 118.02678305414788, 'user_y': 675.7874428457553, 'user_direction': 2.5768528563007083}, 'virtual': {'user_x': 2279.6005451075466, 'user_y': 6659.097235351621, 'user_direction': -0.5342858403710866}, 'user_v': 7.999999999999999, 'user_w': 0, 'delta_t': 0.02, 'need_reset': False}
Tangent angle: 6.127218308088749, User angle: 2.5768528563007083, Offset angle: 0.42237066476681906
Target angle: 0.2664036656759823, distance: 445.0190089717877, angle diff: 2.310449190624726, rotation direction: -1
Basic rotation angle: 1.693121693121693, rotation gain: 0.0007633861612888271
Rotation gain: 1.24, direction: -1, curvature radius: 7.5
{'type': 'running', 'physical': {'user_x': 112.73654395929803, 'user_y': 679.2982535191076, 'user_direction': 2.555688835136687}, 'virtual': {'user_x': 2286.4856052495666, 'user_y': 6655.023423028898, 'user_direction': -0.5342858403711108}, 'user_v': 7.999999999999999, 'user_w': 0, 'delta_t': 0.02, 'need_reset': False}
Tangent angle: 6.121857589292908, User angle: 2.555688835136687, Offset angle: 0.41711637741374824
Target angle: 0.2557886595270702, distance: 451.34674985415563, angle diff: 2.2999001756096167, rotation direction: -1
Basic rotation angle: 1.693121693121693, rotation gain: 0.0007618082864527115
Rotation gain: 1.24, direction: -1, curvature radius: 7.5
{'type': 'running', 'physical': {'user_x': 107.52178693565455, 'user_y': 682.9202323220775, 'user_direction': 2.5345248139726655}, 'virtual': {'user_x': 2293.370665391587, 'user_y': 6650.949610706176, 'user_direction': -0.5342858403710727}, 'user_v': 7.999999999999999, 'user_w': 0, 'delta_t': 0.02, 'need_reset': False}
Tangent angle: 6.116376483063816, User angle: 2.5345248139726655, Offset angle: 0.4120323252313925
Target angle: 0.24522350111562297, distance: 457.6139806336758, angle diff: 2.2893013128570425, rotation direction: -1
Basic rotation angle: 1.693121693121693, rotation gain: 0.0007565765830242847
Rotation gain: 1.24, direction: -1, curvature radius: 7.5
{'type': 'running', 'physical': {'user_x': 102.38484766805442, 'user_y': 686.6517569737166, 'user_direction': 2.513360792808644}, 'virtual': {'user_x': 2295.1824524349095, 'user_y': 6649.87759677587, 'user_direction': -0.5342858403710727}, 'user_v': 0, 'user_w': 0.1, 'delta_t': 0.02, 'need_reset': False}
Tangent angle: 6.11077995284346, User angle: 2.513360792808644, Offset angle: 0.4071115278936268
Target angle: 0.2347061735575009, distance: 463.8204036229729, angle diff: 2.278654619251143, rotation direction: -1
Basic rotation angle: 0.0, rotation gain: 0.0006648764283792886
Rotation gain: 1.24, direction: -1, curvature radius: 2500000
{'type': 'running', 'physical': {'user_x': 97.32802698683385, 'user_y': 690.4911561275924, 'user_direction': 2.4921967716446227}, 'virtual': {'user_x': 2295.1824524349095, 'user_y': 6649.87759677587, 'user_direction': -0.43428584037107276}, 'user_v': 0, 'user_w': 0.1, 'delta_t': 0.02, 'need_reset': False}
Tangent angle: 6.105072712370368, User angle: 2.4921967716446227, Offset angle: 0.4023473909523289
Target angle: 0.2242347961431106, distance: 469.96570278080674, angle diff: 2.267961975501512, rotation direction: -1
Basic rotation angle: 0.0, rotation gain: 0.0005845113591190507
Rotation gain: 1.24, direction: -1, curvature radius: 2500000
{'type': 'running', 'physical': {'user_x': 97.32802698683385, 'user_y': 690.4911561275924, 'user_direction': 2.5728419329349452}, 'virtual': {'user_x': 2295.1824524349095, 'user_y': 6649.87759677587, 'user_direction': -0.3342858403710728}, 'user_v': 0, 'user_w': 0.1, 'delta_t': 0.02, 'need_reset': False}
Tangent angle: 6.105072712370368, User angle: 2.5728419329349452, Offset angle: 0.4023473909523289
Target angle: 0.2242347961431106, distance: 469.96570278080674, angle diff: 2.3486071367918346, rotation direction: -1
Basic rotation angle: 0.0, rotation gain: 0.0005141919235163425
Rotation gain: 1.24, direction: -1, curvature radius: 2500000
{'type': 'running', 'physical': {'user_x': 97.32802698683385, 'user_y': 690.4911561275924, 'user_direction': 2.6534870942252677}, 'virtual': {'user_x': 2295.1824524349095, 'user_y': 6649.87759677587, 'user_direction': -0.23428584037107278}, 'user_v': 0, 'user_w': 0.1, 'delta_t': 0.02, 'need_reset': False}
Tangent angle: 6.105072712370368, User angle: 2.6534870942252677, Offset angle: 0.4023473909523289
Target angle: 0.2242347961431106, distance: 469.96570278080674, angle diff: 2.429252298082157, rotation direction: -1
Basic rotation angle: 0.0, rotation gain: 0.0004526624173639728
Rotation gain: 1.24, direction: -1, curvature radius: 2500000
{'type': 'running', 'physical': {'user_x': 97.32802698683385, 'user_y': 690.4911561275924, 'user_direction': 2.7341322555155902}, 'virtual': {'user_x': 2295.1824524349095, 'user_y': 6649.87759677587, 'user_direction': -0.13428584037107277}, 'user_v': 0, 'user_w': 0.1, 'delta_t': 0.02, 'need_reset': False}
Tangent angle: 6.105072712370368, User angle: 2.7341322555155902, Offset angle: 0.4023473909523289
Target angle: 0.2242347961431106, distance: 469.96570278080674, angle diff: 2.5098974593724797, rotation direction: -1
Basic rotation angle: 0.0, rotation gain: 0.00039882409948064935
Rotation gain: 1.24, direction: -1, curvature radius: 2500000
{'type': 'running', 'physical': {'user_x': 97.32802698683385, 'user_y': 690.4911561275924, 'user_direction': 2.8147774168059128}, 'virtual': {'user_x': 2295.1824524349095, 'user_y': 6649.87759677587, 'user_direction': 0.017098429612630014}, 'user_v': 7.999999999999999, 'user_w': 0, 'delta_t': 0.02, 'need_reset': False}
Tangent angle: 6.105072712370368, User angle: 2.8147774168059128, Offset angle: 0.4023473909523289
Target angle: 0.2242347961431106, distance: 469.96570278080674, angle diff: 2.590542620662802, rotation direction: -1
Basic rotation angle: 1.693121693121693, rotation gain: 0.0004313056156607624
Rotation gain: 1.24, direction: -1, curvature radius: 7.5
{'type': 'running', 'physical': {'user_x': 97.32802698683385, 'user_y': 690.4911561275924, 'user_direction': 2.8954225780962353}, 'virtual': {'user_x': 2303.181283038219, 'user_y': 6650.014377547757, 'user_direction': 0.017098429612630014}, 'user_v': 7.999999999999999, 'user_w': 0, 'delta_t': 0.02, 'need_reset': False}
Tangent angle: 6.105072712370368, User angle: 2.8954225780962353, Offset angle: 0.4023473909523289
Target angle: 0.2242347961431106, distance: 469.96570278080674, angle diff: 2.6711877819531247, rotation direction: -1
Basic rotation angle: 1.693121693121693, rotation gain: 0.0004597269423183613
Rotation gain: 1.24, direction: -1, curvature radius: 7.5
{'type': 'running', 'physical': {'user_x': 91.20435364731145, 'user_y': 692.1683699170733, 'user_direction': 2.8742585569322143}, 'virtual': {'user_x': 2311.180113641529, 'user_y': 6650.151158319644, 'user_direction': 0.01709842961263015}, 'user_v': 7.999999999999999, 'user_w': 0, 'delta_t': 0.02, 'need_reset': False}
Tangent angle: 6.103978609952046, User angle: 2.8742585569322143, Offset angle: 0.3971481414023015
Target angle: 0.2179414441747607, distance: 476.8312260754539, angle diff: 2.6563171127574536, rotation direction: -1
Basic rotation angle: 1.693121693121693, rotation gain: 0.0004822965665645597
Rotation gain: 1.24, direction: -1, curvature radius: 7.5
{'type': 'running', 'physical': {'user_x': 85.117545639878, 'user_y': 693.9747999725823, 'user_direction': 2.853094535768193}, 'virtual': {'user_x': 2319.1789442448385, 'user_y': 6650.287939091531, 'user_direction': 0.017098429612630296}, 'user_v': 7.999999999999999, 'user_w': 0, 'delta_t': 0.02, 'need_reset': False}
Tangent angle: 6.102655436464039, User angle: 2.853094535768193, Offset angle: 0.3920953041180064
Target angle: 0.21156543340245904, distance: 483.6684865047443, angle diff: 2.641529102365734, rotation direction: -1
Basic rotation angle: 1.693121693121693, rotation gain: 0.0004997147322576219
Rotation gain: 1.24, direction: -1, curvature radius: 7.5
{'type': 'running', 'physical': {'user_x': 79.07032924019776, 'user_y': 695.9096371957721, 'user_direction': 2.8319305146041716}, 'virtual': {'user_x': 2327.177774848148, 'user_y': 6650.424719863418, 'user_direction': 0.017098429612630455}, 'user_v': 7.999999999999999, 'user_w': 0, 'delta_t': 0.02, 'need_reset': False}
Tangent angle: 6.101111857253592, User angle: 2.8319305146041716, Offset angle: 0.3871844469992062
Target angle: 0.2051109970732119, distance: 490.4756674748917, angle diff: 2.6268195175309597, rotation direction: -1
Basic rotation angle: 1.693121693121693, rotation gain: 0.0005125956914304119
Rotation gain: 1.24, direction: -1, curvature radius: 7.5
{'type': 'running', 'physical': {'user_x': 73.0654129908906, 'user_y': 697.9720149748439, 'user_direction': 2.81076649344015}, 'virtual': {'user_x': 2335.176605451458, 'user_y': 6650.5615006353055, 'user_direction': 0.017098429612630625}, 'user_v': 7.999999999999999, 'user_w': 0, 'delta_t': 0.02, 'need_reset': False}
Tangent angle: 6.0993561777617575, User angle: 2.81076649344015, Offset angle: 0.38241125300775086
Target angle: 0.19858212358992233, distance: 497.2510178015644, angle diff: 2.612184369850228, rotation direction: -1
Basic rotation angle: 1.693121693121693, rotation gain: 0.0005214783681575762
Rotation gain: 1.24, direction: -1, curvature radius: 7.5
{'type': 'running', 'physical': {'user_x': 67.1054864883782, 'user_y': 700.1610095727021, 'user_direction': 2.789602472276129}, 'virtual': {'user_x': 2343.1754360547675, 'user_y': 6650.698281407193, 'user_direction': 0.017098429612630812}, 'user_v': 7.999999999999999, 'user_w': 0, 'delta_t': 0.02, 'need_reset': False}
Tangent angle: 6.097396357674102, User angle: 2.789602472276129, Offset angle: 0.3777715233551359
Target angle: 0.19198257384965167, distance: 503.9928475379496, angle diff: 2.597619898426477, rotation direction: -1
Basic rotation angle: 1.693121693121693, rotation gain: 0.0005268356955426171
Rotation gain: 1.24, direction: -1, curvature radius: 7.5
{'type': 'running', 'physical': {'user_x': 61.19321917821643, 'user_y': 702.4756405406956, 'user_direction': 2.7684384511121074}, 'virtual': {'user_x': 2351.174266658077, 'user_y': 6650.83506217908, 'user_direction': 0.017098429612631017}, 'user_v': 7.999999999999999, 'user_w': 0, 'delta_t': 0.02, 'need_reset': False}
Tangent angle: 6.0952400248748955, User angle: 2.7684384511121074, Offset angle: 0.3732611795170004
Target angle: 0.1853158972123099, distance: 510.69952414679165, angle diff: 2.5831225538997975, rotation direction: -1
Basic rotation angle: 1.693121693121693, rotation gain: 0.0005290827911939874
Rotation gain: 1.24, direction: -1, curvature radius: 7.5
{'type': 'running', 'physical': {'user_x': 55.331259159453026, 'user_y': 704.9148711577594, 'user_direction': 2.747274429948086}, 'virtual': {'user_x': 2359.173097261387, 'user_y': 6650.971842950967, 'user_direction': 0.017098429612631243}, 'user_v': 7.999999999999999, 'user_w': 0, 'delta_t': 0.02, 'need_reset': False}
Tangent angle: 6.092894489138626, User angle: 2.747274429948086, Offset angle: 0.36887626425793224
Target angle: 0.1785854462169718, distance: 517.3694689860198, angle diff: 2.568688983731114, rotation direction: -1
Basic rotation angle: 1.693121693121693, rotation gain: 0.0005285841159310387
Rotation gain: 1.24, direction: -1, curvature radius: 7.5
{'type': 'running', 'physical': {'user_x': 49.52223199854655, 'user_y': 707.4776088947613, 'user_direction': 2.7261104087840646}, 'virtual': {'user_x': 2367.1719278646965, 'user_y': 6651.108623722854, 'user_direction': 0.01709842961263149}, 'user_v': 7.999999999999999, 'user_w': 0, 'delta_t': 0.02, 'need_reset': False}
Tangent angle: 6.090366755506779, User angle: 2.7261104087840646, Offset angle: 0.364612941825503
Target angle: 0.17179439015269615, distance: 524.0011540804059, angle diff: 2.5543160186313685, rotation direction: -1
Basic rotation angle: 1.693121693121693, rotation gain: 0.0005256597424070129
Rotation gain: 1.24, direction: -1, curvature radius: 7.5
{'type': 'running', 'physical': {'user_x': 43.768739553377614, 'user_y': 710.1627059038442, 'user_direction': 2.7049463876200432}, 'virtual': {'user_x': 2375.170758468006, 'user_y': 6651.245404494741, 'user_direction': 0.017098429612631763}, 'user_v': 7.999999999999999, 'user_w': 0, 'delta_t': 0.02, 'need_reset': False}
Tangent angle: 6.087663537309795, User angle: 2.7049463876200432, Offset angle: 0.36046749745103235
Target angle: 0.16494572758124093, distance: 530.5930991542342, angle diff: 2.5400006600388023, rotation direction: -1
Basic rotation angle: 1.693121693121693, rotation gain: 0.0005205908445357845
Rotation gain: 1.24, direction: -1, curvature radius: 7.5
{'type': 'running', 'physical': {'user_x': 38.07335880787911, 'user_y': 712.9689595325469, 'user_direction': 2.683782366456022}, 'virtual': {'user_x': 2383.169589071316, 'user_y': 6651.382185266628, 'user_direction': 0.01709842961263207}, 'user_v': 7.999999999999999, 'user_w': 0, 'delta_t': 0.02, 'need_reset': False}
Tangent angle: 6.084791268804196, User angle: 2.683782366456022, Offset angle: 0.3564363362758271
Target angle: 0.15804229790043678, distance: 537.143868902294, angle diff: 2.525740068555585, rotation direction: -1
Basic rotation angle: 1.693121693121693, rotation gain: 0.0005136245047804199
Rotation gain: 1.24, direction: -1, curvature radius: 7.5
{'type': 'running', 'physical': {'user_x': 32.43864071780753, 'user_y': 715.8951128624705, 'user_direction': 2.6626183452920005}, 'virtual': {'user_x': 2391.1684196746255, 'user_y': 6651.518966038515, 'user_direction': 0.017098429612632412}, 'user_v': 7.999999999999999, 'user_w': 0, 'delta_t': 0.02, 'need_reset': False}
Tangent angle: 6.0817561174033745, User angle: 2.6626183452920005, Offset angle: 0.35251598180526755
Target angle: 0.15108679202905595, distance: 543.6520704785871, angle diff: 2.5115315532629445, rotation direction: -1
Basic rotation angle: 1.693121693121693, rotation gain: 0.0005049779242586198
Rotation gain: 1.24, direction: -1, curvature radius: 7.5
{'type': 'running', 'physical': {'user_x': 26.867109068172226, 'user_y': 718.9398552722507, 'user_direction': 2.641454324127979}, 'virtual': {'user_x': 2399.167250277935, 'user_y': 6651.655746810402, 'user_direction': 0.0170984296126328}, 'user_v': 7.999999999999999, 'user_w': 0, 'delta_t': 0.02, 'need_reset': False}
Tangent angle: 6.07856399548761, User angle: 2.641454324127979, Offset angle: 0.34870307397881006
Target angle: 0.14408176228683356, distance: 550.1163511840549, angle diff: 2.4973725618411455, rotation direction: -1
Basic rotation angle: 1.693121693121693, rotation gain: 0.0004948421100273299
Rotation gain: 1.24, direction: -1, curvature radius: 7.5
{'type': 'running', 'physical': {'user_x': 21.36125934283445, 'user_y': 722.1018230245847, 'user_direction': 2.6202903029639577}, 'virtual': {'user_x': 2407.166080881245, 'user_y': 6651.792527582289, 'user_direction': 0.01709842961263324}, 'user_v': 7.999999999999999, 'user_w': 0, 'delta_t': 0.02, 'need_reset': False}
Tangent angle: 6.075220571784825, User angle: 2.6202903029639577, Offset angle: 0.34499436693153107
Target angle: 0.1370296315367696, distance: 556.5353963363314, angle diff: 2.483260671427188, rotation direction: -1
Basic rotation angle: 1.693121693121693, rotation gain: 0.0004833851046377096
Rotation gain: 1.24, direction: -1, curvature radius: 7.5
{'type': 'running', 'physical': {'user_x': 15.923557606782452, 'user_y': 725.3795998770473, 'user_direction': 2.5991262817999363}, 'virtual': {'user_x': 2415.1649114845545, 'user_y': 6651.929308354176, 'user_direction': 0.017098429612633748}, 'user_v': 7.999999999999999, 'user_w': 0, 'delta_t': 0.02, 'need_reset': False}
Tangent angle: 6.07173128231845, User angle: 2.5991262817999363, Offset angle: 0.34138672651198954
Target angle: 0.12993270165085313, distance: 562.907927306097, angle diff: 2.469193580149083, rotation direction: -1
Basic rotation angle: 1.693121693121693, rotation gain: 0.0004707548149372458
Rotation gain: 1.24, direction: -1, curvature radius: 7.5
{'type': 'running', 'physical': {'user_x': 10.556439401583244, 'user_y': 728.7717177164246, 'user_direction': 2.577962260635915}, 'virtual': {'user_x': 2423.163742087864, 'user_y': 6652.066089126063, 'user_direction': 0.017098429612634334}, 'user_v': 7.999999999999999, 'user_w': 0, 'delta_t': 0.02, 'need_reset': False}
Tangent angle: 6.068101340922781, User angle: 2.577962260635915, Offset angle: 0.3378771276117717
Target angle: 0.12279316135496643, distance: 569.2326997059972, angle diff: 2.4551690992809485, rotation direction: -1
Basic rotation angle: 1.693121693121693, rotation gain: 0.0004570814899937161
Rotation gain: 1.24, direction: -1, curvature radius: 7.5
{'type': 'running', 'physical': {'user_x': 5.2623086545058, 'user_y': 732.2766572162807, 'user_direction': 2.5567982394718936}, 'virtual': {'user_x': 2431.162572691174, 'user_y': 6652.20286989795, 'user_direction': 0.017098429612635024}, 'user_v': 7.999999999999999, 'user_w': 0, 'delta_t': 0.02, 'need_reset': False}
Tangent angle: 6.064335749329483, User angle: 2.5567982394718936, Offset angle: 0.334462651353894
Target angle: 0.11561309350379023, distance: 575.5085017193767, angle diff: 2.4411851459681033, rotation direction: -1
Basic rotation angle: 1.693121693121693, rotation gain: 0.0004424798917995813
Rotation gain: 1.24, direction: -1, curvature radius: 7.5
{'type': 'running', 'physical': {'user_x': 0.043536601804259334, 'user_y': 735.8928485174625, 'user_direction': 2.535634218307872}, 'virtual': {'user_x': 2439.1614032944835, 'user_y': 6652.339650669837, 'user_direction': 0.01709842961263585}, 'user_v': 7.999999999999999, 'user_w': 0, 'delta_t': 0.02, 'need_reset': False}
Tangent angle: 6.060439306831515, User angle: 2.535634218307872, Offset angle: 0.33114048218015324
Target angle: 0.10839448183208233, distance: 581.7341525572147, angle diff: 2.42723973647579, rotation direction: -1
Basic rotation angle: 1.693121693121693, rotation gain: 0.0004270511969746569
Rotation gain: 1.24, direction: -1, curvature radius: 7.5
{'type': 'running', 'physical': {'user_x': 0.043536601804259334, 'user_y': 735.8928485174625, 'user_direction': 2.535634218307872}, 'virtual': {'user_x': 2447.160233897793, 'user_y': 6652.476431441724, 'user_direction': 0.017098429612636842}, 'user_v': 7.999999999999999, 'user_w': 0, 'delta_t': 0.02, 'need_reset': True}
{'type': 'running', 'physical': {'user_x': 0.043536601804259334, 'user_y': 735.8928485174625, 'user_direction': 5.677226871897665}, 'virtual': {'user_x': 2455.159064501103, 'user_y': 6652.613212213611, 'user_direction': 0.017098429612638077}, 'user_v': 7.999999999999999, 'user_w': 0, 'delta_t': 0.02, 'need_reset': False}
Tangent angle: 6.060439306831515, User angle: 5.677226871897665, Offset angle: 0.33114048218015324
Target angle: 5.729298824651362, distance: 581.7341525572147, angle diff: 0.052071952753697026, rotation direction: 1
Basic rotation angle: 1.693121693121693, rotation gain: 0.00032062339160232904
Rotation gain: 1.24, direction: 1, curvature radius: 7.5
{'type': 'running', 'physical': {'user_x': 5.337667348881704, 'user_y': 732.3879090176065, 'user_direction': 5.698390893061687}, 'virtual': {'user_x': 2463.1578951044125, 'user_y': 6652.7499929854985, 'user_direction': 0.017098429612639642}, 'user_v': 7.999999999999999, 'user_w': 0, 'delta_t': 0.02, 'need_reset': False}
Tangent angle: 6.064130636315969, User angle: 5.698390893061687, Offset angle: 0.3344908279026239
Target angle: 5.729639808413346, distance: 575.4562088709473, angle diff: 0.03124891535165908, rotation direction: 1
Basic rotation angle: 1.693121693121693, rotation gain: 0.00022737394086320801
Rotation gain: 1.24, direction: 1, curvature radius: 7.5
{'type': 'running', 'physical': {'user_x': 10.704785554080914, 'user_y': 728.9957911782292, 'user_direction': 5.719554914225708}, 'virtual': {'user_x': 2471.156725707722, 'user_y': 6652.8867737573855, 'user_direction': 0.017098429612641696}, 'user_v': 7.999999999999999, 'user_w': 0, 'delta_t': 0.02, 'need_reset': False}
Tangent angle: 6.067685969959399, User angle: 5.719554914225708, Offset angle: 0.3379336542562749
Target angle: 5.729752315703124, distance: 569.1298304522081, angle diff: 0.010197401477415546, rotation direction: 1
Basic rotation angle: 1.693121693121693, rotation gain: 0.00014573938831983279
Rotation gain: 1.24, direction: 1, curvature radius: 7.5
{'type': 'running', 'physical': {'user_x': 16.142487290132912, 'user_y': 725.7180143257666, 'user_direction': 5.740718935389729}, 'virtual': {'user_x': 2479.155556311032, 'user_y': 6653.023554529273, 'user_direction': 0.017098429612644503}, 'user_v': 7.999999999999999, 'user_w': 0, 'delta_t': 0.02, 'need_reset': False}
Tangent angle: 6.071100335345912, User angle: 5.740718935389729, Offset angle: 0.341471743551992
Target angle: 5.7296285917939205, distance: 562.7562654238212, angle diff: 0.01109034359580896, rotation direction: -1
Basic rotation angle: 1.693121693121693, rotation gain: 7.435455380128962e-05
Rotation gain: 1.24, direction: -1, curvature radius: 7.5
{'type': 'running', 'physical': {'user_x': 21.50960549533212, 'user_y': 722.3258964863893, 'user_direction': 5.719554914225708}, 'virtual': {'user_x': 2487.1543869143416, 'user_y': 6653.16033530116, 'user_direction': 0.01709842961264857}, 'user_v': 7.999999999999999, 'user_w': 0, 'delta_t': 0.02, 'need_reset': False}
Tangent angle: 6.074797974554033, User angle: 5.719554914225708, Offset angle: 0.3450544355893725
Target angle: 5.7297435389646605, distance: 556.4303743374952, angle diff: 0.010188624738952434, rotation direction: 1
Basic rotation angle: 1.693121693121693, rotation gain: 1.1850645147695916e-05
Rotation gain: 1.24, direction: 1, curvature radius: 7.5
{'type': 'running', 'physical': {'user_x': 26.94730723138412, 'user_y': 719.0481196339267, 'user_direction': 5.740718935389729}, 'virtual': {'user_x': 2495.1532175176512, 'user_y': 6653.297116073047, 'user_direction': 0.017098429612655012}, 'user_v': 7.999999999999999, 'user_w': 0, 'delta_t': 0.02, 'need_reset': False}
Tangent angle: 6.078355035515214, User angle: 5.740718935389729, Offset angle: 0.3487381782435535
Target angle: 5.729616857271662, distance: 550.0562184701992, angle diff: 0.011102078118067737, rotation direction: -1
Basic rotation angle: 1.693121693121693, rotation gain: 4.2793790623274486e-05
Rotation gain: 1.24, direction: -1, curvature radius: 7.5
{'type': 'running', 'physical': {'user_x': 32.31442543658333, 'user_y': 715.6560017945494, 'user_direction': 5.719554914225708}, 'virtual': {'user_x': 2503.152048120961, 'user_y': 6653.433896844934, 'user_direction': 0.01709842961266673}, 'user_v': 7.999999999999999, 'user_w': 0, 'delta_t': 0.02, 'need_reset': False}
Tangent angle: 6.082203393848441, User angle: 5.719554914225708, Offset angle: 0.35246904157542475
Target angle: 5.729734352273017, distance: 543.7308362770107, angle diff: 0.010179438047308587, rotation direction: 1
Basic rotation angle: 1.693121693121693, rotation gain: 1.5761651697787823e-05
Rotation gain: 1.24, direction: 1, curvature radius: 7.5
{'type': 'running', 'physical': {'user_x': 37.752127172635326, 'user_y': 712.3782249420868, 'user_direction': 5.740718935389729}, 'virtual': {'user_x': 2511.1508787242706, 'user_y': 6653.570677616822, 'user_direction': 0.017098429612694754}, 'user_v': 7.999999999999999, 'user_w': 0, 'delta_t': 0.02, 'need_reset': False}
Tangent angle: 6.085911770167607, User angle: 5.740718935389729, Offset angle: 0.3563072020418867
Target angle: 5.729604568125721, distance: 537.356060671163, angle diff: 0.011114367264008607, rotation direction: -1
Basic rotation angle: 1.693121693121693, rotation gain: 3.936715052547936e-05
Rotation gain: 1.24, direction: -1, curvature radius: 7.5
{'type': 'running', 'physical': {'user_x': 43.11924537783454, 'user_y': 708.9861071027095, 'user_direction': 5.719554914225708}, 'virtual': {'user_x': 2514.6550153360663, 'user_y': 6653.6305986895795, 'user_direction': 0.017098429612694754}, 'user_v': 0, 'user_w': 0.1, 'delta_t': 0.02, 'need_reset': False}
Tangent angle: 6.089919903186187, User angle: 5.719554914225708, Offset angle: 0.36019517696991743
Target angle: 5.72972472621627, distance: 531.0312103915887, angle diff: 0.010169811990562216, rotation direction: 1
Basic rotation angle: 0.0, rotation gain: 3.2672833831890357e-05
Rotation gain: 1.24, direction: 1, curvature radius: 2500000
{'type': 'running', 'physical': {'user_x': 48.55694711388654, 'user_y': 705.708330250247, 'user_direction': 5.740718935389729}, 'virtual': {'user_x': 2514.6550153360663, 'user_y': 6653.6305986895795, 'user_direction': -0.08290157038730525}, 'user_v': 0, 'user_w': 0.1, 'delta_t': 0.02, 'need_reset': False}
Tangent angle: 6.093788882625429, User angle: 5.740718935389729, Offset angle: 0.36419719854606375
Target angle: 5.729591684079365, distance: 524.6557839771255, angle diff: 0.011127251310364628, rotation direction: -1
Basic rotation angle: 0.0, rotation gain: 2.6816933999580397e-05
Rotation gain: 1.24, direction: -1, curvature radius: 2500000
{'type': 'running', 'physical': {'user_x': 48.55694711388654, 'user_y': 705.708330250247, 'user_direction': 5.821364096680052}, 'virtual': {'user_x': 2514.6550153360663, 'user_y': 6653.6305986895795, 'user_direction': -0.18290157038730526}, 'user_v': 0, 'user_w': 0.1, 'delta_t': 0.02, 'need_reset': False}
Tangent angle: 6.093788882625429, User angle: 5.821364096680052, Offset angle: 0.36419719854606375
Target angle: 5.729591684079365, distance: 524.6557839771255, angle diff: 0.09177241260068758, rotation direction: -1
Basic rotation angle: 0.0, rotation gain: 2.1693021646309183e-05
Rotation gain: 1.24, direction: -1, curvature radius: 2500000
{'type': 'running', 'physical': {'user_x': 48.55694711388654, 'user_y': 705.708330250247, 'user_direction': 5.902009257970375}, 'virtual': {'user_x': 2514.6550153360663, 'user_y': 6653.6305986895795, 'user_direction': -0.28290157038730523}, 'user_v': 0, 'user_w': 0.1, 'delta_t': 0.02, 'need_reset': False}
Tangent angle: 6.093788882625429, User angle: 5.902009257970375, Offset angle: 0.36419719854606375
Target angle: 5.729591684079365, distance: 524.6557839771255, angle diff: 0.17241757389101053, rotation direction: -1
Basic rotation angle: 0.0, rotation gain: 1.720959833719687e-05
Rotation gain: 1.24, direction: -1, curvature radius: 2500000
{'type': 'running', 'physical': {'user_x': 48.55694711388654, 'user_y': 705.708330250247, 'user_direction': 5.982654419260698}, 'virtual': {'user_x': 2514.6550153360663, 'user_y': 6653.6305986895795, 'user_direction': -0.3829015703873052}, 'user_v': 0, 'user_w': 0.1, 'delta_t': 0.02, 'need_reset': False}
Tangent angle: 6.093788882625429, User angle: 5.982654419260698, Offset angle: 0.36419719854606375
Target angle: 5.729591684079365, distance: 524.6557839771255, angle diff: 0.2530627351813335, rotation direction: -1
Basic rotation angle: 0.0, rotation gain: 1.3286602941723599e-05
Rotation gain: 1.24, direction: -1, curvature radius: 2500000
{'type': 'running', 'physical': {'user_x': 48.55694711388654, 'user_y': 705.708330250247, 'user_direction': 6.063299580551021}, 'virtual': {'user_x': 2514.6550153360663, 'user_y': 6653.6305986895795, 'user_direction': -0.4829015703873052}, 'user_v': 0, 'user_w': 0.1, 'delta_t': 0.02, 'need_reset': False}
Tangent angle: 6.093788882625429, User angle: 6.063299580551021, Offset angle: 0.36419719854606375
Target angle: 5.729591684079365, distance: 524.6557839771255, angle diff: 0.33370789647165644, rotation direction: -1
Basic rotation angle: 0.0, rotation gain: 9.853981970684484e-06
Rotation gain: 1.24, direction: -1, curvature radius: 2500000
{'type': 'running', 'physical': {'user_x': 48.55694711388654, 'user_y': 705.708330250247, 'user_direction': 6.143944741841344}, 'virtual': {'user_x': 2514.6550153360663, 'user_y': 6653.6305986895795, 'user_direction': -0.5829015703873052}, 'user_v': 0, 'user_w': 0.1, 'delta_t': 0.02, 'need_reset': False}
Tangent angle: 6.093788882625429, User angle: 6.143944741841344, Offset angle: 0.36419719854606375
Target angle: 0.1748007739919064, distance: 524.6557839771255, angle diff: 0.31404133933014844, rotation direction: 1
Basic rotation angle: 0.0, rotation gain: 1.0763907649155012e-05
Rotation gain: 1.24, direction: 1, curvature radius: 2500000
{'type': 'running', 'physical': {'user_x': 48.55694711388654, 'user_y': 705.708330250247, 'user_direction': 6.224589903131667}, 'virtual': {'user_x': 2514.6550153360663, 'user_y': 6653.6305986895795, 'user_direction': -0.6829015703873051}, 'user_v': 0, 'user_w': 0.1, 'delta_t': 0.02, 'need_reset': False}
Tangent angle: 6.093788882625429, User angle: 6.224589903131667, Offset angle: 0.36419719854606375
Target angle: 0.1748007739919064, distance: 524.6557839771255, angle diff: 0.23339617803982549, rotation direction: 1
Basic rotation angle: 0.0, rotation gain: 1.1560092617816724e-05
Rotation gain: 1.24, direction: 1, curvature radius: 2500000
{'type': 'running', 'physical': {'user_x': 48.55694711388654, 'user_y': 705.708330250247, 'user_direction': 0.022049757242403878}, 'virtual': {'user_x': 2514.6550153360663, 'user_y': 6653.6305986895795, 'user_direction': -0.7829015703873051}, 'user_v': 0, 'user_w': 0.1, 'delta_t': 0.02, 'need_reset': False}
Tangent angle: 6.093788882625429, User angle: 0.022049757242403878, Offset angle: 0.36419719854606375
Target angle: 0.1748007739919064, distance: 524.6557839771255, angle diff: 0.15275101674950253, rotation direction: 1
Basic rotation angle: 0.0, rotation gain: 1.225675446539572e-05
Rotation gain: 1.24, direction: 1, curvature radius: 2500000
{'type': 'running', 'physical': {'user_x': 48.55694711388654, 'user_y': 705.708330250247, 'user_direction': 0.10269491853272647}, 'virtual': {'user_x': 2514.6550153360663, 'user_y': 6653.6305986895795, 'user_direction': -0.8829015703873051}, 'user_v': 0, 'user_w': 0.1, 'delta_t': 0.02, 'need_reset': False}
Tangent angle: 6.093788882625429, User angle: 0.10269491853272647, Offset angle: 0.36419719854606375
Target angle: 0.1748007739919064, distance: 524.6557839771255, angle diff: 0.07210585545917994, rotation direction: 1
Basic rotation angle: 0.0, rotation gain: 1.2866333582027344e-05
Rotation gain: 1.24, direction: 1, curvature radius: 2500000
{'type': 'running', 'physical': {'user_x': 48.55694711388654, 'user_y': 705.708330250247, 'user_direction': 0.18334007982304906}, 'virtual': {'user_x': 2514.6550153360663, 'user_y': 6653.6305986895795, 'user_direction': -0.9871027360027395}, 'user_v': 7.999999999999999, 'user_w': 0, 'delta_t': 0.02, 'need_reset': False}
Tangent angle: 6.093788882625429, User angle: 0.18334007982304906, Offset angle: 0.36419719854606375
Target angle: 0.1748007739919064, distance: 524.6557839771255, angle diff: 0.008539305831142652, rotation direction: -1
Basic rotation angle: 1.693121693121693, rotation gain: 7.550824462845654e-05
Rotation gain: 1.24, direction: -1, curvature radius: 7.5
{'type': 'running', 'physical': {'user_x': 48.55694711388654, 'user_y': 705.708330250247, 'user_direction': 0.2639852411133716}, 'virtual': {'user_x': 2519.063893274256, 'user_y': 6646.9551365088655, 'user_direction': -0.9871027360027395}, 'user_v': 7.999999999999999, 'user_w': 0, 'delta_t': 0.02, 'need_reset': False}
Tangent angle: 6.093788882625429, User angle: 0.2639852411133716, Offset angle: 0.36419719854606375
Target angle: 0.1748007739919064, distance: 524.6557839771255, angle diff: 0.08918446712146522, rotation direction: -1
Basic rotation angle: 1.693121693121693, rotation gain: 0.00013031991679408208
Rotation gain: 1.24, direction: -1, curvature radius: 7.5
{'type': 'running', 'physical': {'user_x': 54.71988996325841, 'user_y': 707.2349463448098, 'user_direction': 0.24282121994935046}, 'virtual': {'user_x': 2523.4727712124454, 'user_y': 6640.2796743281515, 'user_direction': -0.9871027360027406}, 'user_v': 7.999999999999999, 'user_w': 0, 'delta_t': 0.02, 'need_reset': False}
Tangent angle: 6.089003056516814, User angle: 0.24282121994935046, Offset angle: 0.3681505805142576
Target angle: 0.17396832985148603, distance: 518.4879286147898, angle diff: 0.06885289009786444, rotation direction: -1
Basic rotation angle: 1.693121693121693, rotation gain: 0.00017797513437038963
Rotation gain: 1.24, direction: -1, curvature radius: 7.5
{'type': 'running', 'physical': {'user_x': 60.91375954784735, 'user_y': 708.6307976384319, 'user_direction': 0.2216571987853293}, 'virtual': {'user_x': 2527.881649150635, 'user_y': 6633.6042121474375, 'user_direction': -0.9871027360027418}, 'user_v': 7.999999999999999, 'user_w': 0, 'delta_t': 0.02, 'need_reset': False}
Tangent angle: 6.0843390857941415, User angle: 0.2216571987853293, Offset angle: 0.37222363224862304
Target angle: 0.17337741086317848, distance: 512.2642138978656, angle diff: 0.04827978792215082, rotation direction: -1
Basic rotation angle: 1.693121693121693, rotation gain: 0.00021945693701272602
Rotation gain: 1.24, direction: -1, curvature radius: 7.5
{'type': 'running', 'physical': {'user_x': 67.13578163920792, 'user_y': 709.8952589306126, 'user_direction': 0.20049317762130814}, 'virtual': {'user_x': 2532.2905270888245, 'user_y': 6626.928749966723, 'user_direction': -0.9871027360027431}, 'user_v': 7.999999999999999, 'user_w': 0, 'delta_t': 0.02, 'need_reset': False}
Tangent angle: 6.079801794103863, User angle: 0.20049317762130814, Offset angle: 0.3764206886775092
Target angle: 0.17303717560178633, distance: 505.9854179170425, angle diff: 0.027456002019521808, rotation direction: -1
Basic rotation angle: 1.693121693121693, rotation gain: 0.00025562884891804836
Rotation gain: 1.24, direction: -1, curvature radius: 7.5
{'type': 'running', 'physical': {'user_x': 73.38316939941299, 'user_y': 711.0277638703113, 'user_direction': 0.17932915645728698}, 'virtual': {'user_x': 2536.699405027014, 'user_y': 6620.253287786009, 'user_direction': -0.9871027360027447}, 'user_v': 7.999999999999999, 'user_w': 0, 'delta_t': 0.02, 'need_reset': False}
Tangent angle: 6.075396234755406, User angle: 0.17932915645728698, Offset angle: 0.3807462935093104
Target angle: 0.17295722108513, distance: 499.6523297472443, angle diff: 0.006371935372156967, rotation direction: -1
Basic rotation angle: 1.693121693121693, rotation gain: 0.0002872499754084524
Rotation gain: 1.24, direction: -1, curvature radius: 7.5
{'type': 'running', 'physical': {'user_x': 79.6531246292759, 'user_y': 712.0278052096154, 'user_direction': 0.1581651352932658}, 'virtual': {'user_x': 2541.1082829652037, 'user_y': 6613.577825605295, 'user_direction': -0.9871027360027465}, 'user_v': 7.999999999999999, 'user_w': 0, 'delta_t': 0.02, 'need_reset': False}
Tangent angle: 6.0711277038192675, User angle: 0.1581651352932658, Offset angle: 0.3852052105730687
Target angle: 0.17314760721274958, distance: 493.26574972134387, angle diff: 0.014982471919483764, rotation direction: 1
Basic rotation angle: 1.693121693121693, rotation gain: 0.0003149882209530379
Rotation gain: 1.24, direction: 1, curvature radius: 7.5
{'type': 'running', 'physical': {'user_x': 85.90051238948097, 'user_y': 713.1603101493141, 'user_direction': 0.17932915645728698}, 'virtual': {'user_x': 2545.5171609033932, 'user_y': 6606.902363424581, 'user_direction': -0.9871027360027484}, 'user_v': 7.999999999999999, 'user_w': 0, 'delta_t': 0.02, 'need_reset': False}
Tangent angle: 6.066526609915561, User angle: 0.17932915645728698, Offset angle: 0.3897257012959173
Target angle: 0.17306700403189268, distance: 486.93278689618677, angle diff: 0.006262152425394296, rotation direction: -1
Basic rotation angle: 1.693121693121693, rotation gain: 0.0003392296518769984
Rotation gain: 1.24, direction: -1, curvature radius: 7.5
{'type': 'running', 'physical': {'user_x': 92.17046761934387, 'user_y': 714.1603514886182, 'user_direction': 0.1581651352932658}, 'virtual': {'user_x': 2549.926038841583, 'user_y': 6600.226901243867, 'user_direction': -0.9871027360027508}, 'user_v': 7.999999999999999, 'user_w': 0, 'delta_t': 0.02, 'need_reset': False}
Tangent angle: 6.062060724872692, User angle: 0.1581651352932658, Offset angle: 0.3943884621324735
Target angle: 0.1732638798255799, distance: 480.54491965888127, angle diff: 0.015098744532314079, rotation direction: 1
Basic rotation angle: 1.693121693121693, rotation gain: 0.00036051304124799213
Rotation gain: 1.24, direction: 1, curvature radius: 7.5
{'type': 'running', 'physical': {'user_x': 98.41785537954894, 'user_y': 715.2928564283169, 'user_direction': 0.17932915645728698}, 'virtual': {'user_x': 2554.3349167797724, 'user_y': 6593.551439063153, 'user_direction': -0.9871027360027537}, 'user_v': 7.999999999999999, 'user_w': 0, 'delta_t': 0.02, 'need_reset': False}
Tangent angle: 6.057251433294773, User angle: 0.17932915645728698, Offset angle: 0.39911654507300254
Target angle: 0.17318267118819008, distance: 474.2120733864244, angle diff: 0.006146485269096891, rotation direction: -1
Basic rotation angle: 1.693121693121693, rotation gain: 0.00037910625136352937
Rotation gain: 1.24, direction: -1, curvature radius: 7.5
{'type': 'running', 'physical': {'user_x': 104.68781060941184, 'user_y': 716.292897767621, 'user_direction': 0.1581651352932658}, 'virtual': {'user_x': 2558.743794717962, 'user_y': 6586.875976882439, 'user_direction': -0.987102736002757}, 'user_v': 7.999999999999999, 'user_w': 0, 'delta_t': 0.02, 'need_reset': False}
Tangent angle: 6.052575142528928, User angle: 0.1581651352932658, Offset angle: 0.4039966345653691
Target angle: 0.1733864699147114, distance: 467.82283295077445, angle diff: 0.015221334621445592, rotation direction: 1
Basic rotation angle: 1.693121693121693, rotation gain: 0.0003954499836717104
Rotation gain: 1.24, direction: 1, curvature radius: 7.5
{'type': 'running', 'physical': {'user_x': 110.93519836961691, 'user_y': 717.4254027073197, 'user_direction': 0.17932915645728698}, 'virtual': {'user_x': 2563.1526726561515, 'user_y': 6580.200514701725, 'user_direction': -0.9871027360027611}, 'user_v': 7.999999999999999, 'user_w': 0, 'delta_t': 0.02, 'need_reset': False}
Tangent angle: 6.047543950209703, User angle: 0.17932915645728698, Offset angle: 0.4089460661053507
Target angle: 0.17330470913546758, distance: 461.49009241233136, angle diff: 0.006024447321819393, rotation direction: -1
Basic rotation angle: 1.693121693121693, rotation gain: 0.00040972079174902813
Rotation gain: 1.24, direction: -1, curvature radius: 7.5
{'type': 'running', 'physical': {'user_x': 117.20515359947981, 'user_y': 718.4254440466237, 'user_direction': 0.1581651352932658}, 'virtual': {'user_x': 2567.5615505943406, 'user_y': 6573.525052521011, 'user_direction': -0.9871027360027663}, 'user_v': 7.999999999999999, 'user_w': 0, 'delta_t': 0.02, 'need_reset': False}
Tangent angle: 6.042643114159056, User angle: 0.1581651352932658, Offset angle: 0.41405810030289475
Target angle: 0.17351590728236488, distance: 455.09938421024253, angle diff: 0.015350771989099066, rotation direction: 1
Basic rotation angle: 1.693121693121693, rotation gain: 0.00042228513294423743
Rotation gain: 1.24, direction: 1, curvature radius: 7.5
{'type': 'running', 'physical': {'user_x': 123.45254135968489, 'user_y': 719.5579489863225, 'user_direction': 0.17932915645728698}, 'virtual': {'user_x': 2571.9704285325297, 'user_y': 6566.849590340297, 'user_direction': -0.9871027360027662}, 'user_v': 7.999999999999999, 'user_w': 0, 'delta_t': 0.02, 'need_reset': False}
Tangent angle: 6.037375179775427, User angle: 0.17932915645728698, Offset angle: 0.419243787086116
Target angle: 0.17343365968195723, distance: 448.76673618079013, angle diff: 0.005895496775329745, rotation direction: -1
Basic rotation angle: 1.693121693121693, rotation gain: 0.0004332487956375009
Rotation gain: 1.24, direction: -1, curvature radius: 7.5
{'type': 'running', 'physical': {'user_x': 129.7224965895478, 'user_y': 720.5579903256265, 'user_direction': 0.1581651352932658}, 'virtual': {'user_x': 2576.379306470719, 'user_y': 6560.174128159583, 'user_direction': -0.9871027360027659}, 'user_v': 7.999999999999999, 'user_w': 0, 'delta_t': 0.02, 'need_reset': False}
Tangent angle: 6.0322344669774655, User angle: 0.1581651352932658, Offset angle: 0.424603622944503
Target angle: 0.1736527827423826, distance: 442.37445591412916, angle diff: 0.015487647449116793, rotation direction: 1
Basic rotation angle: 1.693121693121693, rotation gain: 0.0004429222877646448
Rotation gain: 1.24, direction: 1, curvature radius: 7.5
{'type': 'running', 'physical': {'user_x': 135.96988434975287, 'user_y': 721.6904952653252, 'user_direction': 0.17932915645728698}, 'virtual': {'user_x': 2580.788184408908, 'user_y': 6553.498665978869, 'user_direction': -0.9871027360027654}, 'user_v': 7.999999999999999, 'user_w': 0, 'delta_t': 0.02, 'need_reset': False}
Tangent angle: 6.026713703109458, User angle: 0.17932915645728698, Offset angle: 0.43004173200569795
Target angle: 0.17357012793556947, distance: 436.0418843050537, angle diff: 0.005759028521717502, rotation direction: -1
Basic rotation angle: 1.693121693121693, rotation gain: 0.0004513563085492848
Rotation gain: 1.24, direction: -1, curvature radius: 7.5
{'type': 'running', 'physical': {'user_x': 142.2398395796158, 'user_y': 722.6905366046293, 'user_direction': 0.1581651352932658}, 'virtual': {'user_x': 2585.1970623470975, 'user_y': 6546.823203798155, 'user_direction': -0.987102736002765}, 'user_v': 7.999999999999999, 'user_w': 0, 'delta_t': 0.02, 'need_reset': False}
Tangent angle: 6.021316476121308, User angle: 0.1581651352932658, Offset angle: 0.4356665882319022
Target angle: 0.17379775717362378, distance: 429.64791660198676, angle diff: 0.015632621880357966, rotation direction: 1
Basic rotation angle: 1.693121693121693, rotation gain: 0.00045881948004564274
Rotation gain: 1.24, direction: 1, curvature radius: 7.5
{'type': 'running', 'physical': {'user_x': 148.48722733982086, 'user_y': 723.823041544328, 'user_direction': 0.17932915645728698}, 'virtual': {'user_x': 2589.6059402852866, 'user_y': 6540.147741617441, 'user_direction': -0.9871027360027806}, 'user_v': 7.999999999999999, 'user_w': 0, 'delta_t': 0.02, 'need_reset': False}
Tangent angle: 6.015525431181403, User angle: 0.17932915645728698, Offset angle: 0.4413746678353989
Target angle: 0.17371479183721572, distance: 423.31540190804657, angle diff: 0.005614364620071255, rotation direction: -1
Basic rotation angle: 1.693121693121693, rotation gain: 0.00046531935674260405
Rotation gain: 1.24, direction: -1, curvature radius: 7.5
{'type': 'running', 'physical': {'user_x': 154.75718256968378, 'user_y': 724.8230828836321, 'user_direction': 0.1581651352932658}, 'virtual': {'user_x': 2594.0148182234757, 'user_y': 6533.472279436727, 'user_direction': -0.9871027360027876}, 'user_v': 7.999999999999999, 'user_w': 0, 'delta_t': 0.02, 'need_reset': False}
Tangent angle: 6.009853621652255, User angle: 0.1581651352932658, Offset angle: 0.4472832577641509
Target angle: 0.17395157223681945, distance: 416.919618744261, angle diff: 0.01578643694355364, rotation direction: 1
Basic rotation angle: 1.693121693121693, rotation gain: 0.00047109350443199835
Rotation gain: 1.24, direction: 1, curvature radius: 7.5
{'type': 'running', 'physical': {'user_x': 161.00457032988885, 'user_y': 725.9555878233308, 'user_direction': 0.17932915645728698}, 'virtual': {'user_x': 2597.792039228018, 'user_y': 6527.7532061674, 'user_direction': -0.9871027360027876}, 'user_v': 0, 'user_w': 0.1, 'delta_t': 0.02, 'need_reset': False}
Tangent angle: 6.003773350946816, User angle: 0.17932915645728698, Offset angle: 0.45328036970550745
Target angle: 0.17386841347273752, distance: 410.5871373717963, angle diff: 0.00546074298454946, rotation direction: -1
Basic rotation angle: 0.0, rotation gain: 0.0004143371029882226
Rotation gain: 1.24, direction: -1, curvature radius: 2500000
{'type': 'running', 'physical': {'user_x': 167.27452555975177, 'user_y': 726.9556291626349, 'user_direction': 0.1581651352932658}, 'virtual': {'user_x': 2597.792039228018, 'user_y': 6527.7532061674, 'user_direction': -1.0871027360027876}, 'user_v': 0, 'user_w': 0.1, 'delta_t': 0.02, 'need_reset': False}
Tangent angle: 5.997807323193056, User angle: 0.1581651352932658, Offset angle: 0.45949304710970823
Target angle: 0.17411506312317826, distance: 404.1893962063063, angle diff: 0.015949927829912447, rotation direction: 1
Basic rotation angle: 0.0, rotation gain: 0.00036467826408659955
Rotation gain: 1.24, direction: 1, curvature radius: 2500000
{'type': 'running', 'physical': {'user_x': 167.27452555975177, 'user_y': 726.9556291626349, 'user_direction': 0.2388102965835884}, 'virtual': {'user_x': 2597.792039228018, 'user_y': 6527.7532061674, 'user_direction': -1.1871027360027877}, 'user_v': 0, 'user_w': 0.1, 'delta_t': 0.02, 'need_reset': False}
Tangent angle: 5.997807323193056, User angle: 0.2388102965835884, Offset angle: 0.45949304710970823
Target angle: 0.17411506312317826, distance: 404.1893962063063, angle diff: 0.06469523346041015, rotation direction: -1
Basic rotation angle: 0.0, rotation gain: 0.00032122678004767937
Rotation gain: 1.24, direction: -1, curvature radius: 2500000
{'type': 'running', 'physical': {'user_x': 167.27452555975177, 'user_y': 726.9556291626349, 'user_direction': 0.319455457873911}, 'virtual': {'user_x': 2597.792039228018, 'user_y': 6527.7532061674, 'user_direction': -1.2871027360027878}, 'user_v': 0, 'user_w': 0.1, 'delta_t': 0.02, 'need_reset': False}
Tangent angle: 5.997807323193056, User angle: 0.319455457873911, Offset angle: 0.45949304710970823
Target angle: 0.17411506312317826, distance: 404.1893962063063, angle diff: 0.14534039475073274, rotation direction: -1
Basic rotation angle: 0.0, rotation gain: 0.00028320673151362424
Rotation gain: 1.24, direction: -1, curvature radius: 2500000
{'type': 'running', 'physical': {'user_x': 167.27452555975177, 'user_y': 726.9556291626349, 'user_direction': 0.40010061916423356}, 'virtual': {'user_x': 2597.792039228018, 'user_y': 6527.7532061674, 'user_direction': -1.3871027360027879}, 'user_v': 0, 'user_w': 0.1, 'delta_t': 0.02, 'need_reset': False}
Tangent angle: 5.997807323193056, User angle: 0.40010061916423356, Offset angle: 0.45949304710970823
Target angle: 0.17411506312317826, distance: 404.1893962063063, angle diff: 0.2259855560410553, rotation direction: -1
Basic rotation angle: 0.0, rotation gain: 0.000249939189046326
Rotation gain: 1.24, direction: -1, curvature radius: 2500000
{'type': 'running', 'physical': {'user_x': 167.27452555975177, 'user_y': 726.9556291626349, 'user_direction': 0.4807457804545562}, 'virtual': {'user_x': 2597.792039228018, 'user_y': 6527.7532061674, 'user_direction': -1.487102736002788}, 'user_v': 0, 'user_w': 0.1, 'delta_t': 0.02, 'need_reset': False}
Tangent angle: 5.997807323193056, User angle: 0.4807457804545562, Offset angle: 0.45949304710970823
Target angle: 0.17411506312317826, distance: 404.1893962063063, angle diff: 0.3066307173313779, rotation direction: -1
Basic rotation angle: 0.0, rotation gain: 0.00022083008938744
Rotation gain: 1.24, direction: -1, curvature radius: 2500000
{'type': 'running', 'physical': {'user_x': 167.27452555975177, 'user_y': 726.9556291626349, 'user_direction': 0.5613909417448788}, 'virtual': {'user_x': 2597.792039228018, 'user_y': 6527.7532061674, 'user_direction': -1.587102736002788}, 'user_v': 0, 'user_w': 0.1, 'delta_t': 0.02, 'need_reset': False}
Tangent angle: 5.997807323193056, User angle: 0.5613909417448788, Offset angle: 0.45949304710970823
Target angle: 0.17411506312317826, distance: 404.1893962063063, angle diff: 0.38727587862170054, rotation direction: -1
Basic rotation angle: 0.0, rotation gain: 0.0001953596271859148
Rotation gain: 1.24, direction: -1, curvature radius: 2500000
{'type': 'running', 'physical': {'user_x': 167.27452555975177, 'user_y': 726.9556291626349, 'user_direction': 0.6420361030352014}, 'virtual': {'user_x': 2597.792039228018, 'user_y': 6527.7532061674, 'user_direction': -1.6871027360027882}, 'user_v': 0, 'user_w': 0.1, 'delta_t': 0.02, 'need_reset': False}
Tangent angle: 5.997807323193056, User angle: 0.6420361030352014, Offset angle: 0.45949304710970823
Target angle: 0.17411506312317826, distance: 404.1893962063063, angle diff: 0.46792103991202316, rotation direction: -1
Basic rotation angle: 0.0, rotation gain: 0.00017307297275958022
Rotation gain: 1.24, direction: -1, curvature radius: 2500000
{'type': 'running', 'physical': {'user_x': 167.27452555975177, 'user_y': 726.9556291626349, 'user_direction': 0.722681264325524}, 'virtual': {'user_x': 2597.792039228018, 'user_y': 6527.7532061674, 'user_direction': -1.7871027360027882}, 'user_v': 0, 'user_w': 0.1, 'delta_t': 0.02, 'need_reset': False}
Tangent angle: 5.997807323193056, User angle: 0.722681264325524, Offset angle: 0.45949304710970823
Target angle: 0.17411506312317826, distance: 404.1893962063063, angle diff: 0.5485662012023458, rotation direction: -1
Basic rotation angle: 0.0, rotation gain: 0.00015357215013653747
Rotation gain: 1.24, direction: -1, curvature radius: 2500000
{'type': 'running', 'physical': {'user_x': 167.27452555975177, 'user_y': 726.9556291626349, 'user_direction': 0.8033264256158467}, 'virtual': {'user_x': 2597.792039228018, 'user_y': 6527.7532061674, 'user_direction': -1.8871027360027883}, 'user_v': 0, 'user_w': 0.1, 'delta_t': 0.02, 'need_reset': False}
Tangent angle: 5.997807323193056, User angle: 0.8033264256158467, Offset angle: 0.45949304710970823
Target angle: 0.17411506312317826, distance: 404.1893962063063, angle diff: 0.6292113624926684, rotation direction: -1
Basic rotation angle: 0.0, rotation gain: 0.00013650893034137504
Rotation gain: 1.24, direction: -1, curvature radius: 2500000
{'type': 'running', 'physical': {'user_x': 167.27452555975177, 'user_y': 726.9556291626349, 'user_direction': 0.8839715869061693}, 'virtual': {'user_x': 2597.792039228018, 'user_y': 6527.7532061674, 'user_direction': -1.9871027360027884}, 'user_v': 0, 'user_w': 0.1, 'delta_t': 0.02, 'need_reset': False}
Tangent angle: 5.997807323193056, User angle: 0.8839715869061693, Offset angle: 0.45949304710970823
Target angle: 0.17411506312317826, distance: 404.1893962063063, angle diff: 0.709856523782991, rotation direction: -1
Basic rotation angle: 0.0, rotation gain: 0.00012157861302060793
Rotation gain: 1.24, direction: -1, curvature radius: 2500000
{'type': 'running', 'physical': {'user_x': 167.27452555975177, 'user_y': 726.9556291626349, 'user_direction': 0.9646167481964919}, 'virtual': {'user_x': 2597.792039228018, 'user_y': 6527.7532061674, 'user_direction': -2.0871027360027883}, 'user_v': 0, 'user_w': 0.1, 'delta_t': 0.02, 'need_reset': False}
Tangent angle: 5.997807323193056, User angle: 0.9646167481964919, Offset angle: 0.45949304710970823
Target angle: 0.17411506312317826, distance: 404.1893962063063, angle diff: 0.7905016850733136, rotation direction: -1
Basic rotation angle: 0.0, rotation gain: 0.00010851458536493671
Rotation gain: 1.24, direction: -1, curvature radius: 2500000
{'type': 'running', 'physical': {'user_x': 167.27452555975177, 'user_y': 726.9556291626349, 'user_direction': 1.0452619094868145}, 'virtual': {'user_x': 2597.792039228018, 'user_y': 6527.7532061674, 'user_direction': -2.1871027360027884}, 'user_v': 0, 'user_w': 0.1, 'delta_t': 0.02, 'need_reset': False}
Tangent angle: 5.997807323193056, User angle: 1.0452619094868145, Offset angle: 0.45949304710970823
Target angle: 0.17411506312317826, distance: 404.1893962063063, angle diff: 0.8711468463636363, rotation direction: -1
Basic rotation angle: 0.0, rotation gain: 9.708356116622439e-05
Rotation gain: 1.24, direction: -1, curvature radius: 2500000
{'type': 'running', 'physical': {'user_x': 167.27452555975177, 'user_y': 726.9556291626349, 'user_direction': 1.125907070777137}, 'virtual': {'user_x': 2597.792039228018, 'user_y': 6527.7532061674, 'user_direction': -2.2871027360027885}, 'user_v': 0, 'user_w': 0.1, 'delta_t': 0.02, 'need_reset': False}
Tangent angle: 5.997807323193056, User angle: 1.125907070777137, Offset angle: 0.45949304710970823
Target angle: 0.17411506312317826, distance: 404.1893962063063, angle diff: 0.9517920076539588, rotation direction: -1
Basic rotation angle: 0.0, rotation gain: 8.708141499235111e-05
Rotation gain: 1.24, direction: -1, curvature radius: 2500000
{'type': 'running', 'physical': {'user_x': 167.27452555975177, 'user_y': 726.9556291626349, 'user_direction': 1.2065522320674595}, 'virtual': {'user_x': 2597.792039228018, 'user_y': 6527.7532061674, 'user_direction': -2.3871027360027885}, 'user_v': 0, 'user_w': 0.1, 'delta_t': 0.02, 'need_reset': False}
Tangent angle: 5.997807323193056, User angle: 1.2065522320674595, Offset angle: 0.45949304710970823
Target angle: 0.17411506312317826, distance: 404.1893962063063, angle diff: 1.0324371689442813, rotation direction: -1
Basic rotation angle: 0.0, rotation gain: 7.832953709021199e-05
Rotation gain: 1.24, direction: -1, curvature radius: 2500000
{'type': 'running', 'physical': {'user_x': 167.27452555975177, 'user_y': 726.9556291626349, 'user_direction': 1.287197393357782}, 'virtual': {'user_x': 2597.792039228018, 'user_y': 6527.7532061674, 'user_direction': -2.4871027360027886}, 'user_v': 0, 'user_w': 0.1, 'delta_t': 0.02, 'need_reset': False}
Tangent angle: 5.997807323193056, User angle: 1.287197393357782, Offset angle: 0.45949304710970823
Target angle: 0.17411506312317826, distance: 404.1893962063063, angle diff: 1.1130823302346038, rotation direction: -1
Basic rotation angle: 0.0, rotation gain: 7.067164392584026e-05
Rotation gain: 1.24, direction: -1, curvature radius: 2500000
{'type': 'running', 'physical': {'user_x': 167.27452555975177, 'user_y': 726.9556291626349, 'user_direction': 1.3678425546481046}, 'virtual': {'user_x': 2597.792039228018, 'user_y': 6527.7532061674, 'user_direction': -2.5871027360027887}, 'user_v': 0, 'user_w': 0.1, 'delta_t': 0.02, 'need_reset': False}
Tangent angle: 5.997807323193056, User angle: 1.3678425546481046, Offset angle: 0.45949304710970823
Target angle: 0.17411506312317826, distance: 404.1893962063063, angle diff: 1.1937274915249263, rotation direction: -1
Basic rotation angle: 0.0, rotation gain: 6.3970987407015e-05
Rotation gain: 1.24, direction: -1, curvature radius: 2500000
{'type': 'running', 'physical': {'user_x': 167.27452555975177, 'user_y': 726.9556291626349, 'user_direction': 1.448487715938427}, 'virtual': {'user_x': 2597.792039228018, 'user_y': 6527.7532061674, 'user_direction': -2.687102736002789}, 'user_v': 0, 'user_w': 0.1, 'delta_t': 0.02, 'need_reset': False}
Tangent angle: 5.997807323193056, User angle: 1.448487715938427, Offset angle: 0.45949304710970823
Target angle: 0.17411506312317826, distance: 404.1893962063063, angle diff: 1.2743726528152488, rotation direction: -1
Basic rotation angle: 0.0, rotation gain: 5.8107912953042894e-05
Rotation gain: 1.24, direction: -1, curvature radius: 2500000
{'type': 'running', 'physical': {'user_x': 167.27452555975177, 'user_y': 726.9556291626349, 'user_direction': 1.5291328772287496}, 'virtual': {'user_x': 2597.792039228018, 'user_y': 6527.7532061674, 'user_direction': -2.787102736002789}, 'user_v': 0, 'user_w': 0.1, 'delta_t': 0.02, 'need_reset': False}
Tangent angle: 5.997807323193056, User angle: 1.5291328772287496, Offset angle: 0.45949304710970823
Target angle: 0.17411506312317826, distance: 404.1893962063063, angle diff: 1.3550178141055713, rotation direction: -1
Basic rotation angle: 0.0, rotation gain: 5.2977722805817306e-05
Rotation gain: 1.24, direction: -1, curvature radius: 2500000
{'type': 'running', 'physical': {'user_x': 167.27452555975177, 'user_y': 726.9556291626349, 'user_direction': 1.609778038519072}, 'virtual': {'user_x': 2597.792039228018, 'user_y': 6527.7532061674, 'user_direction': -2.887102736002789}, 'user_v': 0, 'user_w': 0.1, 'delta_t': 0.02, 'need_reset': False}
Tangent angle: 5.997807323193056, User angle: 1.609778038519072, Offset angle: 0.45949304710970823
Target angle: 0.17411506312317826, distance: 404.1893962063063, angle diff: 1.4356629753958938, rotation direction: -1
Basic rotation angle: 0.0, rotation gain: 4.848880642699491e-05
Rotation gain: 1.24, direction: -1, curvature radius: 2500000
{'type': 'running', 'physical': {'user_x': 167.27452555975177, 'user_y': 726.9556291626349, 'user_direction': 1.6904231998093946}, 'virtual': {'user_x': 2597.792039228018, 'user_y': 6527.7532061674, 'user_direction': -2.987102736002789}, 'user_v': 0, 'user_w': 0.1, 'delta_t': 0.02, 'need_reset': False}
Tangent angle: 5.997807323193056, User angle: 1.6904231998093946, Offset angle: 0.45949304710970823
Target angle: 0.17411506312317826, distance: 404.1893962063063, angle diff: 1.5163081366862163, rotation direction: -1
Basic rotation angle: 0.0, rotation gain: 4.456100459552532e-05
Rotation gain: 1.24, direction: -1, curvature radius: 2500000
{'type': 'running', 'physical': {'user_x': 167.27452555975177, 'user_y': 726.9556291626349, 'user_direction': 1.771068361099717}, 'virtual': {'user_x': 2597.792039228018, 'user_y': 6527.7532061674, 'user_direction': -3.087102736002789}, 'user_v': 0, 'user_w': 0.1, 'delta_t': 0.02, 'need_reset': False}
Tangent angle: 5.997807323193056, User angle: 1.771068361099717, Offset angle: 0.45949304710970823
Target angle: 0.17411506312317826, distance: 404.1893962063063, angle diff: 1.5969532979765388, rotation direction: -1
Basic rotation angle: 0.0, rotation gain: 4.112417799298942e-05
Rotation gain: 1.24, direction: -1, curvature radius: 2500000
{'type': 'running', 'physical': {'user_x': 167.27452555975177, 'user_y': 726.9556291626349, 'user_direction': 1.8517135223900396}, 'virtual': {'user_x': 2597.792039228018, 'user_y': 6527.7532061674, 'user_direction': 3.096082571176797}, 'user_v': 0, 'user_w': 0.1, 'delta_t': 0.02, 'need_reset': False}
Tangent angle: 5.997807323193056, User angle: 1.8517135223900396, Offset angle: 0.45949304710970823
Target angle: 0.17411506312317826, distance: 404.1893962063063, angle diff: 1.6775984592668614, rotation direction: -1
Basic rotation angle: 0.0, rotation gain: 3.811695471577052e-05
Rotation gain: 1.24, direction: -1, curvature radius: 2500000
{'type': 'running', 'physical': {'user_x': 167.27452555975177, 'user_y': 726.9556291626349, 'user_direction': 1.9323586836803621}, 'virtual': {'user_x': 2597.792039228018, 'user_y': 6527.7532061674, 'user_direction': 2.9829191777246282}, 'user_v': 7.999999999999999, 'user_w': 0, 'delta_t': 0.02, 'need_reset': False}
Tangent angle: 5.997807323193056, User angle: 1.9323586836803621, Offset angle: 0.45949304710970823
Target angle: 0.17411506312317826, distance: 404.1893962063063, angle diff: 1.7582436205571839, rotation direction: -1
Basic rotation angle: 1.693121693121693, rotation gain: 9.735130453344231e-05
Rotation gain: 1.24, direction: -1, curvature radius: 7.5
{'type': 'running', 'physical': {'user_x': 167.27452555975177, 'user_y': 726.9556291626349, 'user_direction': 2.013003844970685}, 'virtual': {'user_x': 2589.8925371947007, 'user_y': 6529.017274055455, 'user_direction': 2.9829191777246282}, 'user_v': 7.999999999999999, 'user_w': 0, 'delta_t': 0.02, 'need_reset': False}
Tangent angle: 5.997807323193056, User angle: 2.013003844970685, Offset angle: 0.45949304710970823
Target angle: 0.17411506312317826, distance: 404.1893962063063, angle diff: 1.8388887818475066, rotation direction: -1
Basic rotation angle: 1.693121693121693, rotation gain: 0.00014918136062390513
Rotation gain: 1.24, direction: -1, curvature radius: 7.5
{'type': 'running', 'physical': {'user_x': 164.67952215362453, 'user_y': 732.7503145369232, 'user_direction': 1.9918398238066637}, 'virtual': {'user_x': 2581.9930351613834, 'user_y': 6530.281341943511, 'user_direction': 2.982919177724627}, 'user_v': 7.999999999999999, 'user_w': 0, 'delta_t': 0.02, 'need_reset': False}
Tangent angle: 5.98719483597213, User angle: 1.9918398238066637, Offset angle: 0.4549892496815084
Target angle: 0.15899877847405275, distance: 408.8111598795325, angle diff: 1.832841045332611, rotation direction: -1
Basic rotation angle: 1.693121693121693, rotation gain: 0.00018899194086980574
Rotation gain: 1.24, direction: -1, curvature radius: 7.5
{'type': 'running', 'physical': {'user_x': 162.20772958610019, 'user_y': 738.5986188012321, 'user_direction': 1.9706758026426425}, 'virtual': {'user_x': 2574.093533128066, 'user_y': 6531.545409831566, 'user_direction': 2.982919177724625}, 'user_v': 7.999999999999999, 'user_w': 0, 'delta_t': 0.02, 'need_reset': False}
Tangent angle: 5.976582895823968, User angle: 1.9706758026426425, Offset angle: 0.4506301130156353
Target angle: 0.14402770166001755, distance: 413.3662409628614, angle diff: 1.826648100982625, rotation direction: -1
Basic rotation angle: 1.693121693121693, rotation gain: 0.00021833453715575915
Rotation gain: 1.24, direction: -1, curvature radius: 7.5
{'type': 'running', 'physical': {'user_x': 159.86025497077847, 'user_y': 744.4979225055029, 'user_direction': 1.9495117814786214}, 'virtual': {'user_x': 2566.194031094749, 'user_y': 6532.809477719621, 'user_direction': 2.982919177724624}, 'user_v': 7.999999999999999, 'user_w': 0, 'delta_t': 0.02, 'need_reset': False}
Tangent angle: 5.965971481622912, User angle: 1.9495117814786214, Offset angle: 0.4464101091010374
Target angle: 0.1291962835443634, distance: 417.8548130185824, angle diff: 1.820315497934258, rotation direction: -1
Basic rotation angle: 1.693121693121693, rotation gain: 0.00023856517179617718
Rotation gain: 1.24, direction: -1, curvature radius: 7.5
{'type': 'running', 'physical': {'user_x': 157.63814973936357, 'user_y': 750.4455833570747, 'user_direction': 1.9283477603146002}, 'virtual': {'user_x': 2558.2945290614316, 'user_y': 6534.073545607676, 'user_direction': 2.982919177724622}, 'user_v': 7.999999999999999, 'user_w': 0, 'delta_t': 0.02, 'need_reset': False}
Tangent angle: 5.955360573210904, User angle: 1.9283477603146002, Offset angle: 0.44232401929476167
Target angle: 0.11449928532607956, distance: 422.2770182210538, angle diff: 1.8138484749885206, rotation direction: -1
Basic rotation angle: 1.693121693121693, rotation gain: 0.0002508689173701457
Rotation gain: 1.24, direction: -1, curvature radius: 7.5
{'type': 'running', 'physical': {'user_x': 155.5424091707288, 'user_y': 756.4389374041656, 'user_direction': 1.907183739150579}, 'virtual': {'user_x': 2550.3950270281143, 'user_y': 6535.337613495732, 'user_direction': 2.98291917772462}, 'user_v': 7.999999999999999, 'user_w': 0, 'delta_t': 0.02, 'need_reset': False}
Tangent angle: 5.944750151340279, User angle: 1.907183739150579, Offset angle: 0.43836691300837743
Target angle: 0.09993175716907032, distance: 426.6329701065124, angle diff: 1.8072519819815087, rotation direction: -1
Basic rotation angle: 1.693121693121693, rotation gain: 0.0002562813459783232
Rotation gain: 1.24, direction: -1, curvature radius: 7.5
{'type': 'running', 'physical': {'user_x': 153.5739719451322, 'user_y': 762.4753002290535, 'user_direction': 1.8860197179865579}, 'virtual': {'user_x': 2542.495524994797, 'user_y': 6536.601681383787, 'user_direction': 2.9829191777246176}, 'user_v': 7.999999999999999, 'user_w': 0, 'delta_t': 0.02, 'need_reset': False}
Tangent angle: 5.934140197620486, User angle: 1.8860197179865579, Offset angle: 0.43453412819891213
Target angle: 0.08548901863981229, distance: 430.9227560820694, angle diff: 1.8005306993467456, rotation direction: -1
Basic rotation angle: 1.693121693121693, rotation gain: 0.0002557072921890973
Rotation gain: 1.24, direction: -1, curvature radius: 7.5
{'type': 'running', 'physical': {'user_x': 151.7337197237824, 'user_y': 768.5519681504245, 'user_direction': 1.8648556968225367}, 'virtual': {'user_x': 2534.59602296148, 'user_y': 6537.865749271842, 'user_direction': 2.982919177724615}, 'user_v': 7.999999999999999, 'user_w': 0, 'delta_t': 0.02, 'need_reset': False}
Tangent angle: 5.923530694468457, User angle: 1.8648556968225367, Offset angle: 0.4308212534847366
Target angle: 0.07116664077360735, distance: 435.1464397189274, angle diff: 1.7936890560489294, rotation direction: -1
Basic rotation angle: 1.693121693121693, rotation gain: 0.0002499372658659274
Rotation gain: 1.24, direction: -1, curvature radius: 7.5
{'type': 'running', 'physical': {'user_x': 150.02247675394352, 'user_y': 774.6662194343496, 'user_direction': 1.8436916756585155}, 'virtual': {'user_x': 2526.6965209281625, 'user_y': 6539.129817159897, 'user_direction': 2.982919177724612}, 'user_v': 7.999999999999999, 'user_w': 0, 'delta_t': 0.02, 'need_reset': False}
Tangent angle: 5.912921625062308, User angle: 1.8436916756585155, Offset angle: 0.4272241117274572
Target angle: 0.056960429610178664, distance: 439.3040628518517, angle diff: 1.7867312460483369, rotation direction: -1
Basic rotation angle: 1.693121693121693, rotation gain: 0.00023966180900647933
Rotation gain: 1.24, direction: -1, curvature radius: 7.5
{'type': 'running', 'physical': {'user_x': 148.4410094997555, 'user_y': 780.8153155133464, 'user_direction': 1.8225276544944944}, 'virtual': {'user_x': 2518.797018894845, 'user_y': 6540.393885047953, 'user_direction': 2.982919177724608}, 'user_v': 7.999999999999999, 'user_w': 0, 'delta_t': 0.02, 'need_reset': False}
Tangent angle: 5.90231297329812, User angle: 1.8225276544944944, Offset angle: 0.4237387449388123
Target angle: 0.042866411057345566, distance: 443.39564750433766, angle diff: 1.7796612434371488, rotation direction: -1
Basic rotation angle: 1.693121693121693, rotation gain: 0.00022548405392451776
Rotation gain: 1.24, direction: -1, curvature radius: 7.5
{'type': 'running', 'physical': {'user_x': 146.99002629893548, 'user_y': 786.996502212981, 'user_direction': 1.8013636333304732}, 'virtual': {'user_x': 2510.897516861528, 'user_y': 6541.657952936008, 'user_direction': 2.9829191777246034}, 'user_v': 7.999999999999999, 'user_w': 0, 'delta_t': 0.02, 'need_reset': False}
Tangent angle: 5.8917047237495765, User angle: 1.8013636333304732, Offset angle: 0.42036140038721903
Target angle: 0.028880816957209454, distance: 447.42119765666956, angle diff: 1.7724828163732638, rotation direction: -1
Basic rotation angle: 1.693121693121693, rotation gain: 0.0002079307079093745
Rotation gain: 1.24, direction: -1, curvature radius: 7.5
{'type': 'running', 'physical': {'user_x': 145.67017704551412, 'user_y': 793.2070109854606, 'user_direction': 1.780199612166452}, 'virtual': {'user_x': 2502.9980148282107, 'user_y': 6542.922020824064, 'user_direction': 2.9829191777245976}, 'user_v': 7.999999999999999, 'user_w': 0, 'delta_t': 0.02, 'need_reset': False}
Tangent angle: 5.881096861630207, User angle: 1.780199612166452, Offset angle: 0.41708851779231054
Target angle: 0.015000072242931317, distance: 451.38070087210235, angle diff: 1.7651995399235207, rotation direction: -1
Basic rotation angle: 1.693121693121693, rotation gain: 0.0001874616613292523
Rotation gain: 1.24, direction: -1, curvature radius: 7.5
{'type': 'running', 'physical': {'user_x': 144.4820528987486, 'user_y': 799.4440601496627, 'user_direction': 1.759035591002431}, 'virtual': {'user_x': 2495.0985127948934, 'user_y': 6544.186088712119, 'user_direction': 2.9829191777246056}, 'user_v': 7.999999999999999, 'user_w': 0, 'delta_t': 0.02, 'need_reset': False}
Tangent angle: 5.870489372758068, User angle: 1.759035591002431, Offset angle: 0.4139167175077928
Target angle: 0.0012207830862749347, distance: 455.2741297946993, angle diff: 1.757814807916156, rotation direction: -1
Basic rotation angle: 1.693121693121693, rotation gain: 0.0001644783914998993
Rotation gain: 1.24, direction: -1, curvature radius: 7.5
{'type': 'running', 'physical': {'user_x': 143.4261860183429, 'user_y': 805.7048561370484, 'user_direction': 1.7378715698384097}, 'virtual': {'user_x': 2487.199010761576, 'user_y': 6545.450156600175, 'user_direction': 2.982919177724598}, 'user_v': 7.999999999999999, 'user_w': 0, 'delta_t': 0.02, 'need_reset': False}
Tangent angle: 5.859882243522661, User angle: 1.7378715698384097, Offset angle: 0.41084278960349874
Target angle: 6.27072503312616, distance: 459.1014435308613, angle diff: 1.7503318438918356, rotation direction: -1
Basic rotation angle: 1.693121693121693, rotation gain: 0.00010230288259137712
Rotation gain: 1.24, direction: -1, curvature radius: 7.5
{'type': 'running', 'physical': {'user_x': 142.50304932609396, 'user_y': 811.9865947428984, 'user_direction': 1.7167075486743886}, 'virtual': {'user_x': 2479.299508728259, 'user_y': 6546.714224488231, 'user_direction': 2.982919177724609}, 'user_v': 7.999999999999999, 'user_w': 0, 'delta_t': 0.02, 'need_reset': False}
Tangent angle: 5.8492754608539315, User angle: 1.7167075486743886, Offset angle: 0.4078636837667942
Target angle: 6.257139144620726, distance: 462.86258892527945, angle diff: 1.7427537112332487, rotation direction: -1
Basic rotation angle: 1.693121693121693, rotation gain: 0.00015206502131944317
Rotation gain: 1.24, direction: -1, curvature radius: 7.5
{'type': 'running', 'physical': {'user_x': 141.71305629407055, 'user_y': 818.2864623823141, 'user_direction': 1.6955435275103674}, 'virtual': {'user_x': 2471.4000066949416, 'user_y': 6547.978292376286, 'user_direction': 2.9829191777245994}, 'user_v': 7.999999999999999, 'user_w': 0, 'delta_t': 0.02, 'need_reset': False}
Tangent angle: 5.838669012193184, User angle: 1.6955435275103674, Offset angle: 0.4049764999516834
Target angle: 6.243645512144867, distance: 466.5575017408971, angle diff: 1.735083322545087, rotation direction: -1
Basic rotation angle: 1.693121693121693, rotation gain: 0.0001038992706640986
Rotation gain: 1.24, direction: -1, curvature radius: 7.5
{'type': 'running', 'physical': {'user_x': 141.0565607594194, 'user_y': 824.6016373504195, 'user_direction': 1.6743795063463462}, 'virtual': {'user_x': 2463.5005046616243, 'user_y': 6549.242360264342, 'user_direction': 2.9829191777245843}, 'user_v': 7.999999999999999, 'user_w': 0, 'delta_t': 0.02, 'need_reset': False}
Tangent angle: 5.828062885465783, User angle: 1.6743795063463462, Offset angle: 0.40217847971119886
Target angle: 6.230241365176982, distance: 470.18610775145396, angle diff: 1.7273234483489501, rotation direction: -1
Basic rotation angle: 1.693121693121693, rotation gain: 0.0001414375711022626
Rotation gain: 1.24, direction: -1, curvature radius: 7.5
{'type': 'running', 'physical': {'user_x': 140.53385676588195, 'user_y': 830.9292910862005, 'user_direction': 1.653215485182325}, 'virtual': {'user_x': 2455.601002628307, 'user_y': 6550.506428152397, 'user_direction': 2.982919177724603}, 'user_v': 7.999999999999999, 'user_w': 0, 'delta_t': 0.02, 'need_reset': False}
Tangent angle: 5.81745706905552, User angle: 1.653215485182325, Offset angle: 0.3994669981550805
Target angle: 6.2169240672106, distance: 473.74832375430117, angle diff: 1.7194767251513108, rotation direction: -1
Basic rotation angle: 1.693121693121693, rotation gain: 0.00010400159380865814
Rotation gain: 1.24, direction: -1, curvature radius: 7.5
{'type': 'running', 'physical': {'user_x': 140.14517843209237, 'user_y': 837.2665894394141, 'user_direction': 1.632051464018304}, 'virtual': {'user_x': 2447.7015005949897, 'user_y': 6551.7704960404535, 'user_direction': 2.982919177724569}, 'user_v': 7.999999999999999, 'user_w': 0, 'delta_t': 0.02, 'need_reset': False}
Tangent angle: 5.806851551780486, User angle: 1.632051464018304, Offset angle: 0.39683955648043867
Target angle: 6.203691108260925, distance: 477.24405851038483, angle diff: 1.711545662936965, rotation direction: -1
Basic rotation angle: 1.693121693121693, rotation gain: 0.00013218451797185267
Rotation gain: 1.24, direction: -1, curvature radius: 7.5
{'type': 'running', 'physical': {'user_x': 139.89069984671607, 'user_y': 843.6106939400026, 'user_direction': 1.6108874428542828}, 'virtual': {'user_x': 2444.2532687197663, 'user_y': 6552.322277553472, 'user_direction': 2.982919177724569}, 'user_v': 0, 'user_w': 0.1, 'delta_t': 0.02, 'need_reset': False}
Tangent angle: 5.796246322870409, User angle: 1.6108874428542828, Offset angle: 0.3942937750281613
Target angle: 6.19054009789857, distance: 480.67321361760366, angle diff: 1.7035326521352996, rotation direction: -1
Basic rotation angle: 0.0, rotation gain: 0.00010837383896521073
Rotation gain: 1.24, direction: -1, curvature radius: 2500000
{'type': 'running', 'physical': {'user_x': 139.77053499047557, 'user_y': 849.9587630694409, 'user_direction': 1.5897234216902616}, 'virtual': {'user_x': 2444.2532687197663, 'user_y': 6552.322277553472, 'user_direction': 2.882919177724569}, 'user_v': 0, 'user_w': 0.1, 'delta_t': 0.02, 'need_reset': False}
Tangent angle: 5.785641371945288, User angle: 1.5897234216902616, Offset angle: 0.3918273868223385
Target angle: 6.177468758767627, distance: 484.03568432312716, angle diff: 1.6954399701022211, rotation direction: -1
Basic rotation angle: 0.0, rotation gain: 8.769088584906905e-05
Rotation gain: 1.24, direction: -1, curvature radius: 2500000
{'type': 'running', 'physical': {'user_x': 139.77053499047557, 'user_y': 849.9587630694409, 'user_direction': 1.670368582980584}, 'virtual': {'user_x': 2444.2532687197663, 'user_y': 6552.322277553472, 'user_direction': 2.782919177724569}, 'user_v': 0, 'user_w': 0.1, 'delta_t': 0.02, 'need_reset': False}
Tangent angle: 5.785641371945288, User angle: 1.670368582980584, Offset angle: 0.3918273868223385
Target angle: 6.177468758767627, distance: 484.03568432312716, angle diff: 1.7760851313925432, rotation direction: -1
Basic rotation angle: 0.0, rotation gain: 6.959330187244507e-05
Rotation gain: 1.24, direction: -1, curvature radius: 2500000
{'type': 'running', 'physical': {'user_x': 139.77053499047557, 'user_y': 849.9587630694409, 'user_direction': 1.7510137442709066}, 'virtual': {'user_x': 2444.2532687197663, 'user_y': 6552.322277553472, 'user_direction': 2.682919177724569}, 'user_v': 0, 'user_w': 0.1, 'delta_t': 0.02, 'need_reset': False}
Tangent angle: 5.785641371945288, User angle: 1.7510137442709066, Offset angle: 0.3918273868223385
Target angle: 6.177468758767627, distance: 484.03568432312716, angle diff: 1.8567302926828662, rotation direction: -1
Basic rotation angle: 0.0, rotation gain: 5.375791589289911e-05
Rotation gain: 1.24, direction: -1, curvature radius: 2500000
{'type': 'running', 'physical': {'user_x': 139.77053499047557, 'user_y': 849.9587630694409, 'user_direction': 1.8316589055612291}, 'virtual': {'user_x': 2444.2532687197663, 'user_y': 6552.322277553472, 'user_direction': 2.582919177724569}, 'user_v': 0, 'user_w': 0.1, 'delta_t': 0.02, 'need_reset': False}
Tangent angle: 5.785641371945288, User angle: 1.8316589055612291, Offset angle: 0.3918273868223385
Target angle: 6.177468758767627, distance: 484.03568432312716, angle diff: 1.937375453973189, rotation direction: -1
Basic rotation angle: 0.0, rotation gain: 3.990195316079639e-05
Rotation gain: 1.24, direction: -1, curvature radius: 2500000
{'type': 'running', 'physical': {'user_x': 139.77053499047557, 'user_y': 849.9587630694409, 'user_direction': 1.9123040668515516}, 'virtual': {'user_x': 2444.2532687197663, 'user_y': 6552.322277553472, 'user_direction': 2.4829191777245687}, 'user_v': 0, 'user_w': 0.1, 'delta_t': 0.02, 'need_reset': False}
Tangent angle: 5.785641371945288, User angle: 1.9123040668515516, Offset angle: 0.3918273868223385
Target angle: 6.177468758767627, distance: 484.03568432312716, angle diff: 2.018020615263511, rotation direction: -1
Basic rotation angle: 0.0, rotation gain: 2.7777985770206506e-05
Rotation gain: 1.24, direction: -1, curvature radius: 2500000
{'type': 'running', 'physical': {'user_x': 139.77053499047557, 'user_y': 849.9587630694409, 'user_direction': 1.9929492281418741}, 'virtual': {'user_x': 2444.2532687197663, 'user_y': 6552.322277553472, 'user_direction': 2.3829191777245686}, 'user_v': 0, 'user_w': 0.1, 'delta_t': 0.02, 'need_reset': False}
Tangent angle: 5.785641371945288, User angle: 1.9929492281418741, Offset angle: 0.3918273868223385
Target angle: 6.177468758767627, distance: 484.03568432312716, angle diff: 2.0986657765538332, rotation direction: -1
Basic rotation angle: 0.0, rotation gain: 1.7169514303440362e-05
Rotation gain: 1.24, direction: -1, curvature radius: 2500000
{'type': 'running', 'physical': {'user_x': 139.77053499047557, 'user_y': 849.9587630694409, 'user_direction': 2.0735943894321966}, 'virtual': {'user_x': 2444.2532687197663, 'user_y': 6552.322277553472, 'user_direction': 2.2829191777245685}, 'user_v': 0, 'user_w': 0.1, 'delta_t': 0.02, 'need_reset': False}
Tangent angle: 5.785641371945288, User angle: 2.0735943894321966, Offset angle: 0.3918273868223385
Target angle: 6.177468758767627, distance: 484.03568432312716, angle diff: 2.179310937844156, rotation direction: -1
Basic rotation angle: 0.0, rotation gain: 7.887101770019982e-06
Rotation gain: 1.24, direction: -1, curvature radius: 2500000
{'type': 'running', 'physical': {'user_x': 139.77053499047557, 'user_y': 849.9587630694409, 'user_direction': 2.154239550722519}, 'virtual': {'user_x': 2444.2532687197663, 'user_y': 6552.322277553472, 'user_direction': 2.1829191777245684}, 'user_v': 0, 'user_w': 0.1, 'delta_t': 0.02, 'need_reset': False}
Tangent angle: 5.785641371945288, User angle: 2.154239550722519, Offset angle: 0.3918273868223385
Target angle: 6.177468758767627, distance: 484.03568432312716, angle diff: 2.259956099134479, rotation direction: -1
Basic rotation angle: 0.0, rotation gain: 2.3500919672284964e-07
Rotation gain: 1.24, direction: -1, curvature radius: 2500000
{'type': 'running', 'physical': {'user_x': 139.77053499047557, 'user_y': 849.9587630694409, 'user_direction': 2.2348847120128417}, 'virtual': {'user_x': 2444.2532687197663, 'user_y': 6552.322277553472, 'user_direction': 2.0829191777245684}, 'user_v': 0, 'user_w': 0.1, 'delta_t': 0.02, 'need_reset': False}
Tangent angle: 5.785641371945288, User angle: 2.2348847120128417, Offset angle: 0.3918273868223385
Target angle: 6.177468758767627, distance: 484.03568432312716, angle diff: 2.340601260424801, rotation direction: -1
Basic rotation angle: 0.0, rotation gain: 6.9305901983578405e-06
Rotation gain: 1.24, direction: -1, curvature radius: 2500000
{'type': 'running', 'physical': {'user_x': 139.77053499047557, 'user_y': 849.9587630694409, 'user_direction': 2.315529873303164}, 'virtual': {'user_x': 2444.2532687197663, 'user_y': 6552.322277553472, 'user_direction': 1.9829191777245683}, 'user_v': 0, 'user_w': 0.1, 'delta_t': 0.02, 'need_reset': False}
Tangent angle: 5.785641371945288, User angle: 2.315529873303164, Offset angle: 0.3918273868223385
Target angle: 6.177468758767627, distance: 484.03568432312716, angle diff: 2.4212464217151237, rotation direction: -1
Basic rotation angle: 0.0, rotation gain: 1.0719568219272233e-06
Rotation gain: 1.24, direction: -1, curvature radius: 2500000
{'type': 'running', 'physical': {'user_x': 139.77053499047557, 'user_y': 849.9587630694409, 'user_direction': 2.3961750345934867}, 'virtual': {'user_x': 2444.2532687197663, 'user_y': 6552.322277553472, 'user_direction': 1.8829191777245682}, 'user_v': 0, 'user_w': 0.1, 'delta_t': 0.02, 'need_reset': False}
Tangent angle: 5.785641371945288, User angle: 2.3961750345934867, Offset angle: 0.3918273868223385
Target angle: 6.177468758767627, distance: 484.03568432312716, angle diff: 2.5018915830054462, rotation direction: -1
Basic rotation angle: 0.0, rotation gain: 6.198261026304013e-06
Rotation gain: 1.24, direction: -1, curvature radius: 2500000
{'type': 'running', 'physical': {'user_x': 139.77053499047557, 'user_y': 849.9587630694409, 'user_direction': 2.476820195883809}, 'virtual': {'user_x': 2444.2532687197663, 'user_y': 6552.322277553472, 'user_direction': 1.782919177724568}, 'user_v': 0, 'user_w': 0.1, 'delta_t': 0.02, 'need_reset': False}
Tangent angle: 5.785641371945288, User angle: 2.476820195883809, Offset angle: 0.3918273868223385
Target angle: 6.177468758767627, distance: 484.03568432312716, angle diff: 2.5825367442957687, rotation direction: -1
Basic rotation angle: 0.0, rotation gain: 1.7127448474743227e-06
Rotation gain: 1.24, direction: -1, curvature radius: 2500000
{'type': 'running', 'physical': {'user_x': 139.77053499047557, 'user_y': 849.9587630694409, 'user_direction': 2.5574653571741317}, 'virtual': {'user_x': 2444.2532687197663, 'user_y': 6552.322277553472, 'user_direction': 1.682919177724568}, 'user_v': 0, 'user_w': 0.1, 'delta_t': 0.02, 'need_reset': False}
Tangent angle: 5.785641371945288, User angle: 2.5574653571741317, Offset angle: 0.3918273868223385
Target angle: 6.177468758767627, distance: 484.03568432312716, angle diff: 2.6631819055860912, rotation direction: -1
Basic rotation angle: 0.0, rotation gain: 5.637571503950301e-06
Rotation gain: 1.24, direction: -1, curvature radius: 2500000
{'type': 'running', 'physical': {'user_x': 139.77053499047557, 'user_y': 849.9587630694409, 'user_direction': 2.638110518464454}, 'virtual': {'user_x': 2444.2532687197663, 'user_y': 6552.322277553472, 'user_direction': 1.582919177724568}, 'user_v': 0, 'user_w': 0.1, 'delta_t': 0.02, 'need_reset': False}
Tangent angle: 5.785641371945288, User angle: 2.638110518464454, Offset angle: 0.3918273868223385
Target angle: 6.177468758767627, distance: 484.03568432312716, angle diff: 2.7438270668764138, rotation direction: -1
Basic rotation angle: 0.0, rotation gain: 2.2033481795338198e-06
Rotation gain: 1.24, direction: -1, curvature radius: 2500000
{'type': 'running', 'physical': {'user_x': 139.77053499047557, 'user_y': 849.9587630694409, 'user_direction': 2.7187556797547767}, 'virtual': {'user_x': 2444.2532687197663, 'user_y': 6552.322277553472, 'user_direction': 1.4829191777245678}, 'user_v': 0, 'user_w': 0.1, 'delta_t': 0.02, 'need_reset': False}
Tangent angle: 5.785641371945288, User angle: 2.7187556797547767, Offset angle: 0.3918273868223385
Target angle: 5.39381398512295, distance: 484.03568432312716, angle diff: 2.6750583053681734, rotation direction: 1
Basic rotation angle: 0.0, rotation gain: 4.270269276887578e-06
Rotation gain: 1.24, direction: 1, curvature radius: 2500000
{'type': 'running', 'physical': {'user_x': 139.77053499047557, 'user_y': 849.9587630694409, 'user_direction': 2.7994008410450992}, 'virtual': {'user_x': 2444.2532687197663, 'user_y': 6552.322277553472, 'user_direction': 1.3829191777245677}, 'user_v': 0, 'user_w': 0.1, 'delta_t': 0.02, 'need_reset': False}
Tangent angle: 5.785641371945288, User angle: 2.7994008410450992, Offset angle: 0.3918273868223385
Target angle: 5.39381398512295, distance: 484.03568432312716, angle diff: 2.594413144077851, rotation direction: 1
Basic rotation angle: 0.0, rotation gain: 6.078825237072117e-06
Rotation gain: 1.24, direction: 1, curvature radius: 2500000
{'type': 'running', 'physical': {'user_x': 139.77053499047557, 'user_y': 849.9587630694409, 'user_direction': 2.8800460023354217}, 'virtual': {'user_x': 2444.2532687197663, 'user_y': 6552.322277553472, 'user_direction': 1.2829191777245676}, 'user_v': 0, 'user_w': 0.1, 'delta_t': 0.02, 'need_reset': False}
Tangent angle: 5.785641371945288, User angle: 2.8800460023354217, Offset angle: 0.3918273868223385
Target angle: 5.39381398512295, distance: 484.03568432312716, angle diff: 2.5137679827875283, rotation direction: 1
Basic rotation angle: 0.0, rotation gain: 7.661311702233589e-06
Rotation gain: 1.24, direction: 1, curvature radius: 2500000
{'type': 'running', 'physical': {'user_x': 139.77053499047557, 'user_y': 849.9587630694409, 'user_direction': 2.9606911636257442}, 'virtual': {'user_x': 2444.2532687197663, 'user_y': 6552.322277553472, 'user_direction': 1.1829191777245676}, 'user_v': 0, 'user_w': 0.1, 'delta_t': 0.02, 'need_reset': False}
Tangent angle: 5.785641371945288, User angle: 2.9606911636257442, Offset angle: 0.3918273868223385
Target angle: 5.39381398512295, distance: 484.03568432312716, angle diff: 2.433122821497206, rotation direction: 1
Basic rotation angle: 0.0, rotation gain: 9.045987359249877e-06
Rotation gain: 1.24, direction: 1, curvature radius: 2500000
{'type': 'running', 'physical': {'user_x': 139.77053499047557, 'user_y': 849.9587630694409, 'user_direction': 3.0413363249160668}, 'virtual': {'user_x': 2444.2532687197663, 'user_y': 6552.322277553472, 'user_direction': 1.0558289832982661}, 'user_v': 7.999999999999999, 'user_w': 0, 'delta_t': 0.02, 'need_reset': False}
Tangent angle: 5.785641371945288, User angle: 3.0413363249160668, Offset angle: 0.3918273868223385
Target angle: 5.39381398512295, distance: 484.03568432312716, angle diff: 2.3524776602068833, rotation direction: 1
Basic rotation angle: 1.693121693121693, rotation gain: 7.818542753320823e-05
Rotation gain: 1.24, direction: 1, curvature radius: 7.5
{'type': 'running', 'physical': {'user_x': 139.77053499047557, 'user_y': 849.9587630694409, 'user_direction': 3.1219814862063893}, 'virtual': {'user_x': 2448.1933201442166, 'user_y': 6559.284748003872, 'user_direction': 1.0558289832982661}, 'user_v': 7.999999999999999, 'user_w': 0, 'delta_t': 0.02, 'need_reset': False}
Tangent angle: 5.785641371945288, User angle: 3.1219814862063893, Offset angle: 0.3918273868223385
Target angle: 5.39381398512295, distance: 484.03568432312716, angle diff: 2.271832498916561, rotation direction: 1
Basic rotation angle: 1.693121693121693, rotation gain: 0.00013868243768542179
Rotation gain: 1.24, direction: 1, curvature radius: 7.5
{'type': 'running', 'physical': {'user_x': 133.42133629636248, 'user_y': 849.94890368432, 'user_direction': 3.14314550737041}, 'virtual': {'user_x': 2452.133371568667, 'user_y': 6566.247218454271, 'user_direction': 1.055828983298268}, 'user_v': 7.999999999999999, 'user_w': 0, 'delta_t': 0.02, 'need_reset': False}
Tangent angle: 5.79138271237945, User angle: 3.14314550737041, Offset angle: 0.3874727380206012
Target angle: 5.40390997435885, distance: 490.0715293469573, angle diff: 2.26076446698844, rotation direction: 1
Basic rotation angle: 1.693121693121693, rotation gain: 0.00018792080028309278
Rotation gain: 1.24, direction: 1, curvature radius: 7.5
{'type': 'running', 'physical': {'user_x': 127.07376815101259, 'user_y': 849.8046819628582, 'user_direction': 3.1643095285344316}, 'virtual': {'user_x': 2456.073422993117, 'user_y': 6573.209688904671, 'user_direction': 1.0558289832982697}, 'user_v': 7.999999999999999, 'user_w': 0, 'delta_t': 0.02, 'need_reset': False}
Tangent angle: 5.797224693333487, User angle: 3.1643095285344316, Offset angle: 0.38325200839054757
Target angle: 5.413972684942939, distance: 496.04596551272044, angle diff: 2.2496631564085074, rotation direction: 1
Basic rotation angle: 1.693121693121693, rotation gain: 0.00022731789425030178
Rotation gain: 1.24, direction: 1, curvature radius: 7.5
{'type': 'running', 'physical': {'user_x': 120.73067362431419, 'user_y': 849.5261625018308, 'user_direction': 3.185473549698453}, 'virtual': {'user_x': 2460.013474417567, 'user_y': 6580.17215935507, 'user_direction': 1.0558289832982717}, 'user_v': 7.999999999999999, 'user_w': 0, 'delta_t': 0.02, 'need_reset': False}
Tangent angle: 5.803163385901332, User angle: 3.185473549698453, Offset angle: 0.37916019475963364
Target angle: 5.424003191141697, distance: 501.9585570318467, angle diff: 2.238529641443244, rotation direction: 1
Basic rotation angle: 1.693121693121693, rotation gain: 0.00025811367095743666
Rotation gain: 1.24, direction: 1, curvature radius: 7.5
{'type': 'running', 'physical': {'user_x': 114.39489378242598, 'user_y': 849.1134700498461, 'user_direction': 3.2066375708624744}, 'virtual': {'user_x': 2463.9535258420174, 'user_y': 6587.13462980547, 'user_direction': 1.0558289832982712}, 'user_v': 7.999999999999999, 'user_w': 0, 'delta_t': 0.02, 'need_reset': False}
Tangent angle: 5.809195045646836, User angle: 3.2066375708624744, Offset angle: 0.3751925488733359
Target angle: 5.4340024967735, distance: 507.80886182190335, angle diff: 2.2273649259110258, rotation direction: 1
Basic rotation angle: 1.693121693121693, rotation gain: 0.0002813928553892618
Rotation gain: 1.24, direction: 1, curvature radius: 7.5
{'type': 'running', 'physical': {'user_x': 108.06926641526607, 'user_y': 848.5667894514709, 'user_direction': 3.2278015920264957}, 'virtual': {'user_x': 2467.893577266467, 'user_y': 6594.097100255869, 'user_direction': 1.0558289832982735}, 'user_v': 7.999999999999999, 'user_w': 0, 'delta_t': 0.02, 'need_reset': False}
Tangent angle: 5.815316102007102, User angle: 3.2278015920264957, Offset angle: 0.3713445619006712
Target angle: 5.44397154010643, distance: 513.5964324870514, angle diff: 2.2161699480799344, rotation direction: 1
Basic rotation angle: 1.693121693121693, rotation gain: 0.00029810437057293924
Rotation gain: 1.24, direction: 1, curvature radius: 7.5
{'type': 'running', 'physical': {'user_x': 101.75662476546859, 'user_y': 847.8863655644384, 'user_direction': 3.248965613190517}, 'virtual': {'user_x': 2471.833628690917, 'user_y': 6601.0595707062685, 'user_direction': 1.055828983298273}, 'user_v': 7.999999999999999, 'user_w': 0, 'delta_t': 0.02, 'need_reset': False}
Tangent angle: 5.821523148384497, User angle: 3.248965613190517, Offset angle: 0.367611950052334
Target angle: 5.453911198332163, distance: 519.3208172198034, angle diff: 2.2049455851416457, rotation direction: 1
Basic rotation angle: 1.693121693121693, rotation gain: 0.0003090783324945851
Rotation gain: 1.24, direction: 1, curvature radius: 7.5
{'type': 'running', 'physical': {'user_x': 95.45979625937687, 'user_y': 847.0725031499769, 'user_direction': 3.2701296343545385}, 'virtual': {'user_x': 2475.773680115367, 'user_y': 6608.022041156668, 'user_direction': 1.0558289832982726}, 'user_v': 7.999999999999999, 'user_w': 0, 'delta_t': 0.02, 'need_reset': False}
Tangent angle: 5.827812932877999, User angle: 3.2701296343545385, Offset angle: 0.3639906412201422
Target angle: 5.463822291657856, distance: 524.9815606318233, angle diff: 2.193692657303317, rotation direction: 1
Basic rotation angle: 1.693121693121693, rotation gain: 0.00031504091931598254
Rotation gain: 1.24, direction: 1, curvature radius: 7.5
{'type': 'running', 'physical': {'user_x': 89.18160124064187, 'user_y': 846.1255667363075, 'user_direction': 3.29129365551856}, 'virtual': {'user_x': 2479.7137315398168, 'user_y': 6614.984511607067, 'user_direction': 1.0558289832982717}, 'user_v': 7.999999999999999, 'user_w': 0, 'delta_t': 0.02, 'need_reset': False}
Tangent angle: 5.834182349608213, User angle: 3.29129365551856, Offset angle: 0.36047676255495675
Target angle: 5.4737055870532565, distance: 530.5782045206373, angle diff: 2.1824119315346966, rotation direction: 1
Basic rotation angle: 1.693121693121693, rotation gain: 0.00031662738071471896
Rotation gain: 1.24, direction: 1, curvature radius: 7.5
{'type': 'running', 'physical': {'user_x': 82.92485170699278, 'user_y': 845.045980455372, 'user_direction': 3.3124576766825813}, 'virtual': {'user_x': 2483.653782964267, 'user_y': 6621.946982057467, 'user_direction': 1.055828983298271}, 'user_v': 7.999999999999999, 'user_w': 0, 'delta_t': 0.02, 'need_reset': False}
Tangent angle: 5.840628430593923, User angle: 3.3124576766825813, Offset angle: 0.35706662890783214
Target angle: 5.48356180168609, distance: 536.1102885783578, angle diff: 2.1711041250035086, rotation direction: 1
Basic rotation angle: 1.693121693121693, rotation gain: 0.0003143934199325352
Rotation gain: 1.24, direction: 1, curvature radius: 7.5
{'type': 'running', 'physical': {'user_x': 76.69235005074594, 'user_y': 843.834227852865, 'user_direction': 3.3336216978466027}, 'virtual': {'user_x': 2487.593834388717, 'user_y': 6628.909452507866, 'user_direction': 1.0558289832982746}, 'user_v': 7.999999999999999, 'user_w': 0, 'delta_t': 0.02, 'need_reset': False}
Tangent angle: 5.847148338141178, User angle: 3.3336216978466027, Offset angle: 0.3537567320659657
Target angle: 5.493391606075212, distance: 541.5773510478571, angle diff: 2.1597699082286095, rotation direction: 1
Basic rotation angle: 1.693121693121693, rotation gain: 0.00030882515203413017
Rotation gain: 1.24, direction: 1, curvature radius: 7.5
{'type': 'running', 'physical': {'user_x': 70.48688780361589, 'user_y': 842.4908516716537, 'user_direction': 3.354785719010624}, 'virtual': {'user_x': 2491.5338858131668, 'user_y': 6635.871922958266, 'user_direction': 1.055828983298274}, 'user_v': 7.999999999999999, 'user_w': 0, 'delta_t': 0.02, 'need_reset': False}
Tangent angle: 5.853739357708889, User angle: 3.354785719010624, Offset angle: 0.35054373072114214
Target angle: 5.503195626987747, distance: 546.9789293312352, angle diff: 2.148409907977123, rotation direction: 1
Basic rotation angle: 1.693121693121693, rotation gain: 0.000300347816432493
Rotation gain: 1.24, direction: 1, curvature radius: 7.5
{'type': 'running', 'physical': {'user_x': 64.31124438639084, 'user_y': 841.0164536086845, 'user_direction': 3.3759497401746454}, 'virtual': {'user_x': 2495.4739372376166, 'user_y': 6642.834393408665, 'user_direction': 1.055828983298273}, 'user_v': 7.999999999999999, 'user_w': 0, 'delta_t': 0.02, 'need_reset': False}
Tangent angle: 5.860398891217615, User angle: 3.3759497401746454, Offset angle: 0.3474244411138762
Target angle: 5.512974450103739, distance: 552.3145605549108, angle diff: 2.1370247099290935, rotation direction: 1
Basic rotation angle: 1.693121693121693, rotation gain: 0.0002893333994722744
Rotation gain: 1.24, direction: 1, curvature radius: 7.5
{'type': 'running', 'physical': {'user_x': 58.168185864032765, 'user_y': 839.4116940454832, 'user_direction': 3.397113761338667}, 'virtual': {'user_x': 2499.4139886620665, 'user_y': 6649.796863859065, 'user_direction': 1.055828983298272}, 'user_v': 7.999999999999999, 'user_w': 0, 'delta_t': 0.02, 'need_reset': False}
Tangent angle: 5.867124450770728, User angle: 3.397113761338667, Offset angle: 0.3443958283014285
Target angle: 5.522728622469298, distance: 557.5837820952125, angle diff: 2.1256148611306314, rotation direction: 1
Basic rotation angle: 1.693121693121693, rotation gain: 0.0002761073033820455
Rotation gain: 1.24, direction: 1, curvature radius: 7.5
{'type': 'running', 'physical': {'user_x': 52.06046370675943, 'user_y': 837.6772917523705, 'user_direction': 3.418277782502688}, 'virtual': {'user_x': 2503.3540400865168, 'user_y': 6656.759334309464, 'user_direction': 1.0558289832982708}, 'user_v': 7.999999999999999, 'user_w': 0, 'delta_t': 0.02, 'need_reset': False}
Tangent angle: 5.873913652759436, User angle: 3.418277782502688, Offset angle: 0.3414549980023509
Target angle: 5.532458654757086, distance: 562.7861320679402, angle diff: 2.1141808722543978, rotation direction: 1
Basic rotation angle: 1.693121693121693, rotation gain: 0.000260954180861381
Rotation gain: 1.24, direction: 1, curvature radius: 7.5
{'type': 'running', 'physical': {'user_x': 45.99081355766342, 'user_y': 835.8140235665257, 'user_direction': 3.4394418036667096}, 'virtual': {'user_x': 2507.2940915109666, 'user_y': 6663.7218047598635, 'user_direction': 1.0558289832982768}, 'user_v': 7.999999999999999, 'user_w': 0, 'delta_t': 0.02, 'need_reset': False}
Tangent angle: 5.8807642123253085, User angle: 3.4394418036667096, Offset angle: 0.338599188974273
Target angle: 5.542165023351036, distance: 567.9211497850152, angle diff: 2.102723219684326, rotation direction: 1
Basic rotation angle: 1.693121693121693, rotation gain: 0.00024412303965503577
Rotation gain: 1.24, direction: 1, curvature radius: 7.5
{'type': 'running', 'physical': {'user_x': 39.96195400742017, 'user_y': 833.8227240440423, 'user_direction': 3.460605824830731}, 'virtual': {'user_x': 2511.2341429354165, 'user_y': 6670.684275210263, 'user_direction': 1.055828983298276}, 'user_v': 7.999999999999999, 'user_w': 0, 'delta_t': 0.02, 'need_reset': False}
Tangent angle: 5.8876739381558405, User angle: 3.460605824830731, Offset angle: 0.33582576588530316
Target angle: 5.551848172270537, distance: 572.988376181021, angle diff: 2.091242347439806, rotation direction: 1
Basic rotation angle: 1.693121693121693, rotation gain: 0.00022583170841755656
Rotation gain: 1.24, direction: 1, curvature radius: 7.5
{'type': 'running', 'physical': {'user_x': 33.97658537663368, 'user_y': 831.7042850861303, 'user_direction': 3.4817698459947524}, 'virtual': {'user_x': 2515.1741943598663, 'user_y': 6677.646745660662, 'user_direction': 1.0558289832982748}, 'user_v': 7.999999999999999, 'user_w': 0, 'delta_t': 0.02, 'need_reset': False}
Tangent angle: 5.894640727590482, User angle: 3.4817698459947524, Offset angle: 0.33313221264274356
Target angle: 5.5615085149477395, distance: 577.9873542121575, angle diff: 2.079738668952987, rotation direction: 1
Basic rotation angle: 1.693121693121693, rotation gain: 0.0002062707437543537
Rotation gain: 1.24, direction: 1, curvature radius: 7.5
{'type': 'running', 'physical': {'user_x': 28.03738850636545, 'user_y': 829.4596555396354, 'user_direction': 3.5029338671587738}, 'virtual': {'user_x': 2519.114245784316, 'user_y': 6684.609216111062, 'user_direction': 1.0558289832982728}, 'user_v': 7.999999999999999, 'user_w': 0, 'delta_t': 0.02, 'need_reset': False}
Tangent angle: 5.90166256201615, User angle: 3.5029338671587738, Offset angle: 0.3305161261458287
Target angle: 5.571146435870322, distance: 582.9176292298822, angle diff: 2.068212568711548, rotation direction: 1
Basic rotation angle: 1.693121693121693, rotation gain: 0.0001856068483355359
Rotation gain: 1.24, direction: 1, curvature radius: 7.5
{'type': 'running', 'physical': {'user_x': 22.147023557388245, 'user_y': 827.0898407720506, 'user_direction': 3.524097888322795}, 'virtual': {'user_x': 2523.0542972087665, 'user_y': 6691.571686561461, 'user_direction': 1.055828983298269}, 'user_v': 7.999999999999999, 'user_w': 0, 'delta_t': 0.02, 'need_reset': False}
Tangent angle: 5.908737502532828, User angle: 3.524097888322795, Offset angle: 0.3279752104319304
Target angle: 5.580762292100898, distance: 587.7787493312946, angle diff: 2.056664403778103, rotation direction: 1
Basic rotation angle: 1.693121693121693, rotation gain: 0.00016398586123816898
Rotation gain: 1.24, direction: 1, curvature radius: 7.5
{'type': 'running', 'physical': {'user_x': 16.308128818702542, 'user_y': 824.5959022212137, 'user_direction': 3.5452619094868165}, 'virtual': {'user_x': 2526.9943486332163, 'user_y': 6698.534157011861, 'user_direction': 1.0558289832982974}, 'user_v': 7.999999999999999, 'user_w': 0, 'delta_t': 0.02, 'need_reset': False}
Tangent angle: 5.915863685871233, User angle: 3.5452619094868165, Offset angle: 0.3255072711881607
Target angle: 5.590356414683072, distance: 592.5702656881167, angle diff: 2.0450945051962552, rotation direction: 1
Basic rotation angle: 1.693121693121693, rotation gain: 0.00014153537402493996
Rotation gain: 1.24, direction: 1, curvature radius: 7.5
{'type': 'running', 'physical': {'user_x': 10.523319525849347, 'user_y': 821.9789569198897, 'user_direction': 3.566425930650838}, 'virtual': {'user_x': 2528.174130076187, 'user_y': 6700.618950470048, 'user_direction': 1.0558289832982974}, 'user_v': 0, 'user_w': 0.1, 'delta_t': 0.02, 'need_reset': False}
Tangent angle: 5.92303932054587, User angle: 3.566425930650838, Offset angle: 0.3231102106025641
Target angle: 5.5999291099433055, distance: 597.2917328559521, angle diff: 2.0335031792924676, rotation direction: 1
Basic rotation angle: 0.0, rotation gain: 0.00012366090450861985
Rotation gain: 1.24, direction: 1, curvature radius: 2500000
{'type': 'running', 'physical': {'user_x': 4.795186689548609, 'user_y': 819.2401769954533, 'user_direction': 3.5875899518148593}, 'virtual': {'user_x': 2528.174130076187, 'user_y': 6700.618950470048, 'user_direction': 0.9558289832982975}, 'user_v': 0, 'user_w': 0.1, 'delta_t': 0.02, 'need_reset': False}
Tangent angle: 5.930262683227969, User angle: 3.5875899518148593, Offset angle: 0.3207820225311499
Target angle: 5.6094806606968195, distance: 601.9427090653454, angle diff: 2.02189070888196, rotation direction: 1
Basic rotation angle: 0.0, rotation gain: 0.00010790353582104994
Rotation gain: 1.24, direction: 1, curvature radius: 2500000
{'type': 'running', 'physical': {'user_x': 4.795186689548609, 'user_y': 819.2401769954533, 'user_direction': 3.668235113105182}, 'virtual': {'user_x': 2528.174130076187, 'user_y': 6700.618950470048, 'user_direction': 0.8558289832982975}, 'user_v': 0, 'user_w': 0.1, 'delta_t': 0.02, 'need_reset': False}
Tangent angle: 5.930262683227969, User angle: 3.668235113105182, Offset angle: 0.3207820225311499
Target angle: 5.6094806606968195, distance: 601.9427090653454, angle diff: 1.9412455475916377, rotation direction: 1
Basic rotation angle: 0.0, rotation gain: 9.411583821942626e-05
Rotation gain: 1.24, direction: 1, curvature radius: 2500000
{'type': 'running', 'physical': {'user_x': 4.795186689548609, 'user_y': 819.2401769954533, 'user_direction': 3.7488802743955043}, 'virtual': {'user_x': 2528.174130076187, 'user_y': 6700.618950470048, 'user_direction': 0.7558289832982975}, 'user_v': 0, 'user_w': 0.1, 'delta_t': 0.02, 'need_reset': False}
Tangent angle: 5.930262683227969, User angle: 3.7488802743955043, Offset angle: 0.3207820225311499
Target angle: 5.6094806606968195, distance: 601.9427090653454, angle diff: 1.8606003863013152, rotation direction: 1
Basic rotation angle: 0.0, rotation gain: 8.205160281800555e-05
Rotation gain: 1.24, direction: 1, curvature radius: 2500000
{'type': 'running', 'physical': {'user_x': 4.795186689548609, 'user_y': 819.2401769954533, 'user_direction': 3.829525435685827}, 'virtual': {'user_x': 2528.174130076187, 'user_y': 6700.618950470048, 'user_direction': 0.6558289832982975}, 'user_v': 0, 'user_w': 0.1, 'delta_t': 0.02, 'need_reset': False}
Tangent angle: 5.930262683227969, User angle: 3.829525435685827, Offset angle: 0.3207820225311499
Target angle: 5.6094806606968195, distance: 601.9427090653454, angle diff: 1.7799552250109927, rotation direction: 1
Basic rotation angle: 0.0, rotation gain: 7.149539684176242e-05
Rotation gain: 1.24, direction: 1, curvature radius: 2500000
{'type': 'running', 'physical': {'user_x': 4.795186689548609, 'user_y': 819.2401769954533, 'user_direction': 3.9101705969761493}, 'virtual': {'user_x': 2528.174130076187, 'user_y': 6700.618950470048, 'user_direction': 0.5558289832982976}, 'user_v': 0, 'user_w': 0.1, 'delta_t': 0.02, 'need_reset': False}
Tangent angle: 5.930262683227969, User angle: 3.9101705969761493, Offset angle: 0.3207820225311499
Target angle: 5.6094806606968195, distance: 601.9427090653454, angle diff: 1.6993100637206702, rotation direction: 1
Basic rotation angle: 0.0, rotation gain: 6.225871661254968e-05
Rotation gain: 1.24, direction: 1, curvature radius: 2500000
{'type': 'running', 'physical': {'user_x': 4.795186689548609, 'user_y': 819.2401769954533, 'user_direction': 3.990815758266472}, 'virtual': {'user_x': 2528.174130076187, 'user_y': 6700.618950470048, 'user_direction': 0.4558289832982976}, 'user_v': 0, 'user_w': 0.1, 'delta_t': 0.02, 'need_reset': False}
Tangent angle: 5.930262683227969, User angle: 3.990815758266472, Offset angle: 0.3207820225311499
Target angle: 5.6094806606968195, distance: 601.9427090653454, angle diff: 1.6186649024303477, rotation direction: 1
Basic rotation angle: 0.0, rotation gain: 5.4176621411988535e-05
Rotation gain: 1.24, direction: 1, curvature radius: 2500000
{'type': 'running', 'physical': {'user_x': 4.795186689548609, 'user_y': 819.2401769954533, 'user_direction': 4.071460919556794}, 'virtual': {'user_x': 2528.174130076187, 'user_y': 6700.618950470048, 'user_direction': 0.3558289832982976}, 'user_v': 0, 'user_w': 0.1, 'delta_t': 0.02, 'need_reset': False}
Tangent angle: 5.930262683227969, User angle: 4.071460919556794, Offset angle: 0.3207820225311499
Target angle: 5.6094806606968195, distance: 601.9427090653454, angle diff: 1.5380197411400252, rotation direction: 1
Basic rotation angle: 0.0, rotation gain: 4.7104788111497526e-05
Rotation gain: 1.24, direction: 1, curvature radius: 2500000
{'type': 'running', 'physical': {'user_x': 4.795186689548609, 'user_y': 819.2401769954533, 'user_direction': 4.152106080847117}, 'virtual': {'user_x': 2528.174130076187, 'user_y': 6700.618950470048, 'user_direction': 0.2558289832982976}, 'user_v': 0, 'user_w': 0.1, 'delta_t': 0.02, 'need_reset': False}
Tangent angle: 5.930262683227969, User angle: 4.152106080847117, Offset angle: 0.3207820225311499
Target angle: 5.6094806606968195, distance: 601.9427090653454, angle diff: 1.4573745798497022, rotation direction: 1
Basic rotation angle: 0.0, rotation gain: 4.09169339735679e-05
Rotation gain: 1.24, direction: 1, curvature radius: 2500000
{'type': 'running', 'physical': {'user_x': 4.795186689548609, 'user_y': 819.2401769954533, 'user_direction': 4.23275124213744}, 'virtual': {'user_x': 2528.174130076187, 'user_y': 6700.618950470048, 'user_direction': 0.1558289832982976}, 'user_v': 0, 'user_w': 0.1, 'delta_t': 0.02, 'need_reset': False}
Tangent angle: 5.930262683227969, User angle: 4.23275124213744, Offset angle: 0.3207820225311499
Target angle: 5.6094806606968195, distance: 601.9427090653454, angle diff: 1.3767294185593792, rotation direction: 1
Basic rotation angle: 0.0, rotation gain: 3.550256160287947e-05
Rotation gain: 1.24, direction: 1, curvature radius: 2500000
{'type': 'running', 'physical': {'user_x': 4.795186689548609, 'user_y': 819.2401769954533, 'user_direction': 4.313396403427763}, 'virtual': {'user_x': 2528.174130076187, 'user_y': 6700.618950470048, 'user_direction': 0.05582898329829761}, 'user_v': 0, 'user_w': 0.1, 'delta_t': 0.02, 'need_reset': False}
Tangent angle: 5.930262683227969, User angle: 4.313396403427763, Offset angle: 0.3207820225311499
Target angle: 5.6094806606968195, distance: 601.9427090653454, angle diff: 1.2960842572690563, rotation direction: 1
Basic rotation angle: 0.0, rotation gain: 3.07649857785271e-05
Rotation gain: 1.24, direction: 1, curvature radius: 2500000
{'type': 'running', 'physical': {'user_x': 4.795186689548609, 'user_y': 819.2401769954533, 'user_direction': 4.394041564718086}, 'virtual': {'user_x': 2528.174130076187, 'user_y': 6700.618950470048, 'user_direction': -0.0441710167017024}, 'user_v': 0, 'user_w': 0.1, 'delta_t': 0.02, 'need_reset': False}
Tangent angle: 5.930262683227969, User angle: 4.394041564718086, Offset angle: 0.3207820225311499
Target angle: 5.6094806606968195, distance: 601.9427090653454, angle diff: 1.2154390959787333, rotation direction: 1
Basic rotation angle: 0.0, rotation gain: 2.661960693221877e-05
Rotation gain: 1.24, direction: 1, curvature radius: 2500000
{'type': 'running', 'physical': {'user_x': 4.795186689548609, 'user_y': 819.2401769954533, 'user_direction': 4.474686726008409}, 'virtual': {'user_x': 2528.174130076187, 'user_y': 6700.618950470048, 'user_direction': -0.1441710167017024}, 'user_v': 0, 'user_w': 0.1, 'delta_t': 0.02, 'need_reset': False}
Tangent angle: 5.930262683227969, User angle: 4.474686726008409, Offset angle: 0.3207820225311499
Target angle: 5.6094806606968195, distance: 601.9427090653454, angle diff: 1.1347939346884104, rotation direction: 1
Basic rotation angle: 0.0, rotation gain: 2.2992400441698985e-05
Rotation gain: 1.24, direction: 1, curvature radius: 2500000
{'type': 'running', 'physical': {'user_x': 4.795186689548609, 'user_y': 819.2401769954533, 'user_direction': 4.555331887298732}, 'virtual': {'user_x': 2528.174130076187, 'user_y': 6700.618950470048, 'user_direction': -0.2441710167017024}, 'user_v': 0, 'user_w': 0.1, 'delta_t': 0.02, 'need_reset': False}
Tangent angle: 5.930262683227969, User angle: 4.555331887298732, Offset angle: 0.3207820225311499
Target angle: 5.6094806606968195, distance: 601.9427090653454, angle diff: 1.0541487733980874, rotation direction: 1
Basic rotation angle: 0.0, rotation gain: 1.9818594762494174e-05
Rotation gain: 1.24, direction: 1, curvature radius: 2500000
{'type': 'running', 'physical': {'user_x': 4.795186689548609, 'user_y': 819.2401769954533, 'user_direction': 4.635977048589055}, 'virtual': {'user_x': 2528.174130076187, 'user_y': 6700.618950470048, 'user_direction': -0.3441710167017024}, 'user_v': 0, 'user_w': 0.1, 'delta_t': 0.02, 'need_reset': False}
Tangent angle: 5.930262683227969, User angle: 4.635977048589055, Offset angle: 0.3207820225311499
Target angle: 5.6094806606968195, distance: 601.9427090653454, angle diff: 0.9735036121077645, rotation direction: 1
Basic rotation angle: 0.0, rotation gain: 1.7041514793189964e-05
Rotation gain: 1.24, direction: 1, curvature radius: 2500000
{'type': 'running', 'physical': {'user_x': 4.795186689548609, 'user_y': 819.2401769954533, 'user_direction': 4.716622209879378}, 'virtual': {'user_x': 2528.174130076187, 'user_y': 6700.618950470048, 'user_direction': -0.44417101670170245}, 'user_v': 0, 'user_w': 0.1, 'delta_t': 0.02, 'need_reset': False}
Tangent angle: 5.930262683227969, User angle: 4.716622209879378, Offset angle: 0.3207820225311499
Target angle: 5.6094806606968195, distance: 601.9427090653454, angle diff: 0.8928584508174415, rotation direction: 1
Basic rotation angle: 0.0, rotation gain: 1.4611569820048783e-05
Rotation gain: 1.24, direction: 1, curvature radius: 2500000
{'type': 'running', 'physical': {'user_x': 4.795186689548609, 'user_y': 819.2401769954533, 'user_direction': 4.797267371169701}, 'virtual': {'user_x': 2528.174130076187, 'user_y': 6700.618950470048, 'user_direction': -0.5441710167017024}, 'user_v': 0, 'user_w': 0.1, 'delta_t': 0.02, 'need_reset': False}
Tangent angle: 5.930262683227969, User angle: 4.797267371169701, Offset angle: 0.3207820225311499
Target angle: 5.6094806606968195, distance: 601.9427090653454, angle diff: 0.8122132895271186, rotation direction: 1
Basic rotation angle: 0.0, rotation gain: 1.2485367968550248e-05
Rotation gain: 1.24, direction: 1, curvature radius: 2500000
{'type': 'running', 'physical': {'user_x': 4.795186689548609, 'user_y': 819.2401769954533, 'user_direction': 4.877912532460024}, 'virtual': {'user_x': 2528.174130076187, 'user_y': 6700.618950470048, 'user_direction': -0.6441710167017024}, 'user_v': 0, 'user_w': 0.1, 'delta_t': 0.02, 'need_reset': False}
Tangent angle: 5.930262683227969, User angle: 4.877912532460024, Offset angle: 0.3207820225311499
Target angle: 5.6094806606968195, distance: 601.9427090653454, angle diff: 0.7315681282367956, rotation direction: 1
Basic rotation angle: 0.0, rotation gain: 1.062494134848903e-05
Rotation gain: 1.24, direction: 1, curvature radius: 2500000
{'type': 'running', 'physical': {'user_x': 4.795186689548609, 'user_y': 819.2401769954533, 'user_direction': 4.958557693750347}, 'virtual': {'user_x': 2528.174130076187, 'user_y': 6700.618950470048, 'user_direction': -0.7441710167017024}, 'user_v': 0, 'user_w': 0.1, 'delta_t': 0.02, 'need_reset': False}
Tangent angle: 5.930262683227969, User angle: 4.958557693750347, Offset angle: 0.3207820225311499
Target angle: 5.6094806606968195, distance: 601.9427090653454, angle diff: 0.6509229669464727, rotation direction: 1
Basic rotation angle: 0.0, rotation gain: 8.997068055935465e-06
Rotation gain: 1.24, direction: 1, curvature radius: 2500000
{'type': 'running', 'physical': {'user_x': 4.795186689548609, 'user_y': 819.2401769954533, 'user_direction': 5.03920285504067}, 'virtual': {'user_x': 2528.174130076187, 'user_y': 6700.618950470048, 'user_direction': -0.8441710167017024}, 'user_v': 0, 'user_w': 0.1, 'delta_t': 0.02, 'need_reset': False}
Tangent angle: 5.930262683227969, User angle: 5.03920285504067, Offset angle: 0.3207820225311499
Target angle: 5.6094806606968195, distance: 601.9427090653454, angle diff: 0.5702778056561497, rotation direction: 1
Basic rotation angle: 0.0, rotation gain: 7.572678924951095e-06
Rotation gain: 1.24, direction: 1, curvature radius: 2500000
{'type': 'running', 'physical': {'user_x': 4.795186689548609, 'user_y': 819.2401769954533, 'user_direction': 5.119848016330993}, 'virtual': {'user_x': 2528.174130076187, 'user_y': 6700.618950470048, 'user_direction': -0.9441710167017023}, 'user_v': 0, 'user_w': 0.1, 'delta_t': 0.02, 'need_reset': False}
Tangent angle: 5.930262683227969, User angle: 5.119848016330993, Offset angle: 0.3207820225311499
Target angle: 5.6094806606968195, distance: 601.9427090653454, angle diff: 0.48963264436582676, rotation direction: 1
Basic rotation angle: 0.0, rotation gain: 6.32633843533977e-06
Rotation gain: 1.24, direction: 1, curvature radius: 2500000
{'type': 'running', 'physical': {'user_x': 4.795186689548609, 'user_y': 819.2401769954533, 'user_direction': 5.200493177621316}, 'virtual': {'user_x': 2528.174130076187, 'user_y': 6700.618950470048, 'user_direction': -1.0441710167017024}, 'user_v': 0, 'user_w': 0.1, 'delta_t': 0.02, 'need_reset': False}
Tangent angle: 5.930262683227969, User angle: 5.200493177621316, Offset angle: 0.3207820225311499
Target angle: 5.6094806606968195, distance: 601.9427090653454, angle diff: 0.4089874830755038, rotation direction: 1
Basic rotation angle: 0.0, rotation gain: 5.235790506929861e-06
Rotation gain: 1.24, direction: 1, curvature radius: 2500000
{'type': 'running', 'physical': {'user_x': 4.795186689548609, 'user_y': 819.2401769954533, 'user_direction': 5.281138338911639}, 'virtual': {'user_x': 2528.174130076187, 'user_y': 6700.618950470048, 'user_direction': -1.1441710167017025}, 'user_v': 0, 'user_w': 0.1, 'delta_t': 0.02, 'need_reset': False}
Tangent angle: 5.930262683227969, User angle: 5.281138338911639, Offset angle: 0.3207820225311499
Target angle: 5.6094806606968195, distance: 601.9427090653454, angle diff: 0.32834232178518086, rotation direction: 1
Basic rotation angle: 0.0, rotation gain: 4.281561069571191e-06
Rotation gain: 1.24, direction: 1, curvature radius: 2500000
{'type': 'running', 'physical': {'user_x': 4.795186689548609, 'user_y': 819.2401769954533, 'user_direction': 5.361783500201962}, 'virtual': {'user_x': 2528.174130076187, 'user_y': 6700.618950470048, 'user_direction': -1.2831651281284344}, 'user_v': 7.999999999999999, 'user_w': 0, 'delta_t': 0.02, 'need_reset': False}
Tangent angle: 5.930262683227969, User angle: 5.361783500201962, Offset angle: 0.3207820225311499
Target angle: 5.6094806606968195, distance: 601.9427090653454, angle diff: 0.2476971604948579, rotation direction: 1
Basic rotation angle: 1.693121693121693, rotation gain: 5.246302783898335e-06
Rotation gain: 1.24, direction: 1, curvature radius: 7.5
{'type': 'running', 'physical': {'user_x': 4.795186689548609, 'user_y': 819.2401769954533, 'user_direction': 5.4424286614922845}, 'virtual': {'user_x': 2530.4435823608865, 'user_y': 6692.947602066574, 'user_direction': -1.2831651281284344}, 'user_v': 7.999999999999999, 'user_w': 0, 'delta_t': 0.02, 'need_reset': False}
Tangent angle: 5.930262683227969, User angle: 5.4424286614922845, Offset angle: 0.3207820225311499
Target angle: 5.6094806606968195, distance: 601.9427090653454, angle diff: 0.16705199920453495, rotation direction: 1
Basic rotation angle: 1.693121693121693, rotation gain: 4.402153783862084e-06
Rotation gain: 1.24, direction: 1, curvature radius: 7.5
{'type': 'running', 'physical': {'user_x': 9.128640667652594, 'user_y': 814.5997462089362, 'user_direction': 5.463592682656306}, 'virtual': {'user_x': 2532.713034645586, 'user_y': 6685.276253663101, 'user_direction': -1.283165128128433}, 'user_v': 7.999999999999999, 'user_w': 0, 'delta_t': 0.02, 'need_reset': False}
Tangent angle: 5.934806833520628, User angle: 5.463592682656306, Offset angle: 0.3237770533686163
Target angle: 5.611029780152013, distance: 595.9714878685019, angle diff: 0.14743709749570666, rotation direction: 1
Basic rotation angle: 1.693121693121693, rotation gain: 5.7110435132062184e-06
Rotation gain: 1.24, direction: 1, curvature radius: 7.5
{'type': 'running', 'physical': {'user_x': 13.559327014638809, 'user_y': 810.052061109962, 'user_direction': 5.484756703820327}, 'virtual': {'user_x': 2534.9824869302856, 'user_y': 6677.604905259627, 'user_direction': -1.2831651281284313}, 'user_v': 7.999999999999999, 'user_w': 0, 'delta_t': 0.02, 'need_reset': False}
Tangent angle: 5.939240730411, User angle: 5.484756703820327, Offset angle: 0.3268552482567618
Target angle: 5.612385482154238, distance: 589.9445154487553, angle diff: 0.12762877833391073, rotation direction: 1
Basic rotation angle: 1.693121693121693, rotation gain: 5.064817890574668e-06
Rotation gain: 1.24, direction: 1, curvature radius: 7.5
{'type': 'running', 'physical': {'user_x': 18.085261230199535, 'user_y': 805.5991586024711, 'user_direction': 5.505920724984349}, 'virtual': {'user_x': 2537.251939214985, 'user_y': 6669.933556856154, 'user_direction': -1.2831651281284295}, 'user_v': 7.999999999999999, 'user_w': 0, 'delta_t': 0.02, 'need_reset': False}
Tangent angle: 5.943560388651003, User angle: 5.505920724984349, Offset angle: 0.33001911411089035
Target angle: 5.613541274540111, distance: 583.8628068438417, angle diff: 0.1076205495557625, rotation direction: 1
Basic rotation angle: 1.693121693121693, rotation gain: 6.055724062397512e-06
Rotation gain: 1.24, direction: 1, curvature radius: 7.5
{'type': 'running', 'physical': {'user_x': 22.704416152595, 'user_y': 801.2430331373689, 'user_direction': 5.52708474614837}, 'virtual': {'user_x': 2539.521391499685, 'user_y': 6662.26220845268, 'user_direction': -1.2831651281284273}, 'user_v': 7.999999999999999, 'user_w': 0, 'delta_t': 0.02, 'need_reset': False}
Tangent angle: 5.947761657228853, User angle: 5.52708474614837, Offset angle: 0.3332712552813483
Target angle: 5.614490401947506, distance: 577.7274006969415, angle diff: 0.08740565579913628, rotation direction: 1
Basic rotation angle: 1.693121693121693, rotation gain: 5.5380611591432695e-06
Rotation gain: 1.24, direction: 1, curvature radius: 7.5
{'type': 'running', 'physical': {'user_x': 27.41472286661727, 'user_y': 796.9856358192133, 'user_direction': 5.5482487673123915}, 'virtual': {'user_x': 2541.7908437843844, 'user_y': 6654.590860049207, 'user_direction': -1.2831651281284249}, 'user_v': 7.999999999999999, 'user_w': 0, 'delta_t': 0.02, 'need_reset': False}
Tangent angle: 5.951840211221882, User angle: 5.5482487673123915, Offset angle: 0.33661437713169395
Target angle: 5.615225834090188, distance: 571.53936024478, angle diff: 0.06697706677779625, rotation direction: 1
Basic rotation angle: 1.693121693121693, rotation gain: 6.261731455250319e-06
Rotation gain: 1.24, direction: 1, curvature radius: 7.5
{'type': 'running', 'physical': {'user_x': 32.214071630255425, 'user_y': 792.8288735323165, 'user_direction': 5.569412788476413}, 'virtual': {'user_x': 2544.060296069084, 'user_y': 6646.919511645733, 'user_direction': -1.283165128128422}, 'user_v': 7.999999999999999, 'user_w': 0, 'delta_t': 0.02, 'need_reset': False}
Tangent angle: 5.95579154324582, User angle: 5.569412788476413, Offset angle: 0.3400512896755464
Target angle: 5.615740253570273, distance: 565.2997743873907, angle diff: 0.0463274650938601, rotation direction: 1
Basic rotation angle: 1.693121693121693, rotation gain: 5.817878507145618e-06
Rotation gain: 1.24, direction: 1, curvature radius: 7.5
{'type': 'running', 'physical': {'user_x': 37.10031281964706, 'user_y': 788.7746080866538, 'user_direction': 5.590576809640434}, 'virtual': {'user_x': 2546.329748353784, 'user_y': 6639.24816324226, 'user_direction': -1.2831651281284184}, 'user_v': 7.999999999999999, 'user_w': 0, 'delta_t': 0.02, 'need_reset': False}
Tangent angle: 5.959610954484997, User angle: 5.590576809640434, Offset angle: 0.3435849112573689
Target angle: 5.616026043227627, distance: 559.0097588468459, angle diff: 0.0254492335871932, rotation direction: 1
Basic rotation angle: 1.693121693121693, rotation gain: 6.31144901877946e-06
Rotation gain: 1.24, direction: 1, curvature radius: 7.5
{'type': 'running', 'physical': {'user_x': 42.07125789189283, 'user_y': 784.82465538396, 'user_direction': 5.611740830804456}, 'virtual': {'user_x': 2548.5992006384836, 'user_y': 6631.576814838786, 'user_direction': -1.28316512812842}, 'user_v': 7.999999999999999, 'user_w': 0, 'delta_t': 0.02, 'need_reset': False}
Tangent angle: 5.963293545288331, User angle: 5.611740830804456, Offset angle: 0.34721827225900315
Target angle: 5.6160752730293275, distance: 552.6704574229876, angle diff: 0.004334442224871893, rotation direction: 1
Basic rotation angle: 1.693121693121693, rotation gain: 5.897696283010122e-06
Rotation gain: 1.24, direction: 1, curvature radius: 7.5
{'type': 'running', 'physical': {'user_x': 47.12468036530276, 'user_y': 780.9807846043893, 'user_direction': 5.632904851968477}, 'virtual': {'user_x': 2550.8686529231836, 'user_y': 6623.9054664353125, 'user_direction': -1.2831651281284153}, 'user_v': 7.999999999999999, 'user_w': 0, 'delta_t': 0.02, 'need_reset': False}
Tangent angle: 5.9668342053167756, User angle: 5.632904851968477, Offset angle: 0.3509545188097623
Target angle: 5.615879686507014, distance: 546.2830433549891, angle diff: 0.0170251654614626, rotation direction: -1
Basic rotation angle: 1.693121693121693, rotation gain: 6.18773458798408e-06
Rotation gain: 1.24, direction: -1, curvature radius: 7.5
{'type': 'running', 'physical': {'user_x': 52.09562543754852, 'user_y': 777.0308319016956, 'user_direction': 5.611740830804456}, 'virtual': {'user_x': 2553.1381052078837, 'user_y': 6616.234118031839, 'user_direction': -1.2831651281284169}, 'user_v': 7.999999999999999, 'user_w': 0, 'delta_t': 0.02, 'need_reset': False}
Tangent angle: 5.970668012104355, User angle: 5.611740830804456, Offset angle: 0.35473965642244976
Target angle: 5.6159283556819055, distance: 539.943625861513, angle diff: 0.0041875248774498885, rotation direction: 1
Basic rotation angle: 1.693121693121693, rotation gain: 5.951866192340274e-06
Rotation gain: 1.24, direction: 1, curvature radius: 7.5
{'type': 'running', 'physical': {'user_x': 57.14904791095845, 'user_y': 773.1869611221249, 'user_direction': 5.632904851968477}, 'virtual': {'user_x': 2555.4075574925832, 'user_y': 6608.5627696283655, 'user_direction': -1.283165128128419}, 'user_v': 7.999999999999999, 'user_w': 0, 'delta_t': 0.02, 'need_reset': False}
Tangent angle: 5.974360465712217, User angle: 5.632904851968477, Offset angle: 0.35863410988423317
Target angle: 5.615726355827984, distance: 533.5549453305587, angle diff: 0.017178496140492605, rotation direction: -1
Basic rotation angle: 1.693121693121693, rotation gain: 6.083894845344058e-06
Rotation gain: 1.24, direction: -1, curvature radius: 7.5
{'type': 'running', 'physical': {'user_x': 62.11999298320421, 'user_y': 769.2370084194312, 'user_direction': 5.611740830804456}, 'virtual': {'user_x': 2557.6770097772833, 'user_y': 6600.891421224892, 'user_direction': -1.2831651281284115}, 'user_v': 7.999999999999999, 'user_w': 0, 'delta_t': 0.02, 'need_reset': False}
Tangent angle: 5.978354653734557, User angle: 5.611740830804456, Offset angle: 0.3625803002860917
Target angle: 5.615774353448465, distance: 527.2153895393674, angle diff: 0.0040335226440095795, rotation direction: 1
Basic rotation angle: 1.693121693121693, rotation gain: 5.986037722462451e-06
Rotation gain: 1.24, direction: 1, curvature radius: 7.5
{'type': 'running', 'physical': {'user_x': 67.17341545661415, 'user_y': 765.3931376398605, 'user_direction': 5.632904851968477}, 'virtual': {'user_x': 2559.9464620619833, 'user_y': 6593.220072821418, 'user_direction': -1.2831651281284135}, 'user_v': 7.999999999999999, 'user_w': 0, 'delta_t': 0.02, 'need_reset': False}
Tangent angle: 5.982208301759116, User angle: 5.632904851968477, Offset angle: 0.36664276185656586
Target angle: 5.615565539902551, distance: 520.8253634132345, angle diff: 0.01733931206592576, rotation direction: -1
Basic rotation angle: 1.693121693121693, rotation gain: 5.994798272675655e-06
Rotation gain: 1.24, direction: -1, curvature radius: 7.5
{'type': 'running', 'physical': {'user_x': 72.14436052885992, 'user_y': 761.4431849371667, 'user_direction': 5.611740830804456}, 'virtual': {'user_x': 2562.2159143466833, 'user_y': 6585.548724417945, 'user_direction': -1.2831651281284167}, 'user_v': 7.999999999999999, 'user_w': 0, 'delta_t': 0.02, 'need_reset': False}
Tangent angle: 5.986372752390584, User angle: 5.611740830804456, Offset angle: 0.3707600118884511
Target angle: 5.615612740502133, distance: 514.485644196359, angle diff: 0.003871909697677367, rotation direction: 1
Basic rotation angle: 1.693121693121693, rotation gain: 6.004507383074273e-06
Rotation gain: 1.24, direction: 1, curvature radius: 7.5
{'type': 'running', 'physical': {'user_x': 77.19778300226986, 'user_y': 757.599314157596, 'user_direction': 5.632904851968477}, 'virtual': {'user_x': 2564.485366631383, 'user_y': 6577.877376014471, 'user_direction': -1.2831651281284224}, 'user_v': 7.999999999999999, 'user_w': 0, 'delta_t': 0.02, 'need_reset': False}
Tangent angle: 5.9903977416977785, User angle: 5.632904851968477, Offset angle: 0.3750010655551754
Target angle: 5.615396676142602, distance: 508.09418607250996, angle diff: 0.01750817582587505, rotation direction: -1
Basic rotation angle: 1.693121693121693, rotation gain: 5.916478321933876e-06
Rotation gain: 1.24, direction: -1, curvature radius: 7.5
{'type': 'running', 'physical': {'user_x': 82.16872807451563, 'user_y': 753.6493614549023, 'user_direction': 5.611740830804456}, 'virtual': {'user_x': 2566.754818916083, 'user_y': 6570.206027610998, 'user_direction': -1.2831651281283931}, 'user_v': 7.999999999999999, 'user_w': 0, 'delta_t': 0.02, 'need_reset': False}
Tangent angle: 5.994743118750453, User angle: 5.611740830804456, Offset angle: 0.3793001811609509
Target angle: 5.615442937589503, distance: 501.7542749787629, angle diff: 0.003702106785047121, rotation direction: 1
Basic rotation angle: 1.693121693121693, rotation gain: 6.0105326669332524e-06
Rotation gain: 1.24, direction: 1, curvature radius: 7.5
{'type': 'running', 'physical': {'user_x': 87.22215054792557, 'user_y': 749.8054906753316, 'user_direction': 5.632904851968477}, 'virtual': {'user_x': 2567.2151114385756, 'user_y': 6568.650117257051, 'user_direction': -1.2831651281283931}, 'user_v': 0, 'user_w': 0.1, 'delta_t': 0.02, 'need_reset': False}
Tangent angle: 5.998950412166722, User angle: 5.632904851968477, Offset angle: 0.38373126811563985
Target angle: 5.615219144051082, distance: 495.3612902974668, angle diff: 0.0176857079173951, rotation direction: -1
Basic rotation angle: 0.0, rotation gain: 4.889047005227031e-06
Rotation gain: 1.24, direction: -1, curvature radius: 2500000
{'type': 'running', 'physical': {'user_x': 92.19309562017133, 'user_y': 745.8555379726379, 'user_direction': 5.611740830804456}, 'virtual': {'user_x': 2567.2151114385756, 'user_y': 6568.650117257051, 'user_direction': -1.183165128128393}, 'user_v': 0, 'user_w': 0.1, 'delta_t': 0.02, 'need_reset': False}
Tangent angle: 6.003488234937192, User angle: 5.611740830804456, Offset angle: 0.38822392987876253
Target angle: 5.61526430505843, distance: 489.02115505682576, angle diff: 0.003523474253974257, rotation direction: 1
Basic rotation angle: 0.0, rotation gain: 3.90719292219367e-06
Rotation gain: 1.24, direction: 1, curvature radius: 2500000
{'type': 'running', 'physical': {'user_x': 92.19309562017133, 'user_y': 745.8555379726379, 'user_direction': 5.692385992094779}, 'virtual': {'user_x': 2567.2151114385756, 'user_y': 6568.650117257051, 'user_direction': -1.083165128128393}, 'user_v': 0, 'user_w': 0.1, 'delta_t': 0.02, 'need_reset': False}
Tangent angle: 6.003488234937192, User angle: 5.692385992094779, Offset angle: 0.38822392987876253
Target angle: 5.61526430505843, distance: 489.02115505682576, angle diff: 0.0771216870363487, rotation direction: -1
Basic rotation angle: 0.0, rotation gain: 3.0480705995394777e-06
Rotation gain: 1.24, direction: -1, curvature radius: 2500000
{'type': 'running', 'physical': {'user_x': 92.19309562017133, 'user_y': 745.8555379726379, 'user_direction': 5.7730311533851015}, 'virtual': {'user_x': 2567.2151114385756, 'user_y': 6568.650117257051, 'user_direction': -0.983165128128393}, 'user_v': 0, 'user_w': 0.1, 'delta_t': 0.02, 'need_reset': False}
Tangent angle: 6.003488234937192, User angle: 5.7730311533851015, Offset angle: 0.38822392987876253
Target angle: 5.61526430505843, distance: 489.02115505682576, angle diff: 0.15776684832667165, rotation direction: -1
Basic rotation angle: 0.0, rotation gain: 2.2963385672170596e-06
Rotation gain: 1.24, direction: -1, curvature radius: 2500000
{'type': 'running', 'physical': {'user_x': 92.19309562017133, 'user_y': 745.8555379726379, 'user_direction': 5.8536763146754245}, 'virtual': {'user_x': 2567.2151114385756, 'user_y': 6568.650117257051, 'user_direction': -0.883165128128393}, 'user_v': 0, 'user_w': 0.1, 'delta_t': 0.02, 'need_reset': False}
Tangent angle: 6.003488234937192, User angle: 5.8536763146754245, Offset angle: 0.38822392987876253
Target angle: 5.61526430505843, distance: 489.02115505682576, angle diff: 0.2384120096169946, rotation direction: -1
Basic rotation angle: 0.0, rotation gain: 1.6385730389349436e-06
Rotation gain: 1.24, direction: -1, curvature radius: 2500000
{'type': 'running', 'physical': {'user_x': 92.19309562017133, 'user_y': 745.8555379726379, 'user_direction': 5.934321475965747}, 'virtual': {'user_x': 2567.2151114385756, 'user_y': 6568.650117257051, 'user_direction': -0.783165128128393}, 'user_v': 0, 'user_w': 0.1, 'delta_t': 0.02, 'need_reset': False}
Tangent angle: 6.003488234937192, User angle: 5.934321475965747, Offset angle: 0.38822392987876253
Target angle: 5.61526430505843, distance: 489.02115505682576, angle diff: 0.31905717090731756, rotation direction: -1
Basic rotation angle: 0.0, rotation gain: 1.0630282016880922e-06
Rotation gain: 1.24, direction: -1, curvature radius: 2500000
{'type': 'running', 'physical': {'user_x': 92.19309562017133, 'user_y': 745.8555379726379, 'user_direction': 6.01496663725607}, 'virtual': {'user_x': 2567.2151114385756, 'user_y': 6568.650117257051, 'user_direction': -0.683165128128393}, 'user_v': 0, 'user_w': 0.1, 'delta_t': 0.02, 'need_reset': False}
Tangent angle: 6.003488234937192, User angle: 6.01496663725607, Offset angle: 0.38822392987876253
Target angle: 0.10852685763636849, distance: 489.02115505682576, angle diff: 0.37674552755988433, rotation direction: 1
Basic rotation angle: 0.0, rotation gain: 2.2611475379944982e-06
Rotation gain: 1.24, direction: 1, curvature radius: 2500000
{'type': 'running', 'physical': {'user_x': 92.19309562017133, 'user_y': 745.8555379726379, 'user_direction': 6.095611798546393}, 'virtual': {'user_x': 2567.2151114385756, 'user_y': 6568.650117257051, 'user_direction': -0.5785166656186359}, 'user_v': 7.999999999999999, 'user_w': 0, 'delta_t': 0.02, 'need_reset': False}
Tangent angle: 6.003488234937192, User angle: 6.095611798546393, Offset angle: 0.38822392987876253
Target angle: 0.10852685763636849, distance: 489.02115505682576, angle diff: 0.2961003662695614, rotation direction: 1
Basic rotation angle: 1.693121693121693, rotation gain: 4.190843994126771e-05
Rotation gain: 1.24, direction: 1, curvature radius: 7.5
{'type': 'running', 'physical': {'user_x': 92.19309562017133, 'user_y': 745.8555379726379, 'user_direction': 6.176256959836716}, 'virtual': {'user_x': 2573.9133084956807, 'user_y': 6564.2758566127595, 'user_direction': -0.5785166656186359}, 'user_v': 7.999999999999999, 'user_w': 0, 'delta_t': 0.02, 'need_reset': False}
Tangent angle: 6.003488234937192, User angle: 6.176256959836716, Offset angle: 0.38822392987876253
Target angle: 0.10852685763636849, distance: 489.02115505682576, angle diff: 0.21545520497923842, rotation direction: 1
Basic rotation angle: 1.693121693121693, rotation gain: 7.659982079413176e-05
Rotation gain: 1.24, direction: 1, curvature radius: 7.5
{'type': 'running', 'physical': {'user_x': 98.5189654229932, 'user_y': 745.31166987967, 'user_direction': 6.197420981000738}, 'virtual': {'user_x': 2580.6115055527857, 'user_y': 6559.901595968468, 'user_direction': -0.5785166656186345}, 'user_v': 7.999999999999999, 'user_w': 0, 'delta_t': 0.02, 'need_reset': False}
Tangent angle: 6.001144635572037, User angle: 6.197420981000738, Offset angle: 0.3931079452217317
Target angle: 0.11106727361418223, distance: 482.28488411274424, angle diff: 0.19683159979303078, rotation direction: 1
Basic rotation angle: 1.693121693121693, rotation gain: 0.00010788826361666475
Rotation gain: 1.24, direction: 1, curvature radius: 7.5
{'type': 'running', 'physical': {'user_x': 104.8549281267696, 'user_y': 744.9017944337638, 'user_direction': 6.218585002164759}, 'virtual': {'user_x': 2587.309702609891, 'user_y': 6555.527335324177, 'user_direction': -0.5785166656186329}, 'user_v': 7.999999999999999, 'user_w': 0, 'delta_t': 0.02, 'need_reset': False}
Tangent angle: 5.998489682573364, User angle: 6.218585002164759, Offset angle: 0.3980950118627079
Target angle: 0.1133993872564858, distance: 475.5682624297707, angle diff: 0.17799969227131296, rotation direction: 1
Basic rotation angle: 1.693121693121693, rotation gain: 0.00013612252083940694
Rotation gain: 1.24, direction: 1, curvature radius: 7.5
{'type': 'running', 'physical': {'user_x': 111.19814585967869, 'user_y': 744.6260952177516, 'user_direction': 6.2397490233287805}, 'virtual': {'user_x': 2594.007899666996, 'user_y': 6551.153074679886, 'user_direction': -0.5785166656186312}, 'user_v': 7.999999999999999, 'user_w': 0, 'delta_t': 0.02, 'need_reset': False}
Tangent angle: 5.995513725885742, User angle: 6.2397490233287805, Offset angle: 0.40318508878902487
Target angle: 0.11551350749518008, distance: 468.87520730888525, angle diff: 0.15894979134598586, rotation direction: 1
Basic rotation angle: 1.693121693121693, rotation gain: 0.00016160420809778041
Rotation gain: 1.24, direction: 1, curvature radius: 7.5
{'type': 'running', 'physical': {'user_x': 117.54577750037788, 'user_y': 744.4846957170566, 'user_direction': 6.260913044492802}, 'virtual': {'user_x': 2600.706096724101, 'user_y': 6546.778814035595, 'user_direction': -0.5785166656186294}, 'user_v': 7.999999999999999, 'user_w': 0, 'delta_t': 0.02, 'need_reset': False}
Tangent angle: 5.992206966847935, User angle: 6.260913044492802, Offset angle: 0.40837780878732416
Target angle: 0.11739946845567317, distance: 462.20980528777767, angle diff: 0.13967173114245757, rotation direction: 1
Basic rotation angle: 1.693121693121693, rotation gain: 0.00018459352191458207
Rotation gain: 1.24, direction: 1, curvature radius: 7.5
{'type': 'running', 'physical': {'user_x': 123.89497995053932, 'user_y': 744.4776592643842, 'user_direction': 6.282077065656823}, 'virtual': {'user_x': 2607.404293781206, 'user_y': 6542.404553391304, 'user_direction': -0.5785166656186274}, 'user_v': 7.999999999999999, 'user_w': 0, 'delta_t': 0.02, 'need_reset': False}
Tangent angle: 5.988559481861877, User angle: 6.282077065656823, Offset angle: 0.41367243595547476
Target angle: 0.11904661063776523, distance: 455.57632087589104, angle diff: 0.12015485216052824, rotation direction: 1
Basic rotation angle: 1.693121693121693, rotation gain: 0.0002053142353934638
Rotation gain: 1.24, direction: 1, curvature radius: 7.5
{'type': 'running', 'physical': {'user_x': 130.2429094082711, 'user_y': 744.604989011355, 'user_direction': 0.020055779641258376}, 'virtual': {'user_x': 2614.102490838311, 'user_y': 6538.030292747013, 'user_direction': -0.5785166656186249}, 'user_v': 7.999999999999999, 'user_w': 0, 'delta_t': 0.02, 'need_reset': False}
Tangent angle: 5.984561250391193, User angle: 0.020055779641258376, Offset angle: 0.41906781950426575
Target angle: 0.12044376271587254, distance: 448.97920554094696, angle diff: 0.10038798307461416, rotation direction: 1
Basic rotation angle: 1.693121693121693, rotation gain: 0.00022395806235647552
Rotation gain: 1.24, direction: 1, curvature radius: 7.5
{'type': 'running', 'physical': {'user_x': 136.58672264185336, 'user_y': 744.8666279270933, 'user_direction': 0.04121980080527954}, 'virtual': {'user_x': 2620.800687895416, 'user_y': 6533.656032102722, 'user_direction': -0.5785166656186224}, 'user_v': 7.999999999999999, 'user_w': 0, 'delta_t': 0.02, 'need_reset': False}
Tangent angle: 5.980202187743395, User angle: 0.04121980080527954, Offset angle: 0.42456234373991036
Target angle: 0.12157922430371926, distance: 442.4231068997023, angle diff: 0.08035942349843972, rotation direction: 1
Basic rotation angle: 1.693121693121693, rotation gain: 0.00024068846918037315
Rotation gain: 1.24, direction: 1, curvature radius: 7.5
{'type': 'running', 'physical': {'user_x': 142.9235782632193, 'user_y': 745.2624588237713, 'user_direction': 0.0623838219693007}, 'virtual': {'user_x': 2627.498884952521, 'user_y': 6529.281771458432, 'user_direction': -0.5785166656186193}, 'user_v': 7.999999999999999, 'user_w': 0, 'delta_t': 0.02, 'need_reset': False}
Tangent angle: 5.975472183108587, User angle: 0.0623838219693007, Offset angle: 0.43015387416740763
Target angle: 0.1224407500964082, distance: 435.91287805159794, angle diff: 0.0600569281271075, rotation direction: 1
Basic rotation angle: 1.693121693121693, rotation gain: 0.0002556440038311347
Rotation gain: 1.24, direction: 1, curvature radius: 7.5
{'type': 'running', 'physical': {'user_x': 149.25063800061017, 'user_y': 745.7923044090974, 'user_direction': 0.08354784313332186}, 'virtual': {'user_x': 2634.1970820096262, 'user_y': 6524.907510814141, 'user_direction': -0.5785166656186231}, 'user_v': 7.999999999999999, 'user_w': 0, 'delta_t': 0.02, 'need_reset': False}
Tangent angle: 5.970361143340636, User angle: 0.08354784313332186, Offset angle: 0.43583969971897946
Target angle: 0.12301553588002889, distance: 429.4535869774194, angle diff: 0.03946769274670703, rotation direction: 1
Basic rotation angle: 1.693121693121693, rotation gain: 0.0002689412030898764
Rotation gain: 1.24, direction: 1, curvature radius: 7.5
{'type': 'running', 'physical': {'user_x': 155.56506796983456, 'user_y': 746.4559273657248, 'user_direction': 0.10471186429734303}, 'virtual': {'user_x': 2640.8952790667313, 'user_y': 6520.53325016985, 'user_direction': -0.5785166656186196}, 'user_v': 7.999999999999999, 'user_w': 0, 'delta_t': 0.02, 'need_reset': False}
Tangent angle: 5.964859042972064, User angle: 0.10471186429734303, Offset angle: 0.44161647119368175
Target angle: 0.12329020698615967, distance: 423.05052590584523, angle diff: 0.01857834268881664, rotation direction: 1
Basic rotation angle: 1.693121693121693, rotation gain: 0.00028067713155402506
Rotation gain: 1.24, direction: 1, curvature radius: 7.5
{'type': 'running', 'physical': {'user_x': 161.86403994356252, 'user_y': 747.2530304575467, 'user_direction': 0.1258758854613642}, 'virtual': {'user_x': 2647.5934761238364, 'user_y': 6516.158989525559, 'user_direction': -0.5785166656186242}, 'user_v': 7.999999999999999, 'user_w': 0, 'delta_t': 0.02, 'need_reset': False}
Tangent angle: 5.9589559809492645, User angle: 0.1258758854613642, Offset angle: 0.44748013609660126
Target angle: 0.12325080986627945, distance: 416.70922052854485, angle diff: 0.002625075595084736, rotation direction: -1
Basic rotation angle: 1.693121693121693, rotation gain: 0.0002909315995523517
Rotation gain: 1.24, direction: -1, curvature radius: 7.5
{'type': 'running', 'physical': {'user_x': 168.1784699127869, 'user_y': 747.9166534141742, 'user_direction': 0.10471186429734303}, 'virtual': {'user_x': 2654.2916731809414, 'user_y': 6511.784728881269, 'user_direction': -0.57851666561862}, 'user_v': 7.999999999999999, 'user_w': 0, 'delta_t': 0.02, 'need_reset': False}
Tangent angle: 5.953170713979434, User angle: 0.10471186429734303, Offset angle: 0.45355224573167296
Target angle: 0.12353765253152105, distance: 410.30375358277047, angle diff: 0.01882578823417802, rotation direction: 1
Basic rotation angle: 1.693121693121693, rotation gain: 0.0003000096074478341
Rotation gain: 1.24, direction: 1, curvature radius: 7.5
{'type': 'running', 'physical': {'user_x': 174.47744188651487, 'user_y': 748.7137565059961, 'user_direction': 0.1258758854613642}, 'virtual': {'user_x': 2660.9898702380465, 'user_y': 6507.410468236978, 'user_direction': -0.5785166656186258}, 'user_v': 7.999999999999999, 'user_w': 0, 'delta_t': 0.02, 'need_reset': False}
Tangent angle: 5.946969347707676, User angle: 0.1258758854613642, Offset angle: 0.4597168609030187
Target angle: 0.12350090143110837, distance: 403.96191508305463, angle diff: 0.0023749840302558223, rotation direction: -1
Basic rotation angle: 1.693121693121693, rotation gain: 0.000307939366885308
Rotation gain: 1.24, direction: -1, curvature radius: 7.5
{'type': 'running', 'physical': {'user_x': 180.79187185573926, 'user_y': 749.3773794626236, 'user_direction': 0.10471186429734303}, 'virtual': {'user_x': 2667.6880672951515, 'user_y': 6503.036207592688, 'user_direction': -0.5785166656186208}, 'user_v': 7.999999999999999, 'user_w': 0, 'delta_t': 0.02, 'need_reset': False}
Tangent angle: 5.9408804524216094, User angle: 0.10471186429734303, Offset angle: 0.4661057896499055
Target angle: 0.12380093489192845, distance: 397.55384062707225, angle diff: 0.019089070594585422, rotation direction: 1
Basic rotation angle: 1.693121693121693, rotation gain: 0.00031498809825207633
Rotation gain: 1.24, direction: 1, curvature radius: 7.5
{'type': 'running', 'physical': {'user_x': 187.09084382946722, 'user_y': 750.1744825544455, 'user_direction': 0.1258758854613642}, 'virtual': {'user_x': 2674.3862643522566, 'user_y': 6498.661946948397, 'user_direction': -0.5785166656186282}, 'user_v': 7.999999999999999, 'user_w': 0, 'delta_t': 0.02, 'need_reset': False}
Tangent angle: 5.934359335681783, User angle: 0.1258758854613642, Offset angle: 0.47259323049519997
Target angle: 0.12376725899739682, distance: 391.21138334659554, angle diff: 0.002108626463967367, rotation direction: -1
Basic rotation angle: 1.693121693121693, rotation gain: 0.0003211433702773051
Rotation gain: 1.24, direction: -1, curvature radius: 7.5
{'type': 'running', 'physical': {'user_x': 193.4052737986916, 'user_y': 750.838105511073, 'user_direction': 0.10471186429734303}, 'virtual': {'user_x': 2681.0844614093617, 'user_y': 6494.287686304106, 'user_direction': -0.578516665618622}, 'user_v': 7.999999999999999, 'user_w': 0, 'delta_t': 0.02, 'need_reset': False}
Tangent angle: 5.927944547734995, User angle: 0.10471186429734303, Offset angle: 0.4793223876758489
Target angle: 0.12408162823125757, distance: 384.80047485532884, angle diff: 0.01936976393391454, rotation direction: 1
Basic rotation angle: 1.693121693121693, rotation gain: 0.0003266446889504635
Rotation gain: 1.24, direction: 1, curvature radius: 7.5
{'type': 'running', 'physical': {'user_x': 199.70424577241957, 'user_y': 751.6352086028949, 'user_direction': 0.1258758854613642}, 'virtual': {'user_x': 2687.7826584664667, 'user_y': 6489.913425659815, 'user_direction': -0.5785166656186135}, 'user_v': 7.999999999999999, 'user_w': 0, 'delta_t': 0.02, 'need_reset': False}
Tangent angle: 5.921080358768039, User angle: 0.1258758854613642, Offset angle: 0.48615647498029063
Target angle: 0.12405152656874385, distance: 378.4572992302711, angle diff: 0.001824358892620337, rotation direction: -1
Basic rotation angle: 1.693121693121693, rotation gain: 0.0003314472876757353
Rotation gain: 1.24, direction: -1, curvature radius: 7.5
{'type': 'running', 'physical': {'user_x': 206.01867574164396, 'user_y': 752.2988315595223, 'user_direction': 0.10471186429734303}, 'virtual': {'user_x': 2694.480855523572, 'user_y': 6485.539165015524, 'user_direction': -0.5785166656186246}, 'user_v': 7.999999999999999, 'user_w': 0, 'delta_t': 0.02, 'need_reset': False}
Tangent angle: 5.914315441901613, User angle: 0.10471186429734303, Offset angle: 0.4932513882859331
Target angle: 0.12438152300796013, distance: 372.043301187864, angle diff: 0.0196696587106171, rotation direction: 1
Basic rotation angle: 1.693121693121693, rotation gain: 0.0003357707550871591
Rotation gain: 1.24, direction: 1, curvature radius: 7.5
{'type': 'running', 'physical': {'user_x': 212.31764771537192, 'user_y': 753.0959346513442, 'user_direction': 0.1258758854613642}, 'virtual': {'user_x': 2701.179052580677, 'user_y': 6481.164904371234, 'user_direction': -0.5785166656186109}, 'user_v': 7.999999999999999, 'user_w': 0, 'delta_t': 0.02, 'need_reset': False}
Tangent angle: 5.907082811123615, User angle: 0.1258758854613642, Offset angle: 0.5004580740331552
Target angle: 0.12435557797718388, distance: 365.6992910571624, angle diff: 0.0015203074841803055, rotation direction: -1
Basic rotation angle: 1.693121693121693, rotation gain: 0.0003395442606331055
Rotation gain: 1.24, direction: -1, curvature radius: 7.5
{'type': 'running', 'physical': {'user_x': 218.6320776845963, 'user_y': 753.7595576079717, 'user_direction': 0.10471186429734303}, 'virtual': {'user_x': 2707.877249637782, 'user_y': 6476.790643726943, 'user_direction': -0.5785166656186322}, 'user_v': 7.999999999999999, 'user_w': 0, 'delta_t': 0.02, 'need_reset': False}
Tangent angle: 5.899941375310377, User angle: 0.10471186429734303, Offset angle: 0.5079465964135599
Target angle: 0.1247026645443503, distance: 359.28191399925345, angle diff: 0.01999080024700728, rotation direction: 1
Basic rotation angle: 1.693121693121693, rotation gain: 0.00034297354641237796
Rotation gain: 1.24, direction: 1, curvature radius: 7.5
{'type': 'running', 'physical': {'user_x': 224.93104965832427, 'user_y': 754.5566606997936, 'user_direction': 0.1258758854613642}, 'virtual': {'user_x': 2714.247010668115, 'user_y': 6472.63086837979, 'user_direction': -0.5785166656186322}, 'user_v': 0, 'user_w': 0.1, 'delta_t': 0.02, 'need_reset': False}
Tangent angle: 5.892312701509164, User angle: 0.1258758854613642, Offset angle: 0.5155541642781858
Target angle: 0.12468155860776342, distance: 352.93693328564746, angle diff: 0.001194326853600769, rotation direction: -1
Basic rotation angle: 0.0, rotation gain: 0.0003016306720174733
Rotation gain: 1.24, direction: -1, curvature radius: 2500000
{'type': 'running', 'physical': {'user_x': 231.24547962754866, 'user_y': 755.2202836564211, 'user_direction': 0.10471186429734303}, 'virtual': {'user_x': 2714.247010668115, 'user_y': 6472.63086837979, 'user_direction': -0.47851666561863226}, 'user_v': 0, 'user_w': 0.1, 'delta_t': 0.02, 'need_reset': False}
Tangent angle: 5.88476600935264, User angle: 0.10471186429734303, Offset angle: 0.5234666980045305
Target angle: 0.12504740017758476, distance: 346.5158477667312, angle diff: 0.02033553588024173, rotation direction: 1
Basic rotation angle: 0.0, rotation gain: 0.00026546013540421293
Rotation gain: 1.24, direction: 1, curvature radius: 2500000
{'type': 'running', 'physical': {'user_x': 231.24547962754866, 'user_y': 755.2202836564211, 'user_direction': 0.18535702558766562}, 'virtual': {'user_x': 2714.247010668115, 'user_y': 6472.63086837979, 'user_direction': -0.3785166656186323}, 'user_v': 0, 'user_w': 0.1, 'delta_t': 0.02, 'need_reset': False}
Tangent angle: 5.88476600935264, User angle: 0.18535702558766562, Offset angle: 0.5234666980045305
Target angle: 0.12504740017758476, distance: 346.5158477667312, angle diff: 0.060309625410080864, rotation direction: -1
Basic rotation angle: 0.0, rotation gain: 0.0002338109158676101
Rotation gain: 1.24, direction: -1, curvature radius: 2500000
{'type': 'running', 'physical': {'user_x': 231.24547962754866, 'user_y': 755.2202836564211, 'user_direction': 0.2660021868779882}, 'virtual': {'user_x': 2714.247010668115, 'user_y': 6472.63086837979, 'user_direction': -0.2785166656186323}, 'user_v': 0, 'user_w': 0.1, 'delta_t': 0.02, 'need_reset': False}
Tangent angle: 5.88476600935264, User angle: 0.2660021868779882, Offset angle: 0.5234666980045305
Target angle: 0.12504740017758476, distance: 346.5158477667312, angle diff: 0.14095478670040346, rotation direction: -1
Basic rotation angle: 0.0, rotation gain: 0.0002061178487730826
Rotation gain: 1.24, direction: -1, curvature radius: 2500000
{'type': 'running', 'physical': {'user_x': 231.24547962754866, 'user_y': 755.2202836564211, 'user_direction': 0.3466473481683108}, 'virtual': {'user_x': 2714.247010668115, 'user_y': 6472.63086837979, 'user_direction': -0.1785166656186323}, 'user_v': 0, 'user_w': 0.1, 'delta_t': 0.02, 'need_reset': False}
Tangent angle: 5.88476600935264, User angle: 0.3466473481683108, Offset angle: 0.5234666980045305
Target angle: 0.12504740017758476, distance: 346.5158477667312, angle diff: 0.22159994799072602, rotation direction: -1
Basic rotation angle: 0.0, rotation gain: 0.00018188641506537104
Rotation gain: 1.24, direction: -1, curvature radius: 2500000
{'type': 'running', 'physical': {'user_x': 231.24547962754866, 'user_y': 755.2202836564211, 'user_direction': 0.4272925094586334}, 'virtual': {'user_x': 2714.247010668115, 'user_y': 6472.63086837979, 'user_direction': -0.0785166656186323}, 'user_v': 0, 'user_w': 0.1, 'delta_t': 0.02, 'need_reset': False}
Tangent angle: 5.88476600935264, User angle: 0.4272925094586334, Offset angle: 0.5234666980045305
Target angle: 0.12504740017758476, distance: 346.5158477667312, angle diff: 0.30224510928104864, rotation direction: -1
Basic rotation angle: 0.0, rotation gain: 0.00016068391057112345
Rotation gain: 1.24, direction: -1, curvature radius: 2500000
{'type': 'running', 'physical': {'user_x': 231.24547962754866, 'user_y': 755.2202836564211, 'user_direction': 0.507937670748956}, 'virtual': {'user_x': 2714.247010668115, 'user_y': 6472.63086837979, 'user_direction': 0.021483334381367708}, 'user_v': 0, 'user_w': 0.1, 'delta_t': 0.02, 'need_reset': False}
Tangent angle: 5.88476600935264, User angle: 0.507937670748956, Offset angle: 0.5234666980045305
Target angle: 0.12504740017758476, distance: 346.5158477667312, angle diff: 0.38289027057137126, rotation direction: -1
Basic rotation angle: 0.0, rotation gain: 0.00014213171913865678
Rotation gain: 1.24, direction: -1, curvature radius: 2500000
{'type': 'running', 'physical': {'user_x': 231.24547962754866, 'user_y': 755.2202836564211, 'user_direction': 0.5885828320392786}, 'virtual': {'user_x': 2714.247010668115, 'user_y': 6472.63086837979, 'user_direction': 0.12148333438136771}, 'user_v': 0, 'user_w': 0.1, 'delta_t': 0.02, 'need_reset': False}
Tangent angle: 5.88476600935264, User angle: 0.5885828320392786, Offset angle: 0.5234666980045305
Target angle: 0.12504740017758476, distance: 346.5158477667312, angle diff: 0.4635354318616939, rotation direction: -1
Basic rotation angle: 0.0, rotation gain: 0.00012589855163524846
Rotation gain: 1.24, direction: -1, curvature radius: 2500000
{'type': 'running', 'physical': {'user_x': 231.24547962754866, 'user_y': 755.2202836564211, 'user_direction': 0.6692279933296013}, 'virtual': {'user_x': 2714.247010668115, 'user_y': 6472.63086837979, 'user_direction': 0.22148333438136772}, 'user_v': 0, 'user_w': 0.1, 'delta_t': 0.02, 'need_reset': False}
Tangent angle: 5.88476600935264, User angle: 0.6692279933296013, Offset angle: 0.5234666980045305
Target angle: 0.12504740017758476, distance: 346.5158477667312, angle diff: 0.5441805931520165, rotation direction: -1
Basic rotation angle: 0.0, rotation gain: 0.00011169453006976618
Rotation gain: 1.24, direction: -1, curvature radius: 2500000
{'type': 'running', 'physical': {'user_x': 231.24547962754866, 'user_y': 755.2202836564211, 'user_direction': 0.7498731546199239}, 'virtual': {'user_x': 2714.247010668115, 'user_y': 6472.63086837979, 'user_direction': 0.3214833343813677}, 'user_v': 0, 'user_w': 0.1, 'delta_t': 0.02, 'need_reset': False}
Tangent angle: 5.88476600935264, User angle: 0.7498731546199239, Offset angle: 0.5234666980045305
Target angle: 0.12504740017758476, distance: 346.5158477667312, angle diff: 0.6248257544423391, rotation direction: -1
Basic rotation angle: 0.0, rotation gain: 9.926601119996918e-05
Rotation gain: 1.24, direction: -1, curvature radius: 2500000
{'type': 'running', 'physical': {'user_x': 231.24547962754866, 'user_y': 755.2202836564211, 'user_direction': 0.8305183159102465}, 'virtual': {'user_x': 2714.247010668115, 'user_y': 6472.63086837979, 'user_direction': 0.42148333438136776}, 'user_v': 0, 'user_w': 0.1, 'delta_t': 0.02, 'need_reset': False}
Tangent angle: 5.88476600935264, User angle: 0.8305183159102465, Offset angle: 0.5234666980045305
Target angle: 0.12504740017758476, distance: 346.5158477667312, angle diff: 0.7054709157326617, rotation direction: -1
Basic rotation angle: 0.0, rotation gain: 8.839105718889681e-05
Rotation gain: 1.24, direction: -1, curvature radius: 2500000
{'type': 'running', 'physical': {'user_x': 231.24547962754866, 'user_y': 755.2202836564211, 'user_direction': 0.9111634772005691}, 'virtual': {'user_x': 2714.247010668115, 'user_y': 6472.63086837979, 'user_direction': 0.5214833343813677}, 'user_v': 0, 'user_w': 0.1, 'delta_t': 0.02, 'need_reset': False}
Tangent angle: 5.88476600935264, User angle: 0.9111634772005691, Offset angle: 0.5234666980045305
Target angle: 0.12504740017758476, distance: 346.5158477667312, angle diff: 0.7861160770229844, rotation direction: -1
Basic rotation angle: 0.0, rotation gain: 7.887547242920848e-05
Rotation gain: 1.24, direction: -1, curvature radius: 2500000
{'type': 'running', 'physical': {'user_x': 231.24547962754866, 'user_y': 755.2202836564211, 'user_direction': 0.9918086384908917}, 'virtual': {'user_x': 2714.247010668115, 'user_y': 6472.63086837979, 'user_direction': 0.6214833343813677}, 'user_v': 0, 'user_w': 0.1, 'delta_t': 0.02, 'need_reset': False}
Tangent angle: 5.88476600935264, User angle: 0.9918086384908917, Offset angle: 0.5234666980045305
Target angle: 0.12504740017758476, distance: 346.5158477667312, angle diff: 0.866761238313307, rotation direction: -1
Basic rotation angle: 0.0, rotation gain: 7.05493357644812e-05
Rotation gain: 1.24, direction: -1, curvature radius: 2500000
{'type': 'running', 'physical': {'user_x': 231.24547962754866, 'user_y': 755.2202836564211, 'user_direction': 1.0724537997812142}, 'virtual': {'user_x': 2714.247010668115, 'user_y': 6472.63086837979, 'user_direction': 0.7214833343813677}, 'user_v': 0, 'user_w': 0.1, 'delta_t': 0.02, 'need_reset': False}
Tangent angle: 5.88476600935264, User angle: 1.0724537997812142, Offset angle: 0.5234666980045305
Target angle: 0.12504740017758476, distance: 346.5158477667312, angle diff: 0.9474063996036295, rotation direction: -1
Basic rotation angle: 0.0, rotation gain: 6.326396618284484e-05
Rotation gain: 1.24, direction: -1, curvature radius: 2500000
{'type': 'running', 'physical': {'user_x': 231.24547962754866, 'user_y': 755.2202836564211, 'user_direction': 1.1530989610715368}, 'virtual': {'user_x': 2714.247010668115, 'user_y': 6472.63086837979, 'user_direction': 0.8214833343813677}, 'user_v': 0, 'user_w': 0.1, 'delta_t': 0.02, 'need_reset': False}
Tangent angle: 5.88476600935264, User angle: 1.1530989610715368, Offset angle: 0.5234666980045305
Target angle: 0.12504740017758476, distance: 346.5158477667312, angle diff: 1.028051560893952, rotation direction: -1
Basic rotation angle: 0.0, rotation gain: 5.688926779891301e-05
Rotation gain: 1.24, direction: -1, curvature radius: 2500000
{'type': 'running', 'physical': {'user_x': 231.24547962754866, 'user_y': 755.2202836564211, 'user_direction': 1.2337441223618593}, 'virtual': {'user_x': 2714.247010668115, 'user_y': 6472.63086837979, 'user_direction': 0.9214833343813676}, 'user_v': 0, 'user_w': 0.1, 'delta_t': 0.02, 'need_reset': False}
Tangent angle: 5.88476600935264, User angle: 1.2337441223618593, Offset angle: 0.5234666980045305
Target angle: 0.12504740017758476, distance: 346.5158477667312, angle diff: 1.1086967221842745, rotation direction: -1
Basic rotation angle: 0.0, rotation gain: 5.1311406712972664e-05
Rotation gain: 1.24, direction: -1, curvature radius: 2500000
{'type': 'running', 'physical': {'user_x': 231.24547962754866, 'user_y': 755.2202836564211, 'user_direction': 1.3143892836521818}, 'virtual': {'user_x': 2714.247010668115, 'user_y': 6472.63086837979, 'user_direction': 1.0214833343813676}, 'user_v': 0, 'user_w': 0.1, 'delta_t': 0.02, 'need_reset': False}
Tangent angle: 5.88476600935264, User angle: 1.3143892836521818, Offset angle: 0.5234666980045305
Target angle: 0.12504740017758476, distance: 346.5158477667312, angle diff: 1.189341883474597, rotation direction: -1
Basic rotation angle: 0.0, rotation gain: 4.643077826277486e-05
Rotation gain: 1.24, direction: -1, curvature radius: 2500000
{'type': 'running', 'physical': {'user_x': 231.24547962754866, 'user_y': 755.2202836564211, 'user_direction': 1.3950344449425043}, 'virtual': {'user_x': 2714.247010668115, 'user_y': 6472.63086837979, 'user_direction': 1.1214833343813677}, 'user_v': 0, 'user_w': 0.1, 'delta_t': 0.02, 'need_reset': False}
Tangent angle: 5.88476600935264, User angle: 1.3950344449425043, Offset angle: 0.5234666980045305
Target angle: 0.12504740017758476, distance: 346.5158477667312, angle diff: 1.2699870447649195, rotation direction: -1
Basic rotation angle: 0.0, rotation gain: 4.216022836885178e-05
Rotation gain: 1.24, direction: -1, curvature radius: 2500000
{'type': 'running', 'physical': {'user_x': 231.24547962754866, 'user_y': 755.2202836564211, 'user_direction': 1.4756796062328268}, 'virtual': {'user_x': 2714.247010668115, 'user_y': 6472.63086837979, 'user_direction': 1.2214833343813678}, 'user_v': 0, 'user_w': 0.1, 'delta_t': 0.02, 'need_reset': False}
Tangent angle: 5.88476600935264, User angle: 1.4756796062328268, Offset angle: 0.5234666980045305
Target angle: 0.12504740017758476, distance: 346.5158477667312, angle diff: 1.350632206055242, rotation direction: -1
Basic rotation angle: 0.0, rotation gain: 3.842349721166908e-05
Rotation gain: 1.24, direction: -1, curvature radius: 2500000
{'type': 'running', 'physical': {'user_x': 231.24547962754866, 'user_y': 755.2202836564211, 'user_direction': 1.5563247675231493}, 'virtual': {'user_x': 2714.247010668115, 'user_y': 6472.63086837979, 'user_direction': 1.321483334381368}, 'user_v': 0, 'user_w': 0.1, 'delta_t': 0.02, 'need_reset': False}
Tangent angle: 5.88476600935264, User angle: 1.5563247675231493, Offset angle: 0.5234666980045305
Target angle: 0.12504740017758476, distance: 346.5158477667312, angle diff: 1.4312773673455645, rotation direction: -1
Basic rotation angle: 0.0, rotation gain: 3.5153857449134224e-05
Rotation gain: 1.24, direction: -1, curvature radius: 2500000
{'type': 'running', 'physical': {'user_x': 231.24547962754866, 'user_y': 755.2202836564211, 'user_direction': 1.6369699288134718}, 'virtual': {'user_x': 2714.247010668115, 'user_y': 6472.63086837979, 'user_direction': 1.421483334381368}, 'user_v': 0, 'user_w': 0.1, 'delta_t': 0.02, 'need_reset': False}
Tangent angle: 5.88476600935264, User angle: 1.6369699288134718, Offset angle: 0.5234666980045305
Target angle: 0.12504740017758476, distance: 346.5158477667312, angle diff: 1.511922528635887, rotation direction: -1
Basic rotation angle: 0.0, rotation gain: 3.229292265691622e-05
Rotation gain: 1.24, direction: -1, curvature radius: 2500000
{'type': 'running', 'physical': {'user_x': 231.24547962754866, 'user_y': 755.2202836564211, 'user_direction': 1.7176150901037943}, 'virtual': {'user_x': 2714.247010668115, 'user_y': 6472.63086837979, 'user_direction': 1.521483334381368}, 'user_v': 0, 'user_w': 0.1, 'delta_t': 0.02, 'need_reset': False}
Tangent angle: 5.88476600935264, User angle: 1.7176150901037943, Offset angle: 0.5234666980045305
Target angle: 0.12504740017758476, distance: 346.5158477667312, angle diff: 1.5925676899262096, rotation direction: -1
Basic rotation angle: 0.0, rotation gain: 2.9789604713725473e-05
Rotation gain: 1.24, direction: -1, curvature radius: 2500000
{'type': 'running', 'physical': {'user_x': 231.24547962754866, 'user_y': 755.2202836564211, 'user_direction': 1.7982602513941168}, 'virtual': {'user_x': 2714.247010668115, 'user_y': 6472.63086837979, 'user_direction': 1.6214833343813682}, 'user_v': 0, 'user_w': 0.1, 'delta_t': 0.02, 'need_reset': False}
Tangent angle: 5.88476600935264, User angle: 1.7982602513941168, Offset angle: 0.5234666980045305
Target angle: 0.12504740017758476, distance: 346.5158477667312, angle diff: 1.673212851216532, rotation direction: -1
Basic rotation angle: 0.0, rotation gain: 2.759920151343357e-05
Rotation gain: 1.24, direction: -1, curvature radius: 2500000
{'type': 'running', 'physical': {'user_x': 231.24547962754866, 'user_y': 755.2202836564211, 'user_direction': 1.8789054126844393}, 'virtual': {'user_x': 2714.247010668115, 'user_y': 6472.63086837979, 'user_direction': 1.7664808674595909}, 'user_v': 7.999999999999999, 'user_w': 0, 'delta_t': 0.02, 'need_reset': False}
Tangent angle: 5.88476600935264, User angle: 1.8789054126844393, Offset angle: 0.5234666980045305
Target angle: 0.12504740017758476, distance: 346.5158477667312, angle diff: 1.7538580125068546, rotation direction: -1
Basic rotation angle: 1.693121693121693, rotation gain: 7.014822299196771e-05
Rotation gain: 1.24, direction: -1, curvature radius: 7.5
{'type': 'running', 'physical': {'user_x': 231.24547962754866, 'user_y': 755.2202836564211, 'user_direction': 1.9595505739747618}, 'virtual': {'user_x': 2712.6915062158373, 'user_y': 6480.478186768828, 'user_direction': 1.7664808674595909}, 'user_v': 7.999999999999999, 'user_w': 0, 'delta_t': 0.02, 'need_reset': False}
Tangent angle: 5.88476600935264, User angle: 1.9595505739747618, Offset angle: 0.5234666980045305
Target angle: 0.12504740017758476, distance: 346.5158477667312, angle diff: 1.834503173797177, rotation direction: -1
Basic rotation angle: 1.693121693121693, rotation gain: 0.0001073786167856851
Rotation gain: 1.24, direction: -1, curvature radius: 7.5
{'type': 'running', 'physical': {'user_x': 228.96378003386351, 'user_y': 761.1453379370989, 'user_direction': 1.9383865528107407}, 'virtual': {'user_x': 2711.1360017635598, 'user_y': 6488.325505157866, 'user_direction': 1.76648086745959}, 'user_v': 7.999999999999999, 'user_w': 0, 'delta_t': 0.02, 'need_reset': False}
Tangent angle: 5.873454153273348, User angle: 1.9383865528107407, Offset angle: 0.5171608162497838
Target angle: 0.107429662343546, distance: 351.61868048444336, angle diff: 1.8309568904671947, rotation direction: -1
Basic rotation angle: 1.693121693121693, rotation gain: 0.00013348303203025727
Rotation gain: 1.24, direction: -1, curvature radius: 7.5
{'type': 'running', 'physical': {'user_x': 226.8079800388599, 'user_y': 767.1173516382172, 'user_direction': 1.9172225316467195}, 'virtual': {'user_x': 2709.580497311282, 'user_y': 6496.1728235469045, 'user_direction': 1.7664808674595889}, 'user_v': 7.999999999999999, 'user_w': 0, 'delta_t': 0.02, 'need_reset': False}
Tangent angle: 5.862158022171447, User angle: 1.9172225316467195, Offset angle: 0.5110751169493452
Target angle: 0.09004783194120591, distance: 356.6517811272608, angle diff: 1.8271746997055136, rotation direction: -1
Basic rotation angle: 1.693121693121693, rotation gain: 0.00014993507374244398
Rotation gain: 1.24, direction: -1, curvature radius: 7.5
{'type': 'running', 'physical': {'user_x': 224.7790452233573, 'user_y': 773.1336499003751, 'user_direction': 1.8960585104826984}, 'virtual': {'user_x': 2708.0249928590047, 'user_y': 6504.020141935943, 'user_direction': 1.766480867459588}, 'user_v': 7.999999999999999, 'user_w': 0, 'delta_t': 0.02, 'need_reset': False}
Tangent angle: 5.850876959078278, User angle: 1.8960585104826984, Offset angle: 0.5051995320983443
Target angle: 0.07289118399703565, distance: 361.61585367807237, angle diff: 1.8231673264856627, rotation direction: -1
Basic rotation angle: 1.693121693121693, rotation gain: 0.00015802095353741155
Rotation gain: 1.24, direction: -1, curvature radius: 7.5
{'type': 'running', 'physical': {'user_x': 222.87788434537873, 'user_y': 779.1915380291578, 'user_direction': 1.8748944893186772}, 'virtual': {'user_x': 2706.469488406727, 'user_y': 6511.867460324981, 'user_direction': 1.7664808674595867}, 'user_v': 7.999999999999999, 'user_w': 0, 'delta_t': 0.02, 'need_reset': False}
Tangent angle: 5.83961034101345, User angle: 1.8748944893186772, Offset angle: 0.49952464997239376
Target angle: 0.055949683806257866, distance: 366.5115242622973, angle diff: 1.8189448055124193, rotation direction: -1
Basic rotation angle: 1.693121693121693, rotation gain: 0.0001588631118199183
Rotation gain: 1.24, direction: -1, curvature radius: 7.5
{'type': 'running', 'physical': {'user_x': 221.1053489331192, 'user_y': 785.2883027020878, 'user_direction': 1.853730468154656}, 'virtual': {'user_x': 2704.9139839544496, 'user_y': 6519.714778714019, 'user_direction': 1.7664808674595853}, 'user_v': 7.999999999999999, 'user_w': 0, 'delta_t': 0.02, 'need_reset': False}
Tangent angle: 5.828357576767027, User angle: 1.853730468154656, Offset angle: 0.49404166109953684
Target angle: 0.03921393068697743, distance: 371.339348474295, angle diff: 1.8145165374676786, rotation direction: -1
Basic rotation angle: 1.693121693121693, rotation gain: 0.00015344087207953372
Rotation gain: 1.24, direction: -1, curvature radius: 7.5
{'type': 'running', 'physical': {'user_x': 219.46223290354672, 'user_y': 791.4212131839197, 'user_direction': 1.8325664469906349}, 'virtual': {'user_x': 2703.358479502172, 'user_y': 6527.562097103058, 'user_direction': 1.766480867459584}, 'user_v': 7.999999999999999, 'user_w': 0, 'delta_t': 0.02, 'need_reset': False}
Tangent angle: 5.817118104851831, User angle: 1.8325664469906349, Offset angle: 0.48874230969744736
Target angle: 0.02267510736969225, distance: 376.09981792545204, angle diff: 1.8098913396209426, rotation direction: -1
Basic rotation angle: 1.693121693121693, rotation gain: 0.00014260849970173454
Rotation gain: 1.24, direction: -1, curvature radius: 7.5
{'type': 'running', 'physical': {'user_x': 217.94927220680785, 'user_y': 797.5875225497338, 'user_direction': 1.8114024258266137}, 'virtual': {'user_x': 2701.8029750498945, 'user_y': 6535.409415492097, 'user_direction': 1.7664808674595824}, 'user_v': 7.999999999999999, 'user_w': 0, 'delta_t': 0.02, 'need_reset': False}
Tangent angle: 5.8058913916108175, User angle: 1.8114024258266137, Offset angle: 0.4836188499216228
Target angle: 0.0063249343528539725, distance: 380.79336611166076, angle diff: 1.8050774914737597, rotation direction: -1
Basic rotation angle: 1.693121693121693, rotation gain: 0.00012711099099428844
Rotation gain: 1.24, direction: -1, curvature radius: 7.5
{'type': 'running', 'physical': {'user_x': 216.5671444965962, 'user_y': 803.7844689152809, 'user_direction': 1.7902384046625925}, 'virtual': {'user_x': 2700.247470597617, 'user_y': 6543.256733881136, 'user_direction': 1.7664808674595818}, 'user_v': 7.999999999999999, 'user_w': 0, 'delta_t': 0.02, 'need_reset': False}
Tangent angle: 5.79467692946595, User angle: 1.7902384046625925, Offset angle: 0.4786640063608033
Target angle: 6.273340935826754, distance: 385.4203736838223, angle diff: 1.800082776015425, rotation direction: -1
Basic rotation angle: 1.693121693121693, rotation gain: 0.00013589140259072754
Rotation gain: 1.24, direction: -1, curvature radius: 7.5
{'type': 'running', 'physical': {'user_x': 215.316468826632, 'user_y': 810.0092766740282, 'user_direction': 1.7690743834985714}, 'virtual': {'user_x': 2698.6919661453394, 'user_y': 6551.104052270175, 'user_direction': 1.7664808674595813}, 'user_v': 7.999999999999999, 'user_w': 0, 'delta_t': 0.02, 'need_reset': False}
Tangent angle: 5.783474235296342, User angle: 1.7690743834985714, Offset angle: 0.4738709382921619
Target angle: 6.257345173588504, distance: 389.9811731932199, angle diff: 1.7949145170896532, rotation direction: -1
Basic rotation angle: 1.693121693121693, rotation gain: 0.00012274555931803287
Rotation gain: 1.24, direction: -1, curvature radius: 7.5
{'type': 'running', 'physical': {'user_x': 214.19780537338846, 'user_y': 816.2591577403509, 'user_direction': 1.7479103623345502}, 'virtual': {'user_x': 2697.136461693062, 'user_y': 6558.951370659214, 'user_direction': 1.7664808674595807}, 'user_v': 7.999999999999999, 'user_w': 0, 'delta_t': 0.02, 'need_reset': False}
Tangent angle: 5.772282848934654, User angle: 1.7479103623345502, Offset angle: 0.4692332072734387
Target angle: 6.241516056208092, distance: 394.4760533736818, angle diff: 1.789579613306044, rotation direction: -1
Basic rotation angle: 1.693121693121693, rotation gain: 0.00012882284270185893
Rotation gain: 1.24, direction: -1, curvature radius: 7.5
{'type': 'running', 'physical': {'user_x': 213.21165518518936, 'user_y': 822.5313127983128, 'user_direction': 1.726746341170529}, 'virtual': {'user_x': 2695.5809572407843, 'user_y': 6566.798689048253, 'user_direction': 1.76648086745958}, 'user_v': 7.999999999999999, 'user_w': 0, 'delta_t': 0.02, 'need_reset': False}
Tangent angle: 5.761102331771749, User angle: 1.726746341170529, Offset angle: 0.4647447477041244
Target angle: 6.225847079475873, distance: 398.9052630140663, angle diff: 1.784084568874242, rotation direction: -1
Basic rotation angle: 1.693121693121693, rotation gain: 0.00011811633167007508
Rotation gain: 1.24, direction: -1, curvature radius: 7.5
{'type': 'running', 'physical': {'user_x': 212.35845995778985, 'user_y': 828.8229325554775, 'user_direction': 1.705582320006508}, 'virtual': {'user_x': 2694.0254527885068, 'user_y': 6574.646007437293, 'user_direction': 1.766480867459579}, 'user_v': 7.999999999999999, 'user_w': 0, 'delta_t': 0.02, 'need_reset': False}
Tangent angle: 5.749932265460606, User angle: 1.705582320006508, Offset angle: 0.4603998400346521
Target angle: 6.210332105495258, distance: 403.26901446749537, angle diff: 1.7784355216908363, rotation direction: -1
Basic rotation angle: 1.693121693121693, rotation gain: 0.00012213093570221964
Rotation gain: 1.24, direction: -1, curvature radius: 7.5
{'type': 'running', 'physical': {'user_x': 211.6386018365414, 'user_y': 835.1311990011878, 'user_direction': 1.6844182988424867}, 'virtual': {'user_x': 2692.469948336229, 'user_y': 6582.493325826332, 'user_direction': 1.766480867459578}, 'user_v': 7.999999999999999, 'user_w': 0, 'delta_t': 0.02, 'need_reset': False}
Tangent angle: 5.738772250711289, User angle: 1.6844182988424867, Offset angle: 0.4561930863426518
Target angle: 6.194965337053941, distance: 407.567486837717, angle diff: 1.772638268968132, rotation direction: -1
Basic rotation angle: 1.693121693121693, rotation gain: 0.00011329877437117504
Rotation gain: 1.24, direction: -1, curvature radius: 7.5
{'type': 'running', 'physical': {'user_x': 211.05240324522924, 'user_y': 841.4532866687504, 'user_direction': 1.6632542776784656}, 'virtual': {'user_x': 2690.9144438839517, 'user_y': 6590.340644215371, 'user_direction': 1.7664808674595769}, 'user_v': 7.999999999999999, 'user_w': 0, 'delta_t': 0.02, 'need_reset': False}
Tangent angle: 5.727621906169579, User angle: 1.6632542776784656, Offset angle: 0.4521193880297576
Target angle: 6.179741294199336, distance: 411.8008288778126, angle diff: 1.7666982906587156, rotation direction: -1
Basic rotation angle: 1.693121693121693, rotation gain: 0.00011574071658498648
Rotation gain: 1.24, direction: -1, curvature radius: 7.5
{'type': 'running', 'physical': {'user_x': 210.60012674165904, 'user_y': 847.7863639009591, 'user_direction': 1.6420902565144444}, 'virtual': {'user_x': 2689.358939431674, 'user_y': 6598.18796260441, 'user_direction': 1.7664808674595756}, 'user_v': 7.999999999999999, 'user_w': 0, 'delta_t': 0.02, 'need_reset': False}
Tangent angle: 5.716480867372505, User angle: 1.6420902565144444, Offset angle: 0.4481739254221087
Target angle: 6.164654792794614, distance: 415.96916163205003, angle diff: 1.7606207708994166, rotation direction: -1
Basic rotation angle: 1.693121693121693, rotation gain: 0.00010835003035841567
Rotation gain: 1.24, direction: -1, curvature radius: 7.5
{'type': 'running', 'physical': {'user_x': 210.2819749000575, 'user_y': 854.1275941183924, 'user_direction': 1.6209262353504232}, 'virtual': {'user_x': 2687.803434979397, 'user_y': 6606.035280993449, 'user_direction': 1.766480867459574}, 'user_v': 7.999999999999999, 'user_w': 0, 'delta_t': 0.02, 'need_reset': False}
Tangent angle: 5.705348785774685, User angle: 1.6209262353504232, Offset angle: 0.4443521390833027
Target angle: 6.149700924857988, distance: 420.07258084788367, angle diff: 1.754410617672022, rotation direction: -1
Basic rotation angle: 1.693121693121693, rotation gain: 0.00010959418611509176
Rotation gain: 1.24, direction: -1, curvature radius: 7.5
{'type': 'running', 'physical': {'user_x': 210.09809022033954, 'user_y': 860.4741370899137, 'user_direction': 1.599762214186402}, 'virtual': {'user_x': 2686.2479305271195, 'user_y': 6613.8825993824885, 'user_direction': 1.7664808674595782}, 'user_v': 7.999999999999999, 'user_w': 0, 'delta_t': 0.02, 'need_reset': False}
Tangent angle: 5.694225327839849, User angle: 1.599762214186402, Offset angle: 0.44064971267075254
Target angle: 6.134875040510601, distance: 424.1111591818372, angle diff: 1.7480724808553871, rotation direction: -1
Basic rotation angle: 1.693121693121693, rotation gain: 0.00010331327587361949
Rotation gain: 1.24, direction: -1, curvature radius: 7.5
{'type': 'running', 'physical': {'user_x': 210.04855506428277, 'user_y': 866.8231502048093, 'user_direction': 1.578598193022381}, 'virtual': {'user_x': 2684.692426074842, 'user_y': 6621.729917771528, 'user_direction': 1.7664808674595764}, 'user_v': 7.999999999999999, 'user_w': 0, 'delta_t': 0.02, 'need_reset': False}
Tangent angle: 5.683110174192521, User angle: 1.578598193022381, Offset angle: 0.43706255718567627
Target angle: 6.120172731378197, distance: 428.08494822017735, angle diff: 1.7416107688237696, rotation direction: -1
Basic rotation angle: 1.693121693121693, rotation gain: 0.00010364639373969958
Rotation gain: 1.24, direction: -1, curvature radius: 7.5
{'type': 'running', 'physical': {'user_x': 210.13339161863766, 'user_y': 873.1717897459903, 'user_direction': 1.5574341718583598}, 'virtual': {'user_x': 2683.136921622565, 'user_y': 6629.577236160567, 'user_direction': 1.7664808674595742}, 'user_v': 7.999999999999999, 'user_w': 0, 'delta_t': 0.02, 'need_reset': False}
Tangent angle: 5.672003018825175, User angle: 1.5574341718583598, Offset angle: 0.4335867964837368
Target angle: 6.105589815308912, distance: 431.99398033284456, angle diff: 1.7350296637290334, rotation direction: -1
Basic rotation angle: 1.693121693121693, rotation gain: 9.822105044302096e-05
Rotation gain: 1.24, direction: -1, curvature radius: 7.5
{'type': 'running', 'physical': {'user_x': 210.35256188519017, 'user_y': 879.5172121636912, 'user_direction': 1.5362701506943386}, 'virtual': {'user_x': 2681.5814171702873, 'user_y': 6637.424554549606, 'user_direction': 1.7664808674595809}, 'user_v': 7.999999999999999, 'user_w': 0, 'delta_t': 0.02, 'need_reset': False}
Tangent angle: 5.660903568356657, User angle: 1.5362701506943386, Offset angle: 0.4302187539280135
Target angle: 6.09112232228467, distance: 435.8382703769788, angle diff: 1.7283331355892546, rotation direction: -1
Basic rotation angle: 1.693121693121693, rotation gain: 9.786243325724739e-05
Rotation gain: 1.24, direction: -1, curvature radius: 7.5
{'type': 'running', 'physical': {'user_x': 210.70596769778106, 'user_y': 885.8565753490931, 'user_direction': 1.5151061295303174}, 'virtual': {'user_x': 2680.0259127180097, 'user_y': 6645.271872938645, 'user_direction': 1.7664808674595787}, 'user_v': 7.999999999999999, 'user_w': 0, 'delta_t': 0.02, 'need_reset': False}
Tangent angle: 5.649811541338, User angle: 1.5151061295303174, Offset angle: 0.42695494007881535
Target angle: 6.076766481416815, distance: 439.6178172645335, angle diff: 1.7215249552930887, rotation direction: -1
Basic rotation angle: 1.693121693121693, rotation gain: 9.309780136825662e-05
Rotation gain: 1.24, direction: -1, curvature radius: 7.5
{'type': 'running', 'physical': {'user_x': 211.19345076627448, 'user_y': 892.1870399073016, 'user_direction': 1.4939421083662963}, 'virtual': {'user_x': 2678.470408265732, 'user_y': 6653.119191327684, 'user_direction': 1.766480867459575}, 'user_v': 7.999999999999999, 'user_w': 0, 'delta_t': 0.02, 'need_reset': False}
Tangent angle: 5.638726667602077, User angle: 1.4939421083662963, Offset angle: 0.4237920413261074
Target angle: 6.0625187089281845, distance: 443.332605406853, angle diff: 1.7146087066176978, rotation direction: -1
Basic rotation angle: 1.693121693121693, rotation gain: 9.22151378710793e-05
Rotation gain: 1.24, direction: -1, curvature radius: 7.5
{'type': 'running', 'physical': {'user_x': 211.8147927474559, 'user_y': 898.5057704291092, 'user_direction': 1.472778087202275}, 'virtual': {'user_x': 2676.914903813455, 'user_y': 6660.9665097167235, 'user_direction': 1.7664808674595696}, 'user_v': 7.999999999999999, 'user_w': 0, 'delta_t': 0.02, 'need_reset': False}
Tangent angle: 5.627648687653871, User angle: 1.472778087202275, Offset angle: 0.4207269093802194
Target angle: 6.048375597034091, distance: 446.9826060476814, angle diff: 1.7075877973477702, rotation direction: -1
Basic rotation angle: 1.693121693121693, rotation gain: 8.796182735131496e-05
Rotation gain: 1.24, direction: -1, curvature radius: 7.5
{'type': 'running', 'physical': {'user_x': 212.56971534282795, 'user_y': 904.8099367609725, 'user_direction': 1.451614066038254}, 'virtual': {'user_x': 2675.3593993611776, 'user_y': 6668.813828105762, 'user_direction': 1.7664808674595875}, 'user_v': 7.999999999999999, 'user_w': 0, 'delta_t': 0.02, 'need_reset': False}
Tangent angle: 5.616577352098355, User angle: 1.451614066038254, Offset angle: 0.4177565515452308
Target angle: 6.034333903643586, distance: 450.56777849482916, angle diff: 1.7004654695742545, rotation direction: -1
Basic rotation angle: 1.693121693121693, rotation gain: 8.668331120437235e-05
Rotation gain: 1.24, direction: -1, curvature radius: 7.5
{'type': 'running', 'physical': {'user_x': 213.45788042325992, 'user_y': 911.0967152726352, 'user_direction': 1.4304500448742328}, 'virtual': {'user_x': 2673.997445805176, 'user_y': 6675.684707304713, 'user_direction': 1.7664808674595875}, 'user_v': 0, 'user_w': 0.1, 'delta_t': 0.02, 'need_reset': False}
Tangent angle: 5.605512421103285, User angle: 1.4304500448742328, Offset angle: 0.4148781217071293
Target angle: 6.020390542810414, distance: 454.08807125964216, angle diff: 1.6932448092434047, rotation direction: -1
Basic rotation angle: 0.0, rotation gain: 7.055874197539906e-05
Rotation gain: 1.24, direction: -1, curvature radius: 2500000
{'type': 'end'}
All time:  6.800573825836182 Calc time:  0.3809349536895752 Calc time per frame:  0.00010496967585824612
